✔ checkpoint record: empty paged root round-trips metadata once without raw reads (10.000125ms)
✔ checkpoint record: empty batch root round-trips metadata once without raw reads (2.373917ms)
✔ checkpoint record: multiple normal pages store references rather than repeating large bodies (23.038541ms)
✔ checkpoint record: partial batch resumes only unfinished items and preserves original successes (17.479417ms)
✔ checkpoint record: rejected source calls survive explicit resume and consume the operation call limit (2.770708ms)
✔ checkpoint record: a crashed intent becomes one unknown call and is never silently replayed (2.808333ms)
✔ checkpoint record: complete orphan resume performs no new page read or call (1.39075ms)
✔ checkpoint record: explicit stop changes only stop metadata and appends its exact base reference (1.220583ms)
✔ checkpoint record: unchanged fields and inherited dependencies cannot be dropped from an intent (2.776958ms)
✔ checkpoint record: start rejects retained history, source artifacts, and non-root identity (0.395417ms)
✔ checkpoint record: intent, settlement, and resume reject invalid request identity or time transitions (1.683208ms)
✔ checkpoint record: wrong logical digest, wrong base, extra keys, and failed source reads are rejected (2.015167ms)
✔ checkpoint record: accepted encode defers new raw body, source-ref, and dependency authentication to decode (3.22275ms)
✔ checkpoint record: conflicting artifact metadata and dropped inherited references are never encoded (0.852666ms)
✔ checkpoint record: logical checkpoint and referenced response byte limits are enforced before source I/O (0.52925ms)
✔ checkpoint record: record schema rejects more than 16 MiB of otherwise bounded root metadata (61.749667ms)
✔ checkpoint store: real v2 start/intent/settle records load the logical v1 result and preserve original bytes (167.40075ms)
✔ checkpoint store: a legacy snapshot can anchor a v2 orphan resume without reissuing any raw page request (236.295458ms)
✔ checkpoint store: missing base is detected through the actual file adapter (149.479709ms)
✔ checkpoint store: tampered base is detected through the actual file adapter (176.159542ms)
✔ checkpoint store: missing raw is detected through the actual file adapter (212.399084ms)
✔ checkpoint store: tampered raw is detected through the actual file adapter (153.6705ms)
✔ checkpoint store: a base reference with tenant cannot use an otherwise readable head (256.17275ms)
✔ checkpoint store: a base reference with labels cannot use an otherwise readable head (285.669208ms)
✔ checkpoint store: a base reference with missing-index cannot use an otherwise readable head (192.83475ms)
✔ checkpoint store: a valid artifact hash cannot authenticate a forged logical digest (251.565583ms)
✔ checkpoint store: returned byte/page/checkpoint mutations cannot poison a reader cache (154.566083ms)
✔ checkpoint store: shared materialization rechecks every original and a new file instance decodes cold (193.573292ms)
✔ checkpoint store: shared materialization cannot hide a revoked or unindexed original (177.58875ms)
✔ checkpoint store: shared materialization evicts at 64-heads (2853.110833ms)
✔ checkpoint store: shared materialization evicts at 16-MiB-logical-bytes (392.616667ms)
✔ checkpoint store: an in-flight head mutation cannot seed a different artifact materialization (139.818333ms)
✔ checkpoint store: caller ref mutation cannot redirect cached-reference revalidation (173.955833ms)
✔ checkpoint store: policy snapshots and exact index entries cannot be widened or aliased by callers (175.993958ms)
✔ checkpoint store: cached originals require real exists checks and new readers cannot inherit a deleted source (137.1925ms)
✔ checkpoint store: raw source cache stays within 16 MiB and evicted sources are fetched again (358.9595ms)
✔ checkpoint store: cycles and oversized records are rejected before decoding any logical history (0.818208ms)
✔ checkpoint store: a record chain stops at 10000 records before requesting the next dependency (186.446833ms)
✔ checkpoint store: a record chain stops at 64 MiB without caching the entire traversal (35.317583ms)
✔ checkpoint store: a materialized base retains its chain byte cost for the next event (58.046375ms)
✔ checkpoint store sqlite: a legacy committed root resumes through v2 records into an authenticated public result (478.93525ms)
✔ checkpoint store file-journal: a legacy committed root resumes through v2 records into an authenticated public result (1524.298625ms)
✔ read checkpoint sqlite: a complete checkpoint survives outer-result loss and resumes without another fetch (572.702958ms)
✔ read checkpoint sqlite: projection preserves original evidence and charges only the successor's raw response (812.795541ms)
✔ read checkpoint sqlite: missing proof and altered payload are denied while ordinary failures remain valid (841.378708ms)
✔ read checkpoint sqlite: an indexed forged merged page cannot replace its accepted raw response (924.961583ms)
✔ read checkpoint sqlite: an unchanged original body cannot authorize a changed request identity (760.595083ms)
✔ read checkpoint sqlite: losing raw-response blocks result history and copied history (923.419291ms)
✔ read checkpoint sqlite: losing source-artifact blocks result history and copied history (884.053209ms)
✔ read checkpoint sqlite: severing the parent's exclusive successor claim rejects the child (682.199833ms)
✔ read checkpoint file-journal: a complete checkpoint survives outer-result loss and resumes without another fetch (2166.534917ms)
✔ read checkpoint file-journal: projection preserves original evidence and charges only the successor's raw response (2617.648708ms)
✔ read checkpoint file-journal: missing proof and altered payload are denied while ordinary failures remain valid (1925.4435ms)
✔ read checkpoint file-journal: an indexed forged merged page cannot replace its accepted raw response (1836.85725ms)
✔ read checkpoint file-journal: an unchanged original body cannot authorize a changed request identity (1408.402833ms)
✔ read checkpoint file-journal: losing raw-response blocks result history and copied history (1225.593666ms)
✔ read checkpoint file-journal: losing source-artifact blocks result history and copied history (1189.7415ms)
✔ read checkpoint file-journal: severing the parent's exclusive successor claim rejects the child (1021.347708ms)
✔ read collection context: only visible current goal and scope tips survive; complete unadopted tips remain resumable (4.186875ms)
✔ read collection context: the common packet removes denied head metadata from both execution and resume projections (4.620917ms)
✔ read collection context sqlite: five compactions and reopen retain partial resume metadata without page bodies (532.502667ms)
✔ read collection context sqlite: five compactions and reopen retain complete orphan resume metadata without page bodies (547.28225ms)
✔ read collection context file-journal: five compactions and reopen retain partial resume metadata without page bodies (3275.382875ms)
✔ read collection context file-journal: five compactions and reopen retain complete orphan resume metadata without page bodies (2770.241792ms)
✔ read collection context sqlite: lost derived frame regenerates while lost original raw response blocks context and recovery (337.181708ms)
✔ read collection context file-journal: lost derived frame regenerates while lost original raw response blocks context and recovery (711.802209ms)
✔ read collection context sqlite: source gate rejects omitted, altered, and canonically inconsistent resume metadata (186.662833ms)
✔ read collection context file-journal: source gate rejects omitted, altered, and canonically inconsistent resume metadata (529.432875ms)
✔ read collection context sqlite: resume metadata is mandatory input and cannot be evicted to satisfy a smaller byte budget (178.312417ms)
✔ read collection context file-journal: resume metadata is mandatory input and cannot be evicted to satisfy a smaller byte budget (433.18125ms)
✔ read collection context sqlite: source lifecycle change during checkpoint read prevents staged frame publication (169.221917ms)
✔ read collection context file-journal: source lifecycle change during checkpoint read prevents staged frame publication (377.734792ms)
✔ read collection context sqlite: contract change during derived resume put is checked before return (225.926417ms)
✔ read collection context sqlite: original change during derived resume put is checked before return (210.168084ms)
✔ read collection context file-journal: contract change during derived resume put is checked before return (411.678916ms)
✔ read collection context file-journal: original change during derived resume put is checked before return (417.004084ms)
✔ read collection context sqlite: completed adopted output retains original proof requirements after leaving the resume list (219.076875ms)
✔ read collection context file-journal: completed adopted output retains original proof requirements after leaving the resume list (689.891584ms)
✔ read collection context sqlite: raw loss during frame staging suppresses completed adopted copies (173.524459ms)
✔ read collection context file-journal: raw loss during frame staging suppresses completed adopted copies (527.652333ms)
✔ durable collections sqlite: a process crash after intent becomes an unknown call on explicit resume (697.226667ms)
✔ durable collections sqlite: a batch retries only unfinished manifest items after reopening (711.650584ms)
✔ durable collections sqlite: source failures consume the persisted call budget across explicit retries (1039.1915ms)
✔ durable collections sqlite: a source that answers after cancellation cannot commit its late page (327.644916ms)
✔ durable collections sqlite: policy revocation while the source waits suppresses the response (307.180791ms)
✔ durable collections file-journal: a process crash after intent becomes an unknown call on explicit resume (3527.645458ms)
✔ durable collections file-journal: a batch retries only unfinished manifest items after reopening (2633.877459ms)
✔ durable collections file-journal: source failures consume the persisted call budget across explicit retries (3267.18175ms)
✔ durable collections file-journal: a source that answers after cancellation cannot commit its late page (424.233208ms)
✔ durable collections file-journal: policy revocation while the source waits suppresses the response (287.457917ms)
✔ durable collections: query cannot resume a checkpoint under a changed contract (227.671ms)
✔ durable collections: fresh cannot resume a checkpoint under a changed contract (180.248792ms)
✔ durable collections: same-task-id cannot resume a checkpoint under a changed contract (173.994792ms)
✔ durable collections: policy cannot resume a checkpoint under a changed contract (216.007542ms)
✔ durable collections: goal cannot resume a checkpoint under a changed contract (216.519875ms)
✔ durable collections: generation cannot resume a checkpoint under a changed contract (201.807042ms)
✔ durable collections sqlite documents-simple: complete pages advance automatically and survive reopening (324.405084ms)
✔ durable collections sqlite documents-simple: partial stops until a new task explicitly resumes after reopening (481.673084ms)
✔ durable collections sqlite observations-simple: complete pages advance automatically and survive reopening (323.809ms)
✔ durable collections sqlite observations-simple: partial stops until a new task explicitly resumes after reopening (532.453083ms)
✔ durable collections file-journal documents-simple: complete pages advance automatically and survive reopening (773.401625ms)
✔ durable collections file-journal documents-simple: partial stops until a new task explicitly resumes after reopening (1350.402792ms)
✔ durable collections file-journal observations-simple: complete pages advance automatically and survive reopening (683.51875ms)
✔ durable collections file-journal observations-simple: partial stops until a new task explicitly resumes after reopening (1196.422666ms)
✔ sqlite: text originals use one verified body read and no cross-call availability cache (195.950542ms)
ℹ {"adapter":"sqlite","operation":"original","name":"original","elapsedMs":0.7919169999999838,"artifactApi":{"get":{"calls":1,"requestedBodyBytes":1733,"returnedBodyBytes":1733,"failures":0},"exists":{"calls":0,"referencedBodyBytes":0,"available":0,"unavailable":0},"put":{"calls":0,"inputBodyBytes":0,"returnedReferenceBodyBytes":0,"failures":0}},"stateApi":{"get":3,"receipt":0,"commit":0,"events":0,"deliveries":0,"workIdsForConversation":0,"runnable":0,"close":0},"physical":{"getCalls":1,"existsCalls":0,"putCalls":0,"metadataReadOperations":1,"metadataReadBytes":237,"bodyReadOperations":1,"bodyReadBytes":1733,"hashCalls":1,"hashBytes":1733,"fileWrites":0,"metadataWriteBytes":0,"bodyWriteBytes":0,"readFailures":0,"verificationFailures":0,"deniedReads":0,"writeFailures":0}}
✔ sqlite: one result materialization deduplicates repeated originals and preserves a final real verification (220.51575ms)
ℹ {"adapter":"sqlite","operation":"result","name":"result","elapsedMs":2.002042000000017,"artifactApi":{"get":{"calls":2,"requestedBodyBytes":6315,"returnedBodyBytes":6315,"failures":0},"exists":{"calls":1,"referencedBodyBytes":1733,"available":1,"unavailable":0},"put":{"calls":0,"inputBodyBytes":0,"returnedReferenceBodyBytes":0,"failures":0}},"stateApi":{"get":6,"receipt":1,"commit":0,"events":0,"deliveries":0,"workIdsForConversation":0,"runnable":0,"close":0},"physical":{"getCalls":2,"existsCalls":1,"putCalls":0,"metadataReadOperations":3,"metadataReadBytes":717,"bodyReadOperations":3,"bodyReadBytes":8048,"hashCalls":3,"hashBytes":8048,"fileWrites":0,"metadataWriteBytes":0,"bodyWriteBytes":0,"readFailures":0,"verificationFailures":0,"deniedReads":0,"writeFailures":0}}
✔ sqlite: a two-copy chain decodes and reads each dispatch once per materialization (423.790208ms)
ℹ {"adapter":"sqlite","operation":"copy-chain","name":"copy-chain","elapsedMs":2.908749999999941,"artifactApi":{"get":{"calls":4,"requestedBodyBytes":16962,"returnedBodyBytes":16962,"failures":0},"exists":{"calls":1,"referencedBodyBytes":1733,"available":1,"unavailable":0},"put":{"calls":0,"inputBodyBytes":0,"returnedReferenceBodyBytes":0,"failures":0}},"stateApi":{"get":6,"receipt":3,"commit":0,"events":0,"deliveries":0,"workIdsForConversation":0,"runnable":0,"close":0},"physical":{"getCalls":4,"existsCalls":1,"putCalls":0,"metadataReadOperations":5,"metadataReadBytes":1203,"bodyReadOperations":5,"bodyReadBytes":18695,"hashCalls":5,"hashBytes":18695,"fileWrites":0,"metadataWriteBytes":0,"bodyWriteBytes":0,"readFailures":0,"verificationFailures":0,"deniedReads":0,"writeFailures":0}}
✔ sqlite: context uses verified copy materialization without rereading its dispatch pair (442.10925ms)
ℹ {"adapter":"sqlite","operation":"context","name":"context","elapsedMs":65.54141699999991,"artifactApi":{"get":{"calls":9,"requestedBodyBytes":70567,"returnedBodyBytes":70567,"failures":0},"exists":{"calls":6,"referencedBodyBytes":20428,"available":6,"unavailable":0},"put":{"calls":1,"inputBodyBytes":37632,"returnedReferenceBodyBytes":37632,"failures":0}},"stateApi":{"get":24,"receipt":6,"commit":0,"events":1,"deliveries":0,"workIdsForConversation":0,"runnable":0,"close":0},"physical":{"getCalls":9,"existsCalls":7,"putCalls":1,"metadataReadOperations":15,"metadataReadBytes":3616,"bodyReadOperations":15,"bodyReadBytes":90995,"hashCalls":17,"hashBytes":128778,"fileWrites":2,"metadataWriteBytes":244,"bodyWriteBytes":37632,"readFailures":1,"verificationFailures":1,"deniedReads":0,"writeFailures":0}}
✔ sqlite: adapter argument mutation and returned metadata cannot change private reference snapshots (397.850834ms)
✔ sqlite: cached original is rejected if deleted during a later state read (240.118625ms)
✔ sqlite: cached original is rejected if corrupted during a later state read (231.154833ms)
✔ sqlite: context rechecks metadata-reused originals after its staging await (394.176458ms)
✔ sqlite: final cached-source check retains contract authority handling (259.930958ms)
✔ sqlite: final cached-source check retains policy authority handling (239.346208ms)
✔ sqlite: final cached-source check retains unrelated authority handling (201.561792ms)
✔ file-journal: text originals use one verified body read and no cross-call availability cache (817.674583ms)
ℹ {"adapter":"file-journal","operation":"original","name":"original","elapsedMs":41.98808300000019,"artifactApi":{"get":{"calls":1,"requestedBodyBytes":1733,"returnedBodyBytes":1733,"failures":0},"exists":{"calls":0,"referencedBodyBytes":0,"available":0,"unavailable":0},"put":{"calls":0,"inputBodyBytes":0,"returnedReferenceBodyBytes":0,"failures":0}},"stateApi":{"get":3,"receipt":0,"commit":0,"events":0,"deliveries":0,"workIdsForConversation":0,"runnable":0,"close":0},"physical":{"getCalls":1,"existsCalls":0,"putCalls":0,"metadataReadOperations":1,"metadataReadBytes":237,"bodyReadOperations":1,"bodyReadBytes":1733,"hashCalls":1,"hashBytes":1733,"fileWrites":0,"metadataWriteBytes":0,"bodyWriteBytes":0,"readFailures":0,"verificationFailures":0,"deniedReads":0,"writeFailures":0}}
✔ file-journal: one result materialization deduplicates repeated originals and preserves a final real verification (858.572791ms)
ℹ {"adapter":"file-journal","operation":"result","name":"result","elapsedMs":106.44954099999995,"artifactApi":{"get":{"calls":2,"requestedBodyBytes":6315,"returnedBodyBytes":6315,"failures":0},"exists":{"calls":1,"referencedBodyBytes":1733,"available":1,"unavailable":0},"put":{"calls":0,"inputBodyBytes":0,"returnedReferenceBodyBytes":0,"failures":0}},"stateApi":{"get":6,"receipt":1,"commit":0,"events":0,"deliveries":0,"workIdsForConversation":0,"runnable":0,"close":0},"physical":{"getCalls":2,"existsCalls":1,"putCalls":0,"metadataReadOperations":3,"metadataReadBytes":717,"bodyReadOperations":3,"bodyReadBytes":8048,"hashCalls":3,"hashBytes":8048,"fileWrites":0,"metadataWriteBytes":0,"bodyWriteBytes":0,"readFailures":0,"verificationFailures":0,"deniedReads":0,"writeFailures":0}}
✔ file-journal: a two-copy chain decodes and reads each dispatch once per materialization (1958.735125ms)
ℹ {"adapter":"file-journal","operation":"copy-chain","name":"copy-chain","elapsedMs":73.39191600000049,"artifactApi":{"get":{"calls":4,"requestedBodyBytes":16962,"returnedBodyBytes":16962,"failures":0},"exists":{"calls":1,"referencedBodyBytes":1733,"available":1,"unavailable":0},"put":{"calls":0,"inputBodyBytes":0,"returnedReferenceBodyBytes":0,"failures":0}},"stateApi":{"get":6,"receipt":3,"commit":0,"events":0,"deliveries":0,"workIdsForConversation":0,"runnable":0,"close":0},"physical":{"getCalls":4,"existsCalls":1,"putCalls":0,"metadataReadOperations":5,"metadataReadBytes":1203,"bodyReadOperations":5,"bodyReadBytes":18695,"hashCalls":5,"hashBytes":18695,"fileWrites":0,"metadataWriteBytes":0,"bodyWriteBytes":0,"readFailures":0,"verificationFailures":0,"deniedReads":0,"writeFailures":0}}
✔ file-journal: context uses verified copy materialization without rereading its dispatch pair (1564.139958ms)
ℹ {"adapter":"file-journal","operation":"context","name":"context","elapsedMs":274.4163329999992,"artifactApi":{"get":{"calls":9,"requestedBodyBytes":70567,"returnedBodyBytes":70567,"failures":0},"exists":{"calls":6,"referencedBodyBytes":20428,"available":6,"unavailable":0},"put":{"calls":1,"inputBodyBytes":37632,"returnedReferenceBodyBytes":37632,"failures":0}},"stateApi":{"get":24,"receipt":6,"commit":0,"events":1,"deliveries":0,"workIdsForConversation":0,"runnable":0,"close":0},"physical":{"getCalls":9,"existsCalls":7,"putCalls":1,"metadataReadOperations":15,"metadataReadBytes":3616,"bodyReadOperations":15,"bodyReadBytes":90995,"hashCalls":17,"hashBytes":128778,"fileWrites":2,"metadataWriteBytes":244,"bodyWriteBytes":37632,"readFailures":1,"verificationFailures":1,"deniedReads":0,"writeFailures":0}}
✔ file-journal: adapter argument mutation and returned metadata cannot change private reference snapshots (984.859958ms)
✔ file-journal: cached original is rejected if deleted during a later state read (488.767333ms)
✔ file-journal: cached original is rejected if corrupted during a later state read (514.82525ms)
✔ file-journal: context rechecks metadata-reused originals after its staging await (684.986792ms)
✔ file-journal: final cached-source check retains contract authority handling (436.553833ms)
✔ file-journal: final cached-source check retains policy authority handling (356.160208ms)
✔ file-journal: final cached-source check retains unrelated authority handling (280.802875ms)
ℹ tests 126
ℹ suites 0
ℹ pass 126
ℹ fail 0
ℹ cancelled 0
ℹ skipped 0
ℹ todo 0
ℹ duration_ms 20228.066667
