✔ checkpoint record: empty paged root round-trips metadata once without raw reads (6.395542ms)
✔ checkpoint record: empty batch root round-trips metadata once without raw reads (0.987167ms)
✔ checkpoint record: multiple normal pages store references rather than repeating large bodies (9.108ms)
✔ checkpoint record: partial batch resumes only unfinished items and preserves original successes (6.807541ms)
✔ checkpoint record: rejected source calls survive explicit resume and consume the operation call limit (1.328208ms)
✔ checkpoint record: a crashed intent becomes one unknown call and is never silently replayed (1.642375ms)
✔ checkpoint record: complete orphan resume performs no new page read or call (1.078333ms)
✔ checkpoint record: explicit stop changes only stop metadata and appends its exact base reference (0.665875ms)
✔ checkpoint record: unchanged fields and inherited dependencies cannot be dropped from an intent (5.89225ms)
✔ checkpoint record: start rejects retained history, source artifacts, and non-root identity (0.398542ms)
✔ checkpoint record: intent, settlement, and resume reject invalid request identity or time transitions (1.668417ms)
✔ checkpoint record: wrong logical digest, wrong base, extra keys, and failed source reads are rejected (2.6195ms)
✔ checkpoint record: accepted encode defers new raw body, source-ref, and dependency authentication to decode (4.51875ms)
✔ checkpoint record: conflicting artifact metadata and dropped inherited references are never encoded (0.680791ms)
✔ checkpoint record: logical checkpoint and referenced response byte limits are enforced before source I/O (0.479958ms)
✔ checkpoint record: record schema rejects more than 16 MiB of otherwise bounded root metadata (56.638542ms)
✔ checkpoint store: real v2 start/intent/settle records load the logical v1 result and preserve original bytes (157.595292ms)
✔ checkpoint store: a legacy snapshot can anchor a v2 orphan resume without reissuing any raw page request (261.38725ms)
✔ checkpoint store: missing base is detected through the actual file adapter (167.312375ms)
✔ checkpoint store: tampered base is detected through the actual file adapter (167.04425ms)
✔ checkpoint store: missing raw is detected through the actual file adapter (201.125083ms)
✔ checkpoint store: tampered raw is detected through the actual file adapter (186.447084ms)
✔ checkpoint store: a base reference with tenant cannot use an otherwise readable head (242.963959ms)
✔ checkpoint store: a base reference with labels cannot use an otherwise readable head (247.643583ms)
✔ checkpoint store: a base reference with missing-index cannot use an otherwise readable head (186.226625ms)
✔ checkpoint store: a valid artifact hash cannot authenticate a forged logical digest (217.739792ms)
✔ checkpoint store: returned byte/page/checkpoint mutations cannot poison a reader cache (165.332ms)
✔ checkpoint store: caller ref mutation cannot redirect cached-reference revalidation (158.171459ms)
✔ checkpoint store: policy snapshots and exact index entries cannot be widened or aliased by callers (201.667042ms)
✔ checkpoint store: cached originals require real exists checks and new readers cannot inherit a deleted source (175.7425ms)
✔ checkpoint store: raw source cache stays within 16 MiB and evicted sources are fetched again (393.008209ms)
✔ checkpoint store: cycles and oversized records are rejected before decoding any logical history (0.872583ms)
✔ checkpoint store: a record chain stops at 10000 records before requesting the next dependency (182.204916ms)
✔ checkpoint store: a record chain stops at 64 MiB without caching the entire traversal (32.6825ms)
✔ checkpoint store sqlite: a legacy committed root resumes through v2 records into an authenticated public result (444.121291ms)
✔ checkpoint store file-journal: a legacy committed root resumes through v2 records into an authenticated public result (2318.922584ms)
✔ read checkpoint sqlite: a complete checkpoint survives outer-result loss and resumes without another fetch (587.023083ms)
✔ read checkpoint sqlite: projection preserves original evidence and charges only the successor's raw response (831.577625ms)
✔ read checkpoint sqlite: missing proof and altered payload are denied while ordinary failures remain valid (882.368375ms)
✔ read checkpoint sqlite: an indexed forged merged page cannot replace its accepted raw response (814.054791ms)
✔ read checkpoint sqlite: an unchanged original body cannot authorize a changed request identity (650.872417ms)
✔ read checkpoint sqlite: losing raw-response blocks result history and copied history (755.09025ms)
✔ read checkpoint sqlite: losing source-artifact blocks result history and copied history (793.254834ms)
✔ read checkpoint sqlite: severing the parent's exclusive successor claim rejects the child (596.886209ms)
✔ read checkpoint file-journal: a complete checkpoint survives outer-result loss and resumes without another fetch (1747.966083ms)
✔ read checkpoint file-journal: projection preserves original evidence and charges only the successor's raw response (2604.142166ms)
✔ read checkpoint file-journal: missing proof and altered payload are denied while ordinary failures remain valid (1771.457542ms)
✔ read checkpoint file-journal: an indexed forged merged page cannot replace its accepted raw response (1742.491334ms)
✔ read checkpoint file-journal: an unchanged original body cannot authorize a changed request identity (1324.856834ms)
✔ read checkpoint file-journal: losing raw-response blocks result history and copied history (1247.593833ms)
✔ read checkpoint file-journal: losing source-artifact blocks result history and copied history (1162.475208ms)
✔ read checkpoint file-journal: severing the parent's exclusive successor claim rejects the child (1027.487708ms)
✔ read collection context: only visible current goal and scope tips survive; complete unadopted tips remain resumable (3.064625ms)
✔ read collection context: the common packet removes denied head metadata from both execution and resume projections (2.689792ms)
✔ read collection context sqlite: five compactions and reopen retain partial resume metadata without page bodies (578.6105ms)
✔ read collection context sqlite: five compactions and reopen retain complete orphan resume metadata without page bodies (559.246917ms)
✔ read collection context file-journal: five compactions and reopen retain partial resume metadata without page bodies (2926.610917ms)
✔ read collection context file-journal: five compactions and reopen retain complete orphan resume metadata without page bodies (2119.172792ms)
✔ read collection context sqlite: lost derived frame regenerates while lost original raw response blocks context and recovery (321.629958ms)
✔ read collection context file-journal: lost derived frame regenerates while lost original raw response blocks context and recovery (617.818666ms)
✔ read collection context sqlite: source gate rejects omitted, altered, and canonically inconsistent resume metadata (160.944ms)
✔ read collection context file-journal: source gate rejects omitted, altered, and canonically inconsistent resume metadata (502.585375ms)
✔ read collection context sqlite: resume metadata is mandatory input and cannot be evicted to satisfy a smaller byte budget (148.587ms)
✔ read collection context file-journal: resume metadata is mandatory input and cannot be evicted to satisfy a smaller byte budget (415.818125ms)
✔ read collection context sqlite: source lifecycle change during checkpoint read prevents staged frame publication (186.743666ms)
✔ read collection context file-journal: source lifecycle change during checkpoint read prevents staged frame publication (316.6455ms)
✔ read collection context sqlite: contract change during derived resume put is checked before return (275.193708ms)
✔ read collection context sqlite: original change during derived resume put is checked before return (256.797416ms)
✔ read collection context file-journal: contract change during derived resume put is checked before return (391.341167ms)
✔ read collection context file-journal: original change during derived resume put is checked before return (400.334875ms)
✔ read collection context sqlite: completed adopted output retains original proof requirements after leaving the resume list (253.322458ms)
✔ read collection context file-journal: completed adopted output retains original proof requirements after leaving the resume list (671.894167ms)
✔ read collection context sqlite: raw loss during frame staging suppresses completed adopted copies (175.113042ms)
✔ read collection context file-journal: raw loss during frame staging suppresses completed adopted copies (515.819792ms)
✔ durable collections sqlite: a process crash after intent becomes an unknown call on explicit resume (676.679625ms)
✔ durable collections sqlite: a batch retries only unfinished manifest items after reopening (830.652583ms)
✔ durable collections sqlite: source failures consume the persisted call budget across explicit retries (969.751334ms)
✔ durable collections sqlite: a source that answers after cancellation cannot commit its late page (285.310334ms)
✔ durable collections sqlite: policy revocation while the source waits suppresses the response (232.682042ms)
✔ durable collections file-journal: a process crash after intent becomes an unknown call on explicit resume (2851.921375ms)
✔ durable collections file-journal: a batch retries only unfinished manifest items after reopening (2324.146333ms)
✔ durable collections file-journal: source failures consume the persisted call budget across explicit retries (3239.135917ms)
✔ durable collections file-journal: a source that answers after cancellation cannot commit its late page (401.211542ms)
✔ durable collections file-journal: policy revocation while the source waits suppresses the response (259.285375ms)
✔ durable collections: query cannot resume a checkpoint under a changed contract (228.903792ms)
✔ durable collections: fresh cannot resume a checkpoint under a changed contract (169.46775ms)
✔ durable collections: same-task-id cannot resume a checkpoint under a changed contract (170.120708ms)
✔ durable collections: policy cannot resume a checkpoint under a changed contract (212.511792ms)
✔ durable collections: goal cannot resume a checkpoint under a changed contract (211.743ms)
✔ durable collections: generation cannot resume a checkpoint under a changed contract (212.106708ms)
✔ durable collections sqlite documents-simple: complete pages advance automatically and survive reopening (280.012167ms)
✔ durable collections sqlite documents-simple: partial stops until a new task explicitly resumes after reopening (520.936708ms)
✔ durable collections sqlite observations-simple: complete pages advance automatically and survive reopening (302.788834ms)
✔ durable collections sqlite observations-simple: partial stops until a new task explicitly resumes after reopening (469.846625ms)
✔ durable collections file-journal documents-simple: complete pages advance automatically and survive reopening (801.450167ms)
✔ durable collections file-journal documents-simple: partial stops until a new task explicitly resumes after reopening (1384.324125ms)
✔ durable collections file-journal observations-simple: complete pages advance automatically and survive reopening (693.357625ms)
✔ durable collections file-journal observations-simple: partial stops until a new task explicitly resumes after reopening (1165.729667ms)
✔ sqlite: text originals use one verified body read and no cross-call availability cache (162.980875ms)
ℹ {"adapter":"sqlite","operation":"original","name":"original","elapsedMs":0.6855830000000083,"artifactApi":{"get":{"calls":1,"requestedBodyBytes":1733,"returnedBodyBytes":1733,"failures":0},"exists":{"calls":0,"referencedBodyBytes":0,"available":0,"unavailable":0},"put":{"calls":0,"inputBodyBytes":0,"returnedReferenceBodyBytes":0,"failures":0}},"stateApi":{"get":3,"receipt":0,"commit":0,"events":0,"deliveries":0,"workIdsForConversation":0,"runnable":0,"close":0},"physical":{"getCalls":1,"existsCalls":0,"putCalls":0,"metadataReadOperations":1,"metadataReadBytes":237,"bodyReadOperations":1,"bodyReadBytes":1733,"hashCalls":1,"hashBytes":1733,"fileWrites":0,"metadataWriteBytes":0,"bodyWriteBytes":0,"readFailures":0,"verificationFailures":0,"deniedReads":0,"writeFailures":0}}
✔ sqlite: one result materialization deduplicates repeated originals and preserves a final real verification (224.234333ms)
ℹ {"adapter":"sqlite","operation":"result","name":"result","elapsedMs":2.299416000000008,"artifactApi":{"get":{"calls":2,"requestedBodyBytes":6315,"returnedBodyBytes":6315,"failures":0},"exists":{"calls":1,"referencedBodyBytes":1733,"available":1,"unavailable":0},"put":{"calls":0,"inputBodyBytes":0,"returnedReferenceBodyBytes":0,"failures":0}},"stateApi":{"get":6,"receipt":1,"commit":0,"events":0,"deliveries":0,"workIdsForConversation":0,"runnable":0,"close":0},"physical":{"getCalls":2,"existsCalls":1,"putCalls":0,"metadataReadOperations":3,"metadataReadBytes":717,"bodyReadOperations":3,"bodyReadBytes":8048,"hashCalls":3,"hashBytes":8048,"fileWrites":0,"metadataWriteBytes":0,"bodyWriteBytes":0,"readFailures":0,"verificationFailures":0,"deniedReads":0,"writeFailures":0}}
✔ sqlite: a two-copy chain decodes and reads each dispatch once per materialization (413.066042ms)
ℹ {"adapter":"sqlite","operation":"copy-chain","name":"copy-chain","elapsedMs":4.432209000000057,"artifactApi":{"get":{"calls":4,"requestedBodyBytes":16962,"returnedBodyBytes":16962,"failures":0},"exists":{"calls":1,"referencedBodyBytes":1733,"available":1,"unavailable":0},"put":{"calls":0,"inputBodyBytes":0,"returnedReferenceBodyBytes":0,"failures":0}},"stateApi":{"get":6,"receipt":3,"commit":0,"events":0,"deliveries":0,"workIdsForConversation":0,"runnable":0,"close":0},"physical":{"getCalls":4,"existsCalls":1,"putCalls":0,"metadataReadOperations":5,"metadataReadBytes":1203,"bodyReadOperations":5,"bodyReadBytes":18695,"hashCalls":5,"hashBytes":18695,"fileWrites":0,"metadataWriteBytes":0,"bodyWriteBytes":0,"readFailures":0,"verificationFailures":0,"deniedReads":0,"writeFailures":0}}
✔ sqlite: context uses verified copy materialization without rereading its dispatch pair (489.114334ms)
ℹ {"adapter":"sqlite","operation":"context","name":"context","elapsedMs":52.44620899999995,"artifactApi":{"get":{"calls":9,"requestedBodyBytes":70567,"returnedBodyBytes":70567,"failures":0},"exists":{"calls":6,"referencedBodyBytes":20428,"available":6,"unavailable":0},"put":{"calls":1,"inputBodyBytes":37632,"returnedReferenceBodyBytes":37632,"failures":0}},"stateApi":{"get":24,"receipt":6,"commit":0,"events":1,"deliveries":0,"workIdsForConversation":0,"runnable":0,"close":0},"physical":{"getCalls":9,"existsCalls":7,"putCalls":1,"metadataReadOperations":15,"metadataReadBytes":3616,"bodyReadOperations":15,"bodyReadBytes":90995,"hashCalls":17,"hashBytes":128778,"fileWrites":2,"metadataWriteBytes":244,"bodyWriteBytes":37632,"readFailures":1,"verificationFailures":1,"deniedReads":0,"writeFailures":0}}
✔ sqlite: adapter argument mutation and returned metadata cannot change private reference snapshots (376.87ms)
✔ sqlite: cached original is rejected if deleted during a later state read (250.814ms)
✔ sqlite: cached original is rejected if corrupted during a later state read (229.041291ms)
✔ sqlite: context rechecks metadata-reused originals after its staging await (339.767208ms)
✔ sqlite: final cached-source check retains contract authority handling (244.2835ms)
✔ sqlite: final cached-source check retains policy authority handling (177.732292ms)
✔ sqlite: final cached-source check retains unrelated authority handling (181.9525ms)
✔ file-journal: text originals use one verified body read and no cross-call availability cache (606.724167ms)
ℹ {"adapter":"file-journal","operation":"original","name":"original","elapsedMs":32.103458000000046,"artifactApi":{"get":{"calls":1,"requestedBodyBytes":1733,"returnedBodyBytes":1733,"failures":0},"exists":{"calls":0,"referencedBodyBytes":0,"available":0,"unavailable":0},"put":{"calls":0,"inputBodyBytes":0,"returnedReferenceBodyBytes":0,"failures":0}},"stateApi":{"get":3,"receipt":0,"commit":0,"events":0,"deliveries":0,"workIdsForConversation":0,"runnable":0,"close":0},"physical":{"getCalls":1,"existsCalls":0,"putCalls":0,"metadataReadOperations":1,"metadataReadBytes":237,"bodyReadOperations":1,"bodyReadBytes":1733,"hashCalls":1,"hashBytes":1733,"fileWrites":0,"metadataWriteBytes":0,"bodyWriteBytes":0,"readFailures":0,"verificationFailures":0,"deniedReads":0,"writeFailures":0}}
✔ file-journal: one result materialization deduplicates repeated originals and preserves a final real verification (675.740833ms)
ℹ {"adapter":"file-journal","operation":"result","name":"result","elapsedMs":64.14629200000036,"artifactApi":{"get":{"calls":2,"requestedBodyBytes":6315,"returnedBodyBytes":6315,"failures":0},"exists":{"calls":1,"referencedBodyBytes":1733,"available":1,"unavailable":0},"put":{"calls":0,"inputBodyBytes":0,"returnedReferenceBodyBytes":0,"failures":0}},"stateApi":{"get":6,"receipt":1,"commit":0,"events":0,"deliveries":0,"workIdsForConversation":0,"runnable":0,"close":0},"physical":{"getCalls":2,"existsCalls":1,"putCalls":0,"metadataReadOperations":3,"metadataReadBytes":717,"bodyReadOperations":3,"bodyReadBytes":8048,"hashCalls":3,"hashBytes":8048,"fileWrites":0,"metadataWriteBytes":0,"bodyWriteBytes":0,"readFailures":0,"verificationFailures":0,"deniedReads":0,"writeFailures":0}}
✔ file-journal: a two-copy chain decodes and reads each dispatch once per materialization (1593.216667ms)
ℹ {"adapter":"file-journal","operation":"copy-chain","name":"copy-chain","elapsedMs":85.99037500000031,"artifactApi":{"get":{"calls":4,"requestedBodyBytes":16962,"returnedBodyBytes":16962,"failures":0},"exists":{"calls":1,"referencedBodyBytes":1733,"available":1,"unavailable":0},"put":{"calls":0,"inputBodyBytes":0,"returnedReferenceBodyBytes":0,"failures":0}},"stateApi":{"get":6,"receipt":3,"commit":0,"events":0,"deliveries":0,"workIdsForConversation":0,"runnable":0,"close":0},"physical":{"getCalls":4,"existsCalls":1,"putCalls":0,"metadataReadOperations":5,"metadataReadBytes":1203,"bodyReadOperations":5,"bodyReadBytes":18695,"hashCalls":5,"hashBytes":18695,"fileWrites":0,"metadataWriteBytes":0,"bodyWriteBytes":0,"readFailures":0,"verificationFailures":0,"deniedReads":0,"writeFailures":0}}
✔ file-journal: context uses verified copy materialization without rereading its dispatch pair (1384.334708ms)
ℹ {"adapter":"file-journal","operation":"context","name":"context","elapsedMs":252.371666,"artifactApi":{"get":{"calls":9,"requestedBodyBytes":70567,"returnedBodyBytes":70567,"failures":0},"exists":{"calls":6,"referencedBodyBytes":20428,"available":6,"unavailable":0},"put":{"calls":1,"inputBodyBytes":37632,"returnedReferenceBodyBytes":37632,"failures":0}},"stateApi":{"get":24,"receipt":6,"commit":0,"events":1,"deliveries":0,"workIdsForConversation":0,"runnable":0,"close":0},"physical":{"getCalls":9,"existsCalls":7,"putCalls":1,"metadataReadOperations":15,"metadataReadBytes":3616,"bodyReadOperations":15,"bodyReadBytes":90995,"hashCalls":17,"hashBytes":128778,"fileWrites":2,"metadataWriteBytes":244,"bodyWriteBytes":37632,"readFailures":1,"verificationFailures":1,"deniedReads":0,"writeFailures":0}}
✔ file-journal: adapter argument mutation and returned metadata cannot change private reference snapshots (939.112542ms)
✔ file-journal: cached original is rejected if deleted during a later state read (475.289041ms)
✔ file-journal: cached original is rejected if corrupted during a later state read (560.08025ms)
✔ file-journal: context rechecks metadata-reused originals after its staging await (728.613834ms)
✔ file-journal: final cached-source check retains contract authority handling (449.885333ms)
✔ file-journal: final cached-source check retains policy authority handling (321.039ms)
✔ file-journal: final cached-source check retains unrelated authority handling (243.984333ms)
ℹ tests 120
ℹ suites 0
ℹ pass 120
ℹ fail 0
ℹ cancelled 0
ℹ skipped 0
ℹ todo 0
ℹ duration_ms 18995.985416
