    Checking futures-sink v0.3.34
    Checking futures-core v0.3.34
    Checking futures-io v0.3.34
    Checking slab v0.4.12
    Checking memchr v2.8.3
    Checking windows-link v0.2.1
    Checking futures-task v0.3.34
    Checking pin-project-lite v0.2.17
   Compiling getrandom v0.4.3
    Checking cfg-if v1.0.4
    Checking libloading v0.9.0
   Compiling napi v3.12.2
    Checking bitflags v2.13.1
    Checking rustc-hash v2.1.3
    Checking ctor v1.0.13
    Checking futures-channel v0.3.34
    Checking nohash-hasher v0.2.0
   Compiling secumon-windows-files v0.1.0 (/Users/seunghanee/Documents/secumon/runtime/native/windows-files)
    Checking windows-sys v0.61.2
    Checking napi-sys v3.3.0
    Checking futures-util v0.3.34
    Checking uuid v1.26.0
    Checking futures-executor v0.3.34
    Checking futures v0.3.34
    Finished `dev` profile [unoptimized + debuginfo] target(s) in 2.15s
