    Updating crates.io index
     Locking 11 packages to latest Rust 1.93.1 compatible versions
      Adding bumpalo v3.20.3
      Adding getrandom v0.4.3
      Adding js-sys v0.3.105
      Adding once_cell v1.21.4
      Adding r-efi v6.0.0
      Adding rustversion v1.0.23
      Adding uuid v1.26.0
      Adding wasm-bindgen v0.2.128
      Adding wasm-bindgen-macro v0.2.128
      Adding wasm-bindgen-macro-support v0.2.128
      Adding wasm-bindgen-shared v0.2.128
 Downloading crates ...
  Downloaded getrandom v0.4.3
  Downloaded uuid v1.26.0
   Compiling proc-macro2 v1.0.107
   Compiling quote v1.0.47
   Compiling unicode-ident v1.0.24
    Checking futures-sink v0.3.34
   Compiling libc v0.2.189
    Checking cfg-if v1.0.4
    Checking futures-core v0.3.34
   Compiling napi-build v2.4.1
    Checking pin-project-lite v0.2.17
    Checking slab v0.4.12
    Checking futures-task v0.3.34
    Checking memchr v2.8.3
    Checking futures-io v0.3.34
    Checking futures-channel v0.3.34
   Compiling unicode-segmentation v1.13.3
   Compiling getrandom v0.4.3
    Checking libloading v0.9.0
   Compiling semver v1.0.28
   Compiling napi v3.12.2
    Checking napi-sys v3.3.0
   Compiling secumon-windows-files v0.1.0 (/Users/seunghanee/Documents/secumon/runtime/native/windows-files)
    Checking nohash-hasher v0.2.0
    Checking ctor v1.0.13
    Checking windows-link v0.2.1
    Checking bitflags v2.13.1
    Checking rustc-hash v2.1.3
    Checking windows-sys v0.61.2
   Compiling convert_case v0.11.0
    Checking uuid v1.26.0
   Compiling syn v3.0.5
   Compiling syn v2.0.119
   Compiling futures-macro v0.3.34
   Compiling napi-derive-backend v6.1.2
    Checking futures-util v0.3.34
   Compiling napi-derive v3.6.3
    Checking futures-executor v0.3.34
    Checking futures v0.3.34
warning: type alias `Result` is never used
  --> src/windows.rs:13:6
   |
13 | type Result<T> = std::result::Result<T, Fault>;
   |      ^^^^^^
   |
   = note: `#[warn(dead_code)]` (part of `#[warn(unused)]`) on by default

warning: function `last` is never used
  --> src/windows.rs:15:4
   |
15 | fn last(phase: &'static str) -> Fault {
   |    ^^^^

warning: function `unsafe_object` is never used
  --> src/windows.rs:19:4
   |
19 | fn unsafe_object(phase: &'static str) -> Fault { Fault::new("unsafe_object", phase) }
   |    ^^^^^^^^^^^^^

warning: function `wide` is never used
  --> src/windows.rs:20:4
   |
20 | fn wide(value: &str) -> Vec<u16> { value.encode_utf16().chain([0]).collect() }
   |    ^^^^

warning: function `child` is never used
  --> src/windows.rs:21:4
   |
21 | fn child(parent: &str, leaf: &str) -> String { format!("{}\\{}", parent.trim_end_matches('\\'), leaf) }
   |    ^^^^^

warning: function `missing` is never used
  --> src/windows.rs:22:4
   |
22 | fn missing(f: &Fault) -> bool { matches!(f.win32, Some(ERROR_FILE_NOT_FOUND | ERROR_PATH_NOT_FOUND)) }
   |    ^^^^^^^

warning: struct `Handle` is never constructed
  --> src/windows.rs:24:8
   |
24 | struct Handle(HANDLE);
   |        ^^^^^^

warning: associated items `from_file` and `close` are never used
  --> src/windows.rs:26:8
   |
25 | impl Handle {
   | ----------- associated items in this implementation
26 |     fn from_file(raw: HANDLE, phase: &'static str) -> Result<Self> {
   |        ^^^^^^^^^
...
29 |     fn close(mut self) -> Result<()> {
   |        ^^^^^

warning: struct `LocalMemory` is never constructed
  --> src/windows.rs:37:8
   |
37 | struct LocalMemory(*mut c_void);
   |        ^^^^^^^^^^^

warning: struct `Snapshot` is never constructed
  --> src/windows.rs:43:8
   |
43 | struct Snapshot { id: String, bytes: u64, write_time: u64, attributes: u32, links: u32 }
   |        ^^^^^^^^

warning: function `snapshot` is never used
  --> src/windows.rs:44:4
   |
44 | fn snapshot(handle: &Handle, directory: bool, phase: &'static str) -> Result<Snapshot> {
   |    ^^^^^^^^

warning: function `final_path` is never used
  --> src/windows.rs:59:4
   |
59 | fn final_path(handle: &Handle) -> Result<String> {
   |    ^^^^^^^^^^

warning: struct `Security` is never constructed
  --> src/windows.rs:67:8
   |
67 | struct Security { sid: Vec<u32>, descriptor: LocalMemory }
   |        ^^^^^^^^

warning: associated items `current`, `attributes`, and `check` are never used
   --> src/windows.rs:69:8
    |
 68 | impl Security {
    | ------------- associated items in this implementation
 69 |     fn current() -> Result<Self> {
    |        ^^^^^^^
...
109 |     fn attributes(&self) -> SECURITY_ATTRIBUTES {
    |        ^^^^^^^^^^
...
113 |     fn check(&self, handle: &Handle) -> Result<()> {
    |        ^^^^^

warning: struct `Directory` is never constructed
   --> src/windows.rs:144:8
    |
144 | struct Directory { handle: Handle, id: String, path: String }
    |        ^^^^^^^^^

warning: associated items `open` and `check` are never used
   --> src/windows.rs:146:8
    |
145 | impl Directory {
    | -------------- associated items in this implementation
146 |     fn open(path: &str) -> Result<Self> {
    |        ^^^^
...
156 |     fn check(&self) -> Result<()> {
    |        ^^^^^

warning: struct `Scope` is never constructed
   --> src/windows.rs:164:8
    |
164 | struct Scope { ancestors: Vec<Directory>, directory: Directory, security: Security }
    |        ^^^^^

warning: associated items `open`, `check`, and `read` are never used
   --> src/windows.rs:166:8
    |
165 | impl Scope {
    | ---------- associated items in this implementation
166 |     fn open(request: &Request, create: bool) -> Result<Self> {
    |        ^^^^
...
199 |     fn check(&self) -> Result<()> {
    |        ^^^^^
...
203 |     fn read(&self, target: &str) -> Result<(Vec<u8>, String)> {
    |        ^^^^

warning: function `rename_new` is never used
   --> src/windows.rs:228:4
    |
228 | fn rename_new(candidate: &Handle, parent: &Handle, target: &str) -> Result<()> {
    |    ^^^^^^^^^^

warning: function `cleanup_candidate` is never used
   --> src/windows.rs:246:4
    |
246 | fn cleanup_candidate(handle: Handle, outcome: &mut SetupPublication) {
    |    ^^^^^^^^^^^^^^^^^

warning: function `publish` is never used
   --> src/windows.rs:260:15
    |
260 | pub(crate) fn publish(request: &Request, bytes: &[u8]) -> SetupPublication {
    |               ^^^^^^^

warning: function `inspect` is never used
   --> src/windows.rs:330:15
    |
330 | pub(crate) fn inspect(request: &Request) -> SetupInspection {
    |               ^^^^^^^

warning: `secumon-windows-files` (lib) generated 22 warnings
    Finished `dev` profile [unoptimized + debuginfo] target(s) in 7.00s
