   Compiling proc-macro2 v1.0.107
   Compiling quote v1.0.47
   Compiling unicode-ident v1.0.24
    Checking futures-core v0.3.34
    Checking futures-sink v0.3.34
   Compiling napi-build v2.4.1
    Checking futures-io v0.3.34
    Checking windows-link v0.2.1
    Checking futures-task v0.3.34
    Checking slab v0.4.12
    Checking memchr v2.8.3
    Checking pin-project-lite v0.2.17
   Compiling unicode-segmentation v1.13.3
   Compiling getrandom v0.4.3
    Checking futures-channel v0.3.34
    Checking libloading v0.9.0
   Compiling semver v1.0.28
    Checking cfg-if v1.0.4
    Checking bitflags v2.13.1
    Checking napi-sys v3.3.0
    Checking ctor v1.0.13
   Compiling napi v3.12.2
   Compiling secumon-windows-files v0.1.0 (/Users/seunghanee/Documents/secumon/runtime/native/windows-files)
    Checking nohash-hasher v0.2.0
    Checking rustc-hash v2.1.3
    Checking windows-sys v0.61.2
   Compiling convert_case v0.11.0
    Checking uuid v1.26.0
   Compiling syn v3.0.5
   Compiling syn v2.0.119
   Compiling napi-derive-backend v6.1.2
   Compiling futures-macro v0.3.34
    Checking futures-util v0.3.34
   Compiling napi-derive v3.6.3
    Checking futures-executor v0.3.34
    Checking futures v0.3.34
    Finished `dev` profile [unoptimized + debuginfo] target(s) in 5.95s
