TAP version 13
# Subtest: agent setup preserves files, creates private identity/config and reopens without a model
ok 1 - agent setup preserves files, creates private identity/config and reopens without a model
  ---
  duration_ms: 30.470869
  type: 'test'
  ...
# Subtest: status and invalid initialization options do not create files
ok 2 - status and invalid initialization options do not create files
  ---
  duration_ms: 2.43837
  type: 'test'
  ...
# Subtest: separate directories get distinct IDs and moving a directory preserves its identity
ok 3 - separate directories get distinct IDs and moving a directory preserves its identity
  ---
  duration_ms: 20.39942
  type: 'test'
  ...
# Subtest: initialization can finish after a process stops between identity and config publication
ok 4 - initialization can finish after a process stops between identity and config publication
  ---
  duration_ms: 13.119908
  type: 'test'
  ...
# Subtest: missing identity uses explicit repair with the existing config; missing completed config is not reset
ok 5 - missing identity uses explicit repair with the existing config; missing completed config is not reset
  ---
  duration_ms: 12.692539
  type: 'test'
  ...
# Subtest: completed layout repairs missing directories only with explicit repair and preserves existing state
ok 6 - completed layout repairs missing directories only with explicit repair and preserves existing state
  ---
  duration_ms: 11.309668
  type: 'test'
  ...
# Subtest: unknown data without identity is not assigned a new ID
ok 7 - unknown data without identity is not assigned a new ID
  ---
  duration_ms: 1.649336
  type: 'test'
  ...
# Subtest: config identity mismatch, unsupported versions and malformed documents are preserved
ok 8 - config identity mismatch, unsupported versions and malformed documents are preserved
  ---
  duration_ms: 8.255454
  type: 'test'
  ...
# Subtest: metadata symlinks and external hard links cannot be used for setup
ok 9 - metadata symlinks and external hard links cannot be used for setup
  ---
  duration_ms: 5.412355
  type: 'test'
  ...
# Subtest: managed directory links and writable/public metadata are rejected without changing permissions
ok 10 - managed directory links and writable/public metadata are rejected without changing permissions
  ---
  duration_ms: 5.228021
  type: 'test'
  ...
# Subtest: engine overlap and nested agent registration are rejected
ok 11 - engine overlap and nested agent registration are rejected
  ---
  duration_ms: 4.892397
  type: 'test'
  ...
# Subtest: CLI first call, status, version and invalid commands expose readiness without claiming runtime execution
ok 12 - CLI first call, status, version and invalid commands expose readiness without claiming runtime execution
  ---
  duration_ms: 822.638591
  type: 'test'
  ...
# Subtest: separate CLI processes initializing concurrently settle on exactly one identity
ok 13 - separate CLI processes initializing concurrently settle on exactly one identity
  ---
  duration_ms: 621.869557
  type: 'test'
  ...
# Subtest: two agent stores reuse existing adapters while separating identical work/memory IDs and preserving reopen
ok 14 - two agent stores reuse existing adapters while separating identical work/memory IDs and preserving reopen
  ---
  duration_ms: 96.7306
  type: 'test'
  ...
# Subtest: agent work files cannot traverse into engine or another agent and remain separate
ok 15 - agent work files cannot traverse into engine or another agent and remain separate
  ---
  duration_ms: 89.239849
  type: 'test'
  ...
# Subtest: copying another agents database is detected by its durable owner before runtime access
ok 16 - copying another agents database is detected by its durable owner before runtime access
  ---
  duration_ms: 34.219889
  type: 'test'
  ...
# Subtest: unowned existing databases are not silently adopted
ok 17 - unowned existing databases are not silently adopted
  ---
  duration_ms: 18.29235
  type: 'test'
  ...
# Subtest: symlink database and sidecar destinations cannot overwrite another file
ok 18 - symlink database and sidecar destinations cannot overwrite another file
  ---
  duration_ms: 16.722921
  type: 'test'
  ...
# Subtest: configured but not yet connected backend is not replaced by SQLite
ok 19 - configured but not yet connected backend is not replaced by SQLite
  ---
  duration_ms: 11.99691
  type: 'test'
  ...
# Subtest: CLI resumes across processes, keeps conversation/work identities and separates disconnect, pause and cancel
ok 20 - CLI resumes across processes, keeps conversation/work identities and separates disconnect, pause and cancel
  ---
  duration_ms: 6294.100095
  type: 'test'
  ...
# Subtest: CLI human output is reception plus result, with no internal events or ANSI: documents-simple
ok 21 - CLI human output is reception plus result, with no internal events or ANSI: documents-simple
  ---
  duration_ms: 802.818024
  type: 'test'
  ...
# Subtest: CLI human output is reception plus result, with no internal events or ANSI: observations-simple
ok 22 - CLI human output is reception plus result, with no internal events or ANSI: observations-simple
  ---
  duration_ms: 741.330629
  type: 'test'
  ...
# Subtest: CLI goal changes require an explicit revision and failures have no success JSON on stdout
ok 23 - CLI goal changes require an explicit revision and failures have no success JSON on stdout
  ---
  duration_ms: 1502.018962
  type: 'test'
  ...
# Subtest: CLI checkpoint is a derived reference and an old resume file does not reverse a paused work
ok 24 - CLI checkpoint is a derived reference and an old resume file does not reverse a paused work
  ---
  duration_ms: 3480.413403
  type: 'test'
  ...
1..24
# tests 24
# suites 0
# pass 24
# fail 0
# cancelled 0
# skipped 0
# todo 0
# duration_ms 13419.164641
