TAP version 13
# Subtest: file-journal agents separate identical work IDs, events and historical receipts across reopen
ok 1 - file-journal agents separate identical work IDs, events and historical receipts across reopen
  ---
  duration_ms: 267.593144
  type: 'test'
  ...
# Subtest: file-journal state keeps private memory and channel messages in separately owned SQLite databases
ok 2 - file-journal state keeps private memory and channel messages in separately owned SQLite databases
  ---
  duration_ms: 202.878635
  type: 'test'
  ...
# Subtest: a file-journal clone opens a fresh owned journal and empty SQLite memory and channel stores
ok 3 - a file-journal clone opens a fresh owned journal and empty SQLite memory and channel stores
  ---
  duration_ms: 230.106845
  type: 'test'
  ...
# Subtest: copying another agents complete journal is rejected before binding a new backend marker
ok 4 - copying another agents complete journal is rejected before binding a new backend marker
  ---
  duration_ms: 122.757432
  type: 'test'
  ...
# Subtest: file-journal selection does not bypass foreign memory or channel SQLite ownership
ok 5 - file-journal selection does not bypass foreign memory or channel SQLite ownership
  ---
  duration_ms: 250.015217
  type: 'test'
  ...
# Subtest: empty and populated legacy v1 journals are not automatically adopted by an agent
ok 6 - empty and populated legacy v1 journals are not automatically adopted by an agent
  ---
  duration_ms: 204.851628
  type: 'test'
  ...
# Subtest: changing config between SQLite and file-journal never creates a replacement state store
ok 7 - changing config between SQLite and file-journal never creates a replacement state store
  ---
  duration_ms: 269.523352
  type: 'test'
  ...
# Subtest: an owned legacy SQLite agent gains only its backend marker and preserves historical data
ok 8 - an owned legacy SQLite agent gains only its backend marker and preserves historical data
  ---
  duration_ms: 115.502401
  type: 'test'
  ...
# Subtest: an unowned legacy SQLite database is preserved without creating a backend marker
ok 9 - an unowned legacy SQLite database is preserved without creating a backend marker
  ---
  duration_ms: 93.960933
  type: 'test'
  ...
# Subtest: copying another agents backend marker is rejected before creating any state or private databases
ok 10 - copying another agents backend marker is rejected before creating any state or private databases
  ---
  duration_ms: 108.222485
  type: 'test'
  ...
# Subtest: malformed, unsupported or linked backend markers cannot initialize state stores
ok 11 - malformed, unsupported or linked backend markers cannot initialize state stores
  ---
  duration_ms: 241.298126
  type: 'test'
  ...
# Subtest: ambiguous existing SQLite and journal stores are preserved without choosing a new backend
ok 12 - ambiguous existing SQLite and journal stores are preserved without choosing a new backend
  ---
  duration_ms: 117.871434
  type: 'test'
  ...
# Subtest: concurrent CLI first storage opens retain one agent, backend selection and journal identity
ok 13 - concurrent CLI first storage opens retain one agent, backend selection and journal identity
  ---
  duration_ms: 1082.169349
  type: 'test'
  ...
# Subtest: clone resumes with one identity after actual process termination at setup-operation.json
ok 14 - clone resumes with one identity after actual process termination at setup-operation.json
  ---
  duration_ms: 388.745695
  type: 'test'
  ...
# Subtest: clone resumes with one identity after actual process termination at setup.json
ok 15 - clone resumes with one identity after actual process termination at setup.json
  ---
  duration_ms: 345.921407
  type: 'test'
  ...
# Subtest: clone resumes with one identity after actual process termination at identity.json
ok 16 - clone resumes with one identity after actual process termination at identity.json
  ---
  duration_ms: 304.904582
  type: 'test'
  ...
# Subtest: clone resumes with one identity after actual process termination at config.json
ok 17 - clone resumes with one identity after actual process termination at config.json
  ---
  duration_ms: 310.090314
  type: 'test'
  ...
# Subtest: clone resumes with one identity after actual process termination at skill
ok 18 - clone resumes with one identity after actual process termination at skill
  ---
  duration_ms: 339.022418
  type: 'test'
  ...
# Subtest: clone resumes with one identity after actual process termination at before-complete
ok 19 - clone resumes with one identity after actual process termination at before-complete
  ---
  duration_ms: 347.455973
  type: 'test'
  ...
# Subtest: a published completion survives process termination and later source/skill edits do not trigger recopy
ok 20 - a published completion survives process termination and later source/skill edits do not trigger recopy
  ---
  duration_ms: 351.932506
  type: 'test'
  ...
# Subtest: source changes and target conflicts are preserved during explicit clone resume
ok 21 - source changes and target conflicts are preserved during explicit clone resume
  ---
  duration_ms: 436.364674
  type: 'test'
  ...
# Subtest: pending clone blocks nested setup and CLI repair explains explicit clone resume
ok 22 - pending clone blocks nested setup and CLI repair explains explicit clone resume
  ---
  duration_ms: 1174.428638
  type: 'test'
  ...
# Subtest: general initialization keeps its selected identity after interruption at the operation marker
ok 23 - general initialization keeps its selected identity after interruption at the operation marker
  ---
  duration_ms: 259.1603
  type: 'test'
  ...
# Subtest: competing clone commands never assign two identities to the same destination
ok 24 - competing clone commands never assign two identities to the same destination
  ---
  duration_ms: 381.685598
  type: 'test'
  ...
# Subtest: initialization and clone contention leave a single coherent ready profile
ok 25 - initialization and clone contention leave a single coherent ready profile
  ---
  duration_ms: 298.632238
  type: 'test'
  ...
# Subtest: a target config changed during skill publication cannot be marked clone-complete
ok 26 - a target config changed during skill publication cannot be marked clone-complete
  ---
  duration_ms: 288.925762
  type: 'test'
  ...
# Subtest: legacy v1 setup without an operation marker reopens untouched and repairs with its existing identity
ok 27 - legacy v1 setup without an operation marker reopens untouched and repairs with its existing identity
  ---
  duration_ms: 95.246279
  type: 'test'
  ...
# Subtest: pending filenames cannot hide data in clone memory, workspace or artifact directories
ok 28 - pending filenames cannot hide data in clone memory, workspace or artifact directories
  ---
  duration_ms: 282.646847
  type: 'test'
  ...
# Subtest: one interrupted publication at the entries boundary can resume with its safe pending file
ok 29 - one interrupted publication at the entries boundary can resume with its safe pending file
  ---
  duration_ms: 1782.177226
  type: 'test'
  ...
# Subtest: one interrupted publication at the bytes boundary can resume with its safe pending file
ok 30 - one interrupted publication at the bytes boundary can resume with its safe pending file
  ---
  duration_ms: 826.113861
  type: 'test'
  ...
# Subtest: clone creates a fresh identity while preserving reusable configuration and the original files
ok 31 - clone creates a fresh identity while preserving reusable configuration and the original files
  ---
  duration_ms: 161.660068
  type: 'test'
  ...
# Subtest: clone copies skill bytes, nested empty directories and executable bits without linking source files
ok 32 - clone copies skill bytes, nested empty directories and executable bits without linking source files
  ---
  duration_ms: 131.333077
  type: 'test'
  ...
# Subtest: clone starts with independent empty stores despite source work, memory, conversation and artifacts
ok 33 - clone starts with independent empty stores despite source work, memory, conversation and artifacts
  ---
  duration_ms: 214.983838
  type: 'test'
  ...
# Subtest: ordinary clone never overwrites an existing empty, populated or initialized destination
ok 34 - ordinary clone never overwrites an existing empty, populated or initialized destination
  ---
  duration_ms: 77.754251
  type: 'test'
  ...
# Subtest: clone rejects source overlap, nested agents and engine destinations without changing either tree
ok 35 - clone rejects source overlap, nested agents and engine destinations without changing either tree
  ---
  duration_ms: 32.0949
  type: 'test'
  ...
# Subtest: clone rejects missing or malformed sources and invalid options without creating a destination
ok 36 - clone rejects missing or malformed sources and invalid options without creating a destination
  ---
  duration_ms: 52.328795
  type: 'test'
  ...
# Subtest: clone rejects skill file and directory symlinks without modifying their outside targets
ok 37 - clone rejects skill file and directory symlinks without modifying their outside targets
  ---
  duration_ms: 45.614125
  type: 'test'
  ...
# Subtest: clone rejects hard-linked skill files and leaves both links unchanged
ok 38 - clone rejects hard-linked skill files and leaves both links unchanged
  ---
  duration_ms: 47.132775
  type: 'test'
  ...
# Subtest: clone rejects a POSIX FIFO skill instead of blocking on its contents
ok 39 - clone rejects a POSIX FIFO skill instead of blocking on its contents
  ---
  duration_ms: 304.87615
  type: 'test'
  ...
# Subtest: clone permits a four-MiB skill file and rejects a file exceeding that limit
ok 40 - clone permits a four-MiB skill file and rejects a file exceeding that limit
  ---
  duration_ms: 179.630974
  type: 'test'
  ...
# Subtest: clone enforces snapshot entry, total-byte and directory-depth limits
ok 41 - clone enforces snapshot entry, total-byte and directory-depth limits
  ---
  duration_ms: 323.348464
  type: 'test'
  ...
# Subtest: pending clone rejects changed source skills or config and cannot be completed by ordinary init or repair
ok 42 - pending clone rejects changed source skills or config and cannot be completed by ordinary init or repair
  ---
  duration_ms: 224.252228
  type: 'test'
  ...
# Subtest: pending clone preserves target file conflicts instead of overwriting or accepting them
ok 43 - pending clone preserves target file conflicts instead of overwriting or accepting them
  ---
  duration_ms: 224.396024
  type: 'test'
  ...
# Subtest: finished clone resumes idempotently and ordinary reopen preserves subsequent skill edits
ok 44 - finished clone resumes idempotently and ordinary reopen preserves subsequent skill edits
  ---
  duration_ms: 90.89468
  type: 'test'
  ...
# Subtest: CLI clone reports the new ready profile and supports explicit completed-clone resume
ok 45 - CLI clone reports the new ready profile and supports explicit completed-clone resume
  ---
  duration_ms: 1081.676798
  type: 'test'
  ...
# Subtest: default SQLite personal selection stays bound on restart without creating a document store
ok 46 - default SQLite personal selection stays bound on restart without creating a document store
  ---
  duration_ms: 143.844139
  type: 'test'
  ...
# Subtest: a completed document store cannot disappear and silently return an empty SQLite personal partition
ok 47 - a completed document store cannot disappear and silently return an empty SQLite personal partition
  ---
  duration_ms: 198.099528
  type: 'test'
  ...
# Subtest: registration completion can resume after the owner was created without discarding a committed memory
ok 48 - registration completion can resume after the owner was created without discarding a committed memory
  ---
  duration_ms: 292.644132
  type: 'test'
  ...
# Subtest: documents cannot be assigned over an existing SQLite store without a migration
ok 49 - documents cannot be assigned over an existing SQLite store without a migration
  ---
  duration_ms: 34.234131
  type: 'test'
  ...
# Subtest: replacing the config with a legacy default cannot reroute an assigned document partition
ok 50 - replacing the config with a legacy default cannot reroute an assigned document partition
  ---
  duration_ms: 98.350569
  type: 'test'
  ...
# Subtest: a missing assignment behind an existing completion does not create a new owner
ok 51 - a missing assignment behind an existing completion does not create a new owner
  ---
  duration_ms: 103.19464
  type: 'test'
  ...
# Subtest: moving the whole document-backed agent keeps its owner, receipts and revision transitions
ok 52 - moving the whole document-backed agent keeps its owner, receipts and revision transitions
  ---
  duration_ms: 380.359922
  type: 'test'
  ...
# Subtest: personal repository errors do not fall back and closing still releases both repositories
ok 53 - personal repository errors do not fall back and closing still releases both repositories
  ---
  duration_ms: 1.082528
  type: 'test'
  ...
# Subtest: first document open reobserves assignment when another process publishes readiness after its initial ENOENT
ok 54 - first document open reobserves assignment when another process publishes readiness after its initial ENOENT
  ---
  duration_ms: 752.905955
  type: 'test'
  ...
# Subtest: simultaneous document first opens converge on the same assignment and readiness without replacing them
ok 55 - simultaneous document first opens converge on the same assignment and readiness without replacing them
  ---
  duration_ms: 633.594423
  type: 'test'
  ...
# Subtest: initialization joins the same identity published after its first empty metadata observation
ok 56 - initialization joins the same identity published after its first empty metadata observation
  ---
  duration_ms: 517.990091
  type: 'test'
  ...
# Subtest: initialization reobserves malformed metadata after a concurrent publication and refuses without replacement
ok 57 - initialization reobserves malformed metadata after a concurrent publication and refuses without replacement
  ---
  duration_ms: 517.985924
  type: 'test'
  ...
# Subtest: initialization reobserves mismatch metadata after a concurrent publication and refuses without replacement
ok 58 - initialization reobserves mismatch metadata after a concurrent publication and refuses without replacement
  ---
  duration_ms: 465.70701
  type: 'test'
  ...
# Subtest: reobserving genuinely unowned metadata or memory still refuses assignment and preserves every original file
ok 59 - reobserving genuinely unowned metadata or memory still refuses assignment and preserves every original file
  ---
  duration_ms: 37.340544
  type: 'test'
  ...
# Subtest: agent setup preserves files, creates private identity/config and reopens without a model
ok 60 - agent setup preserves files, creates private identity/config and reopens without a model
  ---
  duration_ms: 105.203485
  type: 'test'
  ...
# Subtest: status and invalid initialization options do not create files
ok 61 - status and invalid initialization options do not create files
  ---
  duration_ms: 2.875574
  type: 'test'
  ...
# Subtest: separate directories get distinct IDs and moving a directory preserves its identity
ok 62 - separate directories get distinct IDs and moving a directory preserves its identity
  ---
  duration_ms: 103.619964
  type: 'test'
  ...
# Subtest: initialization can finish after a process stops between identity and config publication
ok 63 - initialization can finish after a process stops between identity and config publication
  ---
  duration_ms: 88.556252
  type: 'test'
  ...
# Subtest: missing identity uses explicit repair with the existing config; missing completed config is not reset
ok 64 - missing identity uses explicit repair with the existing config; missing completed config is not reset
  ---
  duration_ms: 102.682728
  type: 'test'
  ...
# Subtest: completed layout repairs missing directories only with explicit repair and preserves existing state
ok 65 - completed layout repairs missing directories only with explicit repair and preserves existing state
  ---
  duration_ms: 68.947332
  type: 'test'
  ...
# Subtest: unknown data without identity is not assigned a new ID
ok 66 - unknown data without identity is not assigned a new ID
  ---
  duration_ms: 14.499515
  type: 'test'
  ...
# Subtest: config identity mismatch, unsupported versions and malformed documents are preserved
ok 67 - config identity mismatch, unsupported versions and malformed documents are preserved
  ---
  duration_ms: 42.600587
  type: 'test'
  ...
# Subtest: metadata symlinks and external hard links cannot be used for setup
ok 68 - metadata symlinks and external hard links cannot be used for setup
  ---
  duration_ms: 60.968827
  type: 'test'
  ...
# Subtest: managed directory links and writable/public metadata are rejected without changing permissions
ok 69 - managed directory links and writable/public metadata are rejected without changing permissions
  ---
  duration_ms: 42.487415
  type: 'test'
  ...
# Subtest: engine overlap and nested agent registration are rejected
ok 70 - engine overlap and nested agent registration are rejected
  ---
  duration_ms: 50.096282
  type: 'test'
  ...
# Subtest: CLI first call, status, version and invalid commands expose readiness without claiming runtime execution
ok 71 - CLI first call, status, version and invalid commands expose readiness without claiming runtime execution
  ---
  duration_ms: 830.538181
  type: 'test'
  ...
# Subtest: separate CLI processes initializing concurrently settle on exactly one identity
ok 72 - separate CLI processes initializing concurrently settle on exactly one identity
  ---
  duration_ms: 884.115509
  type: 'test'
  ...
# Subtest: setup mutations: a new private root syncs its unchanged 0755 parent before publishing ownership
ok 73 - setup mutations: a new private root syncs its unchanged 0755 parent before publishing ownership
  ---
  duration_ms: 243.089697
  type: 'test'
  ...
# Subtest: setup mutations: a failed new-root parent barrier reports creation uncertainty and a retry finishes the existing directory
ok 74 - setup mutations: a failed new-root parent barrier reports creation uncertainty and a retry finishes the existing directory
  ---
  duration_ms: 260.888437
  type: 'test'
  ...
# Subtest: setup mutations: write-failure before identity publication preserves the original I/O cause and resumes the same operation
ok 75 - setup mutations: write-failure before identity publication preserves the original I/O cause and resumes the same operation
  ---
  duration_ms: 231.605008
  type: 'test'
  ...
# Subtest: setup mutations: file-sync-failure before identity publication preserves the original I/O cause and resumes the same operation
ok 76 - setup mutations: file-sync-failure before identity publication preserves the original I/O cause and resumes the same operation
  ---
  duration_ms: 252.022852
  type: 'test'
  ...
# Subtest: setup mutations: link-after-failure reports published uncertainty with the original cause and can re-observe the same identity
ok 77 - setup mutations: link-after-failure reports published uncertainty with the original cause and can re-observe the same identity
  ---
  duration_ms: 246.443312
  type: 'test'
  ...
# Subtest: setup mutations: unlink-failure reports published uncertainty with the original cause and can re-observe the same identity
ok 78 - setup mutations: unlink-failure reports published uncertainty with the original cause and can re-observe the same identity
  ---
  duration_ms: 438.060584
  type: 'test'
  ...
# Subtest: setup mutations: directory-sync-failure reports published uncertainty with the original cause and can re-observe the same identity
ok 79 - setup mutations: directory-sync-failure reports published uncertainty with the original cause and can re-observe the same identity
  ---
  duration_ms: 567.868869
  type: 'test'
  ...
# Subtest: setup mutations: swap-parent after a candidate fsync rejects substitution without cleaning foreign names
ok 80 - setup mutations: swap-parent after a candidate fsync rejects substitution without cleaning foreign names
  ---
  duration_ms: 191.6573
  type: 'test'
  ...
# Subtest: setup mutations: swap-root after a candidate fsync rejects substitution without cleaning foreign names
ok 81 - setup mutations: swap-root after a candidate fsync rejects substitution without cleaning foreign names
  ---
  duration_ms: 177.118895
  type: 'test'
  ...
# Subtest: setup mutations: swap-metadata after a candidate fsync rejects substitution without cleaning foreign names
ok 82 - setup mutations: swap-metadata after a candidate fsync rejects substitution without cleaning foreign names
  ---
  duration_ms: 202.920028
  type: 'test'
  ...
# Subtest: setup mutations: the engine boundary rejects before any mutation scope can create a target
ok 83 - setup mutations: the engine boundary rejects before any mutation scope can create a target
  ---
  duration_ms: 123.560582
  type: 'test'
  ...
# Subtest: setup mutations: actual SIGKILL at kill-identity-synced preserves the published operation and resumes without reallocating identity
ok 84 - setup mutations: actual SIGKILL at kill-identity-synced preserves the published operation and resumes without reallocating identity
  ---
  duration_ms: 225.197218
  type: 'test'
  ...
# Subtest: setup mutations: actual SIGKILL at kill-config-linked preserves the published operation and resumes without reallocating identity
ok 85 - setup mutations: actual SIGKILL at kill-config-linked preserves the published operation and resumes without reallocating identity
  ---
  duration_ms: 261.179635
  type: 'test'
  ...
# Subtest: setup mutations: actual SIGKILL at kill-receipt-linked preserves the published operation and resumes without reallocating identity
ok 86 - setup mutations: actual SIGKILL at kill-receipt-linked preserves the published operation and resumes without reallocating identity
  ---
  duration_ms: 212.128071
  type: 'test'
  ...
# Subtest: sqlite initialization recovers after actual termination at before-profile
ok 87 - sqlite initialization recovers after actual termination at before-profile
  ---
  duration_ms: 371.455167
  type: 'test'
  ...
# Subtest: sqlite initialization recovers after actual termination at published-profile
ok 88 - sqlite initialization recovers after actual termination at published-profile
  ---
  duration_ms: 329.745332
  type: 'test'
  ...
# Subtest: file-journal initialization recovers after actual termination at before-profile
ok 89 - file-journal initialization recovers after actual termination at before-profile
  ---
  duration_ms: 306.850258
  type: 'test'
  ...
# Subtest: file-journal initialization recovers after actual termination at published-profile
ok 90 - file-journal initialization recovers after actual termination at published-profile
  ---
  duration_ms: 345.157951
  type: 'test'
  ...
# Subtest: assignment permits recovery of the empty runtime.sqlite left by actual termination
ok 91 - assignment permits recovery of the empty runtime.sqlite left by actual termination
  ---
  duration_ms: 288.448593
  type: 'test'
  ...
# Subtest: assignment permits recovery of the empty memory.sqlite left by actual termination
ok 92 - assignment permits recovery of the empty memory.sqlite left by actual termination
  ---
  duration_ms: 298.602867
  type: 'test'
  ...
# Subtest: assignment permits recovery of the empty channel.sqlite left by actual termination
ok 93 - assignment permits recovery of the empty channel.sqlite left by actual termination
  ---
  duration_ms: 299.653629
  type: 'test'
  ...
# Subtest: an empty preexisting state database without assignment is not adopted
ok 94 - an empty preexisting state database without assignment is not adopted
  ---
  duration_ms: 53.50824
  type: 'test'
  ...
# Subtest: an empty preexisting memory database without assignment is not adopted
ok 95 - an empty preexisting memory database without assignment is not adopted
  ---
  duration_ms: 45.820078
  type: 'test'
  ...
# Subtest: an empty preexisting channel database without assignment is not adopted
ok 96 - an empty preexisting channel database without assignment is not adopted
  ---
  duration_ms: 47.480996
  type: 'test'
  ...
# Subtest: a valid assignment cannot adopt a database with unknown application data
ok 97 - a valid assignment cannot adopt a database with unknown application data
  ---
  duration_ms: 255.182545
  type: 'test'
  ...
# Subtest: competing backend snapshots publish one choice and cannot create both stores
ok 98 - competing backend snapshots publish one choice and cannot create both stores
  ---
  duration_ms: 404.146639
  type: 'test'
  ...
# Subtest: two agent stores reuse existing adapters while separating identical work/memory IDs and preserving reopen
ok 99 - two agent stores reuse existing adapters while separating identical work/memory IDs and preserving reopen
  ---
  duration_ms: 219.769433
  type: 'test'
  ...
# Subtest: agent work files cannot traverse into engine or another agent and remain separate
ok 100 - agent work files cannot traverse into engine or another agent and remain separate
  ---
  duration_ms: 185.453831
  type: 'test'
  ...
# Subtest: copying another agents database is detected by its durable owner before runtime access
ok 101 - copying another agents database is detected by its durable owner before runtime access
  ---
  duration_ms: 137.532978
  type: 'test'
  ...
# Subtest: unowned existing databases are not silently adopted
ok 102 - unowned existing databases are not silently adopted
  ---
  duration_ms: 93.975564
  type: 'test'
  ...
# Subtest: symlink database and sidecar destinations cannot overwrite another file
ok 103 - symlink database and sidecar destinations cannot overwrite another file
  ---
  duration_ms: 76.321412
  type: 'test'
  ...
# Subtest: changing config after SQLite initialization cannot replace it with an empty journal
ok 104 - changing config after SQLite initialization cannot replace it with an empty journal
  ---
  duration_ms: 93.368328
  type: 'test'
  ...
# Subtest: document worker retains early IPC and reports a closed child with its original stderr
ok 105 - document worker retains early IPC and reports a closed child with its original stderr
  ---
  duration_ms: 159.833196
  type: 'test'
  ...
# Subtest: document codec preserves body bytes and rejects malformed UTF-8, checksum, identity and schema changes
ok 106 - document codec preserves body bytes and rejects malformed UTF-8, checksum, identity and schema changes
  ---
  duration_ms: 19.27099
  type: 'test'
  ...
# Subtest: a deleted forgotten tail or whole namespace cannot resurrect prior active memory after reopening
ok 107 - a deleted forgotten tail or whole namespace cannot resurrect prior active memory after reopening
  ---
  duration_ms: 567.760261
  type: 'test'
  ...
# Subtest: document reads reject external links, unsafe permissions, unknown files and tampered witnesses without falling back
ok 108 - document reads reject external links, unsafe permissions, unknown files and tampered witnesses without falling back
  ---
  duration_ms: 331.916775
  type: 'test'
  ...
# Subtest: bounded namespace enumeration and file bytes fail explicitly rather than truncating history
ok 109 - bounded namespace enumeration and file bytes fail explicitly rather than truncating history
  ---
  duration_ms: 168.443175
  type: 'test'
  ...
# Subtest: actual SIGKILL at document candidate keeps only canonical publication and resumes witness through get
ok 110 - actual SIGKILL at document candidate keeps only canonical publication and resumes witness through get
  ---
  duration_ms: 286.24951
  type: 'test'
  ...
# Subtest: actual SIGKILL at document event keeps only canonical publication and resumes witness through get
ok 111 - actual SIGKILL at document event keeps only canonical publication and resumes witness through get
  ---
  duration_ms: 193.937226
  type: 'test'
  ...
# Subtest: post-publication sync EIO preserves original cause and publication state; receipt-first retry recovers
ok 112 - post-publication sync EIO preserves original cause and publication state; receipt-first retry recovers
  ---
  duration_ms: 274.350329
  type: 'test'
  ...
# Subtest: separate processes contend on one namespace with same memory IDs
ok 113 - separate processes contend on one namespace with same memory IDs
  ---
  duration_ms: 321.790941
  type: 'test'
  ...
# Subtest: separate processes contend on one namespace with different memory IDs
ok 114 - separate processes contend on one namespace with different memory IDs
  ---
  duration_ms: 324.611269
  type: 'test'
  ...
# Subtest: namespace retries its full snapshot when a canonical link appears after the pending-only listing
ok 115 - namespace retries its full snapshot when a canonical link appears after the pending-only listing
  ---
  duration_ms: 342.591482
  type: 'test'
  ...
# Subtest: document storage requires explicit registration, preserves a 0755 supplied parent and pins copied owner binding
ok 116 - document storage requires explicit registration, preserves a 0755 supplied parent and pins copied owner binding
  ---
  duration_ms: 179.116302
  type: 'test'
  ...
# Subtest: Markdown record and receipt survive reopen, exact text, revision CAS, correction and forgetting without resurrection
ok 117 - Markdown record and receipt survive reopen, exact text, revision CAS, correction and forgetting without resurrection
  ---
  duration_ms: 560.168943
  type: 'test'
  ...
# Subtest: document namespaces isolate tenant, principal, refs, receipts and index error/rebuild state
ok 118 - document namespaces isolate tenant, principal, refs, receipts and index error/rebuild state
  ---
  duration_ms: 1236.200327
  type: 'test'
  ...
# Subtest: document candidate ordering, maximum and private labels follow the existing personal repository contract
ok 119 - document candidate ordering, maximum and private labels follow the existing personal repository contract
  ---
  duration_ms: 240.351003
  type: 'test'
  ...
# Subtest: remember duplicate repairs an event-only suffix through receipt-first reads without another canonical commit
ok 120 - remember duplicate repairs an event-only suffix through receipt-first reads without another canonical commit
  ---
  duration_ms: 944.445265
  type: 'test'
  ...
# Subtest: forget duplicate repairs its event-only suffix through get-first reads and leaves the memory deleted
ok 121 - forget duplicate repairs its event-only suffix through get-first reads and leaves the memory deleted
  ---
  duration_ms: 1111.603262
  type: 'test'
  ...
# Subtest: C01 resumes an assigned owner-pending-only registration using a new owner publication and preserves the prior candidate
ok 122 - C01 resumes an assigned owner-pending-only registration using a new owner publication and preserves the prior candidate
  ---
  duration_ms: 209.889081
  type: 'test'
  ...
# Subtest: C01 refuses partial pending-only registration and preserves its unconfirmed bytes
ok 123 - C01 refuses partial pending-only registration and preserves its unconfirmed bytes
  ---
  duration_ms: 133.0922
  type: 'test'
  ...
# Subtest: C01 refuses foreign-owner pending-only registration and preserves its unconfirmed bytes
ok 124 - C01 refuses foreign-owner pending-only registration and preserves its unconfirmed bytes
  ---
  duration_ms: 129.405832
  type: 'test'
  ...
# Subtest: registration re-enumerates a disappeared owned pending file without rewriting owner or format
ok 125 - registration re-enumerates a disappeared owned pending file without rewriting owner or format
  ---
  duration_ms: 123.160579
  type: 'test'
  ...
# Subtest: document file reobservation preserves the unsafe cause and requires a fresh validation after the canonical peer is linked
ok 126 - document file reobservation preserves the unsafe cause and requires a fresh validation after the canonical peer is linked
  ---
  duration_ms: 15.729074
  type: 'test'
  ...
# Subtest: document registration resumes after a complete candidate is linked during its first inspection
ok 127 - document registration resumes after a complete candidate is linked during its first inspection
  ---
  duration_ms: 29.972428
  type: 'test'
  ...
# Subtest: document registration resumes after a completed partial candidate is linked during its first inspection
ok 128 - document registration resumes after a completed partial candidate is linked during its first inspection
  ---
  duration_ms: 28.913029
  type: 'test'
  ...
# Subtest: unchanged external hardlink remains the original unsafe error rather than a contention retry
ok 129 - unchanged external hardlink remains the original unsafe error rather than a contention retry
  ---
  duration_ms: 8.582489
  type: 'test'
  ...
# Subtest: an unrelated new pending name cannot authorize an externally linked candidate on registration retry
ok 130 - an unrelated new pending name cannot authorize an externally linked candidate on registration retry
  ---
  duration_ms: 6.86155
  type: 'test'
  ...
# Subtest: CLI init explicitly selects documents, preserves ready choices and truthfully advertises schema support
ok 131 - CLI init explicitly selects documents, preserves ready choices and truthfully advertises schema support
  ---
  duration_ms: 2953.615911
  type: 'test'
  ...
# Subtest: sqlite: existing Web memory lifecycle uses documents while real Evidence memory stays in SQLite
ok 132 - sqlite: existing Web memory lifecycle uses documents while real Evidence memory stays in SQLite
  ---
  duration_ms: 5881.67694
  type: 'test'
  ...
# Subtest: file-journal: existing Web memory lifecycle uses documents while real Evidence memory stays in SQLite
ok 133 - file-journal: existing Web memory lifecycle uses documents while real Evidence memory stays in SQLite
  ---
  duration_ms: 5567.773862
  type: 'test'
  ...
# Subtest: built CLI entrypoint document-backed memory survives separate processes and uses the existing explicit recall commands
ok 134 - built CLI entrypoint document-backed memory survives separate processes and uses the existing explicit recall commands
  ---
  duration_ms: 9822.12089
  type: 'test'
  ...
# Subtest: ordinary and explicit SQLite setup retain the exact v1 configuration and initialize operation shapes
ok 135 - ordinary and explicit SQLite setup retain the exact v1 configuration and initialize operation shapes
  ---
  duration_ms: 95.544401
  type: 'test'
  ...
# Subtest: documents setup persists a distinct v2 choice while retaining the existing SQLite work-memory path
ok 136 - documents setup persists a distinct v2 choice while retaining the existing SQLite work-memory path
  ---
  duration_ms: 74.034801
  type: 'test'
  ...
# Subtest: operation-only: a saved document setup resumes with the same store and agent when the option is omitted
ok 137 - operation-only: a saved document setup resumes with the same store and agent when the option is omitted
  ---
  duration_ms: 87.98164
  type: 'test'
  ...
# Subtest: identity-published: a saved document setup resumes with the same store and agent when the option is omitted
ok 138 - identity-published: a saved document setup resumes with the same store and agent when the option is omitted
  ---
  duration_ms: 87.138209
  type: 'test'
  ...
# Subtest: ready and incomplete profiles reject an explicit backend switch without replacing their saved choice
ok 139 - ready and incomplete profiles reject an explicit backend switch without replacing their saved choice
  ---
  duration_ms: 139.10972
  type: 'test'
  ...
# Subtest: explicit missing-identity repair preserves document assignment and does not restore a missing completed config by default
ok 140 - explicit missing-identity repair preserves document assignment and does not restore a missing completed config by default
  ---
  duration_ms: 100.134379
  type: 'test'
  ...
# Subtest: documents inspection rejects store-id without repairing the conflicting original
ok 141 - documents inspection rejects store-id without repairing the conflicting original
  ---
  duration_ms: 50.734704
  type: 'test'
  ...
# Subtest: documents inspection rejects downgrade-config without repairing the conflicting original
ok 142 - documents inspection rejects downgrade-config without repairing the conflicting original
  ---
  duration_ms: 43.013938
  type: 'test'
  ...
# Subtest: documents inspection rejects downgrade-operation without repairing the conflicting original
ok 143 - documents inspection rejects downgrade-operation without repairing the conflicting original
  ---
  duration_ms: 49.987739
  type: 'test'
  ...
# Subtest: documents inspection rejects missing-operation without repairing the conflicting original
ok 144 - documents inspection rejects missing-operation without repairing the conflicting original
  ---
  duration_ms: 49.539483
  type: 'test'
  ...
# Subtest: a v1 setup cannot acquire a document store by editing only config, and malformed or unknown versions are rejected
ok 145 - a v1 setup cannot acquire a document store by editing only config, and malformed or unknown versions are rejected
  ---
  duration_ms: 53.8088
  type: 'test'
  ...
# Subtest: the personal assignment fence preserves the existing independent state-backend selection
ok 146 - the personal assignment fence preserves the existing independent state-backend selection
  ---
  duration_ms: 56.65428
  type: 'test'
  ...
# Subtest: document clone gives the new agent a new store and copies skills without any original memories
ok 147 - document clone gives the new agent a new store and copies skills without any original memories
  ---
  duration_ms: 130.53167
  type: 'test'
  ...
# Subtest: an incomplete document clone resumes the same recorded target store and identity
ok 148 - an incomplete document clone resumes the same recorded target store and identity
  ---
  duration_ms: 140.544724
  type: 'test'
  ...
# Subtest: an incomplete document clone still refuses changed source config
ok 149 - an incomplete document clone still refuses changed source config
  ---
  duration_ms: 91.29734
  type: 'test'
  ...
# Subtest: an incomplete document clone still refuses changed source skills
ok 150 - an incomplete document clone still refuses changed source skills
  ---
  duration_ms: 101.326691
  type: 'test'
  ...
# Subtest: sqlite: Web draft explicit apply preserves source and receipt across stale work view, forget and reopen
ok 151 - sqlite: Web draft explicit apply preserves source and receipt across stale work view, forget and reopen
  ---
  duration_ms: 10117.183082
  type: 'test'
  ...
# Subtest: file-journal: Web draft explicit apply preserves source and receipt across stale work view, forget and reopen
ok 152 - file-journal: Web draft explicit apply preserves source and receipt across stale work view, forget and reopen
  ---
  duration_ms: 10706.421119
  type: 'test'
  ...
# Subtest: Web resumes a prepared apply ID after input failure using saved content, not later editor bytes
ok 153 - Web resumes a prepared apply ID after input failure using saved content, not later editor bytes
  ---
  duration_ms: 2170.787651
  type: 'test'
  ...
# Subtest: Web unchanged draft records its status without a new user message or memory revision
ok 154 - Web unchanged draft records its status without a new user message or memory revision
  ---
  duration_ms: 997.875579
  type: 'test'
  ...
# Subtest: Web draft apply, status and resume reject another selected session and read-only mutations
ok 155 - Web draft apply, status and resume reject another selected session and read-only mutations
  ---
  duration_ms: 1342.714861
  type: 'test'
  ...
# Subtest: Web draft transport rejects arbitrary paths and identities before accessing draft files
ok 156 - Web draft transport rejects arbitrary paths and identities before accessing draft files
  ---
  duration_ms: 487.454011
  type: 'test'
  ...
# Subtest: default SQLite profile advertises no document drafts and refuses draft creation
ok 157 - default SQLite profile advertises no document drafts and refuses draft creation
  ---
  duration_ms: 119.810052
  type: 'test'
  ...
# Subtest: draft completion text describes its recorded revision without claiming it is the current active memory
ok 158 - draft completion text describes its recorded revision without claiming it is the current active memory
  ---
  duration_ms: 0.638072
  type: 'test'
  ...
# Subtest: sqlite: installed CLI continues X → process restart → Y with exact raw input and owned stores
ok 159 - sqlite: installed CLI continues X → process restart → Y with exact raw input and owned stores
  ---
  duration_ms: 2968.03581
  type: 'test'
  ...
# Subtest: file-journal: installed CLI continues X → process restart → Y with exact raw input and owned stores
ok 160 - file-journal: installed CLI continues X → process restart → Y with exact raw input and owned stores
  ---
  duration_ms: 2969.208782
  type: 'test'
  ...
# Subtest: installed CLI input is durable once, new sessions are explicit, and foreign agent sessions remain unavailable
ok 161 - installed CLI input is durable once, new sessions are explicit, and foreign agent sessions remain unavailable
  ---
  duration_ms: 5814.507859
  type: 'test'
  ...
# Subtest: sqlite: Web auth reconnect preserves one durable conversation and common atomic question intake
ok 162 - sqlite: Web auth reconnect preserves one durable conversation and common atomic question intake
  ---
  duration_ms: 716.867658
  type: 'test'
  ...
# Subtest: file-journal: Web auth reconnect preserves one durable conversation and common atomic question intake
ok 163 - file-journal: Web auth reconnect preserves one durable conversation and common atomic question intake
  ---
  duration_ms: 869.049046
  type: 'test'
  ...
# Subtest: personal memory reuses applied original and survives restart without copying conversation (sqlite)
ok 164 - personal memory reuses applied original and survives restart without copying conversation (sqlite)
  ---
  duration_ms: 479.974406
  type: 'test'
  ...
# Subtest: personal memory reuses applied original and survives restart without copying conversation (file-journal)
ok 165 - personal memory reuses applied original and survives restart without copying conversation (file-journal)
  ---
  duration_ms: 337.396979
  type: 'test'
  ...
# Subtest: personal correction uses a new applied original and invalidates the old dependency
ok 166 - personal correction uses a new applied original and invalidates the old dependency
  ---
  duration_ms: 178.854407
  type: 'test'
  ...
# Subtest: forget removes active body and quote, preserves originals and never revives an old create
ok 167 - forget removes active body and quote, preserves originals and never revives an old create
  ---
  duration_ms: 202.882232
  type: 'test'
  ...
# Subtest: personal source never becomes shareable Evidence or a derived work-knowledge fact
ok 168 - personal source never becomes shareable Evidence or a derived work-knowledge fact
  ---
  duration_ms: 129.854598
  type: 'test'
  ...
# Subtest: current user-source labels prevents cached read and dependency reuse
ok 169 - current user-source labels prevents cached read and dependency reuse
  ---
  duration_ms: 131.551664
  type: 'test'
  ...
# Subtest: current user-source scope prevents cached read and dependency reuse
ok 170 - current user-source scope prevents cached read and dependency reuse
  ---
  duration_ms: 169.738897
  type: 'test'
  ...
# Subtest: current user-source destination prevents cached read and dependency reuse
ok 171 - current user-source destination prevents cached read and dependency reuse
  ---
  duration_ms: 169.565627
  type: 'test'
  ...
# Subtest: current user-source principal prevents cached read and dependency reuse
ok 172 - current user-source principal prevents cached read and dependency reuse
  ---
  duration_ms: 155.870216
  type: 'test'
  ...
# Subtest: current user-source tenant prevents cached read and dependency reuse
ok 173 - current user-source tenant prevents cached read and dependency reuse
  ---
  duration_ms: 167.64392
  type: 'test'
  ...
# Subtest: current user-source generation prevents cached read and dependency reuse
ok 174 - current user-source generation prevents cached read and dependency reuse
  ---
  duration_ms: 172.580166
  type: 'test'
  ...
# Subtest: host caller restrictions reach the actual reader and do not prevent authorized forgetting
ok 175 - host caller restrictions reach the actual reader and do not prevent authorized forgetting
  ---
  duration_ms: 112.772677
  type: 'test'
  ...
# Subtest: reviewer grants cannot expose another user personal record or command receipt
ok 176 - reviewer grants cannot expose another user personal record or command receipt
  ---
  duration_ms: 110.726395
  type: 'test'
  ...
# Subtest: personal original history boundary is checked against actual stored intake
ok 177 - personal original history boundary is checked against actual stored intake
  ---
  duration_ms: 109.603783
  type: 'test'
  ...
# Subtest: personal original receipt-digest boundary is checked against actual stored intake
ok 178 - personal original receipt-digest boundary is checked against actual stored intake
  ---
  duration_ms: 103.921794
  type: 'test'
  ...
# Subtest: personal original pending boundary is checked against actual stored intake
ok 179 - personal original pending boundary is checked against actual stored intake
  ---
  duration_ms: 93.692569
  type: 'test'
  ...
# Subtest: personal original rejected boundary is checked against actual stored intake
ok 180 - personal original rejected boundary is checked against actual stored intake
  ---
  duration_ms: 90.434303
  type: 'test'
  ...
# Subtest: personal original missing boundary is checked against actual stored intake
ok 181 - personal original missing boundary is checked against actual stored intake
  ---
  duration_ms: 98.716491
  type: 'test'
  ...
# Subtest: fabricated or assistant text cannot be an explicit user-memory source
ok 182 - fabricated or assistant text cannot be an explicit user-memory source
  ---
  duration_ms: 97.919234
  type: 'test'
  ...
# Subtest: commit response loss resumes from scoped receipt with one personal revision
ok 183 - commit response loss resumes from scoped receipt with one personal revision
  ---
  duration_ms: 144.601535
  type: 'test'
  ...
# Subtest: user-source inspection does not inherit unrelated model inputs or form a work-memory cycle
ok 184 - user-source inspection does not inherit unrelated model inputs or form a work-memory cycle
  ---
  duration_ms: 171.084443
  type: 'test'
  ...
# Subtest: recorded derived-copy quarantine does not revoke the new user correction it will consume
ok 185 - recorded derived-copy quarantine does not revoke the new user correction it will consume
  ---
  duration_ms: 210.813023
  type: 'test'
  ...
# Subtest: sqlite: actual memory tools recall personal cards across work scopes without accepting caller ownership
ok 186 - sqlite: actual memory tools recall personal cards across work scopes without accepting caller ownership
  ---
  duration_ms: 291.51001
  type: 'test'
  ...
# Subtest: documents: actual memory tools recall personal cards across work scopes without accepting caller ownership
ok 187 - documents: actual memory tools recall personal cards across work scopes without accepting caller ownership
  ---
  duration_ms: 2169.616191
  type: 'test'
  ...
# Subtest: sqlite/sqlite: explicit personal recall reaches the real packet, frame and reopened resume without copying the old session
ok 188 - sqlite/sqlite: explicit personal recall reaches the real packet, frame and reopened resume without copying the old session
  ---
  duration_ms: 1374.478385
  type: 'test'
  ...
# Subtest: sqlite/documents: explicit personal recall reaches the real packet, frame and reopened resume without copying the old session
ok 189 - sqlite/documents: explicit personal recall reaches the real packet, frame and reopened resume without copying the old session
  ---
  duration_ms: 7375.151908
  type: 'test'
  ...
# Subtest: file-journal/sqlite: explicit personal recall reaches the real packet, frame and reopened resume without copying the old session
ok 190 - file-journal/sqlite: explicit personal recall reaches the real packet, frame and reopened resume without copying the old session
  ---
  duration_ms: 1319.327618
  type: 'test'
  ...
# Subtest: file-journal/documents: explicit personal recall reaches the real packet, frame and reopened resume without copying the old session
ok 191 - file-journal/documents: explicit personal recall reaches the real packet, frame and reopened resume without copying the old session
  ---
  duration_ms: 7424.915431
  type: 'test'
  ...
# Subtest: omitted, forged or unavailable personal context cannot stage or validate a selected work frame
ok 192 - omitted, forged or unavailable personal context cannot stage or validate a selected work frame
  ---
  duration_ms: 653.479581
  type: 'test'
  ...
# Subtest: selection is idempotent and refuses a same-goal newer input, foreign owner, and a cancelled work
ok 193 - selection is idempotent and refuses a same-goal newer input, foreign owner, and a cancelled work
  ---
  duration_ms: 180.371651
  type: 'test'
  ...
# Subtest: sqlite: forgetting during a real delayed synthetic model call rejects the reply while preserving reported usage
ok 194 - sqlite: forgetting during a real delayed synthetic model call rejects the reply while preserving reported usage
  ---
  duration_ms: 866.261449
  type: 'test'
  ...
# Subtest: documents: forgetting during a real delayed synthetic model call rejects the reply while preserving reported usage
ok 195 - documents: forgetting during a real delayed synthetic model call rejects the reply while preserving reported usage
  ---
  duration_ms: 5521.280791
  type: 'test'
  ...
# Subtest: a changed revision invalidates an existing frame and the replacement needs a fresh explicit selection
ok 196 - a changed revision invalidates an existing frame and the replacement needs a fresh explicit selection
  ---
  duration_ms: 762.571511
  type: 'test'
  ...
# Subtest: clear preserves a pre-existing work-memory quarantine review and its completion gate
ok 197 - clear preserves a pre-existing work-memory quarantine review and its completion gate
  ---
  duration_ms: 147.63858
  type: 'test'
  ...
# Subtest: recall preserves a pre-existing work-memory quarantine review and its completion gate
ok 198 - recall preserves a pre-existing work-memory quarantine review and its completion gate
  ---
  duration_ms: 230.137688
  type: 'test'
  ...
# Subtest: replacing a selection waives only its newly created quarantine review
ok 199 - replacing a selection waives only its newly created quarantine review
  ---
  duration_ms: 311.678153
  type: 'test'
  ...
# Subtest: built CLI exports, applies and resumes one edited document with stable request identity
ok 200 - built CLI exports, applies and resumes one edited document with stable request identity
  ---
  duration_ms: 4183.8962
  type: 'test'
  ...
# Subtest: draft flow sqlite: editor rename applies one source and revision, invalidates selected memory and survives reopen
ok 201 - draft flow sqlite: editor rename applies one source and revision, invalidates selected memory and survives reopen
  ---
  duration_ms: 7493.69682
  type: 'test'
  ...
# Subtest: draft flow file-journal: editor rename applies one source and revision, invalidates selected memory and survives reopen
ok 202 - draft flow file-journal: editor rename applies one source and revision, invalidates selected memory and survives reopen
  ---
  duration_ms: 6670.620398
  type: 'test'
  ...
# Subtest: draft no-change and read-only status create no new raw input or memory revision
ok 203 - draft no-change and read-only status create no new raw input or memory revision
  ---
  duration_ms: 1113.241767
  type: 'test'
  ...
# Subtest: draft past result remains revision two after a later revision and forget; resume ignores edited or missing draft
ok 204 - draft past result remains revision two after a later revision and forget; resume ignores edited or missing draft
  ---
  duration_ms: 1901.243687
  type: 'test'
  ...
# Subtest: draft stale target, read-only actor and other owner are refused before a source input is created
ok 205 - draft stale target, read-only actor and other owner are refused before a source input is created
  ---
  duration_ms: 1057.810887
  type: 'test'
  ...
# Subtest: draft source applied before a competing memory revision remains an explicit partial result
ok 206 - draft source applied before a competing memory revision remains an explicit partial result
  ---
  duration_ms: 1648.65594
  type: 'test'
  ...
# Subtest: a stale absent-operation observation joins the exact apply completed by another profile
ok 207 - a stale absent-operation observation joins the exact apply completed by another profile
  ---
  duration_ms: 1623.935078
  type: 'test'
  ...
# Subtest: real source snapshot contention at preflight converges on the same apply receipt
ok 208 - real source snapshot contention at preflight converges on the same apply receipt
  ---
  duration_ms: 1483.291269
  type: 'test'
  ...
# Subtest: real source snapshot contention at after-intent converges on the same apply receipt
ok 209 - real source snapshot contention at after-intent converges on the same apply receipt
  ---
  duration_ms: 1444.188866
  type: 'test'
  ...
# Subtest: contention reported after the real memory commit rechecks the original receipt without another revision
ok 210 - contention reported after the real memory commit rechecks the original receipt without another revision
  ---
  duration_ms: 1204.432212
  type: 'test'
  ...
# Subtest: persistent knowledge contention is bounded and does not publish source input
ok 211 - persistent knowledge contention is bounded and does not publish source input
  ---
  duration_ms: 554.279374
  type: 'test'
  ...
# Subtest: draft SIGKILL sqlite/intent: resume uses fixed intent and the same source and memory receipts
ok 212 - draft SIGKILL sqlite/intent: resume uses fixed intent and the same source and memory receipts
  ---
  duration_ms: 2809.455967
  type: 'test'
  ...
# Subtest: draft SIGKILL sqlite/source: resume uses fixed intent and the same source and memory receipts
ok 213 - draft SIGKILL sqlite/source: resume uses fixed intent and the same source and memory receipts
  ---
  duration_ms: 2506.11023
  type: 'test'
  ...
# Subtest: draft SIGKILL sqlite/memory: resume uses fixed intent and the same source and memory receipts
ok 214 - draft SIGKILL sqlite/memory: resume uses fixed intent and the same source and memory receipts
  ---
  duration_ms: 2284.461851
  type: 'test'
  ...
# Subtest: draft SIGKILL file-journal/intent: resume uses fixed intent and the same source and memory receipts
ok 215 - draft SIGKILL file-journal/intent: resume uses fixed intent and the same source and memory receipts
  ---
  duration_ms: 2539.930157
  type: 'test'
  ...
# Subtest: draft SIGKILL file-journal/source: resume uses fixed intent and the same source and memory receipts
ok 216 - draft SIGKILL file-journal/source: resume uses fixed intent and the same source and memory receipts
  ---
  duration_ms: 2370.315111
  type: 'test'
  ...
# Subtest: draft SIGKILL file-journal/memory: resume uses fixed intent and the same source and memory receipts
ok 217 - draft SIGKILL file-journal/memory: resume uses fixed intent and the same source and memory receipts
  ---
  duration_ms: 2383.787171
  type: 'test'
  ...
# Subtest: two actual processes applying the same draft converge on one source and one revision
ok 218 - two actual processes applying the same draft converge on one source and one revision
  ---
  duration_ms: 2300.194029
  type: 'test'
  ...
# Subtest: draft export preserves an editable rename, exact body and immutable origin on duplicate create
ok 219 - draft export preserves an editable rename, exact body and immutable origin on duplicate create
  ---
  duration_ms: 140.180933
  type: 'test'
  ...
# Subtest: intent binding is immutable, owner scoped and resumes without the editable file
ok 220 - intent binding is immutable, owner scoped and resumes without the editable file
  ---
  duration_ms: 132.916265
  type: 'test'
  ...
# Subtest: draft parsing supports CRLF front matter but rejects nontext metadata, invalid UTF-8 and invalid content
ok 221 - draft parsing supports CRLF front matter but rejects nontext metadata, invalid UTF-8 and invalid content
  ---
  duration_ms: 63.891265
  type: 'test'
  ...
# Subtest: draft paths reject symlinks, external hardlinks and permissive editor saves without chmod or fallback
ok 222 - draft paths reject symlinks, external hardlinks and permissive editor saves without chmod or fallback
  ---
  duration_ms: 138.863685
  type: 'test'
  ...
# Subtest: draft namespace and individual byte limits reject explicitly before another export is published
ok 223 - draft namespace and individual byte limits reject explicitly before another export is published
  ---
  duration_ms: 1997.23144
  type: 'test'
  ...
# Subtest: a pending unlink during an observed draft read is re-enumerated without losing immutable bytes
ok 224 - a pending unlink during an observed draft read is re-enumerated without losing immutable bytes
  ---
  duration_ms: 45.749849
  type: 'test'
  ...
# Subtest: actual SIGKILL at draft candidate resumes one intent without needing the editable file
ok 225 - actual SIGKILL at draft candidate resumes one intent without needing the editable file
  ---
  duration_ms: 231.655542
  type: 'test'
  ...
# Subtest: actual SIGKILL at draft intent resumes one intent without needing the editable file
ok 226 - actual SIGKILL at draft intent resumes one intent without needing the editable file
  ---
  duration_ms: 188.737283
  type: 'test'
  ...
# Subtest: draft intent sync EIO preserves its original cause and published status before read-side retry
ok 227 - draft intent sync EIO preserves its original cause and published status before read-side retry
  ---
  duration_ms: 206.662852
  type: 'test'
  ...
# Subtest: two processes bind one apply ID once and reject different immutable intent bytes
ok 228 - two processes bind one apply ID once and reject different immutable intent bytes
  ---
  duration_ms: 261.987823
  type: 'test'
  ...
# Subtest: sqlite: Web personal memory crosses a completed work and restart, with explicit current-version recall and forget
ok 229 - sqlite: Web personal memory crosses a completed work and restart, with explicit current-version recall and forget
  ---
  duration_ms: 2043.647641
  type: 'test'
  ...
# Subtest: file-journal: Web personal memory crosses a completed work and restart, with explicit current-version recall and forget
ok 230 - file-journal: Web personal memory crosses a completed work and restart, with explicit current-version recall and forget
  ---
  duration_ms: 2602.901548
  type: 'test'
  ...
# Subtest: installed CLI records a real source and uses explicit memory revision, then clears and forgets after restart
ok 231 - installed CLI records a real source and uses explicit memory revision, then clears and forgets after restart
  ---
  duration_ms: 9901.214413
  type: 'test'
  ...
# Subtest: new-input remember retries reuse the applied user message after a memory failure and after response loss
ok 232 - new-input remember retries reuse the applied user message after a memory failure and after response loss
  ---
  duration_ms: 186.725232
  type: 'test'
  ...
# Subtest: surface authority rejects other users, labels, destinations and session work selection while same-owner memory remains cross-session
ok 233 - surface authority rejects other users, labels, destinations and session work selection while same-owner memory remains cross-session
  ---
  duration_ms: 292.920751
  type: 'test'
  ...
# Subtest: Web memory mutations preserve CSRF and strict owner-free schemas, reject stale work input and do not append operation notices
ok 234 - Web memory mutations preserve CSRF and strict owner-free schemas, reject stale work input and do not append operation notices
  ---
  duration_ms: 204.742288
  type: 'test'
  ...
# Subtest: legacy synthetic directory exposes no personal-memory service and does not reinterpret old knowledge
ok 235 - legacy synthetic directory exposes no personal-memory service and does not reinterpret old knowledge
  ---
  duration_ms: 71.413375
  type: 'test'
  ...
# Subtest: memory source controls reject assistant text, invented quotes and unbound new input without creating memory
ok 236 - memory source controls reject assistant text, invented quotes and unbound new input without creating memory
  ---
  duration_ms: 125.839372
  type: 'test'
  ...
# Subtest: sqlite: a correction receipt reports its original revision after later correction and forgetting
ok 237 - sqlite: a correction receipt reports its original revision after later correction and forgetting
  ---
  duration_ms: 383.962033
  type: 'test'
  ...
# Subtest: documents: a correction receipt reports its original revision after later correction and forgetting
ok 238 - documents: a correction receipt reports its original revision after later correction and forgetting
  ---
  duration_ms: 1344.418836
  type: 'test'
  ...
# Subtest: revision status checks the entire original command and returns no source or body fields
ok 239 - revision status checks the entire original command and returns no source or body fields
  ---
  duration_ms: 155.448718
  type: 'test'
  ...
# Subtest: duplicate correction joins an original commit that finishes after its initial record read
ok 240 - duplicate correction joins an original commit that finishes after its initial record read
  ---
  duration_ms: 156.78333
  type: 'test'
  ...
# Subtest: revision status hides current metadata after label narrowing and rejects namespace or host-owner loss
ok 241 - revision status hides current metadata after label narrowing and rejects namespace or host-owner loss
  ---
  duration_ms: 146.538568
  type: 'test'
  ...
# Subtest: revision status rechecks authority after storage and rejects a forged receipt revision or owner
ok 242 - revision status rechecks authority after storage and rejects a forged receipt revision or owner
  ---
  duration_ms: 147.392002
  type: 'test'
  ...
# Subtest: document event-only correction recovers its witness through status without another source intake or commit
ok 243 - document event-only correction recovers its witness through status without another source intake or commit
  ---
  duration_ms: 542.701617
  type: 'test'
  ...
# Subtest: sqlite: repeated manual compact preserves actual history, then restarts with summary and latest raw input
ok 244 - sqlite: repeated manual compact preserves actual history, then restarts with summary and latest raw input
  ---
  duration_ms: 1055.94799
  type: 'test'
  ...
# Subtest: file-journal: repeated manual compact preserves actual history, then restarts with summary and latest raw input
ok 245 - file-journal: repeated manual compact preserves actual history, then restarts with summary and latest raw input
  ---
  duration_ms: 1493.515956
  type: 'test'
  ...
# Subtest: installed CLI explicitly enables synthetic compact; retry and readonly status do not create another call
ok 246 - installed CLI explicitly enables synthetic compact; retry and readonly status do not create another call
  ---
  duration_ms: 4404.961935
  type: 'test'
  ...
# Subtest: Web exposes safe unavailable and refused free-text compact without hiding or rewriting original messages
ok 247 - Web exposes safe unavailable and refused free-text compact without hiding or rewriting original messages
  ---
  duration_ms: 437.47645
  type: 'test'
  ...
# Subtest: Web exposes safe unavailable and refused unmatched-fixture compact without hiding or rewriting original messages
ok 248 - Web exposes safe unavailable and refused unmatched-fixture compact without hiding or rewriting original messages
  ---
  duration_ms: 314.591512
  type: 'test'
  ...
# Subtest: Web compact remains interruptible by input; late fixture reply cannot publish a summary
ok 249 - Web compact remains interruptible by input; late fixture reply cannot publish a summary
  ---
  duration_ms: 193.444918
  type: 'test'
  ...
# Subtest: Web compact remains interruptible by cancel; late fixture reply cannot publish a summary
ok 250 - Web compact remains interruptible by cancel; late fixture reply cannot publish a summary
  ---
  duration_ms: 222.049971
  type: 'test'
  ...
# Subtest: automatic compact precedes fixture execution when the current session tail exceeds its entry limit
ok 251 - automatic compact precedes fixture execution when the current session tail exceeds its entry limit
  ---
  duration_ms: 766.561599
  type: 'test'
  ...
# Subtest: context status is a separate compact reference projection; older responses cannot replace newer status
ok 252 - context status is a separate compact reference projection; older responses cannot replace newer status
  ---
  duration_ms: 1.567355
  type: 'test'
  ...
# Subtest: session context: Y receives prior utterances with source IDs while its work state and protected input remain independent
ok 253 - session context: Y receives prior utterances with source IDs while its work state and protected input remain independent
  ---
  duration_ms: 112.167563
  type: 'test'
  ...
# Subtest: session context: omitted, rewritten and foreign session packets are rejected even with an unchanged work revision
ok 254 - session context: omitted, rewritten and foreign session packets are rejected even with an unchanged work revision
  ---
  duration_ms: 36.478573
  type: 'test'
  ...
# Subtest: session context: oversized protected history refuses the model input instead of silently discarding prior agreements
ok 255 - session context: oversized protected history refuses the model input instead of silently discarding prior agreements
  ---
  duration_ms: 21.602763
  type: 'test'
  ...
# Subtest: session frame store: stage rejects altered text and previous refuses foreign or stale session bases
ok 256 - session frame store: stage rejects altered text and previous refuses foreign or stale session bases
  ---
  duration_ms: 51.812723
  type: 'test'
  ...
# Subtest: session planning: semantic version 3 reaches the actual planner and a newer unrelated session tail does not invalidate its fixed input
ok 257 - session planning: semantic version 3 reaches the actual planner and a newer unrelated session tail does not invalidate its fixed input
  ---
  duration_ms: 58.985185
  type: 'test'
  ...
# Subtest: session planning: an applied input invalidates a reserved call without copying or invoking its obsolete packet
ok 258 - session planning: an applied input invalidates a reserved call without copying or invoking its obsolete packet
  ---
  duration_ms: 27.030489
  type: 'test'
  ...
# Subtest: session planning: input applied during a model call rejects the late plan but retains reported usage
ok 259 - session planning: input applied during a model call rejects the late plan but retains reported usage
  ---
  duration_ms: 31.753707
  type: 'test'
  ...
# Subtest: session planning: losing access to the referenced conversation after execution prevents plan adoption
ok 260 - session planning: losing access to the referenced conversation after execution prevents plan adoption
  ---
  duration_ms: 29.416678
  type: 'test'
  ...
# Subtest: session planning: legacy non-session calls retain semantic version 2 and need no session provider
ok 261 - session planning: legacy non-session calls retain semantic version 2 and need no session provider
  ---
  duration_ms: 25.226565
  type: 'test'
  ...
# Subtest: session recovery: reconstruction retains source conversation, reuses an equal packet and refuses unavailable session inputs
ok 262 - session recovery: reconstruction retains source conversation, reuses an equal packet and refuses unavailable session inputs
  ---
  duration_ms: 25.559902
  type: 'test'
  ...
# Subtest: sqlite: actual session input cancels an unsent model reservation and returns its allocation
ok 263 - sqlite: actual session input cancels an unsent model reservation and returns its allocation
  ---
  duration_ms: 312.08404
  type: 'test'
  ...
# Subtest: sqlite: real session input during a model call rejects the late proposal and preserves usage
ok 264 - sqlite: real session input during a model call rejects the late proposal and preserves usage
  ---
  duration_ms: 214.7059
  type: 'test'
  ...
# Subtest: sqlite: real session cancel during a model call rejects the late proposal and preserves usage
ok 265 - sqlite: real session cancel during a model call rejects the late proposal and preserves usage
  ---
  duration_ms: 214.069389
  type: 'test'
  ...
# Subtest: sqlite: durable raw input left pending prevents tool execution and outbox sends until the same input is recovered
ok 266 - sqlite: durable raw input left pending prevents tool execution and outbox sends until the same input is recovered
  ---
  duration_ms: 151.911464
  type: 'test'
  ...
# Subtest: file-journal: actual session input cancels an unsent model reservation and returns its allocation
ok 267 - file-journal: actual session input cancels an unsent model reservation and returns its allocation
  ---
  duration_ms: 209.661811
  type: 'test'
  ...
# Subtest: file-journal: real session input during a model call rejects the late proposal and preserves usage
ok 268 - file-journal: real session input during a model call rejects the late proposal and preserves usage
  ---
  duration_ms: 303.610433
  type: 'test'
  ...
# Subtest: file-journal: real session cancel during a model call rejects the late proposal and preserves usage
ok 269 - file-journal: real session cancel during a model call rejects the late proposal and preserves usage
  ---
  duration_ms: 263.196365
  type: 'test'
  ...
# Subtest: file-journal: durable raw input left pending prevents tool execution and outbox sends until the same input is recovered
ok 270 - file-journal: durable raw input left pending prevents tool execution and outbox sends until the same input is recovered
  ---
  duration_ms: 193.16994
  type: 'test'
  ...
# Subtest: real session provider rejects a full pending page even when the blocked work appears only after that page
ok 271 - real session provider rejects a full pending page even when the blocked work appears only after that page
  ---
  duration_ms: 293.216829
  type: 'test'
  ...
# Subtest: real session history does not authorize a missing source artifact merely because a derived context remains readable
ok 272 - real session history does not authorize a missing source artifact merely because a derived context remains readable
  ---
  duration_ms: 330.292666
  type: 'test'
  ...
# Subtest: sqlite: real SIGKILL after inbox resumes the same input/work/delivery
ok 273 - sqlite: real SIGKILL after inbox resumes the same input/work/delivery
  ---
  duration_ms: 621.318117
  type: 'test'
  ...
# Subtest: sqlite: real SIGKILL after work resumes the same input/work/delivery
ok 274 - sqlite: real SIGKILL after work resumes the same input/work/delivery
  ---
  duration_ms: 614.697261
  type: 'test'
  ...
# Subtest: sqlite: real SIGKILL after delivery resumes the same input/work/delivery
ok 275 - sqlite: real SIGKILL after delivery resumes the same input/work/delivery
  ---
  duration_ms: 591.612782
  type: 'test'
  ...
# Subtest: file-journal: real SIGKILL after inbox resumes the same input/work/delivery
ok 276 - file-journal: real SIGKILL after inbox resumes the same input/work/delivery
  ---
  duration_ms: 565.585495
  type: 'test'
  ...
# Subtest: file-journal: real SIGKILL after work resumes the same input/work/delivery
ok 277 - file-journal: real SIGKILL after work resumes the same input/work/delivery
  ---
  duration_ms: 664.341695
  type: 'test'
  ...
# Subtest: file-journal: real SIGKILL after delivery resumes the same input/work/delivery
ok 278 - file-journal: real SIGKILL after delivery resumes the same input/work/delivery
  ---
  duration_ms: 603.45779
  type: 'test'
  ...
# Subtest: sqlite: completed X and restarted Y share raw conversation but not work/evidence/budget
ok 279 - sqlite: completed X and restarted Y share raw conversation but not work/evidence/budget
  ---
  duration_ms: 560.520231
  type: 'test'
  ...
# Subtest: file-journal: completed X and restarted Y share raw conversation but not work/evidence/budget
ok 280 - file-journal: completed X and restarted Y share raw conversation but not work/evidence/budget
  ---
  duration_ms: 573.445145
  type: 'test'
  ...
# Subtest: same message retransmission recovers stable work; conflicting raw text is rejected before extra work
ok 281 - same message retransmission recovers stable work; conflicting raw text is rejected before extra work
  ---
  duration_ms: 91.156004
  type: 'test'
  ...
# Subtest: input/work linkage recovers after a failure following the durable work commit
ok 282 - input/work linkage recovers after a failure following the durable work commit
  ---
  duration_ms: 112.791143
  type: 'test'
  ...
# Subtest: agents/users/new sessions cannot access or inject another session even with a known session ID
ok 283 - agents/users/new sessions cannot access or inject another session even with a known session ID
  ---
  duration_ms: 191.235436
  type: 'test'
  ...
# Subtest: new applied text invalidates old context and requires review; a rejected command does not block the next input
ok 284 - new applied text invalidates old context and requires review; a rejected command does not block the next input
  ---
  duration_ms: 127.277906
  type: 'test'
  ...
# Subtest: Y can prepare before X without trapping X or regressing the active session head
ok 285 - Y can prepare before X without trapping X or regressing the active session head
  ---
  duration_ms: 111.887391
  type: 'test'
  ...
# Subtest: context capacity is explicit and preserves the received original for later compact
ok 286 - context capacity is explicit and preserves the received original for later compact
  ---
  duration_ms: 109.652278
  type: 'test'
  ...
# Subtest: sqlite: inputOnly resumes the same original once and still acknowledges it after completed work
ok 287 - sqlite: inputOnly resumes the same original once and still acknowledges it after completed work
  ---
  duration_ms: 599.071013
  type: 'test'
  ...
# Subtest: sqlite: inputOnly leaves later work and command intakes pending, while ordinary resume still applies both
ok 288 - sqlite: inputOnly leaves later work and command intakes pending, while ordinary resume still applies both
  ---
  duration_ms: 145.024396
  type: 'test'
  ...
# Subtest: file-journal: inputOnly resumes the same original once and still acknowledges it after completed work
ok 289 - file-journal: inputOnly resumes the same original once and still acknowledges it after completed work
  ---
  duration_ms: 556.414946
  type: 'test'
  ...
# Subtest: file-journal: inputOnly leaves later work and command intakes pending, while ordinary resume still applies both
ok 290 - file-journal: inputOnly leaves later work and command intakes pending, while ordinary resume still applies both
  ---
  duration_ms: 158.47213
  type: 'test'
  ...
# Subtest: inputOnly does not overtake an earlier pending work or automatically create another original
ok 291 - inputOnly does not overtake an earlier pending work or automatically create another original
  ---
  duration_ms: 95.636678
  type: 'test'
  ...
# Subtest: inputOnly catches a predecessor arriving between its preflight and durable receive
ok 292 - inputOnly catches a predecessor arriving between its preflight and durable receive
  ---
  duration_ms: 104.474971
  type: 'test'
  ...
# Subtest: inputOnly recovers a committed work command whose inbox settlement was interrupted
ok 293 - inputOnly recovers a committed work command whose inbox settlement was interrupted
  ---
  duration_ms: 111.47684
  type: 'test'
  ...
# Subtest: inputOnly keeps authorization, session binding, and stale revision rejection before memory capture
ok 294 - inputOnly keeps authorization, session binding, and stale revision rejection before memory capture
  ---
  duration_ms: 70.776052
  type: 'test'
  ...
# Subtest: owned v1 migration preserves exact work JSON, sources, receipts and index state without personal adoption
ok 295 - owned v1 migration preserves exact work JSON, sources, receipts and index state without personal adoption
  ---
  duration_ms: 30.846945
  type: 'test'
  ...
# Subtest: migration copy failure rolls back schema and all data, then the same owner can retry
ok 296 - migration copy failure rolls back schema and all data, then the same owner can retry
  ---
  duration_ms: 18.99417
  type: 'test'
  ...
# Subtest: unowned, foreign-owned and malformed legacy databases cannot be silently migrated
ok 297 - unowned, foreign-owned and malformed legacy databases cannot be silently migrated
  ---
  duration_ms: 36.065673
  type: 'test'
  ...
# Subtest: independent scoped reopens retain legacy shared/reviewed records and work index lag semantics
ok 298 - independent scoped reopens retain legacy shared/reviewed records and work index lag semantics
  ---
  duration_ms: 20.672542
  type: 'test'
  ...
# Subtest: actual SIGKILL at migration copied preserves the atomic schema and original receipt
ok 299 - actual SIGKILL at migration copied preserves the atomic schema and original receipt
  ---
  duration_ms: 172.309285
  type: 'test'
  ...
# Subtest: actual SIGKILL at migration committed preserves the atomic schema and original receipt
ok 300 - actual SIGKILL at migration committed preserves the atomic schema and original receipt
  ---
  duration_ms: 172.122422
  type: 'test'
  ...
# Subtest: personal commit indexes immediately, survives reopen, uses CAS and retains receipts after forgetting
ok 301 - personal commit indexes immediately, survives reopen, uses CAS and retains receipts after forgetting
  ---
  duration_ms: 44.100356
  type: 'test'
  ...
# Subtest: shared handles isolate identical IDs, receipts, heads and indexes across agents, users and tenants
ok 302 - shared handles isolate identical IDs, receipts, heads and indexes across agents, users and tenants
  ---
  duration_ms: 38.355804
  type: 'test'
  ...
# Subtest: personal scope is explicit and cannot enter legacy/work partitions or reviewer searches
ok 303 - personal scope is explicit and cannot enter legacy/work partitions or reviewer searches
  ---
  duration_ms: 12.873603
  type: 'test'
  ...
# Subtest: shared registration is explicit, immutable, distinct from single-agent owner and checked on reuse
ok 304 - shared registration is explicit, immutable, distinct from single-agent owner and checked on reuse
  ---
  duration_ms: 18.512483
  type: 'test'
  ...
# Subtest: personal record, index, head and receipt roll back together at index and receipt failures
ok 305 - personal record, index, head and receipt roll back together at index and receipt failures
  ---
  duration_ms: 7.243255
  type: 'test'
  ...
# Subtest: scoped canonical rows reject body identity tampering rather than returning another user record
ok 306 - scoped canonical rows reject body identity tampering rather than returning another user record
  ---
  duration_ms: 4.941972
  type: 'test'
  ...
# Subtest: session aliases persist by owner and route; explicit identifiers only resume their exact scope
ok 307 - session aliases persist by owner and route; explicit identifiers only resume their exact scope
  ---
  duration_ms: 30.402713
  type: 'test'
  ...
# Subtest: intake receipt is durable and idempotent; late settlement never replaces a newer active work
ok 308 - intake receipt is durable and idempotent; late settlement never replaces a newer active work
  ---
  duration_ms: 29.595088
  type: 'test'
  ...
# Subtest: head CAS retains tail and historic prefixes, assigning each candidate one permanent revision
ok 309 - head CAS retains tail and historic prefixes, assigning each candidate one permanent revision
  ---
  duration_ms: 20.238074
  type: 'test'
  ...
# Subtest: local response reference and canonical message commit atomically, with no response-body copy
ok 310 - local response reference and canonical message commit atomically, with no response-body copy
  ---
  duration_ms: 34.63981
  type: 'test'
  ...
# Subtest: a failed user-reference transaction leaves neither receipt nor consumed sequence
ok 311 - a failed user-reference transaction leaves neither receipt nor consumed sequence
  ---
  duration_ms: 8.941557
  type: 'test'
  ...
# Subtest: history applies label and destination policy before paging and binds cursors to a fixed scope/policy/prefix
ok 312 - history applies label and destination policy before paging and binds cursors to a fixed scope/policy/prefix
  ---
  duration_ms: 19.932367
  type: 'test'
  ...
# Subtest: delivery scope mismatch cannot append a message, and a missing session reference cannot claim delivered
ok 313 - delivery scope mismatch cannot append a message, and a missing session reference cannot claim delivered
  ---
  duration_ms: 9.495175
  type: 'test'
  ...
# Subtest: enabling sessions never adopts legacy local message bodies into a new session
ok 314 - enabling sessions never adopts legacy local message bodies into a new session
  ---
  duration_ms: 5.956183
  type: 'test'
  ...
# Subtest: agent-store composition exposes owner-bound sessions separately from each agents long-term memory
ok 315 - agent-store composition exposes owner-bound sessions separately from each agents long-term memory
  ---
  duration_ms: 214.338839
  type: 'test'
  ...
1..315
# tests 315
# suites 0
# pass 315
# fail 0
# cancelled 0
# skipped 0
# todo 0
# duration_ms 116013.934868
