TAP version 13
# Subtest: sqlite: completed X, three compacts in Y, and reopened Z retain quotes and independent work ledgers
ok 1 - sqlite: completed X, three compacts in Y, and reopened Z retain quotes and independent work ledgers
  ---
  duration_ms: 1477.374141
  type: 'test'
  ...
# Subtest: file-journal: completed X, three compacts in Y, and reopened Z retain quotes and independent work ledgers
ok 2 - file-journal: completed X, three compacts in Y, and reopened Z retain quotes and independent work ledgers
  ---
  duration_ms: 2003.987774
  type: 'test'
  ...
# Subtest: sqlite: SIGKILL after compact reply reuses stored response and preserves one usage settlement
ok 3 - sqlite: SIGKILL after compact reply reuses stored response and preserves one usage settlement
  ---
  duration_ms: 1021.75855
  type: 'test'
  ...
# Subtest: sqlite: SIGKILL after compact publication reuses stored response and preserves one usage settlement
ok 4 - sqlite: SIGKILL after compact publication reuses stored response and preserves one usage settlement
  ---
  duration_ms: 1036.948505
  type: 'test'
  ...
# Subtest: file-journal: SIGKILL after compact reply reuses stored response and preserves one usage settlement
ok 5 - file-journal: SIGKILL after compact reply reuses stored response and preserves one usage settlement
  ---
  duration_ms: 1265.887232
  type: 'test'
  ...
# Subtest: file-journal: SIGKILL after compact publication reuses stored response and preserves one usage settlement
ok 6 - file-journal: SIGKILL after compact publication reuses stored response and preserves one usage settlement
  ---
  duration_ms: 1420.504802
  type: 'test'
  ...
# Subtest: sqlite: repeated manual compact preserves actual history, then restarts with summary and latest raw input
ok 7 - sqlite: repeated manual compact preserves actual history, then restarts with summary and latest raw input
  ---
  duration_ms: 1146.01941
  type: 'test'
  ...
# Subtest: file-journal: repeated manual compact preserves actual history, then restarts with summary and latest raw input
ok 8 - file-journal: repeated manual compact preserves actual history, then restarts with summary and latest raw input
  ---
  duration_ms: 1492.897562
  type: 'test'
  ...
# Subtest: installed CLI explicitly enables synthetic compact; retry and readonly status do not create another call
ok 9 - installed CLI explicitly enables synthetic compact; retry and readonly status do not create another call
  ---
  duration_ms: 3872.415163
  type: 'test'
  ...
# Subtest: Web exposes safe unavailable and refused free-text compact without hiding or rewriting original messages
ok 10 - Web exposes safe unavailable and refused free-text compact without hiding or rewriting original messages
  ---
  duration_ms: 376.444968
  type: 'test'
  ...
# Subtest: Web exposes safe unavailable and refused unmatched-fixture compact without hiding or rewriting original messages
ok 11 - Web exposes safe unavailable and refused unmatched-fixture compact without hiding or rewriting original messages
  ---
  duration_ms: 298.031535
  type: 'test'
  ...
# Subtest: Web compact remains interruptible by input; late fixture reply cannot publish a summary
ok 12 - Web compact remains interruptible by input; late fixture reply cannot publish a summary
  ---
  duration_ms: 217.444236
  type: 'test'
  ...
# Subtest: Web compact remains interruptible by cancel; late fixture reply cannot publish a summary
ok 13 - Web compact remains interruptible by cancel; late fixture reply cannot publish a summary
  ---
  duration_ms: 204.978193
  type: 'test'
  ...
# Subtest: automatic compact precedes fixture execution when the current session tail exceeds its entry limit
ok 14 - automatic compact precedes fixture execution when the current session tail exceeds its entry limit
  ---
  duration_ms: 743.297117
  type: 'test'
  ...
# Subtest: context status is a separate compact reference projection; older responses cannot replace newer status
ok 15 - context status is a separate compact reference projection; older responses cannot replace newer status
  ---
  duration_ms: 0.614196
  type: 'test'
  ...
# Subtest: compact uses the normal reservation and usage ledger while accepting no plan or tool execution
ok 16 - compact uses the normal reservation and usage ledger while accepting no plan or tool execution
  ---
  duration_ms: 123.984217
  type: 'test'
  ...
# Subtest: a no-op explicit compact request stays a no-op after later context growth
ok 17 - a no-op explicit compact request stays a no-op after later context growth
  ---
  duration_ms: 21.980476
  type: 'test'
  ...
# Subtest: stored compact response recovers after publication but before work adoption, even after lease expiry
ok 18 - stored compact response recovers after publication but before work adoption, even after lease expiry
  ---
  duration_ms: 29.585704
  type: 'test'
  ...
# Subtest: an uncertain publish acknowledgement is reconciled by receipt without a second candidate
ok 19 - an uncertain publish acknowledgement is reconciled by receipt without a second candidate
  ---
  duration_ms: 24.597905
  type: 'test'
  ...
# Subtest: a timely received compact reply survives restart beyond its execution lease before first publication
ok 20 - a timely received compact reply survives restart beyond its execution lease before first publication
  ---
  duration_ms: 18.300958
  type: 'test'
  ...
# Subtest: an undispatched compact cancellation returns its reserved resources
ok 21 - an undispatched compact cancellation returns its reserved resources
  ---
  duration_ms: 14.841446
  type: 'test'
  ...
# Subtest: late compact after input does not publish but preserves reported usage
ok 22 - late compact after input does not publish but preserves reported usage
  ---
  duration_ms: 20.15236
  type: 'test'
  ...
# Subtest: late compact after cancel does not publish but preserves reported usage
ok 23 - late compact after cancel does not publish but preserves reported usage
  ---
  duration_ms: 22.527001
  type: 'test'
  ...
# Subtest: late compact after authority does not publish but preserves reported usage
ok 24 - late compact after authority does not publish but preserves reported usage
  ---
  duration_ms: 23.13115
  type: 'test'
  ...
# Subtest: compact transport failure retains unknown usage and prevents another unaccounted model call
ok 25 - compact transport failure retains unknown usage and prevents another unaccounted model call
  ---
  duration_ms: 16.757235
  type: 'test'
  ...
# Subtest: compact-only orchestration uses bounded raw context after failure and refuses a missing checkpoint context
ok 26 - compact-only orchestration uses bounded raw context after failure and refuses a missing checkpoint context
  ---
  duration_ms: 17.552257
  type: 'test'
  ...
# Subtest: a forged receipt cannot settle a compact response for another source manifest
ok 27 - a forged receipt cannot settle a compact response for another source manifest
  ---
  duration_ms: 12.254234
  type: 'test'
  ...
# Subtest: compact estimation is checked before any reservation or provider call
ok 28 - compact estimation is checked before any reservation or provider call
  ---
  duration_ms: 7.535937
  type: 'test'
  ...
# Subtest: a policy change after receipt rejects publication without recharging usage
ok 29 - a policy change after receipt rejects publication without recharging usage
  ---
  duration_ms: 11.288721
  type: 'test'
  ...
# Subtest: compact source rejects a history entry whose text differs from its immutable intake receipt
ok 30 - compact source rejects a history entry whose text differs from its immutable intake receipt
  ---
  duration_ms: 565.170426
  type: 'test'
  ...
# Subtest: matching altered history and receipt text still fail the original intake digest check
ok 31 - matching altered history and receipt text still fail the original intake digest check
  ---
  duration_ms: 295.501406
  type: 'test'
  ...
# Subtest: the first compact cannot publish an empty retained list for a segment containing user text
ok 32 - the first compact cannot publish an empty retained list for a segment containing user text
  ---
  duration_ms: 414.345885
  type: 'test'
  ...
# Subtest: repeated compact rejects deleting a retained item or changing its status without a new source
ok 33 - repeated compact rejects deleting a retained item or changing its status without a new source
  ---
  duration_ms: 925.304211
  type: 'test'
  ...
# Subtest: a valid source anchor does not permit an additional fabricated quotation
ok 34 - a valid source anchor does not permit an additional fabricated quotation
  ---
  duration_ms: 334.736208
  type: 'test'
  ...
# Subtest: fixed raw v1 and fixed summary v2 contexts remain current when only the summary head advances
ok 35 - fixed raw v1 and fixed summary v2 contexts remain current when only the summary head advances
  ---
  duration_ms: 476.282445
  type: 'test'
  ...
# Subtest: source policy withdrawal or actual original artifact loss invalidates an accepted derived summary
ok 36 - source policy withdrawal or actual original artifact loss invalidates an accepted derived summary
  ---
  duration_ms: 1005.301705
  type: 'test'
  ...
# Subtest: history queries a strict open-start closed-end interval and carries its bounds across pages
ok 37 - history queries a strict open-start closed-end interval and carries its bounds across pages
  ---
  duration_ms: 40.975129
  type: 'test'
  ...
# Subtest: legacy history cursors keep lower bound zero and malformed interval cursors fail closed
ok 38 - legacy history cursors keep lower bound zero and malformed interval cursors fail closed
  ---
  duration_ms: 22.22416
  type: 'test'
  ...
# Subtest: compact storage is an owner-checked additive extension; three revisions and receipts survive reopen without changing raw state
ok 39 - compact storage is an owner-checked additive extension; three revisions and receipts survive reopen without changing raw state
  ---
  duration_ms: 38.490773
  type: 'test'
  ...
# Subtest: summary CAS permits same-cutoff recovery and immutable earlier prefixes without regressing the active head
ok 40 - summary CAS permits same-cutoff recovery and immutable earlier prefixes without regressing the active head
  ---
  duration_ms: 39.344911
  type: 'test'
  ...
# Subtest: summary history can find an older same-cutoff revision before falling back to an earlier prefix
ok 41 - summary history can find an older same-cutoff revision before falling back to an earlier prefix
  ---
  duration_ms: 26.303313
  type: 'test'
  ...
# Subtest: policy reconstruction can retain several bounded prefixes below a newer physical head, then replace the same cutoff
ok 42 - policy reconstruction can retain several bounded prefixes below a newer physical head, then replace the same cutoff
  ---
  duration_ms: 11.188828
  type: 'test'
  ...
# Subtest: summary previous refs and scopes cannot substitute another agent, user or session
ok 43 - summary previous refs and scopes cannot substitute another agent, user or session
  ---
  duration_ms: 18.826824
  type: 'test'
  ...
# Subtest: compact publish refuses missing or foreign channel owners before adding extension tables
ok 44 - compact publish refuses missing or foreign channel owners before adding extension tables
  ---
  duration_ms: 34.433628
  type: 'test'
  ...
# Subtest: summary publication rollback preserves head and receipt; failed first publication rolls back its schema migration
ok 45 - summary publication rollback preserves head and receipt; failed first publication rolls back its schema migration
  ---
  duration_ms: 22.912364
  type: 'test'
  ...
# Subtest: two channel connections compete by summary CAS and recheck a changed owner before reading published summaries
ok 46 - two channel connections compete by summary CAS and recheck a changed owner before reading published summaries
  ---
  duration_ms: 13.511099
  type: 'test'
  ...
1..46
# tests 46
# suites 0
# pass 46
# fail 0
# cancelled 0
# skipped 0
# todo 0
# duration_ms 12877.559164
