TAP version 13
# Subtest: sqlite: installed CLI continues X → process restart → Y with exact raw input and owned stores
ok 1 - sqlite: installed CLI continues X → process restart → Y with exact raw input and owned stores
  ---
  duration_ms: 3027.94106
  type: 'test'
  ...
# Subtest: file-journal: installed CLI continues X → process restart → Y with exact raw input and owned stores
ok 2 - file-journal: installed CLI continues X → process restart → Y with exact raw input and owned stores
  ---
  duration_ms: 3044.638926
  type: 'test'
  ...
# Subtest: installed CLI input is durable once, new sessions are explicit, and foreign agent sessions remain unavailable
ok 3 - installed CLI input is durable once, new sessions are explicit, and foreign agent sessions remain unavailable
  ---
  duration_ms: 5478.106708
  type: 'test'
  ...
# Subtest: sqlite: Web auth reconnect preserves one durable conversation and common atomic question intake
ok 4 - sqlite: Web auth reconnect preserves one durable conversation and common atomic question intake
  ---
  duration_ms: 607.860057
  type: 'test'
  ...
# Subtest: file-journal: Web auth reconnect preserves one durable conversation and common atomic question intake
ok 5 - file-journal: Web auth reconnect preserves one durable conversation and common atomic question intake
  ---
  duration_ms: 714.175705
  type: 'test'
  ...
# Subtest: session context: Y receives prior utterances with source IDs while its work state and protected input remain independent
ok 6 - session context: Y receives prior utterances with source IDs while its work state and protected input remain independent
  ---
  duration_ms: 91.357979
  type: 'test'
  ...
# Subtest: session context: omitted, rewritten and foreign session packets are rejected even with an unchanged work revision
ok 7 - session context: omitted, rewritten and foreign session packets are rejected even with an unchanged work revision
  ---
  duration_ms: 37.344982
  type: 'test'
  ...
# Subtest: session context: oversized protected history refuses the model input instead of silently discarding prior agreements
ok 8 - session context: oversized protected history refuses the model input instead of silently discarding prior agreements
  ---
  duration_ms: 16.866322
  type: 'test'
  ...
# Subtest: session frame store: stage rejects altered text and previous refuses foreign or stale session bases
ok 9 - session frame store: stage rejects altered text and previous refuses foreign or stale session bases
  ---
  duration_ms: 48.279553
  type: 'test'
  ...
# Subtest: session planning: semantic version 3 reaches the actual planner and a newer unrelated session tail does not invalidate its fixed input
ok 10 - session planning: semantic version 3 reaches the actual planner and a newer unrelated session tail does not invalidate its fixed input
  ---
  duration_ms: 50.154006
  type: 'test'
  ...
# Subtest: session planning: an applied input invalidates a reserved call without copying or invoking its obsolete packet
ok 11 - session planning: an applied input invalidates a reserved call without copying or invoking its obsolete packet
  ---
  duration_ms: 28.987509
  type: 'test'
  ...
# Subtest: session planning: input applied during a model call rejects the late plan but retains reported usage
ok 12 - session planning: input applied during a model call rejects the late plan but retains reported usage
  ---
  duration_ms: 29.17013
  type: 'test'
  ...
# Subtest: session planning: losing access to the referenced conversation after execution prevents plan adoption
ok 13 - session planning: losing access to the referenced conversation after execution prevents plan adoption
  ---
  duration_ms: 17.71412
  type: 'test'
  ...
# Subtest: session planning: legacy non-session calls retain semantic version 2 and need no session provider
ok 14 - session planning: legacy non-session calls retain semantic version 2 and need no session provider
  ---
  duration_ms: 22.745389
  type: 'test'
  ...
# Subtest: session recovery: reconstruction retains source conversation, reuses an equal packet and refuses unavailable session inputs
ok 15 - session recovery: reconstruction retains source conversation, reuses an equal packet and refuses unavailable session inputs
  ---
  duration_ms: 27.643534
  type: 'test'
  ...
# Subtest: sqlite: actual session input cancels an unsent model reservation and returns its allocation
ok 16 - sqlite: actual session input cancels an unsent model reservation and returns its allocation
  ---
  duration_ms: 316.781463
  type: 'test'
  ...
# Subtest: sqlite: real session input during a model call rejects the late proposal and preserves usage
ok 17 - sqlite: real session input during a model call rejects the late proposal and preserves usage
  ---
  duration_ms: 211.759346
  type: 'test'
  ...
# Subtest: sqlite: real session cancel during a model call rejects the late proposal and preserves usage
ok 18 - sqlite: real session cancel during a model call rejects the late proposal and preserves usage
  ---
  duration_ms: 198.40903
  type: 'test'
  ...
# Subtest: sqlite: durable raw input left pending prevents tool execution and outbox sends until the same input is recovered
ok 19 - sqlite: durable raw input left pending prevents tool execution and outbox sends until the same input is recovered
  ---
  duration_ms: 141.355646
  type: 'test'
  ...
# Subtest: file-journal: actual session input cancels an unsent model reservation and returns its allocation
ok 20 - file-journal: actual session input cancels an unsent model reservation and returns its allocation
  ---
  duration_ms: 230.414496
  type: 'test'
  ...
# Subtest: file-journal: real session input during a model call rejects the late proposal and preserves usage
ok 21 - file-journal: real session input during a model call rejects the late proposal and preserves usage
  ---
  duration_ms: 268.744158
  type: 'test'
  ...
# Subtest: file-journal: real session cancel during a model call rejects the late proposal and preserves usage
ok 22 - file-journal: real session cancel during a model call rejects the late proposal and preserves usage
  ---
  duration_ms: 236.857453
  type: 'test'
  ...
# Subtest: file-journal: durable raw input left pending prevents tool execution and outbox sends until the same input is recovered
ok 23 - file-journal: durable raw input left pending prevents tool execution and outbox sends until the same input is recovered
  ---
  duration_ms: 181.906687
  type: 'test'
  ...
# Subtest: real session provider rejects a full pending page even when the blocked work appears only after that page
ok 24 - real session provider rejects a full pending page even when the blocked work appears only after that page
  ---
  duration_ms: 256.114426
  type: 'test'
  ...
# Subtest: real session history does not authorize a missing source artifact merely because a derived context remains readable
ok 25 - real session history does not authorize a missing source artifact merely because a derived context remains readable
  ---
  duration_ms: 358.467307
  type: 'test'
  ...
# Subtest: sqlite: real SIGKILL after inbox resumes the same input/work/delivery
ok 26 - sqlite: real SIGKILL after inbox resumes the same input/work/delivery
  ---
  duration_ms: 610.603501
  type: 'test'
  ...
# Subtest: sqlite: real SIGKILL after work resumes the same input/work/delivery
ok 27 - sqlite: real SIGKILL after work resumes the same input/work/delivery
  ---
  duration_ms: 563.234412
  type: 'test'
  ...
# Subtest: sqlite: real SIGKILL after delivery resumes the same input/work/delivery
ok 28 - sqlite: real SIGKILL after delivery resumes the same input/work/delivery
  ---
  duration_ms: 598.759379
  type: 'test'
  ...
# Subtest: file-journal: real SIGKILL after inbox resumes the same input/work/delivery
ok 29 - file-journal: real SIGKILL after inbox resumes the same input/work/delivery
  ---
  duration_ms: 592.821051
  type: 'test'
  ...
# Subtest: file-journal: real SIGKILL after work resumes the same input/work/delivery
ok 30 - file-journal: real SIGKILL after work resumes the same input/work/delivery
  ---
  duration_ms: 545.916591
  type: 'test'
  ...
# Subtest: file-journal: real SIGKILL after delivery resumes the same input/work/delivery
ok 31 - file-journal: real SIGKILL after delivery resumes the same input/work/delivery
  ---
  duration_ms: 557.355525
  type: 'test'
  ...
# Subtest: sqlite: completed X and restarted Y share raw conversation but not work/evidence/budget
ok 32 - sqlite: completed X and restarted Y share raw conversation but not work/evidence/budget
  ---
  duration_ms: 540.678058
  type: 'test'
  ...
# Subtest: file-journal: completed X and restarted Y share raw conversation but not work/evidence/budget
ok 33 - file-journal: completed X and restarted Y share raw conversation but not work/evidence/budget
  ---
  duration_ms: 510.743504
  type: 'test'
  ...
# Subtest: same message retransmission recovers stable work; conflicting raw text is rejected before extra work
ok 34 - same message retransmission recovers stable work; conflicting raw text is rejected before extra work
  ---
  duration_ms: 92.464919
  type: 'test'
  ...
# Subtest: input/work linkage recovers after a failure following the durable work commit
ok 35 - input/work linkage recovers after a failure following the durable work commit
  ---
  duration_ms: 92.02392
  type: 'test'
  ...
# Subtest: agents/users/new sessions cannot access or inject another session even with a known session ID
ok 36 - agents/users/new sessions cannot access or inject another session even with a known session ID
  ---
  duration_ms: 188.894855
  type: 'test'
  ...
# Subtest: new applied text invalidates old context and requires review; a rejected command does not block the next input
ok 37 - new applied text invalidates old context and requires review; a rejected command does not block the next input
  ---
  duration_ms: 151.430392
  type: 'test'
  ...
# Subtest: Y can prepare before X without trapping X or regressing the active session head
ok 38 - Y can prepare before X without trapping X or regressing the active session head
  ---
  duration_ms: 111.254037
  type: 'test'
  ...
# Subtest: context capacity is explicit and preserves the received original for later compact
ok 39 - context capacity is explicit and preserves the received original for later compact
  ---
  duration_ms: 105.891561
  type: 'test'
  ...
# Subtest: session aliases persist by owner and route; explicit identifiers only resume their exact scope
ok 40 - session aliases persist by owner and route; explicit identifiers only resume their exact scope
  ---
  duration_ms: 17.330932
  type: 'test'
  ...
# Subtest: intake receipt is durable and idempotent; late settlement never replaces a newer active work
ok 41 - intake receipt is durable and idempotent; late settlement never replaces a newer active work
  ---
  duration_ms: 29.256332
  type: 'test'
  ...
# Subtest: head CAS retains tail and historic prefixes, assigning each candidate one permanent revision
ok 42 - head CAS retains tail and historic prefixes, assigning each candidate one permanent revision
  ---
  duration_ms: 22.366334
  type: 'test'
  ...
# Subtest: local response reference and canonical message commit atomically, with no response-body copy
ok 43 - local response reference and canonical message commit atomically, with no response-body copy
  ---
  duration_ms: 28.446513
  type: 'test'
  ...
# Subtest: a failed user-reference transaction leaves neither receipt nor consumed sequence
ok 44 - a failed user-reference transaction leaves neither receipt nor consumed sequence
  ---
  duration_ms: 10.077481
  type: 'test'
  ...
# Subtest: history applies label and destination policy before paging and binds cursors to a fixed scope/policy/prefix
ok 45 - history applies label and destination policy before paging and binds cursors to a fixed scope/policy/prefix
  ---
  duration_ms: 23.606399
  type: 'test'
  ...
# Subtest: delivery scope mismatch cannot append a message, and a missing session reference cannot claim delivered
ok 46 - delivery scope mismatch cannot append a message, and a missing session reference cannot claim delivered
  ---
  duration_ms: 13.361989
  type: 'test'
  ...
# Subtest: enabling sessions never adopts legacy local message bodies into a new session
ok 47 - enabling sessions never adopts legacy local message bodies into a new session
  ---
  duration_ms: 8.415073
  type: 'test'
  ...
# Subtest: agent-store composition exposes owner-bound sessions separately from each agents long-term memory
ok 48 - agent-store composition exposes owner-bound sessions separately from each agents long-term memory
  ---
  duration_ms: 177.519807
  type: 'test'
  ...
1..48
# tests 48
# suites 0
# pass 48
# fail 0
# cancelled 0
# skipped 0
# todo 0
# duration_ms 13157.701165
