TAP version 13
# Subtest: file-journal agents separate identical work IDs, events and historical receipts across reopen
ok 1 - file-journal agents separate identical work IDs, events and historical receipts across reopen
  ---
  duration_ms: 258.231759
  type: 'test'
  ...
# Subtest: file-journal state keeps private memory and channel messages in separately owned SQLite databases
ok 2 - file-journal state keeps private memory and channel messages in separately owned SQLite databases
  ---
  duration_ms: 206.028474
  type: 'test'
  ...
# Subtest: a file-journal clone opens a fresh owned journal and empty SQLite memory and channel stores
ok 3 - a file-journal clone opens a fresh owned journal and empty SQLite memory and channel stores
  ---
  duration_ms: 192.693249
  type: 'test'
  ...
# Subtest: copying another agents complete journal is rejected before binding a new backend marker
ok 4 - copying another agents complete journal is rejected before binding a new backend marker
  ---
  duration_ms: 100.212603
  type: 'test'
  ...
# Subtest: file-journal selection does not bypass foreign memory or channel SQLite ownership
ok 5 - file-journal selection does not bypass foreign memory or channel SQLite ownership
  ---
  duration_ms: 241.858066
  type: 'test'
  ...
# Subtest: empty and populated legacy v1 journals are not automatically adopted by an agent
ok 6 - empty and populated legacy v1 journals are not automatically adopted by an agent
  ---
  duration_ms: 187.383341
  type: 'test'
  ...
# Subtest: changing config between SQLite and file-journal never creates a replacement state store
ok 7 - changing config between SQLite and file-journal never creates a replacement state store
  ---
  duration_ms: 248.994264
  type: 'test'
  ...
# Subtest: an owned legacy SQLite agent gains only its backend marker and preserves historical data
ok 8 - an owned legacy SQLite agent gains only its backend marker and preserves historical data
  ---
  duration_ms: 105.790014
  type: 'test'
  ...
# Subtest: an unowned legacy SQLite database is preserved without creating a backend marker
ok 9 - an unowned legacy SQLite database is preserved without creating a backend marker
  ---
  duration_ms: 90.373219
  type: 'test'
  ...
# Subtest: copying another agents backend marker is rejected before creating any state or private databases
ok 10 - copying another agents backend marker is rejected before creating any state or private databases
  ---
  duration_ms: 108.408436
  type: 'test'
  ...
# Subtest: malformed, unsupported or linked backend markers cannot initialize state stores
ok 11 - malformed, unsupported or linked backend markers cannot initialize state stores
  ---
  duration_ms: 238.309637
  type: 'test'
  ...
# Subtest: ambiguous existing SQLite and journal stores are preserved without choosing a new backend
ok 12 - ambiguous existing SQLite and journal stores are preserved without choosing a new backend
  ---
  duration_ms: 92.403892
  type: 'test'
  ...
# Subtest: concurrent CLI first storage opens retain one agent, backend selection and journal identity
ok 13 - concurrent CLI first storage opens retain one agent, backend selection and journal identity
  ---
  duration_ms: 1058.919278
  type: 'test'
  ...
# Subtest: clone resumes with one identity after actual process termination at setup-operation.json
ok 14 - clone resumes with one identity after actual process termination at setup-operation.json
  ---
  duration_ms: 359.479765
  type: 'test'
  ...
# Subtest: clone resumes with one identity after actual process termination at setup.json
ok 15 - clone resumes with one identity after actual process termination at setup.json
  ---
  duration_ms: 289.345723
  type: 'test'
  ...
# Subtest: clone resumes with one identity after actual process termination at identity.json
ok 16 - clone resumes with one identity after actual process termination at identity.json
  ---
  duration_ms: 294.472342
  type: 'test'
  ...
# Subtest: clone resumes with one identity after actual process termination at config.json
ok 17 - clone resumes with one identity after actual process termination at config.json
  ---
  duration_ms: 270.018481
  type: 'test'
  ...
# Subtest: clone resumes with one identity after actual process termination at skill
ok 18 - clone resumes with one identity after actual process termination at skill
  ---
  duration_ms: 333.733321
  type: 'test'
  ...
# Subtest: clone resumes with one identity after actual process termination at before-complete
ok 19 - clone resumes with one identity after actual process termination at before-complete
  ---
  duration_ms: 300.979862
  type: 'test'
  ...
# Subtest: a published completion survives process termination and later source/skill edits do not trigger recopy
ok 20 - a published completion survives process termination and later source/skill edits do not trigger recopy
  ---
  duration_ms: 225.954759
  type: 'test'
  ...
# Subtest: source changes and target conflicts are preserved during explicit clone resume
ok 21 - source changes and target conflicts are preserved during explicit clone resume
  ---
  duration_ms: 384.921546
  type: 'test'
  ...
# Subtest: pending clone blocks nested setup and CLI repair explains explicit clone resume
ok 22 - pending clone blocks nested setup and CLI repair explains explicit clone resume
  ---
  duration_ms: 1201.655957
  type: 'test'
  ...
# Subtest: general initialization keeps its selected identity after interruption at the operation marker
ok 23 - general initialization keeps its selected identity after interruption at the operation marker
  ---
  duration_ms: 238.622602
  type: 'test'
  ...
# Subtest: competing clone commands never assign two identities to the same destination
ok 24 - competing clone commands never assign two identities to the same destination
  ---
  duration_ms: 367.447691
  type: 'test'
  ...
# Subtest: initialization and clone contention leave a single coherent ready profile
ok 25 - initialization and clone contention leave a single coherent ready profile
  ---
  duration_ms: 240.609779
  type: 'test'
  ...
# Subtest: a target config changed during skill publication cannot be marked clone-complete
ok 26 - a target config changed during skill publication cannot be marked clone-complete
  ---
  duration_ms: 260.429656
  type: 'test'
  ...
# Subtest: legacy v1 setup without an operation marker reopens untouched and repairs with its existing identity
ok 27 - legacy v1 setup without an operation marker reopens untouched and repairs with its existing identity
  ---
  duration_ms: 95.2963
  type: 'test'
  ...
# Subtest: pending filenames cannot hide data in clone memory, workspace or artifact directories
ok 28 - pending filenames cannot hide data in clone memory, workspace or artifact directories
  ---
  duration_ms: 250.925445
  type: 'test'
  ...
# Subtest: one interrupted publication at the entries boundary can resume with its safe pending file
ok 29 - one interrupted publication at the entries boundary can resume with its safe pending file
  ---
  duration_ms: 1844.688044
  type: 'test'
  ...
# Subtest: one interrupted publication at the bytes boundary can resume with its safe pending file
ok 30 - one interrupted publication at the bytes boundary can resume with its safe pending file
  ---
  duration_ms: 769.825336
  type: 'test'
  ...
# Subtest: clone creates a fresh identity while preserving reusable configuration and the original files
ok 31 - clone creates a fresh identity while preserving reusable configuration and the original files
  ---
  duration_ms: 149.739233
  type: 'test'
  ...
# Subtest: clone copies skill bytes, nested empty directories and executable bits without linking source files
ok 32 - clone copies skill bytes, nested empty directories and executable bits without linking source files
  ---
  duration_ms: 139.822771
  type: 'test'
  ...
# Subtest: clone starts with independent empty stores despite source work, memory, conversation and artifacts
ok 33 - clone starts with independent empty stores despite source work, memory, conversation and artifacts
  ---
  duration_ms: 230.805433
  type: 'test'
  ...
# Subtest: ordinary clone never overwrites an existing empty, populated or initialized destination
ok 34 - ordinary clone never overwrites an existing empty, populated or initialized destination
  ---
  duration_ms: 121.720158
  type: 'test'
  ...
# Subtest: clone rejects source overlap, nested agents and engine destinations without changing either tree
ok 35 - clone rejects source overlap, nested agents and engine destinations without changing either tree
  ---
  duration_ms: 93.782075
  type: 'test'
  ...
# Subtest: clone rejects missing or malformed sources and invalid options without creating a destination
ok 36 - clone rejects missing or malformed sources and invalid options without creating a destination
  ---
  duration_ms: 61.167996
  type: 'test'
  ...
# Subtest: clone rejects skill file and directory symlinks without modifying their outside targets
ok 37 - clone rejects skill file and directory symlinks without modifying their outside targets
  ---
  duration_ms: 55.118332
  type: 'test'
  ...
# Subtest: clone rejects hard-linked skill files and leaves both links unchanged
ok 38 - clone rejects hard-linked skill files and leaves both links unchanged
  ---
  duration_ms: 43.613173
  type: 'test'
  ...
# Subtest: clone rejects a POSIX FIFO skill instead of blocking on its contents
ok 39 - clone rejects a POSIX FIFO skill instead of blocking on its contents
  ---
  duration_ms: 279.014268
  type: 'test'
  ...
# Subtest: clone permits a four-MiB skill file and rejects a file exceeding that limit
ok 40 - clone permits a four-MiB skill file and rejects a file exceeding that limit
  ---
  duration_ms: 159.784301
  type: 'test'
  ...
# Subtest: clone enforces snapshot entry, total-byte and directory-depth limits
ok 41 - clone enforces snapshot entry, total-byte and directory-depth limits
  ---
  duration_ms: 289.466817
  type: 'test'
  ...
# Subtest: pending clone rejects changed source skills or config and cannot be completed by ordinary init or repair
ok 42 - pending clone rejects changed source skills or config and cannot be completed by ordinary init or repair
  ---
  duration_ms: 243.92276
  type: 'test'
  ...
# Subtest: pending clone preserves target file conflicts instead of overwriting or accepting them
ok 43 - pending clone preserves target file conflicts instead of overwriting or accepting them
  ---
  duration_ms: 178.092962
  type: 'test'
  ...
# Subtest: finished clone resumes idempotently and ordinary reopen preserves subsequent skill edits
ok 44 - finished clone resumes idempotently and ordinary reopen preserves subsequent skill edits
  ---
  duration_ms: 98.433679
  type: 'test'
  ...
# Subtest: CLI clone reports the new ready profile and supports explicit completed-clone resume
ok 45 - CLI clone reports the new ready profile and supports explicit completed-clone resume
  ---
  duration_ms: 1004.847741
  type: 'test'
  ...
# Subtest: default SQLite personal selection stays bound on restart without creating a document store
ok 46 - default SQLite personal selection stays bound on restart without creating a document store
  ---
  duration_ms: 109.091215
  type: 'test'
  ...
# Subtest: a completed document store cannot disappear and silently return an empty SQLite personal partition
ok 47 - a completed document store cannot disappear and silently return an empty SQLite personal partition
  ---
  duration_ms: 197.703304
  type: 'test'
  ...
# Subtest: registration completion can resume after the owner was created without discarding a committed memory
ok 48 - registration completion can resume after the owner was created without discarding a committed memory
  ---
  duration_ms: 254.453671
  type: 'test'
  ...
# Subtest: documents cannot be assigned over an existing SQLite store without a migration
ok 49 - documents cannot be assigned over an existing SQLite store without a migration
  ---
  duration_ms: 54.970249
  type: 'test'
  ...
# Subtest: replacing the config with a legacy default cannot reroute an assigned document partition
ok 50 - replacing the config with a legacy default cannot reroute an assigned document partition
  ---
  duration_ms: 94.358478
  type: 'test'
  ...
# Subtest: a missing assignment behind an existing completion does not create a new owner
ok 51 - a missing assignment behind an existing completion does not create a new owner
  ---
  duration_ms: 71.9061
  type: 'test'
  ...
# Subtest: moving the whole document-backed agent keeps its owner, receipts and revision transitions
ok 52 - moving the whole document-backed agent keeps its owner, receipts and revision transitions
  ---
  duration_ms: 317.127551
  type: 'test'
  ...
# Subtest: personal repository errors do not fall back and closing still releases both repositories
ok 53 - personal repository errors do not fall back and closing still releases both repositories
  ---
  duration_ms: 1.477335
  type: 'test'
  ...
# Subtest: first document open reobserves assignment when another process publishes readiness after its initial ENOENT
ok 54 - first document open reobserves assignment when another process publishes readiness after its initial ENOENT
  ---
  duration_ms: 664.0727
  type: 'test'
  ...
# Subtest: simultaneous document first opens converge on the same assignment and readiness without replacing them
ok 55 - simultaneous document first opens converge on the same assignment and readiness without replacing them
  ---
  duration_ms: 529.809114
  type: 'test'
  ...
# Subtest: initialization joins the same identity published after its first empty metadata observation
ok 56 - initialization joins the same identity published after its first empty metadata observation
  ---
  duration_ms: 401.81626
  type: 'test'
  ...
# Subtest: initialization reobserves malformed metadata after a concurrent publication and refuses without replacement
ok 57 - initialization reobserves malformed metadata after a concurrent publication and refuses without replacement
  ---
  duration_ms: 297.345337
  type: 'test'
  ...
# Subtest: initialization reobserves mismatch metadata after a concurrent publication and refuses without replacement
ok 58 - initialization reobserves mismatch metadata after a concurrent publication and refuses without replacement
  ---
  duration_ms: 526.693655
  type: 'test'
  ...
# Subtest: reobserving genuinely unowned metadata or memory still refuses assignment and preserves every original file
ok 59 - reobserving genuinely unowned metadata or memory still refuses assignment and preserves every original file
  ---
  duration_ms: 37.223142
  type: 'test'
  ...
# Subtest: agent setup preserves files, creates private identity/config and reopens without a model
ok 60 - agent setup preserves files, creates private identity/config and reopens without a model
  ---
  duration_ms: 98.626105
  type: 'test'
  ...
# Subtest: status and invalid initialization options do not create files
ok 61 - status and invalid initialization options do not create files
  ---
  duration_ms: 3.26707
  type: 'test'
  ...
# Subtest: separate directories get distinct IDs and moving a directory preserves its identity
ok 62 - separate directories get distinct IDs and moving a directory preserves its identity
  ---
  duration_ms: 97.610638
  type: 'test'
  ...
# Subtest: initialization can finish after a process stops between identity and config publication
ok 63 - initialization can finish after a process stops between identity and config publication
  ---
  duration_ms: 90.396769
  type: 'test'
  ...
# Subtest: missing identity uses explicit repair with the existing config; missing completed config is not reset
ok 64 - missing identity uses explicit repair with the existing config; missing completed config is not reset
  ---
  duration_ms: 75.052987
  type: 'test'
  ...
# Subtest: completed layout repairs missing directories only with explicit repair and preserves existing state
ok 65 - completed layout repairs missing directories only with explicit repair and preserves existing state
  ---
  duration_ms: 70.458127
  type: 'test'
  ...
# Subtest: unknown data without identity is not assigned a new ID
ok 66 - unknown data without identity is not assigned a new ID
  ---
  duration_ms: 6.774871
  type: 'test'
  ...
# Subtest: config identity mismatch, unsupported versions and malformed documents are preserved
ok 67 - config identity mismatch, unsupported versions and malformed documents are preserved
  ---
  duration_ms: 52.286959
  type: 'test'
  ...
# Subtest: metadata symlinks and external hard links cannot be used for setup
ok 68 - metadata symlinks and external hard links cannot be used for setup
  ---
  duration_ms: 53.928528
  type: 'test'
  ...
# Subtest: managed directory links and writable/public metadata are rejected without changing permissions
ok 69 - managed directory links and writable/public metadata are rejected without changing permissions
  ---
  duration_ms: 28.706247
  type: 'test'
  ...
# Subtest: engine overlap and nested agent registration are rejected
ok 70 - engine overlap and nested agent registration are rejected
  ---
  duration_ms: 50.886291
  type: 'test'
  ...
# Subtest: CLI first call, status, version and invalid commands expose readiness without claiming runtime execution
ok 71 - CLI first call, status, version and invalid commands expose readiness without claiming runtime execution
  ---
  duration_ms: 934.207398
  type: 'test'
  ...
# Subtest: separate CLI processes initializing concurrently settle on exactly one identity
ok 72 - separate CLI processes initializing concurrently settle on exactly one identity
  ---
  duration_ms: 768.701723
  type: 'test'
  ...
# Subtest: setup mutations: a new private root syncs its unchanged 0755 parent before publishing ownership
ok 73 - setup mutations: a new private root syncs its unchanged 0755 parent before publishing ownership
  ---
  duration_ms: 226.88425
  type: 'test'
  ...
# Subtest: setup mutations: a failed new-root parent barrier reports creation uncertainty and a retry finishes the existing directory
ok 74 - setup mutations: a failed new-root parent barrier reports creation uncertainty and a retry finishes the existing directory
  ---
  duration_ms: 228.630358
  type: 'test'
  ...
# Subtest: setup mutations: write-failure before identity publication preserves the original I/O cause and resumes the same operation
ok 75 - setup mutations: write-failure before identity publication preserves the original I/O cause and resumes the same operation
  ---
  duration_ms: 233.700791
  type: 'test'
  ...
# Subtest: setup mutations: file-sync-failure before identity publication preserves the original I/O cause and resumes the same operation
ok 76 - setup mutations: file-sync-failure before identity publication preserves the original I/O cause and resumes the same operation
  ---
  duration_ms: 193.106773
  type: 'test'
  ...
# Subtest: setup mutations: link-after-failure reports published uncertainty with the original cause and can re-observe the same identity
ok 77 - setup mutations: link-after-failure reports published uncertainty with the original cause and can re-observe the same identity
  ---
  duration_ms: 217.274626
  type: 'test'
  ...
# Subtest: setup mutations: unlink-failure reports published uncertainty with the original cause and can re-observe the same identity
ok 78 - setup mutations: unlink-failure reports published uncertainty with the original cause and can re-observe the same identity
  ---
  duration_ms: 192.916299
  type: 'test'
  ...
# Subtest: setup mutations: directory-sync-failure reports published uncertainty with the original cause and can re-observe the same identity
ok 79 - setup mutations: directory-sync-failure reports published uncertainty with the original cause and can re-observe the same identity
  ---
  duration_ms: 181.263557
  type: 'test'
  ...
# Subtest: setup mutations: swap-parent after a candidate fsync rejects substitution without cleaning foreign names
ok 80 - setup mutations: swap-parent after a candidate fsync rejects substitution without cleaning foreign names
  ---
  duration_ms: 453.901308
  type: 'test'
  ...
# Subtest: setup mutations: swap-root after a candidate fsync rejects substitution without cleaning foreign names
ok 81 - setup mutations: swap-root after a candidate fsync rejects substitution without cleaning foreign names
  ---
  duration_ms: 327.646753
  type: 'test'
  ...
# Subtest: setup mutations: swap-metadata after a candidate fsync rejects substitution without cleaning foreign names
ok 82 - setup mutations: swap-metadata after a candidate fsync rejects substitution without cleaning foreign names
  ---
  duration_ms: 140.008315
  type: 'test'
  ...
# Subtest: setup mutations: the engine boundary rejects before any mutation scope can create a target
ok 83 - setup mutations: the engine boundary rejects before any mutation scope can create a target
  ---
  duration_ms: 133.112457
  type: 'test'
  ...
# Subtest: setup mutations: actual SIGKILL at kill-identity-synced preserves the published operation and resumes without reallocating identity
ok 84 - setup mutations: actual SIGKILL at kill-identity-synced preserves the published operation and resumes without reallocating identity
  ---
  duration_ms: 209.297482
  type: 'test'
  ...
# Subtest: setup mutations: actual SIGKILL at kill-config-linked preserves the published operation and resumes without reallocating identity
ok 85 - setup mutations: actual SIGKILL at kill-config-linked preserves the published operation and resumes without reallocating identity
  ---
  duration_ms: 210.079475
  type: 'test'
  ...
# Subtest: setup mutations: actual SIGKILL at kill-receipt-linked preserves the published operation and resumes without reallocating identity
ok 86 - setup mutations: actual SIGKILL at kill-receipt-linked preserves the published operation and resumes without reallocating identity
  ---
  duration_ms: 195.418485
  type: 'test'
  ...
# Subtest: sqlite initialization recovers after actual termination at before-profile
ok 87 - sqlite initialization recovers after actual termination at before-profile
  ---
  duration_ms: 334.208945
  type: 'test'
  ...
# Subtest: sqlite initialization recovers after actual termination at published-profile
ok 88 - sqlite initialization recovers after actual termination at published-profile
  ---
  duration_ms: 320.291272
  type: 'test'
  ...
# Subtest: file-journal initialization recovers after actual termination at before-profile
ok 89 - file-journal initialization recovers after actual termination at before-profile
  ---
  duration_ms: 294.172004
  type: 'test'
  ...
# Subtest: file-journal initialization recovers after actual termination at published-profile
ok 90 - file-journal initialization recovers after actual termination at published-profile
  ---
  duration_ms: 305.482425
  type: 'test'
  ...
# Subtest: assignment permits recovery of the empty runtime.sqlite left by actual termination
ok 91 - assignment permits recovery of the empty runtime.sqlite left by actual termination
  ---
  duration_ms: 305.297592
  type: 'test'
  ...
# Subtest: assignment permits recovery of the empty memory.sqlite left by actual termination
ok 92 - assignment permits recovery of the empty memory.sqlite left by actual termination
  ---
  duration_ms: 316.146256
  type: 'test'
  ...
# Subtest: assignment permits recovery of the empty channel.sqlite left by actual termination
ok 93 - assignment permits recovery of the empty channel.sqlite left by actual termination
  ---
  duration_ms: 297.701053
  type: 'test'
  ...
# Subtest: an empty preexisting state database without assignment is not adopted
ok 94 - an empty preexisting state database without assignment is not adopted
  ---
  duration_ms: 52.437821
  type: 'test'
  ...
# Subtest: an empty preexisting memory database without assignment is not adopted
ok 95 - an empty preexisting memory database without assignment is not adopted
  ---
  duration_ms: 44.521565
  type: 'test'
  ...
# Subtest: an empty preexisting channel database without assignment is not adopted
ok 96 - an empty preexisting channel database without assignment is not adopted
  ---
  duration_ms: 45.913319
  type: 'test'
  ...
# Subtest: a valid assignment cannot adopt a database with unknown application data
ok 97 - a valid assignment cannot adopt a database with unknown application data
  ---
  duration_ms: 272.058017
  type: 'test'
  ...
# Subtest: competing backend snapshots publish one choice and cannot create both stores
ok 98 - competing backend snapshots publish one choice and cannot create both stores
  ---
  duration_ms: 463.361832
  type: 'test'
  ...
# Subtest: two agent stores reuse existing adapters while separating identical work/memory IDs and preserving reopen
ok 99 - two agent stores reuse existing adapters while separating identical work/memory IDs and preserving reopen
  ---
  duration_ms: 237.199988
  type: 'test'
  ...
# Subtest: agent work files cannot traverse into engine or another agent and remain separate
ok 100 - agent work files cannot traverse into engine or another agent and remain separate
  ---
  duration_ms: 153.798962
  type: 'test'
  ...
# Subtest: copying another agents database is detected by its durable owner before runtime access
ok 101 - copying another agents database is detected by its durable owner before runtime access
  ---
  duration_ms: 131.412956
  type: 'test'
  ...
# Subtest: unowned existing databases are not silently adopted
ok 102 - unowned existing databases are not silently adopted
  ---
  duration_ms: 81.392391
  type: 'test'
  ...
# Subtest: symlink database and sidecar destinations cannot overwrite another file
ok 103 - symlink database and sidecar destinations cannot overwrite another file
  ---
  duration_ms: 75.509594
  type: 'test'
  ...
# Subtest: changing config after SQLite initialization cannot replace it with an empty journal
ok 104 - changing config after SQLite initialization cannot replace it with an empty journal
  ---
  duration_ms: 87.486836
  type: 'test'
  ...
# Subtest: document codec preserves body bytes and rejects malformed UTF-8, checksum, identity and schema changes
ok 105 - document codec preserves body bytes and rejects malformed UTF-8, checksum, identity and schema changes
  ---
  duration_ms: 25.804337
  type: 'test'
  ...
# Subtest: a deleted forgotten tail or whole namespace cannot resurrect prior active memory after reopening
ok 106 - a deleted forgotten tail or whole namespace cannot resurrect prior active memory after reopening
  ---
  duration_ms: 347.84687
  type: 'test'
  ...
# Subtest: document reads reject external links, unsafe permissions, unknown files and tampered witnesses without falling back
ok 107 - document reads reject external links, unsafe permissions, unknown files and tampered witnesses without falling back
  ---
  duration_ms: 271.273805
  type: 'test'
  ...
# Subtest: bounded namespace enumeration and file bytes fail explicitly rather than truncating history
ok 108 - bounded namespace enumeration and file bytes fail explicitly rather than truncating history
  ---
  duration_ms: 228.923006
  type: 'test'
  ...
# Subtest: actual SIGKILL at document candidate keeps only canonical publication and resumes witness through get
ok 109 - actual SIGKILL at document candidate keeps only canonical publication and resumes witness through get
  ---
  duration_ms: 393.493553
  type: 'test'
  ...
# Subtest: actual SIGKILL at document event keeps only canonical publication and resumes witness through get
ok 110 - actual SIGKILL at document event keeps only canonical publication and resumes witness through get
  ---
  duration_ms: 210.49406
  type: 'test'
  ...
# Subtest: post-publication sync EIO preserves original cause and publication state; receipt-first retry recovers
ok 111 - post-publication sync EIO preserves original cause and publication state; receipt-first retry recovers
  ---
  duration_ms: 278.782492
  type: 'test'
  ...
# Subtest: separate processes contend on one namespace with same memory IDs
ok 112 - separate processes contend on one namespace with same memory IDs
  ---
  duration_ms: 308.210982
  type: 'test'
  ...
# Subtest: separate processes contend on one namespace with different memory IDs
ok 113 - separate processes contend on one namespace with different memory IDs
  ---
  duration_ms: 341.474501
  type: 'test'
  ...
# Subtest: document storage requires explicit registration, preserves a 0755 supplied parent and pins copied owner binding
ok 114 - document storage requires explicit registration, preserves a 0755 supplied parent and pins copied owner binding
  ---
  duration_ms: 121.931663
  type: 'test'
  ...
# Subtest: Markdown record and receipt survive reopen, exact text, revision CAS, correction and forgetting without resurrection
ok 115 - Markdown record and receipt survive reopen, exact text, revision CAS, correction and forgetting without resurrection
  ---
  duration_ms: 446.580483
  type: 'test'
  ...
# Subtest: document namespaces isolate tenant, principal, refs, receipts and index error/rebuild state
ok 116 - document namespaces isolate tenant, principal, refs, receipts and index error/rebuild state
  ---
  duration_ms: 929.534494
  type: 'test'
  ...
# Subtest: document candidate ordering, maximum and private labels follow the existing personal repository contract
ok 117 - document candidate ordering, maximum and private labels follow the existing personal repository contract
  ---
  duration_ms: 194.082489
  type: 'test'
  ...
# Subtest: remember duplicate repairs an event-only suffix through receipt-first reads without another canonical commit
ok 118 - remember duplicate repairs an event-only suffix through receipt-first reads without another canonical commit
  ---
  duration_ms: 787.170045
  type: 'test'
  ...
# Subtest: forget duplicate repairs its event-only suffix through get-first reads and leaves the memory deleted
ok 119 - forget duplicate repairs its event-only suffix through get-first reads and leaves the memory deleted
  ---
  duration_ms: 940.914494
  type: 'test'
  ...
# Subtest: C01 resumes an assigned owner-pending-only registration using a new owner publication and preserves the prior candidate
ok 120 - C01 resumes an assigned owner-pending-only registration using a new owner publication and preserves the prior candidate
  ---
  duration_ms: 175.178738
  type: 'test'
  ...
# Subtest: C01 refuses partial pending-only registration and preserves its unconfirmed bytes
ok 121 - C01 refuses partial pending-only registration and preserves its unconfirmed bytes
  ---
  duration_ms: 107.344868
  type: 'test'
  ...
# Subtest: C01 refuses foreign-owner pending-only registration and preserves its unconfirmed bytes
ok 122 - C01 refuses foreign-owner pending-only registration and preserves its unconfirmed bytes
  ---
  duration_ms: 104.955068
  type: 'test'
  ...
# Subtest: registration re-enumerates a disappeared owned pending file without rewriting owner or format
ok 123 - registration re-enumerates a disappeared owned pending file without rewriting owner or format
  ---
  duration_ms: 111.667515
  type: 'test'
  ...
# Subtest: CLI init explicitly selects documents, preserves ready choices and truthfully advertises schema support
ok 124 - CLI init explicitly selects documents, preserves ready choices and truthfully advertises schema support
  ---
  duration_ms: 2996.115585
  type: 'test'
  ...
# Subtest: sqlite: existing Web memory lifecycle uses documents while real Evidence memory stays in SQLite
ok 125 - sqlite: existing Web memory lifecycle uses documents while real Evidence memory stays in SQLite
  ---
  duration_ms: 4612.182496
  type: 'test'
  ...
# Subtest: file-journal: existing Web memory lifecycle uses documents while real Evidence memory stays in SQLite
ok 126 - file-journal: existing Web memory lifecycle uses documents while real Evidence memory stays in SQLite
  ---
  duration_ms: 4132.52549
  type: 'test'
  ...
# Subtest: built CLI entrypoint document-backed memory survives separate processes and uses the existing explicit recall commands
ok 127 - built CLI entrypoint document-backed memory survives separate processes and uses the existing explicit recall commands
  ---
  duration_ms: 9081.445083
  type: 'test'
  ...
# Subtest: ordinary and explicit SQLite setup retain the exact v1 configuration and initialize operation shapes
ok 128 - ordinary and explicit SQLite setup retain the exact v1 configuration and initialize operation shapes
  ---
  duration_ms: 85.2218
  type: 'test'
  ...
# Subtest: documents setup persists a distinct v2 choice while retaining the existing SQLite work-memory path
ok 129 - documents setup persists a distinct v2 choice while retaining the existing SQLite work-memory path
  ---
  duration_ms: 65.025763
  type: 'test'
  ...
# Subtest: operation-only: a saved document setup resumes with the same store and agent when the option is omitted
ok 130 - operation-only: a saved document setup resumes with the same store and agent when the option is omitted
  ---
  duration_ms: 91.654038
  type: 'test'
  ...
# Subtest: identity-published: a saved document setup resumes with the same store and agent when the option is omitted
ok 131 - identity-published: a saved document setup resumes with the same store and agent when the option is omitted
  ---
  duration_ms: 72.435924
  type: 'test'
  ...
# Subtest: ready and incomplete profiles reject an explicit backend switch without replacing their saved choice
ok 132 - ready and incomplete profiles reject an explicit backend switch without replacing their saved choice
  ---
  duration_ms: 131.54429
  type: 'test'
  ...
# Subtest: explicit missing-identity repair preserves document assignment and does not restore a missing completed config by default
ok 133 - explicit missing-identity repair preserves document assignment and does not restore a missing completed config by default
  ---
  duration_ms: 92.926252
  type: 'test'
  ...
# Subtest: documents inspection rejects store-id without repairing the conflicting original
ok 134 - documents inspection rejects store-id without repairing the conflicting original
  ---
  duration_ms: 35.93116
  type: 'test'
  ...
# Subtest: documents inspection rejects downgrade-config without repairing the conflicting original
ok 135 - documents inspection rejects downgrade-config without repairing the conflicting original
  ---
  duration_ms: 50.816597
  type: 'test'
  ...
# Subtest: documents inspection rejects downgrade-operation without repairing the conflicting original
ok 136 - documents inspection rejects downgrade-operation without repairing the conflicting original
  ---
  duration_ms: 46.682143
  type: 'test'
  ...
# Subtest: documents inspection rejects missing-operation without repairing the conflicting original
ok 137 - documents inspection rejects missing-operation without repairing the conflicting original
  ---
  duration_ms: 45.228741
  type: 'test'
  ...
# Subtest: a v1 setup cannot acquire a document store by editing only config, and malformed or unknown versions are rejected
ok 138 - a v1 setup cannot acquire a document store by editing only config, and malformed or unknown versions are rejected
  ---
  duration_ms: 40.973917
  type: 'test'
  ...
# Subtest: the personal assignment fence preserves the existing independent state-backend selection
ok 139 - the personal assignment fence preserves the existing independent state-backend selection
  ---
  duration_ms: 51.245943
  type: 'test'
  ...
# Subtest: document clone gives the new agent a new store and copies skills without any original memories
ok 140 - document clone gives the new agent a new store and copies skills without any original memories
  ---
  duration_ms: 117.306989
  type: 'test'
  ...
# Subtest: an incomplete document clone resumes the same recorded target store and identity
ok 141 - an incomplete document clone resumes the same recorded target store and identity
  ---
  duration_ms: 137.354179
  type: 'test'
  ...
# Subtest: an incomplete document clone still refuses changed source config
ok 142 - an incomplete document clone still refuses changed source config
  ---
  duration_ms: 98.165367
  type: 'test'
  ...
# Subtest: an incomplete document clone still refuses changed source skills
ok 143 - an incomplete document clone still refuses changed source skills
  ---
  duration_ms: 101.832113
  type: 'test'
  ...
# Subtest: sqlite: Web draft explicit apply preserves source and receipt across stale work view, forget and reopen
ok 144 - sqlite: Web draft explicit apply preserves source and receipt across stale work view, forget and reopen
  ---
  duration_ms: 9466.692923
  type: 'test'
  ...
# Subtest: file-journal: Web draft explicit apply preserves source and receipt across stale work view, forget and reopen
ok 145 - file-journal: Web draft explicit apply preserves source and receipt across stale work view, forget and reopen
  ---
  duration_ms: 9543.145368
  type: 'test'
  ...
# Subtest: Web resumes a prepared apply ID after input failure using saved content, not later editor bytes
ok 146 - Web resumes a prepared apply ID after input failure using saved content, not later editor bytes
  ---
  duration_ms: 1456.718988
  type: 'test'
  ...
# Subtest: Web unchanged draft records its status without a new user message or memory revision
ok 147 - Web unchanged draft records its status without a new user message or memory revision
  ---
  duration_ms: 1003.64209
  type: 'test'
  ...
# Subtest: Web draft apply, status and resume reject another selected session and read-only mutations
ok 148 - Web draft apply, status and resume reject another selected session and read-only mutations
  ---
  duration_ms: 1135.019927
  type: 'test'
  ...
# Subtest: Web draft transport rejects arbitrary paths and identities before accessing draft files
ok 149 - Web draft transport rejects arbitrary paths and identities before accessing draft files
  ---
  duration_ms: 374.978627
  type: 'test'
  ...
# Subtest: default SQLite profile advertises no document drafts and refuses draft creation
ok 150 - default SQLite profile advertises no document drafts and refuses draft creation
  ---
  duration_ms: 101.673424
  type: 'test'
  ...
# Subtest: draft completion text describes its recorded revision without claiming it is the current active memory
ok 151 - draft completion text describes its recorded revision without claiming it is the current active memory
  ---
  duration_ms: 0.561696
  type: 'test'
  ...
# Subtest: sqlite: installed CLI continues X → process restart → Y with exact raw input and owned stores
ok 152 - sqlite: installed CLI continues X → process restart → Y with exact raw input and owned stores
  ---
  duration_ms: 2804.945952
  type: 'test'
  ...
# Subtest: file-journal: installed CLI continues X → process restart → Y with exact raw input and owned stores
ok 153 - file-journal: installed CLI continues X → process restart → Y with exact raw input and owned stores
  ---
  duration_ms: 2949.19172
  type: 'test'
  ...
# Subtest: installed CLI input is durable once, new sessions are explicit, and foreign agent sessions remain unavailable
ok 154 - installed CLI input is durable once, new sessions are explicit, and foreign agent sessions remain unavailable
  ---
  duration_ms: 5706.819473
  type: 'test'
  ...
# Subtest: sqlite: Web auth reconnect preserves one durable conversation and common atomic question intake
ok 155 - sqlite: Web auth reconnect preserves one durable conversation and common atomic question intake
  ---
  duration_ms: 694.266251
  type: 'test'
  ...
# Subtest: file-journal: Web auth reconnect preserves one durable conversation and common atomic question intake
ok 156 - file-journal: Web auth reconnect preserves one durable conversation and common atomic question intake
  ---
  duration_ms: 757.094726
  type: 'test'
  ...
# Subtest: personal memory reuses applied original and survives restart without copying conversation (sqlite)
ok 157 - personal memory reuses applied original and survives restart without copying conversation (sqlite)
  ---
  duration_ms: 486.225331
  type: 'test'
  ...
# Subtest: personal memory reuses applied original and survives restart without copying conversation (file-journal)
ok 158 - personal memory reuses applied original and survives restart without copying conversation (file-journal)
  ---
  duration_ms: 347.157852
  type: 'test'
  ...
# Subtest: personal correction uses a new applied original and invalidates the old dependency
ok 159 - personal correction uses a new applied original and invalidates the old dependency
  ---
  duration_ms: 206.863207
  type: 'test'
  ...
# Subtest: forget removes active body and quote, preserves originals and never revives an old create
ok 160 - forget removes active body and quote, preserves originals and never revives an old create
  ---
  duration_ms: 214.744459
  type: 'test'
  ...
# Subtest: personal source never becomes shareable Evidence or a derived work-knowledge fact
ok 161 - personal source never becomes shareable Evidence or a derived work-knowledge fact
  ---
  duration_ms: 141.141856
  type: 'test'
  ...
# Subtest: current user-source labels prevents cached read and dependency reuse
ok 162 - current user-source labels prevents cached read and dependency reuse
  ---
  duration_ms: 176.855021
  type: 'test'
  ...
# Subtest: current user-source scope prevents cached read and dependency reuse
ok 163 - current user-source scope prevents cached read and dependency reuse
  ---
  duration_ms: 145.376213
  type: 'test'
  ...
# Subtest: current user-source destination prevents cached read and dependency reuse
ok 164 - current user-source destination prevents cached read and dependency reuse
  ---
  duration_ms: 145.011234
  type: 'test'
  ...
# Subtest: current user-source principal prevents cached read and dependency reuse
ok 165 - current user-source principal prevents cached read and dependency reuse
  ---
  duration_ms: 160.444056
  type: 'test'
  ...
# Subtest: current user-source tenant prevents cached read and dependency reuse
ok 166 - current user-source tenant prevents cached read and dependency reuse
  ---
  duration_ms: 166.812462
  type: 'test'
  ...
# Subtest: current user-source generation prevents cached read and dependency reuse
ok 167 - current user-source generation prevents cached read and dependency reuse
  ---
  duration_ms: 166.31938
  type: 'test'
  ...
# Subtest: host caller restrictions reach the actual reader and do not prevent authorized forgetting
ok 168 - host caller restrictions reach the actual reader and do not prevent authorized forgetting
  ---
  duration_ms: 113.696647
  type: 'test'
  ...
# Subtest: reviewer grants cannot expose another user personal record or command receipt
ok 169 - reviewer grants cannot expose another user personal record or command receipt
  ---
  duration_ms: 127.046857
  type: 'test'
  ...
# Subtest: personal original history boundary is checked against actual stored intake
ok 170 - personal original history boundary is checked against actual stored intake
  ---
  duration_ms: 106.581653
  type: 'test'
  ...
# Subtest: personal original receipt-digest boundary is checked against actual stored intake
ok 171 - personal original receipt-digest boundary is checked against actual stored intake
  ---
  duration_ms: 95.933578
  type: 'test'
  ...
# Subtest: personal original pending boundary is checked against actual stored intake
ok 172 - personal original pending boundary is checked against actual stored intake
  ---
  duration_ms: 96.965852
  type: 'test'
  ...
# Subtest: personal original rejected boundary is checked against actual stored intake
ok 173 - personal original rejected boundary is checked against actual stored intake
  ---
  duration_ms: 92.849375
  type: 'test'
  ...
# Subtest: personal original missing boundary is checked against actual stored intake
ok 174 - personal original missing boundary is checked against actual stored intake
  ---
  duration_ms: 106.845001
  type: 'test'
  ...
# Subtest: fabricated or assistant text cannot be an explicit user-memory source
ok 175 - fabricated or assistant text cannot be an explicit user-memory source
  ---
  duration_ms: 99.7797
  type: 'test'
  ...
# Subtest: commit response loss resumes from scoped receipt with one personal revision
ok 176 - commit response loss resumes from scoped receipt with one personal revision
  ---
  duration_ms: 149.25081
  type: 'test'
  ...
# Subtest: user-source inspection does not inherit unrelated model inputs or form a work-memory cycle
ok 177 - user-source inspection does not inherit unrelated model inputs or form a work-memory cycle
  ---
  duration_ms: 142.583088
  type: 'test'
  ...
# Subtest: recorded derived-copy quarantine does not revoke the new user correction it will consume
ok 178 - recorded derived-copy quarantine does not revoke the new user correction it will consume
  ---
  duration_ms: 219.894698
  type: 'test'
  ...
# Subtest: sqlite: actual memory tools recall personal cards across work scopes without accepting caller ownership
ok 179 - sqlite: actual memory tools recall personal cards across work scopes without accepting caller ownership
  ---
  duration_ms: 357.110663
  type: 'test'
  ...
# Subtest: documents: actual memory tools recall personal cards across work scopes without accepting caller ownership
ok 180 - documents: actual memory tools recall personal cards across work scopes without accepting caller ownership
  ---
  duration_ms: 1274.791203
  type: 'test'
  ...
# Subtest: sqlite/sqlite: explicit personal recall reaches the real packet, frame and reopened resume without copying the old session
ok 181 - sqlite/sqlite: explicit personal recall reaches the real packet, frame and reopened resume without copying the old session
  ---
  duration_ms: 1348.432305
  type: 'test'
  ...
# Subtest: sqlite/documents: explicit personal recall reaches the real packet, frame and reopened resume without copying the old session
ok 182 - sqlite/documents: explicit personal recall reaches the real packet, frame and reopened resume without copying the old session
  ---
  duration_ms: 6245.12278
  type: 'test'
  ...
# Subtest: file-journal/sqlite: explicit personal recall reaches the real packet, frame and reopened resume without copying the old session
ok 183 - file-journal/sqlite: explicit personal recall reaches the real packet, frame and reopened resume without copying the old session
  ---
  duration_ms: 1260.111759
  type: 'test'
  ...
# Subtest: file-journal/documents: explicit personal recall reaches the real packet, frame and reopened resume without copying the old session
ok 184 - file-journal/documents: explicit personal recall reaches the real packet, frame and reopened resume without copying the old session
  ---
  duration_ms: 6112.132055
  type: 'test'
  ...
# Subtest: omitted, forged or unavailable personal context cannot stage or validate a selected work frame
ok 185 - omitted, forged or unavailable personal context cannot stage or validate a selected work frame
  ---
  duration_ms: 559.28338
  type: 'test'
  ...
# Subtest: selection is idempotent and refuses a same-goal newer input, foreign owner, and a cancelled work
ok 186 - selection is idempotent and refuses a same-goal newer input, foreign owner, and a cancelled work
  ---
  duration_ms: 165.195648
  type: 'test'
  ...
# Subtest: sqlite: forgetting during a real delayed synthetic model call rejects the reply while preserving reported usage
ok 187 - sqlite: forgetting during a real delayed synthetic model call rejects the reply while preserving reported usage
  ---
  duration_ms: 688.176234
  type: 'test'
  ...
# Subtest: documents: forgetting during a real delayed synthetic model call rejects the reply while preserving reported usage
ok 188 - documents: forgetting during a real delayed synthetic model call rejects the reply while preserving reported usage
  ---
  duration_ms: 4640.647294
  type: 'test'
  ...
# Subtest: a changed revision invalidates an existing frame and the replacement needs a fresh explicit selection
ok 189 - a changed revision invalidates an existing frame and the replacement needs a fresh explicit selection
  ---
  duration_ms: 952.428334
  type: 'test'
  ...
# Subtest: clear preserves a pre-existing work-memory quarantine review and its completion gate
ok 190 - clear preserves a pre-existing work-memory quarantine review and its completion gate
  ---
  duration_ms: 126.023963
  type: 'test'
  ...
# Subtest: recall preserves a pre-existing work-memory quarantine review and its completion gate
ok 191 - recall preserves a pre-existing work-memory quarantine review and its completion gate
  ---
  duration_ms: 183.890121
  type: 'test'
  ...
# Subtest: replacing a selection waives only its newly created quarantine review
ok 192 - replacing a selection waives only its newly created quarantine review
  ---
  duration_ms: 310.227992
  type: 'test'
  ...
# Subtest: built CLI exports, applies and resumes one edited document with stable request identity
ok 193 - built CLI exports, applies and resumes one edited document with stable request identity
  ---
  duration_ms: 4378.615086
  type: 'test'
  ...
# Subtest: draft flow sqlite: editor rename applies one source and revision, invalidates selected memory and survives reopen
ok 194 - draft flow sqlite: editor rename applies one source and revision, invalidates selected memory and survives reopen
  ---
  duration_ms: 5661.232787
  type: 'test'
  ...
# Subtest: draft flow file-journal: editor rename applies one source and revision, invalidates selected memory and survives reopen
ok 195 - draft flow file-journal: editor rename applies one source and revision, invalidates selected memory and survives reopen
  ---
  duration_ms: 5748.086269
  type: 'test'
  ...
# Subtest: draft no-change and read-only status create no new raw input or memory revision
ok 196 - draft no-change and read-only status create no new raw input or memory revision
  ---
  duration_ms: 1101.834474
  type: 'test'
  ...
# Subtest: draft past result remains revision two after a later revision and forget; resume ignores edited or missing draft
ok 197 - draft past result remains revision two after a later revision and forget; resume ignores edited or missing draft
  ---
  duration_ms: 1302.883769
  type: 'test'
  ...
# Subtest: draft stale target, read-only actor and other owner are refused before a source input is created
ok 198 - draft stale target, read-only actor and other owner are refused before a source input is created
  ---
  duration_ms: 723.288194
  type: 'test'
  ...
# Subtest: draft source applied before a competing memory revision remains an explicit partial result
ok 199 - draft source applied before a competing memory revision remains an explicit partial result
  ---
  duration_ms: 1228.313767
  type: 'test'
  ...
# Subtest: a stale absent-operation observation joins the exact apply completed by another profile
ok 200 - a stale absent-operation observation joins the exact apply completed by another profile
  ---
  duration_ms: 1225.203392
  type: 'test'
  ...
# Subtest: draft SIGKILL sqlite/intent: resume uses fixed intent and the same source and memory receipts
ok 201 - draft SIGKILL sqlite/intent: resume uses fixed intent and the same source and memory receipts
  ---
  duration_ms: 2293.645968
  type: 'test'
  ...
# Subtest: draft SIGKILL sqlite/source: resume uses fixed intent and the same source and memory receipts
ok 202 - draft SIGKILL sqlite/source: resume uses fixed intent and the same source and memory receipts
  ---
  duration_ms: 2364.093918
  type: 'test'
  ...
# Subtest: draft SIGKILL sqlite/memory: resume uses fixed intent and the same source and memory receipts
ok 203 - draft SIGKILL sqlite/memory: resume uses fixed intent and the same source and memory receipts
  ---
  duration_ms: 1879.65806
  type: 'test'
  ...
# Subtest: draft SIGKILL file-journal/intent: resume uses fixed intent and the same source and memory receipts
ok 204 - draft SIGKILL file-journal/intent: resume uses fixed intent and the same source and memory receipts
  ---
  duration_ms: 2351.481581
  type: 'test'
  ...
# Subtest: draft SIGKILL file-journal/source: resume uses fixed intent and the same source and memory receipts
ok 205 - draft SIGKILL file-journal/source: resume uses fixed intent and the same source and memory receipts
  ---
  duration_ms: 2034.679155
  type: 'test'
  ...
# Subtest: draft SIGKILL file-journal/memory: resume uses fixed intent and the same source and memory receipts
ok 206 - draft SIGKILL file-journal/memory: resume uses fixed intent and the same source and memory receipts
  ---
  duration_ms: 2121.850333
  type: 'test'
  ...
# Subtest: two actual processes applying the same draft converge on one source and one revision
not ok 207 - two actual processes applying the same draft converge on one source and one revision
  ---
  duration_ms: 1412.742829
  type: 'test'
  location: '/home/shaneee/secumon-linux-test.pCJ0bd/runtime/dist/tests/personal-memory-draft-recovery.test.js:39:1'
  failureType: 'testCodeFailure'
  error: |-
    file:///home/shaneee/secumon-linux-test.pCJ0bd/runtime/dist/application/session-knowledge-sources.js:56
                throw new Error('knowledge_contention');
                      ^
    
    Error: knowledge_contention
        at #inspect (file:///home/shaneee/secumon-linux-test.pCJ0bd/runtime/dist/application/session-knowledge-sources.js:56:19)
        at async SessionKnowledgeSources.current (file:///home/shaneee/secumon-linux-test.pCJ0bd/runtime/dist/application/session-knowledge-sources.js:73:25)
        at async #validate (file:///home/shaneee/secumon-linux-test.pCJ0bd/runtime/dist/application/knowledge-service.js:297:30)
        at async #snapshot (file:///home/shaneee/secumon-linux-test.pCJ0bd/runtime/dist/application/knowledge-service.js:365:38)
        at async #stable (file:///home/shaneee/secumon-linux-test.pCJ0bd/runtime/dist/application/knowledge-service.js:443:29)
        at async #read (file:///home/shaneee/secumon-linux-test.pCJ0bd/runtime/dist/application/knowledge-service.js:453:24)
        at async currentBase (file:///home/shaneee/secumon-linux-test.pCJ0bd/runtime/dist/presentation/local-memory-drafts.js:32:22)
        at async execute (file:///home/shaneee/secumon-linux-test.pCJ0bd/runtime/dist/presentation/local-memory-drafts.js:113:13)
        at async file:///home/shaneee/secumon-linux-test.pCJ0bd/runtime/dist/tests/helpers/personal-memory-draft-apply-worker.js:27:20
    
    Node.js v24.20.0
    
    
    1 !== 0
    
  code: 'ERR_ASSERTION'
  name: 'AssertionError'
  expected: 0
  actual: 1
  operator: 'strictEqual'
  stack: |-
    #inspect (file:///home/shaneee/secumon-linux-test.pCJ0bd/runtime/dist/application/session-knowledge-sources.js:56:19)
    async SessionKnowledgeSources.current (file:///home/shaneee/secumon-linux-test.pCJ0bd/runtime/dist/application/session-knowledge-sources.js:73:25)
    async #validate (file:///home/shaneee/secumon-linux-test.pCJ0bd/runtime/dist/application/knowledge-service.js:297:30)
    async #snapshot (file:///home/shaneee/secumon-linux-test.pCJ0bd/runtime/dist/application/knowledge-service.js:365:38)
    async #stable (file:///home/shaneee/secumon-linux-test.pCJ0bd/runtime/dist/application/knowledge-service.js:443:29)
    async #read (file:///home/shaneee/secumon-linux-test.pCJ0bd/runtime/dist/application/knowledge-service.js:453:24)
    async currentBase (file:///home/shaneee/secumon-linux-test.pCJ0bd/runtime/dist/presentation/local-memory-drafts.js:32:22)
    async execute (file:///home/shaneee/secumon-linux-test.pCJ0bd/runtime/dist/presentation/local-memory-drafts.js:113:13)
    async file:///home/shaneee/secumon-linux-test.pCJ0bd/runtime/dist/tests/helpers/personal-memory-draft-apply-worker.js:27:20
    file:///home/shaneee/secumon-linux-test.pCJ0bd/runtime/dist/tests/personal-memory-draft-recovery.test.js:51:16
    process.processTicksAndRejections (node:internal/process/task_queues:104:5)
    async Promise.all (index 0)
    async TestContext.<anonymous> (file:///home/shaneee/secumon-linux-test.pCJ0bd/runtime/dist/tests/personal-memory-draft-recovery.test.js:43:21)
    async Test.run (node:internal/test_runner/test:1404:7)
    async Test.processPendingSubtests (node:internal/test_runner/test:969:7)
  ...
# Subtest: draft export preserves an editable rename, exact body and immutable origin on duplicate create
ok 208 - draft export preserves an editable rename, exact body and immutable origin on duplicate create
  ---
  duration_ms: 125.126273
  type: 'test'
  ...
# Subtest: intent binding is immutable, owner scoped and resumes without the editable file
ok 209 - intent binding is immutable, owner scoped and resumes without the editable file
  ---
  duration_ms: 151.075617
  type: 'test'
  ...
# Subtest: draft parsing supports CRLF front matter but rejects nontext metadata, invalid UTF-8 and invalid content
ok 210 - draft parsing supports CRLF front matter but rejects nontext metadata, invalid UTF-8 and invalid content
  ---
  duration_ms: 89.0397
  type: 'test'
  ...
# Subtest: draft paths reject symlinks, external hardlinks and permissive editor saves without chmod or fallback
ok 211 - draft paths reject symlinks, external hardlinks and permissive editor saves without chmod or fallback
  ---
  duration_ms: 137.558271
  type: 'test'
  ...
# Subtest: draft namespace and individual byte limits reject explicitly before another export is published
ok 212 - draft namespace and individual byte limits reject explicitly before another export is published
  ---
  duration_ms: 1883.398722
  type: 'test'
  ...
# Subtest: a pending unlink during an observed draft read is re-enumerated without losing immutable bytes
ok 213 - a pending unlink during an observed draft read is re-enumerated without losing immutable bytes
  ---
  duration_ms: 16.312958
  type: 'test'
  ...
# Subtest: actual SIGKILL at draft candidate resumes one intent without needing the editable file
ok 214 - actual SIGKILL at draft candidate resumes one intent without needing the editable file
  ---
  duration_ms: 157.986342
  type: 'test'
  ...
# Subtest: actual SIGKILL at draft intent resumes one intent without needing the editable file
ok 215 - actual SIGKILL at draft intent resumes one intent without needing the editable file
  ---
  duration_ms: 217.449671
  type: 'test'
  ...
# Subtest: draft intent sync EIO preserves its original cause and published status before read-side retry
ok 216 - draft intent sync EIO preserves its original cause and published status before read-side retry
  ---
  duration_ms: 195.79854
  type: 'test'
  ...
# Subtest: two processes bind one apply ID once and reject different immutable intent bytes
ok 217 - two processes bind one apply ID once and reject different immutable intent bytes
  ---
  duration_ms: 237.158695
  type: 'test'
  ...
# Subtest: sqlite: Web personal memory crosses a completed work and restart, with explicit current-version recall and forget
ok 218 - sqlite: Web personal memory crosses a completed work and restart, with explicit current-version recall and forget
  ---
  duration_ms: 2334.291573
  type: 'test'
  ...
# Subtest: file-journal: Web personal memory crosses a completed work and restart, with explicit current-version recall and forget
ok 219 - file-journal: Web personal memory crosses a completed work and restart, with explicit current-version recall and forget
  ---
  duration_ms: 2298.706056
  type: 'test'
  ...
# Subtest: installed CLI records a real source and uses explicit memory revision, then clears and forgets after restart
ok 220 - installed CLI records a real source and uses explicit memory revision, then clears and forgets after restart
  ---
  duration_ms: 9269.302184
  type: 'test'
  ...
# Subtest: new-input remember retries reuse the applied user message after a memory failure and after response loss
ok 221 - new-input remember retries reuse the applied user message after a memory failure and after response loss
  ---
  duration_ms: 201.393244
  type: 'test'
  ...
# Subtest: surface authority rejects other users, labels, destinations and session work selection while same-owner memory remains cross-session
ok 222 - surface authority rejects other users, labels, destinations and session work selection while same-owner memory remains cross-session
  ---
  duration_ms: 293.073267
  type: 'test'
  ...
# Subtest: Web memory mutations preserve CSRF and strict owner-free schemas, reject stale work input and do not append operation notices
ok 223 - Web memory mutations preserve CSRF and strict owner-free schemas, reject stale work input and do not append operation notices
  ---
  duration_ms: 252.507871
  type: 'test'
  ...
# Subtest: legacy synthetic directory exposes no personal-memory service and does not reinterpret old knowledge
ok 224 - legacy synthetic directory exposes no personal-memory service and does not reinterpret old knowledge
  ---
  duration_ms: 84.464619
  type: 'test'
  ...
# Subtest: memory source controls reject assistant text, invented quotes and unbound new input without creating memory
ok 225 - memory source controls reject assistant text, invented quotes and unbound new input without creating memory
  ---
  duration_ms: 123.109068
  type: 'test'
  ...
# Subtest: sqlite: a correction receipt reports its original revision after later correction and forgetting
ok 226 - sqlite: a correction receipt reports its original revision after later correction and forgetting
  ---
  duration_ms: 380.694977
  type: 'test'
  ...
# Subtest: documents: a correction receipt reports its original revision after later correction and forgetting
ok 227 - documents: a correction receipt reports its original revision after later correction and forgetting
  ---
  duration_ms: 984.36539
  type: 'test'
  ...
# Subtest: revision status checks the entire original command and returns no source or body fields
ok 228 - revision status checks the entire original command and returns no source or body fields
  ---
  duration_ms: 159.631682
  type: 'test'
  ...
# Subtest: duplicate correction joins an original commit that finishes after its initial record read
ok 229 - duplicate correction joins an original commit that finishes after its initial record read
  ---
  duration_ms: 150.986334
  type: 'test'
  ...
# Subtest: revision status hides current metadata after label narrowing and rejects namespace or host-owner loss
ok 230 - revision status hides current metadata after label narrowing and rejects namespace or host-owner loss
  ---
  duration_ms: 169.238195
  type: 'test'
  ...
# Subtest: revision status rechecks authority after storage and rejects a forged receipt revision or owner
ok 231 - revision status rechecks authority after storage and rejects a forged receipt revision or owner
  ---
  duration_ms: 139.808353
  type: 'test'
  ...
# Subtest: document event-only correction recovers its witness through status without another source intake or commit
ok 232 - document event-only correction recovers its witness through status without another source intake or commit
  ---
  duration_ms: 576.195744
  type: 'test'
  ...
# Subtest: session context: Y receives prior utterances with source IDs while its work state and protected input remain independent
ok 233 - session context: Y receives prior utterances with source IDs while its work state and protected input remain independent
  ---
  duration_ms: 113.747829
  type: 'test'
  ...
# Subtest: session context: omitted, rewritten and foreign session packets are rejected even with an unchanged work revision
ok 234 - session context: omitted, rewritten and foreign session packets are rejected even with an unchanged work revision
  ---
  duration_ms: 36.211742
  type: 'test'
  ...
# Subtest: session context: oversized protected history refuses the model input instead of silently discarding prior agreements
ok 235 - session context: oversized protected history refuses the model input instead of silently discarding prior agreements
  ---
  duration_ms: 23.023204
  type: 'test'
  ...
# Subtest: session frame store: stage rejects altered text and previous refuses foreign or stale session bases
ok 236 - session frame store: stage rejects altered text and previous refuses foreign or stale session bases
  ---
  duration_ms: 46.890166
  type: 'test'
  ...
# Subtest: session planning: semantic version 3 reaches the actual planner and a newer unrelated session tail does not invalidate its fixed input
ok 237 - session planning: semantic version 3 reaches the actual planner and a newer unrelated session tail does not invalidate its fixed input
  ---
  duration_ms: 58.272913
  type: 'test'
  ...
# Subtest: session planning: an applied input invalidates a reserved call without copying or invoking its obsolete packet
ok 238 - session planning: an applied input invalidates a reserved call without copying or invoking its obsolete packet
  ---
  duration_ms: 23.598097
  type: 'test'
  ...
# Subtest: session planning: input applied during a model call rejects the late plan but retains reported usage
ok 239 - session planning: input applied during a model call rejects the late plan but retains reported usage
  ---
  duration_ms: 31.841967
  type: 'test'
  ...
# Subtest: session planning: losing access to the referenced conversation after execution prevents plan adoption
ok 240 - session planning: losing access to the referenced conversation after execution prevents plan adoption
  ---
  duration_ms: 29.216678
  type: 'test'
  ...
# Subtest: session planning: legacy non-session calls retain semantic version 2 and need no session provider
ok 241 - session planning: legacy non-session calls retain semantic version 2 and need no session provider
  ---
  duration_ms: 25.045912
  type: 'test'
  ...
# Subtest: session recovery: reconstruction retains source conversation, reuses an equal packet and refuses unavailable session inputs
ok 242 - session recovery: reconstruction retains source conversation, reuses an equal packet and refuses unavailable session inputs
  ---
  duration_ms: 24.716072
  type: 'test'
  ...
# Subtest: sqlite: actual session input cancels an unsent model reservation and returns its allocation
ok 243 - sqlite: actual session input cancels an unsent model reservation and returns its allocation
  ---
  duration_ms: 361.924047
  type: 'test'
  ...
# Subtest: sqlite: real session input during a model call rejects the late proposal and preserves usage
ok 244 - sqlite: real session input during a model call rejects the late proposal and preserves usage
  ---
  duration_ms: 242.046833
  type: 'test'
  ...
# Subtest: sqlite: real session cancel during a model call rejects the late proposal and preserves usage
ok 245 - sqlite: real session cancel during a model call rejects the late proposal and preserves usage
  ---
  duration_ms: 217.840169
  type: 'test'
  ...
# Subtest: sqlite: durable raw input left pending prevents tool execution and outbox sends until the same input is recovered
ok 246 - sqlite: durable raw input left pending prevents tool execution and outbox sends until the same input is recovered
  ---
  duration_ms: 145.698314
  type: 'test'
  ...
# Subtest: file-journal: actual session input cancels an unsent model reservation and returns its allocation
ok 247 - file-journal: actual session input cancels an unsent model reservation and returns its allocation
  ---
  duration_ms: 209.307418
  type: 'test'
  ...
# Subtest: file-journal: real session input during a model call rejects the late proposal and preserves usage
ok 248 - file-journal: real session input during a model call rejects the late proposal and preserves usage
  ---
  duration_ms: 280.082921
  type: 'test'
  ...
# Subtest: file-journal: real session cancel during a model call rejects the late proposal and preserves usage
ok 249 - file-journal: real session cancel during a model call rejects the late proposal and preserves usage
  ---
  duration_ms: 288.569572
  type: 'test'
  ...
# Subtest: file-journal: durable raw input left pending prevents tool execution and outbox sends until the same input is recovered
ok 250 - file-journal: durable raw input left pending prevents tool execution and outbox sends until the same input is recovered
  ---
  duration_ms: 193.905367
  type: 'test'
  ...
# Subtest: real session provider rejects a full pending page even when the blocked work appears only after that page
ok 251 - real session provider rejects a full pending page even when the blocked work appears only after that page
  ---
  duration_ms: 262.100467
  type: 'test'
  ...
# Subtest: real session history does not authorize a missing source artifact merely because a derived context remains readable
ok 252 - real session history does not authorize a missing source artifact merely because a derived context remains readable
  ---
  duration_ms: 355.526022
  type: 'test'
  ...
# Subtest: sqlite: real SIGKILL after inbox resumes the same input/work/delivery
ok 253 - sqlite: real SIGKILL after inbox resumes the same input/work/delivery
  ---
  duration_ms: 581.756962
  type: 'test'
  ...
# Subtest: sqlite: real SIGKILL after work resumes the same input/work/delivery
ok 254 - sqlite: real SIGKILL after work resumes the same input/work/delivery
  ---
  duration_ms: 618.159781
  type: 'test'
  ...
# Subtest: sqlite: real SIGKILL after delivery resumes the same input/work/delivery
ok 255 - sqlite: real SIGKILL after delivery resumes the same input/work/delivery
  ---
  duration_ms: 536.070997
  type: 'test'
  ...
# Subtest: file-journal: real SIGKILL after inbox resumes the same input/work/delivery
ok 256 - file-journal: real SIGKILL after inbox resumes the same input/work/delivery
  ---
  duration_ms: 552.394754
  type: 'test'
  ...
# Subtest: file-journal: real SIGKILL after work resumes the same input/work/delivery
ok 257 - file-journal: real SIGKILL after work resumes the same input/work/delivery
  ---
  duration_ms: 565.492135
  type: 'test'
  ...
# Subtest: file-journal: real SIGKILL after delivery resumes the same input/work/delivery
ok 258 - file-journal: real SIGKILL after delivery resumes the same input/work/delivery
  ---
  duration_ms: 666.617404
  type: 'test'
  ...
# Subtest: sqlite: completed X and restarted Y share raw conversation but not work/evidence/budget
ok 259 - sqlite: completed X and restarted Y share raw conversation but not work/evidence/budget
  ---
  duration_ms: 584.258479
  type: 'test'
  ...
# Subtest: file-journal: completed X and restarted Y share raw conversation but not work/evidence/budget
ok 260 - file-journal: completed X and restarted Y share raw conversation but not work/evidence/budget
  ---
  duration_ms: 610.675815
  type: 'test'
  ...
# Subtest: same message retransmission recovers stable work; conflicting raw text is rejected before extra work
ok 261 - same message retransmission recovers stable work; conflicting raw text is rejected before extra work
  ---
  duration_ms: 97.765099
  type: 'test'
  ...
# Subtest: input/work linkage recovers after a failure following the durable work commit
ok 262 - input/work linkage recovers after a failure following the durable work commit
  ---
  duration_ms: 109.651509
  type: 'test'
  ...
# Subtest: agents/users/new sessions cannot access or inject another session even with a known session ID
ok 263 - agents/users/new sessions cannot access or inject another session even with a known session ID
  ---
  duration_ms: 183.93937
  type: 'test'
  ...
# Subtest: new applied text invalidates old context and requires review; a rejected command does not block the next input
ok 264 - new applied text invalidates old context and requires review; a rejected command does not block the next input
  ---
  duration_ms: 138.773431
  type: 'test'
  ...
# Subtest: Y can prepare before X without trapping X or regressing the active session head
ok 265 - Y can prepare before X without trapping X or regressing the active session head
  ---
  duration_ms: 111.636457
  type: 'test'
  ...
# Subtest: context capacity is explicit and preserves the received original for later compact
ok 266 - context capacity is explicit and preserves the received original for later compact
  ---
  duration_ms: 109.878841
  type: 'test'
  ...
# Subtest: sqlite: inputOnly resumes the same original once and still acknowledges it after completed work
ok 267 - sqlite: inputOnly resumes the same original once and still acknowledges it after completed work
  ---
  duration_ms: 577.616033
  type: 'test'
  ...
# Subtest: sqlite: inputOnly leaves later work and command intakes pending, while ordinary resume still applies both
ok 268 - sqlite: inputOnly leaves later work and command intakes pending, while ordinary resume still applies both
  ---
  duration_ms: 122.915663
  type: 'test'
  ...
# Subtest: file-journal: inputOnly resumes the same original once and still acknowledges it after completed work
ok 269 - file-journal: inputOnly resumes the same original once and still acknowledges it after completed work
  ---
  duration_ms: 570.129393
  type: 'test'
  ...
# Subtest: file-journal: inputOnly leaves later work and command intakes pending, while ordinary resume still applies both
ok 270 - file-journal: inputOnly leaves later work and command intakes pending, while ordinary resume still applies both
  ---
  duration_ms: 142.114606
  type: 'test'
  ...
# Subtest: inputOnly does not overtake an earlier pending work or automatically create another original
ok 271 - inputOnly does not overtake an earlier pending work or automatically create another original
  ---
  duration_ms: 110.78793
  type: 'test'
  ...
# Subtest: inputOnly catches a predecessor arriving between its preflight and durable receive
ok 272 - inputOnly catches a predecessor arriving between its preflight and durable receive
  ---
  duration_ms: 87.170206
  type: 'test'
  ...
# Subtest: inputOnly recovers a committed work command whose inbox settlement was interrupted
ok 273 - inputOnly recovers a committed work command whose inbox settlement was interrupted
  ---
  duration_ms: 107.078347
  type: 'test'
  ...
# Subtest: inputOnly keeps authorization, session binding, and stale revision rejection before memory capture
ok 274 - inputOnly keeps authorization, session binding, and stale revision rejection before memory capture
  ---
  duration_ms: 86.941231
  type: 'test'
  ...
# Subtest: owned v1 migration preserves exact work JSON, sources, receipts and index state without personal adoption
ok 275 - owned v1 migration preserves exact work JSON, sources, receipts and index state without personal adoption
  ---
  duration_ms: 39.991621
  type: 'test'
  ...
# Subtest: migration copy failure rolls back schema and all data, then the same owner can retry
ok 276 - migration copy failure rolls back schema and all data, then the same owner can retry
  ---
  duration_ms: 20.982502
  type: 'test'
  ...
# Subtest: unowned, foreign-owned and malformed legacy databases cannot be silently migrated
ok 277 - unowned, foreign-owned and malformed legacy databases cannot be silently migrated
  ---
  duration_ms: 32.989432
  type: 'test'
  ...
# Subtest: independent scoped reopens retain legacy shared/reviewed records and work index lag semantics
ok 278 - independent scoped reopens retain legacy shared/reviewed records and work index lag semantics
  ---
  duration_ms: 22.233011
  type: 'test'
  ...
# Subtest: actual SIGKILL at migration copied preserves the atomic schema and original receipt
ok 279 - actual SIGKILL at migration copied preserves the atomic schema and original receipt
  ---
  duration_ms: 179.502695
  type: 'test'
  ...
# Subtest: actual SIGKILL at migration committed preserves the atomic schema and original receipt
ok 280 - actual SIGKILL at migration committed preserves the atomic schema and original receipt
  ---
  duration_ms: 158.769784
  type: 'test'
  ...
# Subtest: personal commit indexes immediately, survives reopen, uses CAS and retains receipts after forgetting
ok 281 - personal commit indexes immediately, survives reopen, uses CAS and retains receipts after forgetting
  ---
  duration_ms: 39.581249
  type: 'test'
  ...
# Subtest: shared handles isolate identical IDs, receipts, heads and indexes across agents, users and tenants
ok 282 - shared handles isolate identical IDs, receipts, heads and indexes across agents, users and tenants
  ---
  duration_ms: 32.627918
  type: 'test'
  ...
# Subtest: personal scope is explicit and cannot enter legacy/work partitions or reviewer searches
ok 283 - personal scope is explicit and cannot enter legacy/work partitions or reviewer searches
  ---
  duration_ms: 13.658877
  type: 'test'
  ...
# Subtest: shared registration is explicit, immutable, distinct from single-agent owner and checked on reuse
ok 284 - shared registration is explicit, immutable, distinct from single-agent owner and checked on reuse
  ---
  duration_ms: 21.277134
  type: 'test'
  ...
# Subtest: personal record, index, head and receipt roll back together at index and receipt failures
ok 285 - personal record, index, head and receipt roll back together at index and receipt failures
  ---
  duration_ms: 20.354508
  type: 'test'
  ...
# Subtest: scoped canonical rows reject body identity tampering rather than returning another user record
ok 286 - scoped canonical rows reject body identity tampering rather than returning another user record
  ---
  duration_ms: 11.471023
  type: 'test'
  ...
# Subtest: session aliases persist by owner and route; explicit identifiers only resume their exact scope
ok 287 - session aliases persist by owner and route; explicit identifiers only resume their exact scope
  ---
  duration_ms: 22.524103
  type: 'test'
  ...
# Subtest: intake receipt is durable and idempotent; late settlement never replaces a newer active work
ok 288 - intake receipt is durable and idempotent; late settlement never replaces a newer active work
  ---
  duration_ms: 39.468219
  type: 'test'
  ...
# Subtest: head CAS retains tail and historic prefixes, assigning each candidate one permanent revision
ok 289 - head CAS retains tail and historic prefixes, assigning each candidate one permanent revision
  ---
  duration_ms: 21.607107
  type: 'test'
  ...
# Subtest: local response reference and canonical message commit atomically, with no response-body copy
ok 290 - local response reference and canonical message commit atomically, with no response-body copy
  ---
  duration_ms: 30.72671
  type: 'test'
  ...
# Subtest: a failed user-reference transaction leaves neither receipt nor consumed sequence
ok 291 - a failed user-reference transaction leaves neither receipt nor consumed sequence
  ---
  duration_ms: 10.378642
  type: 'test'
  ...
# Subtest: history applies label and destination policy before paging and binds cursors to a fixed scope/policy/prefix
ok 292 - history applies label and destination policy before paging and binds cursors to a fixed scope/policy/prefix
  ---
  duration_ms: 23.42325
  type: 'test'
  ...
# Subtest: delivery scope mismatch cannot append a message, and a missing session reference cannot claim delivered
ok 293 - delivery scope mismatch cannot append a message, and a missing session reference cannot claim delivered
  ---
  duration_ms: 17.961242
  type: 'test'
  ...
# Subtest: enabling sessions never adopts legacy local message bodies into a new session
ok 294 - enabling sessions never adopts legacy local message bodies into a new session
  ---
  duration_ms: 9.234809
  type: 'test'
  ...
# Subtest: agent-store composition exposes owner-bound sessions separately from each agents long-term memory
ok 295 - agent-store composition exposes owner-bound sessions separately from each agents long-term memory
  ---
  duration_ms: 210.712774
  type: 'test'
  ...
1..295
# tests 295
# suites 0
# pass 294
# fail 1
# cancelled 0
# skipped 0
# todo 0
# duration_ms 97808.213553
