✔ agent setup preserves files, creates private identity/config and reopens without a model (113.520416ms)
✔ status and invalid initialization options do not create files (3.821875ms)
✔ separate directories get distinct IDs and moving a directory preserves its identity (203.043208ms)
✔ initialization can finish after a process stops between identity and config publication (138.88225ms)
✔ missing identity uses explicit repair with the existing config; missing completed config is not reset (106.779625ms)
✔ completed layout repairs missing directories only with explicit repair and preserves existing state (148.308417ms)
✔ unknown data without identity is not assigned a new ID (3.025792ms)
✔ config identity mismatch, unsupported versions and malformed documents are preserved (76.240458ms)
✔ metadata symlinks and external hard links cannot be used for setup (94.630708ms)
✔ managed directory links and writable/public metadata are rejected without changing permissions (93.645584ms)
✔ engine overlap and nested agent registration are rejected (65.987792ms)
✔ CLI first call, status, version and invalid commands expose readiness without claiming runtime execution (360.29ms)
✔ separate CLI processes initializing concurrently settle on exactly one identity (372.34775ms)
✔ two agent stores reuse existing adapters while separating identical work/memory IDs and preserving reopen (512.411125ms)
✔ agent work files cannot traverse into engine or another agent and remain separate (470.49325ms)
✔ copying another agents database is detected by its durable owner before runtime access (273.832083ms)
✔ unowned existing databases are not silently adopted (92.06625ms)
✔ symlink database and sidecar destinations cannot overwrite another file (122.407917ms)
✔ configured but not yet connected backend is not replaced by SQLite (263.958666ms)
✔ CLI resumes across processes, keeps conversation/work identities and separates disconnect, pause and cancel (2642.551334ms)
✔ CLI human output is reception plus result, with no internal events or ANSI: documents-simple (323.586208ms)
✔ CLI human output is reception plus result, with no internal events or ANSI: observations-simple (323.350875ms)
✔ CLI goal changes require an explicit revision and failures have no success JSON on stdout (535.619125ms)
✔ CLI checkpoint is a derived reference and an old resume file does not reverse a paused work (1257.970375ms)
ℹ tests 24
ℹ suites 0
ℹ pass 24
ℹ fail 0
ℹ cancelled 0
ℹ skipped 0
ℹ todo 0
ℹ duration_ms 5138.882541
