TAP version 13
# Subtest: file-journal agents separate identical work IDs, events and historical receipts across reopen
ok 1 - file-journal agents separate identical work IDs, events and historical receipts across reopen
  ---
  duration_ms: 665.242333
  type: 'test'
  ...
# Subtest: file-journal state keeps private memory and channel messages in separately owned SQLite databases
ok 2 - file-journal state keeps private memory and channel messages in separately owned SQLite databases
  ---
  duration_ms: 464.427
  type: 'test'
  ...
# Subtest: a file-journal clone opens a fresh owned journal and empty SQLite memory and channel stores
ok 3 - a file-journal clone opens a fresh owned journal and empty SQLite memory and channel stores
  ---
  duration_ms: 649.577458
  type: 'test'
  ...
# Subtest: copying another agents complete journal is rejected before binding a new backend marker
ok 4 - copying another agents complete journal is rejected before binding a new backend marker
  ---
  duration_ms: 366.740917
  type: 'test'
  ...
# Subtest: file-journal selection does not bypass foreign memory or channel SQLite ownership
ok 5 - file-journal selection does not bypass foreign memory or channel SQLite ownership
  ---
  duration_ms: 408.660333
  type: 'test'
  ...
# Subtest: empty and populated legacy v1 journals are not automatically adopted by an agent
ok 6 - empty and populated legacy v1 journals are not automatically adopted by an agent
  ---
  duration_ms: 254.394209
  type: 'test'
  ...
# Subtest: changing config between SQLite and file-journal never creates a replacement state store
ok 7 - changing config between SQLite and file-journal never creates a replacement state store
  ---
  duration_ms: 483.451666
  type: 'test'
  ...
# Subtest: an owned legacy SQLite agent gains only its backend marker and preserves historical data
ok 8 - an owned legacy SQLite agent gains only its backend marker and preserves historical data
  ---
  duration_ms: 450.712083
  type: 'test'
  ...
# Subtest: an unowned legacy SQLite database is preserved without creating a backend marker
ok 9 - an unowned legacy SQLite database is preserved without creating a backend marker
  ---
  duration_ms: 226.078083
  type: 'test'
  ...
# Subtest: copying another agents backend marker is rejected before creating any state or private databases
ok 10 - copying another agents backend marker is rejected before creating any state or private databases
  ---
  duration_ms: 323.539042
  type: 'test'
  ...
# Subtest: malformed, unsupported or linked backend markers cannot initialize state stores
ok 11 - malformed, unsupported or linked backend markers cannot initialize state stores
  ---
  duration_ms: 620.648583
  type: 'test'
  ...
# Subtest: ambiguous existing SQLite and journal stores are preserved without choosing a new backend
ok 12 - ambiguous existing SQLite and journal stores are preserved without choosing a new backend
  ---
  duration_ms: 257.672625
  type: 'test'
  ...
# Subtest: concurrent CLI first storage opens retain one agent, backend selection and journal identity
ok 13 - concurrent CLI first storage opens retain one agent, backend selection and journal identity
  ---
  duration_ms: 945.82725
  type: 'test'
  ...
# Subtest: two agent stores reuse existing adapters while separating identical work/memory IDs and preserving reopen
ok 14 - two agent stores reuse existing adapters while separating identical work/memory IDs and preserving reopen
  ---
  duration_ms: 519.246791
  type: 'test'
  ...
# Subtest: agent work files cannot traverse into engine or another agent and remain separate
ok 15 - agent work files cannot traverse into engine or another agent and remain separate
  ---
  duration_ms: 502.671375
  type: 'test'
  ...
# Subtest: copying another agents database is detected by its durable owner before runtime access
ok 16 - copying another agents database is detected by its durable owner before runtime access
  ---
  duration_ms: 389.561292
  type: 'test'
  ...
# Subtest: unowned existing databases are not silently adopted
ok 17 - unowned existing databases are not silently adopted
  ---
  duration_ms: 237.323
  type: 'test'
  ...
# Subtest: symlink database and sidecar destinations cannot overwrite another file
ok 18 - symlink database and sidecar destinations cannot overwrite another file
  ---
  duration_ms: 191.582292
  type: 'test'
  ...
# Subtest: changing config after SQLite initialization cannot replace it with an empty journal
ok 19 - changing config after SQLite initialization cannot replace it with an empty journal
  ---
  duration_ms: 307.552917
  type: 'test'
  ...
# Subtest: metadata boundary: host dispatch exposes declared POSIX mechanisms and refuses unsupported or emulated hosts
ok 20 - metadata boundary: host dispatch exposes declared POSIX mechanisms and refuses unsupported or emulated hosts
  ---
  duration_ms: 0.88325
  type: 'test'
  ...
# Subtest: metadata boundary: missing directories return null; regular files and linked directories are rejected
ok 21 - metadata boundary: missing directories return null; regular files and linked directories are rejected
  ---
  duration_ms: 2.50325
  type: 'test'
  ...
# Subtest: metadata boundary: directory access keeps private and owner-writable policies distinct without chmod
ok 22 - metadata boundary: directory access keeps private and owner-writable policies distinct without chmod
  ---
  duration_ms: 3.833416
  type: 'test'
  ...
# Subtest: metadata boundary: public parent traversal permits a private file without weakening its access policy
ok 23 - metadata boundary: public parent traversal permits a private file without weakening its access policy
  ---
  duration_ms: 12.406583
  type: 'test'
  ...
# Subtest: metadata boundary: files enforce their own access policy and preserve original bytes and permissions
ok 24 - metadata boundary: files enforce their own access policy and preserve original bytes and permissions
  ---
  duration_ms: 5.081791
  type: 'test'
  ...
# Subtest: metadata boundary: only a missing read has missing code and its original ENOENT cause
ok 25 - metadata boundary: only a missing read has missing code and its original ENOENT cause
  ---
  duration_ms: 7.641458
  type: 'test'
  ...
# Subtest: metadata boundary: named pipes are rejected without waiting for a writer
ok 26 - metadata boundary: named pipes are rejected without waiting for a writer
  ---
  duration_ms: 34.103291
  type: 'test'
  ...
# Subtest: metadata boundary: maximum counts bytes and includes exact, one-over and empty zero-byte cases
ok 27 - metadata boundary: maximum counts bytes and includes exact, one-over and empty zero-byte cases
  ---
  duration_ms: 4.342792
  type: 'test'
  ...
# Subtest: metadata boundary: invalid maximums fail before allocating or reading data
ok 28 - metadata boundary: invalid maximums fail before allocating or reading data
  ---
  duration_ms: 4.622583
  type: 'test'
  ...
# Subtest: metadata boundary: a leaf may contain Unicode and spaces but cannot traverse directories
ok 29 - metadata boundary: a leaf may contain Unicode and spaces but cannot traverse directories
  ---
  duration_ms: 3.156791
  type: 'test'
  ...
# Subtest: metadata boundary: copied, fabricated and foreign adapter directory references cannot authorize access
ok 30 - metadata boundary: copied, fabricated and foreign adapter directory references cannot authorize access
  ---
  duration_ms: 4.564208
  type: 'test'
  ...
# Subtest: metadata boundary: an issued directory reference detects replacement before read, sync and reinspection
ok 31 - metadata boundary: an issued directory reference detects replacement before read, sync and reinspection
  ---
  duration_ms: 4.236167
  type: 'test'
  ...
# Subtest: metadata boundary: issued directory access is rechecked after permissions change
ok 32 - metadata boundary: issued directory access is rechecked after permissions change
  ---
  duration_ms: 4.523625
  type: 'test'
  ...
# Subtest: metadata boundary: external hard links are rejected and a matching sibling publication pair can be allowed
ok 33 - metadata boundary: external hard links are rejected and a matching sibling publication pair can be allowed
  ---
  duration_ms: 8.629625
  type: 'test'
  ...
# Subtest: metadata boundary: publication link removal during policy observation retries the stable single-link file
ok 34 - metadata boundary: publication link removal during policy observation retries the stable single-link file
  ---
  duration_ms: 1.026875
  type: 'test'
  ...
# Subtest: metadata boundary: sibling inspection cannot escape its issued directory
ok 35 - metadata boundary: sibling inspection cannot escape its issued directory
  ---
  duration_ms: 1.564125
  type: 'test'
  ...
# Subtest: metadata boundary: isolated changed-once observation preserves stable-read and descriptor cleanup contracts
ok 36 - metadata boundary: isolated changed-once observation preserves stable-read and descriptor cleanup contracts
  ---
  duration_ms: 30.418959
  type: 'test'
  ...
# Subtest: metadata boundary: isolated changed-twice observation preserves stable-read and descriptor cleanup contracts
ok 37 - metadata boundary: isolated changed-twice observation preserves stable-read and descriptor cleanup contracts
  ---
  duration_ms: 31.567292
  type: 'test'
  ...
# Subtest: metadata boundary: isolated replaced-once observation preserves stable-read and descriptor cleanup contracts
ok 38 - metadata boundary: isolated replaced-once observation preserves stable-read and descriptor cleanup contracts
  ---
  duration_ms: 27.308792
  type: 'test'
  ...
# Subtest: metadata boundary: isolated directory-replaced observation preserves stable-read and descriptor cleanup contracts
ok 39 - metadata boundary: isolated directory-replaced observation preserves stable-read and descriptor cleanup contracts
  ---
  duration_ms: 31.860375
  type: 'test'
  ...
# Subtest: metadata boundary: isolated grew-over-limit observation preserves stable-read and descriptor cleanup contracts
ok 40 - metadata boundary: isolated grew-over-limit observation preserves stable-read and descriptor cleanup contracts
  ---
  duration_ms: 29.041
  type: 'test'
  ...
# Subtest: metadata boundary: isolated read-error observation preserves stable-read and descriptor cleanup contracts
ok 41 - metadata boundary: isolated read-error observation preserves stable-read and descriptor cleanup contracts
  ---
  duration_ms: 27.208541
  type: 'test'
  ...
# Subtest: metadata boundary: isolated sync-error observation preserves stable-read and descriptor cleanup contracts
ok 42 - metadata boundary: isolated sync-error observation preserves stable-read and descriptor cleanup contracts
  ---
  duration_ms: 22.741958
  type: 'test'
  ...
# Subtest: metadata boundary: isolated foreign-file-uid observation preserves stable-read and descriptor cleanup contracts
ok 43 - metadata boundary: isolated foreign-file-uid observation preserves stable-read and descriptor cleanup contracts
  ---
  duration_ms: 23.057
  type: 'test'
  ...
# Subtest: metadata boundary: isolated foreign-directory-uid observation preserves stable-read and descriptor cleanup contracts
ok 44 - metadata boundary: isolated foreign-directory-uid observation preserves stable-read and descriptor cleanup contracts
  ---
  duration_ms: 21.490542
  type: 'test'
  ...
# Subtest: metadata boundary: isolated policy-error observation preserves stable-read and descriptor cleanup contracts
ok 45 - metadata boundary: isolated policy-error observation preserves stable-read and descriptor cleanup contracts
  ---
  duration_ms: 22.03975
  type: 'test'
  ...
# Subtest: metadata sync observer: isolated check-failure preserves notification, syscall and cleanup boundaries
ok 46 - metadata sync observer: isolated check-failure preserves notification, syscall and cleanup boundaries
  ---
  duration_ms: 26.301333
  type: 'test'
  ...
# Subtest: metadata sync observer: isolated open-eio preserves notification, syscall and cleanup boundaries
ok 47 - metadata sync observer: isolated open-eio preserves notification, syscall and cleanup boundaries
  ---
  duration_ms: 25.702583
  type: 'test'
  ...
# Subtest: metadata sync observer: isolated opened-object-replaced preserves notification, syscall and cleanup boundaries
ok 48 - metadata sync observer: isolated opened-object-replaced preserves notification, syscall and cleanup boundaries
  ---
  duration_ms: 28.294833
  type: 'test'
  ...
# Subtest: metadata sync observer: isolated fsync-eio preserves notification, syscall and cleanup boundaries
ok 49 - metadata sync observer: isolated fsync-eio preserves notification, syscall and cleanup boundaries
  ---
  duration_ms: 25.482833
  type: 'test'
  ...
# Subtest: metadata sync observer: isolated success preserves notification, syscall and cleanup boundaries
ok 50 - metadata sync observer: isolated success preserves notification, syscall and cleanup boundaries
  ---
  duration_ms: 24.260834
  type: 'test'
  ...
# Subtest: metadata sync observer: isolated after-fsync-replaced preserves notification, syscall and cleanup boundaries
ok 51 - metadata sync observer: isolated after-fsync-replaced preserves notification, syscall and cleanup boundaries
  ---
  duration_ms: 25.677458
  type: 'test'
  ...
# Subtest: metadata sync observer: isolated observer-throws preserves notification, syscall and cleanup boundaries
ok 52 - metadata sync observer: isolated observer-throws preserves notification, syscall and cleanup boundaries
  ---
  duration_ms: 24.265875
  type: 'test'
  ...
# Subtest: profile wrapper preserves absent reads, zero-byte reads and original missing sync error
ok 53 - profile wrapper preserves absent reads, zero-byte reads and original missing sync error
  ---
  duration_ms: 5.573
  type: 'test'
  ...
# Subtest: common diagnostics include directory checks without replacing consumer read counters
ok 54 - common diagnostics include directory checks without replacing consumer read counters
  ---
  duration_ms: 3.676042
  type: 'test'
  ...
# Subtest: profile wrapper preserves open disappearance error and closes opened files
ok 55 - profile wrapper preserves open disappearance error and closes opened files
  ---
  duration_ms: 43.140917
  type: 'test'
  ...
# Subtest: profile wrapper preserves named-lstat disappearance error and closes opened files
ok 56 - profile wrapper preserves named-lstat disappearance error and closes opened files
  ---
  duration_ms: 44.729459
  type: 'test'
  ...
# Subtest: emulated unsupported platform refuses profile and standalone journal writes before creating files
ok 57 - emulated unsupported platform refuses profile and standalone journal writes before creating files
  ---
  duration_ms: 49.387084
  type: 'test'
  ...
# Subtest: workspace: missing or denying memory validators block file operations before workspace I/O
ok 58 - workspace: missing or denying memory validators block file operations before workspace I/O
  ---
  duration_ms: 103.149583
  type: 'test'
  ...
# Subtest: workspace: stage rechecks memory custody after its asynchronous I/O
ok 59 - workspace: stage rechecks memory custody after its asynchronous I/O
  ---
  duration_ms: 110.956417
  type: 'test'
  ...
# Subtest: workspace: read rechecks memory custody after its asynchronous I/O
ok 60 - workspace: read rechecks memory custody after its asynchronous I/O
  ---
  duration_ms: 126.869875
  type: 'test'
  ...
# Subtest: workspace: checkpoint rechecks memory custody after its asynchronous I/O
ok 61 - workspace: checkpoint rechecks memory custody after its asynchronous I/O
  ---
  duration_ms: 159.188834
  type: 'test'
  ...
# Subtest: workspace: restore rechecks memory custody after its asynchronous I/O
ok 62 - workspace: restore rechecks memory custody after its asynchronous I/O
  ---
  duration_ms: 145.594125
  type: 'test'
  ...
# Subtest: workspace: cleanup rechecks memory custody after its asynchronous I/O
ok 63 - workspace: cleanup rechecks memory custody after its asynchronous I/O
  ---
  duration_ms: 114.710792
  type: 'test'
  ...
# Subtest: workspace: sqlite checkpoint and byte-for-byte restore survive new state, artifact and workspace instances
ok 64 - workspace: sqlite checkpoint and byte-for-byte restore survive new state, artifact and workspace instances
  ---
  duration_ms: 284.517833
  type: 'test'
  ...
# Subtest: workspace: file-journal checkpoint and byte-for-byte restore survive new state, artifact and workspace instances
ok 65 - workspace: file-journal checkpoint and byte-for-byte restore survive new state, artifact and workspace instances
  ---
  duration_ms: 482.539917
  type: 'test'
  ...
# Subtest: workspace: identical paths are isolated by both work and attempt and ownership is checked before file access
ok 66 - workspace: identical paths are isolated by both work and attempt and ownership is checked before file access
  ---
  duration_ms: 165.350417
  type: 'test'
  ...
# Subtest: workspace: traversal, absolute, ambiguous and platform-specific paths cannot be staged
ok 67 - workspace: traversal, absolute, ambiguous and platform-specific paths cannot be staged
  ---
  duration_ms: 39.219958
  type: 'test'
  ...
# Subtest: workspace: repeated identical staging is idempotent and different content cannot overwrite it
ok 68 - workspace: repeated identical staging is idempotent and different content cannot overwrite it
  ---
  duration_ms: 82.619834
  type: 'test'
  ...
# Subtest: workspace: caller mutations after starting stage cannot change the bytes being staged
ok 69 - workspace: caller mutations after starting stage cannot change the bytes being staged
  ---
  duration_ms: 75.102667
  type: 'test'
  ...
# Subtest: workspace: two processes cannot overwrite the same staged path with different bytes
ok 70 - workspace: two processes cannot overwrite the same staged path with different bytes
  ---
  duration_ms: 144.192917
  type: 'test'
  ...
# Subtest: workspace: artifact saved during a state change remains uncommitted and cannot replace the authoritative revision
ok 71 - workspace: artifact saved during a state change remains uncommitted and cannot replace the authoritative revision
  ---
  duration_ms: 85.410417
  type: 'test'
  ...
# Subtest: workspace: narrower actor grants never replace the stored work policy during checkpoint commit
ok 72 - workspace: narrower actor grants never replace the stored work policy during checkpoint commit
  ---
  duration_ms: 85.845334
  type: 'test'
  ...
# Subtest: workspace: policy change during file read prevents returning previously read bytes
ok 73 - workspace: policy change during file read prevents returning previously read bytes
  ---
  duration_ms: 73.364292
  type: 'test'
  ...
# Subtest: workspace: generation change during file read prevents returning previously read bytes
ok 74 - workspace: generation change during file read prevents returning previously read bytes
  ---
  duration_ms: 58.817584
  type: 'test'
  ...
# Subtest: workspace: policy change during staging prevents a successful stale response and preserves the local file
ok 75 - workspace: policy change during staging prevents a successful stale response and preserves the local file
  ---
  duration_ms: 38.227208
  type: 'test'
  ...
# Subtest: workspace: generation change during staging prevents a successful stale response and preserves the local file
ok 76 - workspace: generation change during staging prevents a successful stale response and preserves the local file
  ---
  duration_ms: 25.074875
  type: 'test'
  ...
# Subtest: workspace: generation changes block even source-free checkpoints and preserve their staged files
ok 77 - workspace: generation changes block even source-free checkpoints and preserve their staged files
  ---
  duration_ms: 124.252417
  type: 'test'
  ...
# Subtest: workspace: restricted is checked when restoring a checkpoint even without a generation change
ok 78 - workspace: restricted is checked when restoring a checkpoint even without a generation change
  ---
  duration_ms: 152.03075
  type: 'test'
  ...
# Subtest: workspace: deleted is checked when restoring a checkpoint even without a generation change
ok 79 - workspace: deleted is checked when restoring a checkpoint even without a generation change
  ---
  duration_ms: 120.965458
  type: 'test'
  ...
# Subtest: workspace: labels is checked when restoring a checkpoint even without a generation change
ok 80 - workspace: labels is checked when restoring a checkpoint even without a generation change
  ---
  duration_ms: 77.069791
  type: 'test'
  ...
# Subtest: workspace: artifact is checked when restoring a checkpoint even without a generation change
ok 81 - workspace: artifact is checked when restoring a checkpoint even without a generation change
  ---
  duration_ms: 137.838583
  type: 'test'
  ...
# Subtest: workspace: lifecycle changes during artifact restore prevent files from being staged
ok 82 - workspace: lifecycle changes during artifact restore prevent files from being staged
  ---
  duration_ms: 119.384042
  type: 'test'
  ...
# Subtest: workspace: cleanup preserves files while active
ok 83 - workspace: cleanup preserves files while active
  ---
  duration_ms: 58.197166
  type: 'test'
  ...
# Subtest: workspace: cleanup preserves files while unknown
ok 84 - workspace: cleanup preserves files while unknown
  ---
  duration_ms: 111.031416
  type: 'test'
  ...
# Subtest: workspace: cleanup preserves files while obligation
ok 85 - workspace: cleanup preserves files while obligation
  ---
  duration_ms: 119.477583
  type: 'test'
  ...
# Subtest: workspace: cleanup preserves files while uncheckpointed
ok 86 - workspace: cleanup preserves files while uncheckpointed
  ---
  duration_ms: 73.776
  type: 'test'
  ...
# Subtest: workspace: a file staged after cleanup inspection causes manifest conflict and remains preserved
ok 87 - workspace: a file staged after cleanup inspection causes manifest conflict and remains preserved
  ---
  duration_ms: 162.230292
  type: 'test'
  ...
# Subtest: workspace: missing checkpoint content prevents cleanup of the surviving staged file
ok 88 - workspace: missing checkpoint content prevents cleanup of the surviving staged file
  ---
  duration_ms: 98.765209
  type: 'test'
  ...
# Subtest: workspace: a remaining lock is never stolen by staging or cleanup
ok 89 - workspace: a remaining lock is never stolen by staging or cleanup
  ---
  duration_ms: 54.142459
  type: 'test'
  ...
# Subtest: workspace: symlink files and replaced roots are rejected instead of reading or overwriting them
ok 90 - workspace: symlink files and replaced roots are rejected instead of reading or overwriting them
  ---
  duration_ms: 53.595333
  type: 'test'
  ...
# Subtest: workspace: content corruption and configured byte or file capacity limits fail without silent truncation
ok 91 - workspace: content corruption and configured byte or file capacity limits fail without silent truncation
  ---
  duration_ms: 57.664791
  type: 'test'
  ...
# Subtest: workspace directories: a removed observed root is not recreated by listing or staging
ok 92 - workspace directories: a removed observed root is not recreated by listing or staging
  ---
  duration_ms: 33.3785
  type: 'test'
  ...
# Subtest: workspace directories: a removed observed work is not recreated by listing or staging
ok 93 - workspace directories: a removed observed work is not recreated by listing or staging
  ---
  duration_ms: 38.018834
  type: 'test'
  ...
# Subtest: workspace directories: a removed observed attempt is not recreated by listing or staging
ok 94 - workspace directories: a removed observed attempt is not recreated by listing or staging
  ---
  duration_ms: 45.438
  type: 'test'
  ...
# Subtest: workspace directories: a removed observed files is not recreated by listing or staging
ok 95 - workspace directories: a removed observed files is not recreated by listing or staging
  ---
  duration_ms: 63.703792
  type: 'test'
  ...
# Subtest: workspace directories: an observed work replacement is rejected without altering foreign contents
ok 96 - workspace directories: an observed work replacement is rejected without altering foreign contents
  ---
  duration_ms: 62.897042
  type: 'test'
  ...
# Subtest: workspace directories: an observed attempt replacement is rejected without altering foreign contents
ok 97 - workspace directories: an observed attempt replacement is rejected without altering foreign contents
  ---
  duration_ms: 36.933583
  type: 'test'
  ...
# Subtest: workspace directories: an observed files replacement is rejected without altering foreign contents
ok 98 - workspace directories: an observed files replacement is rejected without altering foreign contents
  ---
  duration_ms: 55.543042
  type: 'test'
  ...
# Subtest: workspace directories: private access remains enforced independently at each observed scope
ok 99 - workspace directories: private access remains enforced independently at each observed scope
  ---
  duration_ms: 184.464208
  type: 'test'
  ...
# Subtest: workspace directories: a descendant symlink is rejected without traversing the preserved original
ok 100 - workspace directories: a descendant symlink is rejected without traversing the preserved original
  ---
  duration_ms: 52.65375
  type: 'test'
  ...
# Subtest: workspace locks: consecutive successful calls accept distinct lock objects and release every acquired lock
ok 101 - workspace locks: consecutive successful calls accept distinct lock objects and release every acquired lock
  ---
  duration_ms: 162.793459
  type: 'test'
  ...
# Subtest: workspace locks: lock-removed after acquisition prevents success and never deletes an unowned lock
ok 102 - workspace locks: lock-removed after acquisition prevents success and never deletes an unowned lock
  ---
  duration_ms: 63.931625
  type: 'test'
  ...
# Subtest: workspace locks: lock-replaced after acquisition prevents success and never deletes an unowned lock
ok 103 - workspace locks: lock-replaced after acquisition prevents success and never deletes an unowned lock
  ---
  duration_ms: 67.072417
  type: 'test'
  ...
# Subtest: workspace locks: lock-unsafe after acquisition prevents success and never deletes an unowned lock
ok 104 - workspace locks: lock-unsafe after acquisition prevents success and never deletes an unowned lock
  ---
  duration_ms: 57.05375
  type: 'test'
  ...
# Subtest: workspace locks: attempt-replaced after acquisition prevents success and never deletes an unowned lock
ok 105 - workspace locks: attempt-replaced after acquisition prevents success and never deletes an unowned lock
  ---
  duration_ms: 59.235833
  type: 'test'
  ...
# Subtest: workspace directories: files replacement or disappearance after the final parent sync still prevents success
ok 106 - workspace directories: files replacement or disappearance after the final parent sync still prevents success
  ---
  duration_ms: 133.465333
  type: 'test'
  ...
# Subtest: workspace directories: changes during the final cleanup sync prevent success without removing a later owner lock
ok 107 - workspace directories: changes during the final cleanup sync prevent success without removing a later owner lock
  ---
  duration_ms: 136.070541
  type: 'test'
  ...
# Subtest: workspace locks: acquisition inspection failure preserves the unconfirmed lock and vanished new files fail before use
ok 108 - workspace locks: acquisition inspection failure preserves the unconfirmed lock and vanished new files fail before use
  ---
  duration_ms: 122.868708
  type: 'test'
  ...
# Subtest: workspace directory sync: isolated order preserves order, original errors and cleanup
ok 109 - workspace directory sync: isolated order preserves order, original errors and cleanup
  ---
  duration_ms: 103.9295
  type: 'test'
  ...
# Subtest: workspace directory sync: isolated constructor-sync-eio preserves order, original errors and cleanup
ok 110 - workspace directory sync: isolated constructor-sync-eio preserves order, original errors and cleanup
  ---
  duration_ms: 56.352625
  type: 'test'
  ...
# Subtest: workspace directory sync: isolated open-eio preserves order, original errors and cleanup
ok 111 - workspace directory sync: isolated open-eio preserves order, original errors and cleanup
  ---
  duration_ms: 73.268125
  type: 'test'
  ...
# Subtest: workspace directory sync: isolated files-fsync-eio preserves order, original errors and cleanup
ok 112 - workspace directory sync: isolated files-fsync-eio preserves order, original errors and cleanup
  ---
  duration_ms: 77.689292
  type: 'test'
  ...
# Subtest: workspace directory sync: isolated cleanup-sync-eio preserves order, original errors and cleanup
ok 113 - workspace directory sync: isolated cleanup-sync-eio preserves order, original errors and cleanup
  ---
  duration_ms: 82.001583
  type: 'test'
  ...
# Subtest: workspace directory sync: isolated action-only preserves order, original errors and cleanup
ok 114 - workspace directory sync: isolated action-only preserves order, original errors and cleanup
  ---
  duration_ms: 65.848167
  type: 'test'
  ...
# Subtest: workspace directory sync: isolated action-unlock-eio preserves order, original errors and cleanup
ok 115 - workspace directory sync: isolated action-unlock-eio preserves order, original errors and cleanup
  ---
  duration_ms: 63.340334
  type: 'test'
  ...
# Subtest: workspace directory sync: isolated action-cleanup-sync-eio preserves order, original errors and cleanup
ok 116 - workspace directory sync: isolated action-cleanup-sync-eio preserves order, original errors and cleanup
  ---
  duration_ms: 60.641209
  type: 'test'
  ...
# Subtest: workspace directory sync: isolated cleanup-new-lock preserves order, original errors and cleanup
ok 117 - workspace directory sync: isolated cleanup-new-lock preserves order, original errors and cleanup
  ---
  duration_ms: 73.268042
  type: 'test'
  ...
# Subtest: workspace directory sync: isolated cleanup-new-lock-sync-eio preserves order, original errors and cleanup
ok 118 - workspace directory sync: isolated cleanup-new-lock-sync-eio preserves order, original errors and cleanup
  ---
  duration_ms: 74.280334
  type: 'test'
  ...
# Subtest: workspace directory sync: isolated unsupported-platform preserves order, original errors and cleanup
ok 119 - workspace directory sync: isolated unsupported-platform preserves order, original errors and cleanup
  ---
  duration_ms: 52.448333
  type: 'test'
  ...
# Subtest: workspace: actual SIGKILL at lock-created preserves interruption artifacts and never steals the remaining lock
ok 120 - workspace: actual SIGKILL at lock-created preserves interruption artifacts and never steals the remaining lock
  ---
  duration_ms: 74.372375
  type: 'test'
  ...
# Subtest: workspace: actual SIGKILL at candidate-synced preserves interruption artifacts and never steals the remaining lock
ok 121 - workspace: actual SIGKILL at candidate-synced preserves interruption artifacts and never steals the remaining lock
  ---
  duration_ms: 61.227
  type: 'test'
  ...
# Subtest: workspace: actual SIGKILL at file-published preserves interruption artifacts and never steals the remaining lock
ok 122 - workspace: actual SIGKILL at file-published preserves interruption artifacts and never steals the remaining lock
  ---
  duration_ms: 64.754042
  type: 'test'
  ...
# Subtest: workspace record: exact serialized limit accepts JSON whitespace without rewriting it and one extra byte retains read/list error distinction
ok 123 - workspace record: exact serialized limit accepts JSON whitespace without rewriting it and one extra byte retains read/list error distinction
  ---
  duration_ms: 41.318125
  type: 'test'
  ...
# Subtest: workspace record: a valid self-consistent raw payload above its bound is too large for both read and list
ok 124 - workspace record: a valid self-consistent raw payload above its bound is too large for both read and list
  ---
  duration_ms: 23.637958
  type: 'test'
  ...
# Subtest: workspace record: canonical empty content remains a valid read and listed file
ok 125 - workspace record: canonical empty content remains a valid read and listed file
  ---
  duration_ms: 42.246125
  type: 'test'
  ...
# Subtest: workspace record: checksum is rejected after stable read by both entry points
ok 126 - workspace record: checksum is rejected after stable read by both entry points
  ---
  duration_ms: 36.975291
  type: 'test'
  ...
# Subtest: workspace record: base64-whitespace is rejected after stable read by both entry points
ok 127 - workspace record: base64-whitespace is rejected after stable read by both entry points
  ---
  duration_ms: 28.755791
  type: 'test'
  ...
# Subtest: workspace record: base64-missing-padding is rejected after stable read by both entry points
ok 128 - workspace record: base64-missing-padding is rejected after stable read by both entry points
  ---
  duration_ms: 30.165292
  type: 'test'
  ...
# Subtest: workspace record: base64-nonzero-padbits is rejected after stable read by both entry points
ok 129 - workspace record: base64-nonzero-padbits is rejected after stable read by both entry points
  ---
  duration_ms: 34.667125
  type: 'test'
  ...
# Subtest: workspace record: byte-length is rejected after stable read by both entry points
ok 130 - workspace record: byte-length is rejected after stable read by both entry points
  ---
  duration_ms: 26.976042
  type: 'test'
  ...
# Subtest: workspace record: content-sha is rejected after stable read by both entry points
ok 131 - workspace record: content-sha is rejected after stable read by both entry points
  ---
  duration_ms: 27.972792
  type: 'test'
  ...
# Subtest: workspace record: schema-version is rejected after stable read by both entry points
ok 132 - workspace record: schema-version is rejected after stable read by both entry points
  ---
  duration_ms: 33.348084
  type: 'test'
  ...
# Subtest: workspace record: schema-extra-record is rejected after stable read by both entry points
ok 133 - workspace record: schema-extra-record is rejected after stable read by both entry points
  ---
  duration_ms: 42.64075
  type: 'test'
  ...
# Subtest: workspace record: schema-extra-file is rejected after stable read by both entry points
ok 134 - workspace record: schema-extra-file is rejected after stable read by both entry points
  ---
  duration_ms: 23.965333
  type: 'test'
  ...
# Subtest: workspace record: schema-path is rejected after stable read by both entry points
ok 135 - workspace record: schema-path is rejected after stable read by both entry points
  ---
  duration_ms: 37.168208
  type: 'test'
  ...
# Subtest: workspace record: json is rejected after stable read by both entry points
ok 136 - workspace record: json is rejected after stable read by both entry points
  ---
  duration_ms: 37.112625
  type: 'test'
  ...
# Subtest: workspace record: work binds metadata to its requested scope and physical filename
ok 137 - workspace record: work binds metadata to its requested scope and physical filename
  ---
  duration_ms: 24.560459
  type: 'test'
  ...
# Subtest: workspace record: attempt binds metadata to its requested scope and physical filename
ok 138 - workspace record: attempt binds metadata to its requested scope and physical filename
  ---
  duration_ms: 31.60225
  type: 'test'
  ...
# Subtest: workspace record: path binds metadata to its requested scope and physical filename
ok 139 - workspace record: path binds metadata to its requested scope and physical filename
  ---
  duration_ms: 41.35675
  type: 'test'
  ...
# Subtest: workspace record: filename binds metadata to its requested scope and physical filename
ok 140 - workspace record: filename binds metadata to its requested scope and physical filename
  ---
  duration_ms: 26.986125
  type: 'test'
  ...
# Subtest: workspace record: filename-before-checksum binds metadata to its requested scope and physical filename
ok 141 - workspace record: filename-before-checksum binds metadata to its requested scope and physical filename
  ---
  duration_ms: 26.973875
  type: 'test'
  ...
# Subtest: workspace record: three external aliases preserve existing unrestricted hardlink read/list/stage and targeted removal
ok 142 - workspace record: three external aliases preserve existing unrestricted hardlink read/list/stage and targeted removal
  ---
  duration_ms: 88.239708
  type: 'test'
  ...
# Subtest: workspace record: unrelated.pending blocks aggregate operations without broadening the single-file read
ok 143 - workspace record: unrelated.pending blocks aggregate operations without broadening the single-file read
  ---
  duration_ms: 56.597125
  type: 'test'
  ...
# Subtest: workspace record: unrelated.txt blocks aggregate operations without broadening the single-file read
ok 144 - workspace record: unrelated.txt blocks aggregate operations without broadening the single-file read
  ---
  duration_ms: 46.271542
  type: 'test'
  ...
# Subtest: workspace stable read: one concurrent change retries once and validates the final complete record
ok 145 - workspace stable read: one concurrent change retries once and validates the final complete record
  ---
  duration_ms: 112.702917
  type: 'test'
  ...
# Subtest: workspace stable read: two changing attempts fail with a file-change cause without a third read
ok 146 - workspace stable read: two changing attempts fail with a file-change cause without a third read
  ---
  duration_ms: 97.928667
  type: 'test'
  ...
# Subtest: workspace stable read: losing the named file after open is changed data, not an initially absent file
ok 147 - workspace stable read: losing the named file after open is changed data, not an initially absent file
  ---
  duration_ms: 105.823667
  type: 'test'
  ...
# Subtest: workspace stable read: replacing the containing files directory during read preserves the directory error
ok 148 - workspace stable read: replacing the containing files directory during read preserves the directory error
  ---
  duration_ms: 114.880208
  type: 'test'
  ...
# Subtest: workspace stable read: the first open ENOENT retains the existing public error distinction
ok 149 - workspace stable read: the first open ENOENT retains the existing public error distinction
  ---
  duration_ms: 106.099208
  type: 'test'
  ...
# Subtest: workspace stable read: open access denial remains a file safety error with its original cause
ok 150 - workspace stable read: open access denial remains a file safety error with its original cause
  ---
  duration_ms: 106.965666
  type: 'test'
  ...
# Subtest: workspace stable read: read EIO is propagated as the original I/O error and releases the lock
ok 151 - workspace stable read: read EIO is propagated as the original I/O error and releases the lock
  ---
  duration_ms: 102.836167
  type: 'test'
  ...
# Subtest: workspace stable read: fstat EIO is propagated as the original I/O error and releases the lock
ok 152 - workspace stable read: fstat EIO is propagated as the original I/O error and releases the lock
  ---
  duration_ms: 86.041417
  type: 'test'
  ...
# Subtest: workspace stable read: cleanup failure retains the new file-change error and both original causes
ok 153 - workspace stable read: cleanup failure retains the new file-change error and both original causes
  ---
  duration_ms: 69.823417
  type: 'test'
  ...
# Subtest: workspace stable list: one concurrent change retries once and validates the final complete record
ok 154 - workspace stable list: one concurrent change retries once and validates the final complete record
  ---
  duration_ms: 80.196
  type: 'test'
  ...
# Subtest: workspace stable list: two changing attempts fail with a file-change cause without a third read
ok 155 - workspace stable list: two changing attempts fail with a file-change cause without a third read
  ---
  duration_ms: 73.795333
  type: 'test'
  ...
# Subtest: workspace stable list: losing the named file after open is changed data, not an initially absent file
ok 156 - workspace stable list: losing the named file after open is changed data, not an initially absent file
  ---
  duration_ms: 72.822416
  type: 'test'
  ...
# Subtest: workspace stable list: replacing the containing files directory during read preserves the directory error
ok 157 - workspace stable list: replacing the containing files directory during read preserves the directory error
  ---
  duration_ms: 76.118666
  type: 'test'
  ...
# Subtest: workspace stable list: the first open ENOENT retains the existing public error distinction
ok 158 - workspace stable list: the first open ENOENT retains the existing public error distinction
  ---
  duration_ms: 74.873458
  type: 'test'
  ...
# Subtest: workspace stable list: open access denial remains a file safety error with its original cause
ok 159 - workspace stable list: open access denial remains a file safety error with its original cause
  ---
  duration_ms: 71.882167
  type: 'test'
  ...
# Subtest: workspace stable list: read EIO is propagated as the original I/O error and releases the lock
ok 160 - workspace stable list: read EIO is propagated as the original I/O error and releases the lock
  ---
  duration_ms: 81.307959
  type: 'test'
  ...
# Subtest: workspace stable list: fstat EIO is propagated as the original I/O error and releases the lock
ok 161 - workspace stable list: fstat EIO is propagated as the original I/O error and releases the lock
  ---
  duration_ms: 74.187583
  type: 'test'
  ...
# Subtest: workspace stable list: cleanup failure retains the new file-change error and both original causes
ok 162 - workspace stable list: cleanup failure retains the new file-change error and both original causes
  ---
  duration_ms: 70.39
  type: 'test'
  ...
# Subtest: workspace stable read: disappearance before a retry open retains the changed-file error instead of initial absence
ok 163 - workspace stable read: disappearance before a retry open retains the changed-file error instead of initial absence
  ---
  duration_ms: 75.076792
  type: 'test'
  ...
1..163
# tests 163
# suites 0
# pass 163
# fail 0
# cancelled 0
# skipped 0
# todo 0
# duration_ms 9557.032416
