✔ file journal: exception at candidate_synced preserves the publication boundary and retry identity (167.176ms)
✔ file journal: actual SIGKILL at candidate_synced reopens a whole commit or no commit (141.132834ms)
✔ file journal: exception at published preserves the publication boundary and retry identity (81.879459ms)
✔ file journal: actual SIGKILL at published reopens a whole commit or no commit (179.765375ms)
✔ file journal: exception at directory_synced preserves the publication boundary and retry identity (94.947ms)
✔ file journal: actual SIGKILL at directory_synced reopens a whole commit or no commit (137.904208ms)
✔ file journal: a reader and duplicate retry observe a whole published record while its writer is pending (171.149875ms)
✔ file journal: directory sync failure prevents reads and duplicate acknowledgements without rolling back publication (67.247667ms)
✔ file journal: listing retries the first record when publication follows its initial ENOENT (50.727166ms)
✔ file journal: checksum corruption blocks reads and subsequent commits without overwriting the damaged record (56.727833ms)
✔ file journal: an intact record checksum does not hide a broken previous-hash link (124.045ms)
✔ file journal: deleting a middle revision rejects the incomplete prefix (189.185333ms)
✔ file journal: changing store identity is rejected by an open instance and by replay after reopening (102.061708ms)
✔ file journal: a missing format header does not initialize a populated store as empty (59.463917ms)
✔ file journal: existing root, work and record symlinks are rejected without following their contents (204.486416ms)
✔ file journal: group or other permissions on the root and records are rejected (158.062ms)
✔ file journal: an observed root or work directory replacement cannot reset the open repository (183.193875ms)
✔ file journal: record size limits reject both publication and oversized persisted input (192.332625ms)
✔ file journal: closed instances reject every repository operation while reopening retains data (103.997ms)
✔ file journal: revision zero is invalid layout and cannot be silently ignored (106.126208ms)
✔ sqlite: one commit and reopen retain state, all ordered events, deliveries and historical receipts (22.505542ms)
✔ sqlite: duplicate and idempotency conflict precede revision conflict and preserve the first receipt (20.454084ms)
✔ sqlite: malformed commits leave all four collections unchanged, even on duplicate commands (25.333667ms)
✔ sqlite: caller mutations and mutable returned snapshots cannot rewrite persisted history (33.013041ms)
✔ sqlite: work, tenant, principal, channel and conversation identifiers remain separate (39.877916ms)
✔ sqlite: event cursors are exclusive and sequence numbers are local to each work (22.569083ms)
✔ sqlite: runnable respects exact deadline, obligation, tool and model recovery boundaries after reopen (84.879959ms)
✔ sqlite: two separate processes race on revision with exactly one atomic winning commit (82.634667ms)
✔ sqlite: two separate processes race on same-command with exactly one atomic winning commit (93.942792ms)
✔ sqlite: two separate processes race on different-digest with exactly one atomic winning commit (90.30925ms)
✔ sqlite: acknowledged commit survives SIGKILL without close and reopening replays its receipt without duplicate records (195.929042ms)
✔ file-journal: one commit and reopen retain state, all ordered events, deliveries and historical receipts (106.358ms)
✔ file-journal: duplicate and idempotency conflict precede revision conflict and preserve the first receipt (203.072542ms)
✔ file-journal: malformed commits leave all four collections unchanged, even on duplicate commands (572.517333ms)
✔ file-journal: caller mutations and mutable returned snapshots cannot rewrite persisted history (200.640042ms)
✔ file-journal: work, tenant, principal, channel and conversation identifiers remain separate (963.989458ms)
✔ file-journal: event cursors are exclusive and sequence numbers are local to each work (122.11775ms)
✔ file-journal: runnable respects exact deadline, obligation, tool and model recovery boundaries after reopen (916.467041ms)
✔ file-journal: two separate processes race on revision with exactly one atomic winning commit (101.03575ms)
✔ file-journal: two separate processes race on same-command with exactly one atomic winning commit (99.697125ms)
✔ file-journal: two separate processes race on different-digest with exactly one atomic winning commit (97.5075ms)
✔ file-journal: acknowledged commit survives SIGKILL without close and reopening replays its receipt without duplicate records (204.096166ms)
✔ memory: recent metadata is bounded at the requested revision and omits payloads without changing state (13.822666ms)
✔ memory: pages progress once per matching work across Unicode IDs and isolate the complete binding scope (4.558333ms)
✔ memory: query limits, malformed cursors and empty repositories have a defined result (4.933917ms)
✔ sqlite: recent metadata is bounded at the requested revision and omits payloads without changing state (69.610584ms)
✔ sqlite: pages progress once per matching work across Unicode IDs and isolate the complete binding scope (66.769417ms)
✔ sqlite: query limits, malformed cursors and empty repositories have a defined result (7.343958ms)
✔ file-journal: recent metadata is bounded at the requested revision and omits payloads without changing state (281.023084ms)
✔ file-journal: pages progress once per matching work across Unicode IDs and isolate the complete binding scope (704.115875ms)
✔ file-journal: query limits, malformed cursors and empty repositories have a defined result (54.570833ms)
✔ journal: each page inspects only its directory budget and a foreign-only page still advances (754.106834ms)
✔ journal: cold, warm and external append distinguish body hashing from parsed and replayed records (626.553583ms)
✔ journal: a warm query rejects same-length after caching the complete history (86.114542ms)
✔ journal: a warm query rejects middle-delete after caching the complete history (64.393458ms)
✔ journal: a warm query rejects tail-delete after caching the complete history (97.5045ms)
✔ journal: a warm query rejects replacement after caching the complete history (94.571041ms)
✔ journal: a warm query rejects symlink after caching the complete history (82.77ms)
✔ journal: a warm query rejects mode after caching the complete history (81.228709ms)
✔ journal: a warm query rejects header after caching the complete history (74.253584ms)
✔ journal: a warm read still fails when the directory durability fence fails (49.2145ms)
✔ journal: a normal pending-link cleanup during a warm read retries the entire record once (50.029083ms)
✔ journal: repeated record changes exhaust the bounded read retry and fail closed (53.19225ms)
✔ journal: cache accounting includes historical receipt snapshots and eviction releases record identities (113.916208ms)
✔ journal: a delayed older commit acknowledgement cannot lower a newer observed head with caching disabled (85.209042ms)
✔ sqlite: transactional migration backfills query indexes and an already open legacy writer keeps them current (49.633208ms)
✔ sqlite: migration failure rolls back schema and leaves the legacy records unchanged (58.738708ms)
✔ sqlite: reopening an intermediate v2 store rebuilds stale indexes and replaces old triggers transactionally (60.694333ms)
✔ sqlite: a failed index write rolls back canonical state, events, receipt and binding changes together (28.010709ms)
✔ sqlite: bounded query SQL selects metadata and IDs without loading event or work bodies (31.479666ms)
ℹ tests 70
ℹ suites 0
ℹ pass 70
ℹ fail 0
ℹ cancelled 0
ℹ skipped 0
ℹ todo 0
ℹ duration_ms 4376.574667
