TAP version 13
# Subtest: file-journal agents separate identical work IDs, events and historical receipts across reopen
ok 1 - file-journal agents separate identical work IDs, events and historical receipts across reopen
  ---
  duration_ms: 413.932459
  type: 'test'
  ...
# Subtest: file-journal state keeps private memory and channel messages in separately owned SQLite databases
ok 2 - file-journal state keeps private memory and channel messages in separately owned SQLite databases
  ---
  duration_ms: 367.468541
  type: 'test'
  ...
# Subtest: a file-journal clone opens a fresh owned journal and empty SQLite memory and channel stores
ok 3 - a file-journal clone opens a fresh owned journal and empty SQLite memory and channel stores
  ---
  duration_ms: 626.950583
  type: 'test'
  ...
# Subtest: copying another agents complete journal is rejected before binding a new backend marker
ok 4 - copying another agents complete journal is rejected before binding a new backend marker
  ---
  duration_ms: 313.0615
  type: 'test'
  ...
# Subtest: file-journal selection does not bypass foreign memory or channel SQLite ownership
ok 5 - file-journal selection does not bypass foreign memory or channel SQLite ownership
  ---
  duration_ms: 795.120875
  type: 'test'
  ...
# Subtest: empty and populated legacy v1 journals are not automatically adopted by an agent
ok 6 - empty and populated legacy v1 journals are not automatically adopted by an agent
  ---
  duration_ms: 448.113333
  type: 'test'
  ...
# Subtest: changing config between SQLite and file-journal never creates a replacement state store
ok 7 - changing config between SQLite and file-journal never creates a replacement state store
  ---
  duration_ms: 570.286459
  type: 'test'
  ...
# Subtest: an owned legacy SQLite agent gains only its backend marker and preserves historical data
ok 8 - an owned legacy SQLite agent gains only its backend marker and preserves historical data
  ---
  duration_ms: 304.932125
  type: 'test'
  ...
# Subtest: an unowned legacy SQLite database is preserved without creating a backend marker
ok 9 - an unowned legacy SQLite database is preserved without creating a backend marker
  ---
  duration_ms: 201.704875
  type: 'test'
  ...
# Subtest: copying another agents backend marker is rejected before creating any state or private databases
ok 10 - copying another agents backend marker is rejected before creating any state or private databases
  ---
  duration_ms: 238.427958
  type: 'test'
  ...
# Subtest: malformed, unsupported or linked backend markers cannot initialize state stores
ok 11 - malformed, unsupported or linked backend markers cannot initialize state stores
  ---
  duration_ms: 574.790583
  type: 'test'
  ...
# Subtest: ambiguous existing SQLite and journal stores are preserved without choosing a new backend
ok 12 - ambiguous existing SQLite and journal stores are preserved without choosing a new backend
  ---
  duration_ms: 378.675958
  type: 'test'
  ...
# Subtest: concurrent CLI first storage opens retain one agent, backend selection and journal identity
ok 13 - concurrent CLI first storage opens retain one agent, backend selection and journal identity
  ---
  duration_ms: 710.473792
  type: 'test'
  ...
# Subtest: clone resumes with one identity after actual process termination at setup-operation.json
ok 14 - clone resumes with one identity after actual process termination at setup-operation.json
  ---
  duration_ms: 295.845875
  type: 'test'
  ...
# Subtest: clone resumes with one identity after actual process termination at setup.json
ok 15 - clone resumes with one identity after actual process termination at setup.json
  ---
  duration_ms: 304.420167
  type: 'test'
  ...
# Subtest: clone resumes with one identity after actual process termination at identity.json
ok 16 - clone resumes with one identity after actual process termination at identity.json
  ---
  duration_ms: 328.051917
  type: 'test'
  ...
# Subtest: clone resumes with one identity after actual process termination at config.json
ok 17 - clone resumes with one identity after actual process termination at config.json
  ---
  duration_ms: 393.333834
  type: 'test'
  ...
# Subtest: clone resumes with one identity after actual process termination at skill
ok 18 - clone resumes with one identity after actual process termination at skill
  ---
  duration_ms: 398.022917
  type: 'test'
  ...
# Subtest: clone resumes with one identity after actual process termination at before-complete
ok 19 - clone resumes with one identity after actual process termination at before-complete
  ---
  duration_ms: 393.943666
  type: 'test'
  ...
# Subtest: a published completion survives process termination and later source/skill edits do not trigger recopy
ok 20 - a published completion survives process termination and later source/skill edits do not trigger recopy
  ---
  duration_ms: 333.529334
  type: 'test'
  ...
# Subtest: source changes and target conflicts are preserved during explicit clone resume
ok 21 - source changes and target conflicts are preserved during explicit clone resume
  ---
  duration_ms: 370.206208
  type: 'test'
  ...
# Subtest: pending clone blocks nested setup and CLI repair explains explicit clone resume
ok 22 - pending clone blocks nested setup and CLI repair explains explicit clone resume
  ---
  duration_ms: 632.078875
  type: 'test'
  ...
# Subtest: general initialization keeps its selected identity after interruption at the operation marker
ok 23 - general initialization keeps its selected identity after interruption at the operation marker
  ---
  duration_ms: 272.495792
  type: 'test'
  ...
# Subtest: competing clone commands never assign two identities to the same destination
ok 24 - competing clone commands never assign two identities to the same destination
  ---
  duration_ms: 314.964208
  type: 'test'
  ...
# Subtest: initialization and clone contention leave a single coherent ready profile
ok 25 - initialization and clone contention leave a single coherent ready profile
  ---
  duration_ms: 256.309042
  type: 'test'
  ...
# Subtest: a target config changed during skill publication cannot be marked clone-complete
ok 26 - a target config changed during skill publication cannot be marked clone-complete
  ---
  duration_ms: 293.866
  type: 'test'
  ...
# Subtest: legacy v1 setup without an operation marker reopens untouched and repairs with its existing identity
ok 27 - legacy v1 setup without an operation marker reopens untouched and repairs with its existing identity
  ---
  duration_ms: 148.082166
  type: 'test'
  ...
# Subtest: pending filenames cannot hide data in clone memory, workspace or artifact directories
ok 28 - pending filenames cannot hide data in clone memory, workspace or artifact directories
  ---
  duration_ms: 711.487416
  type: 'test'
  ...
# Subtest: one interrupted publication at the entries boundary can resume with its safe pending file
ok 29 - one interrupted publication at the entries boundary can resume with its safe pending file
  ---
  duration_ms: 6863.9565
  type: 'test'
  ...
# Subtest: one interrupted publication at the bytes boundary can resume with its safe pending file
ok 30 - one interrupted publication at the bytes boundary can resume with its safe pending file
  ---
  duration_ms: 491.524834
  type: 'test'
  ...
# Subtest: clone creates a fresh identity while preserving reusable configuration and the original files
ok 31 - clone creates a fresh identity while preserving reusable configuration and the original files
  ---
  duration_ms: 236.261958
  type: 'test'
  ...
# Subtest: clone copies skill bytes, nested empty directories and executable bits without linking source files
ok 32 - clone copies skill bytes, nested empty directories and executable bits without linking source files
  ---
  duration_ms: 348.408042
  type: 'test'
  ...
# Subtest: clone starts with independent empty stores despite source work, memory, conversation and artifacts
ok 33 - clone starts with independent empty stores despite source work, memory, conversation and artifacts
  ---
  duration_ms: 653.575416
  type: 'test'
  ...
# Subtest: ordinary clone never overwrites an existing empty, populated or initialized destination
ok 34 - ordinary clone never overwrites an existing empty, populated or initialized destination
  ---
  duration_ms: 255.480416
  type: 'test'
  ...
# Subtest: clone rejects source overlap, nested agents and engine destinations without changing either tree
ok 35 - clone rejects source overlap, nested agents and engine destinations without changing either tree
  ---
  duration_ms: 131.238042
  type: 'test'
  ...
# Subtest: clone rejects missing or malformed sources and invalid options without creating a destination
ok 36 - clone rejects missing or malformed sources and invalid options without creating a destination
  ---
  duration_ms: 130.392125
  type: 'test'
  ...
# Subtest: clone rejects skill file and directory symlinks without modifying their outside targets
ok 37 - clone rejects skill file and directory symlinks without modifying their outside targets
  ---
  duration_ms: 137.406334
  type: 'test'
  ...
# Subtest: clone rejects hard-linked skill files and leaves both links unchanged
ok 38 - clone rejects hard-linked skill files and leaves both links unchanged
  ---
  duration_ms: 131.449708
  type: 'test'
  ...
# Subtest: clone rejects a POSIX FIFO skill instead of blocking on its contents
ok 39 - clone rejects a POSIX FIFO skill instead of blocking on its contents
  ---
  duration_ms: 219.096125
  type: 'test'
  ...
# Subtest: clone permits a four-MiB skill file and rejects a file exceeding that limit
ok 40 - clone permits a four-MiB skill file and rejects a file exceeding that limit
  ---
  duration_ms: 299.612417
  type: 'test'
  ...
# Subtest: clone enforces snapshot entry, total-byte and directory-depth limits
ok 41 - clone enforces snapshot entry, total-byte and directory-depth limits
  ---
  duration_ms: 1227.530708
  type: 'test'
  ...
# Subtest: pending clone rejects changed source skills or config and cannot be completed by ordinary init or repair
ok 42 - pending clone rejects changed source skills or config and cannot be completed by ordinary init or repair
  ---
  duration_ms: 587.220167
  type: 'test'
  ...
# Subtest: pending clone preserves target file conflicts instead of overwriting or accepting them
ok 43 - pending clone preserves target file conflicts instead of overwriting or accepting them
  ---
  duration_ms: 627.541042
  type: 'test'
  ...
# Subtest: finished clone resumes idempotently and ordinary reopen preserves subsequent skill edits
ok 44 - finished clone resumes idempotently and ordinary reopen preserves subsequent skill edits
  ---
  duration_ms: 285.00675
  type: 'test'
  ...
# Subtest: CLI clone reports the new ready profile and supports explicit completed-clone resume
ok 45 - CLI clone reports the new ready profile and supports explicit completed-clone resume
  ---
  duration_ms: 726.965833
  type: 'test'
  ...
# Subtest: owner inspection preserves another connection write reservation against an external process
ok 46 - owner inspection preserves another connection write reservation against an external process
  ---
  duration_ms: 294.3035
  type: 'test'
  ...
# Subtest: actual termination leaves a hot rollback journal that ownership inspection refuses without changing original bytes
ok 47 - actual termination leaves a hot rollback journal that ownership inspection refuses without changing original bytes
  ---
  duration_ms: 90.974042
  type: 'test'
  ...
# Subtest: owner inspection uses one snapshot when another process commits the first owner between schema reads
ok 48 - owner inspection uses one snapshot when another process commits the first owner between schema reads
  ---
  duration_ms: 90.881208
  type: 'test'
  ...
# Subtest: agent setup preserves files, creates private identity/config and reopens without a model
ok 49 - agent setup preserves files, creates private identity/config and reopens without a model
  ---
  duration_ms: 97.046708
  type: 'test'
  ...
# Subtest: status and invalid initialization options do not create files
ok 50 - status and invalid initialization options do not create files
  ---
  duration_ms: 0.8945
  type: 'test'
  ...
# Subtest: separate directories get distinct IDs and moving a directory preserves its identity
ok 51 - separate directories get distinct IDs and moving a directory preserves its identity
  ---
  duration_ms: 137.182208
  type: 'test'
  ...
# Subtest: initialization can finish after a process stops between identity and config publication
ok 52 - initialization can finish after a process stops between identity and config publication
  ---
  duration_ms: 79.606
  type: 'test'
  ...
# Subtest: missing identity uses explicit repair with the existing config; missing completed config is not reset
ok 53 - missing identity uses explicit repair with the existing config; missing completed config is not reset
  ---
  duration_ms: 100.223708
  type: 'test'
  ...
# Subtest: completed layout repairs missing directories only with explicit repair and preserves existing state
ok 54 - completed layout repairs missing directories only with explicit repair and preserves existing state
  ---
  duration_ms: 100.773875
  type: 'test'
  ...
# Subtest: unknown data without identity is not assigned a new ID
ok 55 - unknown data without identity is not assigned a new ID
  ---
  duration_ms: 4.597208
  type: 'test'
  ...
# Subtest: config identity mismatch, unsupported versions and malformed documents are preserved
ok 56 - config identity mismatch, unsupported versions and malformed documents are preserved
  ---
  duration_ms: 99.088
  type: 'test'
  ...
# Subtest: metadata symlinks and external hard links cannot be used for setup
ok 57 - metadata symlinks and external hard links cannot be used for setup
  ---
  duration_ms: 112.202334
  type: 'test'
  ...
# Subtest: managed directory links and writable/public metadata are rejected without changing permissions
ok 58 - managed directory links and writable/public metadata are rejected without changing permissions
  ---
  duration_ms: 53.161417
  type: 'test'
  ...
# Subtest: engine overlap and nested agent registration are rejected
ok 59 - engine overlap and nested agent registration are rejected
  ---
  duration_ms: 76.794583
  type: 'test'
  ...
# Subtest: CLI first call, status, version and invalid commands expose readiness without claiming runtime execution
ok 60 - CLI first call, status, version and invalid commands expose readiness without claiming runtime execution
  ---
  duration_ms: 405.151375
  type: 'test'
  ...
# Subtest: separate CLI processes initializing concurrently settle on exactly one identity
not ok 61 - separate CLI processes initializing concurrently settle on exactly one identity
  ---
  duration_ms: 363.292334
  type: 'test'
  location: '/Users/seunghanee/Documents/secumon/runtime/dist/tests/agent-profile.test.js:213:1'
  failureType: 'testCodeFailure'
  error: 'concurrent_initialization_failed'
  code: 'ERR_TEST_FAILURE'
  name: 'AggregateError'
  stack: |-
    TestContext.<anonymous> (file:///Users/seunghanee/Documents/secumon/runtime/dist/tests/agent-profile.test.js:219:19)
    process.processTicksAndRejections (node:internal/process/task_queues:104:5)
    async Test.run (node:internal/test_runner/test:1404:7)
    async Test.processPendingSubtests (node:internal/test_runner/test:969:7)
  ...
# Subtest: sqlite initialization recovers after actual termination at before-profile
ok 62 - sqlite initialization recovers after actual termination at before-profile
  ---
  duration_ms: 336.395708
  type: 'test'
  ...
# Subtest: sqlite initialization recovers after actual termination at published-profile
ok 63 - sqlite initialization recovers after actual termination at published-profile
  ---
  duration_ms: 282.47725
  type: 'test'
  ...
# Subtest: file-journal initialization recovers after actual termination at before-profile
ok 64 - file-journal initialization recovers after actual termination at before-profile
  ---
  duration_ms: 255.302042
  type: 'test'
  ...
# Subtest: file-journal initialization recovers after actual termination at published-profile
ok 65 - file-journal initialization recovers after actual termination at published-profile
  ---
  duration_ms: 173.981792
  type: 'test'
  ...
# Subtest: assignment permits recovery of the empty runtime.sqlite left by actual termination
ok 66 - assignment permits recovery of the empty runtime.sqlite left by actual termination
  ---
  duration_ms: 306.991125
  type: 'test'
  ...
# Subtest: assignment permits recovery of the empty memory.sqlite left by actual termination
ok 67 - assignment permits recovery of the empty memory.sqlite left by actual termination
  ---
  duration_ms: 215.400166
  type: 'test'
  ...
# Subtest: assignment permits recovery of the empty channel.sqlite left by actual termination
ok 68 - assignment permits recovery of the empty channel.sqlite left by actual termination
  ---
  duration_ms: 302.892375
  type: 'test'
  ...
# Subtest: an empty preexisting state database without assignment is not adopted
ok 69 - an empty preexisting state database without assignment is not adopted
  ---
  duration_ms: 106.99175
  type: 'test'
  ...
# Subtest: an empty preexisting memory database without assignment is not adopted
ok 70 - an empty preexisting memory database without assignment is not adopted
  ---
  duration_ms: 102.699917
  type: 'test'
  ...
# Subtest: an empty preexisting channel database without assignment is not adopted
ok 71 - an empty preexisting channel database without assignment is not adopted
  ---
  duration_ms: 104.861167
  type: 'test'
  ...
# Subtest: a valid assignment cannot adopt a database with unknown application data
ok 72 - a valid assignment cannot adopt a database with unknown application data
  ---
  duration_ms: 221.235917
  type: 'test'
  ...
# Subtest: competing backend snapshots publish one choice and cannot create both stores
ok 73 - competing backend snapshots publish one choice and cannot create both stores
  ---
  duration_ms: 274.702458
  type: 'test'
  ...
# Subtest: two agent stores reuse existing adapters while separating identical work/memory IDs and preserving reopen
ok 74 - two agent stores reuse existing adapters while separating identical work/memory IDs and preserving reopen
  ---
  duration_ms: 308.909167
  type: 'test'
  ...
# Subtest: agent work files cannot traverse into engine or another agent and remain separate
ok 75 - agent work files cannot traverse into engine or another agent and remain separate
  ---
  duration_ms: 477.544125
  type: 'test'
  ...
# Subtest: copying another agents database is detected by its durable owner before runtime access
ok 76 - copying another agents database is detected by its durable owner before runtime access
  ---
  duration_ms: 304.699584
  type: 'test'
  ...
# Subtest: unowned existing databases are not silently adopted
ok 77 - unowned existing databases are not silently adopted
  ---
  duration_ms: 144.9035
  type: 'test'
  ...
# Subtest: symlink database and sidecar destinations cannot overwrite another file
ok 78 - symlink database and sidecar destinations cannot overwrite another file
  ---
  duration_ms: 121.180083
  type: 'test'
  ...
# Subtest: changing config after SQLite initialization cannot replace it with an empty journal
ok 79 - changing config after SQLite initialization cannot replace it with an empty journal
  ---
  duration_ms: 156.289834
  type: 'test'
  ...
# Subtest: CLI resumes across processes, keeps conversation/work identities and separates disconnect, pause and cancel
ok 80 - CLI resumes across processes, keeps conversation/work identities and separates disconnect, pause and cancel
  ---
  duration_ms: 2348.281084
  type: 'test'
  ...
# Subtest: CLI human output is reception plus result, with no internal events or ANSI: documents-simple
ok 81 - CLI human output is reception plus result, with no internal events or ANSI: documents-simple
  ---
  duration_ms: 338.664208
  type: 'test'
  ...
# Subtest: CLI human output is reception plus result, with no internal events or ANSI: observations-simple
ok 82 - CLI human output is reception plus result, with no internal events or ANSI: observations-simple
  ---
  duration_ms: 412.03825
  type: 'test'
  ...
# Subtest: CLI goal changes require an explicit revision and failures have no success JSON on stdout
ok 83 - CLI goal changes require an explicit revision and failures have no success JSON on stdout
  ---
  duration_ms: 630.136167
  type: 'test'
  ...
# Subtest: CLI checkpoint is a derived reference and an old resume file does not reverse a paused work
ok 84 - CLI checkpoint is a derived reference and an old resume file does not reverse a paused work
  ---
  duration_ms: 1356.142667
  type: 'test'
  ...
# Subtest: metadata boundary: host dispatch exposes declared POSIX mechanisms and refuses unsupported or emulated hosts
ok 85 - metadata boundary: host dispatch exposes declared POSIX mechanisms and refuses unsupported or emulated hosts
  ---
  duration_ms: 0.698958
  type: 'test'
  ...
# Subtest: metadata boundary: missing directories return null; regular files and linked directories are rejected
ok 86 - metadata boundary: missing directories return null; regular files and linked directories are rejected
  ---
  duration_ms: 0.720542
  type: 'test'
  ...
# Subtest: metadata boundary: directory access keeps private and owner-writable policies distinct without chmod
ok 87 - metadata boundary: directory access keeps private and owner-writable policies distinct without chmod
  ---
  duration_ms: 0.361291
  type: 'test'
  ...
# Subtest: metadata boundary: public parent traversal permits a private file without weakening its access policy
ok 88 - metadata boundary: public parent traversal permits a private file without weakening its access policy
  ---
  duration_ms: 5.554584
  type: 'test'
  ...
# Subtest: metadata boundary: files enforce their own access policy and preserve original bytes and permissions
ok 89 - metadata boundary: files enforce their own access policy and preserve original bytes and permissions
  ---
  duration_ms: 1.194458
  type: 'test'
  ...
# Subtest: metadata boundary: only a missing read has missing code and its original ENOENT cause
ok 90 - metadata boundary: only a missing read has missing code and its original ENOENT cause
  ---
  duration_ms: 0.8375
  type: 'test'
  ...
# Subtest: metadata boundary: named pipes are rejected without waiting for a writer
ok 91 - metadata boundary: named pipes are rejected without waiting for a writer
  ---
  duration_ms: 24.370292
  type: 'test'
  ...
# Subtest: metadata boundary: maximum counts bytes and includes exact, one-over and empty zero-byte cases
ok 92 - metadata boundary: maximum counts bytes and includes exact, one-over and empty zero-byte cases
  ---
  duration_ms: 0.804792
  type: 'test'
  ...
# Subtest: metadata boundary: invalid maximums fail before allocating or reading data
ok 93 - metadata boundary: invalid maximums fail before allocating or reading data
  ---
  duration_ms: 0.438
  type: 'test'
  ...
# Subtest: metadata boundary: a leaf may contain Unicode and spaces but cannot traverse directories
ok 94 - metadata boundary: a leaf may contain Unicode and spaces but cannot traverse directories
  ---
  duration_ms: 0.479292
  type: 'test'
  ...
# Subtest: metadata boundary: copied, fabricated and foreign adapter directory references cannot authorize access
ok 95 - metadata boundary: copied, fabricated and foreign adapter directory references cannot authorize access
  ---
  duration_ms: 0.392791
  type: 'test'
  ...
# Subtest: metadata boundary: an issued directory reference detects replacement before read, sync and reinspection
ok 96 - metadata boundary: an issued directory reference detects replacement before read, sync and reinspection
  ---
  duration_ms: 0.69375
  type: 'test'
  ...
# Subtest: metadata boundary: issued directory access is rechecked after permissions change
ok 97 - metadata boundary: issued directory access is rechecked after permissions change
  ---
  duration_ms: 0.398834
  type: 'test'
  ...
# Subtest: metadata boundary: external hard links are rejected and a matching sibling publication pair can be allowed
ok 98 - metadata boundary: external hard links are rejected and a matching sibling publication pair can be allowed
  ---
  duration_ms: 1.209833
  type: 'test'
  ...
# Subtest: metadata boundary: publication link removal during policy observation retries the stable single-link file
ok 99 - metadata boundary: publication link removal during policy observation retries the stable single-link file
  ---
  duration_ms: 0.67775
  type: 'test'
  ...
# Subtest: metadata boundary: sibling inspection cannot escape its issued directory
ok 100 - metadata boundary: sibling inspection cannot escape its issued directory
  ---
  duration_ms: 0.612209
  type: 'test'
  ...
# Subtest: metadata boundary: isolated changed-once observation preserves stable-read and descriptor cleanup contracts
ok 101 - metadata boundary: isolated changed-once observation preserves stable-read and descriptor cleanup contracts
  ---
  duration_ms: 22.054792
  type: 'test'
  ...
# Subtest: metadata boundary: isolated changed-twice observation preserves stable-read and descriptor cleanup contracts
ok 102 - metadata boundary: isolated changed-twice observation preserves stable-read and descriptor cleanup contracts
  ---
  duration_ms: 21.902792
  type: 'test'
  ...
# Subtest: metadata boundary: isolated replaced-once observation preserves stable-read and descriptor cleanup contracts
ok 103 - metadata boundary: isolated replaced-once observation preserves stable-read and descriptor cleanup contracts
  ---
  duration_ms: 20.437125
  type: 'test'
  ...
# Subtest: metadata boundary: isolated directory-replaced observation preserves stable-read and descriptor cleanup contracts
ok 104 - metadata boundary: isolated directory-replaced observation preserves stable-read and descriptor cleanup contracts
  ---
  duration_ms: 22.959041
  type: 'test'
  ...
# Subtest: metadata boundary: isolated grew-over-limit observation preserves stable-read and descriptor cleanup contracts
ok 105 - metadata boundary: isolated grew-over-limit observation preserves stable-read and descriptor cleanup contracts
  ---
  duration_ms: 20.935625
  type: 'test'
  ...
# Subtest: metadata boundary: isolated read-error observation preserves stable-read and descriptor cleanup contracts
ok 106 - metadata boundary: isolated read-error observation preserves stable-read and descriptor cleanup contracts
  ---
  duration_ms: 25.076375
  type: 'test'
  ...
# Subtest: metadata boundary: isolated sync-error observation preserves stable-read and descriptor cleanup contracts
ok 107 - metadata boundary: isolated sync-error observation preserves stable-read and descriptor cleanup contracts
  ---
  duration_ms: 22.882708
  type: 'test'
  ...
# Subtest: metadata boundary: isolated foreign-file-uid observation preserves stable-read and descriptor cleanup contracts
ok 108 - metadata boundary: isolated foreign-file-uid observation preserves stable-read and descriptor cleanup contracts
  ---
  duration_ms: 20.484583
  type: 'test'
  ...
# Subtest: metadata boundary: isolated foreign-directory-uid observation preserves stable-read and descriptor cleanup contracts
ok 109 - metadata boundary: isolated foreign-directory-uid observation preserves stable-read and descriptor cleanup contracts
  ---
  duration_ms: 19.991666
  type: 'test'
  ...
# Subtest: metadata boundary: isolated policy-error observation preserves stable-read and descriptor cleanup contracts
ok 110 - metadata boundary: isolated policy-error observation preserves stable-read and descriptor cleanup contracts
  ---
  duration_ms: 21.7485
  type: 'test'
  ...
# Subtest: file journal: exception at candidate_synced preserves the publication boundary and retry identity
ok 111 - file journal: exception at candidate_synced preserves the publication boundary and retry identity
  ---
  duration_ms: 35.836875
  type: 'test'
  ...
# Subtest: file journal: actual SIGKILL at candidate_synced reopens a whole commit or no commit
ok 112 - file journal: actual SIGKILL at candidate_synced reopens a whole commit or no commit
  ---
  duration_ms: 88.522125
  type: 'test'
  ...
# Subtest: file journal: exception at published preserves the publication boundary and retry identity
ok 113 - file journal: exception at published preserves the publication boundary and retry identity
  ---
  duration_ms: 19.338167
  type: 'test'
  ...
# Subtest: file journal: actual SIGKILL at published reopens a whole commit or no commit
ok 114 - file journal: actual SIGKILL at published reopens a whole commit or no commit
  ---
  duration_ms: 79.018667
  type: 'test'
  ...
# Subtest: file journal: exception at directory_synced preserves the publication boundary and retry identity
ok 115 - file journal: exception at directory_synced preserves the publication boundary and retry identity
  ---
  duration_ms: 30.718625
  type: 'test'
  ...
# Subtest: file journal: actual SIGKILL at directory_synced reopens a whole commit or no commit
ok 116 - file journal: actual SIGKILL at directory_synced reopens a whole commit or no commit
  ---
  duration_ms: 75.134291
  type: 'test'
  ...
# Subtest: file journal: a reader and duplicate retry observe a whole published record while its writer is pending
ok 117 - file journal: a reader and duplicate retry observe a whole published record while its writer is pending
  ---
  duration_ms: 40.332125
  type: 'test'
  ...
# Subtest: file journal: directory sync failure prevents reads and duplicate acknowledgements without rolling back publication
ok 118 - file journal: directory sync failure prevents reads and duplicate acknowledgements without rolling back publication
  ---
  duration_ms: 20.739208
  type: 'test'
  ...
# Subtest: file journal: listing retries the first record when publication follows its initial ENOENT
ok 119 - file journal: listing retries the first record when publication follows its initial ENOENT
  ---
  duration_ms: 20.043708
  type: 'test'
  ...
# Subtest: file journal: checksum corruption blocks reads and subsequent commits without overwriting the damaged record
ok 120 - file journal: checksum corruption blocks reads and subsequent commits without overwriting the damaged record
  ---
  duration_ms: 16.940458
  type: 'test'
  ...
# Subtest: file journal: an intact record checksum does not hide a broken previous-hash link
ok 121 - file journal: an intact record checksum does not hide a broken previous-hash link
  ---
  duration_ms: 33.644416
  type: 'test'
  ...
# Subtest: file journal: deleting a middle revision rejects the incomplete prefix
ok 122 - file journal: deleting a middle revision rejects the incomplete prefix
  ---
  duration_ms: 50.02725
  type: 'test'
  ...
# Subtest: file journal: changing store identity is rejected by an open instance and by replay after reopening
ok 123 - file journal: changing store identity is rejected by an open instance and by replay after reopening
  ---
  duration_ms: 19.751625
  type: 'test'
  ...
# Subtest: file journal: a missing format header does not initialize a populated store as empty
ok 124 - file journal: a missing format header does not initialize a populated store as empty
  ---
  duration_ms: 15.97
  type: 'test'
  ...
# Subtest: file journal: existing root, work and record symlinks are rejected without following their contents
ok 125 - file journal: existing root, work and record symlinks are rejected without following their contents
  ---
  duration_ms: 51.099958
  type: 'test'
  ...
# Subtest: file journal: group or other permissions on the root and records are rejected
ok 126 - file journal: group or other permissions on the root and records are rejected
  ---
  duration_ms: 62.790958
  type: 'test'
  ...
# Subtest: file journal: an observed root or work directory replacement cannot reset the open repository
ok 127 - file journal: an observed root or work directory replacement cannot reset the open repository
  ---
  duration_ms: 33.29875
  type: 'test'
  ...
# Subtest: file journal: record size limits reject both publication and oversized persisted input
ok 128 - file journal: record size limits reject both publication and oversized persisted input
  ---
  duration_ms: 19.686042
  type: 'test'
  ...
# Subtest: file journal: closed instances reject every repository operation while reopening retains data
ok 129 - file journal: closed instances reject every repository operation while reopening retains data
  ---
  duration_ms: 33.734375
  type: 'test'
  ...
# Subtest: file journal: revision zero is invalid layout and cannot be silently ignored
ok 130 - file journal: revision zero is invalid layout and cannot be silently ignored
  ---
  duration_ms: 16.583291
  type: 'test'
  ...
# Subtest: journal owner: existing standalone v1 headers and v1 records remain compatible
ok 131 - journal owner: existing standalone v1 headers and v1 records remain compatible
  ---
  duration_ms: 25.802
  type: 'test'
  ...
# Subtest: journal owner: v1 empty journals are never automatically adopted
ok 132 - journal owner: v1 empty journals are never automatically adopted
  ---
  duration_ms: 12.078917
  type: 'test'
  ...
# Subtest: journal owner: v1 populated journals are never automatically adopted
ok 133 - journal owner: v1 populated journals are never automatically adopted
  ---
  duration_ms: 16.972708
  type: 'test'
  ...
# Subtest: journal owner: owner is published with v2 header and current records remain v1
ok 134 - journal owner: owner is published with v2 header and current records remain v1
  ---
  duration_ms: 26.140875
  type: 'test'
  ...
# Subtest: journal owner: foreign v2 and absent expected owner preserve the published header
ok 135 - journal owner: foreign v2 and absent expected owner preserve the published header
  ---
  duration_ms: 17.516
  type: 'test'
  ...
# Subtest: journal owner: expected owner is copied and frozen before any storage is initialized
ok 136 - journal owner: expected owner is copied and frozen before any storage is initialized
  ---
  duration_ms: 36.613875
  type: 'test'
  ...
# Subtest: journal owner: agentId mutation is rejected before cached reads and writes
ok 137 - journal owner: agentId mutation is rejected before cached reads and writes
  ---
  duration_ms: 44.967791
  type: 'test'
  ...
# Subtest: journal owner: kind mutation is rejected before cached reads and writes
ok 138 - journal owner: kind mutation is rejected before cached reads and writes
  ---
  duration_ms: 32.760708
  type: 'test'
  ...
# Subtest: journal owner: version mutation is rejected before cached reads and writes
ok 139 - journal owner: version mutation is rejected before cached reads and writes
  ---
  duration_ms: 28.781542
  type: 'test'
  ...
# Subtest: journal owner: storeId mutation is rejected before cached reads and writes
ok 140 - journal owner: storeId mutation is rejected before cached reads and writes
  ---
  duration_ms: 20.887166
  type: 'test'
  ...
# Subtest: journal owner: read-only preflight preserves empty roots and validates header candidates by content
ok 141 - journal owner: read-only preflight preserves empty roots and validates header candidates by content
  ---
  duration_ms: 9.6445
  type: 'test'
  ...
# Subtest: journal owner: missing header with unknown cannot mint a replacement store ID
ok 142 - journal owner: missing header with unknown cannot mint a replacement store ID
  ---
  duration_ms: 0.664958
  type: 'test'
  ...
# Subtest: journal owner: missing header with record-directory cannot mint a replacement store ID
ok 143 - journal owner: missing header with record-directory cannot mint a replacement store ID
  ---
  duration_ms: 0.563541
  type: 'test'
  ...
# Subtest: journal owner: missing header with invalid-pending cannot mint a replacement store ID
ok 144 - journal owner: missing header with invalid-pending cannot mint a replacement store ID
  ---
  duration_ms: 290.519958
  type: 'test'
  ...
# Subtest: journal owner: missing header with foreign-pending cannot mint a replacement store ID
ok 145 - journal owner: missing header with foreign-pending cannot mint a replacement store ID
  ---
  duration_ms: 0.793917
  type: 'test'
  ...
# Subtest: journal owner: missing header with v1-pending cannot mint a replacement store ID
ok 146 - journal owner: missing header with v1-pending cannot mint a replacement store ID
  ---
  duration_ms: 0.628458
  type: 'test'
  ...
# Subtest: journal owner: missing header with oversized-pending cannot mint a replacement store ID
ok 147 - journal owner: missing header with oversized-pending cannot mint a replacement store ID
  ---
  duration_ms: 0.604583
  type: 'test'
  ...
# Subtest: journal owner: external header hardlinks are rejected while interrupted publication links are preserved
ok 148 - journal owner: external header hardlinks are rejected while interrupted publication links are preserved
  ---
  duration_ms: 19.615708
  type: 'test'
  ...
# Subtest: journal owner: root-symlink is rejected without changing the outside file
ok 149 - journal owner: root-symlink is rejected without changing the outside file
  ---
  duration_ms: 0.431625
  type: 'test'
  ...
# Subtest: journal owner: header-symlink is rejected without changing the outside file
ok 150 - journal owner: header-symlink is rejected without changing the outside file
  ---
  duration_ms: 0.51825
  type: 'test'
  ...
# Subtest: journal owner: public-header is rejected without changing the outside file
ok 151 - journal owner: public-header is rejected without changing the outside file
  ---
  duration_ms: 0.556458
  type: 'test'
  ...
# Subtest: journal owner: external-pending-hardlink is rejected without changing the outside file
ok 152 - journal owner: external-pending-hardlink is rejected without changing the outside file
  ---
  duration_ms: 0.747959
  type: 'test'
  ...
# Subtest: journal owner: pending-symlink is rejected without changing the outside file
ok 153 - journal owner: pending-symlink is rejected without changing the outside file
  ---
  duration_ms: 0.476084
  type: 'test'
  ...
# Subtest: journal owner: header candidate count is bounded without truncation or adoption
ok 154 - journal owner: header candidate count is bounded without truncation or adoption
  ---
  duration_ms: 57.598625
  type: 'test'
  ...
# Subtest: journal owner: concurrent initializers join one atomic header
ok 155 - journal owner: concurrent initializers join one atomic header
  ---
  duration_ms: 113.470042
  type: 'test'
  ...
# Subtest: journal owner: concurrent initializers reject another owner
ok 156 - journal owner: concurrent initializers reject another owner
  ---
  duration_ms: 58.0565
  type: 'test'
  ...
# Subtest: journal owner: actual SIGKILL at header candidate_synced safely resumes the same owner
ok 157 - journal owner: actual SIGKILL at header candidate_synced safely resumes the same owner
  ---
  duration_ms: 79.341292
  type: 'test'
  ...
# Subtest: journal owner: actual SIGKILL at header published safely resumes the same owner
ok 158 - journal owner: actual SIGKILL at header published safely resumes the same owner
  ---
  duration_ms: 70.067125
  type: 'test'
  ...
# Subtest: journal owner: actual SIGKILL at header directory_synced safely resumes the same owner
ok 159 - journal owner: actual SIGKILL at header directory_synced safely resumes the same owner
  ---
  duration_ms: 72.705
  type: 'test'
  ...
# Subtest: sqlite: one commit and reopen retain state, all ordered events, deliveries and historical receipts
ok 160 - sqlite: one commit and reopen retain state, all ordered events, deliveries and historical receipts
  ---
  duration_ms: 16.030334
  type: 'test'
  ...
# Subtest: sqlite: duplicate and idempotency conflict precede revision conflict and preserve the first receipt
ok 161 - sqlite: duplicate and idempotency conflict precede revision conflict and preserve the first receipt
  ---
  duration_ms: 2.950291
  type: 'test'
  ...
# Subtest: sqlite: malformed commits leave all four collections unchanged, even on duplicate commands
ok 162 - sqlite: malformed commits leave all four collections unchanged, even on duplicate commands
  ---
  duration_ms: 3.88925
  type: 'test'
  ...
# Subtest: sqlite: caller mutations and mutable returned snapshots cannot rewrite persisted history
ok 163 - sqlite: caller mutations and mutable returned snapshots cannot rewrite persisted history
  ---
  duration_ms: 2.512666
  type: 'test'
  ...
# Subtest: sqlite: work, tenant, principal, channel and conversation identifiers remain separate
ok 164 - sqlite: work, tenant, principal, channel and conversation identifiers remain separate
  ---
  duration_ms: 4.45825
  type: 'test'
  ...
# Subtest: sqlite: event cursors are exclusive and sequence numbers are local to each work
ok 165 - sqlite: event cursors are exclusive and sequence numbers are local to each work
  ---
  duration_ms: 2.404834
  type: 'test'
  ...
# Subtest: sqlite: runnable respects exact deadline, obligation, tool and model recovery boundaries after reopen
ok 166 - sqlite: runnable respects exact deadline, obligation, tool and model recovery boundaries after reopen
  ---
  duration_ms: 11.435958
  type: 'test'
  ...
# Subtest: sqlite: two separate processes race on revision with exactly one atomic winning commit
ok 167 - sqlite: two separate processes race on revision with exactly one atomic winning commit
  ---
  duration_ms: 62.490042
  type: 'test'
  ...
# Subtest: sqlite: two separate processes race on same-command with exactly one atomic winning commit
ok 168 - sqlite: two separate processes race on same-command with exactly one atomic winning commit
  ---
  duration_ms: 59.224125
  type: 'test'
  ...
# Subtest: sqlite: two separate processes race on different-digest with exactly one atomic winning commit
ok 169 - sqlite: two separate processes race on different-digest with exactly one atomic winning commit
  ---
  duration_ms: 58.006667
  type: 'test'
  ...
# Subtest: sqlite: acknowledged commit survives SIGKILL without close and reopening replays its receipt without duplicate records
ok 170 - sqlite: acknowledged commit survives SIGKILL without close and reopening replays its receipt without duplicate records
  ---
  duration_ms: 170.14675
  type: 'test'
  ...
# Subtest: file-journal: one commit and reopen retain state, all ordered events, deliveries and historical receipts
ok 171 - file-journal: one commit and reopen retain state, all ordered events, deliveries and historical receipts
  ---
  duration_ms: 104.738042
  type: 'test'
  ...
# Subtest: file-journal: duplicate and idempotency conflict precede revision conflict and preserve the first receipt
ok 172 - file-journal: duplicate and idempotency conflict precede revision conflict and preserve the first receipt
  ---
  duration_ms: 62.674917
  type: 'test'
  ...
# Subtest: file-journal: malformed commits leave all four collections unchanged, even on duplicate commands
ok 173 - file-journal: malformed commits leave all four collections unchanged, even on duplicate commands
  ---
  duration_ms: 53.481667
  type: 'test'
  ...
# Subtest: file-journal: caller mutations and mutable returned snapshots cannot rewrite persisted history
ok 174 - file-journal: caller mutations and mutable returned snapshots cannot rewrite persisted history
  ---
  duration_ms: 40.044833
  type: 'test'
  ...
# Subtest: file-journal: work, tenant, principal, channel and conversation identifiers remain separate
ok 175 - file-journal: work, tenant, principal, channel and conversation identifiers remain separate
  ---
  duration_ms: 146.641542
  type: 'test'
  ...
# Subtest: file-journal: event cursors are exclusive and sequence numbers are local to each work
ok 176 - file-journal: event cursors are exclusive and sequence numbers are local to each work
  ---
  duration_ms: 69.454667
  type: 'test'
  ...
# Subtest: file-journal: runnable respects exact deadline, obligation, tool and model recovery boundaries after reopen
ok 177 - file-journal: runnable respects exact deadline, obligation, tool and model recovery boundaries after reopen
  ---
  duration_ms: 461.523125
  type: 'test'
  ...
# Subtest: file-journal: two separate processes race on revision with exactly one atomic winning commit
ok 178 - file-journal: two separate processes race on revision with exactly one atomic winning commit
  ---
  duration_ms: 122.657958
  type: 'test'
  ...
# Subtest: file-journal: two separate processes race on same-command with exactly one atomic winning commit
ok 179 - file-journal: two separate processes race on same-command with exactly one atomic winning commit
  ---
  duration_ms: 101.67375
  type: 'test'
  ...
# Subtest: file-journal: two separate processes race on different-digest with exactly one atomic winning commit
ok 180 - file-journal: two separate processes race on different-digest with exactly one atomic winning commit
  ---
  duration_ms: 92.687041
  type: 'test'
  ...
# Subtest: file-journal: acknowledged commit survives SIGKILL without close and reopening replays its receipt without duplicate records
ok 181 - file-journal: acknowledged commit survives SIGKILL without close and reopening replays its receipt without duplicate records
  ---
  duration_ms: 219.621791
  type: 'test'
  ...
# Subtest: sqlite: profile closes the opened state repository when channel initialization fails
ok 182 - sqlite: profile closes the opened state repository when channel initialization fails
  ---
  duration_ms: 12.062959
  type: 'test'
  ...
# Subtest: file-journal: profile closes the opened state repository when channel initialization fails
ok 183 - file-journal: profile closes the opened state repository when channel initialization fails
  ---
  duration_ms: 18.094875
  type: 'test'
  ...
# Subtest: sqlite/documents-simple: CLI persists backend choice across processes and prevents an accidental switch
ok 184 - sqlite/documents-simple: CLI persists backend choice across processes and prevents an accidental switch
  ---
  duration_ms: 674.913458
  type: 'test'
  ...
# Subtest: sqlite/observations-simple: CLI persists backend choice across processes and prevents an accidental switch
ok 185 - sqlite/observations-simple: CLI persists backend choice across processes and prevents an accidental switch
  ---
  duration_ms: 794.439792
  type: 'test'
  ...
# Subtest: file-journal/documents-simple: CLI persists backend choice across processes and prevents an accidental switch
ok 186 - file-journal/documents-simple: CLI persists backend choice across processes and prevents an accidental switch
  ---
  duration_ms: 1588.169375
  type: 'test'
  ...
# Subtest: file-journal/observations-simple: CLI persists backend choice across processes and prevents an accidental switch
ok 187 - file-journal/observations-simple: CLI persists backend choice across processes and prevents an accidental switch
  ---
  duration_ms: 895.932791
  type: 'test'
  ...
# Subtest: legacy SQLite profile acquires metadata without losing its work or accepting a backend switch
ok 188 - legacy SQLite profile acquires metadata without losing its work or accepting a backend switch
  ---
  duration_ms: 227.720792
  type: 'test'
  ...
# Subtest: two processes choosing different backends create only one accepted profile
ok 189 - two processes choosing different backends create only one accepted profile
  ---
  duration_ms: 155.926917
  type: 'test'
  ...
# Subtest: invalid or linked profile metadata is rejected without opening a new backend
ok 190 - invalid or linked profile metadata is rejected without opening a new backend
  ---
  duration_ms: 1.094667
  type: 'test'
  ...
# Subtest: memory: recent metadata is bounded at the requested revision and omits payloads without changing state
ok 191 - memory: recent metadata is bounded at the requested revision and omits payloads without changing state
  ---
  duration_ms: 7.598459
  type: 'test'
  ...
# Subtest: memory: pages progress once per matching work across Unicode IDs and isolate the complete binding scope
ok 192 - memory: pages progress once per matching work across Unicode IDs and isolate the complete binding scope
  ---
  duration_ms: 4.239042
  type: 'test'
  ...
# Subtest: memory: query limits, malformed cursors and empty repositories have a defined result
ok 193 - memory: query limits, malformed cursors and empty repositories have a defined result
  ---
  duration_ms: 1.025292
  type: 'test'
  ...
# Subtest: sqlite: recent metadata is bounded at the requested revision and omits payloads without changing state
ok 194 - sqlite: recent metadata is bounded at the requested revision and omits payloads without changing state
  ---
  duration_ms: 7.118708
  type: 'test'
  ...
# Subtest: sqlite: pages progress once per matching work across Unicode IDs and isolate the complete binding scope
ok 195 - sqlite: pages progress once per matching work across Unicode IDs and isolate the complete binding scope
  ---
  duration_ms: 5.189583
  type: 'test'
  ...
# Subtest: sqlite: query limits, malformed cursors and empty repositories have a defined result
ok 196 - sqlite: query limits, malformed cursors and empty repositories have a defined result
  ---
  duration_ms: 5.085375
  type: 'test'
  ...
# Subtest: file-journal: recent metadata is bounded at the requested revision and omits payloads without changing state
ok 197 - file-journal: recent metadata is bounded at the requested revision and omits payloads without changing state
  ---
  duration_ms: 285.019416
  type: 'test'
  ...
# Subtest: file-journal: pages progress once per matching work across Unicode IDs and isolate the complete binding scope
ok 198 - file-journal: pages progress once per matching work across Unicode IDs and isolate the complete binding scope
  ---
  duration_ms: 179.109083
  type: 'test'
  ...
# Subtest: file-journal: query limits, malformed cursors and empty repositories have a defined result
ok 199 - file-journal: query limits, malformed cursors and empty repositories have a defined result
  ---
  duration_ms: 8.382708
  type: 'test'
  ...
# Subtest: journal: each page inspects only its directory budget and a foreign-only page still advances
ok 200 - journal: each page inspects only its directory budget and a foreign-only page still advances
  ---
  duration_ms: 150.429417
  type: 'test'
  ...
# Subtest: journal: cold, warm and external append distinguish body hashing from parsed and replayed records
ok 201 - journal: cold, warm and external append distinguish body hashing from parsed and replayed records
  ---
  duration_ms: 129.674083
  type: 'test'
  ...
# Subtest: journal: a warm query rejects same-length after caching the complete history
ok 202 - journal: a warm query rejects same-length after caching the complete history
  ---
  duration_ms: 50.271875
  type: 'test'
  ...
# Subtest: journal: a warm query rejects middle-delete after caching the complete history
ok 203 - journal: a warm query rejects middle-delete after caching the complete history
  ---
  duration_ms: 78.651041
  type: 'test'
  ...
# Subtest: journal: a warm query rejects tail-delete after caching the complete history
ok 204 - journal: a warm query rejects tail-delete after caching the complete history
  ---
  duration_ms: 60.473208
  type: 'test'
  ...
# Subtest: journal: a warm query rejects replacement after caching the complete history
ok 205 - journal: a warm query rejects replacement after caching the complete history
  ---
  duration_ms: 61.489917
  type: 'test'
  ...
# Subtest: journal: a warm query rejects symlink after caching the complete history
ok 206 - journal: a warm query rejects symlink after caching the complete history
  ---
  duration_ms: 61.366833
  type: 'test'
  ...
# Subtest: journal: a warm query rejects mode after caching the complete history
ok 207 - journal: a warm query rejects mode after caching the complete history
  ---
  duration_ms: 63.937917
  type: 'test'
  ...
# Subtest: journal: a warm query rejects header after caching the complete history
ok 208 - journal: a warm query rejects header after caching the complete history
  ---
  duration_ms: 76.469833
  type: 'test'
  ...
# Subtest: journal: a warm read still fails when the directory durability fence fails
ok 209 - journal: a warm read still fails when the directory durability fence fails
  ---
  duration_ms: 35.96225
  type: 'test'
  ...
# Subtest: journal: pending-link cleanup retries a warm read once even when timestamps stay unchanged
ok 210 - journal: pending-link cleanup retries a warm read once even when timestamps stay unchanged
  ---
  duration_ms: 31.611375
  type: 'test'
  ...
# Subtest: journal: repeated record changes exhaust the bounded read retry and fail closed
ok 211 - journal: repeated record changes exhaust the bounded read retry and fail closed
  ---
  duration_ms: 38.669833
  type: 'test'
  ...
# Subtest: journal: cache accounting includes historical receipt snapshots and eviction releases record identities
ok 212 - journal: cache accounting includes historical receipt snapshots and eviction releases record identities
  ---
  duration_ms: 67.666
  type: 'test'
  ...
# Subtest: journal: a delayed older commit acknowledgement cannot lower a newer observed head with caching disabled
ok 213 - journal: a delayed older commit acknowledgement cannot lower a newer observed head with caching disabled
  ---
  duration_ms: 78.714208
  type: 'test'
  ...
# Subtest: sqlite: transactional migration backfills query indexes and an already open legacy writer keeps them current
ok 214 - sqlite: transactional migration backfills query indexes and an already open legacy writer keeps them current
  ---
  duration_ms: 47.404375
  type: 'test'
  ...
# Subtest: sqlite: migration failure rolls back schema and leaves the legacy records unchanged
ok 215 - sqlite: migration failure rolls back schema and leaves the legacy records unchanged
  ---
  duration_ms: 41.169625
  type: 'test'
  ...
# Subtest: sqlite: reopening an intermediate v2 store rebuilds stale indexes and replaces old triggers transactionally
ok 216 - sqlite: reopening an intermediate v2 store rebuilds stale indexes and replaces old triggers transactionally
  ---
  duration_ms: 59.983041
  type: 'test'
  ...
# Subtest: sqlite: a failed index write rolls back canonical state, events, receipt and binding changes together
ok 217 - sqlite: a failed index write rolls back canonical state, events, receipt and binding changes together
  ---
  duration_ms: 35.703583
  type: 'test'
  ...
# Subtest: sqlite: bounded query SQL selects metadata and IDs without loading event or work bodies
ok 218 - sqlite: bounded query SQL selects metadata and IDs without loading event or work bodies
  ---
  duration_ms: 26.566625
  type: 'test'
  ...
1..218
# tests 218
# suites 0
# pass 217
# fail 1
# cancelled 0
# skipped 0
# todo 0
# duration_ms 24412.02075
