✔ agent setup preserves files, creates private identity/config and reopens without a model (118.512792ms)
✔ status and invalid initialization options do not create files (15.851083ms)
✔ separate directories get distinct IDs and moving a directory preserves its identity (246.694667ms)
✔ initialization can finish after a process stops between identity and config publication (214.165542ms)
✔ missing identity uses explicit repair with the existing config; missing completed config is not reset (221.646708ms)
✔ completed layout repairs missing directories only with explicit repair and preserves existing state (179.848333ms)
✔ unknown data without identity is not assigned a new ID (16.51425ms)
✔ config identity mismatch, unsupported versions and malformed documents are preserved (141.307083ms)
✔ metadata symlinks and external hard links cannot be used for setup (140.750583ms)
✔ managed directory links and writable/public metadata are rejected without changing permissions (112.220541ms)
✔ engine overlap and nested agent registration are rejected (134.814292ms)
✔ CLI first call, status, version and invalid commands expose readiness without claiming runtime execution (592.179792ms)
✔ separate CLI processes initializing concurrently settle on exactly one identity (578.830042ms)
✔ two agent stores reuse existing adapters while separating identical work/memory IDs and preserving reopen (799.349333ms)
✔ agent work files cannot traverse into engine or another agent and remain separate (759.93375ms)
✔ copying another agents database is detected by its durable owner before runtime access (582.889583ms)
✔ unowned existing databases are not silently adopted (341.852708ms)
✔ symlink database and sidecar destinations cannot overwrite another file (288.488959ms)
✔ configured but not yet connected backend is not replaced by SQLite (263.965667ms)
✔ file journal: exception at candidate_synced preserves the publication boundary and retry identity (254.591625ms)
✔ file journal: actual SIGKILL at candidate_synced reopens a whole commit or no commit (308.037625ms)
✔ file journal: exception at published preserves the publication boundary and retry identity (204.505333ms)
✔ file journal: actual SIGKILL at published reopens a whole commit or no commit (316.30275ms)
✔ file journal: exception at directory_synced preserves the publication boundary and retry identity (196.911458ms)
✔ file journal: actual SIGKILL at directory_synced reopens a whole commit or no commit (274.017083ms)
✔ file journal: a reader and duplicate retry observe a whole published record while its writer is pending (230.595167ms)
✔ file journal: directory sync failure prevents reads and duplicate acknowledgements without rolling back publication (153.414959ms)
✔ file journal: listing retries the first record when publication follows its initial ENOENT (119.826417ms)
✔ file journal: checksum corruption blocks reads and subsequent commits without overwriting the damaged record (64.504875ms)
✔ file journal: an intact record checksum does not hide a broken previous-hash link (128.461209ms)
✔ file journal: deleting a middle revision rejects the incomplete prefix (192.930291ms)
✔ file journal: changing store identity is rejected by an open instance and by replay after reopening (114.15625ms)
✔ file journal: a missing format header does not initialize a populated store as empty (67.325042ms)
✔ file journal: existing root, work and record symlinks are rejected without following their contents (227.679ms)
✔ file journal: group or other permissions on the root and records are rejected (166.083959ms)
✔ file journal: an observed root or work directory replacement cannot reset the open repository (152.705917ms)
✔ file journal: record size limits reject both publication and oversized persisted input (91.722333ms)
✔ file journal: closed instances reject every repository operation while reopening retains data (35.508167ms)
✔ file journal: revision zero is invalid layout and cannot be silently ignored (30.167ms)
✔ storage root preserves leaf at volume boundaries (posix): /agent (0.793167ms)
✔ storage root preserves leaf at volume boundaries (posix): /자료 담당 (0.058666ms)
✔ storage root preserves leaf at volume boundaries (posix): /opt/work/../agent (0.03925ms)
✔ storage root preserves leaf at volume boundaries (win32): C:\agent (0.045834ms)
✔ storage root preserves leaf at volume boundaries (win32): C:\자료 담당 (0.039792ms)
✔ storage root preserves leaf at volume boundaries (win32): C:\work\..\agent (0.03425ms)
✔ storage root preserves leaf at volume boundaries (win32): \\server\share\agent (0.072209ms)
✔ storage root refuses whole filesystem, drive and UNC share roots after normalization (0.07125ms)
✔ workspace and journal reject the host filesystem root before opening storage (0.261916ms)
✔ journal record accounting identifies file names using posix separators (0.164375ms)
✔ journal record accounting identifies file names using win32 separators (0.0815ms)
✔ sqlite: one commit and reopen retain state, all ordered events, deliveries and historical receipts (70.559084ms)
✔ sqlite: duplicate and idempotency conflict precede revision conflict and preserve the first receipt (75.843834ms)
✔ sqlite: malformed commits leave all four collections unchanged, even on duplicate commands (106.589459ms)
✔ sqlite: caller mutations and mutable returned snapshots cannot rewrite persisted history (66.611709ms)
✔ sqlite: work, tenant, principal, channel and conversation identifiers remain separate (90.017042ms)
✔ sqlite: event cursors are exclusive and sequence numbers are local to each work (96.296167ms)
✔ sqlite: runnable respects exact deadline, obligation, tool and model recovery boundaries after reopen (295.730084ms)
✔ sqlite: two separate processes race on revision with exactly one atomic winning commit (143.914875ms)
✔ sqlite: two separate processes race on same-command with exactly one atomic winning commit (145.817125ms)
✔ sqlite: two separate processes race on different-digest with exactly one atomic winning commit (134.181167ms)
✔ sqlite: acknowledged commit survives SIGKILL without close and reopening replays its receipt without duplicate records (239.770416ms)
✔ file-journal: one commit and reopen retain state, all ordered events, deliveries and historical receipts (255.544208ms)
✔ file-journal: duplicate and idempotency conflict precede revision conflict and preserve the first receipt (332.444375ms)
✔ file-journal: malformed commits leave all four collections unchanged, even on duplicate commands (670.625166ms)
✔ file-journal: caller mutations and mutable returned snapshots cannot rewrite persisted history (259.274ms)
✔ file-journal: work, tenant, principal, channel and conversation identifiers remain separate (462.354625ms)
✔ file-journal: event cursors are exclusive and sequence numbers are local to each work (145.988625ms)
✔ file-journal: runnable respects exact deadline, obligation, tool and model recovery boundaries after reopen (1496.330583ms)
✔ file-journal: two separate processes race on revision with exactly one atomic winning commit (156.07775ms)
✔ file-journal: two separate processes race on same-command with exactly one atomic winning commit (115.603ms)
✔ file-journal: two separate processes race on different-digest with exactly one atomic winning commit (95.873334ms)
✔ file-journal: acknowledged commit survives SIGKILL without close and reopening replays its receipt without duplicate records (206.274167ms)
✔ workspace: missing or denying memory validators block file operations before workspace I/O (206.62225ms)
✔ workspace: stage rechecks memory custody after its asynchronous I/O (211.86225ms)
✔ workspace: read rechecks memory custody after its asynchronous I/O (239.7715ms)
✔ workspace: checkpoint rechecks memory custody after its asynchronous I/O (206.573042ms)
✔ workspace: restore rechecks memory custody after its asynchronous I/O (177.322583ms)
✔ workspace: cleanup rechecks memory custody after its asynchronous I/O (224.2825ms)
✔ workspace: sqlite checkpoint and byte-for-byte restore survive new state, artifact and workspace instances (417.491458ms)
✔ workspace: file-journal checkpoint and byte-for-byte restore survive new state, artifact and workspace instances (1012.382166ms)
✔ workspace: identical paths are isolated by both work and attempt and ownership is checked before file access (255.599542ms)
✔ workspace: traversal, absolute, ambiguous and platform-specific paths cannot be staged (62.485542ms)
✔ workspace: repeated identical staging is idempotent and different content cannot overwrite it (128.283334ms)
✔ workspace: caller mutations after starting stage cannot change the bytes being staged (71.901458ms)
✔ workspace: two processes cannot overwrite the same staged path with different bytes (146.463292ms)
✔ workspace: artifact saved during a state change remains uncommitted and cannot replace the authoritative revision (102.169209ms)
✔ workspace: narrower actor grants never replace the stored work policy during checkpoint commit (79.451625ms)
✔ workspace: policy change during file read prevents returning previously read bytes (43.904958ms)
✔ workspace: generation change during file read prevents returning previously read bytes (48.575833ms)
✔ workspace: policy change during staging prevents a successful stale response and preserves the local file (55.775542ms)
✔ workspace: generation change during staging prevents a successful stale response and preserves the local file (51.537666ms)
✔ workspace: generation changes block even source-free checkpoints and preserve their staged files (127.129208ms)
✔ workspace: restricted is checked when restoring a checkpoint even without a generation change (133.026375ms)
✔ workspace: deleted is checked when restoring a checkpoint even without a generation change (134.669958ms)
✔ workspace: labels is checked when restoring a checkpoint even without a generation change (132.914041ms)
✔ workspace: artifact is checked when restoring a checkpoint even without a generation change (128.906334ms)
✔ workspace: lifecycle changes during artifact restore prevent files from being staged (105.317ms)
✔ workspace: cleanup preserves files while active (82.44075ms)
✔ workspace: cleanup preserves files while unknown (89.643792ms)
✔ workspace: cleanup preserves files while obligation (90.747041ms)
✔ workspace: cleanup preserves files while uncheckpointed (46.221708ms)
✔ workspace: a file staged after cleanup inspection causes manifest conflict and remains preserved (108.400375ms)
✔ workspace: missing checkpoint content prevents cleanup of the surviving staged file (94.836667ms)
✔ workspace: a remaining lock is never stolen by staging or cleanup (103.657209ms)
✔ workspace: symlink files and replaced roots are rejected instead of reading or overwriting them (29.021916ms)
✔ workspace: content corruption and configured byte or file capacity limits fail without silent truncation (47.407458ms)
ℹ tests 106
ℹ suites 0
ℹ pass 106
ℹ fail 0
ℹ cancelled 0
ℹ skipped 0
ℹ todo 0
ℹ duration_ms 5753.588667
