✔ memory: recent metadata is bounded at the requested revision and omits payloads without changing state (7.968542ms)
✔ memory: pages progress once per matching work across Unicode IDs and isolate the complete binding scope (4.057792ms)
✔ memory: query limits, malformed cursors and empty repositories have a defined result (1.0655ms)
✔ sqlite: recent metadata is bounded at the requested revision and omits payloads without changing state (7.34675ms)
✔ sqlite: pages progress once per matching work across Unicode IDs and isolate the complete binding scope (5.174833ms)
✔ sqlite: query limits, malformed cursors and empty repositories have a defined result (1.615ms)
✔ file-journal: recent metadata is bounded at the requested revision and omits payloads without changing state (160.189416ms)
✔ file-journal: pages progress once per matching work across Unicode IDs and isolate the complete binding scope (191.507333ms)
✔ file-journal: query limits, malformed cursors and empty repositories have a defined result (10.594042ms)
✔ journal: each page inspects only its directory budget and a foreign-only page still advances (144.467542ms)
✔ journal: cold, warm and external append distinguish body hashing from parsed and replayed records (147.290625ms)
✔ journal: a warm query rejects same-length after caching the complete history (57.703667ms)
✔ journal: a warm query rejects middle-delete after caching the complete history (57.671583ms)
✔ journal: a warm query rejects tail-delete after caching the complete history (57.706542ms)
✔ journal: a warm query rejects replacement after caching the complete history (55.72675ms)
✔ journal: a warm query rejects symlink after caching the complete history (58.877333ms)
✔ journal: a warm query rejects mode after caching the complete history (69.043292ms)
✔ journal: a warm query rejects header after caching the complete history (49.99875ms)
✔ journal: a warm read still fails when the directory durability fence fails (29.729459ms)
✔ journal: a normal pending-link cleanup during a warm read retries the entire record once (21.234ms)
✔ journal: repeated record changes exhaust the bounded read retry and fail closed (30.153208ms)
✔ journal: cache accounting includes historical receipt snapshots and eviction releases record identities (44.321834ms)
✔ journal: a delayed older commit acknowledgement cannot lower a newer observed head with caching disabled (40.749042ms)
✔ sqlite: transactional migration backfills query indexes and an already open legacy writer keeps them current (4.067833ms)
✔ sqlite: migration failure rolls back schema and leaves the legacy records unchanged (3.265875ms)
✔ sqlite: reopening an intermediate v2 store rebuilds stale indexes and replaces old triggers transactionally (3.559459ms)
✔ sqlite: a failed index write rolls back canonical state, events, receipt and binding changes together (1.944709ms)
✔ sqlite: bounded query SQL selects metadata and IDs without loading event or work bodies (1.785959ms)
ℹ tests 28
ℹ suites 0
ℹ pass 28
ℹ fail 0
ℹ cancelled 0
ℹ skipped 0
ℹ todo 0
ℹ duration_ms 1325.239167
