✔ file journal: exception at candidate_synced preserves the publication boundary and retry identity (163.033542ms)
✔ file journal: actual SIGKILL at candidate_synced reopens a whole commit or no commit (220.207333ms)
✔ file journal: exception at published preserves the publication boundary and retry identity (162.147584ms)
✔ file journal: actual SIGKILL at published reopens a whole commit or no commit (155.097291ms)
✔ file journal: exception at directory_synced preserves the publication boundary and retry identity (162.64525ms)
✔ file journal: actual SIGKILL at directory_synced reopens a whole commit or no commit (200.96ms)
✔ file journal: a reader and duplicate retry observe a whole published record while its writer is pending (134.737042ms)
✔ file journal: directory sync failure prevents reads and duplicate acknowledgements without rolling back publication (122.322709ms)
✔ file journal: listing retries the first record when publication follows its initial ENOENT (114.583166ms)
✔ file journal: checksum corruption blocks reads and subsequent commits without overwriting the damaged record (95.079417ms)
✔ file journal: an intact record checksum does not hide a broken previous-hash link (92.868125ms)
✔ file journal: deleting a middle revision rejects the incomplete prefix (101.344958ms)
✔ file journal: changing store identity is rejected by an open instance and by replay after reopening (128.563083ms)
✔ file journal: a missing format header does not initialize a populated store as empty (76.0245ms)
✔ file journal: existing root, work and record symlinks are rejected without following their contents (198.1145ms)
✔ file journal: group or other permissions on the root and records are rejected (95.201625ms)
✔ file journal: an observed root or work directory replacement cannot reset the open repository (98.088042ms)
✔ file journal: record size limits reject both publication and oversized persisted input (83.220833ms)
✔ file journal: closed instances reject every repository operation while reopening retains data (126.663959ms)
✔ file journal: revision zero is invalid layout and cannot be silently ignored (62.674583ms)
✔ sqlite: one commit and reopen retain state, all ordered events, deliveries and historical receipts (26.140042ms)
✔ sqlite: duplicate and idempotency conflict precede revision conflict and preserve the first receipt (19.806167ms)
✔ sqlite: malformed commits leave all four collections unchanged, even on duplicate commands (36.275583ms)
✔ sqlite: caller mutations and mutable returned snapshots cannot rewrite persisted history (23.775334ms)
✔ sqlite: work, tenant, principal, channel and conversation identifiers remain separate (44.868334ms)
✔ sqlite: event cursors are exclusive and sequence numbers are local to each work (30.597542ms)
✔ sqlite: runnable respects exact deadline, obligation, tool and model recovery boundaries after reopen (94.208084ms)
✔ sqlite: two separate processes race on revision with exactly one atomic winning commit (105.914208ms)
✔ sqlite: two separate processes race on same-command with exactly one atomic winning commit (120.210334ms)
✔ sqlite: two separate processes race on different-digest with exactly one atomic winning commit (101.741458ms)
✔ sqlite: acknowledged commit survives SIGKILL without close and reopening replays its receipt without duplicate records (215.678041ms)
✔ file-journal: one commit and reopen retain state, all ordered events, deliveries and historical receipts (71.492042ms)
✔ file-journal: duplicate and idempotency conflict precede revision conflict and preserve the first receipt (86.993667ms)
✔ file-journal: malformed commits leave all four collections unchanged, even on duplicate commands (554.633709ms)
✔ file-journal: caller mutations and mutable returned snapshots cannot rewrite persisted history (149.269958ms)
✔ file-journal: work, tenant, principal, channel and conversation identifiers remain separate (809.530834ms)
✔ file-journal: event cursors are exclusive and sequence numbers are local to each work (151.517708ms)
✔ file-journal: runnable respects exact deadline, obligation, tool and model recovery boundaries after reopen (1018.292542ms)
✔ file-journal: two separate processes race on revision with exactly one atomic winning commit (109.245292ms)
✔ file-journal: two separate processes race on same-command with exactly one atomic winning commit (101.729458ms)
✔ file-journal: two separate processes race on different-digest with exactly one atomic winning commit (97.120333ms)
✔ file-journal: acknowledged commit survives SIGKILL without close and reopening replays its receipt without duplicate records (210.02775ms)
✔ memory: recent metadata is bounded at the requested revision and omits payloads without changing state (11.371333ms)
✔ memory: pages progress once per matching work across Unicode IDs and isolate the complete binding scope (6.748417ms)
✔ memory: query limits, malformed cursors and empty repositories have a defined result (1.129708ms)
✔ sqlite: recent metadata is bounded at the requested revision and omits payloads without changing state (69.489667ms)
✔ sqlite: pages progress once per matching work across Unicode IDs and isolate the complete binding scope (52.665334ms)
✔ sqlite: query limits, malformed cursors and empty repositories have a defined result (18.267917ms)
✔ file-journal: recent metadata is bounded at the requested revision and omits payloads without changing state (415.00625ms)
✔ file-journal: pages progress once per matching work across Unicode IDs and isolate the complete binding scope (595.677708ms)
✔ file-journal: query limits, malformed cursors and empty repositories have a defined result (38.7595ms)
✔ journal: each page inspects only its directory budget and a foreign-only page still advances (698.472375ms)
✔ journal: cold, warm and external append distinguish body hashing from parsed and replayed records (366.687167ms)
✔ journal: a warm query rejects same-length after caching the complete history (113.234917ms)
✔ journal: a warm query rejects middle-delete after caching the complete history (141.489917ms)
✔ journal: a warm query rejects tail-delete after caching the complete history (92.706042ms)
✔ journal: a warm query rejects replacement after caching the complete history (98.330042ms)
✔ journal: a warm query rejects symlink after caching the complete history (73.48325ms)
✔ journal: a warm query rejects mode after caching the complete history (77.968917ms)
✔ journal: a warm query rejects header after caching the complete history (97.905292ms)
✔ journal: a warm read still fails when the directory durability fence fails (61.043917ms)
✔ journal: pending-link cleanup retries a warm read once even when timestamps stay unchanged (65.706125ms)
✔ journal: repeated record changes exhaust the bounded read retry and fail closed (55.0685ms)
✔ journal: cache accounting includes historical receipt snapshots and eviction releases record identities (106.765292ms)
✔ journal: a delayed older commit acknowledgement cannot lower a newer observed head with caching disabled (76.192041ms)
✔ sqlite: transactional migration backfills query indexes and an already open legacy writer keeps them current (65.480709ms)
✔ sqlite: migration failure rolls back schema and leaves the legacy records unchanged (65.754833ms)
✔ sqlite: reopening an intermediate v2 store rebuilds stale indexes and replaces old triggers transactionally (69.523125ms)
✔ sqlite: a failed index write rolls back canonical state, events, receipt and binding changes together (36.81325ms)
✔ sqlite: bounded query SQL selects metadata and IDs without loading event or work bodies (37.968292ms)
ℹ tests 70
ℹ suites 0
ℹ pass 70
ℹ fail 0
ℹ cancelled 0
ℹ skipped 0
ℹ todo 0
ℹ duration_ms 4246.458583
