TAP version 13
# Subtest: clone resumes with one identity after actual process termination at setup-operation.json
ok 1 - clone resumes with one identity after actual process termination at setup-operation.json
  ---
  duration_ms: 386.264792
  type: 'test'
  ...
# Subtest: clone resumes with one identity after actual process termination at setup.json
ok 2 - clone resumes with one identity after actual process termination at setup.json
  ---
  duration_ms: 368.004917
  type: 'test'
  ...
# Subtest: clone resumes with one identity after actual process termination at identity.json
ok 3 - clone resumes with one identity after actual process termination at identity.json
  ---
  duration_ms: 423.439334
  type: 'test'
  ...
# Subtest: clone resumes with one identity after actual process termination at config.json
ok 4 - clone resumes with one identity after actual process termination at config.json
  ---
  duration_ms: 376.984
  type: 'test'
  ...
# Subtest: clone resumes with one identity after actual process termination at skill
ok 5 - clone resumes with one identity after actual process termination at skill
  ---
  duration_ms: 430.298125
  type: 'test'
  ...
# Subtest: clone resumes with one identity after actual process termination at before-complete
ok 6 - clone resumes with one identity after actual process termination at before-complete
  ---
  duration_ms: 508.257584
  type: 'test'
  ...
# Subtest: a published completion survives process termination and later source/skill edits do not trigger recopy
ok 7 - a published completion survives process termination and later source/skill edits do not trigger recopy
  ---
  duration_ms: 358.887583
  type: 'test'
  ...
# Subtest: source changes and target conflicts are preserved during explicit clone resume
ok 8 - source changes and target conflicts are preserved during explicit clone resume
  ---
  duration_ms: 338.882375
  type: 'test'
  ...
# Subtest: pending clone blocks nested setup and CLI repair explains explicit clone resume
ok 9 - pending clone blocks nested setup and CLI repair explains explicit clone resume
  ---
  duration_ms: 567.116375
  type: 'test'
  ...
# Subtest: general initialization keeps its selected identity after interruption at the operation marker
ok 10 - general initialization keeps its selected identity after interruption at the operation marker
  ---
  duration_ms: 248.561875
  type: 'test'
  ...
# Subtest: competing clone commands never assign two identities to the same destination
ok 11 - competing clone commands never assign two identities to the same destination
  ---
  duration_ms: 363.832291
  type: 'test'
  ...
# Subtest: initialization and clone contention leave a single coherent ready profile
ok 12 - initialization and clone contention leave a single coherent ready profile
  ---
  duration_ms: 234.398042
  type: 'test'
  ...
# Subtest: a target config changed during skill publication cannot be marked clone-complete
ok 13 - a target config changed during skill publication cannot be marked clone-complete
  ---
  duration_ms: 230.855917
  type: 'test'
  ...
# Subtest: legacy v1 setup without an operation marker reopens untouched and repairs with its existing identity
ok 14 - legacy v1 setup without an operation marker reopens untouched and repairs with its existing identity
  ---
  duration_ms: 126.671
  type: 'test'
  ...
# Subtest: pending filenames cannot hide data in clone memory, workspace or artifact directories
ok 15 - pending filenames cannot hide data in clone memory, workspace or artifact directories
  ---
  duration_ms: 396.139666
  type: 'test'
  ...
# Subtest: one interrupted publication at the entries boundary can resume with its safe pending file
ok 16 - one interrupted publication at the entries boundary can resume with its safe pending file
  ---
  duration_ms: 4755.446042
  type: 'test'
  ...
# Subtest: one interrupted publication at the bytes boundary can resume with its safe pending file
ok 17 - one interrupted publication at the bytes boundary can resume with its safe pending file
  ---
  duration_ms: 383.2295
  type: 'test'
  ...
# Subtest: clone creates a fresh identity while preserving reusable configuration and the original files
ok 18 - clone creates a fresh identity while preserving reusable configuration and the original files
  ---
  duration_ms: 361.098834
  type: 'test'
  ...
# Subtest: clone copies skill bytes, nested empty directories and executable bits without linking source files
ok 19 - clone copies skill bytes, nested empty directories and executable bits without linking source files
  ---
  duration_ms: 375.816375
  type: 'test'
  ...
# Subtest: clone starts with independent empty stores despite source work, memory, conversation and artifacts
ok 20 - clone starts with independent empty stores despite source work, memory, conversation and artifacts
  ---
  duration_ms: 816.394458
  type: 'test'
  ...
# Subtest: ordinary clone never overwrites an existing empty, populated or initialized destination
ok 21 - ordinary clone never overwrites an existing empty, populated or initialized destination
  ---
  duration_ms: 290.297708
  type: 'test'
  ...
# Subtest: clone rejects source overlap, nested agents and engine destinations without changing either tree
ok 22 - clone rejects source overlap, nested agents and engine destinations without changing either tree
  ---
  duration_ms: 123.590791
  type: 'test'
  ...
# Subtest: clone rejects missing or malformed sources and invalid options without creating a destination
ok 23 - clone rejects missing or malformed sources and invalid options without creating a destination
  ---
  duration_ms: 117.124292
  type: 'test'
  ...
# Subtest: clone rejects skill file and directory symlinks without modifying their outside targets
ok 24 - clone rejects skill file and directory symlinks without modifying their outside targets
  ---
  duration_ms: 102.206834
  type: 'test'
  ...
# Subtest: clone rejects hard-linked skill files and leaves both links unchanged
ok 25 - clone rejects hard-linked skill files and leaves both links unchanged
  ---
  duration_ms: 168.8045
  type: 'test'
  ...
# Subtest: clone rejects a POSIX FIFO skill instead of blocking on its contents
ok 26 - clone rejects a POSIX FIFO skill instead of blocking on its contents
  ---
  duration_ms: 248.841125
  type: 'test'
  ...
# Subtest: clone permits a four-MiB skill file and rejects a file exceeding that limit
ok 27 - clone permits a four-MiB skill file and rejects a file exceeding that limit
  ---
  duration_ms: 334.274416
  type: 'test'
  ...
# Subtest: clone enforces snapshot entry, total-byte and directory-depth limits
ok 28 - clone enforces snapshot entry, total-byte and directory-depth limits
  ---
  duration_ms: 519.134583
  type: 'test'
  ...
# Subtest: pending clone rejects changed source skills or config and cannot be completed by ordinary init or repair
ok 29 - pending clone rejects changed source skills or config and cannot be completed by ordinary init or repair
  ---
  duration_ms: 418.356167
  type: 'test'
  ...
# Subtest: pending clone preserves target file conflicts instead of overwriting or accepting them
ok 30 - pending clone preserves target file conflicts instead of overwriting or accepting them
  ---
  duration_ms: 543.64875
  type: 'test'
  ...
# Subtest: finished clone resumes idempotently and ordinary reopen preserves subsequent skill edits
ok 31 - finished clone resumes idempotently and ordinary reopen preserves subsequent skill edits
  ---
  duration_ms: 198.840625
  type: 'test'
  ...
# Subtest: CLI clone reports the new ready profile and supports explicit completed-clone resume
ok 32 - CLI clone reports the new ready profile and supports explicit completed-clone resume
  ---
  duration_ms: 564.605292
  type: 'test'
  ...
# Subtest: agent setup preserves files, creates private identity/config and reopens without a model
ok 33 - agent setup preserves files, creates private identity/config and reopens without a model
  ---
  duration_ms: 140.737417
  type: 'test'
  ...
# Subtest: status and invalid initialization options do not create files
ok 34 - status and invalid initialization options do not create files
  ---
  duration_ms: 7.493583
  type: 'test'
  ...
# Subtest: separate directories get distinct IDs and moving a directory preserves its identity
ok 35 - separate directories get distinct IDs and moving a directory preserves its identity
  ---
  duration_ms: 298.284875
  type: 'test'
  ...
# Subtest: initialization can finish after a process stops between identity and config publication
ok 36 - initialization can finish after a process stops between identity and config publication
  ---
  duration_ms: 207.954917
  type: 'test'
  ...
# Subtest: missing identity uses explicit repair with the existing config; missing completed config is not reset
ok 37 - missing identity uses explicit repair with the existing config; missing completed config is not reset
  ---
  duration_ms: 182.258667
  type: 'test'
  ...
# Subtest: completed layout repairs missing directories only with explicit repair and preserves existing state
ok 38 - completed layout repairs missing directories only with explicit repair and preserves existing state
  ---
  duration_ms: 201.602458
  type: 'test'
  ...
# Subtest: unknown data without identity is not assigned a new ID
ok 39 - unknown data without identity is not assigned a new ID
  ---
  duration_ms: 14.228292
  type: 'test'
  ...
# Subtest: config identity mismatch, unsupported versions and malformed documents are preserved
ok 40 - config identity mismatch, unsupported versions and malformed documents are preserved
  ---
  duration_ms: 154.184292
  type: 'test'
  ...
# Subtest: metadata symlinks and external hard links cannot be used for setup
ok 41 - metadata symlinks and external hard links cannot be used for setup
  ---
  duration_ms: 158.706
  type: 'test'
  ...
# Subtest: managed directory links and writable/public metadata are rejected without changing permissions
ok 42 - managed directory links and writable/public metadata are rejected without changing permissions
  ---
  duration_ms: 125.971416
  type: 'test'
  ...
# Subtest: engine overlap and nested agent registration are rejected
ok 43 - engine overlap and nested agent registration are rejected
  ---
  duration_ms: 145.192875
  type: 'test'
  ...
# Subtest: CLI first call, status, version and invalid commands expose readiness without claiming runtime execution
ok 44 - CLI first call, status, version and invalid commands expose readiness without claiming runtime execution
  ---
  duration_ms: 544.672
  type: 'test'
  ...
# Subtest: separate CLI processes initializing concurrently settle on exactly one identity
ok 45 - separate CLI processes initializing concurrently settle on exactly one identity
  ---
  duration_ms: 522.997167
  type: 'test'
  ...
# Subtest: two agent stores reuse existing adapters while separating identical work/memory IDs and preserving reopen
ok 46 - two agent stores reuse existing adapters while separating identical work/memory IDs and preserving reopen
  ---
  duration_ms: 847.203584
  type: 'test'
  ...
# Subtest: agent work files cannot traverse into engine or another agent and remain separate
ok 47 - agent work files cannot traverse into engine or another agent and remain separate
  ---
  duration_ms: 813.388292
  type: 'test'
  ...
# Subtest: copying another agents database is detected by its durable owner before runtime access
ok 48 - copying another agents database is detected by its durable owner before runtime access
  ---
  duration_ms: 588.682333
  type: 'test'
  ...
# Subtest: unowned existing databases are not silently adopted
ok 49 - unowned existing databases are not silently adopted
  ---
  duration_ms: 334.066666
  type: 'test'
  ...
# Subtest: symlink database and sidecar destinations cannot overwrite another file
ok 50 - symlink database and sidecar destinations cannot overwrite another file
  ---
  duration_ms: 229.871375
  type: 'test'
  ...
# Subtest: configured but not yet connected backend is not replaced by SQLite
ok 51 - configured but not yet connected backend is not replaced by SQLite
  ---
  duration_ms: 260.942167
  type: 'test'
  ...
# Subtest: CLI resumes across processes, keeps conversation/work identities and separates disconnect, pause and cancel
ok 52 - CLI resumes across processes, keeps conversation/work identities and separates disconnect, pause and cancel
  ---
  duration_ms: 3382.50075
  type: 'test'
  ...
# Subtest: CLI human output is reception plus result, with no internal events or ANSI: documents-simple
ok 53 - CLI human output is reception plus result, with no internal events or ANSI: documents-simple
  ---
  duration_ms: 562.049458
  type: 'test'
  ...
# Subtest: CLI human output is reception plus result, with no internal events or ANSI: observations-simple
ok 54 - CLI human output is reception plus result, with no internal events or ANSI: observations-simple
  ---
  duration_ms: 595.47575
  type: 'test'
  ...
# Subtest: CLI goal changes require an explicit revision and failures have no success JSON on stdout
ok 55 - CLI goal changes require an explicit revision and failures have no success JSON on stdout
  ---
  duration_ms: 656.393291
  type: 'test'
  ...
# Subtest: CLI checkpoint is a derived reference and an old resume file does not reverse a paused work
ok 56 - CLI checkpoint is a derived reference and an old resume file does not reverse a paused work
  ---
  duration_ms: 1509.324
  type: 'test'
  ...
1..56
# tests 56
# suites 0
# pass 56
# fail 0
# cancelled 0
# skipped 0
# todo 0
# duration_ms 10558.47775
