TAP version 13
# Subtest: file-journal agents separate identical work IDs, events and historical receipts across reopen
ok 1 - file-journal agents separate identical work IDs, events and historical receipts across reopen
  ---
  duration_ms: 406.841041
  type: 'test'
  ...
# Subtest: file-journal state keeps private memory and channel messages in separately owned SQLite databases
ok 2 - file-journal state keeps private memory and channel messages in separately owned SQLite databases
  ---
  duration_ms: 373.525375
  type: 'test'
  ...
# Subtest: a file-journal clone opens a fresh owned journal and empty SQLite memory and channel stores
ok 3 - a file-journal clone opens a fresh owned journal and empty SQLite memory and channel stores
  ---
  duration_ms: 547.341833
  type: 'test'
  ...
# Subtest: copying another agents complete journal is rejected before binding a new backend marker
ok 4 - copying another agents complete journal is rejected before binding a new backend marker
  ---
  duration_ms: 271.991833
  type: 'test'
  ...
# Subtest: file-journal selection does not bypass foreign memory or channel SQLite ownership
ok 5 - file-journal selection does not bypass foreign memory or channel SQLite ownership
  ---
  duration_ms: 634.264834
  type: 'test'
  ...
# Subtest: empty and populated legacy v1 journals are not automatically adopted by an agent
ok 6 - empty and populated legacy v1 journals are not automatically adopted by an agent
  ---
  duration_ms: 422.947708
  type: 'test'
  ...
# Subtest: changing config between SQLite and file-journal never creates a replacement state store
ok 7 - changing config between SQLite and file-journal never creates a replacement state store
  ---
  duration_ms: 455.223208
  type: 'test'
  ...
# Subtest: an owned legacy SQLite agent gains only its backend marker and preserves historical data
ok 8 - an owned legacy SQLite agent gains only its backend marker and preserves historical data
  ---
  duration_ms: 262.391375
  type: 'test'
  ...
# Subtest: an unowned legacy SQLite database is preserved without creating a backend marker
ok 9 - an unowned legacy SQLite database is preserved without creating a backend marker
  ---
  duration_ms: 162.476291
  type: 'test'
  ...
# Subtest: copying another agents backend marker is rejected before creating any state or private databases
ok 10 - copying another agents backend marker is rejected before creating any state or private databases
  ---
  duration_ms: 264.775
  type: 'test'
  ...
# Subtest: malformed, unsupported or linked backend markers cannot initialize state stores
ok 11 - malformed, unsupported or linked backend markers cannot initialize state stores
  ---
  duration_ms: 470.108959
  type: 'test'
  ...
# Subtest: ambiguous existing SQLite and journal stores are preserved without choosing a new backend
ok 12 - ambiguous existing SQLite and journal stores are preserved without choosing a new backend
  ---
  duration_ms: 405.271041
  type: 'test'
  ...
# Subtest: concurrent CLI first storage opens retain one agent, backend selection and journal identity
ok 13 - concurrent CLI first storage opens retain one agent, backend selection and journal identity
  ---
  duration_ms: 860.768541
  type: 'test'
  ...
# Subtest: clone resumes with one identity after actual process termination at setup-operation.json
ok 14 - clone resumes with one identity after actual process termination at setup-operation.json
  ---
  duration_ms: 272.126167
  type: 'test'
  ...
# Subtest: clone resumes with one identity after actual process termination at setup.json
ok 15 - clone resumes with one identity after actual process termination at setup.json
  ---
  duration_ms: 273.421958
  type: 'test'
  ...
# Subtest: clone resumes with one identity after actual process termination at identity.json
ok 16 - clone resumes with one identity after actual process termination at identity.json
  ---
  duration_ms: 334.448791
  type: 'test'
  ...
# Subtest: clone resumes with one identity after actual process termination at config.json
ok 17 - clone resumes with one identity after actual process termination at config.json
  ---
  duration_ms: 369.636292
  type: 'test'
  ...
# Subtest: clone resumes with one identity after actual process termination at skill
ok 18 - clone resumes with one identity after actual process termination at skill
  ---
  duration_ms: 335.648292
  type: 'test'
  ...
# Subtest: clone resumes with one identity after actual process termination at before-complete
ok 19 - clone resumes with one identity after actual process termination at before-complete
  ---
  duration_ms: 365.952042
  type: 'test'
  ...
# Subtest: a published completion survives process termination and later source/skill edits do not trigger recopy
ok 20 - a published completion survives process termination and later source/skill edits do not trigger recopy
  ---
  duration_ms: 294.787833
  type: 'test'
  ...
# Subtest: source changes and target conflicts are preserved during explicit clone resume
ok 21 - source changes and target conflicts are preserved during explicit clone resume
  ---
  duration_ms: 327.628334
  type: 'test'
  ...
# Subtest: pending clone blocks nested setup and CLI repair explains explicit clone resume
ok 22 - pending clone blocks nested setup and CLI repair explains explicit clone resume
  ---
  duration_ms: 576.402584
  type: 'test'
  ...
# Subtest: general initialization keeps its selected identity after interruption at the operation marker
ok 23 - general initialization keeps its selected identity after interruption at the operation marker
  ---
  duration_ms: 271.585375
  type: 'test'
  ...
# Subtest: competing clone commands never assign two identities to the same destination
ok 24 - competing clone commands never assign two identities to the same destination
  ---
  duration_ms: 296.357791
  type: 'test'
  ...
# Subtest: initialization and clone contention leave a single coherent ready profile
ok 25 - initialization and clone contention leave a single coherent ready profile
  ---
  duration_ms: 263.705041
  type: 'test'
  ...
# Subtest: a target config changed during skill publication cannot be marked clone-complete
ok 26 - a target config changed during skill publication cannot be marked clone-complete
  ---
  duration_ms: 290.891916
  type: 'test'
  ...
# Subtest: legacy v1 setup without an operation marker reopens untouched and repairs with its existing identity
ok 27 - legacy v1 setup without an operation marker reopens untouched and repairs with its existing identity
  ---
  duration_ms: 142.916583
  type: 'test'
  ...
# Subtest: pending filenames cannot hide data in clone memory, workspace or artifact directories
ok 28 - pending filenames cannot hide data in clone memory, workspace or artifact directories
  ---
  duration_ms: 681.2095
  type: 'test'
  ...
# Subtest: one interrupted publication at the entries boundary can resume with its safe pending file
ok 29 - one interrupted publication at the entries boundary can resume with its safe pending file
  ---
  duration_ms: 6752.911458
  type: 'test'
  ...
# Subtest: one interrupted publication at the bytes boundary can resume with its safe pending file
ok 30 - one interrupted publication at the bytes boundary can resume with its safe pending file
  ---
  duration_ms: 405.816833
  type: 'test'
  ...
# Subtest: clone creates a fresh identity while preserving reusable configuration and the original files
ok 31 - clone creates a fresh identity while preserving reusable configuration and the original files
  ---
  duration_ms: 249.537917
  type: 'test'
  ...
# Subtest: clone copies skill bytes, nested empty directories and executable bits without linking source files
ok 32 - clone copies skill bytes, nested empty directories and executable bits without linking source files
  ---
  duration_ms: 332.6625
  type: 'test'
  ...
# Subtest: clone starts with independent empty stores despite source work, memory, conversation and artifacts
ok 33 - clone starts with independent empty stores despite source work, memory, conversation and artifacts
  ---
  duration_ms: 578.711333
  type: 'test'
  ...
# Subtest: ordinary clone never overwrites an existing empty, populated or initialized destination
ok 34 - ordinary clone never overwrites an existing empty, populated or initialized destination
  ---
  duration_ms: 252.463125
  type: 'test'
  ...
# Subtest: clone rejects source overlap, nested agents and engine destinations without changing either tree
ok 35 - clone rejects source overlap, nested agents and engine destinations without changing either tree
  ---
  duration_ms: 130.86125
  type: 'test'
  ...
# Subtest: clone rejects missing or malformed sources and invalid options without creating a destination
ok 36 - clone rejects missing or malformed sources and invalid options without creating a destination
  ---
  duration_ms: 126.003334
  type: 'test'
  ...
# Subtest: clone rejects skill file and directory symlinks without modifying their outside targets
ok 37 - clone rejects skill file and directory symlinks without modifying their outside targets
  ---
  duration_ms: 131.416584
  type: 'test'
  ...
# Subtest: clone rejects hard-linked skill files and leaves both links unchanged
ok 38 - clone rejects hard-linked skill files and leaves both links unchanged
  ---
  duration_ms: 125.92475
  type: 'test'
  ...
# Subtest: clone rejects a POSIX FIFO skill instead of blocking on its contents
ok 39 - clone rejects a POSIX FIFO skill instead of blocking on its contents
  ---
  duration_ms: 212.784334
  type: 'test'
  ...
# Subtest: clone permits a four-MiB skill file and rejects a file exceeding that limit
ok 40 - clone permits a four-MiB skill file and rejects a file exceeding that limit
  ---
  duration_ms: 277.934083
  type: 'test'
  ...
# Subtest: clone enforces snapshot entry, total-byte and directory-depth limits
ok 41 - clone enforces snapshot entry, total-byte and directory-depth limits
  ---
  duration_ms: 1297.418833
  type: 'test'
  ...
# Subtest: pending clone rejects changed source skills or config and cannot be completed by ordinary init or repair
ok 42 - pending clone rejects changed source skills or config and cannot be completed by ordinary init or repair
  ---
  duration_ms: 590.919125
  type: 'test'
  ...
# Subtest: pending clone preserves target file conflicts instead of overwriting or accepting them
ok 43 - pending clone preserves target file conflicts instead of overwriting or accepting them
  ---
  duration_ms: 639.860833
  type: 'test'
  ...
# Subtest: finished clone resumes idempotently and ordinary reopen preserves subsequent skill edits
ok 44 - finished clone resumes idempotently and ordinary reopen preserves subsequent skill edits
  ---
  duration_ms: 283.005834
  type: 'test'
  ...
# Subtest: CLI clone reports the new ready profile and supports explicit completed-clone resume
ok 45 - CLI clone reports the new ready profile and supports explicit completed-clone resume
  ---
  duration_ms: 745.849917
  type: 'test'
  ...
# Subtest: owner inspection preserves another connection write reservation against an external process
ok 46 - owner inspection preserves another connection write reservation against an external process
  ---
  duration_ms: 278.919958
  type: 'test'
  ...
# Subtest: actual termination leaves a hot rollback journal that ownership inspection refuses without changing original bytes
ok 47 - actual termination leaves a hot rollback journal that ownership inspection refuses without changing original bytes
  ---
  duration_ms: 89.219959
  type: 'test'
  ...
# Subtest: owner inspection uses one snapshot when another process commits the first owner between schema reads
ok 48 - owner inspection uses one snapshot when another process commits the first owner between schema reads
  ---
  duration_ms: 90.030625
  type: 'test'
  ...
# Subtest: initialization joins the same identity published after its first empty metadata observation
ok 49 - initialization joins the same identity published after its first empty metadata observation
  ---
  duration_ms: 162.285458
  type: 'test'
  ...
# Subtest: initialization reobserves malformed metadata after a concurrent publication and refuses without replacement
ok 50 - initialization reobserves malformed metadata after a concurrent publication and refuses without replacement
  ---
  duration_ms: 205.070875
  type: 'test'
  ...
# Subtest: initialization reobserves mismatch metadata after a concurrent publication and refuses without replacement
ok 51 - initialization reobserves mismatch metadata after a concurrent publication and refuses without replacement
  ---
  duration_ms: 200.261208
  type: 'test'
  ...
# Subtest: reobserving genuinely unowned metadata or memory still refuses assignment and preserves every original file
ok 52 - reobserving genuinely unowned metadata or memory still refuses assignment and preserves every original file
  ---
  duration_ms: 11.581625
  type: 'test'
  ...
# Subtest: agent setup preserves files, creates private identity/config and reopens without a model
ok 53 - agent setup preserves files, creates private identity/config and reopens without a model
  ---
  duration_ms: 52.859208
  type: 'test'
  ...
# Subtest: status and invalid initialization options do not create files
ok 54 - status and invalid initialization options do not create files
  ---
  duration_ms: 0.664625
  type: 'test'
  ...
# Subtest: separate directories get distinct IDs and moving a directory preserves its identity
ok 55 - separate directories get distinct IDs and moving a directory preserves its identity
  ---
  duration_ms: 168.104458
  type: 'test'
  ...
# Subtest: initialization can finish after a process stops between identity and config publication
ok 56 - initialization can finish after a process stops between identity and config publication
  ---
  duration_ms: 79.200375
  type: 'test'
  ...
# Subtest: missing identity uses explicit repair with the existing config; missing completed config is not reset
ok 57 - missing identity uses explicit repair with the existing config; missing completed config is not reset
  ---
  duration_ms: 117.228791
  type: 'test'
  ...
# Subtest: completed layout repairs missing directories only with explicit repair and preserves existing state
ok 58 - completed layout repairs missing directories only with explicit repair and preserves existing state
  ---
  duration_ms: 57.126125
  type: 'test'
  ...
# Subtest: unknown data without identity is not assigned a new ID
ok 59 - unknown data without identity is not assigned a new ID
  ---
  duration_ms: 1.240042
  type: 'test'
  ...
# Subtest: config identity mismatch, unsupported versions and malformed documents are preserved
ok 60 - config identity mismatch, unsupported versions and malformed documents are preserved
  ---
  duration_ms: 94.651375
  type: 'test'
  ...
# Subtest: metadata symlinks and external hard links cannot be used for setup
ok 61 - metadata symlinks and external hard links cannot be used for setup
  ---
  duration_ms: 49.082917
  type: 'test'
  ...
# Subtest: managed directory links and writable/public metadata are rejected without changing permissions
ok 62 - managed directory links and writable/public metadata are rejected without changing permissions
  ---
  duration_ms: 89.619584
  type: 'test'
  ...
# Subtest: engine overlap and nested agent registration are rejected
ok 63 - engine overlap and nested agent registration are rejected
  ---
  duration_ms: 86.562416
  type: 'test'
  ...
# Subtest: CLI first call, status, version and invalid commands expose readiness without claiming runtime execution
ok 64 - CLI first call, status, version and invalid commands expose readiness without claiming runtime execution
  ---
  duration_ms: 442.129959
  type: 'test'
  ...
# Subtest: separate CLI processes initializing concurrently settle on exactly one identity
ok 65 - separate CLI processes initializing concurrently settle on exactly one identity
  ---
  duration_ms: 375.277375
  type: 'test'
  ...
# Subtest: sqlite initialization recovers after actual termination at before-profile
ok 66 - sqlite initialization recovers after actual termination at before-profile
  ---
  duration_ms: 322.16625
  type: 'test'
  ...
# Subtest: sqlite initialization recovers after actual termination at published-profile
ok 67 - sqlite initialization recovers after actual termination at published-profile
  ---
  duration_ms: 240.122209
  type: 'test'
  ...
# Subtest: file-journal initialization recovers after actual termination at before-profile
ok 68 - file-journal initialization recovers after actual termination at before-profile
  ---
  duration_ms: 215.2915
  type: 'test'
  ...
# Subtest: file-journal initialization recovers after actual termination at published-profile
ok 69 - file-journal initialization recovers after actual termination at published-profile
  ---
  duration_ms: 372.823667
  type: 'test'
  ...
# Subtest: assignment permits recovery of the empty runtime.sqlite left by actual termination
ok 70 - assignment permits recovery of the empty runtime.sqlite left by actual termination
  ---
  duration_ms: 212.875833
  type: 'test'
  ...
# Subtest: assignment permits recovery of the empty memory.sqlite left by actual termination
ok 71 - assignment permits recovery of the empty memory.sqlite left by actual termination
  ---
  duration_ms: 283.236542
  type: 'test'
  ...
# Subtest: assignment permits recovery of the empty channel.sqlite left by actual termination
ok 72 - assignment permits recovery of the empty channel.sqlite left by actual termination
  ---
  duration_ms: 304.778375
  type: 'test'
  ...
# Subtest: an empty preexisting state database without assignment is not adopted
ok 73 - an empty preexisting state database without assignment is not adopted
  ---
  duration_ms: 84.318208
  type: 'test'
  ...
# Subtest: an empty preexisting memory database without assignment is not adopted
ok 74 - an empty preexisting memory database without assignment is not adopted
  ---
  duration_ms: 101.85825
  type: 'test'
  ...
# Subtest: an empty preexisting channel database without assignment is not adopted
ok 75 - an empty preexisting channel database without assignment is not adopted
  ---
  duration_ms: 85.54275
  type: 'test'
  ...
# Subtest: a valid assignment cannot adopt a database with unknown application data
ok 76 - a valid assignment cannot adopt a database with unknown application data
  ---
  duration_ms: 213.877917
  type: 'test'
  ...
# Subtest: competing backend snapshots publish one choice and cannot create both stores
ok 77 - competing backend snapshots publish one choice and cannot create both stores
  ---
  duration_ms: 306.057709
  type: 'test'
  ...
# Subtest: two agent stores reuse existing adapters while separating identical work/memory IDs and preserving reopen
ok 78 - two agent stores reuse existing adapters while separating identical work/memory IDs and preserving reopen
  ---
  duration_ms: 348.663417
  type: 'test'
  ...
# Subtest: agent work files cannot traverse into engine or another agent and remain separate
ok 79 - agent work files cannot traverse into engine or another agent and remain separate
  ---
  duration_ms: 321.443167
  type: 'test'
  ...
# Subtest: copying another agents database is detected by its durable owner before runtime access
ok 80 - copying another agents database is detected by its durable owner before runtime access
  ---
  duration_ms: 358.444541
  type: 'test'
  ...
# Subtest: unowned existing databases are not silently adopted
ok 81 - unowned existing databases are not silently adopted
  ---
  duration_ms: 156.16275
  type: 'test'
  ...
# Subtest: symlink database and sidecar destinations cannot overwrite another file
ok 82 - symlink database and sidecar destinations cannot overwrite another file
  ---
  duration_ms: 173.758667
  type: 'test'
  ...
# Subtest: changing config after SQLite initialization cannot replace it with an empty journal
ok 83 - changing config after SQLite initialization cannot replace it with an empty journal
  ---
  duration_ms: 200.527917
  type: 'test'
  ...
# Subtest: CLI resumes across processes, keeps conversation/work identities and separates disconnect, pause and cancel
ok 84 - CLI resumes across processes, keeps conversation/work identities and separates disconnect, pause and cancel
  ---
  duration_ms: 2198.329375
  type: 'test'
  ...
# Subtest: CLI human output is reception plus result, with no internal events or ANSI: documents-simple
ok 85 - CLI human output is reception plus result, with no internal events or ANSI: documents-simple
  ---
  duration_ms: 343.014166
  type: 'test'
  ...
# Subtest: CLI human output is reception plus result, with no internal events or ANSI: observations-simple
ok 86 - CLI human output is reception plus result, with no internal events or ANSI: observations-simple
  ---
  duration_ms: 371.453583
  type: 'test'
  ...
# Subtest: CLI goal changes require an explicit revision and failures have no success JSON on stdout
ok 87 - CLI goal changes require an explicit revision and failures have no success JSON on stdout
  ---
  duration_ms: 606.928125
  type: 'test'
  ...
# Subtest: CLI checkpoint is a derived reference and an old resume file does not reverse a paused work
ok 88 - CLI checkpoint is a derived reference and an old resume file does not reverse a paused work
  ---
  duration_ms: 1345.300125
  type: 'test'
  ...
# Subtest: metadata boundary: host dispatch exposes declared POSIX mechanisms and refuses unsupported or emulated hosts
ok 89 - metadata boundary: host dispatch exposes declared POSIX mechanisms and refuses unsupported or emulated hosts
  ---
  duration_ms: 0.721208
  type: 'test'
  ...
# Subtest: metadata boundary: missing directories return null; regular files and linked directories are rejected
ok 90 - metadata boundary: missing directories return null; regular files and linked directories are rejected
  ---
  duration_ms: 0.775958
  type: 'test'
  ...
# Subtest: metadata boundary: directory access keeps private and owner-writable policies distinct without chmod
ok 91 - metadata boundary: directory access keeps private and owner-writable policies distinct without chmod
  ---
  duration_ms: 0.360875
  type: 'test'
  ...
# Subtest: metadata boundary: public parent traversal permits a private file without weakening its access policy
ok 92 - metadata boundary: public parent traversal permits a private file without weakening its access policy
  ---
  duration_ms: 10.105292
  type: 'test'
  ...
# Subtest: metadata boundary: files enforce their own access policy and preserve original bytes and permissions
ok 93 - metadata boundary: files enforce their own access policy and preserve original bytes and permissions
  ---
  duration_ms: 0.754
  type: 'test'
  ...
# Subtest: metadata boundary: only a missing read has missing code and its original ENOENT cause
ok 94 - metadata boundary: only a missing read has missing code and its original ENOENT cause
  ---
  duration_ms: 0.686667
  type: 'test'
  ...
# Subtest: metadata boundary: named pipes are rejected without waiting for a writer
ok 95 - metadata boundary: named pipes are rejected without waiting for a writer
  ---
  duration_ms: 24.653125
  type: 'test'
  ...
# Subtest: metadata boundary: maximum counts bytes and includes exact, one-over and empty zero-byte cases
ok 96 - metadata boundary: maximum counts bytes and includes exact, one-over and empty zero-byte cases
  ---
  duration_ms: 0.736792
  type: 'test'
  ...
# Subtest: metadata boundary: invalid maximums fail before allocating or reading data
ok 97 - metadata boundary: invalid maximums fail before allocating or reading data
  ---
  duration_ms: 0.392584
  type: 'test'
  ...
# Subtest: metadata boundary: a leaf may contain Unicode and spaces but cannot traverse directories
ok 98 - metadata boundary: a leaf may contain Unicode and spaces but cannot traverse directories
  ---
  duration_ms: 0.472584
  type: 'test'
  ...
# Subtest: metadata boundary: copied, fabricated and foreign adapter directory references cannot authorize access
ok 99 - metadata boundary: copied, fabricated and foreign adapter directory references cannot authorize access
  ---
  duration_ms: 0.3765
  type: 'test'
  ...
# Subtest: metadata boundary: an issued directory reference detects replacement before read, sync and reinspection
ok 100 - metadata boundary: an issued directory reference detects replacement before read, sync and reinspection
  ---
  duration_ms: 0.755917
  type: 'test'
  ...
# Subtest: metadata boundary: issued directory access is rechecked after permissions change
ok 101 - metadata boundary: issued directory access is rechecked after permissions change
  ---
  duration_ms: 0.427875
  type: 'test'
  ...
# Subtest: metadata boundary: external hard links are rejected and a matching sibling publication pair can be allowed
ok 102 - metadata boundary: external hard links are rejected and a matching sibling publication pair can be allowed
  ---
  duration_ms: 1.262083
  type: 'test'
  ...
# Subtest: metadata boundary: publication link removal during policy observation retries the stable single-link file
ok 103 - metadata boundary: publication link removal during policy observation retries the stable single-link file
  ---
  duration_ms: 0.679542
  type: 'test'
  ...
# Subtest: metadata boundary: sibling inspection cannot escape its issued directory
ok 104 - metadata boundary: sibling inspection cannot escape its issued directory
  ---
  duration_ms: 0.666333
  type: 'test'
  ...
# Subtest: metadata boundary: isolated changed-once observation preserves stable-read and descriptor cleanup contracts
ok 105 - metadata boundary: isolated changed-once observation preserves stable-read and descriptor cleanup contracts
  ---
  duration_ms: 22.039917
  type: 'test'
  ...
# Subtest: metadata boundary: isolated changed-twice observation preserves stable-read and descriptor cleanup contracts
ok 106 - metadata boundary: isolated changed-twice observation preserves stable-read and descriptor cleanup contracts
  ---
  duration_ms: 23.08625
  type: 'test'
  ...
# Subtest: metadata boundary: isolated replaced-once observation preserves stable-read and descriptor cleanup contracts
ok 107 - metadata boundary: isolated replaced-once observation preserves stable-read and descriptor cleanup contracts
  ---
  duration_ms: 22.250167
  type: 'test'
  ...
# Subtest: metadata boundary: isolated directory-replaced observation preserves stable-read and descriptor cleanup contracts
ok 108 - metadata boundary: isolated directory-replaced observation preserves stable-read and descriptor cleanup contracts
  ---
  duration_ms: 22.244666
  type: 'test'
  ...
# Subtest: metadata boundary: isolated grew-over-limit observation preserves stable-read and descriptor cleanup contracts
ok 109 - metadata boundary: isolated grew-over-limit observation preserves stable-read and descriptor cleanup contracts
  ---
  duration_ms: 20.34375
  type: 'test'
  ...
# Subtest: metadata boundary: isolated read-error observation preserves stable-read and descriptor cleanup contracts
ok 110 - metadata boundary: isolated read-error observation preserves stable-read and descriptor cleanup contracts
  ---
  duration_ms: 20.887958
  type: 'test'
  ...
# Subtest: metadata boundary: isolated sync-error observation preserves stable-read and descriptor cleanup contracts
ok 111 - metadata boundary: isolated sync-error observation preserves stable-read and descriptor cleanup contracts
  ---
  duration_ms: 21.327417
  type: 'test'
  ...
# Subtest: metadata boundary: isolated foreign-file-uid observation preserves stable-read and descriptor cleanup contracts
ok 112 - metadata boundary: isolated foreign-file-uid observation preserves stable-read and descriptor cleanup contracts
  ---
  duration_ms: 23.069167
  type: 'test'
  ...
# Subtest: metadata boundary: isolated foreign-directory-uid observation preserves stable-read and descriptor cleanup contracts
ok 113 - metadata boundary: isolated foreign-directory-uid observation preserves stable-read and descriptor cleanup contracts
  ---
  duration_ms: 21.055042
  type: 'test'
  ...
# Subtest: metadata boundary: isolated policy-error observation preserves stable-read and descriptor cleanup contracts
ok 114 - metadata boundary: isolated policy-error observation preserves stable-read and descriptor cleanup contracts
  ---
  duration_ms: 20.872791
  type: 'test'
  ...
# Subtest: file journal: exception at candidate_synced preserves the publication boundary and retry identity
ok 115 - file journal: exception at candidate_synced preserves the publication boundary and retry identity
  ---
  duration_ms: 38.691458
  type: 'test'
  ...
# Subtest: file journal: actual SIGKILL at candidate_synced reopens a whole commit or no commit
ok 116 - file journal: actual SIGKILL at candidate_synced reopens a whole commit or no commit
  ---
  duration_ms: 87.449791
  type: 'test'
  ...
# Subtest: file journal: exception at published preserves the publication boundary and retry identity
ok 117 - file journal: exception at published preserves the publication boundary and retry identity
  ---
  duration_ms: 31.398125
  type: 'test'
  ...
# Subtest: file journal: actual SIGKILL at published reopens a whole commit or no commit
ok 118 - file journal: actual SIGKILL at published reopens a whole commit or no commit
  ---
  duration_ms: 75.151875
  type: 'test'
  ...
# Subtest: file journal: exception at directory_synced preserves the publication boundary and retry identity
ok 119 - file journal: exception at directory_synced preserves the publication boundary and retry identity
  ---
  duration_ms: 34.674625
  type: 'test'
  ...
# Subtest: file journal: actual SIGKILL at directory_synced reopens a whole commit or no commit
ok 120 - file journal: actual SIGKILL at directory_synced reopens a whole commit or no commit
  ---
  duration_ms: 77.269875
  type: 'test'
  ...
# Subtest: file journal: a reader and duplicate retry observe a whole published record while its writer is pending
ok 121 - file journal: a reader and duplicate retry observe a whole published record while its writer is pending
  ---
  duration_ms: 20.532667
  type: 'test'
  ...
# Subtest: file journal: directory sync failure prevents reads and duplicate acknowledgements without rolling back publication
ok 122 - file journal: directory sync failure prevents reads and duplicate acknowledgements without rolling back publication
  ---
  duration_ms: 32.696417
  type: 'test'
  ...
# Subtest: file journal: listing retries the first record when publication follows its initial ENOENT
ok 123 - file journal: listing retries the first record when publication follows its initial ENOENT
  ---
  duration_ms: 25.790291
  type: 'test'
  ...
# Subtest: file journal: checksum corruption blocks reads and subsequent commits without overwriting the damaged record
ok 124 - file journal: checksum corruption blocks reads and subsequent commits without overwriting the damaged record
  ---
  duration_ms: 16.002792
  type: 'test'
  ...
# Subtest: file journal: an intact record checksum does not hide a broken previous-hash link
ok 125 - file journal: an intact record checksum does not hide a broken previous-hash link
  ---
  duration_ms: 28.76325
  type: 'test'
  ...
# Subtest: file journal: deleting a middle revision rejects the incomplete prefix
ok 126 - file journal: deleting a middle revision rejects the incomplete prefix
  ---
  duration_ms: 39.940916
  type: 'test'
  ...
# Subtest: file journal: changing store identity is rejected by an open instance and by replay after reopening
ok 127 - file journal: changing store identity is rejected by an open instance and by replay after reopening
  ---
  duration_ms: 27.682209
  type: 'test'
  ...
# Subtest: file journal: a missing format header does not initialize a populated store as empty
ok 128 - file journal: a missing format header does not initialize a populated store as empty
  ---
  duration_ms: 17.218167
  type: 'test'
  ...
# Subtest: file journal: existing root, work and record symlinks are rejected without following their contents
ok 129 - file journal: existing root, work and record symlinks are rejected without following their contents
  ---
  duration_ms: 47.067333
  type: 'test'
  ...
# Subtest: file journal: group or other permissions on the root and records are rejected
ok 130 - file journal: group or other permissions on the root and records are rejected
  ---
  duration_ms: 38.815041
  type: 'test'
  ...
# Subtest: file journal: an observed root or work directory replacement cannot reset the open repository
ok 131 - file journal: an observed root or work directory replacement cannot reset the open repository
  ---
  duration_ms: 42.295416
  type: 'test'
  ...
# Subtest: file journal: record size limits reject both publication and oversized persisted input
ok 132 - file journal: record size limits reject both publication and oversized persisted input
  ---
  duration_ms: 21.581625
  type: 'test'
  ...
# Subtest: file journal: closed instances reject every repository operation while reopening retains data
ok 133 - file journal: closed instances reject every repository operation while reopening retains data
  ---
  duration_ms: 20.697209
  type: 'test'
  ...
# Subtest: file journal: revision zero is invalid layout and cannot be silently ignored
ok 134 - file journal: revision zero is invalid layout and cannot be silently ignored
  ---
  duration_ms: 23.638208
  type: 'test'
  ...
# Subtest: journal owner: existing standalone v1 headers and v1 records remain compatible
ok 135 - journal owner: existing standalone v1 headers and v1 records remain compatible
  ---
  duration_ms: 24.943542
  type: 'test'
  ...
# Subtest: journal owner: v1 empty journals are never automatically adopted
ok 136 - journal owner: v1 empty journals are never automatically adopted
  ---
  duration_ms: 9.026709
  type: 'test'
  ...
# Subtest: journal owner: v1 populated journals are never automatically adopted
ok 137 - journal owner: v1 populated journals are never automatically adopted
  ---
  duration_ms: 15.982833
  type: 'test'
  ...
# Subtest: journal owner: owner is published with v2 header and current records remain v1
ok 138 - journal owner: owner is published with v2 header and current records remain v1
  ---
  duration_ms: 20.222458
  type: 'test'
  ...
# Subtest: journal owner: foreign v2 and absent expected owner preserve the published header
ok 139 - journal owner: foreign v2 and absent expected owner preserve the published header
  ---
  duration_ms: 10.424208
  type: 'test'
  ...
# Subtest: journal owner: expected owner is copied and frozen before any storage is initialized
ok 140 - journal owner: expected owner is copied and frozen before any storage is initialized
  ---
  duration_ms: 16.072625
  type: 'test'
  ...
# Subtest: journal owner: agentId mutation is rejected before cached reads and writes
ok 141 - journal owner: agentId mutation is rejected before cached reads and writes
  ---
  duration_ms: 29.142917
  type: 'test'
  ...
# Subtest: journal owner: kind mutation is rejected before cached reads and writes
ok 142 - journal owner: kind mutation is rejected before cached reads and writes
  ---
  duration_ms: 20.999
  type: 'test'
  ...
# Subtest: journal owner: version mutation is rejected before cached reads and writes
ok 143 - journal owner: version mutation is rejected before cached reads and writes
  ---
  duration_ms: 20.809458
  type: 'test'
  ...
# Subtest: journal owner: storeId mutation is rejected before cached reads and writes
ok 144 - journal owner: storeId mutation is rejected before cached reads and writes
  ---
  duration_ms: 21.270833
  type: 'test'
  ...
# Subtest: journal owner: read-only preflight preserves empty roots and validates header candidates by content
ok 145 - journal owner: read-only preflight preserves empty roots and validates header candidates by content
  ---
  duration_ms: 9.472792
  type: 'test'
  ...
# Subtest: journal owner: missing header with unknown cannot mint a replacement store ID
ok 146 - journal owner: missing header with unknown cannot mint a replacement store ID
  ---
  duration_ms: 0.766834
  type: 'test'
  ...
# Subtest: journal owner: missing header with record-directory cannot mint a replacement store ID
ok 147 - journal owner: missing header with record-directory cannot mint a replacement store ID
  ---
  duration_ms: 0.550125
  type: 'test'
  ...
# Subtest: journal owner: missing header with invalid-pending cannot mint a replacement store ID
ok 148 - journal owner: missing header with invalid-pending cannot mint a replacement store ID
  ---
  duration_ms: 286.424375
  type: 'test'
  ...
# Subtest: journal owner: missing header with foreign-pending cannot mint a replacement store ID
ok 149 - journal owner: missing header with foreign-pending cannot mint a replacement store ID
  ---
  duration_ms: 0.803792
  type: 'test'
  ...
# Subtest: journal owner: missing header with v1-pending cannot mint a replacement store ID
ok 150 - journal owner: missing header with v1-pending cannot mint a replacement store ID
  ---
  duration_ms: 0.610416
  type: 'test'
  ...
# Subtest: journal owner: missing header with oversized-pending cannot mint a replacement store ID
ok 151 - journal owner: missing header with oversized-pending cannot mint a replacement store ID
  ---
  duration_ms: 0.622083
  type: 'test'
  ...
# Subtest: journal owner: external header hardlinks are rejected while interrupted publication links are preserved
ok 152 - journal owner: external header hardlinks are rejected while interrupted publication links are preserved
  ---
  duration_ms: 13.615083
  type: 'test'
  ...
# Subtest: journal owner: root-symlink is rejected without changing the outside file
ok 153 - journal owner: root-symlink is rejected without changing the outside file
  ---
  duration_ms: 0.392833
  type: 'test'
  ...
# Subtest: journal owner: header-symlink is rejected without changing the outside file
ok 154 - journal owner: header-symlink is rejected without changing the outside file
  ---
  duration_ms: 0.509042
  type: 'test'
  ...
# Subtest: journal owner: public-header is rejected without changing the outside file
ok 155 - journal owner: public-header is rejected without changing the outside file
  ---
  duration_ms: 0.523292
  type: 'test'
  ...
# Subtest: journal owner: external-pending-hardlink is rejected without changing the outside file
ok 156 - journal owner: external-pending-hardlink is rejected without changing the outside file
  ---
  duration_ms: 0.944792
  type: 'test'
  ...
# Subtest: journal owner: pending-symlink is rejected without changing the outside file
ok 157 - journal owner: pending-symlink is rejected without changing the outside file
  ---
  duration_ms: 0.579792
  type: 'test'
  ...
# Subtest: journal owner: header candidate count is bounded without truncation or adoption
ok 158 - journal owner: header candidate count is bounded without truncation or adoption
  ---
  duration_ms: 63.198417
  type: 'test'
  ...
# Subtest: journal owner: concurrent initializers join one atomic header
ok 159 - journal owner: concurrent initializers join one atomic header
  ---
  duration_ms: 106.742458
  type: 'test'
  ...
# Subtest: journal owner: concurrent initializers reject another owner
ok 160 - journal owner: concurrent initializers reject another owner
  ---
  duration_ms: 60.27725
  type: 'test'
  ...
# Subtest: journal owner: actual SIGKILL at header candidate_synced safely resumes the same owner
ok 161 - journal owner: actual SIGKILL at header candidate_synced safely resumes the same owner
  ---
  duration_ms: 80.380917
  type: 'test'
  ...
# Subtest: journal owner: actual SIGKILL at header published safely resumes the same owner
ok 162 - journal owner: actual SIGKILL at header published safely resumes the same owner
  ---
  duration_ms: 70.985209
  type: 'test'
  ...
# Subtest: journal owner: actual SIGKILL at header directory_synced safely resumes the same owner
ok 163 - journal owner: actual SIGKILL at header directory_synced safely resumes the same owner
  ---
  duration_ms: 77.861125
  type: 'test'
  ...
# Subtest: profile wrapper preserves absent reads, zero-byte reads and original missing sync error
ok 164 - profile wrapper preserves absent reads, zero-byte reads and original missing sync error
  ---
  duration_ms: 1.2125
  type: 'test'
  ...
# Subtest: common diagnostics include directory checks without replacing consumer read counters
ok 165 - common diagnostics include directory checks without replacing consumer read counters
  ---
  duration_ms: 0.502375
  type: 'test'
  ...
# Subtest: profile wrapper preserves open disappearance error and closes opened files
ok 166 - profile wrapper preserves open disappearance error and closes opened files
  ---
  duration_ms: 43.717625
  type: 'test'
  ...
# Subtest: profile wrapper preserves named-lstat disappearance error and closes opened files
ok 167 - profile wrapper preserves named-lstat disappearance error and closes opened files
  ---
  duration_ms: 40.275709
  type: 'test'
  ...
# Subtest: emulated unsupported platform refuses profile and standalone journal writes before creating files
ok 168 - emulated unsupported platform refuses profile and standalone journal writes before creating files
  ---
  duration_ms: 48.55375
  type: 'test'
  ...
# Subtest: sqlite: one commit and reopen retain state, all ordered events, deliveries and historical receipts
ok 169 - sqlite: one commit and reopen retain state, all ordered events, deliveries and historical receipts
  ---
  duration_ms: 10.363208
  type: 'test'
  ...
# Subtest: sqlite: duplicate and idempotency conflict precede revision conflict and preserve the first receipt
ok 170 - sqlite: duplicate and idempotency conflict precede revision conflict and preserve the first receipt
  ---
  duration_ms: 4.528875
  type: 'test'
  ...
# Subtest: sqlite: malformed commits leave all four collections unchanged, even on duplicate commands
ok 171 - sqlite: malformed commits leave all four collections unchanged, even on duplicate commands
  ---
  duration_ms: 3.766458
  type: 'test'
  ...
# Subtest: sqlite: caller mutations and mutable returned snapshots cannot rewrite persisted history
ok 172 - sqlite: caller mutations and mutable returned snapshots cannot rewrite persisted history
  ---
  duration_ms: 2.703666
  type: 'test'
  ...
# Subtest: sqlite: work, tenant, principal, channel and conversation identifiers remain separate
ok 173 - sqlite: work, tenant, principal, channel and conversation identifiers remain separate
  ---
  duration_ms: 17.969375
  type: 'test'
  ...
# Subtest: sqlite: event cursors are exclusive and sequence numbers are local to each work
ok 174 - sqlite: event cursors are exclusive and sequence numbers are local to each work
  ---
  duration_ms: 2.195292
  type: 'test'
  ...
# Subtest: sqlite: runnable respects exact deadline, obligation, tool and model recovery boundaries after reopen
ok 175 - sqlite: runnable respects exact deadline, obligation, tool and model recovery boundaries after reopen
  ---
  duration_ms: 25.375666
  type: 'test'
  ...
# Subtest: sqlite: two separate processes race on revision with exactly one atomic winning commit
ok 176 - sqlite: two separate processes race on revision with exactly one atomic winning commit
  ---
  duration_ms: 60.335041
  type: 'test'
  ...
# Subtest: sqlite: two separate processes race on same-command with exactly one atomic winning commit
ok 177 - sqlite: two separate processes race on same-command with exactly one atomic winning commit
  ---
  duration_ms: 60.335542
  type: 'test'
  ...
# Subtest: sqlite: two separate processes race on different-digest with exactly one atomic winning commit
ok 178 - sqlite: two separate processes race on different-digest with exactly one atomic winning commit
  ---
  duration_ms: 59.374083
  type: 'test'
  ...
# Subtest: sqlite: acknowledged commit survives SIGKILL without close and reopening replays its receipt without duplicate records
ok 179 - sqlite: acknowledged commit survives SIGKILL without close and reopening replays its receipt without duplicate records
  ---
  duration_ms: 167.117667
  type: 'test'
  ...
# Subtest: file-journal: one commit and reopen retain state, all ordered events, deliveries and historical receipts
ok 180 - file-journal: one commit and reopen retain state, all ordered events, deliveries and historical receipts
  ---
  duration_ms: 80.337083
  type: 'test'
  ...
# Subtest: file-journal: duplicate and idempotency conflict precede revision conflict and preserve the first receipt
ok 181 - file-journal: duplicate and idempotency conflict precede revision conflict and preserve the first receipt
  ---
  duration_ms: 28.497084
  type: 'test'
  ...
# Subtest: file-journal: malformed commits leave all four collections unchanged, even on duplicate commands
ok 182 - file-journal: malformed commits leave all four collections unchanged, even on duplicate commands
  ---
  duration_ms: 35.077875
  type: 'test'
  ...
# Subtest: file-journal: caller mutations and mutable returned snapshots cannot rewrite persisted history
ok 183 - file-journal: caller mutations and mutable returned snapshots cannot rewrite persisted history
  ---
  duration_ms: 37.781125
  type: 'test'
  ...
# Subtest: file-journal: work, tenant, principal, channel and conversation identifiers remain separate
ok 184 - file-journal: work, tenant, principal, channel and conversation identifiers remain separate
  ---
  duration_ms: 139.061625
  type: 'test'
  ...
# Subtest: file-journal: event cursors are exclusive and sequence numbers are local to each work
ok 185 - file-journal: event cursors are exclusive and sequence numbers are local to each work
  ---
  duration_ms: 64.173458
  type: 'test'
  ...
# Subtest: file-journal: runnable respects exact deadline, obligation, tool and model recovery boundaries after reopen
ok 186 - file-journal: runnable respects exact deadline, obligation, tool and model recovery boundaries after reopen
  ---
  duration_ms: 450.5595
  type: 'test'
  ...
# Subtest: file-journal: two separate processes race on revision with exactly one atomic winning commit
ok 187 - file-journal: two separate processes race on revision with exactly one atomic winning commit
  ---
  duration_ms: 125.429041
  type: 'test'
  ...
# Subtest: file-journal: two separate processes race on same-command with exactly one atomic winning commit
ok 188 - file-journal: two separate processes race on same-command with exactly one atomic winning commit
  ---
  duration_ms: 94.217458
  type: 'test'
  ...
# Subtest: file-journal: two separate processes race on different-digest with exactly one atomic winning commit
ok 189 - file-journal: two separate processes race on different-digest with exactly one atomic winning commit
  ---
  duration_ms: 90.065791
  type: 'test'
  ...
# Subtest: file-journal: acknowledged commit survives SIGKILL without close and reopening replays its receipt without duplicate records
ok 190 - file-journal: acknowledged commit survives SIGKILL without close and reopening replays its receipt without duplicate records
  ---
  duration_ms: 212.162167
  type: 'test'
  ...
# Subtest: sqlite: profile closes the opened state repository when channel initialization fails
ok 191 - sqlite: profile closes the opened state repository when channel initialization fails
  ---
  duration_ms: 13.402166
  type: 'test'
  ...
# Subtest: file-journal: profile closes the opened state repository when channel initialization fails
ok 192 - file-journal: profile closes the opened state repository when channel initialization fails
  ---
  duration_ms: 16.528709
  type: 'test'
  ...
# Subtest: sqlite/documents-simple: CLI persists backend choice across processes and prevents an accidental switch
ok 193 - sqlite/documents-simple: CLI persists backend choice across processes and prevents an accidental switch
  ---
  duration_ms: 683.628791
  type: 'test'
  ...
# Subtest: sqlite/observations-simple: CLI persists backend choice across processes and prevents an accidental switch
ok 194 - sqlite/observations-simple: CLI persists backend choice across processes and prevents an accidental switch
  ---
  duration_ms: 770.795625
  type: 'test'
  ...
# Subtest: file-journal/documents-simple: CLI persists backend choice across processes and prevents an accidental switch
ok 195 - file-journal/documents-simple: CLI persists backend choice across processes and prevents an accidental switch
  ---
  duration_ms: 1580.834667
  type: 'test'
  ...
# Subtest: file-journal/observations-simple: CLI persists backend choice across processes and prevents an accidental switch
ok 196 - file-journal/observations-simple: CLI persists backend choice across processes and prevents an accidental switch
  ---
  duration_ms: 891.740458
  type: 'test'
  ...
# Subtest: legacy SQLite profile acquires metadata without losing its work or accepting a backend switch
ok 197 - legacy SQLite profile acquires metadata without losing its work or accepting a backend switch
  ---
  duration_ms: 233.409
  type: 'test'
  ...
# Subtest: two processes choosing different backends create only one accepted profile
ok 198 - two processes choosing different backends create only one accepted profile
  ---
  duration_ms: 161.02625
  type: 'test'
  ...
# Subtest: invalid or linked profile metadata is rejected without opening a new backend
ok 199 - invalid or linked profile metadata is rejected without opening a new backend
  ---
  duration_ms: 1.098041
  type: 'test'
  ...
# Subtest: memory: recent metadata is bounded at the requested revision and omits payloads without changing state
ok 200 - memory: recent metadata is bounded at the requested revision and omits payloads without changing state
  ---
  duration_ms: 7.892125
  type: 'test'
  ...
# Subtest: memory: pages progress once per matching work across Unicode IDs and isolate the complete binding scope
ok 201 - memory: pages progress once per matching work across Unicode IDs and isolate the complete binding scope
  ---
  duration_ms: 4.264916
  type: 'test'
  ...
# Subtest: memory: query limits, malformed cursors and empty repositories have a defined result
ok 202 - memory: query limits, malformed cursors and empty repositories have a defined result
  ---
  duration_ms: 1.253333
  type: 'test'
  ...
# Subtest: sqlite: recent metadata is bounded at the requested revision and omits payloads without changing state
ok 203 - sqlite: recent metadata is bounded at the requested revision and omits payloads without changing state
  ---
  duration_ms: 7.092958
  type: 'test'
  ...
# Subtest: sqlite: pages progress once per matching work across Unicode IDs and isolate the complete binding scope
ok 204 - sqlite: pages progress once per matching work across Unicode IDs and isolate the complete binding scope
  ---
  duration_ms: 5.352959
  type: 'test'
  ...
# Subtest: sqlite: query limits, malformed cursors and empty repositories have a defined result
ok 205 - sqlite: query limits, malformed cursors and empty repositories have a defined result
  ---
  duration_ms: 5.09675
  type: 'test'
  ...
# Subtest: file-journal: recent metadata is bounded at the requested revision and omits payloads without changing state
ok 206 - file-journal: recent metadata is bounded at the requested revision and omits payloads without changing state
  ---
  duration_ms: 269.734833
  type: 'test'
  ...
# Subtest: file-journal: pages progress once per matching work across Unicode IDs and isolate the complete binding scope
ok 207 - file-journal: pages progress once per matching work across Unicode IDs and isolate the complete binding scope
  ---
  duration_ms: 190.01825
  type: 'test'
  ...
# Subtest: file-journal: query limits, malformed cursors and empty repositories have a defined result
ok 208 - file-journal: query limits, malformed cursors and empty repositories have a defined result
  ---
  duration_ms: 8.620958
  type: 'test'
  ...
# Subtest: journal: each page inspects only its directory budget and a foreign-only page still advances
ok 209 - journal: each page inspects only its directory budget and a foreign-only page still advances
  ---
  duration_ms: 141.344584
  type: 'test'
  ...
# Subtest: journal: cold, warm and external append distinguish body hashing from parsed and replayed records
ok 210 - journal: cold, warm and external append distinguish body hashing from parsed and replayed records
  ---
  duration_ms: 129.600875
  type: 'test'
  ...
# Subtest: journal: a warm query rejects same-length after caching the complete history
ok 211 - journal: a warm query rejects same-length after caching the complete history
  ---
  duration_ms: 66.602334
  type: 'test'
  ...
# Subtest: journal: a warm query rejects middle-delete after caching the complete history
ok 212 - journal: a warm query rejects middle-delete after caching the complete history
  ---
  duration_ms: 63.073292
  type: 'test'
  ...
# Subtest: journal: a warm query rejects tail-delete after caching the complete history
ok 213 - journal: a warm query rejects tail-delete after caching the complete history
  ---
  duration_ms: 64.754208
  type: 'test'
  ...
# Subtest: journal: a warm query rejects replacement after caching the complete history
ok 214 - journal: a warm query rejects replacement after caching the complete history
  ---
  duration_ms: 53.754791
  type: 'test'
  ...
# Subtest: journal: a warm query rejects symlink after caching the complete history
ok 215 - journal: a warm query rejects symlink after caching the complete history
  ---
  duration_ms: 54.403417
  type: 'test'
  ...
# Subtest: journal: a warm query rejects mode after caching the complete history
ok 216 - journal: a warm query rejects mode after caching the complete history
  ---
  duration_ms: 63.510833
  type: 'test'
  ...
# Subtest: journal: a warm query rejects header after caching the complete history
ok 217 - journal: a warm query rejects header after caching the complete history
  ---
  duration_ms: 63.469333
  type: 'test'
  ...
# Subtest: journal: a warm read still fails when the directory durability fence fails
ok 218 - journal: a warm read still fails when the directory durability fence fails
  ---
  duration_ms: 32.630333
  type: 'test'
  ...
# Subtest: journal: pending-link cleanup retries a warm read once even when timestamps stay unchanged
ok 219 - journal: pending-link cleanup retries a warm read once even when timestamps stay unchanged
  ---
  duration_ms: 32.030458
  type: 'test'
  ...
# Subtest: journal: repeated record changes exhaust the bounded read retry and fail closed
ok 220 - journal: repeated record changes exhaust the bounded read retry and fail closed
  ---
  duration_ms: 46.084292
  type: 'test'
  ...
# Subtest: journal: cache accounting includes historical receipt snapshots and eviction releases record identities
ok 221 - journal: cache accounting includes historical receipt snapshots and eviction releases record identities
  ---
  duration_ms: 62.693917
  type: 'test'
  ...
# Subtest: journal: a delayed older commit acknowledgement cannot lower a newer observed head with caching disabled
ok 222 - journal: a delayed older commit acknowledgement cannot lower a newer observed head with caching disabled
  ---
  duration_ms: 63.893709
  type: 'test'
  ...
# Subtest: sqlite: transactional migration backfills query indexes and an already open legacy writer keeps them current
ok 223 - sqlite: transactional migration backfills query indexes and an already open legacy writer keeps them current
  ---
  duration_ms: 51.064584
  type: 'test'
  ...
# Subtest: sqlite: migration failure rolls back schema and leaves the legacy records unchanged
ok 224 - sqlite: migration failure rolls back schema and leaves the legacy records unchanged
  ---
  duration_ms: 45.094834
  type: 'test'
  ...
# Subtest: sqlite: reopening an intermediate v2 store rebuilds stale indexes and replaces old triggers transactionally
ok 225 - sqlite: reopening an intermediate v2 store rebuilds stale indexes and replaces old triggers transactionally
  ---
  duration_ms: 60.805709
  type: 'test'
  ...
# Subtest: sqlite: a failed index write rolls back canonical state, events, receipt and binding changes together
ok 226 - sqlite: a failed index write rolls back canonical state, events, receipt and binding changes together
  ---
  duration_ms: 32.562334
  type: 'test'
  ...
# Subtest: sqlite: bounded query SQL selects metadata and IDs without loading event or work bodies
ok 227 - sqlite: bounded query SQL selects metadata and IDs without loading event or work bodies
  ---
  duration_ms: 28.248125
  type: 'test'
  ...
1..227
# tests 227
# suites 0
# pass 227
# fail 0
# cancelled 0
# skipped 0
# todo 0
# duration_ms 24139.542459
