TAP version 13
# Subtest: file-journal agents separate identical work IDs, events and historical receipts across reopen
ok 1 - file-journal agents separate identical work IDs, events and historical receipts across reopen
  ---
  duration_ms: 528.368167
  type: 'test'
  ...
# Subtest: file-journal state keeps private memory and channel messages in separately owned SQLite databases
ok 2 - file-journal state keeps private memory and channel messages in separately owned SQLite databases
  ---
  duration_ms: 507.275625
  type: 'test'
  ...
# Subtest: a file-journal clone opens a fresh owned journal and empty SQLite memory and channel stores
ok 3 - a file-journal clone opens a fresh owned journal and empty SQLite memory and channel stores
  ---
  duration_ms: 667.38975
  type: 'test'
  ...
# Subtest: copying another agents complete journal is rejected before binding a new backend marker
ok 4 - copying another agents complete journal is rejected before binding a new backend marker
  ---
  duration_ms: 311.133833
  type: 'test'
  ...
# Subtest: file-journal selection does not bypass foreign memory or channel SQLite ownership
ok 5 - file-journal selection does not bypass foreign memory or channel SQLite ownership
  ---
  duration_ms: 402.324333
  type: 'test'
  ...
# Subtest: empty and populated legacy v1 journals are not automatically adopted by an agent
ok 6 - empty and populated legacy v1 journals are not automatically adopted by an agent
  ---
  duration_ms: 260.339167
  type: 'test'
  ...
# Subtest: changing config between SQLite and file-journal never creates a replacement state store
ok 7 - changing config between SQLite and file-journal never creates a replacement state store
  ---
  duration_ms: 496.775167
  type: 'test'
  ...
# Subtest: an owned legacy SQLite agent gains only its backend marker and preserves historical data
ok 8 - an owned legacy SQLite agent gains only its backend marker and preserves historical data
  ---
  duration_ms: 433.017084
  type: 'test'
  ...
# Subtest: an unowned legacy SQLite database is preserved without creating a backend marker
ok 9 - an unowned legacy SQLite database is preserved without creating a backend marker
  ---
  duration_ms: 223.443834
  type: 'test'
  ...
# Subtest: copying another agents backend marker is rejected before creating any state or private databases
ok 10 - copying another agents backend marker is rejected before creating any state or private databases
  ---
  duration_ms: 313.107375
  type: 'test'
  ...
# Subtest: malformed, unsupported or linked backend markers cannot initialize state stores
ok 11 - malformed, unsupported or linked backend markers cannot initialize state stores
  ---
  duration_ms: 586.860125
  type: 'test'
  ...
# Subtest: ambiguous existing SQLite and journal stores are preserved without choosing a new backend
ok 12 - ambiguous existing SQLite and journal stores are preserved without choosing a new backend
  ---
  duration_ms: 252.744458
  type: 'test'
  ...
# Subtest: concurrent CLI first storage opens retain one agent, backend selection and journal identity
ok 13 - concurrent CLI first storage opens retain one agent, backend selection and journal identity
  ---
  duration_ms: 980.53725
  type: 'test'
  ...
# Subtest: two agent stores reuse existing adapters while separating identical work/memory IDs and preserving reopen
ok 14 - two agent stores reuse existing adapters while separating identical work/memory IDs and preserving reopen
  ---
  duration_ms: 450.8675
  type: 'test'
  ...
# Subtest: agent work files cannot traverse into engine or another agent and remain separate
ok 15 - agent work files cannot traverse into engine or another agent and remain separate
  ---
  duration_ms: 492.130333
  type: 'test'
  ...
# Subtest: copying another agents database is detected by its durable owner before runtime access
ok 16 - copying another agents database is detected by its durable owner before runtime access
  ---
  duration_ms: 416.557333
  type: 'test'
  ...
# Subtest: unowned existing databases are not silently adopted
ok 17 - unowned existing databases are not silently adopted
  ---
  duration_ms: 219.061
  type: 'test'
  ...
# Subtest: symlink database and sidecar destinations cannot overwrite another file
ok 18 - symlink database and sidecar destinations cannot overwrite another file
  ---
  duration_ms: 181.566834
  type: 'test'
  ...
# Subtest: changing config after SQLite initialization cannot replace it with an empty journal
ok 19 - changing config after SQLite initialization cannot replace it with an empty journal
  ---
  duration_ms: 258.334916
  type: 'test'
  ...
# Subtest: metadata boundary: host dispatch exposes declared POSIX mechanisms and refuses unsupported or emulated hosts
ok 20 - metadata boundary: host dispatch exposes declared POSIX mechanisms and refuses unsupported or emulated hosts
  ---
  duration_ms: 0.699958
  type: 'test'
  ...
# Subtest: metadata boundary: missing directories return null; regular files and linked directories are rejected
ok 21 - metadata boundary: missing directories return null; regular files and linked directories are rejected
  ---
  duration_ms: 6.775666
  type: 'test'
  ...
# Subtest: metadata boundary: directory access keeps private and owner-writable policies distinct without chmod
ok 22 - metadata boundary: directory access keeps private and owner-writable policies distinct without chmod
  ---
  duration_ms: 0.648708
  type: 'test'
  ...
# Subtest: metadata boundary: public parent traversal permits a private file without weakening its access policy
ok 23 - metadata boundary: public parent traversal permits a private file without weakening its access policy
  ---
  duration_ms: 11.402167
  type: 'test'
  ...
# Subtest: metadata boundary: files enforce their own access policy and preserve original bytes and permissions
ok 24 - metadata boundary: files enforce their own access policy and preserve original bytes and permissions
  ---
  duration_ms: 4.951666
  type: 'test'
  ...
# Subtest: metadata boundary: only a missing read has missing code and its original ENOENT cause
ok 25 - metadata boundary: only a missing read has missing code and its original ENOENT cause
  ---
  duration_ms: 4.917625
  type: 'test'
  ...
# Subtest: metadata boundary: named pipes are rejected without waiting for a writer
ok 26 - metadata boundary: named pipes are rejected without waiting for a writer
  ---
  duration_ms: 31.832875
  type: 'test'
  ...
# Subtest: metadata boundary: maximum counts bytes and includes exact, one-over and empty zero-byte cases
ok 27 - metadata boundary: maximum counts bytes and includes exact, one-over and empty zero-byte cases
  ---
  duration_ms: 3.240666
  type: 'test'
  ...
# Subtest: metadata boundary: invalid maximums fail before allocating or reading data
ok 28 - metadata boundary: invalid maximums fail before allocating or reading data
  ---
  duration_ms: 0.492541
  type: 'test'
  ...
# Subtest: metadata boundary: a leaf may contain Unicode and spaces but cannot traverse directories
ok 29 - metadata boundary: a leaf may contain Unicode and spaces but cannot traverse directories
  ---
  duration_ms: 0.708416
  type: 'test'
  ...
# Subtest: metadata boundary: copied, fabricated and foreign adapter directory references cannot authorize access
ok 30 - metadata boundary: copied, fabricated and foreign adapter directory references cannot authorize access
  ---
  duration_ms: 1.042875
  type: 'test'
  ...
# Subtest: metadata boundary: an issued directory reference detects replacement before read, sync and reinspection
ok 31 - metadata boundary: an issued directory reference detects replacement before read, sync and reinspection
  ---
  duration_ms: 3.765584
  type: 'test'
  ...
# Subtest: metadata boundary: issued directory access is rechecked after permissions change
ok 32 - metadata boundary: issued directory access is rechecked after permissions change
  ---
  duration_ms: 4.624333
  type: 'test'
  ...
# Subtest: metadata boundary: external hard links are rejected and a matching sibling publication pair can be allowed
ok 33 - metadata boundary: external hard links are rejected and a matching sibling publication pair can be allowed
  ---
  duration_ms: 7.6185
  type: 'test'
  ...
# Subtest: metadata boundary: publication link removal during policy observation retries the stable single-link file
ok 34 - metadata boundary: publication link removal during policy observation retries the stable single-link file
  ---
  duration_ms: 8.013333
  type: 'test'
  ...
# Subtest: metadata boundary: sibling inspection cannot escape its issued directory
ok 35 - metadata boundary: sibling inspection cannot escape its issued directory
  ---
  duration_ms: 2.866666
  type: 'test'
  ...
# Subtest: metadata boundary: isolated changed-once observation preserves stable-read and descriptor cleanup contracts
ok 36 - metadata boundary: isolated changed-once observation preserves stable-read and descriptor cleanup contracts
  ---
  duration_ms: 27.648417
  type: 'test'
  ...
# Subtest: metadata boundary: isolated changed-twice observation preserves stable-read and descriptor cleanup contracts
ok 37 - metadata boundary: isolated changed-twice observation preserves stable-read and descriptor cleanup contracts
  ---
  duration_ms: 26.931334
  type: 'test'
  ...
# Subtest: metadata boundary: isolated replaced-once observation preserves stable-read and descriptor cleanup contracts
ok 38 - metadata boundary: isolated replaced-once observation preserves stable-read and descriptor cleanup contracts
  ---
  duration_ms: 26.156834
  type: 'test'
  ...
# Subtest: metadata boundary: isolated directory-replaced observation preserves stable-read and descriptor cleanup contracts
ok 39 - metadata boundary: isolated directory-replaced observation preserves stable-read and descriptor cleanup contracts
  ---
  duration_ms: 26.837709
  type: 'test'
  ...
# Subtest: metadata boundary: isolated grew-over-limit observation preserves stable-read and descriptor cleanup contracts
ok 40 - metadata boundary: isolated grew-over-limit observation preserves stable-read and descriptor cleanup contracts
  ---
  duration_ms: 31.018833
  type: 'test'
  ...
# Subtest: metadata boundary: isolated read-error observation preserves stable-read and descriptor cleanup contracts
ok 41 - metadata boundary: isolated read-error observation preserves stable-read and descriptor cleanup contracts
  ---
  duration_ms: 26.1805
  type: 'test'
  ...
# Subtest: metadata boundary: isolated sync-error observation preserves stable-read and descriptor cleanup contracts
ok 42 - metadata boundary: isolated sync-error observation preserves stable-read and descriptor cleanup contracts
  ---
  duration_ms: 21.800875
  type: 'test'
  ...
# Subtest: metadata boundary: isolated foreign-file-uid observation preserves stable-read and descriptor cleanup contracts
ok 43 - metadata boundary: isolated foreign-file-uid observation preserves stable-read and descriptor cleanup contracts
  ---
  duration_ms: 24.214709
  type: 'test'
  ...
# Subtest: metadata boundary: isolated foreign-directory-uid observation preserves stable-read and descriptor cleanup contracts
ok 44 - metadata boundary: isolated foreign-directory-uid observation preserves stable-read and descriptor cleanup contracts
  ---
  duration_ms: 21.837875
  type: 'test'
  ...
# Subtest: metadata boundary: isolated policy-error observation preserves stable-read and descriptor cleanup contracts
ok 45 - metadata boundary: isolated policy-error observation preserves stable-read and descriptor cleanup contracts
  ---
  duration_ms: 21.78
  type: 'test'
  ...
# Subtest: metadata sync observer: isolated check-failure preserves notification, syscall and cleanup boundaries
ok 46 - metadata sync observer: isolated check-failure preserves notification, syscall and cleanup boundaries
  ---
  duration_ms: 26.329209
  type: 'test'
  ...
# Subtest: metadata sync observer: isolated open-eio preserves notification, syscall and cleanup boundaries
ok 47 - metadata sync observer: isolated open-eio preserves notification, syscall and cleanup boundaries
  ---
  duration_ms: 23.480167
  type: 'test'
  ...
# Subtest: metadata sync observer: isolated opened-object-replaced preserves notification, syscall and cleanup boundaries
ok 48 - metadata sync observer: isolated opened-object-replaced preserves notification, syscall and cleanup boundaries
  ---
  duration_ms: 29.229208
  type: 'test'
  ...
# Subtest: metadata sync observer: isolated fsync-eio preserves notification, syscall and cleanup boundaries
ok 49 - metadata sync observer: isolated fsync-eio preserves notification, syscall and cleanup boundaries
  ---
  duration_ms: 23.537875
  type: 'test'
  ...
# Subtest: metadata sync observer: isolated success preserves notification, syscall and cleanup boundaries
ok 50 - metadata sync observer: isolated success preserves notification, syscall and cleanup boundaries
  ---
  duration_ms: 25.125417
  type: 'test'
  ...
# Subtest: metadata sync observer: isolated after-fsync-replaced preserves notification, syscall and cleanup boundaries
ok 51 - metadata sync observer: isolated after-fsync-replaced preserves notification, syscall and cleanup boundaries
  ---
  duration_ms: 25.284084
  type: 'test'
  ...
# Subtest: metadata sync observer: isolated observer-throws preserves notification, syscall and cleanup boundaries
ok 52 - metadata sync observer: isolated observer-throws preserves notification, syscall and cleanup boundaries
  ---
  duration_ms: 25.510709
  type: 'test'
  ...
# Subtest: profile wrapper preserves absent reads, zero-byte reads and original missing sync error
ok 53 - profile wrapper preserves absent reads, zero-byte reads and original missing sync error
  ---
  duration_ms: 5.100041
  type: 'test'
  ...
# Subtest: common diagnostics include directory checks without replacing consumer read counters
ok 54 - common diagnostics include directory checks without replacing consumer read counters
  ---
  duration_ms: 3.799417
  type: 'test'
  ...
# Subtest: profile wrapper preserves open disappearance error and closes opened files
ok 55 - profile wrapper preserves open disappearance error and closes opened files
  ---
  duration_ms: 47.732125
  type: 'test'
  ...
# Subtest: profile wrapper preserves named-lstat disappearance error and closes opened files
ok 56 - profile wrapper preserves named-lstat disappearance error and closes opened files
  ---
  duration_ms: 47.01625
  type: 'test'
  ...
# Subtest: emulated unsupported platform refuses profile and standalone journal writes before creating files
ok 57 - emulated unsupported platform refuses profile and standalone journal writes before creating files
  ---
  duration_ms: 49.867875
  type: 'test'
  ...
# Subtest: workspace: missing or denying memory validators block file operations before workspace I/O
ok 58 - workspace: missing or denying memory validators block file operations before workspace I/O
  ---
  duration_ms: 138.525792
  type: 'test'
  ...
# Subtest: workspace: stage rechecks memory custody after its asynchronous I/O
ok 59 - workspace: stage rechecks memory custody after its asynchronous I/O
  ---
  duration_ms: 104.77275
  type: 'test'
  ...
# Subtest: workspace: read rechecks memory custody after its asynchronous I/O
ok 60 - workspace: read rechecks memory custody after its asynchronous I/O
  ---
  duration_ms: 108.928666
  type: 'test'
  ...
# Subtest: workspace: checkpoint rechecks memory custody after its asynchronous I/O
ok 61 - workspace: checkpoint rechecks memory custody after its asynchronous I/O
  ---
  duration_ms: 129.1995
  type: 'test'
  ...
# Subtest: workspace: restore rechecks memory custody after its asynchronous I/O
ok 62 - workspace: restore rechecks memory custody after its asynchronous I/O
  ---
  duration_ms: 107.80475
  type: 'test'
  ...
# Subtest: workspace: cleanup rechecks memory custody after its asynchronous I/O
ok 63 - workspace: cleanup rechecks memory custody after its asynchronous I/O
  ---
  duration_ms: 150.080084
  type: 'test'
  ...
# Subtest: workspace: sqlite checkpoint and byte-for-byte restore survive new state, artifact and workspace instances
ok 64 - workspace: sqlite checkpoint and byte-for-byte restore survive new state, artifact and workspace instances
  ---
  duration_ms: 254.885833
  type: 'test'
  ...
# Subtest: workspace: file-journal checkpoint and byte-for-byte restore survive new state, artifact and workspace instances
ok 65 - workspace: file-journal checkpoint and byte-for-byte restore survive new state, artifact and workspace instances
  ---
  duration_ms: 499.95125
  type: 'test'
  ...
# Subtest: workspace: identical paths are isolated by both work and attempt and ownership is checked before file access
ok 66 - workspace: identical paths are isolated by both work and attempt and ownership is checked before file access
  ---
  duration_ms: 148.506708
  type: 'test'
  ...
# Subtest: workspace: traversal, absolute, ambiguous and platform-specific paths cannot be staged
ok 67 - workspace: traversal, absolute, ambiguous and platform-specific paths cannot be staged
  ---
  duration_ms: 35.255666
  type: 'test'
  ...
# Subtest: workspace: repeated identical staging is idempotent and different content cannot overwrite it
ok 68 - workspace: repeated identical staging is idempotent and different content cannot overwrite it
  ---
  duration_ms: 89.047833
  type: 'test'
  ...
# Subtest: workspace: caller mutations after starting stage cannot change the bytes being staged
ok 69 - workspace: caller mutations after starting stage cannot change the bytes being staged
  ---
  duration_ms: 66.537291
  type: 'test'
  ...
# Subtest: workspace: two processes cannot overwrite the same staged path with different bytes
ok 70 - workspace: two processes cannot overwrite the same staged path with different bytes
  ---
  duration_ms: 145.451
  type: 'test'
  ...
# Subtest: workspace: artifact saved during a state change remains uncommitted and cannot replace the authoritative revision
ok 71 - workspace: artifact saved during a state change remains uncommitted and cannot replace the authoritative revision
  ---
  duration_ms: 82.650084
  type: 'test'
  ...
# Subtest: workspace: narrower actor grants never replace the stored work policy during checkpoint commit
ok 72 - workspace: narrower actor grants never replace the stored work policy during checkpoint commit
  ---
  duration_ms: 58.283
  type: 'test'
  ...
# Subtest: workspace: policy change during file read prevents returning previously read bytes
ok 73 - workspace: policy change during file read prevents returning previously read bytes
  ---
  duration_ms: 60.582042
  type: 'test'
  ...
# Subtest: workspace: generation change during file read prevents returning previously read bytes
ok 74 - workspace: generation change during file read prevents returning previously read bytes
  ---
  duration_ms: 67.777209
  type: 'test'
  ...
# Subtest: workspace: policy change during staging prevents a successful stale response and preserves the local file
ok 75 - workspace: policy change during staging prevents a successful stale response and preserves the local file
  ---
  duration_ms: 78.725583
  type: 'test'
  ...
# Subtest: workspace: generation change during staging prevents a successful stale response and preserves the local file
ok 76 - workspace: generation change during staging prevents a successful stale response and preserves the local file
  ---
  duration_ms: 52.5895
  type: 'test'
  ...
# Subtest: workspace: generation changes block even source-free checkpoints and preserve their staged files
ok 77 - workspace: generation changes block even source-free checkpoints and preserve their staged files
  ---
  duration_ms: 53.952459
  type: 'test'
  ...
# Subtest: workspace: restricted is checked when restoring a checkpoint even without a generation change
ok 78 - workspace: restricted is checked when restoring a checkpoint even without a generation change
  ---
  duration_ms: 139.213083
  type: 'test'
  ...
# Subtest: workspace: deleted is checked when restoring a checkpoint even without a generation change
ok 79 - workspace: deleted is checked when restoring a checkpoint even without a generation change
  ---
  duration_ms: 112.005291
  type: 'test'
  ...
# Subtest: workspace: labels is checked when restoring a checkpoint even without a generation change
ok 80 - workspace: labels is checked when restoring a checkpoint even without a generation change
  ---
  duration_ms: 127.123083
  type: 'test'
  ...
# Subtest: workspace: artifact is checked when restoring a checkpoint even without a generation change
ok 81 - workspace: artifact is checked when restoring a checkpoint even without a generation change
  ---
  duration_ms: 65.413541
  type: 'test'
  ...
# Subtest: workspace: lifecycle changes during artifact restore prevent files from being staged
ok 82 - workspace: lifecycle changes during artifact restore prevent files from being staged
  ---
  duration_ms: 156.036625
  type: 'test'
  ...
# Subtest: workspace: cleanup preserves files while active
ok 83 - workspace: cleanup preserves files while active
  ---
  duration_ms: 91.832667
  type: 'test'
  ...
# Subtest: workspace: cleanup preserves files while unknown
ok 84 - workspace: cleanup preserves files while unknown
  ---
  duration_ms: 53.061542
  type: 'test'
  ...
# Subtest: workspace: cleanup preserves files while obligation
ok 85 - workspace: cleanup preserves files while obligation
  ---
  duration_ms: 80.112791
  type: 'test'
  ...
# Subtest: workspace: cleanup preserves files while uncheckpointed
ok 86 - workspace: cleanup preserves files while uncheckpointed
  ---
  duration_ms: 65.984333
  type: 'test'
  ...
# Subtest: workspace: a file staged after cleanup inspection causes manifest conflict and remains preserved
ok 87 - workspace: a file staged after cleanup inspection causes manifest conflict and remains preserved
  ---
  duration_ms: 146.94975
  type: 'test'
  ...
# Subtest: workspace: missing checkpoint content prevents cleanup of the surviving staged file
ok 88 - workspace: missing checkpoint content prevents cleanup of the surviving staged file
  ---
  duration_ms: 120.304709
  type: 'test'
  ...
# Subtest: workspace: a remaining lock is never stolen by staging or cleanup
ok 89 - workspace: a remaining lock is never stolen by staging or cleanup
  ---
  duration_ms: 87.80675
  type: 'test'
  ...
# Subtest: workspace: symlink files and replaced roots are rejected instead of reading or overwriting them
ok 90 - workspace: symlink files and replaced roots are rejected instead of reading or overwriting them
  ---
  duration_ms: 26.118959
  type: 'test'
  ...
# Subtest: workspace: content corruption and configured byte or file capacity limits fail without silent truncation
ok 91 - workspace: content corruption and configured byte or file capacity limits fail without silent truncation
  ---
  duration_ms: 49.804167
  type: 'test'
  ...
# Subtest: workspace directories: a removed observed root is not recreated by listing or staging
ok 92 - workspace directories: a removed observed root is not recreated by listing or staging
  ---
  duration_ms: 34.226375
  type: 'test'
  ...
# Subtest: workspace directories: a removed observed work is not recreated by listing or staging
ok 93 - workspace directories: a removed observed work is not recreated by listing or staging
  ---
  duration_ms: 29.214375
  type: 'test'
  ...
# Subtest: workspace directories: a removed observed attempt is not recreated by listing or staging
ok 94 - workspace directories: a removed observed attempt is not recreated by listing or staging
  ---
  duration_ms: 31.07475
  type: 'test'
  ...
# Subtest: workspace directories: a removed observed files is not recreated by listing or staging
ok 95 - workspace directories: a removed observed files is not recreated by listing or staging
  ---
  duration_ms: 53.387041
  type: 'test'
  ...
# Subtest: workspace directories: an observed work replacement is rejected without altering foreign contents
ok 96 - workspace directories: an observed work replacement is rejected without altering foreign contents
  ---
  duration_ms: 35.187209
  type: 'test'
  ...
# Subtest: workspace directories: an observed attempt replacement is rejected without altering foreign contents
ok 97 - workspace directories: an observed attempt replacement is rejected without altering foreign contents
  ---
  duration_ms: 32.335083
  type: 'test'
  ...
# Subtest: workspace directories: an observed files replacement is rejected without altering foreign contents
ok 98 - workspace directories: an observed files replacement is rejected without altering foreign contents
  ---
  duration_ms: 54.427709
  type: 'test'
  ...
# Subtest: workspace directories: private access remains enforced independently at each observed scope
ok 99 - workspace directories: private access remains enforced independently at each observed scope
  ---
  duration_ms: 179.533833
  type: 'test'
  ...
# Subtest: workspace directories: a descendant symlink is rejected without traversing the preserved original
ok 100 - workspace directories: a descendant symlink is rejected without traversing the preserved original
  ---
  duration_ms: 42.890083
  type: 'test'
  ...
# Subtest: workspace locks: consecutive successful calls accept distinct lock objects and release every acquired lock
ok 101 - workspace locks: consecutive successful calls accept distinct lock objects and release every acquired lock
  ---
  duration_ms: 125.746375
  type: 'test'
  ...
# Subtest: workspace locks: lock-removed after acquisition prevents success and never deletes an unowned lock
ok 102 - workspace locks: lock-removed after acquisition prevents success and never deletes an unowned lock
  ---
  duration_ms: 63.274875
  type: 'test'
  ...
# Subtest: workspace locks: lock-replaced after acquisition prevents success and never deletes an unowned lock
ok 103 - workspace locks: lock-replaced after acquisition prevents success and never deletes an unowned lock
  ---
  duration_ms: 57.3525
  type: 'test'
  ...
# Subtest: workspace locks: lock-unsafe after acquisition prevents success and never deletes an unowned lock
ok 104 - workspace locks: lock-unsafe after acquisition prevents success and never deletes an unowned lock
  ---
  duration_ms: 57.432333
  type: 'test'
  ...
# Subtest: workspace locks: attempt-replaced after acquisition prevents success and never deletes an unowned lock
ok 105 - workspace locks: attempt-replaced after acquisition prevents success and never deletes an unowned lock
  ---
  duration_ms: 64.17525
  type: 'test'
  ...
# Subtest: workspace directories: files replacement or disappearance after the final parent sync still prevents success
ok 106 - workspace directories: files replacement or disappearance after the final parent sync still prevents success
  ---
  duration_ms: 149.546291
  type: 'test'
  ...
# Subtest: workspace directories: changes during the final cleanup sync prevent success without removing a later owner lock
ok 107 - workspace directories: changes during the final cleanup sync prevent success without removing a later owner lock
  ---
  duration_ms: 128.891833
  type: 'test'
  ...
# Subtest: workspace locks: acquisition inspection failure preserves the unconfirmed lock and vanished new files fail before use
ok 108 - workspace locks: acquisition inspection failure preserves the unconfirmed lock and vanished new files fail before use
  ---
  duration_ms: 119.708459
  type: 'test'
  ...
# Subtest: workspace directory sync: isolated order preserves order, original errors and cleanup
ok 109 - workspace directory sync: isolated order preserves order, original errors and cleanup
  ---
  duration_ms: 102.167333
  type: 'test'
  ...
# Subtest: workspace directory sync: isolated constructor-sync-eio preserves order, original errors and cleanup
ok 110 - workspace directory sync: isolated constructor-sync-eio preserves order, original errors and cleanup
  ---
  duration_ms: 58.741375
  type: 'test'
  ...
# Subtest: workspace directory sync: isolated open-eio preserves order, original errors and cleanup
ok 111 - workspace directory sync: isolated open-eio preserves order, original errors and cleanup
  ---
  duration_ms: 78.749375
  type: 'test'
  ...
# Subtest: workspace directory sync: isolated files-fsync-eio preserves order, original errors and cleanup
ok 112 - workspace directory sync: isolated files-fsync-eio preserves order, original errors and cleanup
  ---
  duration_ms: 101.3695
  type: 'test'
  ...
# Subtest: workspace directory sync: isolated cleanup-sync-eio preserves order, original errors and cleanup
ok 113 - workspace directory sync: isolated cleanup-sync-eio preserves order, original errors and cleanup
  ---
  duration_ms: 74.079291
  type: 'test'
  ...
# Subtest: workspace directory sync: isolated action-only preserves order, original errors and cleanup
ok 114 - workspace directory sync: isolated action-only preserves order, original errors and cleanup
  ---
  duration_ms: 61.816
  type: 'test'
  ...
# Subtest: workspace directory sync: isolated action-unlock-eio preserves order, original errors and cleanup
ok 115 - workspace directory sync: isolated action-unlock-eio preserves order, original errors and cleanup
  ---
  duration_ms: 57.591041
  type: 'test'
  ...
# Subtest: workspace directory sync: isolated action-cleanup-sync-eio preserves order, original errors and cleanup
ok 116 - workspace directory sync: isolated action-cleanup-sync-eio preserves order, original errors and cleanup
  ---
  duration_ms: 58.165792
  type: 'test'
  ...
# Subtest: workspace directory sync: isolated cleanup-new-lock preserves order, original errors and cleanup
ok 117 - workspace directory sync: isolated cleanup-new-lock preserves order, original errors and cleanup
  ---
  duration_ms: 70.462541
  type: 'test'
  ...
# Subtest: workspace directory sync: isolated cleanup-new-lock-sync-eio preserves order, original errors and cleanup
ok 118 - workspace directory sync: isolated cleanup-new-lock-sync-eio preserves order, original errors and cleanup
  ---
  duration_ms: 70.316833
  type: 'test'
  ...
# Subtest: workspace directory sync: isolated unsupported-platform preserves order, original errors and cleanup
ok 119 - workspace directory sync: isolated unsupported-platform preserves order, original errors and cleanup
  ---
  duration_ms: 54.839292
  type: 'test'
  ...
# Subtest: workspace: actual SIGKILL at lock-created preserves interruption artifacts and never steals the remaining lock
ok 120 - workspace: actual SIGKILL at lock-created preserves interruption artifacts and never steals the remaining lock
  ---
  duration_ms: 66.861875
  type: 'test'
  ...
# Subtest: workspace: actual SIGKILL at candidate-synced preserves interruption artifacts and never steals the remaining lock
ok 121 - workspace: actual SIGKILL at candidate-synced preserves interruption artifacts and never steals the remaining lock
  ---
  duration_ms: 66.512125
  type: 'test'
  ...
# Subtest: workspace: actual SIGKILL at file-published preserves interruption artifacts and never steals the remaining lock
ok 122 - workspace: actual SIGKILL at file-published preserves interruption artifacts and never steals the remaining lock
  ---
  duration_ms: 66.369709
  type: 'test'
  ...
1..122
# tests 122
# suites 0
# pass 122
# fail 0
# cancelled 0
# skipped 0
# todo 0
# duration_ms 7607.492709
