
> long-horizon-runtime@0.1.0 build
> tsc -p tsconfig.json && node scripts/record-build.mjs

src/tests/helpers/journal-sync-boundary-worker.ts(23,32): error TS2345: Argument of type 'string | undefined' is not assignable to parameter of type 'string'.
  Type 'undefined' is not assignable to type 'string'.
src/tests/helpers/journal-sync-boundary-worker.ts(26,32): error TS2345: Argument of type 'string | undefined' is not assignable to parameter of type 'string'.
  Type 'undefined' is not assignable to type 'string'.
src/tests/helpers/journal-sync-boundary-worker.ts(30,32): error TS2345: Argument of type 'string | undefined' is not assignable to parameter of type 'string'.
  Type 'undefined' is not assignable to type 'string'.
src/tests/helpers/journal-sync-boundary-worker.ts(30,74): error TS2345: Argument of type 'string | undefined' is not assignable to parameter of type 'PathLike'.
  Type 'undefined' is not assignable to type 'PathLike'.
src/tests/helpers/journal-sync-boundary-worker.ts(30,105): error TS2769: No overload matches this call.
  Overload 1 of 3, '(path: PathLike, options: MakeDirectoryOptions & { recursive: true; }): string | undefined', gave the following error.
    Argument of type 'string | undefined' is not assignable to parameter of type 'PathLike'.
      Type 'undefined' is not assignable to type 'PathLike'.
  Overload 2 of 3, '(path: PathLike, options?: Mode | (MakeDirectoryOptions & { recursive?: false | undefined; }) | null | undefined): void', gave the following error.
    Argument of type 'string | undefined' is not assignable to parameter of type 'PathLike'.
      Type 'undefined' is not assignable to type 'PathLike'.
  Overload 3 of 3, '(path: PathLike, options?: MakeDirectoryOptions | Mode | null | undefined): string | undefined', gave the following error.
    Argument of type 'string | undefined' is not assignable to parameter of type 'PathLike'.
      Type 'undefined' is not assignable to type 'PathLike'.
