TAP version 13
# Subtest: file-journal agents separate identical work IDs, events and historical receipts across reopen
ok 1 - file-journal agents separate identical work IDs, events and historical receipts across reopen
  ---
  duration_ms: 271.758709
  type: 'test'
  ...
# Subtest: file-journal state keeps private memory and channel messages in separately owned SQLite databases
ok 2 - file-journal state keeps private memory and channel messages in separately owned SQLite databases
  ---
  duration_ms: 369.966916
  type: 'test'
  ...
# Subtest: a file-journal clone opens a fresh owned journal and empty SQLite memory and channel stores
ok 3 - a file-journal clone opens a fresh owned journal and empty SQLite memory and channel stores
  ---
  duration_ms: 313.254
  type: 'test'
  ...
# Subtest: copying another agents complete journal is rejected before binding a new backend marker
ok 4 - copying another agents complete journal is rejected before binding a new backend marker
  ---
  duration_ms: 181.211667
  type: 'test'
  ...
# Subtest: file-journal selection does not bypass foreign memory or channel SQLite ownership
ok 5 - file-journal selection does not bypass foreign memory or channel SQLite ownership
  ---
  duration_ms: 604.394292
  type: 'test'
  ...
# Subtest: empty and populated legacy v1 journals are not automatically adopted by an agent
ok 6 - empty and populated legacy v1 journals are not automatically adopted by an agent
  ---
  duration_ms: 319.135834
  type: 'test'
  ...
# Subtest: changing config between SQLite and file-journal never creates a replacement state store
ok 7 - changing config between SQLite and file-journal never creates a replacement state store
  ---
  duration_ms: 780.316459
  type: 'test'
  ...
# Subtest: an owned legacy SQLite agent gains only its backend marker and preserves historical data
ok 8 - an owned legacy SQLite agent gains only its backend marker and preserves historical data
  ---
  duration_ms: 262.309125
  type: 'test'
  ...
# Subtest: an unowned legacy SQLite database is preserved without creating a backend marker
ok 9 - an unowned legacy SQLite database is preserved without creating a backend marker
  ---
  duration_ms: 166.680875
  type: 'test'
  ...
# Subtest: copying another agents backend marker is rejected before creating any state or private databases
ok 10 - copying another agents backend marker is rejected before creating any state or private databases
  ---
  duration_ms: 294.509459
  type: 'test'
  ...
# Subtest: malformed, unsupported or linked backend markers cannot initialize state stores
ok 11 - malformed, unsupported or linked backend markers cannot initialize state stores
  ---
  duration_ms: 411.165125
  type: 'test'
  ...
# Subtest: ambiguous existing SQLite and journal stores are preserved without choosing a new backend
ok 12 - ambiguous existing SQLite and journal stores are preserved without choosing a new backend
  ---
  duration_ms: 261.467792
  type: 'test'
  ...
# Subtest: concurrent CLI first storage opens retain one agent, backend selection and journal identity
ok 13 - concurrent CLI first storage opens retain one agent, backend selection and journal identity
  ---
  duration_ms: 700.977666
  type: 'test'
  ...
# Subtest: metadata boundary: host dispatch exposes declared POSIX mechanisms and refuses unsupported or emulated hosts
ok 14 - metadata boundary: host dispatch exposes declared POSIX mechanisms and refuses unsupported or emulated hosts
  ---
  duration_ms: 0.737958
  type: 'test'
  ...
# Subtest: metadata boundary: missing directories return null; regular files and linked directories are rejected
ok 15 - metadata boundary: missing directories return null; regular files and linked directories are rejected
  ---
  duration_ms: 0.777291
  type: 'test'
  ...
# Subtest: metadata boundary: directory access keeps private and owner-writable policies distinct without chmod
ok 16 - metadata boundary: directory access keeps private and owner-writable policies distinct without chmod
  ---
  duration_ms: 0.342709
  type: 'test'
  ...
# Subtest: metadata boundary: public parent traversal permits a private file without weakening its access policy
ok 17 - metadata boundary: public parent traversal permits a private file without weakening its access policy
  ---
  duration_ms: 5.055792
  type: 'test'
  ...
# Subtest: metadata boundary: files enforce their own access policy and preserve original bytes and permissions
ok 18 - metadata boundary: files enforce their own access policy and preserve original bytes and permissions
  ---
  duration_ms: 3.166542
  type: 'test'
  ...
# Subtest: metadata boundary: only a missing read has missing code and its original ENOENT cause
ok 19 - metadata boundary: only a missing read has missing code and its original ENOENT cause
  ---
  duration_ms: 0.675833
  type: 'test'
  ...
# Subtest: metadata boundary: named pipes are rejected without waiting for a writer
ok 20 - metadata boundary: named pipes are rejected without waiting for a writer
  ---
  duration_ms: 23.269542
  type: 'test'
  ...
# Subtest: metadata boundary: maximum counts bytes and includes exact, one-over and empty zero-byte cases
ok 21 - metadata boundary: maximum counts bytes and includes exact, one-over and empty zero-byte cases
  ---
  duration_ms: 5.070291
  type: 'test'
  ...
# Subtest: metadata boundary: invalid maximums fail before allocating or reading data
ok 22 - metadata boundary: invalid maximums fail before allocating or reading data
  ---
  duration_ms: 3.805417
  type: 'test'
  ...
# Subtest: metadata boundary: a leaf may contain Unicode and spaces but cannot traverse directories
ok 23 - metadata boundary: a leaf may contain Unicode and spaces but cannot traverse directories
  ---
  duration_ms: 4.173125
  type: 'test'
  ...
# Subtest: metadata boundary: copied, fabricated and foreign adapter directory references cannot authorize access
ok 24 - metadata boundary: copied, fabricated and foreign adapter directory references cannot authorize access
  ---
  duration_ms: 2.128625
  type: 'test'
  ...
# Subtest: metadata boundary: an issued directory reference detects replacement before read, sync and reinspection
ok 25 - metadata boundary: an issued directory reference detects replacement before read, sync and reinspection
  ---
  duration_ms: 4.188166
  type: 'test'
  ...
# Subtest: metadata boundary: issued directory access is rechecked after permissions change
ok 26 - metadata boundary: issued directory access is rechecked after permissions change
  ---
  duration_ms: 1.016709
  type: 'test'
  ...
# Subtest: metadata boundary: external hard links are rejected and a matching sibling publication pair can be allowed
ok 27 - metadata boundary: external hard links are rejected and a matching sibling publication pair can be allowed
  ---
  duration_ms: 7.051208
  type: 'test'
  ...
# Subtest: metadata boundary: publication link removal during policy observation retries the stable single-link file
ok 28 - metadata boundary: publication link removal during policy observation retries the stable single-link file
  ---
  duration_ms: 1.062458
  type: 'test'
  ...
# Subtest: metadata boundary: sibling inspection cannot escape its issued directory
ok 29 - metadata boundary: sibling inspection cannot escape its issued directory
  ---
  duration_ms: 4.2785
  type: 'test'
  ...
# Subtest: metadata boundary: isolated changed-once observation preserves stable-read and descriptor cleanup contracts
ok 30 - metadata boundary: isolated changed-once observation preserves stable-read and descriptor cleanup contracts
  ---
  duration_ms: 28.24375
  type: 'test'
  ...
# Subtest: metadata boundary: isolated changed-twice observation preserves stable-read and descriptor cleanup contracts
ok 31 - metadata boundary: isolated changed-twice observation preserves stable-read and descriptor cleanup contracts
  ---
  duration_ms: 29.20975
  type: 'test'
  ...
# Subtest: metadata boundary: isolated replaced-once observation preserves stable-read and descriptor cleanup contracts
ok 32 - metadata boundary: isolated replaced-once observation preserves stable-read and descriptor cleanup contracts
  ---
  duration_ms: 22.299125
  type: 'test'
  ...
# Subtest: metadata boundary: isolated directory-replaced observation preserves stable-read and descriptor cleanup contracts
ok 33 - metadata boundary: isolated directory-replaced observation preserves stable-read and descriptor cleanup contracts
  ---
  duration_ms: 23.733334
  type: 'test'
  ...
# Subtest: metadata boundary: isolated grew-over-limit observation preserves stable-read and descriptor cleanup contracts
ok 34 - metadata boundary: isolated grew-over-limit observation preserves stable-read and descriptor cleanup contracts
  ---
  duration_ms: 30.561708
  type: 'test'
  ...
# Subtest: metadata boundary: isolated read-error observation preserves stable-read and descriptor cleanup contracts
ok 35 - metadata boundary: isolated read-error observation preserves stable-read and descriptor cleanup contracts
  ---
  duration_ms: 20.0095
  type: 'test'
  ...
# Subtest: metadata boundary: isolated sync-error observation preserves stable-read and descriptor cleanup contracts
ok 36 - metadata boundary: isolated sync-error observation preserves stable-read and descriptor cleanup contracts
  ---
  duration_ms: 23.179625
  type: 'test'
  ...
# Subtest: metadata boundary: isolated foreign-file-uid observation preserves stable-read and descriptor cleanup contracts
ok 37 - metadata boundary: isolated foreign-file-uid observation preserves stable-read and descriptor cleanup contracts
  ---
  duration_ms: 21.685125
  type: 'test'
  ...
# Subtest: metadata boundary: isolated foreign-directory-uid observation preserves stable-read and descriptor cleanup contracts
ok 38 - metadata boundary: isolated foreign-directory-uid observation preserves stable-read and descriptor cleanup contracts
  ---
  duration_ms: 25.098542
  type: 'test'
  ...
# Subtest: metadata boundary: isolated policy-error observation preserves stable-read and descriptor cleanup contracts
ok 39 - metadata boundary: isolated policy-error observation preserves stable-read and descriptor cleanup contracts
  ---
  duration_ms: 24.249917
  type: 'test'
  ...
# Subtest: journal directories: an unobserved absent work remains absent and a later external creation can be discovered
ok 40 - journal directories: an unobserved absent work remains absent and a later external creation can be discovered
  ---
  duration_ms: 62.784917
  type: 'test'
  ...
# Subtest: journal directories: deletion of an observed empty folder cannot be mistaken for an unobserved absent work
ok 41 - journal directories: deletion of an observed empty folder cannot be mistaken for an unobserved absent work
  ---
  duration_ms: 38.813292
  type: 'test'
  ...
# Subtest: journal directories: a limited listing observes unread work folders and rejects later replacement
ok 42 - journal directories: a limited listing observes unread work folders and rejects later replacement
  ---
  duration_ms: 99.200167
  type: 'test'
  ...
# Subtest: journal directories: a limited listing observes unread work folders and rejects later deletion
ok 43 - journal directories: a limited listing observes unread work folders and rejects later deletion
  ---
  duration_ms: 85.409459
  type: 'test'
  ...
# Subtest: journal directories: root inspection I/O failures preserve the original cause and never acknowledge or alter stored work
ok 44 - journal directories: root inspection I/O failures preserve the original cause and never acknowledge or alter stored work
  ---
  duration_ms: 137.410083
  type: 'test'
  ...
# Subtest: journal directories: disappearance after replay does not recreate the observed folder before publication
ok 45 - journal directories: disappearance after replay does not recreate the observed folder before publication
  ---
  duration_ms: 100.091167
  type: 'test'
  ...
# Subtest: journal listing rejects an empty work directory replaced after its first missing record observation
ok 46 - journal listing rejects an empty work directory replaced after its first missing record observation
  ---
  duration_ms: 75.090667
  type: 'test'
  ...
# Subtest: journal commit preserves the original missing-directory cause if its newly created work folder disappears
ok 47 - journal commit preserves the original missing-directory cause if its newly created work folder disappears
  ---
  duration_ms: 73.069625
  type: 'test'
  ...
# Subtest: file journal: exception at candidate_synced preserves the publication boundary and retry identity
ok 48 - file journal: exception at candidate_synced preserves the publication boundary and retry identity
  ---
  duration_ms: 98.150916
  type: 'test'
  ...
# Subtest: file journal: actual SIGKILL at candidate_synced reopens a whole commit or no commit
ok 49 - file journal: actual SIGKILL at candidate_synced reopens a whole commit or no commit
  ---
  duration_ms: 159.390542
  type: 'test'
  ...
# Subtest: file journal: exception at published preserves the publication boundary and retry identity
ok 50 - file journal: exception at published preserves the publication boundary and retry identity
  ---
  duration_ms: 115.022417
  type: 'test'
  ...
# Subtest: file journal: actual SIGKILL at published reopens a whole commit or no commit
ok 51 - file journal: actual SIGKILL at published reopens a whole commit or no commit
  ---
  duration_ms: 177.735375
  type: 'test'
  ...
# Subtest: file journal: exception at directory_synced preserves the publication boundary and retry identity
ok 52 - file journal: exception at directory_synced preserves the publication boundary and retry identity
  ---
  duration_ms: 139.522958
  type: 'test'
  ...
# Subtest: file journal: actual SIGKILL at directory_synced reopens a whole commit or no commit
ok 53 - file journal: actual SIGKILL at directory_synced reopens a whole commit or no commit
  ---
  duration_ms: 150.856417
  type: 'test'
  ...
# Subtest: file journal: a reader and duplicate retry observe a whole published record while its writer is pending
ok 54 - file journal: a reader and duplicate retry observe a whole published record while its writer is pending
  ---
  duration_ms: 81.482042
  type: 'test'
  ...
# Subtest: file journal: directory sync failure prevents reads and duplicate acknowledgements without rolling back publication
ok 55 - file journal: directory sync failure prevents reads and duplicate acknowledgements without rolling back publication
  ---
  duration_ms: 66.994667
  type: 'test'
  ...
# Subtest: file journal: listing retries the first record when publication follows its initial ENOENT
ok 56 - file journal: listing retries the first record when publication follows its initial ENOENT
  ---
  duration_ms: 60.240417
  type: 'test'
  ...
# Subtest: file journal: checksum corruption blocks reads and subsequent commits without overwriting the damaged record
ok 57 - file journal: checksum corruption blocks reads and subsequent commits without overwriting the damaged record
  ---
  duration_ms: 47.287708
  type: 'test'
  ...
# Subtest: file journal: an intact record checksum does not hide a broken previous-hash link
ok 58 - file journal: an intact record checksum does not hide a broken previous-hash link
  ---
  duration_ms: 71.641834
  type: 'test'
  ...
# Subtest: file journal: deleting a middle revision rejects the incomplete prefix
ok 59 - file journal: deleting a middle revision rejects the incomplete prefix
  ---
  duration_ms: 108.678875
  type: 'test'
  ...
# Subtest: file journal: changing store identity is rejected by an open instance and by replay after reopening
ok 60 - file journal: changing store identity is rejected by an open instance and by replay after reopening
  ---
  duration_ms: 52.252292
  type: 'test'
  ...
# Subtest: file journal: a missing format header does not initialize a populated store as empty
ok 61 - file journal: a missing format header does not initialize a populated store as empty
  ---
  duration_ms: 45.637042
  type: 'test'
  ...
# Subtest: file journal: existing root, work and record symlinks are rejected without following their contents
ok 62 - file journal: existing root, work and record symlinks are rejected without following their contents
  ---
  duration_ms: 152.737541
  type: 'test'
  ...
# Subtest: file journal: group or other permissions on the root and records are rejected
ok 63 - file journal: group or other permissions on the root and records are rejected
  ---
  duration_ms: 87.271125
  type: 'test'
  ...
# Subtest: file journal: an observed root or work directory replacement cannot reset the open repository
ok 64 - file journal: an observed root or work directory replacement cannot reset the open repository
  ---
  duration_ms: 86.54825
  type: 'test'
  ...
# Subtest: file journal: record size limits reject both publication and oversized persisted input
ok 65 - file journal: record size limits reject both publication and oversized persisted input
  ---
  duration_ms: 103.428291
  type: 'test'
  ...
# Subtest: file journal: closed instances reject every repository operation while reopening retains data
ok 66 - file journal: closed instances reject every repository operation while reopening retains data
  ---
  duration_ms: 82.23275
  type: 'test'
  ...
# Subtest: file journal: revision zero is invalid layout and cannot be silently ignored
ok 67 - file journal: revision zero is invalid layout and cannot be silently ignored
  ---
  duration_ms: 59.869
  type: 'test'
  ...
# Subtest: journal owner: existing standalone v1 headers and v1 records remain compatible
ok 68 - journal owner: existing standalone v1 headers and v1 records remain compatible
  ---
  duration_ms: 51.358375
  type: 'test'
  ...
# Subtest: journal owner: v1 empty journals are never automatically adopted
ok 69 - journal owner: v1 empty journals are never automatically adopted
  ---
  duration_ms: 22.806834
  type: 'test'
  ...
# Subtest: journal owner: v1 populated journals are never automatically adopted
ok 70 - journal owner: v1 populated journals are never automatically adopted
  ---
  duration_ms: 42.279
  type: 'test'
  ...
# Subtest: journal owner: owner is published with v2 header and current records remain v1
ok 71 - journal owner: owner is published with v2 header and current records remain v1
  ---
  duration_ms: 57.761958
  type: 'test'
  ...
# Subtest: journal owner: foreign v2 and absent expected owner preserve the published header
ok 72 - journal owner: foreign v2 and absent expected owner preserve the published header
  ---
  duration_ms: 20.029916
  type: 'test'
  ...
# Subtest: journal owner: expected owner is copied and frozen before any storage is initialized
ok 73 - journal owner: expected owner is copied and frozen before any storage is initialized
  ---
  duration_ms: 50.211042
  type: 'test'
  ...
# Subtest: journal owner: agentId mutation is rejected before cached reads and writes
ok 74 - journal owner: agentId mutation is rejected before cached reads and writes
  ---
  duration_ms: 55.077666
  type: 'test'
  ...
# Subtest: journal owner: kind mutation is rejected before cached reads and writes
ok 75 - journal owner: kind mutation is rejected before cached reads and writes
  ---
  duration_ms: 52.206792
  type: 'test'
  ...
# Subtest: journal owner: version mutation is rejected before cached reads and writes
ok 76 - journal owner: version mutation is rejected before cached reads and writes
  ---
  duration_ms: 59.521042
  type: 'test'
  ...
# Subtest: journal owner: storeId mutation is rejected before cached reads and writes
ok 77 - journal owner: storeId mutation is rejected before cached reads and writes
  ---
  duration_ms: 58.971208
  type: 'test'
  ...
# Subtest: journal owner: read-only preflight preserves empty roots and validates header candidates by content
ok 78 - journal owner: read-only preflight preserves empty roots and validates header candidates by content
  ---
  duration_ms: 28.511083
  type: 'test'
  ...
# Subtest: journal owner: missing header with unknown cannot mint a replacement store ID
ok 79 - journal owner: missing header with unknown cannot mint a replacement store ID
  ---
  duration_ms: 11.448333
  type: 'test'
  ...
# Subtest: journal owner: missing header with record-directory cannot mint a replacement store ID
ok 80 - journal owner: missing header with record-directory cannot mint a replacement store ID
  ---
  duration_ms: 7.556583
  type: 'test'
  ...
# Subtest: journal owner: missing header with invalid-pending cannot mint a replacement store ID
ok 81 - journal owner: missing header with invalid-pending cannot mint a replacement store ID
  ---
  duration_ms: 299.78075
  type: 'test'
  ...
# Subtest: journal owner: missing header with foreign-pending cannot mint a replacement store ID
ok 82 - journal owner: missing header with foreign-pending cannot mint a replacement store ID
  ---
  duration_ms: 13.921042
  type: 'test'
  ...
# Subtest: journal owner: missing header with v1-pending cannot mint a replacement store ID
ok 83 - journal owner: missing header with v1-pending cannot mint a replacement store ID
  ---
  duration_ms: 3.978209
  type: 'test'
  ...
# Subtest: journal owner: missing header with oversized-pending cannot mint a replacement store ID
ok 84 - journal owner: missing header with oversized-pending cannot mint a replacement store ID
  ---
  duration_ms: 2.099708
  type: 'test'
  ...
# Subtest: journal owner: external header hardlinks are rejected while interrupted publication links are preserved
ok 85 - journal owner: external header hardlinks are rejected while interrupted publication links are preserved
  ---
  duration_ms: 26.590542
  type: 'test'
  ...
# Subtest: journal owner: root-symlink is rejected without changing the outside file
ok 86 - journal owner: root-symlink is rejected without changing the outside file
  ---
  duration_ms: 7.952583
  type: 'test'
  ...
# Subtest: journal owner: header-symlink is rejected without changing the outside file
ok 87 - journal owner: header-symlink is rejected without changing the outside file
  ---
  duration_ms: 6.02125
  type: 'test'
  ...
# Subtest: journal owner: public-header is rejected without changing the outside file
ok 88 - journal owner: public-header is rejected without changing the outside file
  ---
  duration_ms: 6.016541
  type: 'test'
  ...
# Subtest: journal owner: external-pending-hardlink is rejected without changing the outside file
ok 89 - journal owner: external-pending-hardlink is rejected without changing the outside file
  ---
  duration_ms: 12.695833
  type: 'test'
  ...
# Subtest: journal owner: pending-symlink is rejected without changing the outside file
ok 90 - journal owner: pending-symlink is rejected without changing the outside file
  ---
  duration_ms: 15.298292
  type: 'test'
  ...
# Subtest: journal owner: header candidate count is bounded without truncation or adoption
ok 91 - journal owner: header candidate count is bounded without truncation or adoption
  ---
  duration_ms: 407.990083
  type: 'test'
  ...
# Subtest: journal owner: concurrent initializers join one atomic header
ok 92 - journal owner: concurrent initializers join one atomic header
  ---
  duration_ms: 125.016333
  type: 'test'
  ...
# Subtest: journal owner: concurrent initializers reject another owner
ok 93 - journal owner: concurrent initializers reject another owner
  ---
  duration_ms: 75.972417
  type: 'test'
  ...
# Subtest: journal owner: actual SIGKILL at header candidate_synced safely resumes the same owner
ok 94 - journal owner: actual SIGKILL at header candidate_synced safely resumes the same owner
  ---
  duration_ms: 97.333041
  type: 'test'
  ...
# Subtest: journal owner: actual SIGKILL at header published safely resumes the same owner
ok 95 - journal owner: actual SIGKILL at header published safely resumes the same owner
  ---
  duration_ms: 156.034916
  type: 'test'
  ...
# Subtest: journal owner: actual SIGKILL at header directory_synced safely resumes the same owner
ok 96 - journal owner: actual SIGKILL at header directory_synced safely resumes the same owner
  ---
  duration_ms: 78.485333
  type: 'test'
  ...
# Subtest: profile wrapper preserves absent reads, zero-byte reads and original missing sync error
ok 97 - profile wrapper preserves absent reads, zero-byte reads and original missing sync error
  ---
  duration_ms: 1.315
  type: 'test'
  ...
# Subtest: common diagnostics include directory checks without replacing consumer read counters
ok 98 - common diagnostics include directory checks without replacing consumer read counters
  ---
  duration_ms: 0.436333
  type: 'test'
  ...
# Subtest: profile wrapper preserves open disappearance error and closes opened files
ok 99 - profile wrapper preserves open disappearance error and closes opened files
  ---
  duration_ms: 40.535
  type: 'test'
  ...
# Subtest: profile wrapper preserves named-lstat disappearance error and closes opened files
ok 100 - profile wrapper preserves named-lstat disappearance error and closes opened files
  ---
  duration_ms: 42.37975
  type: 'test'
  ...
# Subtest: emulated unsupported platform refuses profile and standalone journal writes before creating files
ok 101 - emulated unsupported platform refuses profile and standalone journal writes before creating files
  ---
  duration_ms: 55.598167
  type: 'test'
  ...
# Subtest: sqlite: one commit and reopen retain state, all ordered events, deliveries and historical receipts
ok 102 - sqlite: one commit and reopen retain state, all ordered events, deliveries and historical receipts
  ---
  duration_ms: 10.152541
  type: 'test'
  ...
# Subtest: sqlite: duplicate and idempotency conflict precede revision conflict and preserve the first receipt
ok 103 - sqlite: duplicate and idempotency conflict precede revision conflict and preserve the first receipt
  ---
  duration_ms: 4.637583
  type: 'test'
  ...
# Subtest: sqlite: malformed commits leave all four collections unchanged, even on duplicate commands
ok 104 - sqlite: malformed commits leave all four collections unchanged, even on duplicate commands
  ---
  duration_ms: 4.050958
  type: 'test'
  ...
# Subtest: sqlite: caller mutations and mutable returned snapshots cannot rewrite persisted history
ok 105 - sqlite: caller mutations and mutable returned snapshots cannot rewrite persisted history
  ---
  duration_ms: 2.598041
  type: 'test'
  ...
# Subtest: sqlite: work, tenant, principal, channel and conversation identifiers remain separate
ok 106 - sqlite: work, tenant, principal, channel and conversation identifiers remain separate
  ---
  duration_ms: 4.364667
  type: 'test'
  ...
# Subtest: sqlite: event cursors are exclusive and sequence numbers are local to each work
ok 107 - sqlite: event cursors are exclusive and sequence numbers are local to each work
  ---
  duration_ms: 2.27125
  type: 'test'
  ...
# Subtest: sqlite: runnable respects exact deadline, obligation, tool and model recovery boundaries after reopen
ok 108 - sqlite: runnable respects exact deadline, obligation, tool and model recovery boundaries after reopen
  ---
  duration_ms: 10.835042
  type: 'test'
  ...
# Subtest: sqlite: two separate processes race on revision with exactly one atomic winning commit
ok 109 - sqlite: two separate processes race on revision with exactly one atomic winning commit
  ---
  duration_ms: 61.095166
  type: 'test'
  ...
# Subtest: sqlite: two separate processes race on same-command with exactly one atomic winning commit
ok 110 - sqlite: two separate processes race on same-command with exactly one atomic winning commit
  ---
  duration_ms: 60.46125
  type: 'test'
  ...
# Subtest: sqlite: two separate processes race on different-digest with exactly one atomic winning commit
ok 111 - sqlite: two separate processes race on different-digest with exactly one atomic winning commit
  ---
  duration_ms: 64.132709
  type: 'test'
  ...
# Subtest: sqlite: acknowledged commit survives SIGKILL without close and reopening replays its receipt without duplicate records
ok 112 - sqlite: acknowledged commit survives SIGKILL without close and reopening replays its receipt without duplicate records
  ---
  duration_ms: 169.491875
  type: 'test'
  ...
# Subtest: file-journal: one commit and reopen retain state, all ordered events, deliveries and historical receipts
ok 113 - file-journal: one commit and reopen retain state, all ordered events, deliveries and historical receipts
  ---
  duration_ms: 97.861417
  type: 'test'
  ...
# Subtest: file-journal: duplicate and idempotency conflict precede revision conflict and preserve the first receipt
ok 114 - file-journal: duplicate and idempotency conflict precede revision conflict and preserve the first receipt
  ---
  duration_ms: 61.922458
  type: 'test'
  ...
# Subtest: file-journal: malformed commits leave all four collections unchanged, even on duplicate commands
ok 115 - file-journal: malformed commits leave all four collections unchanged, even on duplicate commands
  ---
  duration_ms: 90.14425
  type: 'test'
  ...
# Subtest: file-journal: caller mutations and mutable returned snapshots cannot rewrite persisted history
ok 116 - file-journal: caller mutations and mutable returned snapshots cannot rewrite persisted history
  ---
  duration_ms: 69.608916
  type: 'test'
  ...
# Subtest: file-journal: work, tenant, principal, channel and conversation identifiers remain separate
ok 117 - file-journal: work, tenant, principal, channel and conversation identifiers remain separate
  ---
  duration_ms: 293.013666
  type: 'test'
  ...
# Subtest: file-journal: event cursors are exclusive and sequence numbers are local to each work
ok 118 - file-journal: event cursors are exclusive and sequence numbers are local to each work
  ---
  duration_ms: 96.727125
  type: 'test'
  ...
# Subtest: file-journal: runnable respects exact deadline, obligation, tool and model recovery boundaries after reopen
ok 119 - file-journal: runnable respects exact deadline, obligation, tool and model recovery boundaries after reopen
  ---
  duration_ms: 1280.519458
  type: 'test'
  ...
# Subtest: file-journal: two separate processes race on revision with exactly one atomic winning commit
ok 120 - file-journal: two separate processes race on revision with exactly one atomic winning commit
  ---
  duration_ms: 107.228208
  type: 'test'
  ...
# Subtest: file-journal: two separate processes race on same-command with exactly one atomic winning commit
ok 121 - file-journal: two separate processes race on same-command with exactly one atomic winning commit
  ---
  duration_ms: 95.523084
  type: 'test'
  ...
# Subtest: file-journal: two separate processes race on different-digest with exactly one atomic winning commit
ok 122 - file-journal: two separate processes race on different-digest with exactly one atomic winning commit
  ---
  duration_ms: 99.001417
  type: 'test'
  ...
# Subtest: file-journal: acknowledged commit survives SIGKILL without close and reopening replays its receipt without duplicate records
ok 123 - file-journal: acknowledged commit survives SIGKILL without close and reopening replays its receipt without duplicate records
  ---
  duration_ms: 198.115625
  type: 'test'
  ...
# Subtest: memory: recent metadata is bounded at the requested revision and omits payloads without changing state
ok 124 - memory: recent metadata is bounded at the requested revision and omits payloads without changing state
  ---
  duration_ms: 8.425625
  type: 'test'
  ...
# Subtest: memory: pages progress once per matching work across Unicode IDs and isolate the complete binding scope
ok 125 - memory: pages progress once per matching work across Unicode IDs and isolate the complete binding scope
  ---
  duration_ms: 4.768125
  type: 'test'
  ...
# Subtest: memory: query limits, malformed cursors and empty repositories have a defined result
ok 126 - memory: query limits, malformed cursors and empty repositories have a defined result
  ---
  duration_ms: 1.126125
  type: 'test'
  ...
# Subtest: sqlite: recent metadata is bounded at the requested revision and omits payloads without changing state
ok 127 - sqlite: recent metadata is bounded at the requested revision and omits payloads without changing state
  ---
  duration_ms: 6.818042
  type: 'test'
  ...
# Subtest: sqlite: pages progress once per matching work across Unicode IDs and isolate the complete binding scope
ok 128 - sqlite: pages progress once per matching work across Unicode IDs and isolate the complete binding scope
  ---
  duration_ms: 5.128708
  type: 'test'
  ...
# Subtest: sqlite: query limits, malformed cursors and empty repositories have a defined result
ok 129 - sqlite: query limits, malformed cursors and empty repositories have a defined result
  ---
  duration_ms: 1.860084
  type: 'test'
  ...
# Subtest: file-journal: recent metadata is bounded at the requested revision and omits payloads without changing state
ok 130 - file-journal: recent metadata is bounded at the requested revision and omits payloads without changing state
  ---
  duration_ms: 163.863708
  type: 'test'
  ...
# Subtest: file-journal: pages progress once per matching work across Unicode IDs and isolate the complete binding scope
ok 131 - file-journal: pages progress once per matching work across Unicode IDs and isolate the complete binding scope
  ---
  duration_ms: 289.204125
  type: 'test'
  ...
# Subtest: file-journal: query limits, malformed cursors and empty repositories have a defined result
ok 132 - file-journal: query limits, malformed cursors and empty repositories have a defined result
  ---
  duration_ms: 29.416709
  type: 'test'
  ...
# Subtest: journal: each page inspects only its directory budget and a foreign-only page still advances
ok 133 - journal: each page inspects only its directory budget and a foreign-only page still advances
  ---
  duration_ms: 208.011875
  type: 'test'
  ...
# Subtest: journal: cold, warm and external append distinguish body hashing from parsed and replayed records
ok 134 - journal: cold, warm and external append distinguish body hashing from parsed and replayed records
  ---
  duration_ms: 211.801292
  type: 'test'
  ...
# Subtest: journal: a warm query rejects same-length after caching the complete history
ok 135 - journal: a warm query rejects same-length after caching the complete history
  ---
  duration_ms: 95.770667
  type: 'test'
  ...
# Subtest: journal: a warm query rejects middle-delete after caching the complete history
ok 136 - journal: a warm query rejects middle-delete after caching the complete history
  ---
  duration_ms: 88.0055
  type: 'test'
  ...
# Subtest: journal: a warm query rejects tail-delete after caching the complete history
ok 137 - journal: a warm query rejects tail-delete after caching the complete history
  ---
  duration_ms: 80.771667
  type: 'test'
  ...
# Subtest: journal: a warm query rejects replacement after caching the complete history
ok 138 - journal: a warm query rejects replacement after caching the complete history
  ---
  duration_ms: 98.105042
  type: 'test'
  ...
# Subtest: journal: a warm query rejects symlink after caching the complete history
ok 139 - journal: a warm query rejects symlink after caching the complete history
  ---
  duration_ms: 80.288833
  type: 'test'
  ...
# Subtest: journal: a warm query rejects mode after caching the complete history
ok 140 - journal: a warm query rejects mode after caching the complete history
  ---
  duration_ms: 94.73275
  type: 'test'
  ...
# Subtest: journal: a warm query rejects header after caching the complete history
ok 141 - journal: a warm query rejects header after caching the complete history
  ---
  duration_ms: 107.800166
  type: 'test'
  ...
# Subtest: journal: a warm read still fails when the directory durability fence fails
ok 142 - journal: a warm read still fails when the directory durability fence fails
  ---
  duration_ms: 66.127292
  type: 'test'
  ...
# Subtest: journal: pending-link cleanup retries a warm read once even when timestamps stay unchanged
ok 143 - journal: pending-link cleanup retries a warm read once even when timestamps stay unchanged
  ---
  duration_ms: 50.476042
  type: 'test'
  ...
# Subtest: journal: repeated record changes exhaust the bounded read retry and fail closed
ok 144 - journal: repeated record changes exhaust the bounded read retry and fail closed
  ---
  duration_ms: 52.391625
  type: 'test'
  ...
# Subtest: journal: cache accounting includes historical receipt snapshots and eviction releases record identities
ok 145 - journal: cache accounting includes historical receipt snapshots and eviction releases record identities
  ---
  duration_ms: 79.114709
  type: 'test'
  ...
# Subtest: journal: a delayed older commit acknowledgement cannot lower a newer observed head with caching disabled
ok 146 - journal: a delayed older commit acknowledgement cannot lower a newer observed head with caching disabled
  ---
  duration_ms: 66.64425
  type: 'test'
  ...
# Subtest: sqlite: transactional migration backfills query indexes and an already open legacy writer keeps them current
ok 147 - sqlite: transactional migration backfills query indexes and an already open legacy writer keeps them current
  ---
  duration_ms: 75.404125
  type: 'test'
  ...
# Subtest: sqlite: migration failure rolls back schema and leaves the legacy records unchanged
ok 148 - sqlite: migration failure rolls back schema and leaves the legacy records unchanged
  ---
  duration_ms: 62.674625
  type: 'test'
  ...
# Subtest: sqlite: reopening an intermediate v2 store rebuilds stale indexes and replaces old triggers transactionally
ok 149 - sqlite: reopening an intermediate v2 store rebuilds stale indexes and replaces old triggers transactionally
  ---
  duration_ms: 81.909334
  type: 'test'
  ...
# Subtest: sqlite: a failed index write rolls back canonical state, events, receipt and binding changes together
ok 150 - sqlite: a failed index write rolls back canonical state, events, receipt and binding changes together
  ---
  duration_ms: 44.639125
  type: 'test'
  ...
# Subtest: sqlite: bounded query SQL selects metadata and IDs without loading event or work bodies
ok 151 - sqlite: bounded query SQL selects metadata and IDs without loading event or work bodies
  ---
  duration_ms: 38.423625
  type: 'test'
  ...
1..151
# tests 151
# suites 0
# pass 151
# fail 0
# cancelled 0
# skipped 0
# todo 0
# duration_ms 7981.666833
