✔ session context: Y receives prior utterances with source IDs while its work state and protected input remain independent (27.043958ms)
✔ session context: omitted, rewritten and foreign session packets are rejected even with an unchanged work revision (8.358208ms)
✔ session context: oversized protected history refuses the model input instead of silently discarding prior agreements (3.951209ms)
✔ session frame store: stage rejects altered text and previous refuses foreign or stale session bases (9.366375ms)
✔ session planning: semantic version 3 reaches the actual planner and a newer unrelated session tail does not invalidate its fixed input (10.314417ms)
✔ session planning: an applied input invalidates a reserved call without copying or invoking its obsolete packet (5.706375ms)
✔ session planning: input applied during a model call rejects the late plan but retains reported usage (6.243375ms)
✔ session planning: losing access to the referenced conversation after execution prevents plan adoption (5.534833ms)
✔ session planning: legacy non-session calls retain semantic version 2 and need no session provider (5.357167ms)
✔ session recovery: reconstruction retains source conversation, reuses an equal packet and refuses unavailable session inputs (4.542667ms)
✔ sqlite: actual session input cancels an unsent model reservation and returns its allocation (237.344542ms)
✔ sqlite: real session input during a model call rejects the late proposal and preserves usage (219.088417ms)
✔ sqlite: real session cancel during a model call rejects the late proposal and preserves usage (236.319667ms)
✔ sqlite: durable raw input left pending prevents tool execution and outbox sends until the same input is recovered (152.0055ms)
✔ file-journal: actual session input cancels an unsent model reservation and returns its allocation (290.116875ms)
✔ file-journal: real session input during a model call rejects the late proposal and preserves usage (472.597125ms)
✔ file-journal: real session cancel during a model call rejects the late proposal and preserves usage (520.124ms)
✔ file-journal: durable raw input left pending prevents tool execution and outbox sends until the same input is recovered (405.543917ms)
✔ real session provider rejects a full pending page even when the blocked work appears only after that page (450.289833ms)
✔ real session history does not authorize a missing source artifact merely because a derived context remains readable (308.279916ms)
✔ sqlite: real SIGKILL after inbox resumes the same input/work/delivery (402.947583ms)
✔ sqlite: real SIGKILL after work resumes the same input/work/delivery (383.007167ms)
✔ sqlite: real SIGKILL after delivery resumes the same input/work/delivery (375.290334ms)
✔ file-journal: real SIGKILL after inbox resumes the same input/work/delivery (484.076583ms)
✔ file-journal: real SIGKILL after work resumes the same input/work/delivery (556.232916ms)
✔ file-journal: real SIGKILL after delivery resumes the same input/work/delivery (660.946791ms)
✔ sqlite: completed X and restarted Y share raw conversation but not work/evidence/budget (413.453833ms)
✔ file-journal: completed X and restarted Y share raw conversation but not work/evidence/budget (790.578125ms)
✔ same message retransmission recovers stable work; conflicting raw text is rejected before extra work (118.7325ms)
✔ input/work linkage recovers after a failure following the durable work commit (119.80575ms)
✔ agents/users/new sessions cannot access or inject another session even with a known session ID (246.223708ms)
✔ new applied text invalidates old context and requires review; a rejected command does not block the next input (135.243542ms)
✔ Y can prepare before X without trapping X or regressing the active session head (127.943458ms)
✔ context capacity is explicit and preserves the received original for later compact (125.703959ms)
✔ session aliases persist by owner and route; explicit identifiers only resume their exact scope (18.019166ms)
✔ intake receipt is durable and idempotent; late settlement never replaces a newer active work (19.097958ms)
✔ head CAS retains tail and historic prefixes, assigning each candidate one permanent revision (5.019917ms)
✔ local response reference and canonical message commit atomically, with no response-body copy (5.77025ms)
✔ a failed user-reference transaction leaves neither receipt nor consumed sequence (2.252792ms)
✔ history applies label and destination policy before paging and binds cursors to a fixed scope/policy/prefix (10.686417ms)
✔ delivery scope mismatch cannot append a message, and a missing session reference cannot claim delivered (11.62875ms)
✔ enabling sessions never adopts legacy local message bodies into a new session (3.28475ms)
✔ agent-store composition exposes owner-bound sessions separately from each agents long-term memory (479.904667ms)
ℹ tests 43
ℹ suites 0
ℹ pass 43
ℹ fail 0
ℹ cancelled 0
ℹ skipped 0
ℹ todo 0
ℹ duration_ms 5301.594542
