✔ CLI resumes across processes, keeps conversation/work identities and separates disconnect, pause and cancel (2216.087166ms)
✔ CLI human output is reception plus result, with no internal events or ANSI: documents-simple (338.189541ms)
✔ CLI human output is reception plus result, with no internal events or ANSI: observations-simple (337.180708ms)
✔ CLI goal changes require an explicit revision and failures have no success JSON on stdout (566.097167ms)
✔ CLI checkpoint is a derived reference and an old resume file does not reverse a paused work (1344.409625ms)
✔ execution mode CLI sqlite: fast reception survives process exit and repeated status is read-only (619.823042ms)
✔ execution mode CLI sqlite: mode command is durable and idempotent while stale revisions do not change state (838.605625ms)
✔ execution mode CLI sqlite: a pending mode change is visible after exit and preserves the reserved attempt (781.236458ms)
✔ execution mode CLI sqlite: enum, both revisions and an explicit nonblank reason are required (978.535042ms)
✔ execution mode CLI sqlite: irrelevant mode options are rejected before opening a profile (594.048083ms)
✔ execution mode CLI sqlite documents-simple: changing mode preserves the goal, original source and completed work (852.520125ms)
✔ execution mode CLI sqlite observations-simple: changing mode preserves the goal, original source and completed work (872.018125ms)
✔ execution mode CLI file-journal: fast reception survives process exit and repeated status is read-only (1200.5425ms)
✔ execution mode CLI file-journal: mode command is durable and idempotent while stale revisions do not change state (1051.944958ms)
✔ execution mode CLI file-journal: a pending mode change is visible after exit and preserves the reserved attempt (1182.654709ms)
✔ execution mode CLI file-journal: enum, both revisions and an explicit nonblank reason are required (1086.721083ms)
✔ execution mode CLI file-journal: irrelevant mode options are rejected before opening a profile (565.008333ms)
✔ execution mode CLI file-journal documents-simple: changing mode preserves the goal, original source and completed work (1332.399416ms)
✔ execution mode CLI file-journal observations-simple: changing mode preserves the goal, original source and completed work (1525.1595ms)
✔ sqlite: accepted work, request replay, and queries stay separate from fixture execution (171.397542ms)
✔ sqlite: document question is atomic, actionable, and does not interpret reply text (176.937459ms)
✔ sqlite: current ownership, route, and disclosure gates apply to reads and mutations (30.696209ms)
✔ sqlite: web attachment observes an existing CLI primary without re-sending or changing it (109.926917ms)
✔ sqlite: goal and mode commands preserve optimistic revisions and durable idempotency (110.97825ms)
✔ sqlite: pause does not wait behind an active run and a replay cannot start another run (130.378458ms)
✔ sqlite: cancel does not wait behind an active run and a replay cannot start another run (61.031208ms)
✔ sqlite: an unfinished durable run is not repeated by the same request after restart (200.973375ms)
✔ sqlite: a goal changed while the old run intent is acknowledged never receives that run's plan (98.195375ms)
✔ sqlite: workflow entry rejects a stale pinned goal before recovery or execution (41.741542ms)
✔ sqlite: paged lists recheck every returned card and omit a card revoked while another is read (94.739542ms)
✔ sqlite: at most four distinct works execute concurrently and draining admits no new mutations (379.348209ms)
✔ file-journal: accepted work, request replay, and queries stay separate from fixture execution (499.744583ms)
✔ file-journal: document question is atomic, actionable, and does not interpret reply text (559.727083ms)
✔ file-journal: current ownership, route, and disclosure gates apply to reads and mutations (108.277583ms)
✔ file-journal: web attachment observes an existing CLI primary without re-sending or changing it (447.960958ms)
✔ file-journal: goal and mode commands preserve optimistic revisions and durable idempotency (466.786084ms)
✔ file-journal: pause does not wait behind an active run and a replay cannot start another run (475.492458ms)
✔ file-journal: cancel does not wait behind an active run and a replay cannot start another run (216.875959ms)
✔ file-journal: an unfinished durable run is not repeated by the same request after restart (332.262625ms)
✔ file-journal: a goal changed while the old run intent is acknowledged never receives that run's plan (339.170375ms)
✔ file-journal: workflow entry rejects a stale pinned goal before recovery or execution (93.269583ms)
✔ file-journal: paged lists recheck every returned card and omit a card revoked while another is read (1462.08225ms)
✔ file-journal: at most four distinct works execute concurrently and draining admits no new mutations (1505.969167ms)
✔ sqlite: installed CLI continues X → process restart → Y with exact raw input and owned stores (1054.663375ms)
✔ file-journal: installed CLI continues X → process restart → Y with exact raw input and owned stores (1256.195625ms)
✔ installed CLI input is durable once, new sessions are explicit, and foreign agent sessions remain unavailable (1859.82225ms)
✖ sqlite: Web auth reconnect preserves one durable conversation and common atomic question intake (169.238083ms)
✖ file-journal: Web auth reconnect preserves one durable conversation and common atomic question intake (337.509125ms)
✔ web session is one-time, per-instance, HttpOnly; reload and static reads never execute (35.349375ms)
✔ web Host, Origin, Fetch Metadata, CSRF and strict JSON reject before controller entry (13.689709ms)
✔ web exact assets, methods and cursor options do not expose files or internal errors (15.044625ms)
✔ web session expiry during body blocks mutation entry, logout blocks late view payload (28.6395ms)
✔ web bootstrap expires and authenticated request rate has a finite window (348.932834ms)
✔ web SSE emits projection changes at same revision, reconnect is readonly, denial closes (3038.541167ms)
✔ web SSE session revocation, stream cap and lifetime release resources (37.717ms)
✔ closed SSE keeps physical read slots until completion; reconnect cannot create unbounded reads (387.382708ms)
✔ web pending run permits independent cancel and disconnect does not call cancel (16.363041ms)
✔ sqlite: public CLI cursor survives process reconnect without executing or changing the work (1305.408ms)
✔ sqlite: public CLI binds reconnect to the registered conversation and keeps the primary reply route (1356.343167ms)
✔ sqlite: delivered results disappear from the current CLI view after a goal change and explicit cancel (1135.690167ms)
✔ file-journal: public CLI cursor survives process reconnect without executing or changing the work (1346.21225ms)
✔ file-journal: public CLI binds reconnect to the registered conversation and keeps the primary reply route (1500.489958ms)
✔ file-journal: delivered results disappear from the current CLI view after a goal change and explicit cancel (1417.578916ms)
✔ public CLI rejects ambiguous view flags without printing a success response (351.985375ms)
ℹ tests 64
ℹ suites 0
ℹ pass 62
ℹ fail 2
ℹ cancelled 0
ℹ skipped 0
ℹ todo 0
ℹ duration_ms 26026.137125

✖ failing tests:

test at dist/tests/persistent-session-presentation.test.js:99:5
✖ sqlite: Web auth reconnect preserves one durable conversation and common atomic question intake (169.238083ms)
  AssertionError [ERR_ASSERTION]: {"code":"request_failed"}
  
  500 !== 200
  
      at post (file:///Users/seunghanee/Documents/secumon/runtime/dist/tests/persistent-session-presentation.test.js:116:24)
      at process.processTicksAndRejections (node:internal/process/task_queues:104:5)
      at async TestContext.<anonymous> (file:///Users/seunghanee/Documents/secumon/runtime/dist/tests/persistent-session-presentation.test.js:131:13)
      at async Test.run (node:internal/test_runner/test:1404:7)
      at async Test.processPendingSubtests (node:internal/test_runner/test:969:7) {
    generatedMessage: false,
    code: 'ERR_ASSERTION',
    actual: 500,
    expected: 200,
    operator: 'strictEqual',
    diff: 'simple'
  }

test at dist/tests/persistent-session-presentation.test.js:99:5
✖ file-journal: Web auth reconnect preserves one durable conversation and common atomic question intake (337.509125ms)
  AssertionError [ERR_ASSERTION]: {"code":"request_failed"}
  
  500 !== 200
  
      at post (file:///Users/seunghanee/Documents/secumon/runtime/dist/tests/persistent-session-presentation.test.js:116:24)
      at process.processTicksAndRejections (node:internal/process/task_queues:104:5)
      at async TestContext.<anonymous> (file:///Users/seunghanee/Documents/secumon/runtime/dist/tests/persistent-session-presentation.test.js:131:13)
      at async Test.run (node:internal/test_runner/test:1404:7)
      at async Test.processPendingSubtests (node:internal/test_runner/test:969:7) {
    generatedMessage: false,
    code: 'ERR_ASSERTION',
    actual: 500,
    expected: 200,
    operator: 'strictEqual',
    diff: 'simple'
  }
