✖ owner inspection accepts an owned database published after its first missing-main observation (69.588708ms)
ℹ tests 1
ℹ suites 0
ℹ pass 0
ℹ fail 1
ℹ cancelled 0
ℹ skipped 0
ℹ todo 0
ℹ duration_ms 118.286834

✖ failing tests:

test at dist/tests/agent-database-owner.test.js:127:1
✖ owner inspection accepts an owned database published after its first missing-main observation (69.588708ms)
  AssertionError [ERR_ASSERTION]: {"operation":"presence-owned","kind":"state","injections":1,"mainInitiallyMissing":true,"result":null,"failure":{"code":"agent_storage_owner_missing","message":"agent_storage_owner_missing","stack":"Error: agent_storage_owner_missing\n    at agentDatabaseExists (file:///Users/seunghanee/Documents/secumon/runtime/dist/infrastructure/agent-database-owner.js:42:15)\n    at inspectAgentDatabaseOwner (file:///Users/seunghanee/Documents/secumon/runtime/dist/infrastructure/agent-database-owner.js:67:10)\n    at file:///Users/seunghanee/Documents/secumon/runtime/dist/tests/helpers/agent-database-owner-worker.js:162:22\n    at ModuleJob.run (node:internal/modules/esm/module_job:561:25)\n    at async node:internal/modules/esm/loader:647:26\n    at async asyncRunEntryPointWithESMLoader (node:internal/modules/run_main:101:5)"},"before":[{"name":"state.sqlite","mode":384,"bytes":8192,"sha256":"bb51cee0c34e43cf70e15d2e51744e6359c43688d08d040fff0730e53fc6e56e"},{"name":"state.sqlite-shm","mode":384,"bytes":32768,"sha256":"1ee7bbb8119487fac70ec2b9d34e94cf0ce312dea97fee940e6bedbd682b8a85"},{"name":"state.sqlite-wal","mode":384,"bytes":12392,"sha256":"35e049428c1f8ca2c4853855ba96ed1c34f6c1aaf38c6bfc8324dfc5e8147097"}],"after":[{"name":"state.sqlite","mode":384,"bytes":8192,"sha256":"bb51cee0c34e43cf70e15d2e51744e6359c43688d08d040fff0730e53fc6e56e"},{"name":"state.sqlite-shm","mode":384,"bytes":32768,"sha256":"1ee7bbb8119487fac70ec2b9d34e94cf0ce312dea97fee940e6bedbd682b8a85"},{"name":"state.sqlite-wal","mode":384,"bytes":12392,"sha256":"35e049428c1f8ca2c4853855ba96ed1c34f6c1aaf38c6bfc8324dfc5e8147097"}],"owner":{"agent_id":"c589d675-f1b6-418e-a16c-6659d1a6edc8","kind":"state"},"payload":"preserve","mainExistsAfter":true}
  + actual - expected
  
  + {
  +   code: 'agent_storage_owner_missing',
  +   message: 'agent_storage_owner_missing',
  +   stack: 'Error: agent_storage_owner_missing\n' +
  +     '    at agentDatabaseExists (file:///Users/seunghanee/Documents/secumon/runtime/dist/infrastructure/agent-database-owner.js:42:15)\n' +
  +     '    at inspectAgentDatabaseOwner (file:///Users/seunghanee/Documents/secumon/runtime/dist/infrastructure/agent-database-owner.js:67:10)\n' +
  +     '    at file:///Users/seunghanee/Documents/secumon/runtime/dist/tests/helpers/agent-database-owner-worker.js:162:22\n' +
  +     '    at ModuleJob.run (node:internal/modules/esm/module_job:561:25)\n' +
  +     '    at async node:internal/modules/esm/loader:647:26\n' +
  +     '    at async asyncRunEntryPointWithESMLoader (node:internal/modules/run_main:101:5)'
  + }
  - null
  
      at TestContext.<anonymous> (file:///Users/seunghanee/Documents/secumon/runtime/dist/tests/agent-database-owner.test.js:135:20)
      at process.processTicksAndRejections (node:internal/process/task_queues:104:5)
      at async Test.run (node:internal/test_runner/test:1404:7)
      at async startSubtestAfterBootstrap (node:internal/test_runner/harness:387:3) {
    generatedMessage: false,
    code: 'ERR_ASSERTION',
    actual: { code: 'agent_storage_owner_missing', message: 'agent_storage_owner_missing', stack: 'Error: agent_storage_owner_missing\n    at agentDatabaseExists (file:///Users/seunghanee/Documents/secumon/runtime/dist/infrastructure/agent-database-owner.js:42:15)\n    at inspectAgentDatabaseOwner (file:///Users/seunghanee/Documents/secumon/runtime/dist/infrastructure/agent-database-owner.js:67:10)\n    at file:///Users/seunghanee/Documents/secumon/runtime/dist/tests/helpers/agent-database-owner-worker.js:162:22\n    at ModuleJob.run (node:internal/modules/esm/module_job:561:25)\n    at async node:internal/modules/esm/loader:647:26\n    at async asyncRunEntryPointWithESMLoader (node:internal/modules/run_main:101:5)' },
    expected: null,
    operator: 'strictEqual',
    diff: 'simple'
  }
