TAP version 13
# Subtest: sqlite: repeated manual compact preserves actual history, then restarts with summary and latest raw input
ok 1 - sqlite: repeated manual compact preserves actual history, then restarts with summary and latest raw input
  ---
  duration_ms: 458.824208
  type: 'test'
  ...
# Subtest: file-journal: repeated manual compact preserves actual history, then restarts with summary and latest raw input
ok 2 - file-journal: repeated manual compact preserves actual history, then restarts with summary and latest raw input
  ---
  duration_ms: 962.022709
  type: 'test'
  ...
# Subtest: installed CLI explicitly enables synthetic compact; retry and readonly status do not create another call
ok 3 - installed CLI explicitly enables synthetic compact; retry and readonly status do not create another call
  ---
  duration_ms: 1358.093834
  type: 'test'
  ...
# Subtest: Web exposes safe unavailable and refused free-text compact without hiding or rewriting original messages
ok 4 - Web exposes safe unavailable and refused free-text compact without hiding or rewriting original messages
  ---
  duration_ms: 233.947583
  type: 'test'
  ...
# Subtest: Web exposes safe unavailable and refused unmatched-fixture compact without hiding or rewriting original messages
ok 5 - Web exposes safe unavailable and refused unmatched-fixture compact without hiding or rewriting original messages
  ---
  duration_ms: 232.360458
  type: 'test'
  ...
# Subtest: Web compact remains interruptible by input; late fixture reply cannot publish a summary
ok 6 - Web compact remains interruptible by input; late fixture reply cannot publish a summary
  ---
  duration_ms: 173.727916
  type: 'test'
  ...
# Subtest: Web compact remains interruptible by cancel; late fixture reply cannot publish a summary
ok 7 - Web compact remains interruptible by cancel; late fixture reply cannot publish a summary
  ---
  duration_ms: 186.450375
  type: 'test'
  ...
# Subtest: automatic compact precedes fixture execution when the current session tail exceeds its entry limit
ok 8 - automatic compact precedes fixture execution when the current session tail exceeds its entry limit
  ---
  duration_ms: 358.996833
  type: 'test'
  ...
# Subtest: context status is a separate compact reference projection; older responses cannot replace newer status
ok 9 - context status is a separate compact reference projection; older responses cannot replace newer status
  ---
  duration_ms: 0.159541
  type: 'test'
  ...
1..9
# tests 9
# suites 0
# pass 9
# fail 0
# cancelled 0
# skipped 0
# todo 0
# duration_ms 4074.964042
