TAP version 13
# Subtest: sqlite: completed X, three compacts in Y, and reopened Z retain quotes and independent work ledgers
ok 1 - sqlite: completed X, three compacts in Y, and reopened Z retain quotes and independent work ledgers
  ---
  duration_ms: 744.787708
  type: 'test'
  ...
# Subtest: file-journal: completed X, three compacts in Y, and reopened Z retain quotes and independent work ledgers
ok 2 - file-journal: completed X, three compacts in Y, and reopened Z retain quotes and independent work ledgers
  ---
  duration_ms: 1481.110167
  type: 'test'
  ...
# Subtest: sqlite: SIGKILL after compact reply reuses stored response and preserves one usage settlement
ok 3 - sqlite: SIGKILL after compact reply reuses stored response and preserves one usage settlement
  ---
  duration_ms: 573.323375
  type: 'test'
  ...
# Subtest: sqlite: SIGKILL after compact publication reuses stored response and preserves one usage settlement
ok 4 - sqlite: SIGKILL after compact publication reuses stored response and preserves one usage settlement
  ---
  duration_ms: 586.112209
  type: 'test'
  ...
# Subtest: file-journal: SIGKILL after compact reply reuses stored response and preserves one usage settlement
ok 5 - file-journal: SIGKILL after compact reply reuses stored response and preserves one usage settlement
  ---
  duration_ms: 965.994666
  type: 'test'
  ...
# Subtest: file-journal: SIGKILL after compact publication reuses stored response and preserves one usage settlement
ok 6 - file-journal: SIGKILL after compact publication reuses stored response and preserves one usage settlement
  ---
  duration_ms: 972.88125
  type: 'test'
  ...
# Subtest: compact source rejects a history entry whose text differs from its immutable intake receipt
ok 7 - compact source rejects a history entry whose text differs from its immutable intake receipt
  ---
  duration_ms: 336.608333
  type: 'test'
  ...
# Subtest: matching altered history and receipt text still fail the original intake digest check
ok 8 - matching altered history and receipt text still fail the original intake digest check
  ---
  duration_ms: 299.064042
  type: 'test'
  ...
# Subtest: the first compact cannot publish an empty retained list for a segment containing user text
ok 9 - the first compact cannot publish an empty retained list for a segment containing user text
  ---
  duration_ms: 344.914917
  type: 'test'
  ...
# Subtest: repeated compact rejects deleting a retained item or changing its status without a new source
ok 10 - repeated compact rejects deleting a retained item or changing its status without a new source
  ---
  duration_ms: 806.967792
  type: 'test'
  ...
# Subtest: a valid source anchor does not permit an additional fabricated quotation
ok 11 - a valid source anchor does not permit an additional fabricated quotation
  ---
  duration_ms: 332.985125
  type: 'test'
  ...
# Subtest: fixed raw v1 and fixed summary v2 contexts remain current when only the summary head advances
ok 12 - fixed raw v1 and fixed summary v2 contexts remain current when only the summary head advances
  ---
  duration_ms: 403.548083
  type: 'test'
  ...
# Subtest: source policy withdrawal or actual original artifact loss invalidates an accepted derived summary
ok 13 - source policy withdrawal or actual original artifact loss invalidates an accepted derived summary
  ---
  duration_ms: 1156.45025
  type: 'test'
  ...
# Subtest: sqlite: completed X and restarted Y share raw conversation but not work/evidence/budget
ok 14 - sqlite: completed X and restarted Y share raw conversation but not work/evidence/budget
  ---
  duration_ms: 414.7945
  type: 'test'
  ...
# Subtest: file-journal: completed X and restarted Y share raw conversation but not work/evidence/budget
ok 15 - file-journal: completed X and restarted Y share raw conversation but not work/evidence/budget
  ---
  duration_ms: 640.937917
  type: 'test'
  ...
# Subtest: same message retransmission recovers stable work; conflicting raw text is rejected before extra work
ok 16 - same message retransmission recovers stable work; conflicting raw text is rejected before extra work
  ---
  duration_ms: 174.764583
  type: 'test'
  ...
# Subtest: input/work linkage recovers after a failure following the durable work commit
ok 17 - input/work linkage recovers after a failure following the durable work commit
  ---
  duration_ms: 194.141667
  type: 'test'
  ...
# Subtest: agents/users/new sessions cannot access or inject another session even with a known session ID
ok 18 - agents/users/new sessions cannot access or inject another session even with a known session ID
  ---
  duration_ms: 388.45825
  type: 'test'
  ...
# Subtest: new applied text invalidates old context and requires review; a rejected command does not block the next input
ok 19 - new applied text invalidates old context and requires review; a rejected command does not block the next input
  ---
  duration_ms: 205.361083
  type: 'test'
  ...
# Subtest: Y can prepare before X without trapping X or regressing the active session head
ok 20 - Y can prepare before X without trapping X or regressing the active session head
  ---
  duration_ms: 191.96625
  type: 'test'
  ...
# Subtest: context capacity is explicit and preserves the received original for later compact
ok 21 - context capacity is explicit and preserves the received original for later compact
  ---
  duration_ms: 202.224625
  type: 'test'
  ...
# Subtest: session aliases persist by owner and route; explicit identifiers only resume their exact scope
ok 22 - session aliases persist by owner and route; explicit identifiers only resume their exact scope
  ---
  duration_ms: 5.834375
  type: 'test'
  ...
# Subtest: intake receipt is durable and idempotent; late settlement never replaces a newer active work
ok 23 - intake receipt is durable and idempotent; late settlement never replaces a newer active work
  ---
  duration_ms: 18.241166
  type: 'test'
  ...
# Subtest: head CAS retains tail and historic prefixes, assigning each candidate one permanent revision
ok 24 - head CAS retains tail and historic prefixes, assigning each candidate one permanent revision
  ---
  duration_ms: 4.225
  type: 'test'
  ...
# Subtest: local response reference and canonical message commit atomically, with no response-body copy
ok 25 - local response reference and canonical message commit atomically, with no response-body copy
  ---
  duration_ms: 6.331125
  type: 'test'
  ...
# Subtest: a failed user-reference transaction leaves neither receipt nor consumed sequence
ok 26 - a failed user-reference transaction leaves neither receipt nor consumed sequence
  ---
  duration_ms: 2.204875
  type: 'test'
  ...
# Subtest: history applies label and destination policy before paging and binds cursors to a fixed scope/policy/prefix
ok 27 - history applies label and destination policy before paging and binds cursors to a fixed scope/policy/prefix
  ---
  duration_ms: 5.15625
  type: 'test'
  ...
# Subtest: delivery scope mismatch cannot append a message, and a missing session reference cannot claim delivered
ok 28 - delivery scope mismatch cannot append a message, and a missing session reference cannot claim delivered
  ---
  duration_ms: 2.857041
  type: 'test'
  ...
# Subtest: enabling sessions never adopts legacy local message bodies into a new session
ok 29 - enabling sessions never adopts legacy local message bodies into a new session
  ---
  duration_ms: 2.289291
  type: 'test'
  ...
# Subtest: agent-store composition exposes owner-bound sessions separately from each agents long-term memory
ok 30 - agent-store composition exposes owner-bound sessions separately from each agents long-term memory
  ---
  duration_ms: 405.649375
  type: 'test'
  ...
1..30
# tests 30
# suites 0
# pass 30
# fail 0
# cancelled 0
# skipped 0
# todo 0
# duration_ms 12285.601459
