TAP version 13
# Subtest: personal memory reuses applied original and survives restart without copying conversation (sqlite)
ok 1 - personal memory reuses applied original and survives restart without copying conversation (sqlite)
  ---
  duration_ms: 300.147792
  type: 'test'
  ...
# Subtest: personal memory reuses applied original and survives restart without copying conversation (file-journal)
ok 2 - personal memory reuses applied original and survives restart without copying conversation (file-journal)
  ---
  duration_ms: 320.041417
  type: 'test'
  ...
# Subtest: personal correction uses a new applied original and invalidates the old dependency
ok 3 - personal correction uses a new applied original and invalidates the old dependency
  ---
  duration_ms: 205.001042
  type: 'test'
  ...
# Subtest: forget removes active body and quote, preserves originals and never revives an old create
ok 4 - forget removes active body and quote, preserves originals and never revives an old create
  ---
  duration_ms: 253.548125
  type: 'test'
  ...
# Subtest: personal source never becomes shareable Evidence or a derived work-knowledge fact
ok 5 - personal source never becomes shareable Evidence or a derived work-knowledge fact
  ---
  duration_ms: 183.526542
  type: 'test'
  ...
# Subtest: current user-source labels prevents cached read and dependency reuse
ok 6 - current user-source labels prevents cached read and dependency reuse
  ---
  duration_ms: 201.747833
  type: 'test'
  ...
# Subtest: current user-source scope prevents cached read and dependency reuse
ok 7 - current user-source scope prevents cached read and dependency reuse
  ---
  duration_ms: 202.005458
  type: 'test'
  ...
# Subtest: current user-source destination prevents cached read and dependency reuse
ok 8 - current user-source destination prevents cached read and dependency reuse
  ---
  duration_ms: 197.067209
  type: 'test'
  ...
# Subtest: current user-source principal prevents cached read and dependency reuse
ok 9 - current user-source principal prevents cached read and dependency reuse
  ---
  duration_ms: 197.791416
  type: 'test'
  ...
# Subtest: current user-source tenant prevents cached read and dependency reuse
ok 10 - current user-source tenant prevents cached read and dependency reuse
  ---
  duration_ms: 221.955416
  type: 'test'
  ...
# Subtest: current user-source generation prevents cached read and dependency reuse
ok 11 - current user-source generation prevents cached read and dependency reuse
  ---
  duration_ms: 200.084
  type: 'test'
  ...
# Subtest: host caller restrictions reach the actual reader and do not prevent authorized forgetting
ok 12 - host caller restrictions reach the actual reader and do not prevent authorized forgetting
  ---
  duration_ms: 193.79025
  type: 'test'
  ...
# Subtest: reviewer grants cannot expose another user personal record or command receipt
ok 13 - reviewer grants cannot expose another user personal record or command receipt
  ---
  duration_ms: 192.163417
  type: 'test'
  ...
# Subtest: personal original history boundary is checked against actual stored intake
ok 14 - personal original history boundary is checked against actual stored intake
  ---
  duration_ms: 190.403708
  type: 'test'
  ...
# Subtest: personal original receipt-digest boundary is checked against actual stored intake
ok 15 - personal original receipt-digest boundary is checked against actual stored intake
  ---
  duration_ms: 200.8405
  type: 'test'
  ...
# Subtest: personal original pending boundary is checked against actual stored intake
ok 16 - personal original pending boundary is checked against actual stored intake
  ---
  duration_ms: 197.494
  type: 'test'
  ...
# Subtest: personal original rejected boundary is checked against actual stored intake
ok 17 - personal original rejected boundary is checked against actual stored intake
  ---
  duration_ms: 207.000417
  type: 'test'
  ...
# Subtest: personal original missing boundary is checked against actual stored intake
ok 18 - personal original missing boundary is checked against actual stored intake
  ---
  duration_ms: 204.019292
  type: 'test'
  ...
# Subtest: fabricated or assistant text cannot be an explicit user-memory source
ok 19 - fabricated or assistant text cannot be an explicit user-memory source
  ---
  duration_ms: 200.684
  type: 'test'
  ...
# Subtest: commit response loss resumes from scoped receipt with one personal revision
ok 20 - commit response loss resumes from scoped receipt with one personal revision
  ---
  duration_ms: 213.217792
  type: 'test'
  ...
# Subtest: user-source inspection does not inherit unrelated model inputs or form a work-memory cycle
ok 21 - user-source inspection does not inherit unrelated model inputs or form a work-memory cycle
  ---
  duration_ms: 205.846833
  type: 'test'
  ...
# Subtest: recorded derived-copy quarantine does not revoke the new user correction it will consume
ok 22 - recorded derived-copy quarantine does not revoke the new user correction it will consume
  ---
  duration_ms: 208.018791
  type: 'test'
  ...
# Subtest: sqlite: actual memory tools recall personal cards across work scopes without accepting caller ownership
ok 23 - sqlite: actual memory tools recall personal cards across work scopes without accepting caller ownership
  ---
  duration_ms: 240.921
  type: 'test'
  ...
# Subtest: documents: actual memory tools recall personal cards across work scopes without accepting caller ownership
ok 24 - documents: actual memory tools recall personal cards across work scopes without accepting caller ownership
  ---
  duration_ms: 762.870958
  type: 'test'
  ...
# Subtest: personal commit indexes immediately, survives reopen, uses CAS and retains receipts after forgetting
ok 25 - personal commit indexes immediately, survives reopen, uses CAS and retains receipts after forgetting
  ---
  duration_ms: 19.153708
  type: 'test'
  ...
# Subtest: shared handles isolate identical IDs, receipts, heads and indexes across agents, users and tenants
ok 26 - shared handles isolate identical IDs, receipts, heads and indexes across agents, users and tenants
  ---
  duration_ms: 14.915416
  type: 'test'
  ...
# Subtest: personal scope is explicit and cannot enter legacy/work partitions or reviewer searches
ok 27 - personal scope is explicit and cannot enter legacy/work partitions or reviewer searches
  ---
  duration_ms: 11.045541
  type: 'test'
  ...
# Subtest: shared registration is explicit, immutable, distinct from single-agent owner and checked on reuse
ok 28 - shared registration is explicit, immutable, distinct from single-agent owner and checked on reuse
  ---
  duration_ms: 27.3215
  type: 'test'
  ...
# Subtest: personal record, index, head and receipt roll back together at index and receipt failures
ok 29 - personal record, index, head and receipt roll back together at index and receipt failures
  ---
  duration_ms: 12.307125
  type: 'test'
  ...
# Subtest: scoped canonical rows reject body identity tampering rather than returning another user record
ok 30 - scoped canonical rows reject body identity tampering rather than returning another user record
  ---
  duration_ms: 10.909417
  type: 'test'
  ...
1..30
# tests 30
# suites 0
# pass 30
# fail 0
# cancelled 0
# skipped 0
# todo 0
# duration_ms 5968.642666
