TAP version 13
# Subtest: SQLite recovery preserves a real local write's received attempt and receipts without new execution
ok 1 - SQLite recovery preserves a real local write's received attempt and receipts without new execution
  ---
  duration_ms: 1545.514
  type: 'test'
  ...
# Subtest: SQLite recovery preserves a real local write's unknown attempt and receipts without new execution
ok 2 - SQLite recovery preserves a real local write's unknown attempt and receipts without new execution
  ---
  duration_ms: 1869.94775
  type: 'test'
  ...
# Subtest: actual apply interruption at before-main-retire retains pending and resumes the same candidate after dead-lease recovery
ok 3 - actual apply interruption at before-main-retire retains pending and resumes the same candidate after dead-lease recovery
  ---
  duration_ms: 1755.526833
  type: 'test'
  ...
# Subtest: actual apply interruption at before-complete-publish retains pending and resumes the same candidate after dead-lease recovery
ok 4 - actual apply interruption at before-complete-publish retains pending and resumes the same candidate after dead-lease recovery
  ---
  duration_ms: 1359.891416
  type: 'test'
  ...
1..4
# tests 4
# suites 0
# pass 4
# fail 0
# cancelled 0
# skipped 0
# todo 0
# duration_ms 6641.134083
