✔ personal memory reuses applied original and survives restart without copying conversation (sqlite) (405.478666ms)
✔ personal memory reuses applied original and survives restart without copying conversation (file-journal) (616.076208ms)
✔ personal correction uses a new applied original and invalidates the old dependency (261.794834ms)
✔ forget removes active body and quote, preserves originals and never revives an old create (496.60475ms)
✔ personal source never becomes shareable Evidence or a derived work-knowledge fact (252.829ms)
✔ current user-source labels prevents cached read and dependency reuse (357.055125ms)
✔ current user-source scope prevents cached read and dependency reuse (358.884416ms)
✔ current user-source destination prevents cached read and dependency reuse (304.4725ms)
✔ current user-source principal prevents cached read and dependency reuse (289.30625ms)
✔ current user-source tenant prevents cached read and dependency reuse (340.081958ms)
✔ current user-source generation prevents cached read and dependency reuse (289.7935ms)
✔ host caller restrictions reach the actual reader and do not prevent authorized forgetting (233.102458ms)
✔ reviewer grants cannot expose another user personal record or command receipt (262.584083ms)
✔ personal original history boundary is checked against actual stored intake (232.5115ms)
✔ personal original receipt-digest boundary is checked against actual stored intake (256.814083ms)
✔ personal original pending boundary is checked against actual stored intake (343.916625ms)
✔ personal original rejected boundary is checked against actual stored intake (238.008833ms)
✔ personal original missing boundary is checked against actual stored intake (265.153333ms)
✔ fabricated or assistant text cannot be an explicit user-memory source (287.958292ms)
✔ commit response loss resumes from scoped receipt with one personal revision (268.356667ms)
✔ user-source inspection does not inherit unrelated model inputs or form a work-memory cycle (264.025125ms)
✔ recorded derived-copy quarantine does not revoke the new user correction it will consume (319.697625ms)
✔ actual memory tools recall personal cards across work scopes without accepting caller ownership (279.413541ms)
✔ sqlite: explicit personal recall reaches the real packet, frame and reopened resume without copying the old session (718.107209ms)
✔ file-journal: explicit personal recall reaches the real packet, frame and reopened resume without copying the old session (4338.848917ms)
✔ omitted, forged or unavailable personal context cannot stage or validate a selected work frame (555.921542ms)
✔ selection is idempotent and refuses a same-goal newer input, foreign owner, and a cancelled work (375.112875ms)
✔ forgetting during a real delayed synthetic model call rejects the reply while preserving reported usage (598.612667ms)
✔ a changed revision invalidates an existing frame and the replacement needs a fresh explicit selection (551.222458ms)
✔ clear preserves a pre-existing work-memory quarantine review and its completion gate (242.751875ms)
✔ recall preserves a pre-existing work-memory quarantine review and its completion gate (217.38475ms)
✔ replacing a selection waives only its newly created quarantine review (248.472084ms)
✔ sqlite: Web personal memory crosses a completed work and restart, with explicit current-version recall and forget (1309.07025ms)
✔ file-journal: Web personal memory crosses a completed work and restart, with explicit current-version recall and forget (6750.84425ms)
✔ installed CLI records a real source and uses explicit memory revision, then clears and forgets after restart (3033.145625ms)
✔ new-input remember retries reuse the applied user message after a memory failure and after response loss (144.938542ms)
✔ surface authority rejects other users, labels, destinations and session work selection while same-owner memory remains cross-session (260.563542ms)
✔ Web memory mutations preserve CSRF and strict owner-free schemas, reject stale work input and do not append operation notices (185.730167ms)
✔ legacy synthetic directory exposes no personal-memory service and does not reinterpret old knowledge (95.37925ms)
✔ memory source controls reject assistant text, invented quotes and unbound new input without creating memory (142.293167ms)
✔ owned v1 migration preserves exact work JSON, sources, receipts and index state without personal adoption (22.60025ms)
✔ migration copy failure rolls back schema and all data, then the same owner can retry (19.938708ms)
✔ unowned, foreign-owned and malformed legacy databases cannot be silently migrated (136.437708ms)
✔ independent scoped reopens retain legacy shared/reviewed records and work index lag semantics (120.291292ms)
✔ actual SIGKILL at migration copied preserves the atomic schema and original receipt (110.550917ms)
✔ actual SIGKILL at migration committed preserves the atomic schema and original receipt (64.848333ms)
✔ personal commit indexes immediately, survives reopen, uses CAS and retains receipts after forgetting (23.856084ms)
✔ shared handles isolate identical IDs, receipts, heads and indexes across agents, users and tenants (22.987208ms)
✔ personal scope is explicit and cannot enter legacy/work partitions or reviewer searches (18.202584ms)
✔ shared registration is explicit, immutable, distinct from single-agent owner and checked on reuse (184.915875ms)
✔ personal record, index, head and receipt roll back together at index and receipt failures (64.830666ms)
✔ scoped canonical rows reject body identity tampering rather than returning another user record (46.417709ms)
ℹ tests 52
ℹ suites 0
ℹ pass 52
ℹ fail 0
ℹ cancelled 0
ℹ skipped 0
ℹ todo 0
ℹ duration_ms 12051.970708
