TAP version 13
# Subtest: remember duplicate repairs an event-only suffix through receipt-first reads without another canonical commit
ok 1 - remember duplicate repairs an event-only suffix through receipt-first reads without another canonical commit
  ---
  duration_ms: 495.163375
  type: 'test'
  ...
# Subtest: forget duplicate repairs its event-only suffix through get-first reads and leaves the memory deleted
ok 2 - forget duplicate repairs its event-only suffix through get-first reads and leaves the memory deleted
  ---
  duration_ms: 586.878292
  type: 'test'
  ...
# Subtest: C01 resumes an assigned owner-pending-only registration using a new owner publication and preserves the prior candidate
ok 3 - C01 resumes an assigned owner-pending-only registration using a new owner publication and preserves the prior candidate
  ---
  duration_ms: 304.62125
  type: 'test'
  ...
# Subtest: C01 refuses partial pending-only registration and preserves its unconfirmed bytes
ok 4 - C01 refuses partial pending-only registration and preserves its unconfirmed bytes
  ---
  duration_ms: 272.620834
  type: 'test'
  ...
# Subtest: C01 refuses foreign-owner pending-only registration and preserves its unconfirmed bytes
ok 5 - C01 refuses foreign-owner pending-only registration and preserves its unconfirmed bytes
  ---
  duration_ms: 276.21675
  type: 'test'
  ...
# Subtest: registration re-enumerates a disappeared owned pending file without rewriting owner or format
ok 6 - registration re-enumerates a disappeared owned pending file without rewriting owner or format
  ---
  duration_ms: 237.2485
  type: 'test'
  ...
# Subtest: sqlite: local memory tools and workspace checkpoints remain usable after profile reopen
ok 7 - sqlite: local memory tools and workspace checkpoints remain usable after profile reopen
  ---
  duration_ms: 228.640792
  type: 'test'
  ...
# Subtest: sqlite: workspace initialization failure closes state, channel and knowledge stores
ok 8 - sqlite: workspace initialization failure closes state, channel and knowledge stores
  ---
  duration_ms: 11.56325
  type: 'test'
  ...
# Subtest: file-journal: local memory tools and workspace checkpoints remain usable after profile reopen
ok 9 - file-journal: local memory tools and workspace checkpoints remain usable after profile reopen
  ---
  duration_ms: 549.443875
  type: 'test'
  ...
# Subtest: file-journal: workspace initialization failure closes state, channel and knowledge stores
ok 10 - file-journal: workspace initialization failure closes state, channel and knowledge stores
  ---
  duration_ms: 21.134084
  type: 'test'
  ...
# Subtest: composition without optional memory or workspace keeps the prior tool configuration usable
ok 11 - composition without optional memory or workspace keeps the prior tool configuration usable
  ---
  duration_ms: 31.194666
  type: 'test'
  ...
# Subtest: profile close still closes databases after a workspace close failure
ok 12 - profile close still closes databases after a workspace close failure
  ---
  duration_ms: 23.0685
  type: 'test'
  ...
# Subtest: fixed source snapshot preserves active, retracted and deleted rows, all original receipts and raw audit strings across owners
ok 13 - fixed source snapshot preserves active, retracted and deleted rows, all original receipts and raw audit strings across owners
  ---
  duration_ms: 23.766292
  type: 'test'
  ...
# Subtest: scope union rejects orphan receipts, missing heads, stale index and malformed audits without changing the source
ok 14 - scope union rejects orphan receipts, missing heads, stale index and malformed audits without changing the source
  ---
  duration_ms: 113.312416
  type: 'test'
  ...
# Subtest: source cell byte cap rejects oversized SQL strings before any record is yielded
ok 15 - source cell byte cap rejects oversized SQL strings before any record is yielded
  ---
  duration_ms: 23.556083
  type: 'test'
  ...
# Subtest: normal fence discovery accepts missing, exclusive-created empty, owner-only and valid legacy1 but administrative snapshot never adopts them
ok 16 - normal fence discovery accepts missing, exclusive-created empty, owner-only and valid legacy1 but administrative snapshot never adopts them
  ---
  duration_ms: 10.451916
  type: 'test'
  ...
# Subtest: foreign and unowned existing sources cannot acquire a fence or owner
ok 17 - foreign and unowned existing sources cannot acquire a fence or owner
  ---
  duration_ms: 12.856417
  type: 'test'
  ...
# Subtest: fresh writer snapshot must still match both personal and work digests before the first fence
ok 18 - fresh writer snapshot must still match both personal and work digests before the first fence
  ---
  duration_ms: 32.454958
  type: 'test'
  ...
# Subtest: source retirement blocks every personal SQL write and old prepared handle while current work reads and commits continue
ok 19 - source retirement blocks every personal SQL write and old prepared handle while current work reads and commits continue
  ---
  duration_ms: 18.505709
  type: 'test'
  ...
# Subtest: failure during source fence installation rolls back triggers, version and marker together
ok 20 - failure during source fence installation rolls back triggers, version and marker together
  ---
  duration_ms: 14.361042
  type: 'test'
  ...
# Subtest: a missing persistent trigger is rejected rather than accepting an apparently retired source
ok 21 - a missing persistent trigger is rejected rather than accepting an apparently retired source
  ---
  duration_ms: 14.806167
  type: 'test'
  ...
# Subtest: actual SIGKILL before-commit keeps all source rows and an atomic resumable fence
ok 22 - actual SIGKILL before-commit keeps all source rows and an atomic resumable fence
  ---
  duration_ms: 72.008917
  type: 'test'
  ...
# Subtest: actual SIGKILL after-commit keeps all source rows and an atomic resumable fence
ok 23 - actual SIGKILL after-commit keeps all source rows and an atomic resumable fence
  ---
  duration_ms: 63.235292
  type: 'test'
  ...
1..23
# tests 23
# suites 0
# pass 23
# fail 0
# cancelled 0
# skipped 0
# todo 0
# duration_ms 3706.575375
