
> long-horizon-runtime@0.1.0 typecheck:core
> tsc -p tsconfig.core.json

src/application/contracts.ts(142,14): error TS2375: Type 'ZodObject<{ resultId: ZodString; attemptId: ZodString; status: ZodEnum<{ partial: "partial"; error: "error"; success: "success"; cancelled: "cancelled"; }>; effectState: ZodEnum<...>; ... 11 more ...; collection: ZodOptional<...>; }, $strict>' is not assignable to type 'ZodType<ToolResult, unknown, $ZodTypeInternals<ToolResult, unknown>>' with 'exactOptionalPropertyTypes: true'. Consider adding 'undefined' to the types of the target's properties.
  The types of '_output.knowledgeDependencies' are incompatible between these types.
    Type '{ tenantId: string; knowledgeId: string; knowledgeRevision: number; actorDigest: string; sources: ({ workId: string; evidenceId: string; sourceVersion: string; generation: number; workRevision: number; policyDigest: string; type?: "evidence" | undefined; } | { ...; })[]; parents: { ...; }[]; schemaVersion?: 2 | unde...' is not assignable to type 'KnowledgeDependency[] | undefined'.
      Type '{ tenantId: string; knowledgeId: string; knowledgeRevision: number; actorDigest: string; sources: ({ workId: string; evidenceId: string; sourceVersion: string; generation: number; workRevision: number; policyDigest: string; type?: "evidence" | undefined; } | { ...; })[]; parents: { ...; }[]; schemaVersion?: 2 | unde...' is not assignable to type 'KnowledgeDependency[]'.
        Type '{ tenantId: string; knowledgeId: string; knowledgeRevision: number; actorDigest: string; sources: ({ workId: string; evidenceId: string; sourceVersion: string; generation: number; workRevision: number; policyDigest: string; type?: "evidence" | undefined; } | { ...; })[]; parents: { ...; }[]; schemaVersion?: 2 | unde...' is not assignable to type 'KnowledgeDependency' with 'exactOptionalPropertyTypes: true'. Consider adding 'undefined' to the types of the target's properties.
          Types of property 'schemaVersion' are incompatible.
            Type '2 | undefined' is not assignable to type '2'.
              Type 'undefined' is not assignable to type '2'.
src/application/contracts.ts(161,14): error TS2375: Type 'ZodObject<{ schemaVersion: ZodLiteral<1>; id: ZodString; revision: ZodNumber; goal: ZodType<Goal, unknown, $ZodTypeInternals<Goal, unknown>>; ... 31 more ...; deadlineAt: ZodNumber; }, $strict>' is not assignable to type 'ZodType<WorkState, unknown, $ZodTypeInternals<WorkState, unknown>>' with 'exactOptionalPropertyTypes: true'. Consider adding 'undefined' to the types of the target's properties.
  The types of '_output.attempts' are incompatible between these types.
    Type '{ id: string; taskId: string; planRevision: number; goalRevision: number; toolId: string; toolVersion: string; inputDigest: string; scope: string; effect: "read" | "write"; effectState: "unknown" | "none" | "confirmed"; ... 16 more ...; effectReceipt?: { ...; } | undefined; }[]' is not assignable to type 'Attempt[]'.
      Type '{ id: string; taskId: string; planRevision: number; goalRevision: number; toolId: string; toolVersion: string; inputDigest: string; scope: string; effect: "read" | "write"; effectState: "unknown" | "none" | "confirmed"; ... 16 more ...; effectReceipt?: { ...; } | undefined; }' is not assignable to type 'Attempt'.
        Types of property 'knowledgeDependencies' are incompatible.
          Type '{ tenantId: string; knowledgeId: string; knowledgeRevision: number; actorDigest: string; sources: ({ workId: string; evidenceId: string; sourceVersion: string; generation: number; workRevision: number; policyDigest: string; type?: "evidence" | undefined; } | { ...; })[]; parents: { ...; }[]; schemaVersion?: 2 | unde...' is not assignable to type 'KnowledgeDependency[] | undefined'.
            Type '{ tenantId: string; knowledgeId: string; knowledgeRevision: number; actorDigest: string; sources: ({ workId: string; evidenceId: string; sourceVersion: string; generation: number; workRevision: number; policyDigest: string; type?: "evidence" | undefined; } | { ...; })[]; parents: { ...; }[]; schemaVersion?: 2 | unde...' is not assignable to type 'KnowledgeDependency[]'.
              Type '{ tenantId: string; knowledgeId: string; knowledgeRevision: number; actorDigest: string; sources: ({ workId: string; evidenceId: string; sourceVersion: string; generation: number; workRevision: number; policyDigest: string; type?: "evidence" | undefined; } | { ...; })[]; parents: { ...; }[]; schemaVersion?: 2 | unde...' is not assignable to type 'KnowledgeDependency' with 'exactOptionalPropertyTypes: true'. Consider adding 'undefined' to the types of the target's properties.
                Types of property 'schemaVersion' are incompatible.
                  Type '2 | undefined' is not assignable to type '2'.
                    Type 'undefined' is not assignable to type '2'.
src/application/contracts.ts(189,14): error TS2375: Type 'ZodObject<{ schemaVersion: ZodLiteral<1>; workId: ZodString; stateRevision: ZodNumber; personalMemory: ZodOptional<ZodType<PersonalMemoryContext, unknown, $ZodTypeInternals<...>>>; ... 20 more ...; execution: ZodOptional<...>; }, $strict>' is not assignable to type 'ZodType<ContextPacket, unknown, $ZodTypeInternals<ContextPacket, unknown>>' with 'exactOptionalPropertyTypes: true'. Consider adding 'undefined' to the types of the target's properties.
  The types of '_output.execution' are incompatible between these types.
    Type '{ budget: { limits: { toolCalls: number; modelCalls: number; tokens: number; replans: number; wallTimeMs: number; }; used: { toolCalls: number; modelCalls: number; tokens: number; replans: number; unmeasuredModelCalls: number; }; reservedToolCalls: number; reservedModelCalls: number; reservedTokens: number; }; ... 5...' is not assignable to type '{ budget: Budget; deadlineAt: number; attempts: Attempt[]; hypothesisAssessment: { goalRevision: number; evidenceIds: string[]; } | null; control?: ExecutionControl | undefined; progress?: ProgressSummary | undefined; delegation?: BudgetSummary | undefined; } | undefined'.
      Type '{ budget: { limits: { toolCalls: number; modelCalls: number; tokens: number; replans: number; wallTimeMs: number; }; used: { toolCalls: number; modelCalls: number; tokens: number; replans: number; unmeasuredModelCalls: number; }; reservedToolCalls: number; reservedModelCalls: number; reservedTokens: number; }; ... 5...' is not assignable to type '{ budget: Budget; deadlineAt: number; attempts: Attempt[]; hypothesisAssessment: { goalRevision: number; evidenceIds: string[]; } | null; control?: ExecutionControl | undefined; progress?: ProgressSummary | undefined; delegation?: BudgetSummary | undefined; }'.
        Types of property 'attempts' are incompatible.
          Type '{ id: string; taskId: string; planRevision: number; goalRevision: number; toolId: string; toolVersion: string; inputDigest: string; scope: string; effect: "read" | "write"; effectState: "unknown" | "none" | "confirmed"; ... 16 more ...; effectReceipt?: { ...; } | undefined; }[]' is not assignable to type 'Attempt[]'.
            Type '{ id: string; taskId: string; planRevision: number; goalRevision: number; toolId: string; toolVersion: string; inputDigest: string; scope: string; effect: "read" | "write"; effectState: "unknown" | "none" | "confirmed"; ... 16 more ...; effectReceipt?: { ...; } | undefined; }' is not assignable to type 'Attempt'.
              Types of property 'knowledgeDependencies' are incompatible.
                Type '{ tenantId: string; knowledgeId: string; knowledgeRevision: number; actorDigest: string; sources: ({ workId: string; evidenceId: string; sourceVersion: string; generation: number; workRevision: number; policyDigest: string; type?: "evidence" | undefined; } | { ...; })[]; parents: { ...; }[]; schemaVersion?: 2 | unde...' is not assignable to type 'KnowledgeDependency[] | undefined'.
                  Type '{ tenantId: string; knowledgeId: string; knowledgeRevision: number; actorDigest: string; sources: ({ workId: string; evidenceId: string; sourceVersion: string; generation: number; workRevision: number; policyDigest: string; type?: "evidence" | undefined; } | { ...; })[]; parents: { ...; }[]; schemaVersion?: 2 | unde...' is not assignable to type 'KnowledgeDependency[]'.
                    Type '{ tenantId: string; knowledgeId: string; knowledgeRevision: number; actorDigest: string; sources: ({ workId: string; evidenceId: string; sourceVersion: string; generation: number; workRevision: number; policyDigest: string; type?: "evidence" | undefined; } | { ...; })[]; parents: { ...; }[]; schemaVersion?: 2 | unde...' is not assignable to type 'KnowledgeDependency' with 'exactOptionalPropertyTypes: true'. Consider adding 'undefined' to the types of the target's properties.
                      Types of property 'schemaVersion' are incompatible.
                        Type '2 | undefined' is not assignable to type '2'.
                          Type 'undefined' is not assignable to type '2'.
src/application/knowledge-contracts.ts(25,29): error TS2345: Argument of type '(source: KnowledgeSource | KnowledgeSourceStamp) => string' is not assignable to parameter of type '(value: { workId: string; evidenceId: string; sourceVersion: string; generation: number; workRevision: number; policyDigest: string; type?: "evidence" | undefined; } | { type: "session_user_receipt"; ... 9 more ...; receiptDigest: string; }, index: number, array: ({ ...; } | { ...; })[]) => string'.
  Types of parameters 'source' and 'value' are incompatible.
    Type '{ workId: string; evidenceId: string; sourceVersion: string; generation: number; workRevision: number; policyDigest: string; type?: "evidence" | undefined; } | { type: "session_user_receipt"; ... 9 more ...; receiptDigest: string; }' is not assignable to type 'KnowledgeSource | KnowledgeSourceStamp' with 'exactOptionalPropertyTypes: true'. Consider adding 'undefined' to the types of the target's properties.
      Type '{ workId: string; evidenceId: string; sourceVersion: string; generation: number; workRevision: number; policyDigest: string; type?: "evidence" | undefined; }' is not assignable to type 'KnowledgeSource | KnowledgeSourceStamp' with 'exactOptionalPropertyTypes: true'. Consider adding 'undefined' to the types of the target's properties.
        Type '{ workId: string; evidenceId: string; sourceVersion: string; generation: number; workRevision: number; policyDigest: string; type?: "evidence" | undefined; }' is not assignable to type 'EvidenceKnowledgeSource | EvidenceKnowledgeSourceStamp' with 'exactOptionalPropertyTypes: true'. Consider adding 'undefined' to the types of the target's properties.
          Type '{ workId: string; evidenceId: string; sourceVersion: string; generation: number; workRevision: number; policyDigest: string; type?: "evidence" | undefined; }' is not assignable to type 'EvidenceKnowledgeSourceStamp' with 'exactOptionalPropertyTypes: true'. Consider adding 'undefined' to the types of the target's properties.
            Types of property 'type' are incompatible.
              Type '"evidence" | undefined' is not assignable to type '"evidence"'.
                Type 'undefined' is not assignable to type '"evidence"'.
src/application/knowledge-contracts.ts(58,67): error TS2375: Type '{ id: string; tenantId: string; namespace: string; scope: string; authorId: string; kind: "experience" | "fact" | "procedure_candidate" | "personal"; title: string; body: string; labels: string[]; ... 12 more ...; owner?: { ...; } | undefined; }' is not assignable to type 'KnowledgeRecord' with 'exactOptionalPropertyTypes: true'. Consider adding 'undefined' to the types of the target's properties.
  Types of property 'schemaVersion' are incompatible.
    Type '2 | undefined' is not assignable to type '2'.
      Type 'undefined' is not assignable to type '2'.
src/application/knowledge-contracts.ts(60,3): error TS2375: Type '{ tenantId: string; principalId: string; allowedLabels: string[]; allowedNamespaces: string[]; allowedScopes: string[]; canReview: boolean; canPublish: boolean; agentId?: string | undefined; allowedDestinations?: string[] | undefined; }' is not assignable to type 'TrustedKnowledgeActor' with 'exactOptionalPropertyTypes: true'. Consider adding 'undefined' to the types of the target's properties.
  Types of property 'agentId' are incompatible.
    Type 'string | undefined' is not assignable to type 'string'.
      Type 'undefined' is not assignable to type 'string'.
src/application/knowledge-service.ts(154,66): error TS2379: Argument of type '{ tenantId: string; knowledgeId: string; knowledgeRevision: number; actorDigest: string; sources: ({ workId: string; evidenceId: string; sourceVersion: string; generation: number; workRevision: number; policyDigest: string; type?: "evidence" | undefined; } | { ...; })[]; parents: { ...; }[]; schemaVersion?: 2 | unde...' is not assignable to parameter of type 'KnowledgeDependency' with 'exactOptionalPropertyTypes: true'. Consider adding 'undefined' to the types of the target's properties.
  Types of property 'schemaVersion' are incompatible.
    Type '2 | undefined' is not assignable to type '2'.
      Type 'undefined' is not assignable to type '2'.
src/application/knowledge-service.ts(156,69): error TS2375: Type '{ tenantId: string; knowledgeId: string; knowledgeRevision: number; actorDigest: string; sources: ({ workId: string; evidenceId: string; sourceVersion: string; generation: number; workRevision: number; policyDigest: string; type?: "evidence" | undefined; } | { ...; })[]; parents: { ...; }[]; schemaVersion?: 2 | unde...' is not assignable to type 'KnowledgeDependency' with 'exactOptionalPropertyTypes: true'. Consider adding 'undefined' to the types of the target's properties.
  Types of property 'schemaVersion' are incompatible.
    Type '2 | undefined' is not assignable to type '2'.
      Type 'undefined' is not assignable to type '2'.
src/application/knowledge-service.ts(383,69): error TS2345: Argument of type '{ tenantId: string; knowledgeId: string; knowledgeRevision: number; actorDigest: string; sources: ({ workId: string; evidenceId: string; sourceVersion: string; generation: number; workRevision: number; policyDigest: string; type?: "evidence" | undefined; } | { ...; })[]; parents: { ...; }[]; schemaVersion?: 2 | unde...' is not assignable to parameter of type 'KnowledgeDependency[]'.
  Type '{ tenantId: string; knowledgeId: string; knowledgeRevision: number; actorDigest: string; sources: ({ workId: string; evidenceId: string; sourceVersion: string; generation: number; workRevision: number; policyDigest: string; type?: "evidence" | undefined; } | { ...; })[]; parents: { ...; }[]; schemaVersion?: 2 | unde...' is not assignable to type 'KnowledgeDependency' with 'exactOptionalPropertyTypes: true'. Consider adding 'undefined' to the types of the target's properties.
    Types of property 'schemaVersion' are incompatible.
      Type '2 | undefined' is not assignable to type '2'.
        Type 'undefined' is not assignable to type '2'.
src/application/knowledge-service.ts(394,122): error TS2379: Argument of type '{ tenantId: string; knowledgeId: string; knowledgeRevision: number; actorDigest: string; sources: ({ workId: string; evidenceId: string; sourceVersion: string; generation: number; workRevision: number; policyDigest: string; type?: "evidence" | undefined; } | { ...; })[]; parents: { ...; }[]; schemaVersion?: 2 | unde...' is not assignable to parameter of type 'KnowledgeDependency' with 'exactOptionalPropertyTypes: true'. Consider adding 'undefined' to the types of the target's properties.
  Types of property 'schemaVersion' are incompatible.
    Type '2 | undefined' is not assignable to type '2'.
      Type 'undefined' is not assignable to type '2'.
src/application/knowledge-service.ts(404,79): error TS2345: Argument of type '{ tenantId: string; knowledgeId: string; knowledgeRevision: number; actorDigest: string; sources: ({ workId: string; evidenceId: string; sourceVersion: string; generation: number; workRevision: number; policyDigest: string; type?: "evidence" | undefined; } | { ...; })[]; parents: { ...; }[]; schemaVersion?: 2 | unde...' is not assignable to parameter of type 'KnowledgeDependency[]'.
  Type '{ tenantId: string; knowledgeId: string; knowledgeRevision: number; actorDigest: string; sources: ({ workId: string; evidenceId: string; sourceVersion: string; generation: number; workRevision: number; policyDigest: string; type?: "evidence" | undefined; } | { ...; })[]; parents: { ...; }[]; schemaVersion?: 2 | unde...' is not assignable to type 'KnowledgeDependency' with 'exactOptionalPropertyTypes: true'. Consider adding 'undefined' to the types of the target's properties.
    Types of property 'schemaVersion' are incompatible.
      Type '2 | undefined' is not assignable to type '2'.
        Type 'undefined' is not assignable to type '2'.
src/application/knowledge-service.ts(405,93): error TS2345: Argument of type '{ tenantId: string; knowledgeId: string; knowledgeRevision: number; actorDigest: string; sources: ({ workId: string; evidenceId: string; sourceVersion: string; generation: number; workRevision: number; policyDigest: string; type?: "evidence" | undefined; } | { ...; })[]; parents: { ...; }[]; schemaVersion?: 2 | unde...' is not assignable to parameter of type 'KnowledgeDependency[]'.
  Type '{ tenantId: string; knowledgeId: string; knowledgeRevision: number; actorDigest: string; sources: ({ workId: string; evidenceId: string; sourceVersion: string; generation: number; workRevision: number; policyDigest: string; type?: "evidence" | undefined; } | { ...; })[]; parents: { ...; }[]; schemaVersion?: 2 | unde...' is not assignable to type 'KnowledgeDependency' with 'exactOptionalPropertyTypes: true'. Consider adding 'undefined' to the types of the target's properties.
    Types of property 'schemaVersion' are incompatible.
      Type '2 | undefined' is not assignable to type '2'.
        Type 'undefined' is not assignable to type '2'.
src/application/knowledge-service.ts(417,106): error TS2379: Argument of type '{ tenantId: string; knowledgeId: string; knowledgeRevision: number; actorDigest: string; sources: ({ workId: string; evidenceId: string; sourceVersion: string; generation: number; workRevision: number; policyDigest: string; type?: "evidence" | undefined; } | { ...; })[]; parents: { ...; }[]; schemaVersion?: 2 | unde...' is not assignable to parameter of type 'KnowledgeDependency' with 'exactOptionalPropertyTypes: true'. Consider adding 'undefined' to the types of the target's properties.
  Types of property 'schemaVersion' are incompatible.
    Type '2 | undefined' is not assignable to type '2'.
      Type 'undefined' is not assignable to type '2'.
src/application/knowledge-service.ts(420,71): error TS2379: Argument of type '{ tenantId: string; knowledgeId: string; knowledgeRevision: number; actorDigest: string; sources: ({ workId: string; evidenceId: string; sourceVersion: string; generation: number; workRevision: number; policyDigest: string; type?: "evidence" | undefined; } | { ...; })[]; parents: { ...; }[]; schemaVersion?: 2 | unde...' is not assignable to parameter of type 'KnowledgeDependency' with 'exactOptionalPropertyTypes: true'. Consider adding 'undefined' to the types of the target's properties.
  Types of property 'schemaVersion' are incompatible.
    Type '2 | undefined' is not assignable to type '2'.
      Type 'undefined' is not assignable to type '2'.
src/application/personal-memory-contracts.ts(9,14): error TS2375: Type 'ZodObject<{ schemaVersion: ZodLiteral<1>; selectionId: ZodString; basis: ZodType<AppliedSessionInput, unknown, $ZodTypeInternals<AppliedSessionInput, unknown>>; policy: ZodObject<...>; entries: ZodArray<...>; }, $strict>' is not assignable to type 'ZodType<PersonalMemorySelection, unknown, $ZodTypeInternals<PersonalMemorySelection, unknown>>' with 'exactOptionalPropertyTypes: true'. Consider adding 'undefined' to the types of the target's properties.
  The types of '_output.entries' are incompatible between these types.
    Type '{ ref: { schemaVersion: 1; agentId: string; principalId: string; tenantId: string; id: string; revision: number; }; dependency: { tenantId: string; knowledgeId: string; knowledgeRevision: number; actorDigest: string; sources: ({ ...; } | { ...; })[]; parents: { ...; }[]; schemaVersion?: 2 | undefined; owner?: { ...;...' is not assignable to type '{ ref: PersonalMemoryRef; dependency: KnowledgeDependency; }[]'.
      Type '{ ref: { schemaVersion: 1; agentId: string; principalId: string; tenantId: string; id: string; revision: number; }; dependency: { tenantId: string; knowledgeId: string; knowledgeRevision: number; actorDigest: string; sources: ({ ...; } | { ...; })[]; parents: { ...; }[]; schemaVersion?: 2 | undefined; owner?: { ...;...' is not assignable to type '{ ref: PersonalMemoryRef; dependency: KnowledgeDependency; }'.
        The types of 'dependency.schemaVersion' are incompatible between these types.
          Type '2 | undefined' is not assignable to type '2'.
            Type 'undefined' is not assignable to type '2'.
src/application/read-checkpoint-contracts.ts(26,14): error TS2375: Type 'ZodObject<{ schemaVersion: ZodLiteral<1>; kind: ZodLiteral<"read_checkpoint">; operationId: ZodString; workId: ZodString; rootAttemptId: ZodString; ... 19 more ...; coverageManifest: ZodOptional<...>; }, $strict>' is not assignable to type 'ZodType<ReadCheckpoint, unknown, $ZodTypeInternals<ReadCheckpoint, unknown>>' with 'exactOptionalPropertyTypes: true'. Consider adding 'undefined' to the types of the target's properties.
  The types of '_output.knowledgeDependencies' are incompatible between these types.
    Type '{ tenantId: string; knowledgeId: string; knowledgeRevision: number; actorDigest: string; sources: ({ workId: string; evidenceId: string; sourceVersion: string; generation: number; workRevision: number; policyDigest: string; type?: "evidence" | undefined; } | { ...; })[]; parents: { ...; }[]; schemaVersion?: 2 | unde...' is not assignable to type 'KnowledgeDependency[]'.
      Type '{ tenantId: string; knowledgeId: string; knowledgeRevision: number; actorDigest: string; sources: ({ workId: string; evidenceId: string; sourceVersion: string; generation: number; workRevision: number; policyDigest: string; type?: "evidence" | undefined; } | { ...; })[]; parents: { ...; }[]; schemaVersion?: 2 | unde...' is not assignable to type 'KnowledgeDependency' with 'exactOptionalPropertyTypes: true'. Consider adding 'undefined' to the types of the target's properties.
        Types of property 'schemaVersion' are incompatible.
          Type '2 | undefined' is not assignable to type '2'.
            Type 'undefined' is not assignable to type '2'.
src/application/read-checkpoint-record.ts(29,14): error TS2375: Type 'ZodObject<{ schemaVersion: ZodLiteral<2>; kind: ZodLiteral<"read_checkpoint_record">; logicalDigest: ZodString; change: ZodDiscriminatedUnion<[ZodObject<{ type: ZodLiteral<"start">; checkpoint: ZodType<...>; }, $strict>, ZodObject<...>, ZodObject<...>, ZodObject<...>, ZodObject<...>], "type">; }, $strict>' is not assignable to type 'ZodType<ReadCheckpointRecord, unknown, $ZodTypeInternals<ReadCheckpointRecord, unknown>>' with 'exactOptionalPropertyTypes: true'. Consider adding 'undefined' to the types of the target's properties.
  The types of '_output.change' are incompatible between these types.
    Type '{ type: "start"; checkpoint: ReadCheckpoint; } | { type: "resume"; base: ArtifactRef; attemptId: string; updatedAt: number; knowledgeDependencies: { tenantId: string; ... 6 more ...; owner?: { ...; } | undefined; }[]; } | { ...; } | { ...; } | { ...; }' is not assignable to type 'ReadCheckpointChange'.
      Type '{ type: "resume"; base: ArtifactRef; attemptId: string; updatedAt: number; knowledgeDependencies: { tenantId: string; knowledgeId: string; knowledgeRevision: number; actorDigest: string; sources: ({ ...; } | { ...; })[]; parents: { ...; }[]; schemaVersion?: 2 | undefined; owner?: { ...; } | undefined; }[]; }' is not assignable to type 'ReadCheckpointChange'.
        Type '{ type: "resume"; base: ArtifactRef; attemptId: string; updatedAt: number; knowledgeDependencies: { tenantId: string; knowledgeId: string; knowledgeRevision: number; actorDigest: string; sources: ({ ...; } | { ...; })[]; parents: { ...; }[]; schemaVersion?: 2 | undefined; owner?: { ...; } | undefined; }[]; }' is not assignable to type '{ type: "resume"; base: ArtifactRef; attemptId: string; updatedAt: number; knowledgeDependencies: KnowledgeDependency[]; }'.
          Types of property 'knowledgeDependencies' are incompatible.
            Type '{ tenantId: string; knowledgeId: string; knowledgeRevision: number; actorDigest: string; sources: ({ workId: string; evidenceId: string; sourceVersion: string; generation: number; workRevision: number; policyDigest: string; type?: "evidence" | undefined; } | { ...; })[]; parents: { ...; }[]; schemaVersion?: 2 | unde...' is not assignable to type 'KnowledgeDependency[]'.
              Type '{ tenantId: string; knowledgeId: string; knowledgeRevision: number; actorDigest: string; sources: ({ workId: string; evidenceId: string; sourceVersion: string; generation: number; workRevision: number; policyDigest: string; type?: "evidence" | undefined; } | { ...; })[]; parents: { ...; }[]; schemaVersion?: 2 | unde...' is not assignable to type 'KnowledgeDependency' with 'exactOptionalPropertyTypes: true'. Consider adding 'undefined' to the types of the target's properties.
                Types of property 'schemaVersion' are incompatible.
                  Type '2 | undefined' is not assignable to type '2'.
                    Type 'undefined' is not assignable to type '2'.
src/application/read-collection-contracts.ts(29,14): error TS2375: Type 'ZodObject<{ requestId: ZodString; sourceSnapshot: ZodString; cursor: ZodNullable<ZodString>; nextCursor: ZodNullable<ZodString>; ... 6 more ...; knowledgeDependencies: ZodOptional<...>; }, $strict>' is not assignable to type 'ZodType<ReadPage, unknown, $ZodTypeInternals<ReadPage, unknown>>' with 'exactOptionalPropertyTypes: true'. Consider adding 'undefined' to the types of the target's properties.
  The types of '_output.knowledgeDependencies' are incompatible between these types.
    Type '{ tenantId: string; knowledgeId: string; knowledgeRevision: number; actorDigest: string; sources: ({ workId: string; evidenceId: string; sourceVersion: string; generation: number; workRevision: number; policyDigest: string; type?: "evidence" | undefined; } | { ...; })[]; parents: { ...; }[]; schemaVersion?: 2 | unde...' is not assignable to type 'KnowledgeDependency[] | undefined'.
      Type '{ tenantId: string; knowledgeId: string; knowledgeRevision: number; actorDigest: string; sources: ({ workId: string; evidenceId: string; sourceVersion: string; generation: number; workRevision: number; policyDigest: string; type?: "evidence" | undefined; } | { ...; })[]; parents: { ...; }[]; schemaVersion?: 2 | unde...' is not assignable to type 'KnowledgeDependency[]'.
        Type '{ tenantId: string; knowledgeId: string; knowledgeRevision: number; actorDigest: string; sources: ({ workId: string; evidenceId: string; sourceVersion: string; generation: number; workRevision: number; policyDigest: string; type?: "evidence" | undefined; } | { ...; })[]; parents: { ...; }[]; schemaVersion?: 2 | unde...' is not assignable to type 'KnowledgeDependency' with 'exactOptionalPropertyTypes: true'. Consider adding 'undefined' to the types of the target's properties.
          Types of property 'schemaVersion' are incompatible.
            Type '2 | undefined' is not assignable to type '2'.
              Type 'undefined' is not assignable to type '2'.
src/application/read-collection-contracts.ts(33,14): error TS2375: Type 'ZodObject<{ kind: ZodLiteral<"read_deferral">; requestId: ZodString; dueAt: ZodNumber; reason: ZodLiteral<"rate_limited">; rawArtifact: ZodOptional<ZodType<...>>; usage: ZodOptional<...>; knowledgeDependencies: ZodOptional<...>; }, $strict>' is not assignable to type 'ZodType<ReadDeferral, unknown, $ZodTypeInternals<ReadDeferral, unknown>>' with 'exactOptionalPropertyTypes: true'. Consider adding 'undefined' to the types of the target's properties.
  The types of '_output.knowledgeDependencies' are incompatible between these types.
    Type '{ tenantId: string; knowledgeId: string; knowledgeRevision: number; actorDigest: string; sources: ({ workId: string; evidenceId: string; sourceVersion: string; generation: number; workRevision: number; policyDigest: string; type?: "evidence" | undefined; } | { ...; })[]; parents: { ...; }[]; schemaVersion?: 2 | unde...' is not assignable to type 'KnowledgeDependency[] | undefined'.
      Type '{ tenantId: string; knowledgeId: string; knowledgeRevision: number; actorDigest: string; sources: ({ workId: string; evidenceId: string; sourceVersion: string; generation: number; workRevision: number; policyDigest: string; type?: "evidence" | undefined; } | { ...; })[]; parents: { ...; }[]; schemaVersion?: 2 | unde...' is not assignable to type 'KnowledgeDependency[]'.
        Type '{ tenantId: string; knowledgeId: string; knowledgeRevision: number; actorDigest: string; sources: ({ workId: string; evidenceId: string; sourceVersion: string; generation: number; workRevision: number; policyDigest: string; type?: "evidence" | undefined; } | { ...; })[]; parents: { ...; }[]; schemaVersion?: 2 | unde...' is not assignable to type 'KnowledgeDependency' with 'exactOptionalPropertyTypes: true'. Consider adding 'undefined' to the types of the target's properties.
          Types of property 'schemaVersion' are incompatible.
            Type '2 | undefined' is not assignable to type '2'.
              Type 'undefined' is not assignable to type '2'.
src/application/recovery-contracts.ts(12,14): error TS2375: Type 'ZodObject<{ schemaVersion: ZodLiteral<1>; kind: ZodLiteral<"runtime_resume">; builderRevision: ZodLiteral<"1">; workId: ZodString; stateRevision: ZodNumber; ... 6 more ...; deliveries: ZodArray<...>; }, $strict>' is not assignable to type 'ZodType<ResumePacket, unknown, $ZodTypeInternals<ResumePacket, unknown>>' with 'exactOptionalPropertyTypes: true'. Consider adding 'undefined' to the types of the target's properties.
  The types of '_output.runtime' are incompatible between these types.
    Type '{ status: "ready" | "running" | "failed" | "cancelled" | "waiting" | "blocked" | "paused" | "completed"; statusReason: string; budget: { limits: { toolCalls: number; modelCalls: number; tokens: number; replans: number; wallTimeMs: number; }; used: { ...; }; reservedToolCalls: number; reservedModelCalls: number; rese...' is not assignable to type 'Pick<WorkState, "status" | "deadlineAt" | "budget" | "hypothesisAssessment" | "subscriptions" | "statusReason" | "attempts" | "artifacts" | "conversation" | "dataLifecycle" | ... 4 more ... | "computerContinuations"> & { ...; }'.
      Type '{ status: "ready" | "running" | "failed" | "cancelled" | "waiting" | "blocked" | "paused" | "completed"; statusReason: string; budget: { limits: { toolCalls: number; modelCalls: number; tokens: number; replans: number; wallTimeMs: number; }; used: { ...; }; reservedToolCalls: number; reservedModelCalls: number; rese...' is not assignable to type 'Pick<WorkState, "status" | "deadlineAt" | "budget" | "hypothesisAssessment" | "subscriptions" | "statusReason" | "attempts" | "artifacts" | "conversation" | "dataLifecycle" | ... 4 more ... | "computerContinuations">'.
        Types of property 'attempts' are incompatible.
          Type '{ id: string; taskId: string; planRevision: number; goalRevision: number; toolId: string; toolVersion: string; inputDigest: string; scope: string; effect: "read" | "write"; effectState: "unknown" | "none" | "confirmed"; ... 16 more ...; effectReceipt?: { ...; } | undefined; }[]' is not assignable to type 'Attempt[]'.
            Type '{ id: string; taskId: string; planRevision: number; goalRevision: number; toolId: string; toolVersion: string; inputDigest: string; scope: string; effect: "read" | "write"; effectState: "unknown" | "none" | "confirmed"; ... 16 more ...; effectReceipt?: { ...; } | undefined; }' is not assignable to type 'Attempt'.
              Types of property 'knowledgeDependencies' are incompatible.
                Type '{ tenantId: string; knowledgeId: string; knowledgeRevision: number; actorDigest: string; sources: ({ workId: string; evidenceId: string; sourceVersion: string; generation: number; workRevision: number; policyDigest: string; type?: "evidence" | undefined; } | { ...; })[]; parents: { ...; }[]; schemaVersion?: 2 | unde...' is not assignable to type 'KnowledgeDependency[] | undefined'.
                  Type '{ tenantId: string; knowledgeId: string; knowledgeRevision: number; actorDigest: string; sources: ({ workId: string; evidenceId: string; sourceVersion: string; generation: number; workRevision: number; policyDigest: string; type?: "evidence" | undefined; } | { ...; })[]; parents: { ...; }[]; schemaVersion?: 2 | unde...' is not assignable to type 'KnowledgeDependency[]'.
                    Type '{ tenantId: string; knowledgeId: string; knowledgeRevision: number; actorDigest: string; sources: ({ workId: string; evidenceId: string; sourceVersion: string; generation: number; workRevision: number; policyDigest: string; type?: "evidence" | undefined; } | { ...; })[]; parents: { ...; }[]; schemaVersion?: 2 | unde...' is not assignable to type 'KnowledgeDependency' with 'exactOptionalPropertyTypes: true'. Consider adding 'undefined' to the types of the target's properties.
                      Types of property 'schemaVersion' are incompatible.
                        Type '2 | undefined' is not assignable to type '2'.
                          Type 'undefined' is not assignable to type '2'.
