TAP version 13
# Subtest: actual apply interruption at candidate-published-link retains pending and resumes the same candidate after dead-lease recovery
ok 1 - actual apply interruption at candidate-published-link retains pending and resumes the same candidate after dead-lease recovery
  ---
  duration_ms: 829.544959
  type: 'test'
  ...
# Subtest: actual apply interruption at complete-published retains pending and resumes the same candidate after dead-lease recovery
ok 2 - actual apply interruption at complete-published retains pending and resumes the same candidate after dead-lease recovery
  ---
  duration_ms: 887.690167
  type: 'test'
  ...
# Subtest: actual apply interruption at main-retired-link retains pending and resumes the same candidate after dead-lease recovery
ok 3 - actual apply interruption at main-retired-link retains pending and resumes the same candidate after dead-lease recovery
  ---
  duration_ms: 794.755791
  type: 'test'
  ...
# Subtest: actual apply interruption at journal-retired retains pending and resumes the same candidate after dead-lease recovery
ok 4 - actual apply interruption at journal-retired retains pending and resumes the same candidate after dead-lease recovery
  ---
  duration_ms: 793.529917
  type: 'test'
  ...
1..4
# tests 4
# suites 0
# pass 4
# fail 0
# cancelled 0
# skipped 0
# todo 0
# duration_ms 3390.45925
