TAP version 13
# Subtest: recovery process event contract: deadline survives a late successful reply and still waits for exit and close
ok 1 - recovery process event contract: deadline survives a late successful reply and still waits for exit and close
  ---
  duration_ms: 4.115083
  type: 'test'
  ...
# Subtest: recovery process event contract: abort survives a late successful reply and still waits for exit and close
ok 2 - recovery process event contract: abort survives a late successful reply and still waits for exit and close
  ---
  duration_ms: 0.844166
  type: 'test'
  ...
1..2
# tests 2
# suites 0
# pass 2
# fail 0
# cancelled 0
# skipped 0
# todo 0
# duration_ms 59.824
