TAP version 13
# Subtest: prepare rejects a missing owner table without binding or changing the original hot rollback pair
ok 1 - prepare rejects a missing owner table without binding or changing the original hot rollback pair
  ---
  duration_ms: 539.529125
  type: 'test'
  ...
# Subtest: prepare rejects a missing owner row without binding or changing the original hot rollback pair
ok 2 - prepare rejects a missing owner row without binding or changing the original hot rollback pair
  ---
  duration_ms: 493.647666
  type: 'test'
  ...
# Subtest: prepare rejects file-journal selection before adopting a leftover local rollback pair
ok 3 - prepare rejects file-journal selection before adopting a leftover local rollback pair
  ---
  duration_ms: 380.3235
  type: 'test'
  ...
# Subtest: prepare rejects postgres-state selection before adopting a leftover local rollback pair
ok 4 - prepare rejects postgres-state selection before adopting a leftover local rollback pair
  ---
  duration_ms: 474.1025
  type: 'test'
  ...
# Subtest: prepare rejects postgres-memory selection before adopting a leftover local rollback pair
ok 5 - prepare rejects postgres-memory selection before adopting a leftover local rollback pair
  ---
  duration_ms: 524.156958
  type: 'test'
  ...
# Subtest: prepare rejects postgres-channel selection before adopting a leftover local rollback pair
ok 6 - prepare rejects postgres-channel selection before adopting a leftover local rollback pair
  ---
  duration_ms: 424.814625
  type: 'test'
  ...
# Subtest: same-operation prepare rejects original main same-bytes replacement while retaining all interrupted recovery files
ok 7 - same-operation prepare rejects original main same-bytes replacement while retaining all interrupted recovery files
  ---
  duration_ms: 605.739792
  type: 'test'
  ...
# Subtest: same-operation prepare rejects original main same-inode content mutation while retaining all interrupted recovery files
ok 8 - same-operation prepare rejects original main same-inode content mutation while retaining all interrupted recovery files
  ---
  duration_ms: 604.299417
  type: 'test'
  ...
# Subtest: same-operation prepare rejects original journal same-bytes replacement while retaining all interrupted recovery files
ok 9 - same-operation prepare rejects original journal same-bytes replacement while retaining all interrupted recovery files
  ---
  duration_ms: 629.01925
  type: 'test'
  ...
# Subtest: same-operation prepare rejects original journal same-inode content mutation while retaining all interrupted recovery files
ok 10 - same-operation prepare rejects original journal same-inode content mutation while retaining all interrupted recovery files
  ---
  duration_ms: 572.931708
  type: 'test'
  ...
# Subtest: same-operation prepare rejects a different kind while preserving both databases and prepared receipts
ok 11 - same-operation prepare rejects a different kind while preserving both databases and prepared receipts
  ---
  duration_ms: 784.662625
  type: 'test'
  ...
1..11
# tests 11
# suites 0
# pass 11
# fail 0
# cancelled 0
# skipped 0
# todo 0
# duration_ms 6123.989792
