TAP version 13
# Subtest: default SQLite personal selection stays bound on restart without creating a document store
ok 1 - default SQLite personal selection stays bound on restart without creating a document store
  ---
  duration_ms: 247.633125
  type: 'test'
  ...
# Subtest: a completed document store cannot disappear and silently return an empty SQLite personal partition
ok 2 - a completed document store cannot disappear and silently return an empty SQLite personal partition
  ---
  duration_ms: 302.07775
  type: 'test'
  ...
# Subtest: registration completion can resume after the owner was created without discarding a committed memory
ok 3 - registration completion can resume after the owner was created without discarding a committed memory
  ---
  duration_ms: 339.2045
  type: 'test'
  ...
# Subtest: documents cannot be assigned over an existing SQLite store without a migration
ok 4 - documents cannot be assigned over an existing SQLite store without a migration
  ---
  duration_ms: 133.313
  type: 'test'
  ...
# Subtest: replacing the config with a legacy default cannot reroute an assigned document partition
ok 5 - replacing the config with a legacy default cannot reroute an assigned document partition
  ---
  duration_ms: 264.242084
  type: 'test'
  ...
# Subtest: a missing assignment behind an existing completion does not create a new owner
ok 6 - a missing assignment behind an existing completion does not create a new owner
  ---
  duration_ms: 233.658792
  type: 'test'
  ...
# Subtest: moving the whole document-backed agent keeps its owner, receipts and revision transitions
ok 7 - moving the whole document-backed agent keeps its owner, receipts and revision transitions
  ---
  duration_ms: 388.128625
  type: 'test'
  ...
# Subtest: personal repository errors do not fall back and closing still releases both repositories
ok 8 - personal repository errors do not fall back and closing still releases both repositories
  ---
  duration_ms: 0.195417
  type: 'test'
  ...
# Subtest: first document open reobserves assignment when another process publishes readiness after its initial ENOENT
ok 9 - first document open reobserves assignment when another process publishes readiness after its initial ENOENT
  ---
  duration_ms: 474.08575
  type: 'test'
  ...
# Subtest: simultaneous document first opens converge on the same assignment and readiness without replacing them
ok 10 - simultaneous document first opens converge on the same assignment and readiness without replacing them
  ---
  duration_ms: 517.045583
  type: 'test'
  ...
# Subtest: state: preserve an actual hot rollback pair, prepare/apply it, and reopen the original agent stores
ok 11 - state: preserve an actual hot rollback pair, prepare/apply it, and reopen the original agent stores
  ---
  duration_ms: 754.220792
  type: 'test'
  ...
# Subtest: memory: preserve an actual hot rollback pair, prepare/apply it, and reopen the original agent stores
ok 12 - memory: preserve an actual hot rollback pair, prepare/apply it, and reopen the original agent stores
  ---
  duration_ms: 741.688334
  type: 'test'
  ...
# Subtest: channel: preserve an actual hot rollback pair, prepare/apply it, and reopen the original agent stores
ok 13 - channel: preserve an actual hot rollback pair, prepare/apply it, and reopen the original agent stores
  ---
  duration_ms: 718.834625
  type: 'test'
  ...
# Subtest: sqlite/sqlite: explicit personal recall reaches the real packet, frame and reopened resume without copying the old session
ok 14 - sqlite/sqlite: explicit personal recall reaches the real packet, frame and reopened resume without copying the old session
  ---
  duration_ms: 540.783834
  type: 'test'
  ...
# Subtest: sqlite/documents: explicit personal recall reaches the real packet, frame and reopened resume without copying the old session
ok 15 - sqlite/documents: explicit personal recall reaches the real packet, frame and reopened resume without copying the old session
  ---
  duration_ms: 3331.827291
  type: 'test'
  ...
# Subtest: file-journal/sqlite: explicit personal recall reaches the real packet, frame and reopened resume without copying the old session
ok 16 - file-journal/sqlite: explicit personal recall reaches the real packet, frame and reopened resume without copying the old session
  ---
  duration_ms: 762.313459
  type: 'test'
  ...
# Subtest: file-journal/documents: explicit personal recall reaches the real packet, frame and reopened resume without copying the old session
ok 17 - file-journal/documents: explicit personal recall reaches the real packet, frame and reopened resume without copying the old session
  ---
  duration_ms: 3442.446292
  type: 'test'
  ...
# Subtest: omitted, forged or unavailable personal context cannot stage or validate a selected work frame
ok 18 - omitted, forged or unavailable personal context cannot stage or validate a selected work frame
  ---
  duration_ms: 378.62225
  type: 'test'
  ...
# Subtest: selection is idempotent and refuses a same-goal newer input, foreign owner, and a cancelled work
ok 19 - selection is idempotent and refuses a same-goal newer input, foreign owner, and a cancelled work
  ---
  duration_ms: 206.333958
  type: 'test'
  ...
# Subtest: sqlite: forgetting during a real delayed synthetic model call rejects the reply while preserving reported usage
ok 20 - sqlite: forgetting during a real delayed synthetic model call rejects the reply while preserving reported usage
  ---
  duration_ms: 411.708458
  type: 'test'
  ...
# Subtest: documents: forgetting during a real delayed synthetic model call rejects the reply while preserving reported usage
ok 21 - documents: forgetting during a real delayed synthetic model call rejects the reply while preserving reported usage
  ---
  duration_ms: 2494.512208
  type: 'test'
  ...
# Subtest: a changed revision invalidates an existing frame and the replacement needs a fresh explicit selection
ok 22 - a changed revision invalidates an existing frame and the replacement needs a fresh explicit selection
  ---
  duration_ms: 387.080542
  type: 'test'
  ...
# Subtest: clear preserves a pre-existing work-memory quarantine review and its completion gate
ok 23 - clear preserves a pre-existing work-memory quarantine review and its completion gate
  ---
  duration_ms: 175.650542
  type: 'test'
  ...
# Subtest: recall preserves a pre-existing work-memory quarantine review and its completion gate
ok 24 - recall preserves a pre-existing work-memory quarantine review and its completion gate
  ---
  duration_ms: 207.115625
  type: 'test'
  ...
# Subtest: replacing a selection waives only its newly created quarantine review
ok 25 - replacing a selection waives only its newly created quarantine review
  ---
  duration_ms: 216.164916
  type: 'test'
  ...
# Subtest: draft flow sqlite: editor rename applies one source and revision, invalidates selected memory and survives reopen
ok 26 - draft flow sqlite: editor rename applies one source and revision, invalidates selected memory and survives reopen
  ---
  duration_ms: 2954.667625
  type: 'test'
  ...
# Subtest: draft flow file-journal: editor rename applies one source and revision, invalidates selected memory and survives reopen
ok 27 - draft flow file-journal: editor rename applies one source and revision, invalidates selected memory and survives reopen
  ---
  duration_ms: 2845.525875
  type: 'test'
  ...
# Subtest: draft no-change and read-only status create no new raw input or memory revision
ok 28 - draft no-change and read-only status create no new raw input or memory revision
  ---
  duration_ms: 639.744041
  type: 'test'
  ...
# Subtest: draft past result remains revision two after a later revision and forget; resume ignores edited or missing draft
ok 29 - draft past result remains revision two after a later revision and forget; resume ignores edited or missing draft
  ---
  duration_ms: 1052.369541
  type: 'test'
  ...
# Subtest: draft stale target, read-only actor and other owner are refused before a source input is created
ok 30 - draft stale target, read-only actor and other owner are refused before a source input is created
  ---
  duration_ms: 550.204625
  type: 'test'
  ...
# Subtest: draft source applied before a competing memory revision remains an explicit partial result
ok 31 - draft source applied before a competing memory revision remains an explicit partial result
  ---
  duration_ms: 878.163958
  type: 'test'
  ...
# Subtest: a stale absent-operation observation joins the exact apply completed by another profile
not ok 32 - a stale absent-operation observation joins the exact apply completed by another profile
  ---
  duration_ms: 872.113208
  type: 'test'
  location: '/Users/seunghanee/Documents/secumon/runtime/dist/tests/personal-memory-draft-flow.test.js:106:1'
  failureType: 'hookFailed'
  error: "ENOENT: no such file or directory, lstat '/private/var/folders/g3/7w545kd128j1s0jbb6dcv4b80000gn/T/memory-draft-flow-8Tc3ci'"
  code: 'ENOENT'
  stack: |-
    realpathSync (node:fs:2848:29)
    new PosixMutationScope (file:///Users/seunghanee/Documents/secumon/runtime/dist/infrastructure/posix-file-mutations.js:55:24)
    PosixFileMutations.openScope (file:///Users/seunghanee/Documents/secumon/runtime/dist/infrastructure/posix-file-mutations.js:338:33)
    openProfileMutationScope (file:///Users/seunghanee/Documents/secumon/runtime/dist/infrastructure/agent-profile-files.js:48:36)
    removeOwned (file:///Users/seunghanee/Documents/secumon/runtime/dist/infrastructure/agent-lifecycle-lease.js:18:19)
    Object.close (file:///Users/seunghanee/Documents/secumon/runtime/dist/infrastructure/agent-lifecycle-lease.js:83:13)
    close (file:///Users/seunghanee/Documents/secumon/runtime/dist/infrastructure/agent-stores.js:66:33)
    async TestHook.run (node:internal/test_runner/test:1404:7)
    async Test.runHook (node:internal/test_runner/test:1284:9)
    async after (node:internal/test_runner/test:1337:9)
  ...
# Subtest: real source snapshot contention at preflight converges on the same apply receipt
ok 33 - real source snapshot contention at preflight converges on the same apply receipt
  ---
  duration_ms: 956.48875
  type: 'test'
  ...
# Subtest: real source snapshot contention at after-intent converges on the same apply receipt
ok 34 - real source snapshot contention at after-intent converges on the same apply receipt
  ---
  duration_ms: 949.273375
  type: 'test'
  ...
# Subtest: contention reported after the real memory commit rechecks the original receipt without another revision
ok 35 - contention reported after the real memory commit rechecks the original receipt without another revision
  ---
  duration_ms: 716.994417
  type: 'test'
  ...
# Subtest: persistent knowledge contention is bounded and does not publish source input
ok 36 - persistent knowledge contention is bounded and does not publish source input
  ---
  duration_ms: 413.806584
  type: 'test'
  ...
1..36
# tests 36
# suites 0
# pass 35
# fail 1
# cancelled 0
# skipped 0
# todo 0
# duration_ms 31019.090291
