{"event":"starting","files":33,"sourceAndBuild":{"sourceDigest":"6ba26f7b1f070e6429c16644b5af2a196582613125bdcc71dba8fb529d9f2f92","filesDigest":"b35876061e1db51fe1d97a6525db03c8d27cbfdfc2bb9acd3a98f9da483b5e53","fileCount":1377}}
TAP version 13
# Subtest: file-journal agents separate identical work IDs, events and historical receipts across reopen
ok 1 - file-journal agents separate identical work IDs, events and historical receipts across reopen
  ---
  duration_ms: 425.259792
  type: 'test'
  ...
# Subtest: file-journal state keeps private memory and channel messages in separately owned SQLite databases
ok 2 - file-journal state keeps private memory and channel messages in separately owned SQLite databases
  ---
  duration_ms: 421.553792
  type: 'test'
  ...
# Subtest: a file-journal clone opens a fresh owned journal and empty SQLite memory and channel stores
ok 3 - a file-journal clone opens a fresh owned journal and empty SQLite memory and channel stores
  ---
  duration_ms: 541.918625
  type: 'test'
  ...
# Subtest: copying another agents complete journal is rejected before binding a new backend marker
ok 4 - copying another agents complete journal is rejected before binding a new backend marker
  ---
  duration_ms: 297.8765
  type: 'test'
  ...
# Subtest: file-journal selection does not bypass foreign memory or channel SQLite ownership
ok 5 - file-journal selection does not bypass foreign memory or channel SQLite ownership
  ---
  duration_ms: 695.545042
  type: 'test'
  ...
# Subtest: empty and populated legacy v1 journals are not automatically adopted by an agent
ok 6 - empty and populated legacy v1 journals are not automatically adopted by an agent
  ---
  duration_ms: 470.0745
  type: 'test'
  ...
# Subtest: changing config between SQLite and file-journal never creates a replacement state store
ok 7 - changing config between SQLite and file-journal never creates a replacement state store
  ---
  duration_ms: 557.311583
  type: 'test'
  ...
# Subtest: an owned legacy SQLite agent gains only its backend marker and preserves historical data
ok 8 - an owned legacy SQLite agent gains only its backend marker and preserves historical data
  ---
  duration_ms: 350.419084
  type: 'test'
  ...
# Subtest: an unowned legacy SQLite database is preserved without creating a backend marker
ok 9 - an unowned legacy SQLite database is preserved without creating a backend marker
  ---
  duration_ms: 197.557541
  type: 'test'
  ...
# Subtest: copying another agents backend marker is rejected before creating any state or private databases
ok 10 - copying another agents backend marker is rejected before creating any state or private databases
  ---
  duration_ms: 290.397125
  type: 'test'
  ...
# Subtest: malformed, unsupported or linked backend markers cannot initialize state stores
ok 11 - malformed, unsupported or linked backend markers cannot initialize state stores
  ---
  duration_ms: 597.538792
  type: 'test'
  ...
# Subtest: ambiguous existing SQLite and journal stores are preserved without choosing a new backend
ok 12 - ambiguous existing SQLite and journal stores are preserved without choosing a new backend
  ---
  duration_ms: 353.847792
  type: 'test'
  ...
# Subtest: concurrent CLI first storage opens retain one agent, backend selection and journal identity
ok 13 - concurrent CLI first storage opens retain one agent, backend selection and journal identity
  ---
  duration_ms: 1047.673333
  type: 'test'
  ...
# Subtest: clone resumes with one identity after actual process termination at setup-operation.json
ok 14 - clone resumes with one identity after actual process termination at setup-operation.json
  ---
  duration_ms: 295.422209
  type: 'test'
  ...
# Subtest: clone resumes with one identity after actual process termination at setup.json
ok 15 - clone resumes with one identity after actual process termination at setup.json
  ---
  duration_ms: 327.374292
  type: 'test'
  ...
# Subtest: clone resumes with one identity after actual process termination at identity.json
ok 16 - clone resumes with one identity after actual process termination at identity.json
  ---
  duration_ms: 343.551916
  type: 'test'
  ...
# Subtest: clone resumes with one identity after actual process termination at config.json
ok 17 - clone resumes with one identity after actual process termination at config.json
  ---
  duration_ms: 356.614959
  type: 'test'
  ...
# Subtest: clone resumes with one identity after actual process termination at skill
ok 18 - clone resumes with one identity after actual process termination at skill
  ---
  duration_ms: 434.952083
  type: 'test'
  ...
# Subtest: clone resumes with one identity after actual process termination at before-complete
ok 19 - clone resumes with one identity after actual process termination at before-complete
  ---
  duration_ms: 391.267958
  type: 'test'
  ...
# Subtest: a published completion survives process termination and later source/skill edits do not trigger recopy
ok 20 - a published completion survives process termination and later source/skill edits do not trigger recopy
  ---
  duration_ms: 342.018417
  type: 'test'
  ...
# Subtest: source changes and target conflicts are preserved during explicit clone resume
ok 21 - source changes and target conflicts are preserved during explicit clone resume
  ---
  duration_ms: 389.044166
  type: 'test'
  ...
# Subtest: pending clone blocks nested setup and CLI repair explains explicit clone resume
ok 22 - pending clone blocks nested setup and CLI repair explains explicit clone resume
  ---
  duration_ms: 642.30425
  type: 'test'
  ...
# Subtest: general initialization keeps its selected identity after interruption at the operation marker
ok 23 - general initialization keeps its selected identity after interruption at the operation marker
  ---
  duration_ms: 289.03925
  type: 'test'
  ...
# Subtest: competing clone commands never assign two identities to the same destination
ok 24 - competing clone commands never assign two identities to the same destination
  ---
  duration_ms: 328.6185
  type: 'test'
  ...
# Subtest: initialization and clone contention leave a single coherent ready profile
ok 25 - initialization and clone contention leave a single coherent ready profile
  ---
  duration_ms: 293.603334
  type: 'test'
  ...
# Subtest: a target config changed during skill publication cannot be marked clone-complete
ok 26 - a target config changed during skill publication cannot be marked clone-complete
  ---
  duration_ms: 301.426875
  type: 'test'
  ...
# Subtest: legacy v1 setup without an operation marker reopens untouched and repairs with its existing identity
ok 27 - legacy v1 setup without an operation marker reopens untouched and repairs with its existing identity
  ---
  duration_ms: 208.329084
  type: 'test'
  ...
# Subtest: pending filenames cannot hide data in clone memory, workspace or artifact directories
ok 28 - pending filenames cannot hide data in clone memory, workspace or artifact directories
  ---
  duration_ms: 823.796417
  type: 'test'
  ...
# Subtest: one interrupted publication at the entries boundary can resume with its safe pending file
ok 29 - one interrupted publication at the entries boundary can resume with its safe pending file
  ---
  duration_ms: 7084.028625
  type: 'test'
  ...
# Subtest: one interrupted publication at the bytes boundary can resume with its safe pending file
ok 30 - one interrupted publication at the bytes boundary can resume with its safe pending file
  ---
  duration_ms: 559.805166
  type: 'test'
  ...
# Subtest: clone creates a fresh identity while preserving reusable configuration and the original files
ok 31 - clone creates a fresh identity while preserving reusable configuration and the original files
  ---
  duration_ms: 288.92475
  type: 'test'
  ...
# Subtest: clone copies skill bytes, nested empty directories and executable bits without linking source files
ok 32 - clone copies skill bytes, nested empty directories and executable bits without linking source files
  ---
  duration_ms: 362.726875
  type: 'test'
  ...
# Subtest: clone starts with independent empty stores despite source work, memory, conversation and artifacts
ok 33 - clone starts with independent empty stores despite source work, memory, conversation and artifacts
  ---
  duration_ms: 599.882916
  type: 'test'
  ...
# Subtest: ordinary clone never overwrites an existing empty, populated or initialized destination
ok 34 - ordinary clone never overwrites an existing empty, populated or initialized destination
  ---
  duration_ms: 268.061667
  type: 'test'
  ...
# Subtest: clone rejects source overlap, nested agents and engine destinations without changing either tree
ok 35 - clone rejects source overlap, nested agents and engine destinations without changing either tree
  ---
  duration_ms: 133.626125
  type: 'test'
  ...
# Subtest: clone rejects missing or malformed sources and invalid options without creating a destination
ok 36 - clone rejects missing or malformed sources and invalid options without creating a destination
  ---
  duration_ms: 119.203667
  type: 'test'
  ...
# Subtest: clone rejects skill file and directory symlinks without modifying their outside targets
ok 37 - clone rejects skill file and directory symlinks without modifying their outside targets
  ---
  duration_ms: 132.184875
  type: 'test'
  ...
# Subtest: clone rejects hard-linked skill files and leaves both links unchanged
ok 38 - clone rejects hard-linked skill files and leaves both links unchanged
  ---
  duration_ms: 119.094959
  type: 'test'
  ...
# Subtest: clone rejects a POSIX FIFO skill instead of blocking on its contents
ok 39 - clone rejects a POSIX FIFO skill instead of blocking on its contents
  ---
  duration_ms: 202.892042
  type: 'test'
  ...
# Subtest: clone permits a four-MiB skill file and rejects a file exceeding that limit
ok 40 - clone permits a four-MiB skill file and rejects a file exceeding that limit
  ---
  duration_ms: 309.989584
  type: 'test'
  ...
# Subtest: clone enforces snapshot entry, total-byte and directory-depth limits
ok 41 - clone enforces snapshot entry, total-byte and directory-depth limits
  ---
  duration_ms: 827.458417
  type: 'test'
  ...
# Subtest: pending clone rejects changed source skills or config and cannot be completed by ordinary init or repair
ok 42 - pending clone rejects changed source skills or config and cannot be completed by ordinary init or repair
  ---
  duration_ms: 650.547542
  type: 'test'
  ...
# Subtest: pending clone preserves target file conflicts instead of overwriting or accepting them
ok 43 - pending clone preserves target file conflicts instead of overwriting or accepting them
  ---
  duration_ms: 709.463333
  type: 'test'
  ...
# Subtest: finished clone resumes idempotently and ordinary reopen preserves subsequent skill edits
ok 44 - finished clone resumes idempotently and ordinary reopen preserves subsequent skill edits
  ---
  duration_ms: 379.325208
  type: 'test'
  ...
# Subtest: CLI clone reports the new ready profile and supports explicit completed-clone resume
ok 45 - CLI clone reports the new ready profile and supports explicit completed-clone resume
  ---
  duration_ms: 800.138792
  type: 'test'
  ...
# Subtest: default SQLite personal selection stays bound on restart without creating a document store
ok 46 - default SQLite personal selection stays bound on restart without creating a document store
  ---
  duration_ms: 284.211458
  type: 'test'
  ...
# Subtest: a completed document store cannot disappear and silently return an empty SQLite personal partition
ok 47 - a completed document store cannot disappear and silently return an empty SQLite personal partition
  ---
  duration_ms: 315.840292
  type: 'test'
  ...
# Subtest: registration completion can resume after the owner was created without discarding a committed memory
ok 48 - registration completion can resume after the owner was created without discarding a committed memory
  ---
  duration_ms: 316.108375
  type: 'test'
  ...
# Subtest: documents cannot be assigned over an existing SQLite store without a migration
ok 49 - documents cannot be assigned over an existing SQLite store without a migration
  ---
  duration_ms: 133.186541
  type: 'test'
  ...
# Subtest: replacing the config with a legacy default cannot reroute an assigned document partition
ok 50 - replacing the config with a legacy default cannot reroute an assigned document partition
  ---
  duration_ms: 173.698083
  type: 'test'
  ...
# Subtest: a missing assignment behind an existing completion does not create a new owner
ok 51 - a missing assignment behind an existing completion does not create a new owner
  ---
  duration_ms: 196.098834
  type: 'test'
  ...
# Subtest: moving the whole document-backed agent keeps its owner, receipts and revision transitions
ok 52 - moving the whole document-backed agent keeps its owner, receipts and revision transitions
  ---
  duration_ms: 432.742959
  type: 'test'
  ...
# Subtest: personal repository errors do not fall back and closing still releases both repositories
ok 53 - personal repository errors do not fall back and closing still releases both repositories
  ---
  duration_ms: 0.194417
  type: 'test'
  ...
# Subtest: first document open reobserves assignment when another process publishes readiness after its initial ENOENT
ok 54 - first document open reobserves assignment when another process publishes readiness after its initial ENOENT
  ---
  duration_ms: 601.4325
  type: 'test'
  ...
# Subtest: simultaneous document first opens converge on the same assignment and readiness without replacing them
ok 55 - simultaneous document first opens converge on the same assignment and readiness without replacing them
  ---
  duration_ms: 450.454083
  type: 'test'
  ...
# Subtest: initialization joins the same identity published after its first empty metadata observation
ok 56 - initialization joins the same identity published after its first empty metadata observation
  ---
  duration_ms: 319.086167
  type: 'test'
  ...
# Subtest: initialization reobserves malformed metadata after a concurrent publication and refuses without replacement
ok 57 - initialization reobserves malformed metadata after a concurrent publication and refuses without replacement
  ---
  duration_ms: 190.991417
  type: 'test'
  ...
# Subtest: initialization reobserves mismatch metadata after a concurrent publication and refuses without replacement
ok 58 - initialization reobserves mismatch metadata after a concurrent publication and refuses without replacement
  ---
  duration_ms: 216.1255
  type: 'test'
  ...
# Subtest: reobserving genuinely unowned metadata or memory still refuses assignment and preserves every original file
ok 59 - reobserving genuinely unowned metadata or memory still refuses assignment and preserves every original file
  ---
  duration_ms: 20.381541
  type: 'test'
  ...
# Subtest: agent setup preserves files, creates private identity/config and reopens without a model
ok 60 - agent setup preserves files, creates private identity/config and reopens without a model
  ---
  duration_ms: 108.326375
  type: 'test'
  ...
# Subtest: status and invalid initialization options do not create files
ok 61 - status and invalid initialization options do not create files
  ---
  duration_ms: 4.1245
  type: 'test'
  ...
# Subtest: separate directories get distinct IDs and moving a directory preserves its identity
ok 62 - separate directories get distinct IDs and moving a directory preserves its identity
  ---
  duration_ms: 147.711125
  type: 'test'
  ...
# Subtest: initialization can finish after a process stops between identity and config publication
ok 63 - initialization can finish after a process stops between identity and config publication
  ---
  duration_ms: 134.760583
  type: 'test'
  ...
# Subtest: missing identity uses explicit repair with the existing config; missing completed config is not reset
ok 64 - missing identity uses explicit repair with the existing config; missing completed config is not reset
  ---
  duration_ms: 104.006
  type: 'test'
  ...
# Subtest: completed layout repairs missing directories only with explicit repair and preserves existing state
ok 65 - completed layout repairs missing directories only with explicit repair and preserves existing state
  ---
  duration_ms: 116.775042
  type: 'test'
  ...
# Subtest: unknown data without identity is not assigned a new ID
ok 66 - unknown data without identity is not assigned a new ID
  ---
  duration_ms: 2.330625
  type: 'test'
  ...
# Subtest: config identity mismatch, unsupported versions and malformed documents are preserved
ok 67 - config identity mismatch, unsupported versions and malformed documents are preserved
  ---
  duration_ms: 91.305875
  type: 'test'
  ...
# Subtest: metadata symlinks and external hard links cannot be used for setup
ok 68 - metadata symlinks and external hard links cannot be used for setup
  ---
  duration_ms: 103.341083
  type: 'test'
  ...
# Subtest: managed directory links and writable/public metadata are rejected without changing permissions
ok 69 - managed directory links and writable/public metadata are rejected without changing permissions
  ---
  duration_ms: 89.709583
  type: 'test'
  ...
# Subtest: engine overlap and nested agent registration are rejected
ok 70 - engine overlap and nested agent registration are rejected
  ---
  duration_ms: 92.947333
  type: 'test'
  ...
# Subtest: CLI first call, status, version and invalid commands expose readiness without claiming runtime execution
ok 71 - CLI first call, status, version and invalid commands expose readiness without claiming runtime execution
  ---
  duration_ms: 410.618875
  type: 'test'
  ...
# Subtest: separate CLI processes initializing concurrently settle on exactly one identity
ok 72 - separate CLI processes initializing concurrently settle on exactly one identity
  ---
  duration_ms: 465.366208
  type: 'test'
  ...
# Subtest: setup mutations: a new private root syncs its unchanged 0755 parent before publishing ownership
ok 73 - setup mutations: a new private root syncs its unchanged 0755 parent before publishing ownership
  ---
  duration_ms: 170.68075
  type: 'test'
  ...
# Subtest: setup mutations: a failed new-root parent barrier reports creation uncertainty and a retry finishes the existing directory
ok 74 - setup mutations: a failed new-root parent barrier reports creation uncertainty and a retry finishes the existing directory
  ---
  duration_ms: 192.271125
  type: 'test'
  ...
# Subtest: setup mutations: write-failure before identity publication preserves the original I/O cause and resumes the same operation
ok 75 - setup mutations: write-failure before identity publication preserves the original I/O cause and resumes the same operation
  ---
  duration_ms: 192.941625
  type: 'test'
  ...
# Subtest: setup mutations: file-sync-failure before identity publication preserves the original I/O cause and resumes the same operation
ok 76 - setup mutations: file-sync-failure before identity publication preserves the original I/O cause and resumes the same operation
  ---
  duration_ms: 125.984833
  type: 'test'
  ...
# Subtest: setup mutations: link-after-failure reports published uncertainty with the original cause and can re-observe the same identity
ok 77 - setup mutations: link-after-failure reports published uncertainty with the original cause and can re-observe the same identity
  ---
  duration_ms: 167.21025
  type: 'test'
  ...
# Subtest: setup mutations: unlink-failure reports published uncertainty with the original cause and can re-observe the same identity
ok 78 - setup mutations: unlink-failure reports published uncertainty with the original cause and can re-observe the same identity
  ---
  duration_ms: 117.601209
  type: 'test'
  ...
# Subtest: setup mutations: directory-sync-failure reports published uncertainty with the original cause and can re-observe the same identity
ok 79 - setup mutations: directory-sync-failure reports published uncertainty with the original cause and can re-observe the same identity
  ---
  duration_ms: 246.633333
  type: 'test'
  ...
# Subtest: setup mutations: swap-parent after a candidate fsync rejects substitution without cleaning foreign names
ok 80 - setup mutations: swap-parent after a candidate fsync rejects substitution without cleaning foreign names
  ---
  duration_ms: 159.153083
  type: 'test'
  ...
# Subtest: setup mutations: swap-root after a candidate fsync rejects substitution without cleaning foreign names
ok 81 - setup mutations: swap-root after a candidate fsync rejects substitution without cleaning foreign names
  ---
  duration_ms: 89.197667
  type: 'test'
  ...
# Subtest: setup mutations: swap-metadata after a candidate fsync rejects substitution without cleaning foreign names
ok 82 - setup mutations: swap-metadata after a candidate fsync rejects substitution without cleaning foreign names
  ---
  duration_ms: 75.872625
  type: 'test'
  ...
# Subtest: setup mutations: the engine boundary rejects before any mutation scope can create a target
ok 83 - setup mutations: the engine boundary rejects before any mutation scope can create a target
  ---
  duration_ms: 42.291792
  type: 'test'
  ...
# Subtest: setup mutations: actual SIGKILL at kill-identity-synced preserves the published operation and resumes without reallocating identity
ok 84 - setup mutations: actual SIGKILL at kill-identity-synced preserves the published operation and resumes without reallocating identity
  ---
  duration_ms: 167.645416
  type: 'test'
  ...
# Subtest: setup mutations: actual SIGKILL at kill-config-linked preserves the published operation and resumes without reallocating identity
ok 85 - setup mutations: actual SIGKILL at kill-config-linked preserves the published operation and resumes without reallocating identity
  ---
  duration_ms: 142.550208
  type: 'test'
  ...
# Subtest: setup mutations: actual SIGKILL at kill-receipt-linked preserves the published operation and resumes without reallocating identity
ok 86 - setup mutations: actual SIGKILL at kill-receipt-linked preserves the published operation and resumes without reallocating identity
  ---
  duration_ms: 192.876625
  type: 'test'
  ...
# Subtest: sqlite initialization recovers after actual termination at before-profile
ok 87 - sqlite initialization recovers after actual termination at before-profile
  ---
  duration_ms: 263.532916
  type: 'test'
  ...
# Subtest: sqlite initialization recovers after actual termination at published-profile
ok 88 - sqlite initialization recovers after actual termination at published-profile
  ---
  duration_ms: 281.488791
  type: 'test'
  ...
# Subtest: file-journal initialization recovers after actual termination at before-profile
ok 89 - file-journal initialization recovers after actual termination at before-profile
  ---
  duration_ms: 290.742125
  type: 'test'
  ...
# Subtest: file-journal initialization recovers after actual termination at published-profile
ok 90 - file-journal initialization recovers after actual termination at published-profile
  ---
  duration_ms: 365.352375
  type: 'test'
  ...
# Subtest: assignment permits recovery of the empty runtime.sqlite left by actual termination
ok 91 - assignment permits recovery of the empty runtime.sqlite left by actual termination
  ---
  duration_ms: 292.438125
  type: 'test'
  ...
# Subtest: assignment permits recovery of the empty memory.sqlite left by actual termination
ok 92 - assignment permits recovery of the empty memory.sqlite left by actual termination
  ---
  duration_ms: 308.813167
  type: 'test'
  ...
# Subtest: assignment permits recovery of the empty channel.sqlite left by actual termination
ok 93 - assignment permits recovery of the empty channel.sqlite left by actual termination
  ---
  duration_ms: 315.703166
  type: 'test'
  ...
# Subtest: an empty preexisting state database without assignment is not adopted
ok 94 - an empty preexisting state database without assignment is not adopted
  ---
  duration_ms: 128.929458
  type: 'test'
  ...
# Subtest: an empty preexisting memory database without assignment is not adopted
ok 95 - an empty preexisting memory database without assignment is not adopted
  ---
  duration_ms: 110.237375
  type: 'test'
  ...
# Subtest: an empty preexisting channel database without assignment is not adopted
ok 96 - an empty preexisting channel database without assignment is not adopted
  ---
  duration_ms: 122.679375
  type: 'test'
  ...
# Subtest: a valid assignment cannot adopt a database with unknown application data
ok 97 - a valid assignment cannot adopt a database with unknown application data
  ---
  duration_ms: 266.157291
  type: 'test'
  ...
# Subtest: competing backend snapshots publish one choice and cannot create both stores
ok 98 - competing backend snapshots publish one choice and cannot create both stores
  ---
  duration_ms: 265.045875
  type: 'test'
  ...
# Subtest: two agent stores reuse existing adapters while separating identical work/memory IDs and preserving reopen
ok 99 - two agent stores reuse existing adapters while separating identical work/memory IDs and preserving reopen
  ---
  duration_ms: 410.65475
  type: 'test'
  ...
# Subtest: agent work files cannot traverse into engine or another agent and remain separate
ok 100 - agent work files cannot traverse into engine or another agent and remain separate
  ---
  duration_ms: 447.369125
  type: 'test'
  ...
# Subtest: copying another agents database is detected by its durable owner before runtime access
ok 101 - copying another agents database is detected by its durable owner before runtime access
  ---
  duration_ms: 344.078375
  type: 'test'
  ...
# Subtest: unowned existing databases are not silently adopted
ok 102 - unowned existing databases are not silently adopted
  ---
  duration_ms: 179.715833
  type: 'test'
  ...
# Subtest: symlink database and sidecar destinations cannot overwrite another file
ok 103 - symlink database and sidecar destinations cannot overwrite another file
  ---
  duration_ms: 243.399542
  type: 'test'
  ...
# Subtest: changing config after SQLite initialization cannot replace it with an empty journal
ok 104 - changing config after SQLite initialization cannot replace it with an empty journal
  ---
  duration_ms: 350.172042
  type: 'test'
  ...
# Subtest: document codec preserves body bytes and rejects malformed UTF-8, checksum, identity and schema changes
ok 105 - document codec preserves body bytes and rejects malformed UTF-8, checksum, identity and schema changes
  ---
  duration_ms: 5.465125
  type: 'test'
  ...
# Subtest: a deleted forgotten tail or whole namespace cannot resurrect prior active memory after reopening
ok 106 - a deleted forgotten tail or whole namespace cannot resurrect prior active memory after reopening
  ---
  duration_ms: 292.722791
  type: 'test'
  ...
# Subtest: document reads reject external links, unsafe permissions, unknown files and tampered witnesses without falling back
ok 107 - document reads reject external links, unsafe permissions, unknown files and tampered witnesses without falling back
  ---
  duration_ms: 392.430916
  type: 'test'
  ...
# Subtest: bounded namespace enumeration and file bytes fail explicitly rather than truncating history
ok 108 - bounded namespace enumeration and file bytes fail explicitly rather than truncating history
  ---
  duration_ms: 535.984958
  type: 'test'
  ...
# Subtest: actual SIGKILL at document candidate keeps only canonical publication and resumes witness through get
ok 109 - actual SIGKILL at document candidate keeps only canonical publication and resumes witness through get
  ---
  duration_ms: 134.985958
  type: 'test'
  ...
# Subtest: actual SIGKILL at document event keeps only canonical publication and resumes witness through get
ok 110 - actual SIGKILL at document event keeps only canonical publication and resumes witness through get
  ---
  duration_ms: 128.709958
  type: 'test'
  ...
# Subtest: post-publication sync EIO preserves original cause and publication state; receipt-first retry recovers
ok 111 - post-publication sync EIO preserves original cause and publication state; receipt-first retry recovers
  ---
  duration_ms: 137.989625
  type: 'test'
  ...
# Subtest: separate processes contend on one namespace with same memory IDs
ok 112 - separate processes contend on one namespace with same memory IDs
  ---
  duration_ms: 171.016125
  type: 'test'
  ...
# Subtest: separate processes contend on one namespace with different memory IDs
ok 113 - separate processes contend on one namespace with different memory IDs
  ---
  duration_ms: 194.832833
  type: 'test'
  ...
# Subtest: document storage requires explicit registration, preserves a 0755 supplied parent and pins copied owner binding
ok 114 - document storage requires explicit registration, preserves a 0755 supplied parent and pins copied owner binding
  ---
  duration_ms: 127.155167
  type: 'test'
  ...
# Subtest: Markdown record and receipt survive reopen, exact text, revision CAS, correction and forgetting without resurrection
ok 115 - Markdown record and receipt survive reopen, exact text, revision CAS, correction and forgetting without resurrection
  ---
  duration_ms: 290.0865
  type: 'test'
  ...
# Subtest: document namespaces isolate tenant, principal, refs, receipts and index error/rebuild state
ok 116 - document namespaces isolate tenant, principal, refs, receipts and index error/rebuild state
  ---
  duration_ms: 593.281292
  type: 'test'
  ...
# Subtest: document candidate ordering, maximum and private labels follow the existing personal repository contract
ok 117 - document candidate ordering, maximum and private labels follow the existing personal repository contract
  ---
  duration_ms: 153.495292
  type: 'test'
  ...
# Subtest: remember duplicate repairs an event-only suffix through receipt-first reads without another canonical commit
ok 118 - remember duplicate repairs an event-only suffix through receipt-first reads without another canonical commit
  ---
  duration_ms: 472.742958
  type: 'test'
  ...
# Subtest: forget duplicate repairs its event-only suffix through get-first reads and leaves the memory deleted
ok 119 - forget duplicate repairs its event-only suffix through get-first reads and leaves the memory deleted
  ---
  duration_ms: 442.565041
  type: 'test'
  ...
# Subtest: C01 resumes an assigned owner-pending-only registration using a new owner publication and preserves the prior candidate
ok 120 - C01 resumes an assigned owner-pending-only registration using a new owner publication and preserves the prior candidate
  ---
  duration_ms: 288.989292
  type: 'test'
  ...
# Subtest: C01 refuses partial pending-only registration and preserves its unconfirmed bytes
ok 121 - C01 refuses partial pending-only registration and preserves its unconfirmed bytes
  ---
  duration_ms: 145.731959
  type: 'test'
  ...
# Subtest: C01 refuses foreign-owner pending-only registration and preserves its unconfirmed bytes
ok 122 - C01 refuses foreign-owner pending-only registration and preserves its unconfirmed bytes
  ---
  duration_ms: 163.560958
  type: 'test'
  ...
# Subtest: registration re-enumerates a disappeared owned pending file without rewriting owner or format
ok 123 - registration re-enumerates a disappeared owned pending file without rewriting owner or format
  ---
  duration_ms: 227.447417
  type: 'test'
  ...
# Subtest: CLI init explicitly selects documents, preserves ready choices and truthfully advertises schema support
ok 124 - CLI init explicitly selects documents, preserves ready choices and truthfully advertises schema support
  ---
  duration_ms: 1308.354542
  type: 'test'
  ...
# Subtest: sqlite: existing Web memory lifecycle uses documents while real Evidence memory stays in SQLite
ok 125 - sqlite: existing Web memory lifecycle uses documents while real Evidence memory stays in SQLite
  ---
  duration_ms: 2131.45075
  type: 'test'
  ...
# Subtest: file-journal: existing Web memory lifecycle uses documents while real Evidence memory stays in SQLite
ok 126 - file-journal: existing Web memory lifecycle uses documents while real Evidence memory stays in SQLite
  ---
  duration_ms: 2333.216458
  type: 'test'
  ...
# Subtest: built CLI entrypoint document-backed memory survives separate processes and uses the existing explicit recall commands
ok 127 - built CLI entrypoint document-backed memory survives separate processes and uses the existing explicit recall commands
  ---
  duration_ms: 3579.794584
  type: 'test'
  ...
# Subtest: ordinary and explicit SQLite setup retain the exact v1 configuration and initialize operation shapes
ok 128 - ordinary and explicit SQLite setup retain the exact v1 configuration and initialize operation shapes
  ---
  duration_ms: 114.119
  type: 'test'
  ...
# Subtest: documents setup persists a distinct v2 choice while retaining the existing SQLite work-memory path
ok 129 - documents setup persists a distinct v2 choice while retaining the existing SQLite work-memory path
  ---
  duration_ms: 118.542083
  type: 'test'
  ...
# Subtest: operation-only: a saved document setup resumes with the same store and agent when the option is omitted
ok 130 - operation-only: a saved document setup resumes with the same store and agent when the option is omitted
  ---
  duration_ms: 117.683709
  type: 'test'
  ...
# Subtest: identity-published: a saved document setup resumes with the same store and agent when the option is omitted
ok 131 - identity-published: a saved document setup resumes with the same store and agent when the option is omitted
  ---
  duration_ms: 90.598875
  type: 'test'
  ...
# Subtest: ready and incomplete profiles reject an explicit backend switch without replacing their saved choice
ok 132 - ready and incomplete profiles reject an explicit backend switch without replacing their saved choice
  ---
  duration_ms: 283.985542
  type: 'test'
  ...
# Subtest: explicit missing-identity repair preserves document assignment and does not restore a missing completed config by default
ok 133 - explicit missing-identity repair preserves document assignment and does not restore a missing completed config by default
  ---
  duration_ms: 85.207916
  type: 'test'
  ...
# Subtest: documents inspection rejects store-id without repairing the conflicting original
ok 134 - documents inspection rejects store-id without repairing the conflicting original
  ---
  duration_ms: 57.816875
  type: 'test'
  ...
# Subtest: documents inspection rejects downgrade-config without repairing the conflicting original
ok 135 - documents inspection rejects downgrade-config without repairing the conflicting original
  ---
  duration_ms: 63.79325
  type: 'test'
  ...
# Subtest: documents inspection rejects downgrade-operation without repairing the conflicting original
ok 136 - documents inspection rejects downgrade-operation without repairing the conflicting original
  ---
  duration_ms: 65.581
  type: 'test'
  ...
# Subtest: documents inspection rejects missing-operation without repairing the conflicting original
ok 137 - documents inspection rejects missing-operation without repairing the conflicting original
  ---
  duration_ms: 62.752958
  type: 'test'
  ...
# Subtest: a v1 setup cannot acquire a document store by editing only config, and malformed or unknown versions are rejected
ok 138 - a v1 setup cannot acquire a document store by editing only config, and malformed or unknown versions are rejected
  ---
  duration_ms: 63.748583
  type: 'test'
  ...
# Subtest: the personal assignment fence preserves the existing independent state-backend selection
ok 139 - the personal assignment fence preserves the existing independent state-backend selection
  ---
  duration_ms: 68.535542
  type: 'test'
  ...
# Subtest: document clone gives the new agent a new store and copies skills without any original memories
ok 140 - document clone gives the new agent a new store and copies skills without any original memories
  ---
  duration_ms: 168.315458
  type: 'test'
  ...
# Subtest: an incomplete document clone resumes the same recorded target store and identity
ok 141 - an incomplete document clone resumes the same recorded target store and identity
  ---
  duration_ms: 190.583541
  type: 'test'
  ...
# Subtest: an incomplete document clone still refuses changed source config
ok 142 - an incomplete document clone still refuses changed source config
  ---
  duration_ms: 137.204041
  type: 'test'
  ...
# Subtest: an incomplete document clone still refuses changed source skills
ok 143 - an incomplete document clone still refuses changed source skills
  ---
  duration_ms: 137.359542
  type: 'test'
  ...
# Subtest: sqlite: Web draft explicit apply preserves source and receipt across stale work view, forget and reopen
ok 144 - sqlite: Web draft explicit apply preserves source and receipt across stale work view, forget and reopen
  ---
  duration_ms: 3606.142125
  type: 'test'
  ...
# Subtest: file-journal: Web draft explicit apply preserves source and receipt across stale work view, forget and reopen
ok 145 - file-journal: Web draft explicit apply preserves source and receipt across stale work view, forget and reopen
  ---
  duration_ms: 4559.193875
  type: 'test'
  ...
# Subtest: Web resumes a prepared apply ID after input failure using saved content, not later editor bytes
ok 146 - Web resumes a prepared apply ID after input failure using saved content, not later editor bytes
  ---
  duration_ms: 819.522875
  type: 'test'
  ...
# Subtest: Web unchanged draft records its status without a new user message or memory revision
ok 147 - Web unchanged draft records its status without a new user message or memory revision
  ---
  duration_ms: 578.024625
  type: 'test'
  ...
# Subtest: Web draft apply, status and resume reject another selected session and read-only mutations
ok 148 - Web draft apply, status and resume reject another selected session and read-only mutations
  ---
  duration_ms: 629.988542
  type: 'test'
  ...
# Subtest: Web draft transport rejects arbitrary paths and identities before accessing draft files
ok 149 - Web draft transport rejects arbitrary paths and identities before accessing draft files
  ---
  duration_ms: 311.208375
  type: 'test'
  ...
# Subtest: default SQLite profile advertises no document drafts and refuses draft creation
ok 150 - default SQLite profile advertises no document drafts and refuses draft creation
  ---
  duration_ms: 131.51675
  type: 'test'
  ...
# Subtest: draft completion text describes its recorded revision without claiming it is the current active memory
ok 151 - draft completion text describes its recorded revision without claiming it is the current active memory
  ---
  duration_ms: 0.142791
  type: 'test'
  ...
# Subtest: sqlite: installed CLI continues X → process restart → Y with exact raw input and owned stores
ok 152 - sqlite: installed CLI continues X → process restart → Y with exact raw input and owned stores
  ---
  duration_ms: 1220.899958
  type: 'test'
  ...
# Subtest: file-journal: installed CLI continues X → process restart → Y with exact raw input and owned stores
ok 153 - file-journal: installed CLI continues X → process restart → Y with exact raw input and owned stores
  ---
  duration_ms: 1445.95675
  type: 'test'
  ...
# Subtest: installed CLI input is durable once, new sessions are explicit, and foreign agent sessions remain unavailable
ok 154 - installed CLI input is durable once, new sessions are explicit, and foreign agent sessions remain unavailable
  ---
  duration_ms: 2278.653042
  type: 'test'
  ...
# Subtest: sqlite: Web auth reconnect preserves one durable conversation and common atomic question intake
ok 155 - sqlite: Web auth reconnect preserves one durable conversation and common atomic question intake
  ---
  duration_ms: 536.942208
  type: 'test'
  ...
# Subtest: file-journal: Web auth reconnect preserves one durable conversation and common atomic question intake
ok 156 - file-journal: Web auth reconnect preserves one durable conversation and common atomic question intake
  ---
  duration_ms: 2283.563542
  type: 'test'
  ...
# Subtest: personal memory reuses applied original and survives restart without copying conversation (sqlite)
ok 157 - personal memory reuses applied original and survives restart without copying conversation (sqlite)
  ---
  duration_ms: 214.919
  type: 'test'
  ...
# Subtest: personal memory reuses applied original and survives restart without copying conversation (file-journal)
ok 158 - personal memory reuses applied original and survives restart without copying conversation (file-journal)
  ---
  duration_ms: 365.946458
  type: 'test'
  ...
# Subtest: personal correction uses a new applied original and invalidates the old dependency
ok 159 - personal correction uses a new applied original and invalidates the old dependency
  ---
  duration_ms: 188.71325
  type: 'test'
  ...
# Subtest: forget removes active body and quote, preserves originals and never revives an old create
ok 160 - forget removes active body and quote, preserves originals and never revives an old create
  ---
  duration_ms: 244.549292
  type: 'test'
  ...
# Subtest: personal source never becomes shareable Evidence or a derived work-knowledge fact
ok 161 - personal source never becomes shareable Evidence or a derived work-knowledge fact
  ---
  duration_ms: 252.302334
  type: 'test'
  ...
# Subtest: current user-source labels prevents cached read and dependency reuse
ok 162 - current user-source labels prevents cached read and dependency reuse
  ---
  duration_ms: 238.058417
  type: 'test'
  ...
# Subtest: current user-source scope prevents cached read and dependency reuse
ok 163 - current user-source scope prevents cached read and dependency reuse
  ---
  duration_ms: 237.730875
  type: 'test'
  ...
# Subtest: current user-source destination prevents cached read and dependency reuse
ok 164 - current user-source destination prevents cached read and dependency reuse
  ---
  duration_ms: 240.205667
  type: 'test'
  ...
# Subtest: current user-source principal prevents cached read and dependency reuse
ok 165 - current user-source principal prevents cached read and dependency reuse
  ---
  duration_ms: 255.219708
  type: 'test'
  ...
# Subtest: current user-source tenant prevents cached read and dependency reuse
ok 166 - current user-source tenant prevents cached read and dependency reuse
  ---
  duration_ms: 231.263083
  type: 'test'
  ...
# Subtest: current user-source generation prevents cached read and dependency reuse
ok 167 - current user-source generation prevents cached read and dependency reuse
  ---
  duration_ms: 233.844959
  type: 'test'
  ...
# Subtest: host caller restrictions reach the actual reader and do not prevent authorized forgetting
ok 168 - host caller restrictions reach the actual reader and do not prevent authorized forgetting
  ---
  duration_ms: 267.479625
  type: 'test'
  ...
# Subtest: reviewer grants cannot expose another user personal record or command receipt
ok 169 - reviewer grants cannot expose another user personal record or command receipt
  ---
  duration_ms: 224.685166
  type: 'test'
  ...
# Subtest: personal original history boundary is checked against actual stored intake
ok 170 - personal original history boundary is checked against actual stored intake
  ---
  duration_ms: 130.654583
  type: 'test'
  ...
# Subtest: personal original receipt-digest boundary is checked against actual stored intake
ok 171 - personal original receipt-digest boundary is checked against actual stored intake
  ---
  duration_ms: 215.190292
  type: 'test'
  ...
# Subtest: personal original pending boundary is checked against actual stored intake
ok 172 - personal original pending boundary is checked against actual stored intake
  ---
  duration_ms: 131.029334
  type: 'test'
  ...
# Subtest: personal original rejected boundary is checked against actual stored intake
ok 173 - personal original rejected boundary is checked against actual stored intake
  ---
  duration_ms: 160.265625
  type: 'test'
  ...
# Subtest: personal original missing boundary is checked against actual stored intake
ok 174 - personal original missing boundary is checked against actual stored intake
  ---
  duration_ms: 189.684209
  type: 'test'
  ...
# Subtest: fabricated or assistant text cannot be an explicit user-memory source
ok 175 - fabricated or assistant text cannot be an explicit user-memory source
  ---
  duration_ms: 203.091416
  type: 'test'
  ...
# Subtest: commit response loss resumes from scoped receipt with one personal revision
ok 176 - commit response loss resumes from scoped receipt with one personal revision
  ---
  duration_ms: 144.183916
  type: 'test'
  ...
# Subtest: user-source inspection does not inherit unrelated model inputs or form a work-memory cycle
ok 177 - user-source inspection does not inherit unrelated model inputs or form a work-memory cycle
  ---
  duration_ms: 125.422958
  type: 'test'
  ...
# Subtest: recorded derived-copy quarantine does not revoke the new user correction it will consume
ok 178 - recorded derived-copy quarantine does not revoke the new user correction it will consume
  ---
  duration_ms: 133.866
  type: 'test'
  ...
# Subtest: sqlite: actual memory tools recall personal cards across work scopes without accepting caller ownership
ok 179 - sqlite: actual memory tools recall personal cards across work scopes without accepting caller ownership
  ---
  duration_ms: 159.866
  type: 'test'
  ...
# Subtest: documents: actual memory tools recall personal cards across work scopes without accepting caller ownership
ok 180 - documents: actual memory tools recall personal cards across work scopes without accepting caller ownership
  ---
  duration_ms: 706.133084
  type: 'test'
  ...
# Subtest: sqlite/sqlite: explicit personal recall reaches the real packet, frame and reopened resume without copying the old session
ok 181 - sqlite/sqlite: explicit personal recall reaches the real packet, frame and reopened resume without copying the old session
  ---
  duration_ms: 587.021
  type: 'test'
  ...
# Subtest: sqlite/documents: explicit personal recall reaches the real packet, frame and reopened resume without copying the old session
ok 182 - sqlite/documents: explicit personal recall reaches the real packet, frame and reopened resume without copying the old session
  ---
  duration_ms: 2565.511542
  type: 'test'
  ...
# Subtest: file-journal/sqlite: explicit personal recall reaches the real packet, frame and reopened resume without copying the old session
ok 183 - file-journal/sqlite: explicit personal recall reaches the real packet, frame and reopened resume without copying the old session
  ---
  duration_ms: 690.237416
  type: 'test'
  ...
# Subtest: file-journal/documents: explicit personal recall reaches the real packet, frame and reopened resume without copying the old session
ok 184 - file-journal/documents: explicit personal recall reaches the real packet, frame and reopened resume without copying the old session
  ---
  duration_ms: 2984.031583
  type: 'test'
  ...
# Subtest: omitted, forged or unavailable personal context cannot stage or validate a selected work frame
ok 185 - omitted, forged or unavailable personal context cannot stage or validate a selected work frame
  ---
  duration_ms: 295.745708
  type: 'test'
  ...
# Subtest: selection is idempotent and refuses a same-goal newer input, foreign owner, and a cancelled work
ok 186 - selection is idempotent and refuses a same-goal newer input, foreign owner, and a cancelled work
  ---
  duration_ms: 190.899375
  type: 'test'
  ...
# Subtest: sqlite: forgetting during a real delayed synthetic model call rejects the reply while preserving reported usage
ok 187 - sqlite: forgetting during a real delayed synthetic model call rejects the reply while preserving reported usage
  ---
  duration_ms: 330.204791
  type: 'test'
  ...
# Subtest: documents: forgetting during a real delayed synthetic model call rejects the reply while preserving reported usage
ok 188 - documents: forgetting during a real delayed synthetic model call rejects the reply while preserving reported usage
  ---
  duration_ms: 2032.98325
  type: 'test'
  ...
# Subtest: a changed revision invalidates an existing frame and the replacement needs a fresh explicit selection
ok 189 - a changed revision invalidates an existing frame and the replacement needs a fresh explicit selection
  ---
  duration_ms: 410.545417
  type: 'test'
  ...
# Subtest: clear preserves a pre-existing work-memory quarantine review and its completion gate
ok 190 - clear preserves a pre-existing work-memory quarantine review and its completion gate
  ---
  duration_ms: 128.135625
  type: 'test'
  ...
# Subtest: recall preserves a pre-existing work-memory quarantine review and its completion gate
ok 191 - recall preserves a pre-existing work-memory quarantine review and its completion gate
  ---
  duration_ms: 243.9235
  type: 'test'
  ...
# Subtest: replacing a selection waives only its newly created quarantine review
ok 192 - replacing a selection waives only its newly created quarantine review
  ---
  duration_ms: 183.050542
  type: 'test'
  ...
# Subtest: built CLI exports, applies and resumes one edited document with stable request identity
ok 193 - built CLI exports, applies and resumes one edited document with stable request identity
  ---
  duration_ms: 1772.526083
  type: 'test'
  ...
# Subtest: draft flow sqlite: editor rename applies one source and revision, invalidates selected memory and survives reopen
ok 194 - draft flow sqlite: editor rename applies one source and revision, invalidates selected memory and survives reopen
  ---
  duration_ms: 2427.431125
  type: 'test'
  ...
# Subtest: draft flow file-journal: editor rename applies one source and revision, invalidates selected memory and survives reopen
ok 195 - draft flow file-journal: editor rename applies one source and revision, invalidates selected memory and survives reopen
  ---
  duration_ms: 2979.273875
  type: 'test'
  ...
# Subtest: draft no-change and read-only status create no new raw input or memory revision
ok 196 - draft no-change and read-only status create no new raw input or memory revision
  ---
  duration_ms: 687.441916
  type: 'test'
  ...
# Subtest: draft past result remains revision two after a later revision and forget; resume ignores edited or missing draft
ok 197 - draft past result remains revision two after a later revision and forget; resume ignores edited or missing draft
  ---
  duration_ms: 1028.212417
  type: 'test'
  ...
# Subtest: draft stale target, read-only actor and other owner are refused before a source input is created
ok 198 - draft stale target, read-only actor and other owner are refused before a source input is created
  ---
  duration_ms: 528.76875
  type: 'test'
  ...
# Subtest: draft source applied before a competing memory revision remains an explicit partial result
ok 199 - draft source applied before a competing memory revision remains an explicit partial result
  ---
  duration_ms: 814.991291
  type: 'test'
  ...
# Subtest: a stale absent-operation observation joins the exact apply completed by another profile
ok 200 - a stale absent-operation observation joins the exact apply completed by another profile
  ---
  duration_ms: 737.500541
  type: 'test'
  ...
# Subtest: real source snapshot contention at preflight converges on the same apply receipt
ok 201 - real source snapshot contention at preflight converges on the same apply receipt
  ---
  duration_ms: 787.728625
  type: 'test'
  ...
# Subtest: real source snapshot contention at after-intent converges on the same apply receipt
ok 202 - real source snapshot contention at after-intent converges on the same apply receipt
  ---
  duration_ms: 764.956625
  type: 'test'
  ...
# Subtest: contention reported after the real memory commit rechecks the original receipt without another revision
ok 203 - contention reported after the real memory commit rechecks the original receipt without another revision
  ---
  duration_ms: 593.726834
  type: 'test'
  ...
# Subtest: persistent knowledge contention is bounded and does not publish source input
ok 204 - persistent knowledge contention is bounded and does not publish source input
  ---
  duration_ms: 376.093833
  type: 'test'
  ...
# Subtest: draft SIGKILL sqlite/intent: resume uses fixed intent and the same source and memory receipts
ok 205 - draft SIGKILL sqlite/intent: resume uses fixed intent and the same source and memory receipts
  ---
  duration_ms: 1104.857
  type: 'test'
  ...
# Subtest: draft SIGKILL sqlite/source: resume uses fixed intent and the same source and memory receipts
ok 206 - draft SIGKILL sqlite/source: resume uses fixed intent and the same source and memory receipts
  ---
  duration_ms: 1130.15875
  type: 'test'
  ...
# Subtest: draft SIGKILL sqlite/memory: resume uses fixed intent and the same source and memory receipts
ok 207 - draft SIGKILL sqlite/memory: resume uses fixed intent and the same source and memory receipts
  ---
  duration_ms: 1006.381333
  type: 'test'
  ...
# Subtest: draft SIGKILL file-journal/intent: resume uses fixed intent and the same source and memory receipts
ok 208 - draft SIGKILL file-journal/intent: resume uses fixed intent and the same source and memory receipts
  ---
  duration_ms: 1129.644375
  type: 'test'
  ...
# Subtest: draft SIGKILL file-journal/source: resume uses fixed intent and the same source and memory receipts
ok 209 - draft SIGKILL file-journal/source: resume uses fixed intent and the same source and memory receipts
  ---
  duration_ms: 1167.896584
  type: 'test'
  ...
# Subtest: draft SIGKILL file-journal/memory: resume uses fixed intent and the same source and memory receipts
ok 210 - draft SIGKILL file-journal/memory: resume uses fixed intent and the same source and memory receipts
  ---
  duration_ms: 1790.57175
  type: 'test'
  ...
# Subtest: two actual processes applying the same draft converge on one source and one revision
ok 211 - two actual processes applying the same draft converge on one source and one revision
  ---
  duration_ms: 1047.158042
  type: 'test'
  ...
# Subtest: draft export preserves an editable rename, exact body and immutable origin on duplicate create
ok 212 - draft export preserves an editable rename, exact body and immutable origin on duplicate create
  ---
  duration_ms: 83.5415
  type: 'test'
  ...
# Subtest: intent binding is immutable, owner scoped and resumes without the editable file
ok 213 - intent binding is immutable, owner scoped and resumes without the editable file
  ---
  duration_ms: 106.526542
  type: 'test'
  ...
# Subtest: draft parsing supports CRLF front matter but rejects nontext metadata, invalid UTF-8 and invalid content
ok 214 - draft parsing supports CRLF front matter but rejects nontext metadata, invalid UTF-8 and invalid content
  ---
  duration_ms: 72.224167
  type: 'test'
  ...
# Subtest: draft paths reject symlinks, external hardlinks and permissive editor saves without chmod or fallback
ok 215 - draft paths reject symlinks, external hardlinks and permissive editor saves without chmod or fallback
  ---
  duration_ms: 231.843292
  type: 'test'
  ...
# Subtest: draft namespace and individual byte limits reject explicitly before another export is published
ok 216 - draft namespace and individual byte limits reject explicitly before another export is published
  ---
  duration_ms: 1929.350208
  type: 'test'
  ...
# Subtest: a pending unlink during an observed draft read is re-enumerated without losing immutable bytes
ok 217 - a pending unlink during an observed draft read is re-enumerated without losing immutable bytes
  ---
  duration_ms: 87.845333
  type: 'test'
  ...
# Subtest: actual SIGKILL at draft candidate resumes one intent without needing the editable file
ok 218 - actual SIGKILL at draft candidate resumes one intent without needing the editable file
  ---
  duration_ms: 125.88775
  type: 'test'
  ...
# Subtest: actual SIGKILL at draft intent resumes one intent without needing the editable file
ok 219 - actual SIGKILL at draft intent resumes one intent without needing the editable file
  ---
  duration_ms: 143.204833
  type: 'test'
  ...
# Subtest: draft intent sync EIO preserves its original cause and published status before read-side retry
ok 220 - draft intent sync EIO preserves its original cause and published status before read-side retry
  ---
  duration_ms: 144.400542
  type: 'test'
  ...
# Subtest: two processes bind one apply ID once and reject different immutable intent bytes
ok 221 - two processes bind one apply ID once and reject different immutable intent bytes
  ---
  duration_ms: 146.979458
  type: 'test'
  ...
# Subtest: sqlite: Web personal memory crosses a completed work and restart, with explicit current-version recall and forget
ok 222 - sqlite: Web personal memory crosses a completed work and restart, with explicit current-version recall and forget
  ---
  duration_ms: 885.496708
  type: 'test'
  ...
# Subtest: file-journal: Web personal memory crosses a completed work and restart, with explicit current-version recall and forget
ok 223 - file-journal: Web personal memory crosses a completed work and restart, with explicit current-version recall and forget
  ---
  duration_ms: 3815.931834
  type: 'test'
  ...
# Subtest: installed CLI records a real source and uses explicit memory revision, then clears and forgets after restart
ok 224 - installed CLI records a real source and uses explicit memory revision, then clears and forgets after restart
  ---
  duration_ms: 3910.445458
  type: 'test'
  ...
# Subtest: new-input remember retries reuse the applied user message after a memory failure and after response loss
ok 225 - new-input remember retries reuse the applied user message after a memory failure and after response loss
  ---
  duration_ms: 330.353208
  type: 'test'
  ...
# Subtest: surface authority rejects other users, labels, destinations and session work selection while same-owner memory remains cross-session
ok 226 - surface authority rejects other users, labels, destinations and session work selection while same-owner memory remains cross-session
  ---
  duration_ms: 539.742334
  type: 'test'
  ...
# Subtest: Web memory mutations preserve CSRF and strict owner-free schemas, reject stale work input and do not append operation notices
ok 227 - Web memory mutations preserve CSRF and strict owner-free schemas, reject stale work input and do not append operation notices
  ---
  duration_ms: 308.3585
  type: 'test'
  ...
# Subtest: legacy synthetic directory exposes no personal-memory service and does not reinterpret old knowledge
ok 228 - legacy synthetic directory exposes no personal-memory service and does not reinterpret old knowledge
  ---
  duration_ms: 161.733583
  type: 'test'
  ...
# Subtest: memory source controls reject assistant text, invented quotes and unbound new input without creating memory
ok 229 - memory source controls reject assistant text, invented quotes and unbound new input without creating memory
  ---
  duration_ms: 201.4615
  type: 'test'
  ...
# Subtest: sqlite: a correction receipt reports its original revision after later correction and forgetting
ok 230 - sqlite: a correction receipt reports its original revision after later correction and forgetting
  ---
  duration_ms: 246.003792
  type: 'test'
  ...
# Subtest: documents: a correction receipt reports its original revision after later correction and forgetting
ok 231 - documents: a correction receipt reports its original revision after later correction and forgetting
  ---
  duration_ms: 667.677625
  type: 'test'
  ...
# Subtest: revision status checks the entire original command and returns no source or body fields
ok 232 - revision status checks the entire original command and returns no source or body fields
  ---
  duration_ms: 247.097375
  type: 'test'
  ...
# Subtest: duplicate correction joins an original commit that finishes after its initial record read
ok 233 - duplicate correction joins an original commit that finishes after its initial record read
  ---
  duration_ms: 231.747042
  type: 'test'
  ...
# Subtest: revision status hides current metadata after label narrowing and rejects namespace or host-owner loss
ok 234 - revision status hides current metadata after label narrowing and rejects namespace or host-owner loss
  ---
  duration_ms: 234.280458
  type: 'test'
  ...
# Subtest: revision status rechecks authority after storage and rejects a forged receipt revision or owner
ok 235 - revision status rechecks authority after storage and rejects a forged receipt revision or owner
  ---
  duration_ms: 278.550666
  type: 'test'
  ...
# Subtest: document event-only correction recovers its witness through status without another source intake or commit
ok 236 - document event-only correction recovers its witness through status without another source intake or commit
  ---
  duration_ms: 602.410375
  type: 'test'
  ...
# Subtest: session context: Y receives prior utterances with source IDs while its work state and protected input remain independent
ok 237 - session context: Y receives prior utterances with source IDs while its work state and protected input remain independent
  ---
  duration_ms: 24.867375
  type: 'test'
  ...
# Subtest: session context: omitted, rewritten and foreign session packets are rejected even with an unchanged work revision
ok 238 - session context: omitted, rewritten and foreign session packets are rejected even with an unchanged work revision
  ---
  duration_ms: 7.614458
  type: 'test'
  ...
# Subtest: session context: oversized protected history refuses the model input instead of silently discarding prior agreements
ok 239 - session context: oversized protected history refuses the model input instead of silently discarding prior agreements
  ---
  duration_ms: 4.171
  type: 'test'
  ...
# Subtest: session frame store: stage rejects altered text and previous refuses foreign or stale session bases
ok 240 - session frame store: stage rejects altered text and previous refuses foreign or stale session bases
  ---
  duration_ms: 9.661625
  type: 'test'
  ...
# Subtest: session planning: semantic version 3 reaches the actual planner and a newer unrelated session tail does not invalidate its fixed input
ok 241 - session planning: semantic version 3 reaches the actual planner and a newer unrelated session tail does not invalidate its fixed input
  ---
  duration_ms: 11.88625
  type: 'test'
  ...
# Subtest: session planning: an applied input invalidates a reserved call without copying or invoking its obsolete packet
ok 242 - session planning: an applied input invalidates a reserved call without copying or invoking its obsolete packet
  ---
  duration_ms: 5.113625
  type: 'test'
  ...
# Subtest: session planning: input applied during a model call rejects the late plan but retains reported usage
ok 243 - session planning: input applied during a model call rejects the late plan but retains reported usage
  ---
  duration_ms: 6.757833
  type: 'test'
  ...
# Subtest: session planning: losing access to the referenced conversation after execution prevents plan adoption
ok 244 - session planning: losing access to the referenced conversation after execution prevents plan adoption
  ---
  duration_ms: 5.751792
  type: 'test'
  ...
# Subtest: session planning: legacy non-session calls retain semantic version 2 and need no session provider
ok 245 - session planning: legacy non-session calls retain semantic version 2 and need no session provider
  ---
  duration_ms: 5.021417
  type: 'test'
  ...
# Subtest: session recovery: reconstruction retains source conversation, reuses an equal packet and refuses unavailable session inputs
ok 246 - session recovery: reconstruction retains source conversation, reuses an equal packet and refuses unavailable session inputs
  ---
  duration_ms: 5.2335
  type: 'test'
  ...
# Subtest: sqlite: actual session input cancels an unsent model reservation and returns its allocation
ok 247 - sqlite: actual session input cancels an unsent model reservation and returns its allocation
  ---
  duration_ms: 310.943
  type: 'test'
  ...
# Subtest: sqlite: real session input during a model call rejects the late proposal and preserves usage
ok 248 - sqlite: real session input during a model call rejects the late proposal and preserves usage
  ---
  duration_ms: 295.8595
  type: 'test'
  ...
# Subtest: sqlite: real session cancel during a model call rejects the late proposal and preserves usage
ok 249 - sqlite: real session cancel during a model call rejects the late proposal and preserves usage
  ---
  duration_ms: 285.397667
  type: 'test'
  ...
# Subtest: sqlite: durable raw input left pending prevents tool execution and outbox sends until the same input is recovered
ok 250 - sqlite: durable raw input left pending prevents tool execution and outbox sends until the same input is recovered
  ---
  duration_ms: 228.801042
  type: 'test'
  ...
# Subtest: file-journal: actual session input cancels an unsent model reservation and returns its allocation
ok 251 - file-journal: actual session input cancels an unsent model reservation and returns its allocation
  ---
  duration_ms: 310.540584
  type: 'test'
  ...
# Subtest: file-journal: real session input during a model call rejects the late proposal and preserves usage
ok 252 - file-journal: real session input during a model call rejects the late proposal and preserves usage
  ---
  duration_ms: 512.096875
  type: 'test'
  ...
# Subtest: file-journal: real session cancel during a model call rejects the late proposal and preserves usage
ok 253 - file-journal: real session cancel during a model call rejects the late proposal and preserves usage
  ---
  duration_ms: 431.985708
  type: 'test'
  ...
# Subtest: file-journal: durable raw input left pending prevents tool execution and outbox sends until the same input is recovered
ok 254 - file-journal: durable raw input left pending prevents tool execution and outbox sends until the same input is recovered
  ---
  duration_ms: 281.15275
  type: 'test'
  ...
# Subtest: real session provider rejects a full pending page even when the blocked work appears only after that page
ok 255 - real session provider rejects a full pending page even when the blocked work appears only after that page
  ---
  duration_ms: 191.246125
  type: 'test'
  ...
# Subtest: real session history does not authorize a missing source artifact merely because a derived context remains readable
ok 256 - real session history does not authorize a missing source artifact merely because a derived context remains readable
  ---
  duration_ms: 314.776084
  type: 'test'
  ...
# Subtest: sqlite: real SIGKILL after inbox resumes the same input/work/delivery
ok 257 - sqlite: real SIGKILL after inbox resumes the same input/work/delivery
  ---
  duration_ms: 291.104916
  type: 'test'
  ...
# Subtest: sqlite: real SIGKILL after work resumes the same input/work/delivery
ok 258 - sqlite: real SIGKILL after work resumes the same input/work/delivery
  ---
  duration_ms: 300.118833
  type: 'test'
  ...
# Subtest: sqlite: real SIGKILL after delivery resumes the same input/work/delivery
ok 259 - sqlite: real SIGKILL after delivery resumes the same input/work/delivery
  ---
  duration_ms: 280.528708
  type: 'test'
  ...
# Subtest: file-journal: real SIGKILL after inbox resumes the same input/work/delivery
ok 260 - file-journal: real SIGKILL after inbox resumes the same input/work/delivery
  ---
  duration_ms: 348.625
  type: 'test'
  ...
# Subtest: file-journal: real SIGKILL after work resumes the same input/work/delivery
ok 261 - file-journal: real SIGKILL after work resumes the same input/work/delivery
  ---
  duration_ms: 349.191791
  type: 'test'
  ...
# Subtest: file-journal: real SIGKILL after delivery resumes the same input/work/delivery
ok 262 - file-journal: real SIGKILL after delivery resumes the same input/work/delivery
  ---
  duration_ms: 349.022084
  type: 'test'
  ...
# Subtest: sqlite: completed X and restarted Y share raw conversation but not work/evidence/budget
ok 263 - sqlite: completed X and restarted Y share raw conversation but not work/evidence/budget
  ---
  duration_ms: 352.286375
  type: 'test'
  ...
# Subtest: file-journal: completed X and restarted Y share raw conversation but not work/evidence/budget
ok 264 - file-journal: completed X and restarted Y share raw conversation but not work/evidence/budget
  ---
  duration_ms: 1551.373125
  type: 'test'
  ...
# Subtest: same message retransmission recovers stable work; conflicting raw text is rejected before extra work
ok 265 - same message retransmission recovers stable work; conflicting raw text is rejected before extra work
  ---
  duration_ms: 165.808208
  type: 'test'
  ...
# Subtest: input/work linkage recovers after a failure following the durable work commit
ok 266 - input/work linkage recovers after a failure following the durable work commit
  ---
  duration_ms: 193.300125
  type: 'test'
  ...
# Subtest: agents/users/new sessions cannot access or inject another session even with a known session ID
ok 267 - agents/users/new sessions cannot access or inject another session even with a known session ID
  ---
  duration_ms: 365.193625
  type: 'test'
  ...
# Subtest: new applied text invalidates old context and requires review; a rejected command does not block the next input
ok 268 - new applied text invalidates old context and requires review; a rejected command does not block the next input
  ---
  duration_ms: 229.988667
  type: 'test'
  ...
# Subtest: Y can prepare before X without trapping X or regressing the active session head
ok 269 - Y can prepare before X without trapping X or regressing the active session head
  ---
  duration_ms: 239.277334
  type: 'test'
  ...
# Subtest: context capacity is explicit and preserves the received original for later compact
ok 270 - context capacity is explicit and preserves the received original for later compact
  ---
  duration_ms: 240.146542
  type: 'test'
  ...
# Subtest: sqlite: inputOnly resumes the same original once and still acknowledges it after completed work
ok 271 - sqlite: inputOnly resumes the same original once and still acknowledges it after completed work
  ---
  duration_ms: 542.211542
  type: 'test'
  ...
# Subtest: sqlite: inputOnly leaves later work and command intakes pending, while ordinary resume still applies both
ok 272 - sqlite: inputOnly leaves later work and command intakes pending, while ordinary resume still applies both
  ---
  duration_ms: 232.686041
  type: 'test'
  ...
# Subtest: file-journal: inputOnly resumes the same original once and still acknowledges it after completed work
ok 273 - file-journal: inputOnly resumes the same original once and still acknowledges it after completed work
  ---
  duration_ms: 1347.311958
  type: 'test'
  ...
# Subtest: file-journal: inputOnly leaves later work and command intakes pending, while ordinary resume still applies both
ok 274 - file-journal: inputOnly leaves later work and command intakes pending, while ordinary resume still applies both
  ---
  duration_ms: 370.134833
  type: 'test'
  ...
# Subtest: inputOnly does not overtake an earlier pending work or automatically create another original
ok 275 - inputOnly does not overtake an earlier pending work or automatically create another original
  ---
  duration_ms: 227.432791
  type: 'test'
  ...
# Subtest: inputOnly catches a predecessor arriving between its preflight and durable receive
ok 276 - inputOnly catches a predecessor arriving between its preflight and durable receive
  ---
  duration_ms: 195.293209
  type: 'test'
  ...
# Subtest: inputOnly recovers a committed work command whose inbox settlement was interrupted
ok 277 - inputOnly recovers a committed work command whose inbox settlement was interrupted
  ---
  duration_ms: 140.616083
  type: 'test'
  ...
# Subtest: inputOnly keeps authorization, session binding, and stale revision rejection before memory capture
ok 278 - inputOnly keeps authorization, session binding, and stale revision rejection before memory capture
  ---
  duration_ms: 137.612166
  type: 'test'
  ...
# Subtest: owned v1 migration preserves exact work JSON, sources, receipts and index state without personal adoption
ok 279 - owned v1 migration preserves exact work JSON, sources, receipts and index state without personal adoption
  ---
  duration_ms: 55.75475
  type: 'test'
  ...
# Subtest: migration copy failure rolls back schema and all data, then the same owner can retry
ok 280 - migration copy failure rolls back schema and all data, then the same owner can retry
  ---
  duration_ms: 61.933875
  type: 'test'
  ...
# Subtest: unowned, foreign-owned and malformed legacy databases cannot be silently migrated
ok 281 - unowned, foreign-owned and malformed legacy databases cannot be silently migrated
  ---
  duration_ms: 118.300291
  type: 'test'
  ...
# Subtest: independent scoped reopens retain legacy shared/reviewed records and work index lag semantics
ok 282 - independent scoped reopens retain legacy shared/reviewed records and work index lag semantics
  ---
  duration_ms: 74.341208
  type: 'test'
  ...
# Subtest: actual SIGKILL at migration copied preserves the atomic schema and original receipt
ok 283 - actual SIGKILL at migration copied preserves the atomic schema and original receipt
  ---
  duration_ms: 134.352334
  type: 'test'
  ...
# Subtest: actual SIGKILL at migration committed preserves the atomic schema and original receipt
ok 284 - actual SIGKILL at migration committed preserves the atomic schema and original receipt
  ---
  duration_ms: 97.900667
  type: 'test'
  ...
# Subtest: personal commit indexes immediately, survives reopen, uses CAS and retains receipts after forgetting
ok 285 - personal commit indexes immediately, survives reopen, uses CAS and retains receipts after forgetting
  ---
  duration_ms: 35.02725
  type: 'test'
  ...
# Subtest: shared handles isolate identical IDs, receipts, heads and indexes across agents, users and tenants
ok 286 - shared handles isolate identical IDs, receipts, heads and indexes across agents, users and tenants
  ---
  duration_ms: 46.624084
  type: 'test'
  ...
# Subtest: personal scope is explicit and cannot enter legacy/work partitions or reviewer searches
ok 287 - personal scope is explicit and cannot enter legacy/work partitions or reviewer searches
  ---
  duration_ms: 13.187
  type: 'test'
  ...
# Subtest: shared registration is explicit, immutable, distinct from single-agent owner and checked on reuse
ok 288 - shared registration is explicit, immutable, distinct from single-agent owner and checked on reuse
  ---
  duration_ms: 54.972625
  type: 'test'
  ...
# Subtest: personal record, index, head and receipt roll back together at index and receipt failures
ok 289 - personal record, index, head and receipt roll back together at index and receipt failures
  ---
  duration_ms: 23.627
  type: 'test'
  ...
# Subtest: scoped canonical rows reject body identity tampering rather than returning another user record
ok 290 - scoped canonical rows reject body identity tampering rather than returning another user record
  ---
  duration_ms: 21.048417
  type: 'test'
  ...
# Subtest: session aliases persist by owner and route; explicit identifiers only resume their exact scope
ok 291 - session aliases persist by owner and route; explicit identifiers only resume their exact scope
  ---
  duration_ms: 19.80325
  type: 'test'
  ...
# Subtest: intake receipt is durable and idempotent; late settlement never replaces a newer active work
ok 292 - intake receipt is durable and idempotent; late settlement never replaces a newer active work
  ---
  duration_ms: 26.246291
  type: 'test'
  ...
# Subtest: head CAS retains tail and historic prefixes, assigning each candidate one permanent revision
ok 293 - head CAS retains tail and historic prefixes, assigning each candidate one permanent revision
  ---
  duration_ms: 9.525916
  type: 'test'
  ...
# Subtest: local response reference and canonical message commit atomically, with no response-body copy
ok 294 - local response reference and canonical message commit atomically, with no response-body copy
  ---
  duration_ms: 15.227042
  type: 'test'
  ...
# Subtest: a failed user-reference transaction leaves neither receipt nor consumed sequence
ok 295 - a failed user-reference transaction leaves neither receipt nor consumed sequence
  ---
  duration_ms: 20.273125
  type: 'test'
  ...
# Subtest: history applies label and destination policy before paging and binds cursors to a fixed scope/policy/prefix
ok 296 - history applies label and destination policy before paging and binds cursors to a fixed scope/policy/prefix
  ---
  duration_ms: 25.085542
  type: 'test'
  ...
# Subtest: delivery scope mismatch cannot append a message, and a missing session reference cannot claim delivered
ok 297 - delivery scope mismatch cannot append a message, and a missing session reference cannot claim delivered
  ---
  duration_ms: 24.396042
  type: 'test'
  ...
# Subtest: enabling sessions never adopts legacy local message bodies into a new session
ok 298 - enabling sessions never adopts legacy local message bodies into a new session
  ---
  duration_ms: 16.527125
  type: 'test'
  ...
# Subtest: agent-store composition exposes owner-bound sessions separately from each agents long-term memory
ok 299 - agent-store composition exposes owner-bound sessions separately from each agents long-term memory
  ---
  duration_ms: 514.188916
  type: 'test'
  ...
1..299
# tests 299
# suites 0
# pass 299
# fail 0
# cancelled 0
# skipped 0
# todo 0
# duration_ms 71252.476167
