TAP version 13
# Subtest: recovery process event contract: a valid reply waits for both exit zero and matching close
ok 1 - recovery process event contract: a valid reply waits for both exit zero and matching close
  ---
  duration_ms: 6.606709
  type: 'test'
  ...
# Subtest: recovery process event contract: request reply cannot succeed even with exit zero
ok 2 - recovery process event contract: request reply cannot succeed even with exit zero
  ---
  duration_ms: 0.680292
  type: 'test'
  ...
# Subtest: recovery process event contract: result-agent reply cannot succeed even with exit zero
ok 3 - recovery process event contract: result-agent reply cannot succeed even with exit zero
  ---
  duration_ms: 0.427958
  type: 'test'
  ...
# Subtest: recovery process event contract: result-kind reply cannot succeed even with exit zero
ok 4 - recovery process event contract: result-kind reply cannot succeed even with exit zero
  ---
  duration_ms: 0.3845
  type: 'test'
  ...
# Subtest: recovery process event contract: duplicate reply cannot succeed even with exit zero
ok 5 - recovery process event contract: duplicate reply cannot succeed even with exit zero
  ---
  duration_ms: 0.367209
  type: 'test'
  ...
# Subtest: recovery process event contract: deadline requests a kill but still waits for exit and close
ok 6 - recovery process event contract: deadline requests a kill but still waits for exit and close
  ---
  duration_ms: 0.423042
  type: 'test'
  ...
# Subtest: recovery process event contract: abort requests a kill but still waits for exit and close
ok 7 - recovery process event contract: abort requests a kill but still waits for exit and close
  ---
  duration_ms: 0.395208
  type: 'test'
  ...
# Subtest: recovery process event contract: process and kill errors retain their original objects
ok 8 - recovery process event contract: process and kill errors retain their original objects
  ---
  duration_ms: 0.336416
  type: 'test'
  ...
# Subtest: recovery process event contract: remote validation cause and independent close error survive rejection
ok 9 - recovery process event contract: remote validation cause and independent close error survive rejection
  ---
  duration_ms: 1.259625
  type: 'test'
  ...
# Subtest: recovery process event contract: stdout and stderr share one bounded output allowance
ok 10 - recovery process event contract: stdout and stderr share one bounded output allowance
  ---
  duration_ms: 0.648875
  type: 'test'
  ...
# Subtest: recovery process event contract: oversized IPC reply is rejected before accepting a report
ok 11 - recovery process event contract: oversized IPC reply is rejected before accepting a report
  ---
  duration_ms: 0.7425
  type: 'test'
  ...
# Subtest: recovery process event contract: no-exit rejects at the bounded observation deadline with honest flags
ok 12 - recovery process event contract: no-exit rejects at the bounded observation deadline with honest flags
  ---
  duration_ms: 0.338792
  type: 'test'
  ...
# Subtest: recovery process event contract: no-close rejects at the bounded observation deadline with honest flags
ok 13 - recovery process event contract: no-close rejects at the bounded observation deadline with honest flags
  ---
  duration_ms: 0.393875
  type: 'test'
  ...
# Subtest: recovery process event contract: close without a preceding exit is not successful termination
ok 14 - recovery process event contract: close without a preceding exit is not successful termination
  ---
  duration_ms: 0.210792
  type: 'test'
  ...
1..14
# tests 14
# suites 0
# pass 14
# fail 0
# cancelled 0
# skipped 0
# todo 0
# duration_ms 66.338125
