TAP version 13
# Subtest: prepare original copy interruption preserves the partial attempt and retries the same ID in a new directory
ok 1 - prepare original copy interruption preserves the partial attempt and retries the same ID in a new directory
  ---
  duration_ms: 738.3035
  type: 'test'
  ...
# Subtest: prepare original copy attempt limit preserves all four interrupted directories and refuses a fifth
ok 2 - prepare original copy attempt limit preserves all four interrupted directories and refuses a fifth
  ---
  duration_ms: 881.353083
  type: 'test'
  ...
# Subtest: prepare candidate copy interruption preserves the partial attempt and retries the same ID in a new directory
ok 3 - prepare candidate copy interruption preserves the partial attempt and retries the same ID in a new directory
  ---
  duration_ms: 617.304125
  type: 'test'
  ...
# Subtest: prepare candidate copy attempt limit preserves all four interrupted directories and refuses a fifth
ok 4 - prepare candidate copy attempt limit preserves all four interrupted directories and refuses a fifth
  ---
  duration_ms: 930.927958
  type: 'test'
  ...
# Subtest: documents recovery rejects a valid personal-memory fence belonging to another document store
ok 5 - documents recovery rejects a valid personal-memory fence belonging to another document store
  ---
  duration_ms: 788.8915
  type: 'test'
  ...
# Subtest: prepare rejects super-journal names and rollback trailers while preserving the original files
ok 6 - prepare rejects super-journal names and rollback trailers while preserving the original files
  ---
  duration_ms: 1207.933042
  type: 'test'
  ...
1..6
# tests 6
# suites 0
# pass 6
# fail 0
# cancelled 0
# skipped 0
# todo 0
# duration_ms 5254.685625
