TAP version 13
# Subtest: CLI init explicitly selects documents, preserves ready choices and truthfully advertises schema support
ok 1 - CLI init explicitly selects documents, preserves ready choices and truthfully advertises schema support
  ---
  duration_ms: 1567.769083
  type: 'test'
  ...
# Subtest: sqlite: existing Web memory lifecycle uses documents while real Evidence memory stays in SQLite
ok 2 - sqlite: existing Web memory lifecycle uses documents while real Evidence memory stays in SQLite
  ---
  duration_ms: 2569.394125
  type: 'test'
  ...
# Subtest: file-journal: existing Web memory lifecycle uses documents while real Evidence memory stays in SQLite
ok 3 - file-journal: existing Web memory lifecycle uses documents while real Evidence memory stays in SQLite
  ---
  duration_ms: 2583.573541
  type: 'test'
  ...
# Subtest: built CLI entrypoint document-backed memory survives separate processes and uses the existing explicit recall commands
ok 4 - built CLI entrypoint document-backed memory survives separate processes and uses the existing explicit recall commands
  ---
  duration_ms: 4387.923125
  type: 'test'
  ...
# Subtest: sqlite: Web draft explicit apply preserves source and receipt across stale work view, forget and reopen
ok 5 - sqlite: Web draft explicit apply preserves source and receipt across stale work view, forget and reopen
  ---
  duration_ms: 4230.852583
  type: 'test'
  ...
# Subtest: file-journal: Web draft explicit apply preserves source and receipt across stale work view, forget and reopen
ok 6 - file-journal: Web draft explicit apply preserves source and receipt across stale work view, forget and reopen
  ---
  duration_ms: 4481.988625
  type: 'test'
  ...
# Subtest: Web resumes a prepared apply ID after input failure using saved content, not later editor bytes
ok 7 - Web resumes a prepared apply ID after input failure using saved content, not later editor bytes
  ---
  duration_ms: 949.821541
  type: 'test'
  ...
# Subtest: Web unchanged draft records its status without a new user message or memory revision
ok 8 - Web unchanged draft records its status without a new user message or memory revision
  ---
  duration_ms: 671.663666
  type: 'test'
  ...
# Subtest: Web draft apply, status and resume reject another selected session and read-only mutations
ok 9 - Web draft apply, status and resume reject another selected session and read-only mutations
  ---
  duration_ms: 723.843791
  type: 'test'
  ...
# Subtest: Web draft transport rejects arbitrary paths and identities before accessing draft files
ok 10 - Web draft transport rejects arbitrary paths and identities before accessing draft files
  ---
  duration_ms: 364.3015
  type: 'test'
  ...
# Subtest: default SQLite profile advertises no document drafts and refuses draft creation
ok 11 - default SQLite profile advertises no document drafts and refuses draft creation
  ---
  duration_ms: 186.942792
  type: 'test'
  ...
# Subtest: draft completion text describes its recorded revision without claiming it is the current active memory
ok 12 - draft completion text describes its recorded revision without claiming it is the current active memory
  ---
  duration_ms: 0.275959
  type: 'test'
  ...
# Subtest: built CLI exports, applies and resumes one edited document with stable request identity
ok 13 - built CLI exports, applies and resumes one edited document with stable request identity
  ---
  duration_ms: 2084.32625
  type: 'test'
  ...
# Subtest: draft SIGKILL sqlite/intent: resume uses fixed intent and the same source and memory receipts
ok 14 - draft SIGKILL sqlite/intent: resume uses fixed intent and the same source and memory receipts
  ---
  duration_ms: 1173.328333
  type: 'test'
  ...
# Subtest: draft SIGKILL sqlite/source: resume uses fixed intent and the same source and memory receipts
ok 15 - draft SIGKILL sqlite/source: resume uses fixed intent and the same source and memory receipts
  ---
  duration_ms: 1170.729083
  type: 'test'
  ...
# Subtest: draft SIGKILL sqlite/memory: resume uses fixed intent and the same source and memory receipts
ok 16 - draft SIGKILL sqlite/memory: resume uses fixed intent and the same source and memory receipts
  ---
  duration_ms: 1122.115875
  type: 'test'
  ...
# Subtest: draft SIGKILL file-journal/intent: resume uses fixed intent and the same source and memory receipts
ok 17 - draft SIGKILL file-journal/intent: resume uses fixed intent and the same source and memory receipts
  ---
  duration_ms: 1176.075667
  type: 'test'
  ...
# Subtest: draft SIGKILL file-journal/source: resume uses fixed intent and the same source and memory receipts
ok 18 - draft SIGKILL file-journal/source: resume uses fixed intent and the same source and memory receipts
  ---
  duration_ms: 1241.3345
  type: 'test'
  ...
# Subtest: draft SIGKILL file-journal/memory: resume uses fixed intent and the same source and memory receipts
ok 19 - draft SIGKILL file-journal/memory: resume uses fixed intent and the same source and memory receipts
  ---
  duration_ms: 1168.278541
  type: 'test'
  ...
# Subtest: two actual processes applying the same draft converge on one source and one revision
ok 20 - two actual processes applying the same draft converge on one source and one revision
  ---
  duration_ms: 1097.993416
  type: 'test'
  ...
# Subtest: activation publication fsync failure preserves its cause and resume synchronizes the same visible activation before selecting documents
ok 21 - activation publication fsync failure preserves its cause and resume synchronizes the same visible activation before selecting documents
  ---
  duration_ms: 635.981
  type: 'test'
  ...
# Subtest: migration preserves compacted session, profile bytes and receipts; ordinary memory edits continue on documents
ok 22 - migration preserves compacted session, profile bytes and receipts; ordinary memory edits continue on documents
  ---
  duration_ms: 1682.504083
  type: 'test'
  ...
# Subtest: management CLI rejects unconfirmed or stale previews without creating an operation, then activates the fixed request
ok 23 - management CLI rejects unconfirmed or stale previews without creating an operation, then activates the fixed request
  ---
  duration_ms: 1205.831583
  type: 'test'
  ...
# Subtest: activation loss gates ordinary opening; same-operation resume restores routing and a damaged target never falls back
ok 24 - activation loss gates ordinary opening; same-operation resume restores routing and a damaged target never falls back
  ---
  duration_ms: 823.276792
  type: 'test'
  ...
# Subtest: preview does not adopt an invalid original personal-memory assignment or conflicting ready marker
ok 25 - preview does not adopt an invalid original personal-memory assignment or conflicting ready marker
  ---
  duration_ms: 238.920417
  type: 'test'
  ...
# Subtest: lost migration metadata cannot reopen a fenced source or create replacement state and channel stores
ok 26 - lost migration metadata cannot reopen a fenced source or create replacement state and channel stores
  ---
  duration_ms: 709.301042
  type: 'test'
  ...
# Subtest: actual SIGKILL before-activation resumes the same agent and migration
ok 27 - actual SIGKILL before-activation resumes the same agent and migration
  ---
  duration_ms: 1107.962625
  type: 'test'
  ...
# Subtest: actual SIGKILL after-activation resumes the same agent and migration
ok 28 - actual SIGKILL after-activation resumes the same agent and migration
  ---
  duration_ms: 969.7875
  type: 'test'
  ...
# Subtest: sqlite: Web personal memory crosses a completed work and restart, with explicit current-version recall and forget
ok 29 - sqlite: Web personal memory crosses a completed work and restart, with explicit current-version recall and forget
  ---
  duration_ms: 880.7875
  type: 'test'
  ...
# Subtest: file-journal: Web personal memory crosses a completed work and restart, with explicit current-version recall and forget
ok 30 - file-journal: Web personal memory crosses a completed work and restart, with explicit current-version recall and forget
  ---
  duration_ms: 1473.827792
  type: 'test'
  ...
# Subtest: installed CLI records a real source and uses explicit memory revision, then clears and forgets after restart
ok 31 - installed CLI records a real source and uses explicit memory revision, then clears and forgets after restart
  ---
  duration_ms: 4344.961416
  type: 'test'
  ...
# Subtest: new-input remember retries reuse the applied user message after a memory failure and after response loss
ok 32 - new-input remember retries reuse the applied user message after a memory failure and after response loss
  ---
  duration_ms: 198.090875
  type: 'test'
  ...
# Subtest: surface authority rejects other users, labels, destinations and session work selection while same-owner memory remains cross-session
ok 33 - surface authority rejects other users, labels, destinations and session work selection while same-owner memory remains cross-session
  ---
  duration_ms: 366.666042
  type: 'test'
  ...
# Subtest: Web memory mutations preserve CSRF and strict owner-free schemas, reject stale work input and do not append operation notices
ok 34 - Web memory mutations preserve CSRF and strict owner-free schemas, reject stale work input and do not append operation notices
  ---
  duration_ms: 227.105208
  type: 'test'
  ...
# Subtest: legacy synthetic directory exposes no personal-memory service and does not reinterpret old knowledge
ok 35 - legacy synthetic directory exposes no personal-memory service and does not reinterpret old knowledge
  ---
  duration_ms: 95.128334
  type: 'test'
  ...
# Subtest: memory source controls reject assistant text, invented quotes and unbound new input without creating memory
ok 36 - memory source controls reject assistant text, invented quotes and unbound new input without creating memory
  ---
  duration_ms: 185.951333
  type: 'test'
  ...
1..36
# tests 36
# suites 0
# pass 36
# fail 0
# cancelled 0
# skipped 0
# todo 0
# duration_ms 49026.108709
