{"event":"starting","files":33,"sourceAndBuild":{"sourceDigest":"dfc0d60ed28be785ee58f9c2ca4280683c905c415d2b797ea7cd49f180b25da6","filesDigest":"97f8caccdbdbfc69309f22a8fc25ab94ea2d15a10ed44c94b51fdec65aa31c2d","fileCount":1377}}
TAP version 13
# Subtest: file-journal agents separate identical work IDs, events and historical receipts across reopen
ok 1 - file-journal agents separate identical work IDs, events and historical receipts across reopen
  ---
  duration_ms: 465.379417
  type: 'test'
  ...
# Subtest: file-journal state keeps private memory and channel messages in separately owned SQLite databases
ok 2 - file-journal state keeps private memory and channel messages in separately owned SQLite databases
  ---
  duration_ms: 413.907875
  type: 'test'
  ...
# Subtest: a file-journal clone opens a fresh owned journal and empty SQLite memory and channel stores
ok 3 - a file-journal clone opens a fresh owned journal and empty SQLite memory and channel stores
  ---
  duration_ms: 502.177125
  type: 'test'
  ...
# Subtest: copying another agents complete journal is rejected before binding a new backend marker
ok 4 - copying another agents complete journal is rejected before binding a new backend marker
  ---
  duration_ms: 312.533958
  type: 'test'
  ...
# Subtest: file-journal selection does not bypass foreign memory or channel SQLite ownership
ok 5 - file-journal selection does not bypass foreign memory or channel SQLite ownership
  ---
  duration_ms: 716.431625
  type: 'test'
  ...
# Subtest: empty and populated legacy v1 journals are not automatically adopted by an agent
ok 6 - empty and populated legacy v1 journals are not automatically adopted by an agent
  ---
  duration_ms: 447.377125
  type: 'test'
  ...
# Subtest: changing config between SQLite and file-journal never creates a replacement state store
ok 7 - changing config between SQLite and file-journal never creates a replacement state store
  ---
  duration_ms: 537.737166
  type: 'test'
  ...
# Subtest: an owned legacy SQLite agent gains only its backend marker and preserves historical data
ok 8 - an owned legacy SQLite agent gains only its backend marker and preserves historical data
  ---
  duration_ms: 364.697209
  type: 'test'
  ...
# Subtest: an unowned legacy SQLite database is preserved without creating a backend marker
ok 9 - an unowned legacy SQLite database is preserved without creating a backend marker
  ---
  duration_ms: 185.250875
  type: 'test'
  ...
# Subtest: copying another agents backend marker is rejected before creating any state or private databases
ok 10 - copying another agents backend marker is rejected before creating any state or private databases
  ---
  duration_ms: 253.599875
  type: 'test'
  ...
# Subtest: malformed, unsupported or linked backend markers cannot initialize state stores
ok 11 - malformed, unsupported or linked backend markers cannot initialize state stores
  ---
  duration_ms: 603.260917
  type: 'test'
  ...
# Subtest: ambiguous existing SQLite and journal stores are preserved without choosing a new backend
ok 12 - ambiguous existing SQLite and journal stores are preserved without choosing a new backend
  ---
  duration_ms: 323.377084
  type: 'test'
  ...
# Subtest: concurrent CLI first storage opens retain one agent, backend selection and journal identity
ok 13 - concurrent CLI first storage opens retain one agent, backend selection and journal identity
  ---
  duration_ms: 999.912583
  type: 'test'
  ...
# Subtest: clone resumes with one identity after actual process termination at setup-operation.json
ok 14 - clone resumes with one identity after actual process termination at setup-operation.json
  ---
  duration_ms: 340.1625
  type: 'test'
  ...
# Subtest: clone resumes with one identity after actual process termination at setup.json
ok 15 - clone resumes with one identity after actual process termination at setup.json
  ---
  duration_ms: 325.565917
  type: 'test'
  ...
# Subtest: clone resumes with one identity after actual process termination at identity.json
ok 16 - clone resumes with one identity after actual process termination at identity.json
  ---
  duration_ms: 344.504084
  type: 'test'
  ...
# Subtest: clone resumes with one identity after actual process termination at config.json
ok 17 - clone resumes with one identity after actual process termination at config.json
  ---
  duration_ms: 407.939583
  type: 'test'
  ...
# Subtest: clone resumes with one identity after actual process termination at skill
ok 18 - clone resumes with one identity after actual process termination at skill
  ---
  duration_ms: 419.073
  type: 'test'
  ...
# Subtest: clone resumes with one identity after actual process termination at before-complete
ok 19 - clone resumes with one identity after actual process termination at before-complete
  ---
  duration_ms: 402.575833
  type: 'test'
  ...
# Subtest: a published completion survives process termination and later source/skill edits do not trigger recopy
ok 20 - a published completion survives process termination and later source/skill edits do not trigger recopy
  ---
  duration_ms: 361.017458
  type: 'test'
  ...
# Subtest: source changes and target conflicts are preserved during explicit clone resume
ok 21 - source changes and target conflicts are preserved during explicit clone resume
  ---
  duration_ms: 371.193417
  type: 'test'
  ...
# Subtest: pending clone blocks nested setup and CLI repair explains explicit clone resume
ok 22 - pending clone blocks nested setup and CLI repair explains explicit clone resume
  ---
  duration_ms: 640.460458
  type: 'test'
  ...
# Subtest: general initialization keeps its selected identity after interruption at the operation marker
ok 23 - general initialization keeps its selected identity after interruption at the operation marker
  ---
  duration_ms: 291.722375
  type: 'test'
  ...
# Subtest: competing clone commands never assign two identities to the same destination
ok 24 - competing clone commands never assign two identities to the same destination
  ---
  duration_ms: 323.070375
  type: 'test'
  ...
# Subtest: initialization and clone contention leave a single coherent ready profile
ok 25 - initialization and clone contention leave a single coherent ready profile
  ---
  duration_ms: 292.2435
  type: 'test'
  ...
# Subtest: a target config changed during skill publication cannot be marked clone-complete
ok 26 - a target config changed during skill publication cannot be marked clone-complete
  ---
  duration_ms: 331.256584
  type: 'test'
  ...
# Subtest: legacy v1 setup without an operation marker reopens untouched and repairs with its existing identity
ok 27 - legacy v1 setup without an operation marker reopens untouched and repairs with its existing identity
  ---
  duration_ms: 180.447041
  type: 'test'
  ...
# Subtest: pending filenames cannot hide data in clone memory, workspace or artifact directories
ok 28 - pending filenames cannot hide data in clone memory, workspace or artifact directories
  ---
  duration_ms: 816.9885
  type: 'test'
  ...
# Subtest: one interrupted publication at the entries boundary can resume with its safe pending file
ok 29 - one interrupted publication at the entries boundary can resume with its safe pending file
  ---
  duration_ms: 7035.313417
  type: 'test'
  ...
# Subtest: one interrupted publication at the bytes boundary can resume with its safe pending file
ok 30 - one interrupted publication at the bytes boundary can resume with its safe pending file
  ---
  duration_ms: 610.86375
  type: 'test'
  ...
# Subtest: clone creates a fresh identity while preserving reusable configuration and the original files
ok 31 - clone creates a fresh identity while preserving reusable configuration and the original files
  ---
  duration_ms: 262.592458
  type: 'test'
  ...
# Subtest: clone copies skill bytes, nested empty directories and executable bits without linking source files
ok 32 - clone copies skill bytes, nested empty directories and executable bits without linking source files
  ---
  duration_ms: 405.077583
  type: 'test'
  ...
# Subtest: clone starts with independent empty stores despite source work, memory, conversation and artifacts
ok 33 - clone starts with independent empty stores despite source work, memory, conversation and artifacts
  ---
  duration_ms: 686.376333
  type: 'test'
  ...
# Subtest: ordinary clone never overwrites an existing empty, populated or initialized destination
ok 34 - ordinary clone never overwrites an existing empty, populated or initialized destination
  ---
  duration_ms: 304.111375
  type: 'test'
  ...
# Subtest: clone rejects source overlap, nested agents and engine destinations without changing either tree
ok 35 - clone rejects source overlap, nested agents and engine destinations without changing either tree
  ---
  duration_ms: 127.808417
  type: 'test'
  ...
# Subtest: clone rejects missing or malformed sources and invalid options without creating a destination
ok 36 - clone rejects missing or malformed sources and invalid options without creating a destination
  ---
  duration_ms: 137.883834
  type: 'test'
  ...
# Subtest: clone rejects skill file and directory symlinks without modifying their outside targets
ok 37 - clone rejects skill file and directory symlinks without modifying their outside targets
  ---
  duration_ms: 146.331958
  type: 'test'
  ...
# Subtest: clone rejects hard-linked skill files and leaves both links unchanged
ok 38 - clone rejects hard-linked skill files and leaves both links unchanged
  ---
  duration_ms: 141.674875
  type: 'test'
  ...
# Subtest: clone rejects a POSIX FIFO skill instead of blocking on its contents
ok 39 - clone rejects a POSIX FIFO skill instead of blocking on its contents
  ---
  duration_ms: 244.677917
  type: 'test'
  ...
# Subtest: clone permits a four-MiB skill file and rejects a file exceeding that limit
ok 40 - clone permits a four-MiB skill file and rejects a file exceeding that limit
  ---
  duration_ms: 302.396459
  type: 'test'
  ...
# Subtest: clone enforces snapshot entry, total-byte and directory-depth limits
ok 41 - clone enforces snapshot entry, total-byte and directory-depth limits
  ---
  duration_ms: 948.62025
  type: 'test'
  ...
# Subtest: pending clone rejects changed source skills or config and cannot be completed by ordinary init or repair
ok 42 - pending clone rejects changed source skills or config and cannot be completed by ordinary init or repair
  ---
  duration_ms: 693.861167
  type: 'test'
  ...
# Subtest: pending clone preserves target file conflicts instead of overwriting or accepting them
ok 43 - pending clone preserves target file conflicts instead of overwriting or accepting them
  ---
  duration_ms: 694.53325
  type: 'test'
  ...
# Subtest: finished clone resumes idempotently and ordinary reopen preserves subsequent skill edits
ok 44 - finished clone resumes idempotently and ordinary reopen preserves subsequent skill edits
  ---
  duration_ms: 362.541083
  type: 'test'
  ...
# Subtest: CLI clone reports the new ready profile and supports explicit completed-clone resume
ok 45 - CLI clone reports the new ready profile and supports explicit completed-clone resume
  ---
  duration_ms: 796.220292
  type: 'test'
  ...
# Subtest: default SQLite personal selection stays bound on restart without creating a document store
ok 46 - default SQLite personal selection stays bound on restart without creating a document store
  ---
  duration_ms: 200.970417
  type: 'test'
  ...
# Subtest: a completed document store cannot disappear and silently return an empty SQLite personal partition
ok 47 - a completed document store cannot disappear and silently return an empty SQLite personal partition
  ---
  duration_ms: 343.6245
  type: 'test'
  ...
# Subtest: registration completion can resume after the owner was created without discarding a committed memory
ok 48 - registration completion can resume after the owner was created without discarding a committed memory
  ---
  duration_ms: 334.244166
  type: 'test'
  ...
# Subtest: documents cannot be assigned over an existing SQLite store without a migration
ok 49 - documents cannot be assigned over an existing SQLite store without a migration
  ---
  duration_ms: 97.118542
  type: 'test'
  ...
# Subtest: replacing the config with a legacy default cannot reroute an assigned document partition
ok 50 - replacing the config with a legacy default cannot reroute an assigned document partition
  ---
  duration_ms: 198.318042
  type: 'test'
  ...
# Subtest: a missing assignment behind an existing completion does not create a new owner
ok 51 - a missing assignment behind an existing completion does not create a new owner
  ---
  duration_ms: 215.146792
  type: 'test'
  ...
# Subtest: moving the whole document-backed agent keeps its owner, receipts and revision transitions
ok 52 - moving the whole document-backed agent keeps its owner, receipts and revision transitions
  ---
  duration_ms: 438.39825
  type: 'test'
  ...
# Subtest: personal repository errors do not fall back and closing still releases both repositories
ok 53 - personal repository errors do not fall back and closing still releases both repositories
  ---
  duration_ms: 0.37725
  type: 'test'
  ...
# Subtest: first document open reobserves assignment when another process publishes readiness after its initial ENOENT
ok 54 - first document open reobserves assignment when another process publishes readiness after its initial ENOENT
  ---
  duration_ms: 569.007833
  type: 'test'
  ...
# Subtest: simultaneous document first opens converge on the same assignment and readiness without replacing them
ok 55 - simultaneous document first opens converge on the same assignment and readiness without replacing them
  ---
  duration_ms: 456.0035
  type: 'test'
  ...
# Subtest: initialization joins the same identity published after its first empty metadata observation
ok 56 - initialization joins the same identity published after its first empty metadata observation
  ---
  duration_ms: 207.485167
  type: 'test'
  ...
# Subtest: initialization reobserves malformed metadata after a concurrent publication and refuses without replacement
ok 57 - initialization reobserves malformed metadata after a concurrent publication and refuses without replacement
  ---
  duration_ms: 194.731958
  type: 'test'
  ...
# Subtest: initialization reobserves mismatch metadata after a concurrent publication and refuses without replacement
ok 58 - initialization reobserves mismatch metadata after a concurrent publication and refuses without replacement
  ---
  duration_ms: 184.962792
  type: 'test'
  ...
# Subtest: reobserving genuinely unowned metadata or memory still refuses assignment and preserves every original file
ok 59 - reobserving genuinely unowned metadata or memory still refuses assignment and preserves every original file
  ---
  duration_ms: 17.764791
  type: 'test'
  ...
# Subtest: agent setup preserves files, creates private identity/config and reopens without a model
ok 60 - agent setup preserves files, creates private identity/config and reopens without a model
  ---
  duration_ms: 72.55675
  type: 'test'
  ...
# Subtest: status and invalid initialization options do not create files
ok 61 - status and invalid initialization options do not create files
  ---
  duration_ms: 0.889125
  type: 'test'
  ...
# Subtest: separate directories get distinct IDs and moving a directory preserves its identity
ok 62 - separate directories get distinct IDs and moving a directory preserves its identity
  ---
  duration_ms: 167.479541
  type: 'test'
  ...
# Subtest: initialization can finish after a process stops between identity and config publication
ok 63 - initialization can finish after a process stops between identity and config publication
  ---
  duration_ms: 120.909458
  type: 'test'
  ...
# Subtest: missing identity uses explicit repair with the existing config; missing completed config is not reset
ok 64 - missing identity uses explicit repair with the existing config; missing completed config is not reset
  ---
  duration_ms: 87.824542
  type: 'test'
  ...
# Subtest: completed layout repairs missing directories only with explicit repair and preserves existing state
ok 65 - completed layout repairs missing directories only with explicit repair and preserves existing state
  ---
  duration_ms: 107.561208
  type: 'test'
  ...
# Subtest: unknown data without identity is not assigned a new ID
ok 66 - unknown data without identity is not assigned a new ID
  ---
  duration_ms: 8.087416
  type: 'test'
  ...
# Subtest: config identity mismatch, unsupported versions and malformed documents are preserved
ok 67 - config identity mismatch, unsupported versions and malformed documents are preserved
  ---
  duration_ms: 63.872917
  type: 'test'
  ...
# Subtest: metadata symlinks and external hard links cannot be used for setup
ok 68 - metadata symlinks and external hard links cannot be used for setup
  ---
  duration_ms: 93.852333
  type: 'test'
  ...
# Subtest: managed directory links and writable/public metadata are rejected without changing permissions
ok 69 - managed directory links and writable/public metadata are rejected without changing permissions
  ---
  duration_ms: 81.620333
  type: 'test'
  ...
# Subtest: engine overlap and nested agent registration are rejected
ok 70 - engine overlap and nested agent registration are rejected
  ---
  duration_ms: 98.207583
  type: 'test'
  ...
# Subtest: CLI first call, status, version and invalid commands expose readiness without claiming runtime execution
ok 71 - CLI first call, status, version and invalid commands expose readiness without claiming runtime execution
  ---
  duration_ms: 418.570084
  type: 'test'
  ...
# Subtest: separate CLI processes initializing concurrently settle on exactly one identity
ok 72 - separate CLI processes initializing concurrently settle on exactly one identity
  ---
  duration_ms: 452.662292
  type: 'test'
  ...
# Subtest: setup mutations: a new private root syncs its unchanged 0755 parent before publishing ownership
ok 73 - setup mutations: a new private root syncs its unchanged 0755 parent before publishing ownership
  ---
  duration_ms: 138.910167
  type: 'test'
  ...
# Subtest: setup mutations: a failed new-root parent barrier reports creation uncertainty and a retry finishes the existing directory
ok 74 - setup mutations: a failed new-root parent barrier reports creation uncertainty and a retry finishes the existing directory
  ---
  duration_ms: 155.002084
  type: 'test'
  ...
# Subtest: setup mutations: write-failure before identity publication preserves the original I/O cause and resumes the same operation
ok 75 - setup mutations: write-failure before identity publication preserves the original I/O cause and resumes the same operation
  ---
  duration_ms: 168.657584
  type: 'test'
  ...
# Subtest: setup mutations: file-sync-failure before identity publication preserves the original I/O cause and resumes the same operation
ok 76 - setup mutations: file-sync-failure before identity publication preserves the original I/O cause and resumes the same operation
  ---
  duration_ms: 130.711583
  type: 'test'
  ...
# Subtest: setup mutations: link-after-failure reports published uncertainty with the original cause and can re-observe the same identity
ok 77 - setup mutations: link-after-failure reports published uncertainty with the original cause and can re-observe the same identity
  ---
  duration_ms: 165.892125
  type: 'test'
  ...
# Subtest: setup mutations: unlink-failure reports published uncertainty with the original cause and can re-observe the same identity
ok 78 - setup mutations: unlink-failure reports published uncertainty with the original cause and can re-observe the same identity
  ---
  duration_ms: 112.852125
  type: 'test'
  ...
# Subtest: setup mutations: directory-sync-failure reports published uncertainty with the original cause and can re-observe the same identity
ok 79 - setup mutations: directory-sync-failure reports published uncertainty with the original cause and can re-observe the same identity
  ---
  duration_ms: 305.121708
  type: 'test'
  ...
# Subtest: setup mutations: swap-parent after a candidate fsync rejects substitution without cleaning foreign names
ok 80 - setup mutations: swap-parent after a candidate fsync rejects substitution without cleaning foreign names
  ---
  duration_ms: 132.047333
  type: 'test'
  ...
# Subtest: setup mutations: swap-root after a candidate fsync rejects substitution without cleaning foreign names
ok 81 - setup mutations: swap-root after a candidate fsync rejects substitution without cleaning foreign names
  ---
  duration_ms: 78.416042
  type: 'test'
  ...
# Subtest: setup mutations: swap-metadata after a candidate fsync rejects substitution without cleaning foreign names
ok 82 - setup mutations: swap-metadata after a candidate fsync rejects substitution without cleaning foreign names
  ---
  duration_ms: 88.46475
  type: 'test'
  ...
# Subtest: setup mutations: the engine boundary rejects before any mutation scope can create a target
ok 83 - setup mutations: the engine boundary rejects before any mutation scope can create a target
  ---
  duration_ms: 48.061
  type: 'test'
  ...
# Subtest: setup mutations: actual SIGKILL at kill-identity-synced preserves the published operation and resumes without reallocating identity
ok 84 - setup mutations: actual SIGKILL at kill-identity-synced preserves the published operation and resumes without reallocating identity
  ---
  duration_ms: 190.954959
  type: 'test'
  ...
# Subtest: setup mutations: actual SIGKILL at kill-config-linked preserves the published operation and resumes without reallocating identity
ok 85 - setup mutations: actual SIGKILL at kill-config-linked preserves the published operation and resumes without reallocating identity
  ---
  duration_ms: 145.222833
  type: 'test'
  ...
# Subtest: setup mutations: actual SIGKILL at kill-receipt-linked preserves the published operation and resumes without reallocating identity
ok 86 - setup mutations: actual SIGKILL at kill-receipt-linked preserves the published operation and resumes without reallocating identity
  ---
  duration_ms: 166.170542
  type: 'test'
  ...
# Subtest: sqlite initialization recovers after actual termination at before-profile
ok 87 - sqlite initialization recovers after actual termination at before-profile
  ---
  duration_ms: 300.544375
  type: 'test'
  ...
# Subtest: sqlite initialization recovers after actual termination at published-profile
ok 88 - sqlite initialization recovers after actual termination at published-profile
  ---
  duration_ms: 205.793042
  type: 'test'
  ...
# Subtest: file-journal initialization recovers after actual termination at before-profile
ok 89 - file-journal initialization recovers after actual termination at before-profile
  ---
  duration_ms: 303.921292
  type: 'test'
  ...
# Subtest: file-journal initialization recovers after actual termination at published-profile
ok 90 - file-journal initialization recovers after actual termination at published-profile
  ---
  duration_ms: 340.816083
  type: 'test'
  ...
# Subtest: assignment permits recovery of the empty runtime.sqlite left by actual termination
ok 91 - assignment permits recovery of the empty runtime.sqlite left by actual termination
  ---
  duration_ms: 285.405334
  type: 'test'
  ...
# Subtest: assignment permits recovery of the empty memory.sqlite left by actual termination
ok 92 - assignment permits recovery of the empty memory.sqlite left by actual termination
  ---
  duration_ms: 333.834709
  type: 'test'
  ...
# Subtest: assignment permits recovery of the empty channel.sqlite left by actual termination
ok 93 - assignment permits recovery of the empty channel.sqlite left by actual termination
  ---
  duration_ms: 311.564208
  type: 'test'
  ...
# Subtest: an empty preexisting state database without assignment is not adopted
ok 94 - an empty preexisting state database without assignment is not adopted
  ---
  duration_ms: 121.945667
  type: 'test'
  ...
# Subtest: an empty preexisting memory database without assignment is not adopted
ok 95 - an empty preexisting memory database without assignment is not adopted
  ---
  duration_ms: 115.054708
  type: 'test'
  ...
# Subtest: an empty preexisting channel database without assignment is not adopted
ok 96 - an empty preexisting channel database without assignment is not adopted
  ---
  duration_ms: 115.670292
  type: 'test'
  ...
# Subtest: a valid assignment cannot adopt a database with unknown application data
ok 97 - a valid assignment cannot adopt a database with unknown application data
  ---
  duration_ms: 222.196
  type: 'test'
  ...
# Subtest: competing backend snapshots publish one choice and cannot create both stores
ok 98 - competing backend snapshots publish one choice and cannot create both stores
  ---
  duration_ms: 295.005042
  type: 'test'
  ...
# Subtest: two agent stores reuse existing adapters while separating identical work/memory IDs and preserving reopen
ok 99 - two agent stores reuse existing adapters while separating identical work/memory IDs and preserving reopen
  ---
  duration_ms: 441.051125
  type: 'test'
  ...
# Subtest: agent work files cannot traverse into engine or another agent and remain separate
ok 100 - agent work files cannot traverse into engine or another agent and remain separate
  ---
  duration_ms: 429.857708
  type: 'test'
  ...
# Subtest: copying another agents database is detected by its durable owner before runtime access
ok 101 - copying another agents database is detected by its durable owner before runtime access
  ---
  duration_ms: 352.80175
  type: 'test'
  ...
# Subtest: unowned existing databases are not silently adopted
ok 102 - unowned existing databases are not silently adopted
  ---
  duration_ms: 177.434041
  type: 'test'
  ...
# Subtest: symlink database and sidecar destinations cannot overwrite another file
ok 103 - symlink database and sidecar destinations cannot overwrite another file
  ---
  duration_ms: 235.76425
  type: 'test'
  ...
# Subtest: changing config after SQLite initialization cannot replace it with an empty journal
ok 104 - changing config after SQLite initialization cannot replace it with an empty journal
  ---
  duration_ms: 285.601666
  type: 'test'
  ...
# Subtest: document codec preserves body bytes and rejects malformed UTF-8, checksum, identity and schema changes
ok 105 - document codec preserves body bytes and rejects malformed UTF-8, checksum, identity and schema changes
  ---
  duration_ms: 8.022291
  type: 'test'
  ...
# Subtest: a deleted forgotten tail or whole namespace cannot resurrect prior active memory after reopening
ok 106 - a deleted forgotten tail or whole namespace cannot resurrect prior active memory after reopening
  ---
  duration_ms: 322.2655
  type: 'test'
  ...
# Subtest: document reads reject external links, unsafe permissions, unknown files and tampered witnesses without falling back
ok 107 - document reads reject external links, unsafe permissions, unknown files and tampered witnesses without falling back
  ---
  duration_ms: 391.8825
  type: 'test'
  ...
# Subtest: bounded namespace enumeration and file bytes fail explicitly rather than truncating history
ok 108 - bounded namespace enumeration and file bytes fail explicitly rather than truncating history
  ---
  duration_ms: 515.522333
  type: 'test'
  ...
# Subtest: actual SIGKILL at document candidate keeps only canonical publication and resumes witness through get
ok 109 - actual SIGKILL at document candidate keeps only canonical publication and resumes witness through get
  ---
  duration_ms: 139.66475
  type: 'test'
  ...
# Subtest: actual SIGKILL at document event keeps only canonical publication and resumes witness through get
ok 110 - actual SIGKILL at document event keeps only canonical publication and resumes witness through get
  ---
  duration_ms: 127.652458
  type: 'test'
  ...
# Subtest: post-publication sync EIO preserves original cause and publication state; receipt-first retry recovers
ok 111 - post-publication sync EIO preserves original cause and publication state; receipt-first retry recovers
  ---
  duration_ms: 130.757125
  type: 'test'
  ...
# Subtest: separate processes contend on one namespace with same memory IDs
ok 112 - separate processes contend on one namespace with same memory IDs
  ---
  duration_ms: 171.400292
  type: 'test'
  ...
# Subtest: separate processes contend on one namespace with different memory IDs
ok 113 - separate processes contend on one namespace with different memory IDs
  ---
  duration_ms: 185.0455
  type: 'test'
  ...
# Subtest: document storage requires explicit registration, preserves a 0755 supplied parent and pins copied owner binding
ok 114 - document storage requires explicit registration, preserves a 0755 supplied parent and pins copied owner binding
  ---
  duration_ms: 147.084083
  type: 'test'
  ...
# Subtest: Markdown record and receipt survive reopen, exact text, revision CAS, correction and forgetting without resurrection
ok 115 - Markdown record and receipt survive reopen, exact text, revision CAS, correction and forgetting without resurrection
  ---
  duration_ms: 245.036666
  type: 'test'
  ...
# Subtest: document namespaces isolate tenant, principal, refs, receipts and index error/rebuild state
ok 116 - document namespaces isolate tenant, principal, refs, receipts and index error/rebuild state
  ---
  duration_ms: 604.773375
  type: 'test'
  ...
# Subtest: document candidate ordering, maximum and private labels follow the existing personal repository contract
ok 117 - document candidate ordering, maximum and private labels follow the existing personal repository contract
  ---
  duration_ms: 165.305542
  type: 'test'
  ...
# Subtest: remember duplicate repairs an event-only suffix through receipt-first reads without another canonical commit
ok 118 - remember duplicate repairs an event-only suffix through receipt-first reads without another canonical commit
  ---
  duration_ms: 454.787334
  type: 'test'
  ...
# Subtest: forget duplicate repairs its event-only suffix through get-first reads and leaves the memory deleted
ok 119 - forget duplicate repairs its event-only suffix through get-first reads and leaves the memory deleted
  ---
  duration_ms: 441.209417
  type: 'test'
  ...
# Subtest: C01 resumes an assigned owner-pending-only registration using a new owner publication and preserves the prior candidate
ok 120 - C01 resumes an assigned owner-pending-only registration using a new owner publication and preserves the prior candidate
  ---
  duration_ms: 294.818541
  type: 'test'
  ...
# Subtest: C01 refuses partial pending-only registration and preserves its unconfirmed bytes
ok 121 - C01 refuses partial pending-only registration and preserves its unconfirmed bytes
  ---
  duration_ms: 185.309792
  type: 'test'
  ...
# Subtest: C01 refuses foreign-owner pending-only registration and preserves its unconfirmed bytes
ok 122 - C01 refuses foreign-owner pending-only registration and preserves its unconfirmed bytes
  ---
  duration_ms: 150.328917
  type: 'test'
  ...
# Subtest: registration re-enumerates a disappeared owned pending file without rewriting owner or format
ok 123 - registration re-enumerates a disappeared owned pending file without rewriting owner or format
  ---
  duration_ms: 247.418125
  type: 'test'
  ...
# Subtest: CLI init explicitly selects documents, preserves ready choices and truthfully advertises schema support
ok 124 - CLI init explicitly selects documents, preserves ready choices and truthfully advertises schema support
  ---
  duration_ms: 1359.078083
  type: 'test'
  ...
# Subtest: sqlite: existing Web memory lifecycle uses documents while real Evidence memory stays in SQLite
ok 125 - sqlite: existing Web memory lifecycle uses documents while real Evidence memory stays in SQLite
  ---
  duration_ms: 2039.96025
  type: 'test'
  ...
# Subtest: file-journal: existing Web memory lifecycle uses documents while real Evidence memory stays in SQLite
ok 126 - file-journal: existing Web memory lifecycle uses documents while real Evidence memory stays in SQLite
  ---
  duration_ms: 2347.650583
  type: 'test'
  ...
# Subtest: built CLI entrypoint document-backed memory survives separate processes and uses the existing explicit recall commands
ok 127 - built CLI entrypoint document-backed memory survives separate processes and uses the existing explicit recall commands
  ---
  duration_ms: 3512.664916
  type: 'test'
  ...
# Subtest: ordinary and explicit SQLite setup retain the exact v1 configuration and initialize operation shapes
ok 128 - ordinary and explicit SQLite setup retain the exact v1 configuration and initialize operation shapes
  ---
  duration_ms: 115.241084
  type: 'test'
  ...
# Subtest: documents setup persists a distinct v2 choice while retaining the existing SQLite work-memory path
ok 129 - documents setup persists a distinct v2 choice while retaining the existing SQLite work-memory path
  ---
  duration_ms: 112.443583
  type: 'test'
  ...
# Subtest: operation-only: a saved document setup resumes with the same store and agent when the option is omitted
ok 130 - operation-only: a saved document setup resumes with the same store and agent when the option is omitted
  ---
  duration_ms: 138.733209
  type: 'test'
  ...
# Subtest: identity-published: a saved document setup resumes with the same store and agent when the option is omitted
ok 131 - identity-published: a saved document setup resumes with the same store and agent when the option is omitted
  ---
  duration_ms: 100.2585
  type: 'test'
  ...
# Subtest: ready and incomplete profiles reject an explicit backend switch without replacing their saved choice
ok 132 - ready and incomplete profiles reject an explicit backend switch without replacing their saved choice
  ---
  duration_ms: 268.044584
  type: 'test'
  ...
# Subtest: explicit missing-identity repair preserves document assignment and does not restore a missing completed config by default
ok 133 - explicit missing-identity repair preserves document assignment and does not restore a missing completed config by default
  ---
  duration_ms: 94.57775
  type: 'test'
  ...
# Subtest: documents inspection rejects store-id without repairing the conflicting original
ok 134 - documents inspection rejects store-id without repairing the conflicting original
  ---
  duration_ms: 63.056333
  type: 'test'
  ...
# Subtest: documents inspection rejects downgrade-config without repairing the conflicting original
ok 135 - documents inspection rejects downgrade-config without repairing the conflicting original
  ---
  duration_ms: 65.843959
  type: 'test'
  ...
# Subtest: documents inspection rejects downgrade-operation without repairing the conflicting original
ok 136 - documents inspection rejects downgrade-operation without repairing the conflicting original
  ---
  duration_ms: 62.546833
  type: 'test'
  ...
# Subtest: documents inspection rejects missing-operation without repairing the conflicting original
ok 137 - documents inspection rejects missing-operation without repairing the conflicting original
  ---
  duration_ms: 71.206666
  type: 'test'
  ...
# Subtest: a v1 setup cannot acquire a document store by editing only config, and malformed or unknown versions are rejected
ok 138 - a v1 setup cannot acquire a document store by editing only config, and malformed or unknown versions are rejected
  ---
  duration_ms: 63.485667
  type: 'test'
  ...
# Subtest: the personal assignment fence preserves the existing independent state-backend selection
ok 139 - the personal assignment fence preserves the existing independent state-backend selection
  ---
  duration_ms: 69.718458
  type: 'test'
  ...
# Subtest: document clone gives the new agent a new store and copies skills without any original memories
ok 140 - document clone gives the new agent a new store and copies skills without any original memories
  ---
  duration_ms: 164.778542
  type: 'test'
  ...
# Subtest: an incomplete document clone resumes the same recorded target store and identity
ok 141 - an incomplete document clone resumes the same recorded target store and identity
  ---
  duration_ms: 176.316542
  type: 'test'
  ...
# Subtest: an incomplete document clone still refuses changed source config
ok 142 - an incomplete document clone still refuses changed source config
  ---
  duration_ms: 142.459667
  type: 'test'
  ...
# Subtest: an incomplete document clone still refuses changed source skills
ok 143 - an incomplete document clone still refuses changed source skills
  ---
  duration_ms: 159.579875
  type: 'test'
  ...
# Subtest: sqlite: Web draft explicit apply preserves source and receipt across stale work view, forget and reopen
ok 144 - sqlite: Web draft explicit apply preserves source and receipt across stale work view, forget and reopen
  ---
  duration_ms: 3554.108667
  type: 'test'
  ...
# Subtest: file-journal: Web draft explicit apply preserves source and receipt across stale work view, forget and reopen
ok 145 - file-journal: Web draft explicit apply preserves source and receipt across stale work view, forget and reopen
  ---
  duration_ms: 4492.659667
  type: 'test'
  ...
# Subtest: Web resumes a prepared apply ID after input failure using saved content, not later editor bytes
ok 146 - Web resumes a prepared apply ID after input failure using saved content, not later editor bytes
  ---
  duration_ms: 800.249917
  type: 'test'
  ...
# Subtest: Web unchanged draft records its status without a new user message or memory revision
ok 147 - Web unchanged draft records its status without a new user message or memory revision
  ---
  duration_ms: 600.291959
  type: 'test'
  ...
# Subtest: Web draft apply, status and resume reject another selected session and read-only mutations
ok 148 - Web draft apply, status and resume reject another selected session and read-only mutations
  ---
  duration_ms: 612.700083
  type: 'test'
  ...
# Subtest: Web draft transport rejects arbitrary paths and identities before accessing draft files
ok 149 - Web draft transport rejects arbitrary paths and identities before accessing draft files
  ---
  duration_ms: 313.229542
  type: 'test'
  ...
# Subtest: default SQLite profile advertises no document drafts and refuses draft creation
ok 150 - default SQLite profile advertises no document drafts and refuses draft creation
  ---
  duration_ms: 125.919708
  type: 'test'
  ...
# Subtest: draft completion text describes its recorded revision without claiming it is the current active memory
ok 151 - draft completion text describes its recorded revision without claiming it is the current active memory
  ---
  duration_ms: 0.140167
  type: 'test'
  ...
# Subtest: sqlite: installed CLI continues X → process restart → Y with exact raw input and owned stores
ok 152 - sqlite: installed CLI continues X → process restart → Y with exact raw input and owned stores
  ---
  duration_ms: 1187.419542
  type: 'test'
  ...
# Subtest: file-journal: installed CLI continues X → process restart → Y with exact raw input and owned stores
ok 153 - file-journal: installed CLI continues X → process restart → Y with exact raw input and owned stores
  ---
  duration_ms: 1482.108167
  type: 'test'
  ...
# Subtest: installed CLI input is durable once, new sessions are explicit, and foreign agent sessions remain unavailable
ok 154 - installed CLI input is durable once, new sessions are explicit, and foreign agent sessions remain unavailable
  ---
  duration_ms: 2261.225042
  type: 'test'
  ...
# Subtest: sqlite: Web auth reconnect preserves one durable conversation and common atomic question intake
ok 155 - sqlite: Web auth reconnect preserves one durable conversation and common atomic question intake
  ---
  duration_ms: 562.565542
  type: 'test'
  ...
# Subtest: file-journal: Web auth reconnect preserves one durable conversation and common atomic question intake
ok 156 - file-journal: Web auth reconnect preserves one durable conversation and common atomic question intake
  ---
  duration_ms: 2347.763834
  type: 'test'
  ...
# Subtest: personal memory reuses applied original and survives restart without copying conversation (sqlite)
ok 157 - personal memory reuses applied original and survives restart without copying conversation (sqlite)
  ---
  duration_ms: 246.902958
  type: 'test'
  ...
# Subtest: personal memory reuses applied original and survives restart without copying conversation (file-journal)
ok 158 - personal memory reuses applied original and survives restart without copying conversation (file-journal)
  ---
  duration_ms: 403.981625
  type: 'test'
  ...
# Subtest: personal correction uses a new applied original and invalidates the old dependency
ok 159 - personal correction uses a new applied original and invalidates the old dependency
  ---
  duration_ms: 232.911083
  type: 'test'
  ...
# Subtest: forget removes active body and quote, preserves originals and never revives an old create
ok 160 - forget removes active body and quote, preserves originals and never revives an old create
  ---
  duration_ms: 369.232292
  type: 'test'
  ...
# Subtest: personal source never becomes shareable Evidence or a derived work-knowledge fact
ok 161 - personal source never becomes shareable Evidence or a derived work-knowledge fact
  ---
  duration_ms: 301.153542
  type: 'test'
  ...
# Subtest: current user-source labels prevents cached read and dependency reuse
ok 162 - current user-source labels prevents cached read and dependency reuse
  ---
  duration_ms: 230.622167
  type: 'test'
  ...
# Subtest: current user-source scope prevents cached read and dependency reuse
ok 163 - current user-source scope prevents cached read and dependency reuse
  ---
  duration_ms: 231.765542
  type: 'test'
  ...
# Subtest: current user-source destination prevents cached read and dependency reuse
ok 164 - current user-source destination prevents cached read and dependency reuse
  ---
  duration_ms: 246.907333
  type: 'test'
  ...
# Subtest: current user-source principal prevents cached read and dependency reuse
ok 165 - current user-source principal prevents cached read and dependency reuse
  ---
  duration_ms: 240.233041
  type: 'test'
  ...
# Subtest: current user-source tenant prevents cached read and dependency reuse
ok 166 - current user-source tenant prevents cached read and dependency reuse
  ---
  duration_ms: 200.522875
  type: 'test'
  ...
# Subtest: current user-source generation prevents cached read and dependency reuse
ok 167 - current user-source generation prevents cached read and dependency reuse
  ---
  duration_ms: 292.735916
  type: 'test'
  ...
# Subtest: host caller restrictions reach the actual reader and do not prevent authorized forgetting
ok 168 - host caller restrictions reach the actual reader and do not prevent authorized forgetting
  ---
  duration_ms: 246.416042
  type: 'test'
  ...
# Subtest: reviewer grants cannot expose another user personal record or command receipt
ok 169 - reviewer grants cannot expose another user personal record or command receipt
  ---
  duration_ms: 136.903042
  type: 'test'
  ...
# Subtest: personal original history boundary is checked against actual stored intake
ok 170 - personal original history boundary is checked against actual stored intake
  ---
  duration_ms: 218.810792
  type: 'test'
  ...
# Subtest: personal original receipt-digest boundary is checked against actual stored intake
ok 171 - personal original receipt-digest boundary is checked against actual stored intake
  ---
  duration_ms: 125.058958
  type: 'test'
  ...
# Subtest: personal original pending boundary is checked against actual stored intake
ok 172 - personal original pending boundary is checked against actual stored intake
  ---
  duration_ms: 148.473625
  type: 'test'
  ...
# Subtest: personal original rejected boundary is checked against actual stored intake
ok 173 - personal original rejected boundary is checked against actual stored intake
  ---
  duration_ms: 178.24
  type: 'test'
  ...
# Subtest: personal original missing boundary is checked against actual stored intake
ok 174 - personal original missing boundary is checked against actual stored intake
  ---
  duration_ms: 193.086208
  type: 'test'
  ...
# Subtest: fabricated or assistant text cannot be an explicit user-memory source
ok 175 - fabricated or assistant text cannot be an explicit user-memory source
  ---
  duration_ms: 141.643
  type: 'test'
  ...
# Subtest: commit response loss resumes from scoped receipt with one personal revision
ok 176 - commit response loss resumes from scoped receipt with one personal revision
  ---
  duration_ms: 127.907125
  type: 'test'
  ...
# Subtest: user-source inspection does not inherit unrelated model inputs or form a work-memory cycle
ok 177 - user-source inspection does not inherit unrelated model inputs or form a work-memory cycle
  ---
  duration_ms: 121.859667
  type: 'test'
  ...
# Subtest: recorded derived-copy quarantine does not revoke the new user correction it will consume
ok 178 - recorded derived-copy quarantine does not revoke the new user correction it will consume
  ---
  duration_ms: 144.332583
  type: 'test'
  ...
# Subtest: sqlite: actual memory tools recall personal cards across work scopes without accepting caller ownership
ok 179 - sqlite: actual memory tools recall personal cards across work scopes without accepting caller ownership
  ---
  duration_ms: 157.010375
  type: 'test'
  ...
# Subtest: documents: actual memory tools recall personal cards across work scopes without accepting caller ownership
ok 180 - documents: actual memory tools recall personal cards across work scopes without accepting caller ownership
  ---
  duration_ms: 709.056375
  type: 'test'
  ...
# Subtest: sqlite/sqlite: explicit personal recall reaches the real packet, frame and reopened resume without copying the old session
ok 181 - sqlite/sqlite: explicit personal recall reaches the real packet, frame and reopened resume without copying the old session
  ---
  duration_ms: 581.925584
  type: 'test'
  ...
# Subtest: sqlite/documents: explicit personal recall reaches the real packet, frame and reopened resume without copying the old session
ok 182 - sqlite/documents: explicit personal recall reaches the real packet, frame and reopened resume without copying the old session
  ---
  duration_ms: 2465.288708
  type: 'test'
  ...
# Subtest: file-journal/sqlite: explicit personal recall reaches the real packet, frame and reopened resume without copying the old session
ok 183 - file-journal/sqlite: explicit personal recall reaches the real packet, frame and reopened resume without copying the old session
  ---
  duration_ms: 662.471458
  type: 'test'
  ...
# Subtest: file-journal/documents: explicit personal recall reaches the real packet, frame and reopened resume without copying the old session
ok 184 - file-journal/documents: explicit personal recall reaches the real packet, frame and reopened resume without copying the old session
  ---
  duration_ms: 2987.1185
  type: 'test'
  ...
# Subtest: omitted, forged or unavailable personal context cannot stage or validate a selected work frame
ok 185 - omitted, forged or unavailable personal context cannot stage or validate a selected work frame
  ---
  duration_ms: 344.374
  type: 'test'
  ...
# Subtest: selection is idempotent and refuses a same-goal newer input, foreign owner, and a cancelled work
ok 186 - selection is idempotent and refuses a same-goal newer input, foreign owner, and a cancelled work
  ---
  duration_ms: 193.911833
  type: 'test'
  ...
# Subtest: sqlite: forgetting during a real delayed synthetic model call rejects the reply while preserving reported usage
ok 187 - sqlite: forgetting during a real delayed synthetic model call rejects the reply while preserving reported usage
  ---
  duration_ms: 351.427417
  type: 'test'
  ...
# Subtest: documents: forgetting during a real delayed synthetic model call rejects the reply while preserving reported usage
ok 188 - documents: forgetting during a real delayed synthetic model call rejects the reply while preserving reported usage
  ---
  duration_ms: 2033.261166
  type: 'test'
  ...
# Subtest: a changed revision invalidates an existing frame and the replacement needs a fresh explicit selection
ok 189 - a changed revision invalidates an existing frame and the replacement needs a fresh explicit selection
  ---
  duration_ms: 426.481708
  type: 'test'
  ...
# Subtest: clear preserves a pre-existing work-memory quarantine review and its completion gate
ok 190 - clear preserves a pre-existing work-memory quarantine review and its completion gate
  ---
  duration_ms: 131.180666
  type: 'test'
  ...
# Subtest: recall preserves a pre-existing work-memory quarantine review and its completion gate
ok 191 - recall preserves a pre-existing work-memory quarantine review and its completion gate
  ---
  duration_ms: 197.18
  type: 'test'
  ...
# Subtest: replacing a selection waives only its newly created quarantine review
ok 192 - replacing a selection waives only its newly created quarantine review
  ---
  duration_ms: 240.121625
  type: 'test'
  ...
# Subtest: built CLI exports, applies and resumes one edited document with stable request identity
ok 193 - built CLI exports, applies and resumes one edited document with stable request identity
  ---
  duration_ms: 1777.031
  type: 'test'
  ...
# Subtest: draft flow sqlite: editor rename applies one source and revision, invalidates selected memory and survives reopen
ok 194 - draft flow sqlite: editor rename applies one source and revision, invalidates selected memory and survives reopen
  ---
  duration_ms: 2442.724084
  type: 'test'
  ...
# Subtest: draft flow file-journal: editor rename applies one source and revision, invalidates selected memory and survives reopen
ok 195 - draft flow file-journal: editor rename applies one source and revision, invalidates selected memory and survives reopen
  ---
  duration_ms: 2866.832208
  type: 'test'
  ...
# Subtest: draft no-change and read-only status create no new raw input or memory revision
ok 196 - draft no-change and read-only status create no new raw input or memory revision
  ---
  duration_ms: 722.846542
  type: 'test'
  ...
# Subtest: draft past result remains revision two after a later revision and forget; resume ignores edited or missing draft
ok 197 - draft past result remains revision two after a later revision and forget; resume ignores edited or missing draft
  ---
  duration_ms: 1052.391041
  type: 'test'
  ...
# Subtest: draft stale target, read-only actor and other owner are refused before a source input is created
ok 198 - draft stale target, read-only actor and other owner are refused before a source input is created
  ---
  duration_ms: 518.997042
  type: 'test'
  ...
# Subtest: draft source applied before a competing memory revision remains an explicit partial result
ok 199 - draft source applied before a competing memory revision remains an explicit partial result
  ---
  duration_ms: 781.658458
  type: 'test'
  ...
# Subtest: a stale absent-operation observation joins the exact apply completed by another profile
ok 200 - a stale absent-operation observation joins the exact apply completed by another profile
  ---
  duration_ms: 729.128708
  type: 'test'
  ...
# Subtest: draft SIGKILL sqlite/intent: resume uses fixed intent and the same source and memory receipts
ok 201 - draft SIGKILL sqlite/intent: resume uses fixed intent and the same source and memory receipts
  ---
  duration_ms: 1050.42825
  type: 'test'
  ...
# Subtest: draft SIGKILL sqlite/source: resume uses fixed intent and the same source and memory receipts
ok 202 - draft SIGKILL sqlite/source: resume uses fixed intent and the same source and memory receipts
  ---
  duration_ms: 1062.5925
  type: 'test'
  ...
# Subtest: draft SIGKILL sqlite/memory: resume uses fixed intent and the same source and memory receipts
ok 203 - draft SIGKILL sqlite/memory: resume uses fixed intent and the same source and memory receipts
  ---
  duration_ms: 1068.756125
  type: 'test'
  ...
# Subtest: draft SIGKILL file-journal/intent: resume uses fixed intent and the same source and memory receipts
ok 204 - draft SIGKILL file-journal/intent: resume uses fixed intent and the same source and memory receipts
  ---
  duration_ms: 1824.393583
  type: 'test'
  ...
# Subtest: draft SIGKILL file-journal/source: resume uses fixed intent and the same source and memory receipts
ok 205 - draft SIGKILL file-journal/source: resume uses fixed intent and the same source and memory receipts
  ---
  duration_ms: 1320.483708
  type: 'test'
  ...
# Subtest: draft SIGKILL file-journal/memory: resume uses fixed intent and the same source and memory receipts
ok 206 - draft SIGKILL file-journal/memory: resume uses fixed intent and the same source and memory receipts
  ---
  duration_ms: 1184.04025
  type: 'test'
  ...
# Subtest: two actual processes applying the same draft converge on one source and one revision
ok 207 - two actual processes applying the same draft converge on one source and one revision
  ---
  duration_ms: 1011.297125
  type: 'test'
  ...
# Subtest: draft export preserves an editable rename, exact body and immutable origin on duplicate create
ok 208 - draft export preserves an editable rename, exact body and immutable origin on duplicate create
  ---
  duration_ms: 87.380542
  type: 'test'
  ...
# Subtest: intent binding is immutable, owner scoped and resumes without the editable file
ok 209 - intent binding is immutable, owner scoped and resumes without the editable file
  ---
  duration_ms: 104.422833
  type: 'test'
  ...
# Subtest: draft parsing supports CRLF front matter but rejects nontext metadata, invalid UTF-8 and invalid content
ok 210 - draft parsing supports CRLF front matter but rejects nontext metadata, invalid UTF-8 and invalid content
  ---
  duration_ms: 109.121625
  type: 'test'
  ...
# Subtest: draft paths reject symlinks, external hardlinks and permissive editor saves without chmod or fallback
ok 211 - draft paths reject symlinks, external hardlinks and permissive editor saves without chmod or fallback
  ---
  duration_ms: 169.807625
  type: 'test'
  ...
# Subtest: draft namespace and individual byte limits reject explicitly before another export is published
ok 212 - draft namespace and individual byte limits reject explicitly before another export is published
  ---
  duration_ms: 2016.999583
  type: 'test'
  ...
# Subtest: a pending unlink during an observed draft read is re-enumerated without losing immutable bytes
ok 213 - a pending unlink during an observed draft read is re-enumerated without losing immutable bytes
  ---
  duration_ms: 115.162708
  type: 'test'
  ...
# Subtest: actual SIGKILL at draft candidate resumes one intent without needing the editable file
ok 214 - actual SIGKILL at draft candidate resumes one intent without needing the editable file
  ---
  duration_ms: 153.453875
  type: 'test'
  ...
# Subtest: actual SIGKILL at draft intent resumes one intent without needing the editable file
ok 215 - actual SIGKILL at draft intent resumes one intent without needing the editable file
  ---
  duration_ms: 132.824625
  type: 'test'
  ...
# Subtest: draft intent sync EIO preserves its original cause and published status before read-side retry
ok 216 - draft intent sync EIO preserves its original cause and published status before read-side retry
  ---
  duration_ms: 120.439875
  type: 'test'
  ...
# Subtest: two processes bind one apply ID once and reject different immutable intent bytes
ok 217 - two processes bind one apply ID once and reject different immutable intent bytes
  ---
  duration_ms: 139.734916
  type: 'test'
  ...
# Subtest: sqlite: Web personal memory crosses a completed work and restart, with explicit current-version recall and forget
ok 218 - sqlite: Web personal memory crosses a completed work and restart, with explicit current-version recall and forget
  ---
  duration_ms: 826.594167
  type: 'test'
  ...
# Subtest: file-journal: Web personal memory crosses a completed work and restart, with explicit current-version recall and forget
ok 219 - file-journal: Web personal memory crosses a completed work and restart, with explicit current-version recall and forget
  ---
  duration_ms: 1941.198625
  type: 'test'
  ...
# Subtest: installed CLI records a real source and uses explicit memory revision, then clears and forgets after restart
ok 220 - installed CLI records a real source and uses explicit memory revision, then clears and forgets after restart
  ---
  duration_ms: 3928.049291
  type: 'test'
  ...
# Subtest: new-input remember retries reuse the applied user message after a memory failure and after response loss
ok 221 - new-input remember retries reuse the applied user message after a memory failure and after response loss
  ---
  duration_ms: 289.881084
  type: 'test'
  ...
# Subtest: surface authority rejects other users, labels, destinations and session work selection while same-owner memory remains cross-session
ok 222 - surface authority rejects other users, labels, destinations and session work selection while same-owner memory remains cross-session
  ---
  duration_ms: 640.344458
  type: 'test'
  ...
# Subtest: Web memory mutations preserve CSRF and strict owner-free schemas, reject stale work input and do not append operation notices
ok 223 - Web memory mutations preserve CSRF and strict owner-free schemas, reject stale work input and do not append operation notices
  ---
  duration_ms: 279.210834
  type: 'test'
  ...
# Subtest: legacy synthetic directory exposes no personal-memory service and does not reinterpret old knowledge
ok 224 - legacy synthetic directory exposes no personal-memory service and does not reinterpret old knowledge
  ---
  duration_ms: 142.268541
  type: 'test'
  ...
# Subtest: memory source controls reject assistant text, invented quotes and unbound new input without creating memory
ok 225 - memory source controls reject assistant text, invented quotes and unbound new input without creating memory
  ---
  duration_ms: 206.014875
  type: 'test'
  ...
# Subtest: sqlite: a correction receipt reports its original revision after later correction and forgetting
ok 226 - sqlite: a correction receipt reports its original revision after later correction and forgetting
  ---
  duration_ms: 279.986583
  type: 'test'
  ...
# Subtest: documents: a correction receipt reports its original revision after later correction and forgetting
ok 227 - documents: a correction receipt reports its original revision after later correction and forgetting
  ---
  duration_ms: 603.861292
  type: 'test'
  ...
# Subtest: revision status checks the entire original command and returns no source or body fields
ok 228 - revision status checks the entire original command and returns no source or body fields
  ---
  duration_ms: 143.484417
  type: 'test'
  ...
# Subtest: duplicate correction joins an original commit that finishes after its initial record read
ok 229 - duplicate correction joins an original commit that finishes after its initial record read
  ---
  duration_ms: 188.5895
  type: 'test'
  ...
# Subtest: revision status hides current metadata after label narrowing and rejects namespace or host-owner loss
ok 230 - revision status hides current metadata after label narrowing and rejects namespace or host-owner loss
  ---
  duration_ms: 150.594208
  type: 'test'
  ...
# Subtest: revision status rechecks authority after storage and rejects a forged receipt revision or owner
ok 231 - revision status rechecks authority after storage and rejects a forged receipt revision or owner
  ---
  duration_ms: 166.512209
  type: 'test'
  ...
# Subtest: document event-only correction recovers its witness through status without another source intake or commit
ok 232 - document event-only correction recovers its witness through status without another source intake or commit
  ---
  duration_ms: 391.043
  type: 'test'
  ...
# Subtest: session context: Y receives prior utterances with source IDs while its work state and protected input remain independent
ok 233 - session context: Y receives prior utterances with source IDs while its work state and protected input remain independent
  ---
  duration_ms: 24.708417
  type: 'test'
  ...
# Subtest: session context: omitted, rewritten and foreign session packets are rejected even with an unchanged work revision
ok 234 - session context: omitted, rewritten and foreign session packets are rejected even with an unchanged work revision
  ---
  duration_ms: 7.566667
  type: 'test'
  ...
# Subtest: session context: oversized protected history refuses the model input instead of silently discarding prior agreements
ok 235 - session context: oversized protected history refuses the model input instead of silently discarding prior agreements
  ---
  duration_ms: 4.083375
  type: 'test'
  ...
# Subtest: session frame store: stage rejects altered text and previous refuses foreign or stale session bases
ok 236 - session frame store: stage rejects altered text and previous refuses foreign or stale session bases
  ---
  duration_ms: 9.534291
  type: 'test'
  ...
# Subtest: session planning: semantic version 3 reaches the actual planner and a newer unrelated session tail does not invalidate its fixed input
ok 237 - session planning: semantic version 3 reaches the actual planner and a newer unrelated session tail does not invalidate its fixed input
  ---
  duration_ms: 11.860792
  type: 'test'
  ...
# Subtest: session planning: an applied input invalidates a reserved call without copying or invoking its obsolete packet
ok 238 - session planning: an applied input invalidates a reserved call without copying or invoking its obsolete packet
  ---
  duration_ms: 5.198667
  type: 'test'
  ...
# Subtest: session planning: input applied during a model call rejects the late plan but retains reported usage
ok 239 - session planning: input applied during a model call rejects the late plan but retains reported usage
  ---
  duration_ms: 7.183917
  type: 'test'
  ...
# Subtest: session planning: losing access to the referenced conversation after execution prevents plan adoption
ok 240 - session planning: losing access to the referenced conversation after execution prevents plan adoption
  ---
  duration_ms: 5.897958
  type: 'test'
  ...
# Subtest: session planning: legacy non-session calls retain semantic version 2 and need no session provider
ok 241 - session planning: legacy non-session calls retain semantic version 2 and need no session provider
  ---
  duration_ms: 5.024625
  type: 'test'
  ...
# Subtest: session recovery: reconstruction retains source conversation, reuses an equal packet and refuses unavailable session inputs
ok 242 - session recovery: reconstruction retains source conversation, reuses an equal packet and refuses unavailable session inputs
  ---
  duration_ms: 5.327333
  type: 'test'
  ...
# Subtest: sqlite: actual session input cancels an unsent model reservation and returns its allocation
ok 243 - sqlite: actual session input cancels an unsent model reservation and returns its allocation
  ---
  duration_ms: 223.3755
  type: 'test'
  ...
# Subtest: sqlite: real session input during a model call rejects the late proposal and preserves usage
ok 244 - sqlite: real session input during a model call rejects the late proposal and preserves usage
  ---
  duration_ms: 222.027458
  type: 'test'
  ...
# Subtest: sqlite: real session cancel during a model call rejects the late proposal and preserves usage
ok 245 - sqlite: real session cancel during a model call rejects the late proposal and preserves usage
  ---
  duration_ms: 214.835917
  type: 'test'
  ...
# Subtest: sqlite: durable raw input left pending prevents tool execution and outbox sends until the same input is recovered
ok 246 - sqlite: durable raw input left pending prevents tool execution and outbox sends until the same input is recovered
  ---
  duration_ms: 141.629625
  type: 'test'
  ...
# Subtest: file-journal: actual session input cancels an unsent model reservation and returns its allocation
ok 247 - file-journal: actual session input cancels an unsent model reservation and returns its allocation
  ---
  duration_ms: 245.673084
  type: 'test'
  ...
# Subtest: file-journal: real session input during a model call rejects the late proposal and preserves usage
ok 248 - file-journal: real session input during a model call rejects the late proposal and preserves usage
  ---
  duration_ms: 372.994084
  type: 'test'
  ...
# Subtest: file-journal: real session cancel during a model call rejects the late proposal and preserves usage
ok 249 - file-journal: real session cancel during a model call rejects the late proposal and preserves usage
  ---
  duration_ms: 459.013
  type: 'test'
  ...
# Subtest: file-journal: durable raw input left pending prevents tool execution and outbox sends until the same input is recovered
ok 250 - file-journal: durable raw input left pending prevents tool execution and outbox sends until the same input is recovered
  ---
  duration_ms: 689.754542
  type: 'test'
  ...
# Subtest: real session provider rejects a full pending page even when the blocked work appears only after that page
ok 251 - real session provider rejects a full pending page even when the blocked work appears only after that page
  ---
  duration_ms: 414.329416
  type: 'test'
  ...
# Subtest: real session history does not authorize a missing source artifact merely because a derived context remains readable
ok 252 - real session history does not authorize a missing source artifact merely because a derived context remains readable
  ---
  duration_ms: 392.300917
  type: 'test'
  ...
# Subtest: sqlite: real SIGKILL after inbox resumes the same input/work/delivery
ok 253 - sqlite: real SIGKILL after inbox resumes the same input/work/delivery
  ---
  duration_ms: 411.218542
  type: 'test'
  ...
# Subtest: sqlite: real SIGKILL after work resumes the same input/work/delivery
ok 254 - sqlite: real SIGKILL after work resumes the same input/work/delivery
  ---
  duration_ms: 464.115541
  type: 'test'
  ...
# Subtest: sqlite: real SIGKILL after delivery resumes the same input/work/delivery
ok 255 - sqlite: real SIGKILL after delivery resumes the same input/work/delivery
  ---
  duration_ms: 439.235375
  type: 'test'
  ...
# Subtest: file-journal: real SIGKILL after inbox resumes the same input/work/delivery
ok 256 - file-journal: real SIGKILL after inbox resumes the same input/work/delivery
  ---
  duration_ms: 520.581458
  type: 'test'
  ...
# Subtest: file-journal: real SIGKILL after work resumes the same input/work/delivery
ok 257 - file-journal: real SIGKILL after work resumes the same input/work/delivery
  ---
  duration_ms: 537.226291
  type: 'test'
  ...
# Subtest: file-journal: real SIGKILL after delivery resumes the same input/work/delivery
ok 258 - file-journal: real SIGKILL after delivery resumes the same input/work/delivery
  ---
  duration_ms: 484.239042
  type: 'test'
  ...
# Subtest: sqlite: completed X and restarted Y share raw conversation but not work/evidence/budget
ok 259 - sqlite: completed X and restarted Y share raw conversation but not work/evidence/budget
  ---
  duration_ms: 450.163916
  type: 'test'
  ...
# Subtest: file-journal: completed X and restarted Y share raw conversation but not work/evidence/budget
ok 260 - file-journal: completed X and restarted Y share raw conversation but not work/evidence/budget
  ---
  duration_ms: 1078.021667
  type: 'test'
  ...
# Subtest: same message retransmission recovers stable work; conflicting raw text is rejected before extra work
ok 261 - same message retransmission recovers stable work; conflicting raw text is rejected before extra work
  ---
  duration_ms: 193.031292
  type: 'test'
  ...
# Subtest: input/work linkage recovers after a failure following the durable work commit
ok 262 - input/work linkage recovers after a failure following the durable work commit
  ---
  duration_ms: 222.522541
  type: 'test'
  ...
# Subtest: agents/users/new sessions cannot access or inject another session even with a known session ID
ok 263 - agents/users/new sessions cannot access or inject another session even with a known session ID
  ---
  duration_ms: 292.633708
  type: 'test'
  ...
# Subtest: new applied text invalidates old context and requires review; a rejected command does not block the next input
ok 264 - new applied text invalidates old context and requires review; a rejected command does not block the next input
  ---
  duration_ms: 244.293042
  type: 'test'
  ...
# Subtest: Y can prepare before X without trapping X or regressing the active session head
ok 265 - Y can prepare before X without trapping X or regressing the active session head
  ---
  duration_ms: 155.519584
  type: 'test'
  ...
# Subtest: context capacity is explicit and preserves the received original for later compact
ok 266 - context capacity is explicit and preserves the received original for later compact
  ---
  duration_ms: 190.831708
  type: 'test'
  ...
# Subtest: sqlite: inputOnly resumes the same original once and still acknowledges it after completed work
ok 267 - sqlite: inputOnly resumes the same original once and still acknowledges it after completed work
  ---
  duration_ms: 425.705292
  type: 'test'
  ...
# Subtest: sqlite: inputOnly leaves later work and command intakes pending, while ordinary resume still applies both
ok 268 - sqlite: inputOnly leaves later work and command intakes pending, while ordinary resume still applies both
  ---
  duration_ms: 142.610292
  type: 'test'
  ...
# Subtest: file-journal: inputOnly resumes the same original once and still acknowledges it after completed work
ok 269 - file-journal: inputOnly resumes the same original once and still acknowledges it after completed work
  ---
  duration_ms: 954.268
  type: 'test'
  ...
# Subtest: file-journal: inputOnly leaves later work and command intakes pending, while ordinary resume still applies both
ok 270 - file-journal: inputOnly leaves later work and command intakes pending, while ordinary resume still applies both
  ---
  duration_ms: 217.868083
  type: 'test'
  ...
# Subtest: inputOnly does not overtake an earlier pending work or automatically create another original
ok 271 - inputOnly does not overtake an earlier pending work or automatically create another original
  ---
  duration_ms: 154.949542
  type: 'test'
  ...
# Subtest: inputOnly catches a predecessor arriving between its preflight and durable receive
ok 272 - inputOnly catches a predecessor arriving between its preflight and durable receive
  ---
  duration_ms: 141.708792
  type: 'test'
  ...
# Subtest: inputOnly recovers a committed work command whose inbox settlement was interrupted
ok 273 - inputOnly recovers a committed work command whose inbox settlement was interrupted
  ---
  duration_ms: 171.227833
  type: 'test'
  ...
# Subtest: inputOnly keeps authorization, session binding, and stale revision rejection before memory capture
ok 274 - inputOnly keeps authorization, session binding, and stale revision rejection before memory capture
  ---
  duration_ms: 134.977792
  type: 'test'
  ...
# Subtest: owned v1 migration preserves exact work JSON, sources, receipts and index state without personal adoption
ok 275 - owned v1 migration preserves exact work JSON, sources, receipts and index state without personal adoption
  ---
  duration_ms: 16.758291
  type: 'test'
  ...
# Subtest: migration copy failure rolls back schema and all data, then the same owner can retry
ok 276 - migration copy failure rolls back schema and all data, then the same owner can retry
  ---
  duration_ms: 25.140583
  type: 'test'
  ...
# Subtest: unowned, foreign-owned and malformed legacy databases cannot be silently migrated
ok 277 - unowned, foreign-owned and malformed legacy databases cannot be silently migrated
  ---
  duration_ms: 65.606291
  type: 'test'
  ...
# Subtest: independent scoped reopens retain legacy shared/reviewed records and work index lag semantics
ok 278 - independent scoped reopens retain legacy shared/reviewed records and work index lag semantics
  ---
  duration_ms: 30.9115
  type: 'test'
  ...
# Subtest: actual SIGKILL at migration copied preserves the atomic schema and original receipt
ok 279 - actual SIGKILL at migration copied preserves the atomic schema and original receipt
  ---
  duration_ms: 74.258584
  type: 'test'
  ...
# Subtest: actual SIGKILL at migration committed preserves the atomic schema and original receipt
ok 280 - actual SIGKILL at migration committed preserves the atomic schema and original receipt
  ---
  duration_ms: 60.281416
  type: 'test'
  ...
# Subtest: personal commit indexes immediately, survives reopen, uses CAS and retains receipts after forgetting
ok 281 - personal commit indexes immediately, survives reopen, uses CAS and retains receipts after forgetting
  ---
  duration_ms: 24.964917
  type: 'test'
  ...
# Subtest: shared handles isolate identical IDs, receipts, heads and indexes across agents, users and tenants
ok 282 - shared handles isolate identical IDs, receipts, heads and indexes across agents, users and tenants
  ---
  duration_ms: 27.296125
  type: 'test'
  ...
# Subtest: personal scope is explicit and cannot enter legacy/work partitions or reviewer searches
ok 283 - personal scope is explicit and cannot enter legacy/work partitions or reviewer searches
  ---
  duration_ms: 15.239708
  type: 'test'
  ...
# Subtest: shared registration is explicit, immutable, distinct from single-agent owner and checked on reuse
ok 284 - shared registration is explicit, immutable, distinct from single-agent owner and checked on reuse
  ---
  duration_ms: 49.572875
  type: 'test'
  ...
# Subtest: personal record, index, head and receipt roll back together at index and receipt failures
ok 285 - personal record, index, head and receipt roll back together at index and receipt failures
  ---
  duration_ms: 18.335167
  type: 'test'
  ...
# Subtest: scoped canonical rows reject body identity tampering rather than returning another user record
ok 286 - scoped canonical rows reject body identity tampering rather than returning another user record
  ---
  duration_ms: 22.142916
  type: 'test'
  ...
# Subtest: session aliases persist by owner and route; explicit identifiers only resume their exact scope
ok 287 - session aliases persist by owner and route; explicit identifiers only resume their exact scope
  ---
  duration_ms: 18.756209
  type: 'test'
  ...
# Subtest: intake receipt is durable and idempotent; late settlement never replaces a newer active work
ok 288 - intake receipt is durable and idempotent; late settlement never replaces a newer active work
  ---
  duration_ms: 15.275667
  type: 'test'
  ...
# Subtest: head CAS retains tail and historic prefixes, assigning each candidate one permanent revision
ok 289 - head CAS retains tail and historic prefixes, assigning each candidate one permanent revision
  ---
  duration_ms: 4.600708
  type: 'test'
  ...
# Subtest: local response reference and canonical message commit atomically, with no response-body copy
ok 290 - local response reference and canonical message commit atomically, with no response-body copy
  ---
  duration_ms: 7.633375
  type: 'test'
  ...
# Subtest: a failed user-reference transaction leaves neither receipt nor consumed sequence
ok 291 - a failed user-reference transaction leaves neither receipt nor consumed sequence
  ---
  duration_ms: 13.547583
  type: 'test'
  ...
# Subtest: history applies label and destination policy before paging and binds cursors to a fixed scope/policy/prefix
ok 292 - history applies label and destination policy before paging and binds cursors to a fixed scope/policy/prefix
  ---
  duration_ms: 18.945375
  type: 'test'
  ...
# Subtest: delivery scope mismatch cannot append a message, and a missing session reference cannot claim delivered
ok 293 - delivery scope mismatch cannot append a message, and a missing session reference cannot claim delivered
  ---
  duration_ms: 9.214583
  type: 'test'
  ...
# Subtest: enabling sessions never adopts legacy local message bodies into a new session
ok 294 - enabling sessions never adopts legacy local message bodies into a new session
  ---
  duration_ms: 22.111042
  type: 'test'
  ...
# Subtest: agent-store composition exposes owner-bound sessions separately from each agents long-term memory
ok 295 - agent-store composition exposes owner-bound sessions separately from each agents long-term memory
  ---
  duration_ms: 550.918583
  type: 'test'
  ...
1..295
# tests 295
# suites 0
# pass 295
# fail 0
# cancelled 0
# skipped 0
# todo 0
# duration_ms 68902.026875
