TAP version 13
# Subtest: recovery management preserves originals and candidate-close faults from a real worker with an injected post-close error
ok 1 - recovery management preserves originals and candidate-close faults from a real worker with an injected post-close error
  ---
  duration_ms: 1026.38575
  type: 'test'
  ...
# Subtest: recovery management preserves originals and validation-close faults from a real worker with an injected post-close error
ok 2 - recovery management preserves originals and validation-close faults from a real worker with an injected post-close error
  ---
  duration_ms: 1077.62675
  type: 'test'
  ...
# Subtest: recovery management retains an unobserved-worker fence after simulated missing terminal events and dead-manager lease recovery
ok 3 - recovery management retains an unobserved-worker fence after simulated missing terminal events and dead-manager lease recovery
  ---
  duration_ms: 6200.889375
  type: 'test'
  ...
# Subtest: recovery CLI explicitly prepares and applies one operation while status, repair, and repeated commands preserve originals
ok 4 - recovery CLI explicitly prepares and applies one operation while status, repair, and repeated commands preserve originals
  ---
  duration_ms: 2834.471916
  type: 'test'
  ...
# Subtest: recovery CLI preserves a real interrupted apply pending gate until lease recovery and exact-operation resume
ok 5 - recovery CLI preserves a real interrupted apply pending gate until lease recovery and exact-operation resume
  ---
  duration_ms: 3195.83075
  type: 'test'
  ...
1..5
# tests 5
# suites 0
# pass 5
# fail 0
# cancelled 0
# skipped 0
# todo 0
# duration_ms 14450.828958
