TAP version 13
# Subtest: prepare rejects a foreign database owner without adopting or changing the original hot rollback pair
ok 1 - prepare rejects a foreign database owner without adopting or changing the original hot rollback pair
  ---
  duration_ms: 448.944667
  type: 'test'
  ...
# Subtest: prepare rejects a missing required state table without repairing the schema or changing the original hot pair
ok 2 - prepare rejects a missing required state table without repairing the schema or changing the original hot pair
  ---
  duration_ms: 414.474333
  type: 'test'
  ...
# Subtest: prepare rejects WAL or SHM mixed with a hot rollback pair while preserving every original file
ok 3 - prepare rejects WAL or SHM mixed with a hot rollback pair while preserving every original file
  ---
  duration_ms: 569.064792
  type: 'test'
  ...
1..3
# tests 3
# suites 0
# pass 3
# fail 0
# cancelled 0
# skipped 0
# todo 0
# duration_ms 1515.80225
