✔ personal memory reuses applied original and survives restart without copying conversation (sqlite) (499.461333ms)
✔ personal memory reuses applied original and survives restart without copying conversation (file-journal) (599.129042ms)
✔ personal correction uses a new applied original and invalidates the old dependency (288.8095ms)
✔ forget removes active body and quote, preserves originals and never revives an old create (407.967167ms)
✔ personal source never becomes shareable Evidence or a derived work-knowledge fact (239.699333ms)
✔ current user-source labels prevents cached read and dependency reuse (320.409083ms)
✔ current user-source scope prevents cached read and dependency reuse (381.399208ms)
✔ current user-source destination prevents cached read and dependency reuse (337.244209ms)
✔ current user-source principal prevents cached read and dependency reuse (308.992833ms)
✔ current user-source tenant prevents cached read and dependency reuse (306.79ms)
✔ current user-source generation prevents cached read and dependency reuse (244.511792ms)
✔ host caller restrictions reach the actual reader and do not prevent authorized forgetting (221.453666ms)
✔ reviewer grants cannot expose another user personal record or command receipt (237.703041ms)
✔ personal original history boundary is checked against actual stored intake (207.559083ms)
✔ personal original receipt-digest boundary is checked against actual stored intake (320.548625ms)
✔ personal original pending boundary is checked against actual stored intake (195.763042ms)
✔ personal original rejected boundary is checked against actual stored intake (267.93275ms)
✔ personal original missing boundary is checked against actual stored intake (291.387333ms)
✔ fabricated or assistant text cannot be an explicit user-memory source (219.027292ms)
✔ commit response loss resumes from scoped receipt with one personal revision (239.551292ms)
✔ user-source inspection does not inherit unrelated model inputs or form a work-memory cycle (296.015875ms)
✔ recorded derived-copy quarantine does not revoke the new user correction it will consume (262.597666ms)
✔ actual memory tools recall personal cards across work scopes without accepting caller ownership (223.682709ms)
✔ sqlite: explicit personal recall reaches the real packet, frame and reopened resume without copying the old session (774.144708ms)
✔ file-journal: explicit personal recall reaches the real packet, frame and reopened resume without copying the old session (3887.97325ms)
✔ omitted, forged or unavailable personal context cannot stage or validate a selected work frame (499.538083ms)
✔ selection is idempotent and refuses a same-goal newer input, foreign owner, and a cancelled work (332.356959ms)
✔ forgetting during a real delayed synthetic model call rejects the reply while preserving reported usage (593.887208ms)
✔ a changed revision invalidates an existing frame and the replacement needs a fresh explicit selection (568.3425ms)
✔ sqlite: Web personal memory crosses a completed work and restart, with explicit current-version recall and forget (1313.373833ms)
✔ file-journal: Web personal memory crosses a completed work and restart, with explicit current-version recall and forget (5895.098792ms)
✔ installed CLI records a real source and uses explicit memory revision, then clears and forgets after restart (3029.697375ms)
✔ new-input remember retries reuse the applied user message after a memory failure and after response loss (142.369541ms)
✔ surface authority rejects other users, labels, destinations and session work selection while same-owner memory remains cross-session (270.800834ms)
✖ Web memory mutations preserve CSRF and strict owner-free schemas, reject stale work input and do not append operation notices (169.43475ms)
✔ legacy synthetic directory exposes no personal-memory service and does not reinterpret old knowledge (88.948416ms)
✔ memory source controls reject assistant text, invented quotes and unbound new input without creating memory (139.54425ms)
✖ owned v1 migration preserves exact work JSON, sources, receipts and index state without personal adoption (39.173167ms)
✔ migration copy failure rolls back schema and all data, then the same owner can retry (87.107916ms)
✔ unowned, foreign-owned and malformed legacy databases cannot be silently migrated (298.762333ms)
✔ independent scoped reopens retain legacy shared/reviewed records and work index lag semantics (34.493833ms)
✔ actual SIGKILL at migration copied preserves the atomic schema and original receipt (79.294708ms)
✖ actual SIGKILL at migration committed preserves the atomic schema and original receipt (81.296208ms)
✔ personal commit indexes immediately, survives reopen, uses CAS and retains receipts after forgetting (37.251417ms)
✔ shared handles isolate identical IDs, receipts, heads and indexes across agents, users and tenants (92.52275ms)
✔ personal scope is explicit and cannot enter legacy/work partitions or reviewer searches (69.705875ms)
✔ shared registration is explicit, immutable, distinct from single-agent owner and checked on reuse (195.815459ms)
✔ personal record, index, head and receipt roll back together at index and receipt failures (43.282542ms)
✔ scoped canonical rows reject body identity tampering rather than returning another user record (18.324417ms)
ℹ tests 49
ℹ suites 0
ℹ pass 46
ℹ fail 3
ℹ cancelled 0
ℹ skipped 0
ℹ todo 0
ℹ duration_ms 11183.17275

✖ failing tests:

test at dist/tests/personal-memory-presentation.test.js:284:1
✖ Web memory mutations preserve CSRF and strict owner-free schemas, reject stale work input and do not append operation notices (169.43475ms)
  AssertionError [ERR_ASSERTION]: Expected values to be strictly deep-equal:
  + actual - expected
  
    [
      'initial',
      'later',
  +   'web-command:10af21e000b01c0dce0de93d6a5072ffd764282f1b9d8d5d287c11840a5bad72'
  -   'cancel'
    ]
  
      at TestContext.<anonymous> (file:///Users/seunghanee/Documents/secumon/runtime/dist/tests/personal-memory-presentation.test.js:309:16)
      at process.processTicksAndRejections (node:internal/process/task_queues:104:5)
      at async Test.run (node:internal/test_runner/test:1404:7)
      at async Test.processPendingSubtests (node:internal/test_runner/test:969:7) {
    generatedMessage: true,
    code: 'ERR_ASSERTION',
    actual: [ 'initial', 'later', 'web-command:10af21e000b01c0dce0de93d6a5072ffd764282f1b9d8d5d287c11840a5bad72' ],
    expected: [ 'initial', 'later', 'cancel' ],
    operator: 'deepStrictEqual',
    diff: 'simple'
  }

test at dist/tests/sqlite-knowledge-migration.test.js:21:1
✖ owned v1 migration preserves exact work JSON, sources, receipts and index state without personal adoption (39.173167ms)
  AssertionError [ERR_ASSERTION]: Expected values to be strictly deep-equal:
  + actual - expected
  ... Skipped lines
  
    {
      heads: [
  +     {
  -     [Object: null prototype] {
          cursor: 1,
          error: 'index_read_failed',
          namespace: 'team',
          revision: 1,
          tenant_id: 'tenant-a'
  ...
      index: [
  +     {
  -     [Object: null prototype] {
          body: '{\n' +
            '  "id": "legacy-memory",\n' +
            '  "tenantId": "tenant-a",\n' +
            '  "namespace": "team",\n' +
            '  "scope": "fixture",\n' +
  ...
      receipts: [
  +     {
  -     [Object: null prototype] {
          command_id: 'old-create',
          digest: '5bb1de8ba2536262a3d6fb97553ebf55356f8a3ad9ee8b9e0ff8579e9d0c2740',
          id: 'legacy-memory',
          revision: 1,
          tenant_id: 'tenant-a'
  ...
      records: [
  +     {
  -     [Object: null prototype] {
          body: '{\n' +
            '  "id": "legacy-memory",\n' +
            '  "tenantId": "tenant-a",\n' +
            '  "namespace": "team",\n' +
            '  "scope": "fixture",\n' +
  
      at TestContext.<anonymous> (file:///Users/seunghanee/Documents/secumon/runtime/dist/tests/sqlite-knowledge-migration.test.js:54:20)
      at async Test.run (node:internal/test_runner/test:1404:7)
      at async startSubtestAfterBootstrap (node:internal/test_runner/harness:387:3) {
    generatedMessage: true,
    code: 'ERR_ASSERTION',
    actual: { records: [ [Object] ], heads: [ [Object] ], receipts: [ [Object] ], index: [ [Object] ] },
    expected: { records: [ [Object] ], heads: [ [Object] ], receipts: [ [Object] ], index: [ [Object] ] },
    operator: 'deepStrictEqual',
    diff: 'simple'
  }

test at dist/tests/sqlite-knowledge-migration.test.js:199:5
✖ actual SIGKILL at migration committed preserves the atomic schema and original receipt (81.296208ms)
  AssertionError [ERR_ASSERTION]: Expected values to be strictly deep-equal:
  + actual - expected
  ... Skipped lines
  
    {
      heads: [
  +     {
  -     [Object: null prototype] {
          cursor: 1,
          error: null,
          namespace: 'team',
          revision: 1,
          tenant_id: 'tenant-a'
  ...
      index: [
  +     {
  -     [Object: null prototype] {
          body: '{"id":"legacy-memory","tenantId":"tenant-a","namespace":"team","scope":"fixture","authorId":"user-a","kind":"experience","title":"Evidence 기억","body":"보존 기간 관측","labels":[],"revision":1,"contentRevision":1,"status":"active","visibility":"private","reviewState":"private","review":null,"sources":[{"workId":"work-a","evidenceId":"evidence-a","ownerId":"user-a","sourceId":"document-a","sourceVersion":"bbbbbbbbbbbbbbbbbbbbbbbbbbbbbbbbbbbbbbbbbbbbbbbbbbbbbbbbbbbbbbbb","generation":0,"observedAt":100,"recordedAt":101,"coverage":"complete","labels":[]}],"derivedFrom":[],"createdAt":110,"updatedAt":110,"expiresAt":null}',
          document: 'evidence 기억\n보존 기간 관측',
          id: 'legacy-memory',
          namespace: 'team',
          tenant_id: 'tenant-a'
  ...
      receipts: [
  +     {
  -     [Object: null prototype] {
          command_id: 'surviving-receipt',
          digest: 'bbf626d60af6143e97dcffd6ce7d6ed571d500cea263c896942175a9a5b18c6f',
          id: 'legacy-memory',
          revision: 1,
          tenant_id: 'tenant-a'
  ...
      records: [
  +     {
  -     [Object: null prototype] {
          body: '{"id":"legacy-memory","tenantId":"tenant-a","namespace":"team","scope":"fixture","authorId":"user-a","kind":"experience","title":"Evidence 기억","body":"보존 기간 관측","labels":[],"revision":1,"contentRevision":1,"status":"active","visibility":"private","reviewState":"private","review":null,"sources":[{"workId":"work-a","evidenceId":"evidence-a","ownerId":"user-a","sourceId":"document-a","sourceVersion":"bbbbbbbbbbbbbbbbbbbbbbbbbbbbbbbbbbbbbbbbbbbbbbbbbbbbbbbbbbbbbbbb","generation":0,"observedAt":100,"recordedAt":101,"coverage":"complete","labels":[]}],"derivedFrom":[],"createdAt":110,"updatedAt":110,"expiresAt":null}',
          id: 'legacy-memory',
          namespace: 'team',
          revision: 1,
          tenant_id: 'tenant-a'
  
      at TestContext.<anonymous> (file:///Users/seunghanee/Documents/secumon/runtime/dist/tests/sqlite-knowledge-migration.test.js:237:28)
      at process.processTicksAndRejections (node:internal/process/task_queues:104:5)
      at async Test.run (node:internal/test_runner/test:1404:7)
      at async Test.processPendingSubtests (node:internal/test_runner/test:969:7) {
    generatedMessage: true,
    code: 'ERR_ASSERTION',
    actual: { records: [ [Object] ], heads: [ [Object] ], receipts: [ [Object] ], index: [ [Object] ] },
    expected: { records: [ [Object] ], heads: [ [Object] ], receipts: [ [Object] ], index: [ [Object] ] },
    operator: 'deepStrictEqual',
    diff: 'simple'
  }
