✔ personal memory reuses applied original and survives restart without copying conversation (sqlite) (474.929208ms)
✔ personal memory reuses applied original and survives restart without copying conversation (file-journal) (689.309667ms)
✔ personal correction uses a new applied original and invalidates the old dependency (354.5765ms)
✔ forget removes active body and quote, preserves originals and never revives an old create (495.036833ms)
✔ personal source never becomes shareable Evidence or a derived work-knowledge fact (282.374333ms)
✔ current user-source labels prevents cached read and dependency reuse (350.905292ms)
✔ current user-source scope prevents cached read and dependency reuse (296.706833ms)
✔ current user-source destination prevents cached read and dependency reuse (319.833292ms)
✔ current user-source principal prevents cached read and dependency reuse (300.992292ms)
✔ current user-source tenant prevents cached read and dependency reuse (291.070291ms)
✔ current user-source generation prevents cached read and dependency reuse (263.607958ms)
✔ host caller restrictions reach the actual reader and do not prevent authorized forgetting (265.440292ms)
✔ reviewer grants cannot expose another user personal record or command receipt (246.7825ms)
✔ personal original history boundary is checked against actual stored intake (252.1015ms)
✔ personal original receipt-digest boundary is checked against actual stored intake (361.345792ms)
✔ personal original pending boundary is checked against actual stored intake (364.969208ms)
✔ personal original rejected boundary is checked against actual stored intake (225.1035ms)
✔ personal original missing boundary is checked against actual stored intake (289.286084ms)
✔ fabricated or assistant text cannot be an explicit user-memory source (271.826792ms)
✔ commit response loss resumes from scoped receipt with one personal revision (328.520166ms)
✔ user-source inspection does not inherit unrelated model inputs or form a work-memory cycle (280.396666ms)
✔ recorded derived-copy quarantine does not revoke the new user correction it will consume (326.584708ms)
✔ actual memory tools recall personal cards across work scopes without accepting caller ownership (230.761959ms)
✔ sqlite: explicit personal recall reaches the real packet, frame and reopened resume without copying the old session (797.1465ms)
✔ file-journal: explicit personal recall reaches the real packet, frame and reopened resume without copying the old session (4582.774834ms)
✔ omitted, forged or unavailable personal context cannot stage or validate a selected work frame (537.719625ms)
✔ selection is idempotent and refuses a same-goal newer input, foreign owner, and a cancelled work (384.9065ms)
✔ forgetting during a real delayed synthetic model call rejects the reply while preserving reported usage (629.524542ms)
✔ a changed revision invalidates an existing frame and the replacement needs a fresh explicit selection (552.311625ms)
✔ sqlite: Web personal memory crosses a completed work and restart, with explicit current-version recall and forget (1314.120083ms)
✔ file-journal: Web personal memory crosses a completed work and restart, with explicit current-version recall and forget (6563.250375ms)
✔ installed CLI records a real source and uses explicit memory revision, then clears and forgets after restart (3032.820833ms)
✔ new-input remember retries reuse the applied user message after a memory failure and after response loss (144.902ms)
✔ surface authority rejects other users, labels, destinations and session work selection while same-owner memory remains cross-session (254.300125ms)
✔ Web memory mutations preserve CSRF and strict owner-free schemas, reject stale work input and do not append operation notices (169.636375ms)
✔ legacy synthetic directory exposes no personal-memory service and does not reinterpret old knowledge (86.710792ms)
✔ memory source controls reject assistant text, invented quotes and unbound new input without creating memory (138.029875ms)
✔ owned v1 migration preserves exact work JSON, sources, receipts and index state without personal adoption (29.291834ms)
✔ migration copy failure rolls back schema and all data, then the same owner can retry (24.812583ms)
✔ unowned, foreign-owned and malformed legacy databases cannot be silently migrated (214.553458ms)
✔ independent scoped reopens retain legacy shared/reviewed records and work index lag semantics (91.772917ms)
✔ actual SIGKILL at migration copied preserves the atomic schema and original receipt (115.260292ms)
✔ actual SIGKILL at migration committed preserves the atomic schema and original receipt (109.769209ms)
✔ personal commit indexes immediately, survives reopen, uses CAS and retains receipts after forgetting (27.431708ms)
✔ shared handles isolate identical IDs, receipts, heads and indexes across agents, users and tenants (25.834125ms)
✔ personal scope is explicit and cannot enter legacy/work partitions or reviewer searches (60.569584ms)
✔ shared registration is explicit, immutable, distinct from single-agent owner and checked on reuse (196.756458ms)
✔ personal record, index, head and receipt roll back together at index and receipt failures (61.234334ms)
✔ scoped canonical rows reject body identity tampering rather than returning another user record (38.961375ms)
ℹ tests 49
ℹ suites 0
ℹ pass 49
ℹ fail 0
ℹ cancelled 0
ℹ skipped 0
ℹ todo 0
ℹ duration_ms 11836.004291
