
> long-horizon-runtime@0.1.0 typecheck
> tsc -p tsconfig.json --noEmit

src/application/compose-runtime.ts(118,15): error TS7034: Variable 'inspected' implicitly has type 'any[]' in some locations where its type cannot be determined.
src/application/compose-runtime.ts(123,71): error TS2379: Argument of type 'TrustedKnowledgeActor' is not assignable to parameter of type 'WorkActor' with 'exactOptionalPropertyTypes: true'. Consider adding 'undefined' to the types of the target's properties.
  Type 'TrustedKnowledgeActor' is not assignable to type 'Partial<Pick<Policy, "allowedLabels" | "allowedDestinations" | "allowedTools" | "allowWrites">>' with 'exactOptionalPropertyTypes: true'. Consider adding 'undefined' to the types of the target's properties.
    Types of property 'allowedDestinations' are incompatible.
      Type 'string[] | undefined' is not assignable to type 'string[]'.
        Type 'undefined' is not assignable to type 'string[]'.
src/application/compose-runtime.ts(129,54): error TS7005: Variable 'inspected' implicitly has an 'any[]' type.
src/tests/board-request-runtime.test.ts(33,87): error TS2379: Argument of type 'BoardActor' is not assignable to parameter of type 'WorkActor' with 'exactOptionalPropertyTypes: true'. Consider adding 'undefined' to the types of the target's properties.
  Type 'BoardActor' is not assignable to type 'Partial<Pick<Policy, "allowedLabels" | "allowedDestinations" | "allowedTools" | "allowWrites">>' with 'exactOptionalPropertyTypes: true'. Consider adding 'undefined' to the types of the target's properties.
    Types of property 'allowedDestinations' are incompatible.
      Type 'string[] | undefined' is not assignable to type 'string[]'.
        Type 'undefined' is not assignable to type 'string[]'.
src/tests/board-request-runtime.test.ts(116,74): error TS2379: Argument of type 'BoardActor' is not assignable to parameter of type 'WorkActor' with 'exactOptionalPropertyTypes: true'. Consider adding 'undefined' to the types of the target's properties.
  Type 'BoardActor' is not assignable to type 'Partial<Pick<Policy, "allowedLabels" | "allowedDestinations" | "allowedTools" | "allowWrites">>' with 'exactOptionalPropertyTypes: true'. Consider adding 'undefined' to the types of the target's properties.
    Types of property 'allowedDestinations' are incompatible.
      Type 'string[] | undefined' is not assignable to type 'string[]'.
        Type 'undefined' is not assignable to type 'string[]'.
src/tests/board-request-runtime.test.ts(122,67): error TS2379: Argument of type 'BoardActor' is not assignable to parameter of type 'WorkActor' with 'exactOptionalPropertyTypes: true'. Consider adding 'undefined' to the types of the target's properties.
  Type 'BoardActor' is not assignable to type 'Partial<Pick<Policy, "allowedLabels" | "allowedDestinations" | "allowedTools" | "allowWrites">>' with 'exactOptionalPropertyTypes: true'. Consider adding 'undefined' to the types of the target's properties.
    Types of property 'allowedDestinations' are incompatible.
      Type 'string[] | undefined' is not assignable to type 'string[]'.
        Type 'undefined' is not assignable to type 'string[]'.
src/tests/board-runtime.test.ts(119,76): error TS2379: Argument of type 'BoardActor' is not assignable to parameter of type 'WorkActor' with 'exactOptionalPropertyTypes: true'. Consider adding 'undefined' to the types of the target's properties.
  Type 'BoardActor' is not assignable to type 'Partial<Pick<Policy, "allowedLabels" | "allowedDestinations" | "allowedTools" | "allowWrites">>' with 'exactOptionalPropertyTypes: true'. Consider adding 'undefined' to the types of the target's properties.
    Types of property 'allowedDestinations' are incompatible.
      Type 'string[] | undefined' is not assignable to type 'string[]'.
        Type 'undefined' is not assignable to type 'string[]'.
src/tests/board-runtime.test.ts(122,73): error TS2379: Argument of type 'BoardActor' is not assignable to parameter of type 'WorkActor' with 'exactOptionalPropertyTypes: true'. Consider adding 'undefined' to the types of the target's properties.
  Type 'BoardActor' is not assignable to type 'Partial<Pick<Policy, "allowedLabels" | "allowedDestinations" | "allowedTools" | "allowWrites">>' with 'exactOptionalPropertyTypes: true'. Consider adding 'undefined' to the types of the target's properties.
    Types of property 'allowedDestinations' are incompatible.
      Type 'string[] | undefined' is not assignable to type 'string[]'.
        Type 'undefined' is not assignable to type 'string[]'.
src/tests/board-runtime.test.ts(124,52): error TS2379: Argument of type 'BoardActor' is not assignable to parameter of type 'WorkActor' with 'exactOptionalPropertyTypes: true'. Consider adding 'undefined' to the types of the target's properties.
  Type 'BoardActor' is not assignable to type 'Partial<Pick<Policy, "allowedLabels" | "allowedDestinations" | "allowedTools" | "allowWrites">>' with 'exactOptionalPropertyTypes: true'. Consider adding 'undefined' to the types of the target's properties.
    Types of property 'allowedDestinations' are incompatible.
      Type 'string[] | undefined' is not assignable to type 'string[]'.
        Type 'undefined' is not assignable to type 'string[]'.
src/tests/board-runtime.test.ts(222,59): error TS2379: Argument of type 'BoardActor' is not assignable to parameter of type 'WorkActor' with 'exactOptionalPropertyTypes: true'. Consider adding 'undefined' to the types of the target's properties.
  Type 'BoardActor' is not assignable to type 'Partial<Pick<Policy, "allowedLabels" | "allowedDestinations" | "allowedTools" | "allowWrites">>' with 'exactOptionalPropertyTypes: true'. Consider adding 'undefined' to the types of the target's properties.
    Types of property 'allowedDestinations' are incompatible.
      Type 'string[] | undefined' is not assignable to type 'string[]'.
        Type 'undefined' is not assignable to type 'string[]'.
src/tests/board-runtime.test.ts(223,84): error TS2379: Argument of type 'BoardActor' is not assignable to parameter of type 'WorkActor' with 'exactOptionalPropertyTypes: true'. Consider adding 'undefined' to the types of the target's properties.
  Type 'BoardActor' is not assignable to type 'Partial<Pick<Policy, "allowedLabels" | "allowedDestinations" | "allowedTools" | "allowWrites">>' with 'exactOptionalPropertyTypes: true'. Consider adding 'undefined' to the types of the target's properties.
    Types of property 'allowedDestinations' are incompatible.
      Type 'string[] | undefined' is not assignable to type 'string[]'.
        Type 'undefined' is not assignable to type 'string[]'.
src/tests/board-wake-runtime.test.ts(50,87): error TS2379: Argument of type 'BoardActor' is not assignable to parameter of type 'WorkActor' with 'exactOptionalPropertyTypes: true'. Consider adding 'undefined' to the types of the target's properties.
  Type 'BoardActor' is not assignable to type 'Partial<Pick<Policy, "allowedLabels" | "allowedDestinations" | "allowedTools" | "allowWrites">>' with 'exactOptionalPropertyTypes: true'. Consider adding 'undefined' to the types of the target's properties.
    Types of property 'allowedDestinations' are incompatible.
      Type 'string[] | undefined' is not assignable to type 'string[]'.
        Type 'undefined' is not assignable to type 'string[]'.
src/tests/board-wake-runtime.test.ts(61,75): error TS2379: Argument of type 'BoardActor' is not assignable to parameter of type 'WorkActor' with 'exactOptionalPropertyTypes: true'. Consider adding 'undefined' to the types of the target's properties.
  Type 'BoardActor' is not assignable to type 'Partial<Pick<Policy, "allowedLabels" | "allowedDestinations" | "allowedTools" | "allowWrites">>' with 'exactOptionalPropertyTypes: true'. Consider adding 'undefined' to the types of the target's properties.
    Types of property 'allowedDestinations' are incompatible.
      Type 'string[] | undefined' is not assignable to type 'string[]'.
        Type 'undefined' is not assignable to type 'string[]'.
src/tests/board-wake-runtime.test.ts(75,71): error TS2379: Argument of type 'BoardActor' is not assignable to parameter of type 'WorkActor' with 'exactOptionalPropertyTypes: true'. Consider adding 'undefined' to the types of the target's properties.
  Type 'BoardActor' is not assignable to type 'Partial<Pick<Policy, "allowedLabels" | "allowedDestinations" | "allowedTools" | "allowWrites">>' with 'exactOptionalPropertyTypes: true'. Consider adding 'undefined' to the types of the target's properties.
    Types of property 'allowedDestinations' are incompatible.
      Type 'string[] | undefined' is not assignable to type 'string[]'.
        Type 'undefined' is not assignable to type 'string[]'.
src/tests/board-wake-runtime.test.ts(115,87): error TS2379: Argument of type 'BoardActor' is not assignable to parameter of type 'WorkActor' with 'exactOptionalPropertyTypes: true'. Consider adding 'undefined' to the types of the target's properties.
  Type 'BoardActor' is not assignable to type 'Partial<Pick<Policy, "allowedLabels" | "allowedDestinations" | "allowedTools" | "allowWrites">>' with 'exactOptionalPropertyTypes: true'. Consider adding 'undefined' to the types of the target's properties.
    Types of property 'allowedDestinations' are incompatible.
      Type 'string[] | undefined' is not assignable to type 'string[]'.
        Type 'undefined' is not assignable to type 'string[]'.
src/tests/board-wake-runtime.test.ts(205,56): error TS2379: Argument of type '{ allowWrites: true; canManageBoards: boolean; agentId?: string | undefined; tenantId: string; principalId: string; allowedLabels: string[]; allowedDestinations?: string[] | undefined; allowedNamespaces: string[]; allowedScopes: string[]; canReview: boolean; canPublish: boolean; }' is not assignable to parameter of type 'WorkActor' with 'exactOptionalPropertyTypes: true'. Consider adding 'undefined' to the types of the target's properties.
  Type '{ allowWrites: true; canManageBoards: boolean; agentId?: string | undefined; tenantId: string; principalId: string; allowedLabels: string[]; allowedDestinations?: string[] | undefined; allowedNamespaces: string[]; allowedScopes: string[]; canReview: boolean; canPublish: boolean; }' is not assignable to type 'Partial<Pick<Policy, "allowedLabels" | "allowedDestinations" | "allowedTools" | "allowWrites">>' with 'exactOptionalPropertyTypes: true'. Consider adding 'undefined' to the types of the target's properties.
    Types of property 'allowedDestinations' are incompatible.
      Type 'string[] | undefined' is not assignable to type 'string[]'.
        Type 'undefined' is not assignable to type 'string[]'.
src/tests/board-write-runtime.test.ts(92,83): error TS2379: Argument of type 'BoardActor' is not assignable to parameter of type 'WorkActor' with 'exactOptionalPropertyTypes: true'. Consider adding 'undefined' to the types of the target's properties.
  Type 'BoardActor' is not assignable to type 'Partial<Pick<Policy, "allowedLabels" | "allowedDestinations" | "allowedTools" | "allowWrites">>' with 'exactOptionalPropertyTypes: true'. Consider adding 'undefined' to the types of the target's properties.
    Types of property 'allowedDestinations' are incompatible.
      Type 'string[] | undefined' is not assignable to type 'string[]'.
        Type 'undefined' is not assignable to type 'string[]'.
src/tests/board-write-runtime.test.ts(161,62): error TS2379: Argument of type 'BoardActor' is not assignable to parameter of type 'WorkActor' with 'exactOptionalPropertyTypes: true'. Consider adding 'undefined' to the types of the target's properties.
  Type 'BoardActor' is not assignable to type 'Partial<Pick<Policy, "allowedLabels" | "allowedDestinations" | "allowedTools" | "allowWrites">>' with 'exactOptionalPropertyTypes: true'. Consider adding 'undefined' to the types of the target's properties.
    Types of property 'allowedDestinations' are incompatible.
      Type 'string[] | undefined' is not assignable to type 'string[]'.
        Type 'undefined' is not assignable to type 'string[]'.
src/tests/personal-knowledge-service.test.ts(44,14): error TS2554: Expected 6-7 arguments, but got 5.
src/tests/personal-knowledge-service.test.ts(44,95): error TS7006: Parameter 'state' implicitly has an 'any' type.
