TAP version 13
# Subtest: apply rejects a different prepared digest before changing the hot pair, candidate, or recovery receipts
ok 1 - apply rejects a different prepared digest before changing the hot pair, candidate, or recovery receipts
  ---
  duration_ms: 668.060708
  type: 'test'
  ...
# Subtest: a published pending recovery blocks normal stores and other operations until its exact prepared operation resumes
ok 2 - a published pending recovery blocks normal stores and other operations until its exact prepared operation resumes
  ---
  duration_ms: 854.34175
  type: 'test'
  ...
# Subtest: status and repeated completed apply preserve a later normal database commit and report only historical recovery
ok 3 - status and repeated completed apply preserve a later normal database commit and report only historical recovery
  ---
  duration_ms: 806.4515
  type: 'test'
  ...
1..3
# tests 3
# suites 0
# pass 3
# fail 0
# cancelled 0
# skipped 0
# todo 0
# duration_ms 2419.481791
