✖ general complex turn: late counterevidence adds only the discriminating task and answers from current independent sources (985.265542ms)
✖ general complex turn: failed discriminating read waits for a question without erasing the conflict (729.723291ms)
ℹ tests 2
ℹ suites 0
ℹ pass 0
ℹ fail 2
ℹ cancelled 0
ℹ skipped 0
ℹ todo 0
ℹ duration_ms 1815.035667

✖ failing tests:

test at dist/tests/complex-agent-turn.test.js:143:5
✖ general complex turn: late counterevidence adds only the discriminating task and answers from current independent sources (985.265542ms)
  TypeError: Cannot read properties of null (reading 'text')
      at TestContext.<anonymous> (file:///Users/seunghanee/Documents/secumon/runtime/dist/tests/complex-agent-turn.test.js:223:80)
      at async Test.run (node:internal/test_runner/test:1404:7)
      at async startSubtestAfterBootstrap (node:internal/test_runner/harness:387:3)

test at dist/tests/complex-agent-turn.test.js:143:5
✖ general complex turn: failed discriminating read waits for a question without erasing the conflict (729.723291ms)
  AssertionError [ERR_ASSERTION]: The expression evaluated to a falsy value:
  
    assert.ok(done.attempts.every(attempt => attempt.adopted))
  
      at TestContext.<anonymous> (file:///Users/seunghanee/Documents/secumon/runtime/dist/tests/complex-agent-turn.test.js:188:16)
      at async Test.run (node:internal/test_runner/test:1404:7)
      at async Test.processPendingSubtests (node:internal/test_runner/test:969:7) {
    generatedMessage: true,
    code: 'ERR_ASSERTION',
    actual: false,
    expected: true,
    operator: '==',
    diff: 'simple'
  }
