✔ sqlite: a measured model window drives repeated automatic compact before a general answer and survives reopening (7058.501083ms)
✖ file-journal: a measured model window drives repeated automatic compact before a general answer and survives reopening (60002.836667ms)
✔ an exactly fitting mandatory request survives conservative selector item costs without writes during inspection (152.861875ms)
✔ token-driven optional reduction falls back to the verified mandatory selection and its normal memo (207.185334ms)
✔ invalid final request estimates remain provider-contract failures before a context frame is written (124.513125ms)
✔ an accepted peer summary before_materialize requests one transient reprepare without discarding the same input (432.872583ms)
✔ an accepted peer summary inside_materialize requests one transient reprepare without discarding the same input (442.922542ms)
✔ a peer summary does not turn a missing original into a transient summary-only change (415.224542ms)
✔ inspect writes neither raw session head nor frame; materialize publishes one actual head and one frame without changing work state (333.996916ms)
✔ session storage capacity produces only a compact-needed report, never a truncated dispatchable history or a published head (378.8315ms)
✔ a complete stored history that exceeds the model window also requests compact, retaining every history entry in the full preview (209.055209ms)
✔ current_input overflow cannot be repaired by compacting earlier history and performs no head or frame publication (368.773917ms)
✔ goal_and_obligation overflow cannot be repaired by compacting earlier history and performs no head or frame publication (374.73425ms)
✔ a state change after inspect makes materialize refuse the stale preparation before publishing anything (316.659ms)
✔ an original history source becoming unavailable after inspect refuses materialize even when work state has not changed (262.505209ms)
✔ inspect and materialize preserve optional-tool selection while keeping discovery tools and the entire session (255.73525ms)
✔ unregistered total window preserves legacy input capacity without inventing a total or reducing output (1.32425ms)
✔ window reserves output exactly and applies independent byte and input caps at the inclusive boundary (0.227917ms)
✔ invalid windows and impossible output reservations are configuration errors, not compact candidates (6.403708ms)
✔ malformed estimates and underreported request bytes fail instead of being classified too large (0.189083ms)
✔ estimator profiles are strict copied registrations independent from per-request estimates (0.120833ms)
✔ registered planning estimator sees exactly the frozen request sent to transport including tool schema and instructions (27.67075ms)
✔ registered main-turn estimator includes prompt, source text and previous draft without sending a preview (12.342083ms)
✔ oversized estimates remain numeric while both adapters enforce exact transport byte caps (7.342208ms)
✔ estimation keeps request policy and prompt validation before the registered local function runs (2.09525ms)
✔ registered estimation rejects underreported bytes and invalid tokens and preserves thrown causes without fallback (0.199708ms)
✔ registration captures profile and function while legacy fallback retains its known method (0.089333ms)
✔ headless context preview is a local hint with the same request fields and cannot be dispatched as a published input (5.729042ms)
✔ preview estimates retain actual prompt, identity, disclosure and tool validation without treating the preview as authority (2.999333ms)
✔ planning: capability after reservation cancels without dispatching or spending its reservation (88.9435ms)
✔ planning: estimator_revision after reservation cancels without dispatching or spending its reservation (12.455875ms)
✔ a profile change during the final source await prevents transport and settles zero token usage without rewriting the fixed input (15.10825ms)
✔ planning: a received reply remains adoptable after a capacity-only change, with one invocation and unchanged reported usage (9.095875ms)
✔ an unpinned legacy reservation sends only its original input, re-estimated within current limits and the original reservation (7.567542ms)
✔ legacy input exceeding current_capacity is cancelled; the original call is never enlarged and a new reservation is required (8.233625ms)
✔ legacy input exceeding original_input_estimate is cancelled; the original call is never enlarged and a new reservation is required (8.003291ms)
✔ legacy input exceeding original_token_reservation is cancelled; the original call is never enlarged and a new reservation is required (9.496333ms)
✔ agent turn: a received generated answer survives a changed input capacity and is adopted from its stored reply once (1381.079833ms)
✔ compact: a changed reserved profile prevents invocation, but a later received compact remains publishable after capacity changes (2014.664ms)
✔ v2 calls retain their historical JSON and digest without acquiring an input profile (4.009791ms)
✔ v3 calls retain their historical JSON and digest without acquiring an input profile (0.308417ms)
✔ v4 calls retain their historical JSON and digest without acquiring an input profile (0.224625ms)
✔ input profile schema accepts only a full lowercase SHA256 pin and never defaults missing legacy metadata (0.586416ms)
✔ the snapshot normalizes absent optional capabilities and is independent of object property order (5.162334ms)
✔ raw capability, output reservation and runtime byte changes invalidate the profile even with unchanged effective input capacity (0.450917ms)
✔ model identity, route, purpose and each estimator registration field participate in the pin (0.29625ms)
✔ a snapshot is deeply copied and frozen without freezing caller settings or invoking estimator/model hooks (0.283667ms)
✔ a legacy estimator is pinned to adapter revision, not unregistered hook implementation or current request data (0.177958ms)
✔ matching is tri-state and cannot treat an absent or malformed legacy pin as a verified current execution profile (0.1405ms)
✔ invalid model registration or window configuration fails explicitly without masquerading as request oversize (4.683875ms)
✔ an accepted plan still reserves, executes and adopts its ready tool after the model input capacity falls to one token (1727.949792ms)
✔ an accepted answer completes and is delivered with compact enabled after capacity falls, without another model invocation (1666.068791ms)
✔ a compact-only workflow never gates a disabled main model; a small fitting compact proceeds and yields for a manual plan (392.584166ms)
✔ required input overflow prevents preventive compact even when the session entry threshold is exceeded (670.194708ms)
✔ malformed estimates are not hidden by an optional raw-session fallback (164.6255ms)
✔ an optional compact capacity failure reuses the same whole-request preparation through reservation (729.703ms)
✔ an actual published request is remeasured and cannot use a fitting preview as permission to exceed the limit (291.438959ms)
✔ a setting change while inspecting invalidates the unsent preparation before any reservation (203.278208ms)
✔ compact candidates halve at most nine times over one source scan and preserve complete prefix boundaries (4241.614625ms)
✔ one fitting reduced compact input owns exactly one actual call and usage settlement (600.360458ms)
✔ invalid compact estimate bytes is not a reason to shrink or reserve another input (301.893334ms)
✔ invalid compact estimate tokens is not a reason to shrink or reserve another input (193.399375ms)
✔ invalid compact estimate throw is not a reason to shrink or reserve another input (184.444875ms)
✔ a one-entry source cannot be compacted by deleting the current user input (167.21525ms)
✔ a registered whole-request estimate replaces the old token-to-byte guess without altering source text (355.753542ms)
✔ source changes during local compact measurement are rejected before storing or reserving its input (260.055375ms)
✔ session inspection publishes no head, artifact or work change; only a validated complete draft can materialize (476.627709ms)
✔ capacity draft validates the whole source manifest and latest raw input without returning partial entries (285.90875ms)
✔ a current input larger than the session capacity remains whole in the diagnostic and cannot materialize (322.03475ms)
✔ new applied input and tampered preparation cannot publish a stale session head (448.967542ms)
✔ capacity inspection retains an accepted summary and verifies its original sources before reuse (512.133458ms)
ℹ tests 71
ℹ suites 0
ℹ pass 70
ℹ fail 0
ℹ cancelled 1
ℹ skipped 0
ℹ todo 0
ℹ duration_ms 91738.446125

✖ failing tests:

test at dist/tests/agent-turn-window-flow.test.js:73:5
✖ file-journal: a measured model window drives repeated automatic compact before a general answer and survives reopening (60002.836667ms)
  'test timed out after 60000ms'
