✖ sqlite: a measured model window drives repeated automatic compact before a general answer and survives reopening (1690.27525ms)
✖ file-journal: a measured model window drives repeated automatic compact before a general answer and survives reopening (4324.369917ms)
✔ an exactly fitting mandatory request survives conservative selector item costs without writes during inspection (131.478542ms)
✔ token-driven optional reduction falls back to the verified mandatory selection and its normal memo (57.780333ms)
✔ invalid final request estimates remain provider-contract failures before a context frame is written (29.593083ms)
✖ an accepted peer summary before_materialize requests one transient reprepare without discarding the same input (211.433709ms)
✖ an accepted peer summary inside_materialize requests one transient reprepare without discarding the same input (59.641875ms)
✖ a peer summary does not turn a missing original into a transient summary-only change (47.562ms)
✔ inspect writes neither raw session head nor frame; materialize publishes one actual head and one frame without changing work state (163.379166ms)
✔ session storage capacity produces only a compact-needed report, never a truncated dispatchable history or a published head (33.972584ms)
✔ a complete stored history that exceeds the model window also requests compact, retaining every history entry in the full preview (31.113ms)
✔ current_input overflow cannot be repaired by compacting earlier history and performs no head or frame publication (26.753042ms)
✔ goal_and_obligation overflow cannot be repaired by compacting earlier history and performs no head or frame publication (36.057625ms)
✔ a state change after inspect makes materialize refuse the stale preparation before publishing anything (15.534375ms)
✔ an original history source becoming unavailable after inspect refuses materialize even when work state has not changed (16.285ms)
✔ inspect and materialize preserve optional-tool selection while keeping discovery tools and the entire session (43.512292ms)
✔ unregistered total window preserves legacy input capacity without inventing a total or reducing output (1.232542ms)
✔ window reserves output exactly and applies independent byte and input caps at the inclusive boundary (0.210708ms)
✔ invalid windows and impossible output reservations are configuration errors, not compact candidates (1.512959ms)
✔ malformed estimates and underreported request bytes fail instead of being classified too large (0.3275ms)
✔ estimator profiles are strict copied registrations independent from per-request estimates (0.225125ms)
✔ registered planning estimator sees exactly the frozen request sent to transport including tool schema and instructions (6.404375ms)
✔ registered main-turn estimator includes prompt, source text and previous draft without sending a preview (2.638167ms)
✔ oversized estimates remain numeric while both adapters enforce exact transport byte caps (1.970625ms)
✔ estimation keeps request policy and prompt validation before the registered local function runs (0.600958ms)
✔ registered estimation rejects underreported bytes and invalid tokens and preserves thrown causes without fallback (0.2145ms)
✔ registration captures profile and function while legacy fallback retains its known method (0.086583ms)
✔ headless context preview is a local hint with the same request fields and cannot be dispatched as a published input (2.273834ms)
✔ preview estimates retain actual prompt, identity, disclosure and tool validation without treating the preview as authority (0.951125ms)
✔ planning: capability after reservation cancels without dispatching or spending its reservation (53.878125ms)
✔ planning: estimator_revision after reservation cancels without dispatching or spending its reservation (24.204333ms)
✔ a profile change during the final source await prevents transport and settles zero token usage without rewriting the fixed input (17.87675ms)
✔ planning: a received reply remains adoptable after a capacity-only change, with one invocation and unchanged reported usage (29.978125ms)
✔ an unpinned legacy reservation sends only its original input, re-estimated within current limits and the original reservation (21.801208ms)
✔ legacy input exceeding current_capacity is cancelled; the original call is never enlarged and a new reservation is required (23.77725ms)
✔ legacy input exceeding original_input_estimate is cancelled; the original call is never enlarged and a new reservation is required (16.224667ms)
✔ legacy input exceeding original_token_reservation is cancelled; the original call is never enlarged and a new reservation is required (26.66825ms)
✔ agent turn: a received generated answer survives a changed input capacity and is adopted from its stored reply once (428.7315ms)
✔ compact: a changed reserved profile prevents invocation, but a later received compact remains publishable after capacity changes (513.20075ms)
✔ v2 calls retain their historical JSON and digest without acquiring an input profile (2.700792ms)
✔ v3 calls retain their historical JSON and digest without acquiring an input profile (0.312916ms)
✔ v4 calls retain their historical JSON and digest without acquiring an input profile (0.235042ms)
✔ input profile schema accepts only a full lowercase SHA256 pin and never defaults missing legacy metadata (3.049542ms)
✔ the snapshot normalizes absent optional capabilities and is independent of object property order (0.485667ms)
✔ raw capability, output reservation and runtime byte changes invalidate the profile even with unchanged effective input capacity (0.430083ms)
✔ model identity, route, purpose and each estimator registration field participate in the pin (1.734916ms)
✔ a snapshot is deeply copied and frozen without freezing caller settings or invoking estimator/model hooks (0.262542ms)
✔ a legacy estimator is pinned to adapter revision, not unregistered hook implementation or current request data (0.332625ms)
✔ matching is tri-state and cannot treat an absent or malformed legacy pin as a verified current execution profile (0.260458ms)
✔ invalid model registration or window configuration fails explicitly without masquerading as request oversize (0.712292ms)
✔ an accepted plan still reserves, executes and adopts its ready tool after the model input capacity falls to one token (552.57175ms)
✖ an accepted answer completes and is delivered with compact enabled after capacity falls, without another model invocation (556.262375ms)
✖ a compact-only workflow never gates a disabled main model; a small fitting compact proceeds and yields for a manual plan (29.245708ms)
✔ required input overflow prevents preventive compact even when the session entry threshold is exceeded (93.690875ms)
✔ malformed estimates are not hidden by an optional raw-session fallback (36.447792ms)
✔ an optional compact capacity failure reuses the same whole-request preparation through reservation (59.329167ms)
✔ an actual published request is remeasured and cannot use a fitting preview as permission to exceed the limit (24.127291ms)
✔ a setting change while inspecting invalidates the unsent preparation before any reservation (11.748625ms)
✔ compact candidates halve at most nine times over one source scan and preserve complete prefix boundaries (313.809291ms)
✖ one fitting reduced compact input owns exactly one actual call and usage settlement (55.699084ms)
✔ invalid compact estimate bytes is not a reason to shrink or reserve another input (12.516709ms)
✔ invalid compact estimate tokens is not a reason to shrink or reserve another input (9.132375ms)
✔ invalid compact estimate throw is not a reason to shrink or reserve another input (14.374208ms)
✔ a one-entry source cannot be compacted by deleting the current user input (6.430375ms)
✔ a registered whole-request estimate replaces the old token-to-byte guess without altering source text (9.018208ms)
✔ source changes during local compact measurement are rejected before storing or reserving its input (12.543917ms)
✔ session inspection publishes no head, artifact or work change; only a validated complete draft can materialize (83.646792ms)
✔ capacity draft validates the whole source manifest and latest raw input without returning partial entries (25.084417ms)
✔ a current input larger than the session capacity remains whole in the diagnostic and cannot materialize (11.043166ms)
✔ new applied input and tampered preparation cannot publish a stale session head (17.768583ms)
✖ capacity inspection retains an accepted summary and verifies its original sources before reuse (47.765458ms)
ℹ tests 71
ℹ suites 0
ℹ pass 62
ℹ fail 9
ℹ cancelled 0
ℹ skipped 0
ℹ todo 0
ℹ duration_ms 6300.633292

✖ failing tests:

test at dist/tests/agent-turn-window-flow.test.js:73:5
✖ sqlite: a measured model window drives repeated automatic compact before a general answer and survives reopening (1690.27525ms)
  AssertionError [ERR_ASSERTION]: The expression evaluated to a falsy value:
  
    assert.ok(context.entries.some(entry => entry.sourceId === 'Y-tail-16' && entry.text === requests.followup && entry.kind === 'command'))
  
      at TestContext.<anonymous> (file:///Users/seunghanee/Documents/secumon/runtime/dist/tests/agent-turn-window-flow.test.js:162:20)
      at async Test.run (node:internal/test_runner/test:1404:7)
      at async startSubtestAfterBootstrap (node:internal/test_runner/harness:387:3) {
    generatedMessage: true,
    code: 'ERR_ASSERTION',
    actual: false,
    expected: true,
    operator: '==',
    diff: 'simple'
  }

test at dist/tests/agent-turn-window-flow.test.js:73:5
✖ file-journal: a measured model window drives repeated automatic compact before a general answer and survives reopening (4324.369917ms)
  AssertionError [ERR_ASSERTION]: The expression evaluated to a falsy value:
  
    assert.ok(context.entries.some(entry => entry.sourceId === 'Y-tail-16' && entry.text === requests.followup && entry.kind === 'command'))
  
      at TestContext.<anonymous> (file:///Users/seunghanee/Documents/secumon/runtime/dist/tests/agent-turn-window-flow.test.js:162:20)
      at async Test.run (node:internal/test_runner/test:1404:7)
      at async Test.processPendingSubtests (node:internal/test_runner/test:969:7) {
    generatedMessage: true,
    code: 'ERR_ASSERTION',
    actual: false,
    expected: true,
    operator: '==',
    diff: 'simple'
  }

test at dist/tests/context-inspection-summary-race.test.js:32:5
✖ an accepted peer summary before_materialize requests one transient reprepare without discarding the same input (211.433709ms)
  AssertionError [ERR_ASSERTION]: Expected values to be strictly equal:
  
  false !== true
  
      at publishPeerSummary (file:///Users/seunghanee/Documents/secumon/runtime/dist/tests/context-inspection-summary-race.test.js:26:12)
      at async TestContext.<anonymous> (file:///Users/seunghanee/Documents/secumon/runtime/dist/tests/context-inspection-summary-race.test.js:42:13)
      at async Test.run (node:internal/test_runner/test:1404:7)
      at async startSubtestAfterBootstrap (node:internal/test_runner/harness:387:3) {
    generatedMessage: true,
    code: 'ERR_ASSERTION',
    actual: false,
    expected: true,
    operator: 'strictEqual',
    diff: 'simple'
  }

test at dist/tests/context-inspection-summary-race.test.js:32:5
✖ an accepted peer summary inside_materialize requests one transient reprepare without discarding the same input (59.641875ms)
  AssertionError [ERR_ASSERTION]: The validation function is expected to return "true". Received false
  
  Caught error:
  
  AssertionError [ERR_ASSERTION]: Expected values to be strictly equal:
  
  false !== true
  
      at async TestContext.<anonymous> (file:///Users/seunghanee/Documents/secumon/runtime/dist/tests/context-inspection-summary-race.test.js:52:9)
      at async Test.run (node:internal/test_runner/test:1404:7)
      at async Test.processPendingSubtests (node:internal/test_runner/test:969:7) {
    generatedMessage: true,
    code: 'ERR_ASSERTION',
    actual: AssertionError [ERR_ASSERTION]: Expected values to be strictly equal:
    
    false !== true
    
        at publishPeerSummary (file:///Users/seunghanee/Documents/secumon/runtime/dist/tests/context-inspection-summary-race.test.js:26:12)
        at async f.sessions.materializeContext (file:///Users/seunghanee/Documents/secumon/runtime/dist/tests/context-inspection-summary-race.test.js:46:17)
        at async file:///Users/seunghanee/Documents/secumon/runtime/dist/application/context-compiler.js:678:46
        at async waitForActual (node:assert:646:5)
        at async strict.rejects (node:assert:769:25)
        at async TestContext.<anonymous> (file:///Users/seunghanee/Documents/secumon/runtime/dist/tests/context-inspection-summary-race.test.js:52:9)
        at async Test.run (node:internal/test_runner/test:1404:7)
        at async Test.processPendingSubtests (node:internal/test_runner/test:969:7),
    operator: 'rejects',
    diff: 'simple'
  }

test at dist/tests/context-inspection-summary-race.test.js:73:1
✖ a peer summary does not turn a missing original into a transient summary-only change (47.562ms)
  AssertionError [ERR_ASSERTION]: Expected values to be strictly equal:
  
  false !== true
  
      at publishPeerSummary (file:///Users/seunghanee/Documents/secumon/runtime/dist/tests/context-inspection-summary-race.test.js:26:12)
      at async TestContext.<anonymous> (file:///Users/seunghanee/Documents/secumon/runtime/dist/tests/context-inspection-summary-race.test.js:78:5)
      at async Test.run (node:internal/test_runner/test:1404:7)
      at async Test.processPendingSubtests (node:internal/test_runner/test:969:7) {
    generatedMessage: true,
    code: 'ERR_ASSERTION',
    actual: false,
    expected: true,
    operator: 'strictEqual',
    diff: 'simple'
  }

test at dist/tests/model-window-nonmodel.test.js:70:1
✖ an accepted answer completes and is delivered with compact enabled after capacity falls, without another model invocation (556.262375ms)
  AssertionError [ERR_ASSERTION]: Expected values to be strictly equal:
  + actual - expected
  
  + 'delivered'
  - 'sent'
  
      at TestContext.<anonymous> (file:///Users/seunghanee/Documents/secumon/runtime/dist/tests/model-window-nonmodel.test.js:92:12)
      at async Test.run (node:internal/test_runner/test:1404:7)
      at async Test.processPendingSubtests (node:internal/test_runner/test:969:7) {
    generatedMessage: true,
    code: 'ERR_ASSERTION',
    actual: 'delivered',
    expected: 'sent',
    operator: 'strictEqual',
    diff: 'simple'
  }

test at dist/tests/model-window-nonmodel.test.js:100:1
✖ a compact-only workflow never gates a disabled main model; a small fitting compact proceeds and yields for a manual plan (29.245708ms)
  Error: session_compact_failed
      at PlanningRuntime.compactStep (file:///Users/seunghanee/Documents/secumon/runtime/dist/application/planning-runtime.js:923:19)
      at async WorkflowRuntime.run (file:///Users/seunghanee/Documents/secumon/runtime/dist/application/workflow-runtime.js:91:30)
      ... 2 lines matching cause stack trace ...
      at async Test.processPendingSubtests (node:internal/test_runner/test:969:7) {
    [cause]: Error: retry_backoff
        at PlanningRuntime.reserveModel (file:///Users/seunghanee/Documents/secumon/runtime/dist/application/planning-runtime.js:346:19)
        at async PlanningRuntime.compactStep (file:///Users/seunghanee/Documents/secumon/runtime/dist/application/planning-runtime.js:891:26)
        at async WorkflowRuntime.run (file:///Users/seunghanee/Documents/secumon/runtime/dist/application/workflow-runtime.js:91:30)
        at async TestContext.<anonymous> (file:///Users/seunghanee/Documents/secumon/runtime/dist/tests/model-window-nonmodel.test.js:112:20)
        at async Test.run (node:internal/test_runner/test:1404:7)
        at async Test.processPendingSubtests (node:internal/test_runner/test:969:7)
  }

test at dist/tests/session-compact-window.test.js:24:1
✖ one fitting reduced compact input owns exactly one actual call and usage settlement (55.699084ms)
  AssertionError [ERR_ASSERTION]: Expected values to be strictly equal:
  
  false !== true
  
      at TestContext.<anonymous> (file:///Users/seunghanee/Documents/secumon/runtime/dist/tests/session-compact-window.test.js:44:12)
      at async Test.run (node:internal/test_runner/test:1404:7)
      at async Test.processPendingSubtests (node:internal/test_runner/test:969:7) {
    generatedMessage: true,
    code: 'ERR_ASSERTION',
    actual: false,
    expected: true,
    operator: 'strictEqual',
    diff: 'simple'
  }

test at dist/tests/session-context-draft.test.js:92:1
✖ capacity inspection retains an accepted summary and verifies its original sources before reuse (47.765458ms)
  AssertionError [ERR_ASSERTION]: Expected values to be strictly equal:
  
  false !== true
  
      at TestContext.<anonymous> (file:///Users/seunghanee/Documents/secumon/runtime/dist/tests/session-context-draft.test.js:97:12)
      at async Test.run (node:internal/test_runner/test:1404:7)
      at async Test.processPendingSubtests (node:internal/test_runner/test:969:7) {
    generatedMessage: true,
    code: 'ERR_ASSERTION',
    actual: false,
    expected: true,
    operator: 'strictEqual',
    diff: 'simple'
  }
