✔ legacy fact-only goals preserve serialized bytes and the existing completion result (7.283291ms)
✔ a response-only goal needs a host-adopted answer, not an empty criterion list or a fabricated fact (2.362ms)
✔ only the unique accepted main-turn call with the same input reference can support an answer (1.093792ms)
✔ goal, graph, data generation and each session input identity change invalidate a previously accepted answer (0.664834ms)
✔ new, removed, restricted or retracted evidence requires a fresh answer even when it was not cited (0.346167ms)
✔ model self-review cannot replace independent evidence or dismiss factual counterevidence (0.156542ms)
✔ considered counterarguments are retained while any missing requirement or needs-work verdict blocks completion (0.091333ms)
✔ result readiness excludes only delivery; response, evidence, effect and budget obligations remain required (0.328ms)
✔ transient model and tool calls cannot be hidden by an otherwise accepted answer (0.221583ms)
✔ fresh session, memory and hypothesis reviews remain gates before response completion (0.168208ms)
✔ blocked or no-longer-authorized answer and input artifacts cannot complete a response (0.153083ms)
✔ fast work progresses from main turn to tool to synthesis without charging a graph replan (0.621833ms)
✔ answer synthesis does not bypass a failed task, unmet factual criteria, allocation gate or deadline (0.397083ms)
✔ waiting for an answer alone does not expand auto investigation, but current factual counterevidence still does (0.319959ms)
✔ versioned main prompt fingerprints canonical host profile and preserves model self-review boundaries (1.896208ms)
✔ main-turn transport receives original conversation and frozen prompt/options once, returning a direct answer with measured usage (8.431917ms)
✔ request estimation includes the fixed prompt, original UTF-8 text and exact tool contracts; byte limit is inclusive (2.673833ms)
✔ host prompt changes and another agent session cannot be accepted through caller-supplied digests (2.350042ms)
✔ destination, disclosure and exact tool permissions are checked before any turn invocation (1.434417ms)
✔ strict main results preserve question and plan branches without inventing direct-answer tasks (2.088375ms)
✔ unknown result fields, invalid JSON and missing assessment are rejected without repair while usage remains known (1.322833ms)
✔ provider identity, finish status and safe partial usage survive invalid or oversized replies without leaking provider details (2.68225ms)
✔ early and late cancellation differ in usage; thrown transport errors remain unknown and have no hidden retry (0.622542ms)
✔ invalid configuration or request contracts cannot invoke the model transport (0.3855ms)
✔ fast general request completes with one model turn, no fake evidence or tools, and next work keeps context (992.096ms)
✖ general read uses the existing task executor once and then synthesizes from observed evidence (725.580084ms)
✔ question delivery waits and the raw reply resumes the same original response requirement (646.116167ms)
✔ needs_work candidate feeds a later turn and cannot be delivered as a completed answer (437.743958ms)
✔ reopening after stored response adopts the original charged call and sends one final answer (368.751417ms)
✔ generic profile never silently selects a model provider or initializes an absent directory (3.638167ms)
✔ skills off bypasses invalid skill files, preserves C01 profile purpose, and keeps runtime authority host-owned (320.531959ms)
✔ file-journal plus document memory uses the same generic intake and reopens the original applied conversation (476.803708ms)
✔ explicit synthetic compact delegates the existing rules under the single combined provider identity (232.786708ms)
✔ sqlite: original text is durable before normal work and acknowledgement; receipt retry preserves one work (400.624041ms)
✔ sqlite: interruption after receipt publication resumes identical input without a second work or model call (302.86275ms)
✔ file-journal: original text is durable before normal work and acknowledgement; receipt retry preserves one work (358.578584ms)
✔ file-journal: interruption after receipt publication resumes identical input without a second work or model call (280.883167ms)
✔ clarifying an actual question advances the applied reply while preserving the original requirement across retry (240.197709ms)
✔ continue retains work and budget while an explicit accept creates a separate work in the same session (181.894333ms)
✔ host authority and explicit input schemas reject injected work, goal and cross-user or cross-session mutations (193.118666ms)
✔ stale or non-resolvable clarification is durably rejected and cannot silently become a new work (177.711542ms)
✔ generated answer uses verified text and keeps its basis across preparation, delivery and usage accounting (44.278833ms)
✔ same-length raw artifact corruption cannot prepare or send generated text (4.70625ms)
✔ same-length raw inputArtifact corruption cannot prepare or send generated text (3.290375ms)
✔ same-length raw replyArtifact corruption cannot prepare or send generated text (3.774084ms)
✔ a replacement answer with unchanged evidence gets a new result ID and supersedes the old outbound answer (6.623ms)
✔ assessment change cannot reuse the accepted generated candidate (2.617084ms)
✔ call change cannot reuse the accepted generated candidate (2.7785ms)
✔ prompt change cannot reuse the accepted generated candidate (2.467625ms)
✔ session change cannot reuse the accepted generated candidate (2.296166ms)
✔ business obligation change cannot reuse the accepted generated candidate (2.579042ms)
✔ external session currentness loss after prepare blocks dispatch without a work revision change (3.710709ms)
✔ external memory currentness loss after prepare blocks dispatch without a work revision change (3.7815ms)
✔ external sources currentness loss after prepare blocks dispatch without a work revision change (2.518042ms)
✔ outbox rejects a substituted outbound body even when candidate references and response ID match (2.743334ms)
✔ delivery rechecks source currentness after claiming and cannot acknowledge a late stale response (3.085333ms)
✔ request source text and bound agent identity are verified independently of a permissive source adapter (1.312167ms)
✔ needs-work candidates can inform another turn but cannot prepare or deliver a final response (1.198375ms)
✔ a later applied input preserves the first request, and an omitted old raw request still requires original-source validation (2.237625ms)
✔ read-only work view shows the generated body and withholds the old prepared body after candidate replacement (6.652375ms)
✔ work view cursor cannot retain a generated response after personal-memory currentness changes externally (5.229041ms)
✔ explicit synthetic correction and clarification create honest answer artifacts without tools or invented evidence (7.408833ms)
✔ arbitrary natural language, quoted old requests and mismatched applied receipts are refused (1.001416ms)
✔ synthetic read proposal uses exact permitted tool contract and answers from the returned current evidence value (1.436416ms)
✔ read requests without the required tool ask for configuration instead of fabricating a plan or a value (0.39575ms)
✔ follow-up uses an earlier assistant original or cited accepted-summary view and does not infer omitted prior work (1.921458ms)
ℹ tests 66
ℹ suites 0
ℹ pass 65
ℹ fail 1
ℹ cancelled 0
ℹ skipped 0
ℹ todo 0
ℹ duration_ms 3358.723791

✖ failing tests:

test at dist/tests/agent-turn-flow.test.js:58:1
✖ general read uses the existing task executor once and then synthesizes from observed evidence (725.580084ms)
  AssertionError [ERR_ASSERTION]: The input did not match the regular expression /90일/. Input:
  
  '[합성 규칙 결과] 현재 근거 doc-current의 보존기간은 30일입니다.'
  
      at TestContext.<anonymous> (file:///Users/seunghanee/Documents/secumon/runtime/dist/tests/agent-turn-flow.test.js:70:16)
      at async Test.run (node:internal/test_runner/test:1208:7)
      at async Test.processPendingSubtests (node:internal/test_runner/test:831:7) {
    generatedMessage: true,
    code: 'ERR_ASSERTION',
    actual: '[합성 규칙 결과] 현재 근거 doc-current의 보존기간은 30일입니다.',
    expected: /90일/,
    operator: 'match',
    diff: 'simple'
  }
