✔ legacy fact-only goals preserve serialized bytes and the existing completion result (9.551167ms)
✔ a response-only goal needs a host-adopted answer, not an empty criterion list or a fabricated fact (6.626333ms)
✔ only the unique accepted main-turn call with the same input reference can support an answer (1.99325ms)
✔ goal, graph, data generation and each session input identity change invalidate a previously accepted answer (1.303208ms)
✔ new, removed, restricted or retracted evidence requires a fresh answer even when it was not cited (0.396542ms)
✔ model self-review cannot replace independent evidence or dismiss factual counterevidence (0.181583ms)
✔ considered counterarguments are retained while any missing requirement or needs-work verdict blocks completion (0.112916ms)
✔ result readiness excludes only delivery; response, evidence, effect and budget obligations remain required (0.365ms)
✔ transient model and tool calls cannot be hidden by an otherwise accepted answer (0.264667ms)
✔ fresh session, memory and hypothesis reviews remain gates before response completion (0.188125ms)
✔ blocked or no-longer-authorized answer and input artifacts cannot complete a response (0.1945ms)
✔ fast work progresses from main turn to tool to synthesis without charging a graph replan (0.232667ms)
✔ answer synthesis does not bypass a failed task, unmet factual criteria, allocation gate or deadline (0.206041ms)
✔ an accepted satisfied answer cannot complete while planned tasks are unstarted, failed or have no current adopted success (0.394958ms)
✔ an explicit validated plan removal preserves the failed attempt and permits a fresh answer at the new plan revision (4.916042ms)
✔ waiting for an answer alone does not expand auto investigation, but current factual counterevidence still does (0.194459ms)
✔ versioned main prompt fingerprints canonical host profile and preserves model self-review boundaries (4.077292ms)
✔ main-turn transport receives original conversation and frozen prompt/options once, returning a direct answer with measured usage (7.773042ms)
✔ request estimation includes the fixed prompt, original UTF-8 text and exact tool contracts; byte limit is inclusive (1.459041ms)
✔ host prompt changes and another agent session cannot be accepted through caller-supplied digests (0.956167ms)
✔ destination, disclosure and exact tool permissions are checked before any turn invocation (0.642084ms)
✔ strict main results preserve question and plan branches without inventing direct-answer tasks (0.96ms)
✔ unknown result fields, invalid JSON and missing assessment are rejected without repair while usage remains known (1.6155ms)
✔ provider identity, finish status and safe partial usage survive invalid or oversized replies without leaking provider details (2.661584ms)
✔ early and late cancellation differ in usage; thrown transport errors remain unknown and have no hidden retry (0.700625ms)
✔ invalid configuration or request contracts cannot invoke the model transport (0.416208ms)
✔ late received answer cannot override input; measured usage remains settled (938.695625ms)
✔ late received answer cannot override cancel; measured usage remains settled (656.983875ms)
✔ same provider identity with a changed prompt rejects a stored response without resetting charged usage (618.547167ms)
✔ repeated unfinished self-review is bounded and never creates a deliverable answer (1576.382458ms)
✔ unknown provider usage is retained and prevents an automatic unaccounted retry (874.652041ms)
✔ a prior draft disappearing after response reservation prevents accepting a late revision (914.000042ms)
✔ sqlite: installed chat CLI accepts a plain request, resumes its session and carries actual X replies into Y (3769.959458ms)
✔ file-journal: installed chat CLI accepts a plain request, resumes its session and carries actual X replies into Y (5026.74025ms)
✔ chat fast path plans one real fixture read and synthesizes a sourced answer without a graph replan (1146.174083ms)
✔ chat followup distinguishes more input from resolving a question and preserves the original requirement (2067.827042ms)
✔ chat step-limited execution resumes in another process without accepting another request (1625.047458ms)
✔ chat session selection prevents displaying or mutating a work from another session or agent (2054.634083ms)
✔ chat requires an explicit provider before creating a profile and prints only concise user-facing messages (711.164542ms)
✔ sqlite: generic correction survives repeated compact as an exact assistant citation and a later command-backed answer (3767.309666ms)
✔ file-journal: generic correction survives repeated compact as an exact assistant citation and a later command-backed answer (8341.691417ms)
✔ fast general request completes with one model turn, no fake evidence or tools, and next work keeps context (1647.835125ms)
✔ general read uses the existing task executor once and then synthesizes from observed evidence (1245.559792ms)
✔ question delivery waits and the raw reply resumes the same original response requirement (1328.90275ms)
✔ needs_work candidate feeds a later turn and cannot be delivered as a completed answer (1204.198291ms)
✔ reopening after stored response adopts the original charged call and sends one final answer (987.350667ms)
✔ one previous needs-work draft remains verifiable after the current candidate has been replaced (33.932375ms)
✔ previous artifact missing cannot survive as copied text in the next input (2.775ms)
✔ previous inputArtifact missing cannot survive as copied text in the next input (2.4125ms)
✔ previous replyArtifact missing cannot survive as copied text in the next input (2.386209ms)
✔ previous artifact corrupt cannot survive as copied text in the next input (3.804208ms)
✔ previous inputArtifact corrupt cannot survive as copied text in the next input (2.788625ms)
✔ previous replyArtifact corrupt cannot survive as copied text in the next input (1.701291ms)
✔ previous draft cannot reuse a foreign, blocked or now unauthorized input or body reference (3.571125ms)
✔ previous call status, identity and current goal or plan cannot be replaced by an accepted body copy (1.014416ms)
✔ previous copied assessment and an alternative current-candidate body ref must match the originals exactly (1.481625ms)
✔ no previous draft performs no reads; a prior input names an older draft without recursively reopening that chain (1.4755ms)
✔ generic profile never silently selects a model provider or initializes an absent directory (5.783958ms)
✔ skills off bypasses invalid skill files, preserves C01 profile purpose, and keeps runtime authority host-owned (501.920541ms)
✔ file-journal plus document memory uses the same generic intake and reopens the original applied conversation (880.9685ms)
✔ explicit synthetic compact delegates the existing rules under the single combined provider identity (476.631083ms)
✔ sqlite: original text is durable before normal work and acknowledgement; receipt retry preserves one work (766.133166ms)
✔ sqlite: interruption after receipt publication resumes identical input without a second work or model call (633.861125ms)
✔ file-journal: original text is durable before normal work and acknowledgement; receipt retry preserves one work (685.014833ms)
✔ file-journal: interruption after receipt publication resumes identical input without a second work or model call (616.853833ms)
✔ clarifying an actual question advances the applied reply while preserving the original requirement across retry (581.709166ms)
✔ continue retains work and budget while an explicit accept creates a separate work in the same session (348.311625ms)
✔ host authority and explicit input schemas reject injected work, goal and cross-user or cross-session mutations (498.40725ms)
✔ stale or non-resolvable clarification is durably rejected and cannot silently become a new work (520.961208ms)
✔ native HTTP general intake acknowledges without inference; explicit execution, reconnect and same-session follow-up preserve the real answer (2251.144375ms)
✔ native HTTP reading request uses the real task executor once and projects its generated evidence-backed answer (1396.306042ms)
✔ native HTTP question, explicit original clarification and run resume the same work without pretending the question completed it (1467.579667ms)
✔ native HTTP another selected conversation cannot read or run a work from the original session (490.300792ms)
✔ native HTTP general requests retain strict actor/policy/scenario rejection and the existing CSRF gate (350.537416ms)
✔ generated answer uses verified text and keeps its basis across preparation, delivery and usage accounting (33.863208ms)
✔ same-length raw artifact corruption cannot prepare or send generated text (6.982584ms)
✔ same-length raw inputArtifact corruption cannot prepare or send generated text (5.1445ms)
✔ same-length raw replyArtifact corruption cannot prepare or send generated text (4.816708ms)
✔ a replacement answer with unchanged evidence gets a new result ID and supersedes the old outbound answer (6.251083ms)
✔ assessment change cannot reuse the accepted generated candidate (3.000208ms)
✔ call change cannot reuse the accepted generated candidate (3.27425ms)
✔ prompt change cannot reuse the accepted generated candidate (2.739041ms)
✔ session change cannot reuse the accepted generated candidate (3.073917ms)
✔ business obligation change cannot reuse the accepted generated candidate (2.750125ms)
✔ external session currentness loss after prepare blocks dispatch without a work revision change (2.747292ms)
✔ external memory currentness loss after prepare blocks dispatch without a work revision change (3.91125ms)
✔ external sources currentness loss after prepare blocks dispatch without a work revision change (2.720334ms)
✔ outbox rejects a substituted outbound body even when candidate references and response ID match (3.063875ms)
✔ delivery rechecks source currentness after claiming and cannot acknowledge a late stale response (4.19ms)
✔ request source text and bound agent identity are verified independently of a permissive source adapter (1.279208ms)
✔ needs-work candidates can inform another turn but cannot prepare or deliver a final response (1.636375ms)
✔ a new prepared answer cannot deliver copied draft text after its prior source is corrupted without a state change (4.299709ms)
✔ a later applied input preserves the first request, and an omitted old raw request still requires original-source validation (2.156083ms)
✔ read-only work view shows the generated body and withholds the old prepared body after candidate replacement (6.841458ms)
✔ work view cursor cannot retain a generated response after personal-memory currentness changes externally (5.140458ms)
✔ explicit synthetic correction and clarification create honest answer artifacts without tools or invented evidence (7.378208ms)
✔ arbitrary natural language, quoted old requests and mismatched applied receipts are refused (1.631667ms)
✔ synthetic read proposal uses exact permitted tool contract and answers from the returned current evidence value (1.582167ms)
✔ read requests without the required tool ask for configuration instead of fabricating a plan or a value (0.4115ms)
✔ follow-up uses an earlier assistant original or cited accepted-summary view and does not infer omitted prior work (1.803541ms)
ℹ tests 100
ℹ suites 0
ℹ pass 100
ℹ fail 0
ℹ cancelled 0
ℹ skipped 0
ℹ todo 0
ℹ duration_ms 16623.347833
