✔ initialization joins the same identity published after its first empty metadata observation (187.285375ms)
✔ initialization reobserves malformed metadata after a concurrent publication and refuses without replacement (172.190875ms)
✔ initialization reobserves mismatch metadata after a concurrent publication and refuses without replacement (178.208ms)
✔ reobserving genuinely unowned metadata or memory still refuses assignment and preserves every original file (9.140917ms)
✔ agent setup preserves files, creates private identity/config and reopens without a model (78.451209ms)
✔ status and invalid initialization options do not create files (0.729375ms)
✔ separate directories get distinct IDs and moving a directory preserves its identity (142.847834ms)
✔ initialization can finish after a process stops between identity and config publication (99.088709ms)
✔ missing identity uses explicit repair with the existing config; missing completed config is not reset (98.503333ms)
✔ completed layout repairs missing directories only with explicit repair and preserves existing state (89.713958ms)
✔ unknown data without identity is not assigned a new ID (2.924375ms)
✔ config identity mismatch, unsupported versions and malformed documents are preserved (73.763167ms)
✔ metadata symlinks and external hard links cannot be used for setup (73.139375ms)
✔ managed directory links and writable/public metadata are rejected without changing permissions (77.898708ms)
✔ engine overlap and nested agent registration are rejected (77.820083ms)
✔ CLI first call, status, version and invalid commands expose readiness without claiming runtime execution (380.610292ms)
✔ separate CLI processes initializing concurrently settle on exactly one identity (418.865125ms)
✔ two agent stores reuse existing adapters while separating identical work/memory IDs and preserving reopen (290.127584ms)
✔ agent work files cannot traverse into engine or another agent and remain separate (315.547833ms)
✔ copying another agents database is detected by its durable owner before runtime access (272.447417ms)
✔ unowned existing databases are not silently adopted (163.417166ms)
✔ symlink database and sidecar destinations cannot overwrite another file (161.653375ms)
✔ changing config after SQLite initialization cannot replace it with an empty journal (224.904375ms)
✔ versioned main prompt fingerprints canonical host profile and preserves model self-review boundaries (1.339125ms)
✔ main-turn transport receives original conversation and frozen prompt/options once, returning a direct answer with measured usage (3.200708ms)
✔ request estimation includes the fixed prompt, original UTF-8 text and exact tool contracts; byte limit is inclusive (1.915208ms)
✔ host prompt changes and another agent session cannot be accepted through caller-supplied digests (0.927917ms)
✔ destination, disclosure and exact tool permissions are checked before any turn invocation (0.603917ms)
✔ strict main results preserve question and plan branches without inventing direct-answer tasks (0.8525ms)
✔ unknown result fields, invalid JSON and missing assessment are rejected without repair while usage remains known (1.307417ms)
✔ provider identity, finish status and safe partial usage survive invalid or oversized replies without leaking provider details (1.042667ms)
✔ early and late cancellation differ in usage; thrown transport errors remain unknown and have no hidden retry (0.44675ms)
✔ invalid configuration or request contracts cannot invoke the model transport (0.327959ms)
✔ late received answer cannot override input; measured usage remains settled (262.743584ms)
✔ late received answer cannot override cancel; measured usage remains settled (226.394166ms)
✔ same provider identity with a changed prompt rejects a stored response without resetting charged usage (229.406583ms)
✔ repeated unfinished self-review is bounded and never creates a deliverable answer (581.25125ms)
✔ unknown provider usage is retained and prevents an automatic unaccounted retry (279.042333ms)
✔ a prior draft disappearing after response reservation prevents accepting a late revision (353.623791ms)
✔ sqlite: installed chat CLI accepts a plain request, resumes its session and carries actual X replies into Y (1482.703917ms)
✔ file-journal: installed chat CLI accepts a plain request, resumes its session and carries actual X replies into Y (2073.273708ms)
✔ chat fast path plans one real fixture read and synthesizes a sourced answer without a graph replan (868.460292ms)
✔ chat followup distinguishes more input from resolving a question and preserves the original requirement (1506.247583ms)
✔ chat step-limited execution resumes in another process without accepting another request (1545.81125ms)
✔ chat session selection prevents displaying or mutating a work from another session or agent (1808.01ms)
✔ chat requires an explicit provider before creating a profile and prints only concise user-facing messages (641.579584ms)
✔ sqlite: generic correction survives repeated compact as an exact assistant citation and a later command-backed answer (1404.294958ms)
✔ file-journal: generic correction survives repeated compact as an exact assistant citation and a later command-backed answer (3726.346959ms)
✔ fast general request completes with one model turn, no fake evidence or tools, and next work keeps context (589.988917ms)
✔ general read uses the existing task executor once and then synthesizes from observed evidence (470.964375ms)
✔ question delivery waits and the raw reply resumes the same original response requirement (517.019958ms)
✔ needs_work candidate feeds a later turn and cannot be delivered as a completed answer (442.596291ms)
✔ reopening after stored response adopts the original charged call and sends one final answer (362.623209ms)
✔ one previous needs-work draft remains verifiable after the current candidate has been replaced (7.541083ms)
✔ previous artifact missing cannot survive as copied text in the next input (2.179416ms)
✔ previous inputArtifact missing cannot survive as copied text in the next input (0.700833ms)
✔ previous replyArtifact missing cannot survive as copied text in the next input (0.651083ms)
✔ previous artifact corrupt cannot survive as copied text in the next input (0.673125ms)
✔ previous inputArtifact corrupt cannot survive as copied text in the next input (0.507167ms)
✔ previous replyArtifact corrupt cannot survive as copied text in the next input (0.510375ms)
✔ previous draft cannot reuse a foreign, blocked or now unauthorized input or body reference (0.567458ms)
✔ previous call status, identity and current goal or plan cannot be replaced by an accepted body copy (0.549416ms)
✔ previous copied assessment and an alternative current-candidate body ref must match the originals exactly (0.682917ms)
✔ no previous draft performs no reads; a prior input names an older draft without recursively reopening that chain (0.549083ms)
✔ generic profile never silently selects a model provider or initializes an absent directory (1.924ms)
✔ skills off bypasses invalid skill files, preserves C01 profile purpose, and keeps runtime authority host-owned (151.126625ms)
✔ file-journal plus document memory uses the same generic intake and reopens the original applied conversation (248.643834ms)
✔ explicit synthetic compact delegates the existing rules under the single combined provider identity (138.9255ms)
✔ sqlite: original text is durable before normal work and acknowledgement; receipt retry preserves one work (190.814458ms)
✔ sqlite: interruption after receipt publication resumes identical input without a second work or model call (168.950833ms)
✔ file-journal: original text is durable before normal work and acknowledgement; receipt retry preserves one work (187.927542ms)
✔ file-journal: interruption after receipt publication resumes identical input without a second work or model call (180.259875ms)
✔ clarifying an actual question advances the applied reply while preserving the original requirement across retry (185.723875ms)
✔ continue retains work and budget while an explicit accept creates a separate work in the same session (146.634208ms)
✔ host authority and explicit input schemas reject injected work, goal and cross-user or cross-session mutations (124.715458ms)
✔ stale or non-resolvable clarification is durably rejected and cannot silently become a new work (154.794333ms)
✔ native HTTP general intake acknowledges without inference; explicit execution, reconnect and same-session follow-up preserve the real answer (785.490334ms)
✔ native HTTP reading request uses the real task executor once and projects its generated evidence-backed answer (525.7555ms)
✔ native HTTP question, explicit original clarification and run resume the same work without pretending the question completed it (545.279834ms)
✔ native HTTP another selected conversation cannot read or run a work from the original session (150.359375ms)
✔ native HTTP general requests retain strict actor/policy/scenario rejection and the existing CSRF gate (136.711125ms)
✔ sqlite: a measured model window drives repeated automatic compact before a general answer and survives reopening (1872.727958ms)
✔ file-journal: a measured model window drives repeated automatic compact before a general answer and survives reopening (7821.888375ms)
✔ an exactly fitting mandatory request survives conservative selector item costs without writes during inspection (50.287625ms)
✔ token-driven optional reduction falls back to the verified mandatory selection and its normal memo (25.6915ms)
✔ invalid final request estimates remain provider-contract failures before a context frame is written (10.084708ms)
✔ an accepted peer summary before_materialize requests one transient reprepare without discarding the same input (85.85975ms)
✔ an accepted peer summary inside_materialize requests one transient reprepare without discarding the same input (52.6225ms)
✔ a peer summary does not turn a missing original into a transient summary-only change (35.466417ms)
✔ inspect writes neither raw session head nor frame; materialize publishes one actual head and one frame without changing work state (56.665667ms)
✔ session storage capacity produces only a compact-needed report, never a truncated dispatchable history or a published head (24.085167ms)
✔ a complete stored history that exceeds the model window also requests compact, retaining every history entry in the full preview (28.899666ms)
✔ current_input overflow cannot be repaired by compacting earlier history and performs no head or frame publication (23.692291ms)
✔ goal_and_obligation overflow cannot be repaired by compacting earlier history and performs no head or frame publication (23.334166ms)
✔ a state change after inspect makes materialize refuse the stale preparation before publishing anything (19.061ms)
✔ an original history source becoming unavailable after inspect refuses materialize even when work state has not changed (20.692208ms)
✔ inspect and materialize preserve optional-tool selection while keeping discovery tools and the entire session (34.779542ms)
✔ unregistered total window preserves legacy input capacity without inventing a total or reducing output (0.536417ms)
✔ window reserves output exactly and applies independent byte and input caps at the inclusive boundary (0.097792ms)
✔ invalid windows and impossible output reservations are configuration errors, not compact candidates (0.670375ms)
✔ malformed estimates and underreported request bytes fail instead of being classified too large (0.14775ms)
✔ estimator profiles are strict copied registrations independent from per-request estimates (0.107417ms)
✔ registered planning estimator sees exactly the frozen request sent to transport including tool schema and instructions (3.018042ms)
✔ registered main-turn estimator includes prompt, source text and previous draft without sending a preview (1.497ms)
✔ oversized estimates remain numeric while both adapters enforce exact transport byte caps (1.8685ms)
✔ estimation keeps request policy and prompt validation before the registered local function runs (0.4095ms)
✔ registered estimation rejects underreported bytes and invalid tokens and preserves thrown causes without fallback (0.173125ms)
✔ registration captures profile and function while legacy fallback retains its known method (0.067708ms)
✔ headless context preview is a local hint with the same request fields and cannot be dispatched as a published input (1.73925ms)
✔ preview estimates retain actual prompt, identity, disclosure and tool validation without treating the preview as authority (0.848ms)
✔ planning: capability after reservation cancels without dispatching or spending its reservation (21.397042ms)
✔ planning: estimator_revision after reservation cancels without dispatching or spending its reservation (6.403167ms)
✔ a profile change during the final source await prevents transport and settles zero token usage without rewriting the fixed input (6.912208ms)
✔ planning: a received reply remains adoptable after a capacity-only change, with one invocation and unchanged reported usage (7.149292ms)
✔ an unpinned legacy reservation sends only its original input, re-estimated within current limits and the original reservation (6.275542ms)
✔ legacy input exceeding current_capacity is cancelled; the original call is never enlarged and a new reservation is required (6.8225ms)
✔ legacy input exceeding original_input_estimate is cancelled; the original call is never enlarged and a new reservation is required (6.421375ms)
✔ legacy input exceeding original_token_reservation is cancelled; the original call is never enlarged and a new reservation is required (5.966833ms)
✔ agent turn: a received generated answer survives a changed input capacity and is adopted from its stored reply once (268.157084ms)
✔ compact: a changed reserved profile prevents invocation, but a later received compact remains publishable after capacity changes (335.033584ms)
✔ v2 calls retain their historical JSON and digest without acquiring an input profile (2.323791ms)
✔ v3 calls retain their historical JSON and digest without acquiring an input profile (0.281875ms)
✔ v4 calls retain their historical JSON and digest without acquiring an input profile (0.212375ms)
✔ input profile schema accepts only a full lowercase SHA256 pin and never defaults missing legacy metadata (0.570083ms)
✔ the snapshot normalizes absent optional capabilities and is independent of object property order (0.409125ms)
✔ raw capability, output reservation and runtime byte changes invalidate the profile even with unchanged effective input capacity (0.377667ms)
✔ model identity, route, purpose and each estimator registration field participate in the pin (0.271583ms)
✔ a snapshot is deeply copied and frozen without freezing caller settings or invoking estimator/model hooks (0.104125ms)
✔ a legacy estimator is pinned to adapter revision, not unregistered hook implementation or current request data (0.151166ms)
✔ matching is tri-state and cannot treat an absent or malformed legacy pin as a verified current execution profile (0.107208ms)
✔ invalid model registration or window configuration fails explicitly without masquerading as request oversize (0.312834ms)
✔ an accepted plan still reserves, executes and adopts its ready tool after the model input capacity falls to one token (299.94475ms)
✔ an accepted answer completes and is delivered with compact enabled after capacity falls, without another model invocation (342.521542ms)
✔ a compact-only workflow never gates a disabled main model; a small fitting compact proceeds and yields for a manual plan (51.156875ms)
✔ required input overflow prevents preventive compact even when the session entry threshold is exceeded (52.004584ms)
✔ malformed estimates are not hidden by an optional raw-session fallback (24.876ms)
✔ an optional compact capacity failure reuses the same whole-request preparation through reservation (46.869042ms)
✔ an actual published request is remeasured and cannot use a fitting preview as permission to exceed the limit (22.696542ms)
✔ a setting change while inspecting invalidates the unsent preparation before any reservation (20.632333ms)
✔ sqlite: completed X, three compacts in Y, and reopened Z retain quotes and independent work ledgers (675.022125ms)
✔ file-journal: completed X, three compacts in Y, and reopened Z retain quotes and independent work ledgers (1426.534625ms)
✔ sqlite: SIGKILL after compact reply reuses stored response and preserves one usage settlement (491.057167ms)
✔ sqlite: SIGKILL after compact publication reuses stored response and preserves one usage settlement (493.459209ms)
✔ file-journal: SIGKILL after compact reply reuses stored response and preserves one usage settlement (882.980917ms)
✔ file-journal: SIGKILL after compact publication reuses stored response and preserves one usage settlement (881.65725ms)
✔ sqlite: repeated manual compact preserves actual history, then restarts with summary and latest raw input (489.152333ms)
✔ file-journal: repeated manual compact preserves actual history, then restarts with summary and latest raw input (1022.926041ms)
✔ installed CLI explicitly enables synthetic compact; retry and readonly status do not create another call (1473.503917ms)
✔ Web exposes safe unavailable and refused free-text compact without hiding or rewriting original messages (250.688417ms)
✔ Web exposes safe unavailable and refused unmatched-fixture compact without hiding or rewriting original messages (244.428542ms)
✔ Web compact remains interruptible by input; late fixture reply cannot publish a summary (202.213333ms)
✔ Web compact remains interruptible by cancel; late fixture reply cannot publish a summary (234.550334ms)
✔ automatic compact precedes fixture execution when the current session tail exceeds its entry limit (372.926ms)
✔ context status is a separate compact reference projection; older responses cannot replace newer status (0.134416ms)
✔ compact uses the normal reservation and usage ledger while accepting no plan or tool execution (25.338333ms)
✔ a no-op explicit compact request stays a no-op after later context growth (5.203292ms)
✔ stored compact response recovers after publication but before work adoption, even after lease expiry (6.370292ms)
✔ an uncertain publish acknowledgement is reconciled by receipt without a second candidate (5.539333ms)
✔ a timely received compact reply survives restart beyond its execution lease before first publication (4.812084ms)
✔ an undispatched compact cancellation returns its reserved resources (4.114084ms)
✔ late compact after input does not publish but preserves reported usage (5.771208ms)
✔ late compact after cancel does not publish but preserves reported usage (4.115625ms)
✔ late compact after authority does not publish but preserves reported usage (4.557375ms)
✔ compact transport failure retains unknown usage and prevents another unaccounted model call (4.3345ms)
✔ compact-only orchestration uses bounded raw context after failure and refuses a missing checkpoint context (4.827ms)
✔ a forged receipt cannot settle a compact response for another source manifest (4.182542ms)
✔ compact estimation is checked before any reservation or provider call (2.508625ms)
✔ a policy change after receipt rejects publication without recharging usage (3.741833ms)
✔ compact source rejects a history entry whose text differs from its immutable intake receipt (279.207167ms)
✔ matching altered history and receipt text still fail the original intake digest check (239.44075ms)
✔ the first compact cannot publish an empty retained list for a segment containing user text (296.11325ms)
✔ repeated compact rejects deleting a retained item or changing its status without a new source (714.994125ms)
✔ a valid source anchor does not permit an additional fabricated quotation (278.086542ms)
✔ fixed raw v1 and fixed summary v2 contexts remain current when only the summary head advances (345.185375ms)
✔ source policy withdrawal or actual original artifact loss invalidates an accepted derived summary (1072.584875ms)
✔ compact candidates halve at most nine times over one source scan and preserve complete prefix boundaries (200.149708ms)
✔ one fitting reduced compact input owns exactly one actual call and usage settlement (58.518708ms)
✔ invalid compact estimate bytes is not a reason to shrink or reserve another input (21.876083ms)
✔ invalid compact estimate tokens is not a reason to shrink or reserve another input (18.232667ms)
✔ invalid compact estimate throw is not a reason to shrink or reserve another input (19.689875ms)
✔ a one-entry source cannot be compacted by deleting the current user input (16.478792ms)
✔ a registered whole-request estimate replaces the old token-to-byte guess without altering source text (17.768667ms)
✔ source changes during local compact measurement are rejected before storing or reserving its input (20.579542ms)
✔ history queries a strict open-start closed-end interval and carries its bounds across pages (18.151125ms)
✔ legacy history cursors keep lower bound zero and malformed interval cursors fail closed (12.846917ms)
✔ compact storage is an owner-checked additive extension; three revisions and receipts survive reopen without changing raw state (17.997042ms)
✔ summary CAS permits same-cutoff recovery and immutable earlier prefixes without regressing the active head (14.2885ms)
✔ summary history can find an older same-cutoff revision before falling back to an earlier prefix (13.485875ms)
✔ policy reconstruction can retain several bounded prefixes below a newer physical head, then replace the same cutoff (13.600125ms)
✔ summary previous refs and scopes cannot substitute another agent, user or session (15.013875ms)
✔ compact publish refuses missing or foreign channel owners before adding extension tables (25.491958ms)
✔ summary publication rollback preserves head and receipt; failed first publication rolls back its schema migration (14.545166ms)
✔ two channel connections compete by summary CAS and recheck a changed owner before reading published summaries (13.394791ms)
✔ structured planner accepts one strict JSON proposal and forwards identity, options and source-boundary instructions once (2.508541ms)
✔ configuration and request snapshots cannot be rewritten by caller or transport mutation (0.426125ms)
✔ input estimation includes the exact transport request and schema without invoking the transport or claiming measured usage (0.407416ms)
✔ input estimation keeps policy validation but returns oversized values before the transport size gate (0.675375ms)
✔ finish reasons remain distinct and never expose provider failure content or run hidden retries (0.578625ms)
✔ invalid JSON, schema, response fields and missing proposal fail without repair calls (0.910416ms)
✔ usage omission is unknown rather than zero; only independently valid safe integer fields survive invalid envelopes (1.620333ms)
✔ provider and model identity mismatch cannot masquerade as the configured adapter (0.30925ms)
✔ missing options, denied destinations and unauthorized tool schemas never reach the transport (0.3595ms)
✔ request and response limits use UTF-8 bytes and preserve valid usage on oversized responses (0.290167ms)
✔ transport exceptions become fixed errors with unknown usage and no implicit retry (0.177125ms)
✔ pre-call cancellation has no transport effect; late cancellation preserves returned usage without accepting a proposal (0.1845ms)
✔ abort-related transport rejection is cancellation with unmeasured usage (0.110208ms)
✔ invalid configurations fail with a fixed message before transport registration (0.119708ms)
✔ structured transport rejects incomplete observation pairs and reference bodies before invocation (1.066708ms)
✔ explicit synthetic correction and clarification create honest answer artifacts without tools or invented evidence (4.752875ms)
✔ arbitrary natural language, quoted old requests and mismatched applied receipts are refused (1.600417ms)
✔ synthetic read proposal uses exact permitted tool contract and answers from the returned current evidence value (1.338792ms)
✔ read requests without the required tool ask for configuration instead of fabricating a plan or a value (0.308042ms)
✔ follow-up uses an earlier assistant original or cited accepted-summary view and does not infer omitted prior work (1.009917ms)
✔ Web HTTP → stored workflow → restart is readonly (sqlite) (331.01725ms)
✔ Web HTTP → stored workflow → restart is readonly (file-journal) (808.824125ms)
✔ web session is one-time, per-instance, HttpOnly; reload and static reads never execute (31.184166ms)
✔ web Host, Origin, Fetch Metadata, CSRF and strict JSON reject before controller entry (11.873833ms)
✔ web exact assets, methods and cursor options do not expose files or internal errors (13.829541ms)
✔ web session expiry during body blocks mutation entry, logout blocks late view payload (28.372583ms)
✔ web bootstrap expires and authenticated request rate has a finite window (392.025125ms)
✔ web SSE emits projection changes at same revision, reconnect is readonly, denial closes (3046.403667ms)
✔ web SSE session revocation, stream cap and lifetime release resources (42.794916ms)
✔ closed SSE keeps physical read slots until completion; reconnect cannot create unbounded reads (400.245916ms)
✔ web pending run permits independent cancel and disconnect does not call cancel (23.212708ms)
✔ browser view: same-revision source invalidation replaces a result without sorting opaque cursors (0.855166ms)
✔ browser view: unavailable invalidates pending details and unchanged cannot resurrect revoked content (0.128375ms)
✔ browser view: an accepted conversation refresh invalidates an older in-flight detail response (0.097375ms)
✔ browser view: work identity, level, revision and goal version cannot be mixed or reversed (0.093583ms)
✔ browser view: repeated message identities update in place while new goal versions have distinct identities (0.127875ms)
✔ browser view: snapshots clone data and invalidate other levels without mutating the previous view (0.096167ms)
✔ browser view: state and cursors remain isolated across two selected works (0.067583ms)
✔ browser view: history readers are not treated as pinned to the end of a scroll region (0.050708ms)
✔ browser reads: serialization starts the next request only after the prior read completes (0.177ms)
✔ browser reads: unavailability discards already-queued old reads and a new selection has its own queue epoch (0.1445ms)
✔ browser reads: a failed read does not permanently block later explicit reads (0.24675ms)
✔ browser stream: unchanged events make no reads and a burst of changes has at most one follow-up read (0.476917ms)
✔ browser stream: an invalidated stream cannot start its queued follow-up refresh (0.063334ms)
✔ browser stream: delayed change notifications only read the current same-revision source state (0.090208ms)
✔ browser acceptance: a lost response keeps the same receipt identity for an explicit retry (0.075125ms)
✔ browser acceptance: the same receipt after a lost response produces one work in a receipt-based fake receiver (0.045167ms)
✔ browser status: stored completion is distinct from a currently invalidated result (0.033708ms)
✔ browser goal editing: changing only the description preserves the current fast mode over the original goal mode (0.107791ms)
✔ browser goal editing: a pending requested mode is preserved and its control revision is pinned (0.043542ms)
✔ browser goal editing: a control, goal or work change rejects submission without changing the input draft (0.112041ms)
✔ browser goal editing: an explicit refreshed basis retains user edits and adopts the latest requested mode (0.05875ms)
ℹ tests 245
ℹ suites 0
ℹ pass 245
ℹ fail 0
ℹ cancelled 0
ℹ skipped 0
ℹ todo 0
ℹ duration_ms 59549.46425
