✔ legacy fact-only goals preserve serialized bytes and the existing completion result (4.9505ms)
✔ a response-only goal needs a host-adopted answer, not an empty criterion list or a fabricated fact (1.465708ms)
✔ only the unique accepted main-turn call with the same input reference can support an answer (2.232958ms)
✔ goal, graph, data generation and each session input identity change invalidate a previously accepted answer (0.895375ms)
✔ new, removed, restricted or retracted evidence requires a fresh answer even when it was not cited (0.318917ms)
✔ model self-review cannot replace independent evidence or dismiss factual counterevidence (0.147917ms)
✔ considered counterarguments are retained while any missing requirement or needs-work verdict blocks completion (0.099708ms)
✔ result readiness excludes only delivery; response, evidence, effect and budget obligations remain required (0.302959ms)
✔ transient model and tool calls cannot be hidden by an otherwise accepted answer (0.223708ms)
✔ fresh session, memory and hypothesis reviews remain gates before response completion (1.12825ms)
✔ blocked or no-longer-authorized answer and input artifacts cannot complete a response (0.370041ms)
✔ fast work progresses from main turn to tool to synthesis without charging a graph replan (0.210083ms)
✔ answer synthesis does not bypass a failed task, unmet factual criteria, allocation gate or deadline (0.125ms)
✔ an accepted satisfied answer cannot complete while planned tasks are unstarted, failed or have no current adopted success (0.264792ms)
✔ an explicit validated plan removal preserves the failed attempt and permits a fresh answer at the new plan revision (2.180708ms)
✔ waiting for an answer alone does not expand auto investigation, but current factual counterevidence still does (0.169ms)
✔ late received answer cannot override input; measured usage remains settled (316.992291ms)
✔ late received answer cannot override cancel; measured usage remains settled (263.361208ms)
✔ same provider identity with a changed prompt rejects a stored response without resetting charged usage (259.543875ms)
✔ repeated unfinished self-review is bounded and never creates a deliverable answer (676.996083ms)
✔ unknown provider usage is retained and prevents an automatic unaccounted retry (287.94475ms)
✔ a prior draft disappearing after response reservation prevents accepting a late revision (450.242791ms)
✔ sqlite: generic correction survives repeated compact as an exact assistant citation and a later command-backed answer (1848.506917ms)
✔ file-journal: generic correction survives repeated compact as an exact assistant citation and a later command-backed answer (12416.47075ms)
✔ fast general request completes with one model turn, no fake evidence or tools, and next work keeps context (769.810125ms)
✔ general read uses the existing task executor once and then synthesizes from observed evidence (628.569792ms)
✔ question delivery waits and the raw reply resumes the same original response requirement (646.517459ms)
✔ needs_work candidate feeds a later turn and cannot be delivered as a completed answer (592.686ms)
✔ reopening after stored response adopts the original charged call and sends one final answer (479.198458ms)
✔ one previous needs-work draft remains verifiable after the current candidate has been replaced (7.811084ms)
✔ previous artifact missing cannot survive as copied text in the next input (2.35725ms)
✔ previous inputArtifact missing cannot survive as copied text in the next input (0.669167ms)
✔ previous replyArtifact missing cannot survive as copied text in the next input (0.627542ms)
✔ previous artifact corrupt cannot survive as copied text in the next input (0.729583ms)
✔ previous inputArtifact corrupt cannot survive as copied text in the next input (0.438084ms)
✔ previous replyArtifact corrupt cannot survive as copied text in the next input (0.479292ms)
✔ previous draft cannot reuse a foreign, blocked or now unauthorized input or body reference (0.574417ms)
✔ previous call status, identity and current goal or plan cannot be replaced by an accepted body copy (0.523ms)
✔ previous copied assessment and an alternative current-candidate body ref must match the originals exactly (0.680333ms)
✔ no previous draft performs no reads; a prior input names an older draft without recursively reopening that chain (0.562709ms)
✔ sqlite: original text is durable before normal work and acknowledgement; receipt retry preserves one work (322.310959ms)
✔ sqlite: interruption after receipt publication resumes identical input without a second work or model call (268.833708ms)
✔ file-journal: original text is durable before normal work and acknowledgement; receipt retry preserves one work (252.305875ms)
✔ file-journal: interruption after receipt publication resumes identical input without a second work or model call (251.593333ms)
✔ clarifying an actual question advances the applied reply while preserving the original requirement across retry (287.144208ms)
✔ continue retains work and budget while an explicit accept creates a separate work in the same session (203.300083ms)
✔ host authority and explicit input schemas reject injected work, goal and cross-user or cross-session mutations (180.375375ms)
✔ stale or non-resolvable clarification is durably rejected and cannot silently become a new work (183.181292ms)
✔ a late counterexample prevents a previously delivered answer from being displayed as the current result (244.966208ms)
✔ a public snapshot retries a goal change during artifact verification (203.050167ms)
✔ conversation view keeps message selection and public status on the same revision (215.976166ms)
✔ cancelled work displays its status rather than its historical delivered result (184.906916ms)
✔ request acceptance is atomic, duplicate input is stable and each conversation can bind several works (17.905542ms)
✔ failed acceptance commit creates neither a work nor a reception acknowledgment (16.955ms)
✔ analysis, response preparation, delivery and completion are distinct; retransmission never collects evidence again (20.474208ms)
✔ analysis-only completion does not pretend that its result was prepared or delivered (7.182042ms)
✔ pending questions are grouped once and resolving a question cannot waive required result delivery (5.234375ms)
✔ independent dispatchers claim once and receipt reconciliation after restart does not send again (18.509375ms)
✔ ambiguous delivery with no idempotency stays unknown, including repeated and timed-out lookup (10.180084ms)
✔ idempotent absent receipt permits only a bounded later retry and permanent failure stays visible (3.752708ms)
✔ goal before delivery prevents an obsolete or unauthorized result from being sent (5.852083ms)
✔ cancel before delivery prevents an obsolete or unauthorized result from being sent (5.87675ms)
✔ labels before delivery prevents an obsolete or unauthorized result from being sent (5.092083ms)
✔ destination before delivery prevents an obsolete or unauthorized result from being sent (5.474292ms)
✔ pause preserves pending delivery and resume can complete it without another source call (5.670292ms)
✔ late confirmed delivery is historical and cannot satisfy a revised goal (5.387875ms)
✔ an uncertain old-goal delivery retains its uncertainty when superseded by a new goal (5.929125ms)
✔ SIGKILL between channel commit and outbox settlement recovers from two reopened databases without another send (121.742667ms)
✔ a never-dispatched response can be prepared after permission restoration, and large questions retain their full artifact (12.7125ms)
✔ sqlite/documents-simple/auto: one necessary plan and observation complete with no extra investigation (222.721166ms)
✔ sqlite/documents-simple/fast: one necessary plan and observation complete with no extra investigation (197.274625ms)
✔ sqlite/documents-simple/deep: one necessary plan and observation complete with no extra investigation (186.17425ms)
✔ sqlite/observations-simple/auto: one necessary plan and observation complete with no extra investigation (198.946209ms)
✔ sqlite/observations-simple/fast: one necessary plan and observation complete with no extra investigation (189.546375ms)
✔ sqlite/observations-simple/deep: one necessary plan and observation complete with no extra investigation (188.572208ms)
✔ sqlite/documents-complex/auto: complex scope is either validated for investigation or rejected without false completion (230.219542ms)
✔ sqlite/documents-complex/fast: complex scope is either validated for investigation or rejected without false completion (97.046458ms)
✔ sqlite/documents-complex/deep: complex scope is either validated for investigation or rejected without false completion (250.764ms)
✔ sqlite/observations-complex/auto: complex scope is either validated for investigation or rejected without false completion (229.099417ms)
✔ sqlite/observations-complex/fast: complex scope is either validated for investigation or rejected without false completion (83.019959ms)
✔ sqlite/observations-complex/deep: complex scope is either validated for investigation or rejected without false completion (229.933125ms)
✔ sqlite: mode commands enforce owner and both revisions, remain idempotent, and preserve goal and costs (40.839167ms)
✔ sqlite: lowering to fast after two paid reads cannot reset usage or oversubscribe the next reservation (88.449083ms)
✔ sqlite: explicit model cap and fast cap include reservations and do not reopen paid capacity (243.31425ms)
✔ sqlite: a running model keeps its pending mode request and late reply accounting until the next safe boundary (175.07925ms)
✔ sqlite: a pending mode survives reserved model restart without invalidating its stored input (208.055708ms)
✔ sqlite: cancel overrides a pending mode without discarding late measured model costs (105.801166ms)
✔ sqlite: deep to fast retains original goal, completed tasks, checkpoint and result reuse after reopen (145.79225ms)
✔ sqlite: fast keeps mandatory review of existing hypotheses and cannot replace it with premature completion (172.339209ms)
✔ sqlite: legacy model reservations keep their version-one basis when a pending mode first materializes control (129.701208ms)
✔ sqlite: a newer mode wins a pending-mode boundary CAS race (58.047917ms)
✔ sqlite: a newer cancel wins a pending-mode boundary CAS race (59.487292ms)
✔ sqlite: cancellation during model backoff publication returns current control without failing the workflow (97.584292ms)
✔ sqlite: auto mode change and reopen preserve a partial collection's original goal and explicit resume chain (491.868917ms)
✔ file-journal/documents-simple/auto: one necessary plan and observation complete with no extra investigation (431.979791ms)
✔ file-journal/documents-simple/fast: one necessary plan and observation complete with no extra investigation (420.844291ms)
✔ file-journal/documents-simple/deep: one necessary plan and observation complete with no extra investigation (451.717416ms)
✔ file-journal/observations-simple/auto: one necessary plan and observation complete with no extra investigation (404.142958ms)
✔ file-journal/observations-simple/fast: one necessary plan and observation complete with no extra investigation (1373.210292ms)
✔ file-journal/observations-simple/deep: one necessary plan and observation complete with no extra investigation (1711.024417ms)
✔ file-journal/documents-complex/auto: complex scope is either validated for investigation or rejected without false completion (1084.865125ms)
✔ file-journal/documents-complex/fast: complex scope is either validated for investigation or rejected without false completion (197.661292ms)
✔ file-journal/documents-complex/deep: complex scope is either validated for investigation or rejected without false completion (1166.682542ms)
✔ file-journal/observations-complex/auto: complex scope is either validated for investigation or rejected without false completion (797.685625ms)
✔ file-journal/observations-complex/fast: complex scope is either validated for investigation or rejected without false completion (208.205625ms)
✔ file-journal/observations-complex/deep: complex scope is either validated for investigation or rejected without false completion (793.069709ms)
✔ file-journal: mode commands enforce owner and both revisions, remain idempotent, and preserve goal and costs (170.269916ms)
✔ file-journal: lowering to fast after two paid reads cannot reset usage or oversubscribe the next reservation (373.8685ms)
✔ file-journal: explicit model cap and fast cap include reservations and do not reopen paid capacity (706.532375ms)
✔ file-journal: a running model keeps its pending mode request and late reply accounting until the next safe boundary (707.700167ms)
✔ file-journal: a pending mode survives reserved model restart without invalidating its stored input (885.683459ms)
✔ file-journal: cancel overrides a pending mode without discarding late measured model costs (356.515875ms)
✔ file-journal: deep to fast retains original goal, completed tasks, checkpoint and result reuse after reopen (598.223ms)
✔ file-journal: fast keeps mandatory review of existing hypotheses and cannot replace it with premature completion (426.095417ms)
✔ file-journal: legacy model reservations keep their version-one basis when a pending mode first materializes control (369.048625ms)
✔ file-journal: a newer mode wins a pending-mode boundary CAS race (314.679666ms)
✔ file-journal: a newer cancel wins a pending-mode boundary CAS race (300.678166ms)
✔ file-journal: cancellation during model backoff publication returns current control without failing the workflow (277.663709ms)
✔ file-journal: auto mode change and reopen preserve a partial collection's original goal and explicit resume chain (1349.916458ms)
✔ documents-simple: validated plan executes to verified completion without additional planner calls (22.702834ms)
✔ observations-simple: validated plan executes to verified completion without additional planner calls (7.638417ms)
✔ invalid plans fail before budget or execution: stale, cyclic, missing deps, schema, effects, permission and IDs (4.640584ms)
✔ plan commands deduplicate after later state changes; task IDs cannot hide changed inputs (4.182209ms)
✔ discarded unexecuted task ID still cannot acquire a different contract (3.892666ms)
✔ scripted planner proposal enters the real validator and executor only when control requests a plan (4.60425ms)
✔ dependencies execute in order; partial observations require another source, not false completion (7.1525ms)
✔ empty queue is replan; wake conditions, tool budget, deadline and cancellation produce distinct controls (4.565834ms)
✔ only authorized current-goal commands mutate state; duplicate cancellation is stable (2.770625ms)
✔ competing executors cannot both reserve or replay dispatch (4.318542ms)
✔ late tool result after cancel is recorded without adopting or reversing the command (4.714375ms)
✔ late tool result after goal is recorded without adopting or reversing the command (3.966334ms)
✔ expired dispatched read has bounded retry or explicit unknown effect (3.078042ms)
✔ expired dispatched write has bounded retry or explicit unknown effect (3.068791ms)
✔ invalid result identity, labels, references and output cannot become accepted evidence (22.372042ms)
✔ stored received result resumes in reopened SQLite and artifact stores without invoking tool again (58.180959ms)
✔ tool JSON schema validation compiles once, rejects unsupported schema and preserves inputs (2.541792ms)
✔ successful dependency chain follows DAG order even when task array is reversed (5.613291ms)
✔ pause before dispatch releases reservation; resume and repeated old pause do not cancel new execution (5.17825ms)
✔ tool failures retry only within attempt budget and repeated empty replans exhaust their own budget (6.410667ms)
✔ unconfirmed write is unknown and cannot satisfy the goal or be retried by a renamed task (4.560375ms)
✔ lease timeout yields even for a tool that ignores cancellation; late result cannot finish the goal (25.124625ms)
✔ permission revocation after reservation is rechecked before dispatch and durably blocks execution (3.100667ms)
✔ memory: waiting execution wakes only for expired lease or received result (10.341459ms)
✔ sqlite: waiting execution wakes only for expired lease or received result (45.300917ms)
✔ generated answer uses verified text and keeps its basis across preparation, delivery and usage accounting (24.593708ms)
✔ same-length raw artifact corruption cannot prepare or send generated text (3.66775ms)
✔ same-length raw inputArtifact corruption cannot prepare or send generated text (3.140042ms)
✔ same-length raw replyArtifact corruption cannot prepare or send generated text (3.4575ms)
✔ a replacement answer with unchanged evidence gets a new result ID and supersedes the old outbound answer (5.420458ms)
✔ assessment change cannot reuse the accepted generated candidate (3.046917ms)
✔ call change cannot reuse the accepted generated candidate (2.469125ms)
✔ prompt change cannot reuse the accepted generated candidate (2.678958ms)
✔ session change cannot reuse the accepted generated candidate (2.21225ms)
✔ business obligation change cannot reuse the accepted generated candidate (2.537458ms)
✔ external session currentness loss after prepare blocks dispatch without a work revision change (2.50875ms)
✔ external memory currentness loss after prepare blocks dispatch without a work revision change (3.395292ms)
✔ external sources currentness loss after prepare blocks dispatch without a work revision change (2.691666ms)
✔ outbox rejects a substituted outbound body even when candidate references and response ID match (2.614ms)
✔ delivery rechecks source currentness after claiming and cannot acknowledge a late stale response (3.242375ms)
✔ request source text and bound agent identity are verified independently of a permissive source adapter (1.375292ms)
✔ needs-work candidates can inform another turn but cannot prepare or deliver a final response (1.14775ms)
✔ a new prepared answer cannot deliver copied draft text after its prior source is corrupted without a state change (4.324833ms)
✔ a later applied input preserves the first request, and an omitted old raw request still requires original-source validation (1.805625ms)
✔ read-only work view shows the generated body and withholds the old prepared body after candidate replacement (6.312792ms)
✔ work view cursor cannot retain a generated response after personal-memory currentness changes externally (5.389209ms)
✔ sqlite: accepted work, request replay, and queries stay separate from fixture execution (244.541333ms)
✔ sqlite: document question is atomic, actionable, and does not interpret reply text (297.798125ms)
✔ sqlite: current ownership, route, and disclosure gates apply to reads and mutations (97.249958ms)
✔ sqlite: web attachment observes an existing CLI primary without re-sending or changing it (237.393334ms)
✔ sqlite: goal and mode commands preserve optimistic revisions and durable idempotency (233.169417ms)
✔ sqlite: pause does not wait behind an active run and a replay cannot start another run (269.771292ms)
✔ sqlite: cancel does not wait behind an active run and a replay cannot start another run (115.201541ms)
✔ sqlite: an unfinished durable run is not repeated by the same request after restart (272.644541ms)
✔ sqlite: a goal changed while the old run intent is acknowledged never receives that run's plan (289.644667ms)
✔ sqlite: workflow entry rejects a stale pinned goal before recovery or execution (116.590084ms)
✔ sqlite: paged lists recheck every returned card and omit a card revoked while another is read (406.382167ms)
✔ sqlite: at most four distinct works execute concurrently and draining admits no new mutations (528.975ms)
✔ file-journal: accepted work, request replay, and queries stay separate from fixture execution (746.778209ms)
✔ file-journal: document question is atomic, actionable, and does not interpret reply text (957.468667ms)
✔ file-journal: current ownership, route, and disclosure gates apply to reads and mutations (153.043583ms)
✔ file-journal: web attachment observes an existing CLI primary without re-sending or changing it (573.440541ms)
✔ file-journal: goal and mode commands preserve optimistic revisions and durable idempotency (717.276667ms)
✔ file-journal: pause does not wait behind an active run and a replay cannot start another run (866.5305ms)
✔ file-journal: cancel does not wait behind an active run and a replay cannot start another run (314.69275ms)
✔ file-journal: an unfinished durable run is not repeated by the same request after restart (824.987333ms)
✔ file-journal: a goal changed while the old run intent is acknowledged never receives that run's plan (751.215542ms)
✔ file-journal: workflow entry rejects a stale pinned goal before recovery or execution (166.480583ms)
✔ file-journal: paged lists recheck every returned card and omit a card revoked while another is read (2617.806875ms)
✔ file-journal: at most four distinct works execute concurrently and draining admits no new mutations (2305.787208ms)
✔ verified facts remain visible while hypothesis review prevents response readiness and preparation (26.626583ms)
✔ reserved, running and stored model replies cannot produce a result; accepted review resumes preparation (29.976208ms)
✔ pending model work suppresses question preparation while preserving existing obligation blockers (12.196709ms)
✔ an already prepared result is withheld during review and can be prepared again after accepted model assessment (13.844208ms)
✔ documents-simple: one model plan executes to completion with usage and no extra hypothesis call (36.26975ms)
✔ observations-simple: one model plan executes to completion with usage and no extra hypothesis call (11.9855ms)
✔ late counterevidence revises the hypothesis and only the changed graph consumes a replan (45.26775ms)
✔ strict structured transport adapter feeds the same validator and execution loop without a provider SDK (9.281417ms)
✔ invalid or truncated responses cannot replace an executable plan or fabricate zero usage (5.934584ms)
✔ rejected model plans still charge exactly one call and preserve their raw response for an authorized read (5.04725ms)
✔ bookkeeping changes do not stale a response but goal and evidence changes do (9.776792ms)
✔ received model result resumes after SQLite and artifact reopen with no additional model call (97.852166ms)
✔ a new scope archives the old hypothesis in prior events and permits a fresh plan (9.285584ms)
✔ unsupported hypotheses and erased counterevidence are rejected without changing the current assessment (7.527083ms)
✔ validator feedback reaches the next model proposal and invalid plans never dispatch their tools (12.147417ms)
✔ permission revocation during reply storage preserves usage but never downgrades the model body (4.709709ms)
✔ sqlite: installed CLI continues X → process restart → Y with exact raw input and owned stores (1202.98075ms)
✔ file-journal: installed CLI continues X → process restart → Y with exact raw input and owned stores (1561.203375ms)
✔ installed CLI input is durable once, new sessions are explicit, and foreign agent sessions remain unavailable (2488.587041ms)
✔ sqlite: Web auth reconnect preserves one durable conversation and common atomic question intake (646.098917ms)
✔ file-journal: Web auth reconnect preserves one durable conversation and common atomic question intake (2501.696708ms)
✔ registered local transport reads evidence, automatically compacts multiple prefixes, answers and continues the same session after reopening (3048.840792ms)
✔ a registered reply already stored before shutdown is adopted and delivered after reopening without invoking the transport again (413.104667ms)
✔ sqlite: actual session input cancels an unsent model reservation and returns its allocation (216.363958ms)
✔ sqlite: real session input during a model call rejects the late proposal and preserves usage (235.780584ms)
✔ sqlite: real session cancel during a model call rejects the late proposal and preserves usage (218.85025ms)
✔ sqlite: durable raw input left pending prevents tool execution and outbox sends until the same input is recovered (148.173458ms)
✔ file-journal: actual session input cancels an unsent model reservation and returns its allocation (353.144625ms)
✔ file-journal: real session input during a model call rejects the late proposal and preserves usage (451.094875ms)
✔ file-journal: real session cancel during a model call rejects the late proposal and preserves usage (683.547417ms)
✔ file-journal: durable raw input left pending prevents tool execution and outbox sends until the same input is recovered (410.142125ms)
✔ real session provider rejects a full pending page even when the blocked work appears only after that page (869.693167ms)
✔ real session history does not authorize a missing source artifact merely because a derived context remains readable (490.030791ms)
✔ sqlite: completed X and restarted Y share raw conversation but not work/evidence/budget (473.553ms)
✔ file-journal: completed X and restarted Y share raw conversation but not work/evidence/budget (1505.248125ms)
✔ same message retransmission recovers stable work; conflicting raw text is rejected before extra work (221.963125ms)
✔ input/work linkage recovers after a failure following the durable work commit (218.21675ms)
✔ agents/users/new sessions cannot access or inject another session even with a known session ID (394.835167ms)
✔ new applied text invalidates old context and requires review; a rejected command does not block the next input (335.29975ms)
✔ Y can prepare before X without trapping X or regressing the active session head (239.048542ms)
✔ context capacity is explicit and preserves the received original for later compact (233.636208ms)
✔ sqlite: inputOnly resumes the same original once and still acknowledges it after completed work (644.193334ms)
✔ sqlite: inputOnly leaves later work and command intakes pending, while ordinary resume still applies both (278.2715ms)
✔ file-journal: inputOnly resumes the same original once and still acknowledges it after completed work (1273.867875ms)
✔ file-journal: inputOnly leaves later work and command intakes pending, while ordinary resume still applies both (484.832459ms)
✔ inputOnly does not overtake an earlier pending work or automatically create another original (239.561875ms)
✔ inputOnly catches a predecessor arriving between its preflight and durable receive (226.836125ms)
✔ inputOnly recovers a committed work command whose inbox settlement was interrupted (169.278875ms)
✔ inputOnly keeps authorization, session binding, and stale revision rejection before memory capture (189.85725ms)
✔ Web HTTP → stored workflow → restart is readonly (sqlite) (393.796458ms)
✔ Web HTTP → stored workflow → restart is readonly (file-journal) (740.343708ms)
✔ web session is one-time, per-instance, HttpOnly; reload and static reads never execute (30.302167ms)
✔ web Host, Origin, Fetch Metadata, CSRF and strict JSON reject before controller entry (12.893708ms)
✔ web exact assets, methods and cursor options do not expose files or internal errors (14.932959ms)
✔ web session expiry during body blocks mutation entry, logout blocks late view payload (27.463958ms)
✔ web bootstrap expires and authenticated request rate has a finite window (346.185917ms)
✔ web SSE emits projection changes at same revision, reconnect is readonly, denial closes (3040.468667ms)
✔ web SSE session revocation, stream cap and lifetime release resources (44.126334ms)
✔ closed SSE keeps physical read slots until completion; reconnect cannot create unbounded reads (400.136375ms)
✔ web pending run permits independent cancel and disconnect does not call cancel (21.795875ms)
ℹ tests 249
ℹ suites 0
ℹ pass 249
ℹ fail 0
ℹ cancelled 0
ℹ skipped 0
ℹ todo 0
ℹ duration_ms 45562.507708
