✖ registered local transport reads evidence, automatically compacts multiple prefixes, answers and continues the same session after reopening (1371.17675ms)
ℹ tests 1
ℹ suites 0
ℹ pass 0
ℹ fail 1
ℹ cancelled 0
ℹ skipped 0
ℹ todo 0
ℹ duration_ms 1469.408375

✖ failing tests:

test at evidence/C04-registered-flow-diagnostic-test.mjs:84:1
✖ registered local transport reads evidence, automatically compacts multiple prefixes, answers and continues the same session after reopening (1371.17675ms)
  AssertionError [ERR_ASSERTION]: Expected values to be strictly equal:
  
  'wait' !== 'complete'
  
      at TestContext.<anonymous> (file:///Users/seunghanee/Documents/secumon/runtime/evidence/C04-registered-flow-diagnostic-test.mjs:139:12)
      at async Test.run (node:internal/test_runner/test:1404:7)
      at async startSubtestAfterBootstrap (node:internal/test_runner/harness:387:3) {
    generatedMessage: true,
    code: 'ERR_ASSERTION',
    actual: 'wait',
    expected: 'complete',
    operator: 'strictEqual',
    diff: 'simple'
  }
