✔ host registration resolves one exact name and captures its method and execution before map changes (2.540541ms)
✔ absent, foreign-shaped and malformed registrations never trigger a factory or module lookup (3.149917ms)
✔ factory receives only the frozen prompt profile and opened metadata and methods are captured without mutating the host object (0.559166ms)
✔ prompt identity, fixed instructions, capabilities and input reservation failures close the acquired lease (1.509083ms)
✔ compact requires both methods and captured methods keep their host receiver (0.513ms)
✔ factory errors retain their original object and validation plus cleanup failures retain both causes (0.368ms)
✔ resource cleanup attempts every closer and preserves single or multiple original failures (0.109458ms)
✔ local contract is an exact named finite fixture with one model identity and bounded turn/compact registration (2.106709ms)
✔ known turn rules pass through the real structured adapters and arbitrary text remains a refusal (6.761708ms)
✖ local registration measures full structured requests and headless previews without synthetic one-token shortcuts (0.981ms)
✔ the existing compact rules preserve prior items and exact source quotes after structured parsing (1.681709ms)
✔ host profile changes alter the combined fingerprint while scoped request guards and early cancellation remain active (1.131958ms)
✔ installed registered chat selects the C01 name, executes one read and resumes without another invocation (1955.817709ms)
✔ registered CLI never falls back for unknown names or mixed provider options (296.237208ms)
✔ Web startup accepts the same host registration, carries call limits and keeps HTTP selection read-only (780.263542ms)
✔ Web rejects invalid registered startup options before creating a profile (118.018ms)
✖ registered local transport reads evidence, automatically compacts multiple prefixes, answers and continues the same session after reopening (1564.248625ms)
✔ a registered reply already stored before shutdown is adopted and delivered after reopening without invoking the transport again (429.592542ms)
✔ registered profile preserves C01 v1 and passes explicit model limits through composition (164.83075ms)
✔ registered profile preserves C01 v2 and passes explicit model limits through composition (217.742625ms)
✔ registered selection requires an exact existing C01 name and host registration before opening databases (289.258416ms)
✔ registered compact overrides are refused and explicit synthetic remains independent of the stored model name (160.185875ms)
✔ factory failure closes acquired stores and keeps the original exception object (188.156292ms)
✔ post-factory composition failure retains the original parse error plus model cleanup failure and closes stores (122.608959ms)
✔ agent stores retain every actual close failure (120.982041ms)
✔ agent stores retain every actual close failure together with the opening error (144.469083ms)
✔ combined model delegates detached turn, compact and preview methods without changing provider usage or request bytes (6.089917ms)
✔ different purpose identities, destinations or effective capabilities cannot be registered as one model (1.365083ms)
✔ combined estimation fingerprint covers every child profile field and the host-bound main prompt (1.37075ms)
✔ combined metadata is frozen and preserves child request guards and identity failure without fallback calls (0.753333ms)
✔ compact estimation and invocation use the same frozen source, previous summary, instructions and candidate schema (3.991625ms)
✔ fallback estimation is local and oversized estimates remain numeric while exact transport byte caps are inclusive (0.585583ms)
✔ invalid compact inputs and nonempty tool options are rejected before estimating or invoking a provider (1.199666ms)
✔ invalid registered compact estimates preserve their failure instead of selecting a fallback or calling transport (0.287ms)
✔ finish reasons and model identity failures never publish a partial candidate or trigger a repair call (0.444667ms)
✔ missing, incomplete or invalid candidate JSON and oversized responses retain known usage without synthetic repairs (0.572208ms)
✔ usage null, missing and partly invalid values stay unknown independently rather than becoming zero (0.602416ms)
✔ cancellation distinguishes unsent input from returned usage and transport uncertainty without retries (0.200875ms)
✔ a stored structured compact reply resumes through the existing summary receipt and usage ledger once (96.58875ms)
✔ schema-valid compact candidates still undergo existing digest, source citation and summary-size checks (151.217709ms)
✔ structured compact transport loss preserves the unknown-usage reservation and blocks another unaccounted call (30.107458ms)
ℹ tests 41
ℹ suites 0
ℹ pass 39
ℹ fail 2
ℹ cancelled 0
ℹ skipped 0
ℹ todo 0
ℹ duration_ms 3796.132583

✖ failing tests:

test at dist/tests/local-contract-model.test.js:95:1
✖ local registration measures full structured requests and headless previews without synthetic one-token shortcuts (0.981ms)
  AssertionError [ERR_ASSERTION]: Expected values to be strictly equal:
  
  11001 !== 10979
  
      at TestContext.<anonymous> (file:///Users/seunghanee/Documents/secumon/runtime/dist/tests/local-contract-model.test.js:101:12)
      at async Test.run (node:internal/test_runner/test:1404:7)
      at async Test.processPendingSubtests (node:internal/test_runner/test:969:7) {
    generatedMessage: true,
    code: 'ERR_ASSERTION',
    actual: 11001,
    expected: 10979,
    operator: 'strictEqual',
    diff: 'simple'
  }

test at dist/tests/registered-agent-flow.test.js:84:1
✖ registered local transport reads evidence, automatically compacts multiple prefixes, answers and continues the same session after reopening (1564.248625ms)
  AssertionError [ERR_ASSERTION]: Expected values to be strictly equal:
  
  'wait' !== 'complete'
  
      at TestContext.<anonymous> (file:///Users/seunghanee/Documents/secumon/runtime/dist/tests/registered-agent-flow.test.js:137:12)
      at async Test.run (node:internal/test_runner/test:1404:7)
      at async startSubtestAfterBootstrap (node:internal/test_runner/harness:387:3) {
    generatedMessage: true,
    code: 'ERR_ASSERTION',
    actual: 'wait',
    expected: 'complete',
    operator: 'strictEqual',
    diff: 'simple'
  }
