{
  "output": "/Users/seunghanee/Documents/secumon/runtime/evidence/C04-window-fixture-diagnostic.json",
  "cleanup": true,
  "stages": [
    {
      "phase": "reserved",
      "status": "reserved",
      "reason": "synthetic_entry_window"
    },
    {
      "phase": "executed",
      "status": "received",
      "reason": "synthetic_entry_window",
      "reply": {
        "status": "ok",
        "candidate": {
          "inputDigest": "c982bd7d55d53da2c53b61e4491f5e6473f7bc5e56d9c65031a791df049bdeed",
          "content": {
            "narrative": "Keep the cited synthetic constraint.",
            "retained": [
              {
                "id": "source-1",
                "kind": "constraint",
                "text": "Retain source 0.",
                "status": "active",
                "citations": [
                  {
                    "sequence": 1,
                    "sourceId": "source-0",
                    "role": "user",
                    "quote": "Retain source 0."
                  }
                ]
              }
            ]
          }
        },
        "inputTokens": 7,
        "outputTokens": 3,
        "provider": "synthetic",
        "model": "window-fixture"
      }
    },
    {
      "phase": "publish_error",
      "message": "agent_storage_owner_missing"
    },
    {
      "phase": "adopted",
      "adopted": false,
      "status": "rejected",
      "reason": "agent_storage_owner_missing"
    }
  ]
}
