✔ sqlite: chat goal retains work and auto mode, answers at the next revision and never executes an old replay (2770.951625ms)
✔ file-journal: chat goal retains work and auto mode, answers at the next revision and never executes an old replay (7838.725708ms)
✔ chat goal with omitted mode retains fast and completes within the same work call limit (1235.343208ms)
✔ chat goal preserves exhausted fast usage; explicit auto spends only the remaining original work budget (1850.81ms)
✔ chat goal supersedes the old question and prints intake before the new answer; status exposes both revisions (1526.567958ms)
✔ chat goal refuses invalid or missing revision and unsupported options before profile creation (788.678917ms)
✔ chat goal preserves selected session and channel authority and rejects stale or conflicting commands (2103.398542ms)
✔ chat goal replays an intake interrupted after receipt without model execution; explicit resume continues the new goal (1540.609625ms)
✔ goal command original remains verifiable after compact and reconnect, without accepting ordinary input as a goal receipt (951.094333ms)
✔ sqlite: explicit goal intake preserves work, original transcript and budget; replay uses the first command (243.881667ms)
✔ sqlite: after_receive resumes the original goal command after reconnect (177.3375ms)
✔ sqlite: after_commit resumes the original goal command after reconnect (178.638833ms)
✔ file-journal: explicit goal intake preserves work, original transcript and budget; replay uses the first command (266.792292ms)
✔ file-journal: after_receive resumes the original goal command after reconnect (232.430291ms)
✔ file-journal: after_commit resumes the original goal command after reconnect (271.008459ms)
✔ a newer applied input rejects the old editor basis durably without changing goal or transcript head (191.068458ms)
✔ a control change inside the goal commit CAS is rechecked and cannot overwrite the newer mode (145.950833ms)
✔ goal intake validates authority, selected session, original IDs, and server-owned fields before receipt publication (168.020583ms)
✔ cancelled work stays terminal; rejected input remains auditable and cannot become another work (168.971375ms)
✔ completed response can receive an explicit new goal while old answer, read artifacts and actual usage remain historical (993.760375ms)
✔ only an accepted old main-turn question is superseded; external response and evidence obligations survive (408.385583ms)
✔ narrowed policy at dispatch is rejected instead of expanding the caller authority (175.591917ms)
✔ goal replacement invalidates an old reserved model call and preserves actual accounting (282.118833ms)
✔ goal replacement invalidates an old received model call and preserves actual accounting (280.619958ms)
✔ native HTTP general intake acknowledges without inference; explicit execution, reconnect and same-session follow-up preserve the real answer (912.791625ms)
✔ native HTTP reading request uses the real task executor once and projects its generated evidence-backed answer (703.602667ms)
✔ native HTTP question, explicit original clarification and run resume the same work without pretending the question completed it (682.630667ms)
✔ native HTTP another selected conversation cannot read or run a work from the original session (136.883084ms)
✔ native HTTP general requests retain strict actor/policy/scenario rejection and the existing CSRF gate (135.800084ms)
✔ native HTTP explicit goal replacement supersedes an old question, acknowledges without inference, then executes the new goal once (778.536ms)
✔ native HTTP general goal editor rejects stale inputs and authority injection while preserving received rejection originals (215.97575ms)
✔ native HTTP command identity survives goal-intent interruption, rejects run collisions and retains legacy session retries (669.568125ms)
✔ native HTTP run and goal from separate coordinators race on one durable command receipt (450.141375ms)
✔ general complex turn: late counterevidence adds only the discriminating task and answers from current independent sources (1250.608291ms)
✔ general complex turn: failed discriminating read waits for a question without erasing the conflict (931.378375ms)
✔ general goal draft pins the applied input, sends exact raw text and never accepts a changed edit basis (0.799375ms)
✔ browser view: same-revision source invalidation replaces a result without sorting opaque cursors (0.126584ms)
✔ browser view: unavailable invalidates pending details and unchanged cannot resurrect revoked content (0.075084ms)
✔ browser view: an accepted conversation refresh invalidates an older in-flight detail response (0.071ms)
✔ browser view: work identity, level, revision and goal version cannot be mixed or reversed (0.096833ms)
✔ browser view: repeated message identities update in place while new goal versions have distinct identities (0.092708ms)
✔ browser view: snapshots clone data and invalidate other levels without mutating the previous view (0.064ms)
✔ browser view: state and cursors remain isolated across two selected works (0.056708ms)
✔ browser view: history readers are not treated as pinned to the end of a scroll region (0.048833ms)
✔ browser reads: serialization starts the next request only after the prior read completes (0.146458ms)
✔ browser reads: unavailability discards already-queued old reads and a new selection has its own queue epoch (0.379041ms)
✔ browser reads: a failed read does not permanently block later explicit reads (0.12ms)
✔ browser stream: unchanged events make no reads and a burst of changes has at most one follow-up read (0.1095ms)
✔ browser stream: an invalidated stream cannot start its queued follow-up refresh (0.056958ms)
✔ browser stream: delayed change notifications only read the current same-revision source state (0.068916ms)
✔ browser acceptance: a lost response keeps the same receipt identity for an explicit retry (0.082083ms)
✔ browser acceptance: the same receipt after a lost response produces one work in a receipt-based fake receiver (0.0345ms)
✔ browser status: stored completion is distinct from a currently invalidated result (0.024834ms)
✔ browser goal editing: changing only the description preserves the current fast mode over the original goal mode (0.082791ms)
✔ browser goal editing: a pending requested mode is preserved and its control revision is pinned (0.034166ms)
✔ browser goal editing: a control, goal or work change rejects submission without changing the input draft (0.079667ms)
✔ browser goal editing: an explicit refreshed basis retains user edits and adopts the latest requested mode (0.044833ms)
ℹ tests 57
ℹ suites 0
ℹ pass 57
ℹ fail 0
ℹ cancelled 0
ℹ skipped 0
ℹ todo 0
ℹ duration_ms 19758.324125
