✔ host registration resolves one exact name and captures its method and execution before map changes (2.303917ms)
✔ absent, foreign-shaped and malformed registrations never trigger a factory or module lookup (0.22775ms)
✔ factory receives only the frozen prompt profile and opened metadata and methods are captured without mutating the host object (0.532833ms)
✔ prompt identity, fixed instructions, capabilities and input reservation failures close the acquired lease (1.468042ms)
✔ compact requires both methods and captured methods keep their host receiver (0.518959ms)
✔ factory errors retain their original object and validation plus cleanup failures retain both causes (0.299333ms)
✔ resource cleanup attempts every closer and preserves single or multiple original failures (0.123209ms)
✔ local contract is an exact named finite fixture with one model identity and bounded turn/compact registration (2.108333ms)
✔ known turn rules pass through the real structured adapters and arbitrary text remains a refusal (6.172416ms)
✔ registered read rule proposes the existing evidence getter only for the current applied request with omitted evidence (1.406375ms)
✔ old quoted read requests and present evidence cannot activate the finite omitted-evidence recall rule (2.516083ms)
✔ evidence recall requires the exact read tool version and the outer adapter still enforces active tool permissions (1.427959ms)
✔ local registration measures full structured requests and headless previews without synthetic one-token shortcuts (1.604292ms)
✔ the existing compact rules preserve prior items and exact source quotes after structured parsing (1.290708ms)
✔ host profile changes alter the combined fingerprint while scoped request guards and early cancellation remain active (1.316042ms)
✔ installed registered chat selects the C01 name, executes one read and resumes without another invocation (1949.950625ms)
✔ registered CLI never falls back for unknown names or mixed provider options (261.849792ms)
✔ Web startup accepts the same host registration, carries call limits and keeps HTTP selection read-only (650.061292ms)
✔ Web rejects invalid registered startup options before creating a profile (62.70125ms)
✔ registered local transport reads evidence, automatically compacts multiple prefixes, answers and continues the same session after reopening (3075.764ms)
✔ a registered reply already stored before shutdown is adopted and delivered after reopening without invoking the transport again (538.44625ms)
✔ registered profile preserves C01 v1 and passes explicit model limits through composition (213.149708ms)
✔ registered profile preserves C01 v2 and passes explicit model limits through composition (248.899667ms)
✔ registered selection requires an exact existing C01 name and host registration before opening databases (265.064541ms)
✔ registered compact overrides are refused and explicit synthetic remains independent of the stored model name (128.206458ms)
✔ factory failure closes acquired stores and keeps the original exception object (167.24525ms)
✔ post-factory composition failure retains the original parse error plus model cleanup failure and closes stores (146.26425ms)
✔ agent stores retain every actual close failure (121.564333ms)
✔ agent stores retain every actual close failure together with the opening error (134.92075ms)
✔ combined model delegates detached turn, compact and preview methods without changing provider usage or request bytes (6.083167ms)
✔ different purpose identities, destinations or effective capabilities cannot be registered as one model (1.18925ms)
✔ combined estimation fingerprint covers every child profile field and the host-bound main prompt (1.3335ms)
✔ combined metadata is frozen and preserves child request guards and identity failure without fallback calls (0.677791ms)
✔ compact estimation and invocation use the same frozen source, previous summary, instructions and candidate schema (3.810542ms)
✔ fallback estimation is local and oversized estimates remain numeric while exact transport byte caps are inclusive (0.576583ms)
✔ invalid compact inputs and nonempty tool options are rejected before estimating or invoking a provider (1.304875ms)
✔ invalid registered compact estimates preserve their failure instead of selecting a fallback or calling transport (0.3265ms)
✔ finish reasons and model identity failures never publish a partial candidate or trigger a repair call (0.479375ms)
✔ missing, incomplete or invalid candidate JSON and oversized responses retain known usage without synthetic repairs (0.561584ms)
✔ usage null, missing and partly invalid values stay unknown independently rather than becoming zero (0.577875ms)
✔ cancellation distinguishes unsent input from returned usage and transport uncertainty without retries (0.21225ms)
✔ a stored structured compact reply resumes through the existing summary receipt and usage ledger once (79.317791ms)
✔ schema-valid compact candidates still undergo existing digest, source citation and summary-size checks (173.834417ms)
✔ structured compact transport loss preserves the unknown-usage reservation and blocks another unaccounted call (54.032417ms)
ℹ tests 44
ℹ suites 0
ℹ pass 44
ℹ fail 0
ℹ cancelled 0
ℹ skipped 0
ℹ todo 0
ℹ duration_ms 4641.257083
