✔ legacy fact-only goals preserve serialized bytes and the existing completion result (4.187459ms)
✔ a response-only goal needs a host-adopted answer, not an empty criterion list or a fabricated fact (0.574917ms)
✔ only the unique accepted main-turn call with the same input reference can support an answer (0.950375ms)
✔ goal, graph, data generation and each session input identity change invalidate a previously accepted answer (0.4935ms)
✔ new, removed, restricted or retracted evidence requires a fresh answer even when it was not cited (0.291541ms)
✔ model self-review cannot replace independent evidence or dismiss factual counterevidence (0.131584ms)
✔ considered counterarguments are retained while any missing requirement or needs-work verdict blocks completion (0.095041ms)
✔ result readiness excludes only delivery; response, evidence, effect and budget obligations remain required (0.272709ms)
✔ transient model and tool calls cannot be hidden by an otherwise accepted answer (0.746958ms)
✔ fresh session, memory and hypothesis reviews remain gates before response completion (0.194792ms)
✔ blocked or no-longer-authorized answer and input artifacts cannot complete a response (0.147125ms)
✔ fast work progresses from main turn to tool to synthesis without charging a graph replan (0.207875ms)
✔ answer synthesis does not bypass a failed task, unmet factual criteria, allocation gate or deadline (0.115125ms)
✔ an accepted satisfied answer cannot complete while planned tasks are unstarted, failed or have no current adopted success (0.300417ms)
✔ an explicit validated plan removal preserves the failed attempt and permits a fresh answer at the new plan revision (2.109542ms)
✔ waiting for an answer alone does not expand auto investigation, but current factual counterevidence still does (0.139292ms)
✔ fast general request completes with one model turn, no fake evidence or tools, and next work keeps context (734.484833ms)
✔ general read uses the existing task executor once and then synthesizes from observed evidence (642.992084ms)
✔ question delivery waits and the raw reply resumes the same original response requirement (678.259875ms)
✔ needs_work candidate feeds a later turn and cannot be delivered as a completed answer (529.682125ms)
✔ reopening after stored response adopts the original charged call and sends one final answer (451.476375ms)
✔ sqlite: original text is durable before normal work and acknowledgement; receipt retry preserves one work (245.415417ms)
✔ sqlite: interruption after receipt publication resumes identical input without a second work or model call (208.577084ms)
✔ file-journal: original text is durable before normal work and acknowledgement; receipt retry preserves one work (246.980125ms)
✔ file-journal: interruption after receipt publication resumes identical input without a second work or model call (274.680833ms)
✔ clarifying an actual question advances the applied reply while preserving the original requirement across retry (246.0955ms)
✔ continue retains work and budget while an explicit accept creates a separate work in the same session (213.917458ms)
✔ host authority and explicit input schemas reject injected work, goal and cross-user or cross-session mutations (188.741708ms)
✔ stale or non-resolvable clarification is durably rejected and cannot silently become a new work (177.408833ms)
✔ documents-simple: one model plan executes to completion with usage and no extra hypothesis call (36.52175ms)
✔ observations-simple: one model plan executes to completion with usage and no extra hypothesis call (12.966333ms)
✔ late counterevidence revises the hypothesis and only the changed graph consumes a replan (44.345833ms)
✔ strict structured transport adapter feeds the same validator and execution loop without a provider SDK (9.310042ms)
✔ invalid or truncated responses cannot replace an executable plan or fabricate zero usage (6.04725ms)
✔ rejected model plans still charge exactly one call and preserve their raw response for an authorized read (5.448583ms)
✔ bookkeeping changes do not stale a response but goal and evidence changes do (9.954125ms)
✔ received model result resumes after SQLite and artifact reopen with no additional model call (143.638958ms)
✔ a new scope archives the old hypothesis in prior events and permits a fresh plan (12.403459ms)
✔ unsupported hypotheses and erased counterevidence are rejected without changing the current assessment (8.383666ms)
✔ validator feedback reaches the next model proposal and invalid plans never dispatch their tools (12.551084ms)
✔ permission revocation during reply storage preserves usage but never downgrades the model body (4.90825ms)
✔ registered local transport reads evidence, automatically compacts multiple prefixes, answers and continues the same session after reopening (2817.312042ms)
✔ a registered reply already stored before shutdown is adopted and delivered after reopening without invoking the transport again (376.693583ms)
ℹ tests 43
ℹ suites 0
ℹ pass 43
ℹ fail 0
ℹ cancelled 0
ℹ skipped 0
ℹ todo 0
ℹ duration_ms 5657.240417
