✔ sqlite: a measured model window drives repeated automatic compact before a general answer and survives reopening (2098.571459ms)
✔ file-journal: a measured model window drives repeated automatic compact before a general answer and survives reopening (10701.008625ms)
✔ an exactly fitting mandatory request survives conservative selector item costs without writes during inspection (62.687709ms)
✔ token-driven optional reduction falls back to the verified mandatory selection and its normal memo (42.167458ms)
✔ invalid final request estimates remain provider-contract failures before a context frame is written (23.586833ms)
✔ an accepted peer summary before_materialize requests one transient reprepare without discarding the same input (100.7045ms)
✔ an accepted peer summary inside_materialize requests one transient reprepare without discarding the same input (54.727458ms)
✔ a peer summary does not turn a missing original into a transient summary-only change (47.045292ms)
✔ inspect writes neither raw session head nor frame; materialize publishes one actual head and one frame without changing work state (72.945166ms)
✔ session storage capacity produces only a compact-needed report, never a truncated dispatchable history or a published head (29.916875ms)
✔ a complete stored history that exceeds the model window also requests compact, retaining every history entry in the full preview (38.202833ms)
✔ current_input overflow cannot be repaired by compacting earlier history and performs no head or frame publication (22.553792ms)
✔ goal_and_obligation overflow cannot be repaired by compacting earlier history and performs no head or frame publication (32.302666ms)
✔ a state change after inspect makes materialize refuse the stale preparation before publishing anything (32.535ms)
✔ an original history source becoming unavailable after inspect refuses materialize even when work state has not changed (19.952083ms)
✔ inspect and materialize preserve optional-tool selection while keeping discovery tools and the entire session (39.24975ms)
✔ unregistered total window preserves legacy input capacity without inventing a total or reducing output (0.587708ms)
✔ window reserves output exactly and applies independent byte and input caps at the inclusive boundary (0.105208ms)
✔ invalid windows and impossible output reservations are configuration errors, not compact candidates (0.635458ms)
✔ malformed estimates and underreported request bytes fail instead of being classified too large (0.170292ms)
✔ estimator profiles are strict copied registrations independent from per-request estimates (0.122ms)
✔ registered planning estimator sees exactly the frozen request sent to transport including tool schema and instructions (3.142083ms)
✔ registered main-turn estimator includes prompt, source text and previous draft without sending a preview (1.571375ms)
✔ oversized estimates remain numeric while both adapters enforce exact transport byte caps (1.870792ms)
✔ estimation keeps request policy and prompt validation before the registered local function runs (0.463625ms)
✔ registered estimation rejects underreported bytes and invalid tokens and preserves thrown causes without fallback (0.232333ms)
✔ registration captures profile and function while legacy fallback retains its known method (0.090208ms)
✔ headless context preview is a local hint with the same request fields and cannot be dispatched as a published input (1.998042ms)
✔ preview estimates retain actual prompt, identity, disclosure and tool validation without treating the preview as authority (0.919292ms)
✔ planning: capability after reservation cancels without dispatching or spending its reservation (21.875041ms)
✔ planning: estimator_revision after reservation cancels without dispatching or spending its reservation (7.028291ms)
✔ a profile change during the final source await prevents transport and settles zero token usage without rewriting the fixed input (7.055375ms)
✔ planning: a received reply remains adoptable after a capacity-only change, with one invocation and unchanged reported usage (7.592125ms)
✔ an unpinned legacy reservation sends only its original input, re-estimated within current limits and the original reservation (6.699042ms)
✔ legacy input exceeding current_capacity is cancelled; the original call is never enlarged and a new reservation is required (7.050292ms)
✔ legacy input exceeding original_input_estimate is cancelled; the original call is never enlarged and a new reservation is required (6.891291ms)
✔ legacy input exceeding original_token_reservation is cancelled; the original call is never enlarged and a new reservation is required (6.497959ms)
✔ agent turn: a received generated answer survives a changed input capacity and is adopted from its stored reply once (273.100542ms)
✔ compact: a changed reserved profile prevents invocation, but a later received compact remains publishable after capacity changes (346.610792ms)
✔ v2 calls retain their historical JSON and digest without acquiring an input profile (2.500625ms)
✔ v3 calls retain their historical JSON and digest without acquiring an input profile (0.324ms)
✔ v4 calls retain their historical JSON and digest without acquiring an input profile (0.226791ms)
✔ input profile schema accepts only a full lowercase SHA256 pin and never defaults missing legacy metadata (0.576958ms)
✔ the snapshot normalizes absent optional capabilities and is independent of object property order (0.509584ms)
✔ raw capability, output reservation and runtime byte changes invalidate the profile even with unchanged effective input capacity (0.37925ms)
✔ model identity, route, purpose and each estimator registration field participate in the pin (0.281459ms)
✔ a snapshot is deeply copied and frozen without freezing caller settings or invoking estimator/model hooks (0.101584ms)
✔ a legacy estimator is pinned to adapter revision, not unregistered hook implementation or current request data (0.156792ms)
✔ matching is tri-state and cannot treat an absent or malformed legacy pin as a verified current execution profile (0.114916ms)
✔ invalid model registration or window configuration fails explicitly without masquerading as request oversize (0.319917ms)
✔ an accepted plan still reserves, executes and adopts its ready tool after the model input capacity falls to one token (335.470125ms)
✔ an accepted answer completes and is delivered with compact enabled after capacity falls, without another model invocation (560.621709ms)
✔ a compact-only workflow never gates a disabled main model; a small fitting compact proceeds and yields for a manual plan (91.262334ms)
✔ required input overflow prevents preventive compact even when the session entry threshold is exceeded (114.120541ms)
✔ malformed estimates are not hidden by an optional raw-session fallback (79.112709ms)
✔ an optional compact capacity failure reuses the same whole-request preparation through reservation (101.5695ms)
✔ an actual published request is remeasured and cannot use a fitting preview as permission to exceed the limit (58.917583ms)
✔ a setting change while inspecting invalidates the unsent preparation before any reservation (38.881958ms)
✔ compact candidates halve at most nine times over one source scan and preserve complete prefix boundaries (1907.949209ms)
✔ one fitting reduced compact input owns exactly one actual call and usage settlement (137.935584ms)
✔ invalid compact estimate bytes is not a reason to shrink or reserve another input (50.285542ms)
✔ invalid compact estimate tokens is not a reason to shrink or reserve another input (60.754333ms)
✔ invalid compact estimate throw is not a reason to shrink or reserve another input (48.638333ms)
✔ a one-entry source cannot be compacted by deleting the current user input (30.973625ms)
✔ a registered whole-request estimate replaces the old token-to-byte guess without altering source text (47.869833ms)
✔ source changes during local compact measurement are rejected before storing or reserving its input (46.894ms)
✔ session inspection publishes no head, artifact or work change; only a validated complete draft can materialize (80.221083ms)
✔ capacity draft validates the whole source manifest and latest raw input without returning partial entries (74.545458ms)
✔ a current input larger than the session capacity remains whole in the diagnostic and cannot materialize (35.833917ms)
✔ new applied input and tampered preparation cannot publish a stale session head (49.591083ms)
✔ capacity inspection retains an accepted summary and verifies its original sources before reuse (87.670959ms)
ℹ tests 71
ℹ suites 0
ℹ pass 71
ℹ fail 0
ℹ cancelled 0
ℹ skipped 0
ℹ todo 0
ℹ duration_ms 12906.468083
