✔ budget runtime sqlite: child execution settles once across duplicate creation, reconciliation and reopen without copying evidence (241.866ms)
✔ budget runtime sqlite: parent remaining calls execute while escrow prevents parent and sibling over-allocation (281.384708ms)
✔ budget runtime sqlite: concurrent sibling grants cannot oversubscribe one parent's remaining budget (130.1425ms)
✔ budget runtime sqlite: a child's last logical tool call is consumed by an actual dispatch and cannot be minted by a new task ID (243.77225ms)
✔ budget runtime sqlite: actual model dispatch and reported tokens remain charged when its plan is rejected (418.952625ms)
✔ budget runtime sqlite: a child token cap below the estimated reservation prevents durable model allocation and transport (225.022167ms)
✔ budget runtime sqlite: revoking an unsent tool reservation fences the child and returns only unused escrow (284.966292ms)
✔ budget runtime sqlite: revoking an unsent model reservation fences the child and returns only unused escrow (419.749417ms)
✔ budget runtime sqlite: revoke retains an active model's unknown usage, then late accounting settles once without adopting its plan (521.051541ms)
✔ budget runtime sqlite: unknown write effects keep the grant outstanding after revoke and restart (297.990542ms)
✔ budget runtime sqlite: reported model overage is charged to the parent without clamping and prevents further funding (362.844958ms)
✔ budget runtime sqlite: reducing limits preserves committed charges and child deadlines while blocking new grants (381.923459ms)
✔ budget runtime sqlite: pending genesis cannot execute before funding (277.616834ms)
✔ budget runtime sqlite: pending genesis cannot execute before funding and parent cancellation wins activation (123.451958ms)
✔ budget runtime sqlite: child funding rejects broader authority, altered duplicate commands and work ID reattachment (108.747459ms)
✔ budget runtime sqlite: grant commit ACK loss resumes the same grant and child without another allocation (90.915459ms)
✔ budget runtime sqlite: activation commit ACK loss resumes the same grant and child without another allocation (124.245ms)
✔ budget runtime sqlite: revocation during child activation installs a fence that the stale activation cannot overwrite (125.849667ms)
✔ budget runtime sqlite: revoke after tool dispatch and before entry prevents transport while keeping the logical dispatch charge (409.958666ms)
✔ budget runtime sqlite: revoke after model dispatch and before entry prevents transport while keeping the logical dispatch charge (297.016125ms)
✔ budget runtime sqlite: actual replan adoption spends the child's delegated replan allowance once (441.738958ms)
✔ budget runtime sqlite: nested child execution reconciles through both grants without double charging or copying originals (500.68725ms)
✔ budget runtime sqlite: an unfunded pending child cannot turn resume or a new goal into execution authority (105.08075ms)
✔ budget runtime sqlite: a parent goal change fences a child's previously reserved tool before entry (191.816042ms)
✔ budget runtime sqlite: a parent policy change fences a child's previously reserved tool before entry (148.280333ms)
✔ budget runtime sqlite: a parent deadline change fences a child's previously reserved tool before entry (143.566542ms)
✔ budget runtime sqlite: a partially reported model response retains known tokens and unknown reservation after revoke and reopen (343.357667ms)
✔ budget runtime sqlite: sibling overage received during a tool dispatch ACK delay prevents its actual entry despite stale parent accounting (476.0715ms)
✔ budget runtime sqlite: sibling overage received during a model dispatch ACK delay prevents its actual entry despite stale parent accounting (518.743291ms)
✔ budget runtime file-journal: child execution settles once across duplicate creation, reconciliation and reopen without copying evidence (2807.269959ms)
✔ budget runtime file-journal: parent remaining calls execute while escrow prevents parent and sibling over-allocation (2007.36725ms)
✔ budget runtime file-journal: concurrent sibling grants cannot oversubscribe one parent's remaining budget (325.230042ms)
✔ budget runtime file-journal: a child's last logical tool call is consumed by an actual dispatch and cannot be minted by a new task ID (2750.88775ms)
✔ budget runtime file-journal: actual model dispatch and reported tokens remain charged when its plan is rejected (1626.296792ms)
✔ budget runtime file-journal: a child token cap below the estimated reservation prevents durable model allocation and transport (750.64575ms)
✔ budget runtime file-journal: revoking an unsent tool reservation fences the child and returns only unused escrow (1261.821375ms)
✔ budget runtime file-journal: revoking an unsent model reservation fences the child and returns only unused escrow (961.143666ms)
✔ budget runtime file-journal: revoke retains an active model's unknown usage, then late accounting settles once without adopting its plan (1274.731208ms)
✔ budget runtime file-journal: unknown write effects keep the grant outstanding after revoke and restart (1781.20325ms)
✔ budget runtime file-journal: reported model overage is charged to the parent without clamping and prevents further funding (1680.232042ms)
✔ budget runtime file-journal: reducing limits preserves committed charges and child deadlines while blocking new grants (2215.895542ms)
✔ budget runtime file-journal: pending genesis cannot execute before funding (1431.008458ms)
✔ budget runtime file-journal: pending genesis cannot execute before funding and parent cancellation wins activation (542.840666ms)
✔ budget runtime file-journal: child funding rejects broader authority, altered duplicate commands and work ID reattachment (753.206458ms)
✔ budget runtime file-journal: grant commit ACK loss resumes the same grant and child without another allocation (806.939417ms)
✔ budget runtime file-journal: activation commit ACK loss resumes the same grant and child without another allocation (499.699667ms)
✔ budget runtime file-journal: revocation during child activation installs a fence that the stale activation cannot overwrite (1003.84975ms)
✔ budget runtime file-journal: revoke after tool dispatch and before entry prevents transport while keeping the logical dispatch charge (2465.128917ms)
✔ budget runtime file-journal: revoke after model dispatch and before entry prevents transport while keeping the logical dispatch charge (2631.784708ms)
✔ budget runtime file-journal: actual replan adoption spends the child's delegated replan allowance once (4480.312708ms)
✔ budget runtime file-journal: nested child execution reconciles through both grants without double charging or copying originals (5135.954125ms)
✔ budget runtime file-journal: an unfunded pending child cannot turn resume or a new goal into execution authority (751.485542ms)
✔ budget runtime file-journal: a parent goal change fences a child's previously reserved tool before entry (1906.849ms)
✔ budget runtime file-journal: a parent policy change fences a child's previously reserved tool before entry (1219.255875ms)
✔ budget runtime file-journal: a parent deadline change fences a child's previously reserved tool before entry (1616.826458ms)
✔ budget runtime file-journal: a partially reported model response retains known tokens and unknown reservation after revoke and reopen (1533.868209ms)
✔ budget runtime file-journal: sibling overage received during a tool dispatch ACK delay prevents its actual entry despite stale parent accounting (2568.283833ms)
✔ budget runtime file-journal: sibling overage received during a model dispatch ACK delay prevents its actual entry despite stale parent accounting (1676.724333ms)
✔ budget role sqlite: independently permitted role executes and returns unused resources without copying private data (180.190167ms)
✔ budget role sqlite: allocation permit prepares work but execution waits for the host execution permit (181.74175ms)
✔ budget role sqlite: missing mandate cannot create a cross-role grant (76.1845ms)
✔ budget role sqlite: missing authority cannot create a cross-role grant (82.039625ms)
✔ budget role sqlite: missing router cannot create a cross-role grant (104.1725ms)
✔ budget role sqlite: changed tenant cannot reuse an authority reference (80.642583ms)
✔ budget role sqlite: changed principal cannot reuse an authority reference (82.497166ms)
✔ budget role sqlite: changed scope cannot reuse an authority reference (36.034833ms)
✔ budget role sqlite: changed policy cannot reuse an authority reference (30.022334ms)
✔ budget role sqlite: changed revision cannot reuse an authority reference (31.843042ms)
✔ budget role sqlite: changed limits cannot reuse an authority reference (45.314209ms)
✔ budget role sqlite: one mandate cannot allocate twice through different child identities or command IDs (81.833667ms)
✔ budget role sqlite: genesis reply loss resumes the original allocation after reopen (199.648875ms)
✔ budget role sqlite: grant reply loss resumes the original allocation after reopen (211.937375ms)
✔ budget role sqlite: activation reply loss resumes the original allocation after reopen (137.302875ms)
✔ budget role sqlite: authority withdrawal after tool dispatch prevents actual entry (128.123416ms)
✔ budget role sqlite: authority withdrawal after model dispatch prevents actual entry (177.918917ms)
✔ budget role sqlite: parent change during permission lookup invalidates the child reservation (113.49575ms)
✔ budget role sqlite: missing child runtime retains escrow and recovery later refunds exactly once (128.319583ms)
✔ budget role sqlite: unknown write effect prevents refund after revocation and reopen (195.6845ms)
✔ budget role sqlite: child runtime receives model cancellation and late usage settles without adopting a plan (321.871ms)
✔ budget role sqlite: child revision change during final proof lookup prevents settlement (74.148708ms)
✔ budget role sqlite: removed route cannot validate old state or release funds (85.935375ms)
✔ budget role sqlite: changed child goal blocks further authority without changing recorded usage (162.963167ms)
✔ budget role file-journal: independently permitted role executes and returns unused resources without copying private data (1110.010583ms)
✔ budget role file-journal: allocation permit prepares work but execution waits for the host execution permit (1111.141084ms)
✔ budget role file-journal: missing mandate cannot create a cross-role grant (37.594625ms)
✔ budget role file-journal: missing authority cannot create a cross-role grant (76.080583ms)
✔ budget role file-journal: missing router cannot create a cross-role grant (59.372917ms)
✔ budget role file-journal: changed tenant cannot reuse an authority reference (51.900375ms)
✔ budget role file-journal: changed principal cannot reuse an authority reference (40.816792ms)
✔ budget role file-journal: changed scope cannot reuse an authority reference (111.549958ms)
✔ budget role file-journal: changed policy cannot reuse an authority reference (36.385166ms)
✔ budget role file-journal: changed revision cannot reuse an authority reference (44.59925ms)
✔ budget role file-journal: changed limits cannot reuse an authority reference (77.0625ms)
✔ budget role file-journal: one mandate cannot allocate twice through different child identities or command IDs (183.091417ms)
✔ budget role file-journal: genesis reply loss resumes the original allocation after reopen (540.878875ms)
✔ budget role file-journal: grant reply loss resumes the original allocation after reopen (542.943167ms)
✔ budget role file-journal: activation reply loss resumes the original allocation after reopen (623.115583ms)
✔ budget role file-journal: authority withdrawal after tool dispatch prevents actual entry (647.850334ms)
✔ budget role file-journal: authority withdrawal after model dispatch prevents actual entry (472.802834ms)
✔ budget role file-journal: parent change during permission lookup invalidates the child reservation (259.220667ms)
✔ budget role file-journal: missing child runtime retains escrow and recovery later refunds exactly once (191.025833ms)
✔ budget role file-journal: unknown write effect prevents refund after revocation and reopen (463.151542ms)
✔ budget role file-journal: child runtime receives model cancellation and late usage settles without adopting a plan (657.006917ms)
✔ budget role file-journal: child revision change during final proof lookup prevents settlement (170.682791ms)
✔ budget role file-journal: removed route cannot validate old state or release funds (147.183167ms)
✔ budget role file-journal: changed child goal blocks further authority without changing recorded usage (374.216042ms)
✔ budget role sqlite: nested ordinary children use their own role session when the sponsor settles the tree (141.461375ms)
✔ budget role sqlite: context compact and restore preserve the stored funding authority and usage (139.255625ms)
✔ budget role sqlite: route withdrawal inside authority lookup blocks a reserved tool before dispatch (35.345625ms)
✔ budget role file-journal: nested ordinary children use their own role session when the sponsor settles the tree (530.594167ms)
✔ budget role file-journal: context compact and restore preserve the stored funding authority and usage (366.916542ms)
✔ budget role file-journal: route withdrawal inside authority lookup blocks a reserved tool before dispatch (135.199834ms)
✔ budget role sqlite: an authority lookup that ignores cancellation times out before adapter entry (79.058458ms)
✔ budget role sqlite: changing the authority adapter while it answers invalidates the old permit (8.706667ms)
✔ budget role file-journal: an authority lookup that ignores cancellation times out before adapter entry (201.647667ms)
✔ budget role file-journal: changing the authority adapter while it answers invalidates the old permit (168.630459ms)
✔ budget role sqlite: temporary authority failure holds an active allocation and resumes without regranting (82.646125ms)
✔ budget role file-journal: temporary authority failure holds an active allocation and resumes without regranting (246.073167ms)
✔ context compiler sqlite/documents-complex: five published working sets retain counterevidence and rediscover an early original (2060.739125ms)
✔ context compiler sqlite/observations-complex: five published working sets retain counterevidence and rediscover an early original (1999.388417ms)
✔ context compiler file-journal/documents-complex: five published working sets retain counterevidence and rediscover an early original (10280.429125ms)
✔ context compiler file-journal/observations-complex: five published working sets retain counterevidence and rediscover an early original (8395.458458ms)
✔ context compiler sqlite: five compactions preserve canonical unknown effect and timed response obligations (404.434416ms)
✔ context compiler file-journal: five compactions preserve canonical unknown effect and timed response obligations (2169.331375ms)
✔ context compiler sqlite: selected schemas reduce the actual structured transport request and preserve precise byte accounting (162.792916ms)
ℹ {"backend":"sqlite","baselinePacketBytes":4700,"baselineToolBytes":516593,"packetBytes":2471,"toolBytes":33733,"envelopeBytes":36282,"requestBytes":41589,"selectedToolCount":13,"catalogTotal":81}
✔ context compiler file-journal: selected schemas reduce the actual structured transport request and preserve precise byte accounting (328.447334ms)
ℹ {"backend":"file-journal","baselinePacketBytes":4700,"baselineToolBytes":516593,"packetBytes":2471,"toolBytes":33733,"envelopeBytes":36282,"requestBytes":41589,"selectedToolCount":13,"catalogTotal":81}
✔ context compiler sqlite: an oversized mandatory goal fails before candidate storage or transport (93.166ms)
✔ context compiler file-journal: an oversized mandatory goal fails before candidate storage or transport (241.853708ms)
✔ context copy: a canonical two-level invocation copy cannot restore guidance body after its catalog version is replaced (85.363916ms)
✔ context copy: two nested call results stop exposing a tool body when original tool permission is revoked (27.868167ms)
✔ context dispatch sqlite: persisted reservation does not send removed registration (295.572625ms)
✔ context dispatch sqlite: persisted reservation does not send replacement version (282.447541ms)
✔ context dispatch sqlite: persisted reservation does not send changed input schema under the same ID and version (269.980458ms)
✔ context dispatch sqlite: persisted reservation does not send changed allowed labels under the same ID and version (339.837875ms)
✔ context dispatch sqlite: persisted reservation does not send changed allowed destination under the same ID and version (357.179792ms)
✔ context dispatch file-journal: persisted reservation does not send removed registration (1218.83875ms)
✔ context dispatch file-journal: persisted reservation does not send replacement version (1088.878416ms)
✔ context dispatch file-journal: persisted reservation does not send changed input schema under the same ID and version (1136.870959ms)
✔ context dispatch file-journal: persisted reservation does not send changed allowed labels under the same ID and version (1185.230792ms)
✔ context dispatch file-journal: persisted reservation does not send changed allowed destination under the same ID and version (1101.548417ms)
✔ context dispatch sqlite: persisted guidance required-rules change is checked before transport (464.927958ms)
✔ context dispatch sqlite: persisted guidance version change is checked before transport (353.889375ms)
✔ context dispatch file-journal: persisted guidance required-rules change is checked before transport (1894.847958ms)
✔ context dispatch file-journal: persisted guidance version change is checked before transport (1876.267834ms)
✔ context dispatch sqlite: unchanged tool and trusted guidance contracts resume the stored request once (344.283791ms)
✔ context dispatch file-journal: unchanged tool and trusted guidance contracts resume the stored request once (1298.258166ms)
✔ context guidance: trusted required rules, exact version and hash survive published body eviction (87.70725ms)
✔ context guidance: a manifest without required rules keeps the full original and fails a smaller input budget (21.730208ms)
✔ context guidance: result-provided rules cannot replace an absent trusted manifest rule set (10.83225ms)
✔ context guidance: current label revocation prevents a previously published original from reappearing (14.053125ms)
✔ context guidance: a missing original cannot be recovered from its copied tool result or prior frame (14.854292ms)
✔ context guidance: replacing the catalog version does not expose the superseded loaded body (15.607917ms)
✔ context guidance: replacing trusted bytes under the same version rejects the old manifest and body (11.397833ms)
✔ context guidance: a stored result with a mismatched attemptId is rejected (7.898417ms)
✔ context guidance: a stored result with a mismatched resultId is rejected (7.689209ms)
✔ context guidance: the actual dispatch receipt must match the adopted attempt task digest (7.972416ms)
✔ sqlite/model_call_reserved: publishing requires the derived blob, later loss permits commits and regeneration while original loss blocks both (134.81975ms)
✔ sqlite/context_compacted: publishing requires the derived blob, later loss permits commits and regeneration while original loss blocks both (213.043917ms)
✔ sqlite: publishing detects a context head reference conflict before committing (179.752375ms)
✔ sqlite: a blocked context candidate cannot be newly published even when its bytes remain (150.9515ms)
✔ sqlite/retract: lifecycle retires the context head and access removal also blocks its retained artifact (114.335458ms)
✔ sqlite/correct: lifecycle retires the context head and access removal also blocks its retained artifact (177.862083ms)
✔ sqlite/restrict: lifecycle retires the context head and access removal also blocks its retained artifact (206.614916ms)
✔ sqlite/delete: lifecycle retires the context head and access removal also blocks its retained artifact (237.112292ms)
✔ sqlite/dependency_changed: lifecycle retires the context head and access removal also blocks its retained artifact (204.065125ms)
✔ file-journal/model_call_reserved: publishing requires the derived blob, later loss permits commits and regeneration while original loss blocks both (691.601916ms)
✔ file-journal/context_compacted: publishing requires the derived blob, later loss permits commits and regeneration while original loss blocks both (658.112916ms)
✔ file-journal: publishing detects a context head reference conflict before committing (181.959375ms)
✔ file-journal: a blocked context candidate cannot be newly published even when its bytes remain (225.7045ms)
✔ file-journal/retract: lifecycle retires the context head and access removal also blocks its retained artifact (355.197458ms)
✔ file-journal/correct: lifecycle retires the context head and access removal also blocks its retained artifact (391.09325ms)
✔ file-journal/restrict: lifecycle retires the context head and access removal also blocks its retained artifact (363.832625ms)
✔ file-journal/delete: lifecycle retires the context head and access removal also blocks its retained artifact (375.102125ms)
✔ file-journal/dependency_changed: lifecycle retires the context head and access removal also blocks its retained artifact (374.889208ms)
✔ sqlite: source deletion during the context head exists check prevents reservation and head publication (436.0295ms)
✔ sqlite: source deletion inside repository commit retires the published head and cancels the model reservation before returning (527.132166ms)
✔ sqlite: losing the prior frame does not turn an old catalog request into a conflict with the current task version (608.031916ms)
✔ file-journal: source deletion during the context head exists check prevents reservation and head publication (6741.628833ms)
✔ file-journal: source deletion inside repository commit retires the published head and cancels the model reservation before returning (5361.431958ms)
✔ file-journal: losing the prior frame does not turn an old catalog request into a conflict with the current task version (2029.591458ms)
✔ required full and reference information survives optional content pressure (2.43625ms)
✔ a full value cheaper than its required reference satisfies the minimum without overflow (0.182625ms)
✔ a required reference cap rejects contradictory bounds and never substitutes a cheaper full payload (0.318625ms)
✔ optional reference caps consume only reference bytes and remain omitted when that representation does not fit (0.190334ms)
✔ a reference cap overrides full residency and new use without counting references as full reloads (0.542125ms)
✔ high and low watermarks retain compact mode until the lower boundary is crossed (0.206375ms)
✔ mere inclusion is not actual use and an idle full value does not automatically reload (0.281958ms)
✔ a new actual use marker refreshes usage and reloads the same digest once (0.201333ms)
✔ minimum residency delays idle eviction for two cycles while the hard budget still wins (0.16825ms)
✔ five changing working sets preserve old counterevidence, pending and unknown references (0.7435ms)
✔ removed authority and changed digests cannot be revived by resident or use history (0.7205ms)
✔ decisions are stable by minimum, priority, real use, recency, residence and key (2.297875ms)
✔ recently evicted content waits through cooldown unless actual use or a minimum requires it (0.290959ms)
✔ memo storage is bounded and prioritizes selected residents without changing decisions (1.433ms)
✔ inputs and previous memo stay immutable and byte sums match selected representations (0.372292ms)
✔ duplicate keys, malformed items, invalid budgets and inconsistent memo are rejected (1.511875ms)
✔ context store stages an immutable frame without publishing it and reads the installed basis N from revision N+1 (61.008459ms)
✔ context store sqlite: derived frame and installed head survive separate reopened instances (64.304958ms)
✔ context store file-journal: derived frame and installed head survive separate reopened instances (344.824417ms)
✔ context store regenerates a missing derived frame without editing the authoritative head (48.935209ms)
✔ context store regenerates a corrupt derived frame without editing the authoritative head (62.756791ms)
✔ context store regenerates a invalid-json derived frame without editing the authoritative head (88.338834ms)
✔ context store regenerates a invalid-schema derived frame without editing the authoritative head (92.969709ms)
✔ context store excludes a foreign-work previous head or frame (79.62025ms)
✔ context store excludes a foreign-tenant previous head or frame (38.636417ms)
✔ context store excludes a cycle previous head or frame (47.373333ms)
✔ context store excludes a basis previous head or frame (36.524458ms)
✔ context store excludes a unpublished previous head or frame (58.90425ms)
✔ context store excludes a policy previous head or frame (76.43975ms)
✔ context store excludes a goal previous head or frame (45.785792ms)
✔ context store excludes a generation previous head or frame (66.678334ms)
✔ context store excludes a blocked previous head or frame (52.994125ms)
✔ context store excludes a underlabelled previous head or frame (114.737834ms)
✔ context store checks stale frame basis and forbidden packet policy before writing any candidate (14.117292ms)
✔ context store previous rejects goal changes during artifact I/O (49.916084ms)
✔ context store previous rejects policy changes during artifact I/O (87.1945ms)
✔ context store previous rejects generation changes during artifact I/O (44.582167ms)
✔ context store previous rejects source changes during artifact I/O (58.421084ms)
✔ context store put rejects goal changes during artifact I/O (52.322666ms)
✔ context store put rejects policy changes during artifact I/O (55.467917ms)
✔ context store put rejects generation changes during artifact I/O (67.191041ms)
✔ context store put rejects source changes during artifact I/O (92.846334ms)
✔ context store readback rejects goal changes during artifact I/O (58.560334ms)
✔ context store readback rejects policy changes during artifact I/O (54.044ms)
✔ context store readback rejects generation changes during artifact I/O (80.407708ms)
✔ context store readback rejects source changes during artifact I/O (73.810875ms)
✔ context store never turns state or source failure during a missing-frame read into successful regeneration (65.301041ms)
✔ context store refuses unavailable knowledge even when there is no previous head (7.258042ms)
✔ context store leaves the previous head intact when candidate storage fails (68.056791ms)
✔ context store rejects a relabelled put receipt or altered readback bytes and never publishes a head (70.996375ms)
✔ context store applies byte limits before writing or loading a derived frame (66.16775ms)
✔ a late counterexample prevents a previously delivered answer from being displayed as the current result (623.952958ms)
✔ a public snapshot retries a goal change during artifact verification (644.125792ms)
✔ conversation view keeps message selection and public status on the same revision (734.021708ms)
✔ cancelled work displays its status rather than its historical delivered result (727.573ms)
✔ request acceptance is atomic, duplicate input is stable and each conversation can bind several works (20.14725ms)
✔ failed acceptance commit creates neither a work nor a reception acknowledgment (79.200875ms)
✔ analysis, response preparation, delivery and completion are distinct; retransmission never collects evidence again (25.557417ms)
✔ analysis-only completion does not pretend that its result was prepared or delivered (8.3355ms)
✔ pending questions are grouped once and resolving a question cannot waive required result delivery (6.183667ms)
✔ independent dispatchers claim once and receipt reconciliation after restart does not send again (79.44825ms)
✔ ambiguous delivery with no idempotency stays unknown, including repeated and timed-out lookup (10.969958ms)
✔ idempotent absent receipt permits only a bounded later retry and permanent failure stays visible (4.252959ms)
✔ goal before delivery prevents an obsolete or unauthorized result from being sent (6.159208ms)
✔ cancel before delivery prevents an obsolete or unauthorized result from being sent (6.119542ms)
✔ labels before delivery prevents an obsolete or unauthorized result from being sent (5.645208ms)
✔ destination before delivery prevents an obsolete or unauthorized result from being sent (8.277ms)
✔ pause preserves pending delivery and resume can complete it without another source call (7.821834ms)
✔ late confirmed delivery is historical and cannot satisfy a revised goal (5.659541ms)
✔ an uncertain old-goal delivery retains its uncertainty when superseded by a new goal (6.266667ms)
✔ SIGKILL between channel commit and outbox settlement recovers from two reopened databases without another send (305.797916ms)
✔ a never-dispatched response can be prepared after permission restoration, and large questions retain their full artifact (13.575292ms)
✔ execution mode CLI sqlite: fast reception survives process exit and repeated status is read-only (1588.526083ms)
✔ execution mode CLI sqlite: mode command is durable and idempotent while stale revisions do not change state (1980.4365ms)
✔ execution mode CLI sqlite: a pending mode change is visible after exit and preserves the reserved attempt (1873.037584ms)
✔ execution mode CLI sqlite: enum, both revisions and an explicit nonblank reason are required (1883.624375ms)
✔ execution mode CLI sqlite: irrelevant mode options are rejected before opening a profile (914.05225ms)
✔ execution mode CLI sqlite documents-simple: changing mode preserves the goal, original source and completed work (1839.045375ms)
✔ execution mode CLI sqlite observations-simple: changing mode preserves the goal, original source and completed work (1899.999125ms)
✔ execution mode CLI file-journal: fast reception survives process exit and repeated status is read-only (2452.78575ms)
✔ execution mode CLI file-journal: mode command is durable and idempotent while stale revisions do not change state (2782.158084ms)
✔ execution mode CLI file-journal: a pending mode change is visible after exit and preserves the reserved attempt (2897.828959ms)
✔ execution mode CLI file-journal: enum, both revisions and an explicit nonblank reason are required (1858.730709ms)
✔ execution mode CLI file-journal: irrelevant mode options are rejected before opening a profile (865.98975ms)
✔ execution mode CLI file-journal documents-simple: changing mode preserves the goal, original source and completed work (4151.532083ms)
✔ execution mode CLI file-journal observations-simple: changing mode preserves the goal, original source and completed work (4415.207458ms)
✔ sqlite/documents-simple/auto: one necessary plan and observation complete with no extra investigation (637.214125ms)
✔ sqlite/documents-simple/fast: one necessary plan and observation complete with no extra investigation (654.44475ms)
✔ sqlite/documents-simple/deep: one necessary plan and observation complete with no extra investigation (559.8595ms)
✔ sqlite/observations-simple/auto: one necessary plan and observation complete with no extra investigation (482.069542ms)
✔ sqlite/observations-simple/fast: one necessary plan and observation complete with no extra investigation (519.051625ms)
✔ sqlite/observations-simple/deep: one necessary plan and observation complete with no extra investigation (533.797834ms)
✔ sqlite/documents-complex/auto: complex scope is either validated for investigation or rejected without false completion (718.61475ms)
✔ sqlite/documents-complex/fast: complex scope is either validated for investigation or rejected without false completion (208.260417ms)
✔ sqlite/documents-complex/deep: complex scope is either validated for investigation or rejected without false completion (713.167375ms)
✔ sqlite/observations-complex/auto: complex scope is either validated for investigation or rejected without false completion (560.538208ms)
✔ sqlite/observations-complex/fast: complex scope is either validated for investigation or rejected without false completion (221.916416ms)
✔ sqlite/observations-complex/deep: complex scope is either validated for investigation or rejected without false completion (533.177916ms)
✔ sqlite: mode commands enforce owner and both revisions, remain idempotent, and preserve goal and costs (156.874375ms)
✔ sqlite: lowering to fast after two paid reads cannot reset usage or oversubscribe the next reservation (302.605083ms)
✔ sqlite: explicit model cap and fast cap include reservations and do not reopen paid capacity (620.210542ms)
✔ sqlite: a running model keeps its pending mode request and late reply accounting until the next safe boundary (422.7415ms)
✔ sqlite: a pending mode survives reserved model restart without invalidating its stored input (421.908583ms)
✔ sqlite: cancel overrides a pending mode without discarding late measured model costs (272.278666ms)
✔ sqlite: deep to fast retains original goal, completed tasks, checkpoint and result reuse after reopen (478.792417ms)
✔ sqlite: fast keeps mandatory review of existing hypotheses and cannot replace it with premature completion (431.167333ms)
✔ sqlite: legacy model reservations keep their version-one basis when a pending mode first materializes control (313.782875ms)
✔ sqlite: a newer mode wins a pending-mode boundary CAS race (155.055417ms)
✔ sqlite: a newer cancel wins a pending-mode boundary CAS race (161.815417ms)
✔ sqlite: cancellation during model backoff publication returns current control without failing the workflow (242.239875ms)
✔ sqlite: auto mode change and reopen preserve a partial collection's original goal and explicit resume chain (949.266375ms)
✔ file-journal/documents-simple/auto: one necessary plan and observation complete with no extra investigation (3331.435333ms)
✔ file-journal/documents-simple/fast: one necessary plan and observation complete with no extra investigation (3595.924ms)
✔ file-journal/documents-simple/deep: one necessary plan and observation complete with no extra investigation (2411.026333ms)
✔ file-journal/observations-simple/auto: one necessary plan and observation complete with no extra investigation (2827.957667ms)
✔ file-journal/observations-simple/fast: one necessary plan and observation complete with no extra investigation (3582.031375ms)
✔ file-journal/observations-simple/deep: one necessary plan and observation complete with no extra investigation (4000.927375ms)
✔ file-journal/documents-complex/auto: complex scope is either validated for investigation or rejected without false completion (6866.924125ms)
✔ file-journal/documents-complex/fast: complex scope is either validated for investigation or rejected without false completion (1125.211ms)
✔ file-journal/documents-complex/deep: complex scope is either validated for investigation or rejected without false completion (6871.713959ms)
✔ file-journal/observations-complex/auto: complex scope is either validated for investigation or rejected without false completion (4703.987ms)
✔ file-journal/observations-complex/fast: complex scope is either validated for investigation or rejected without false completion (978.886709ms)
✔ file-journal/observations-complex/deep: complex scope is either validated for investigation or rejected without false completion (3286.16375ms)
✔ file-journal: mode commands enforce owner and both revisions, remain idempotent, and preserve goal and costs (385.772291ms)
✔ file-journal: lowering to fast after two paid reads cannot reset usage or oversubscribe the next reservation (1029.063167ms)
✔ file-journal: explicit model cap and fast cap include reservations and do not reopen paid capacity (1373.776708ms)
✔ file-journal: a running model keeps its pending mode request and late reply accounting until the next safe boundary (3143.977292ms)
✔ file-journal: a pending mode survives reserved model restart without invalidating its stored input (1627.910875ms)
✔ file-journal: cancel overrides a pending mode without discarding late measured model costs (539.077666ms)
✔ file-journal: deep to fast retains original goal, completed tasks, checkpoint and result reuse after reopen (932.90725ms)
✔ file-journal: fast keeps mandatory review of existing hypotheses and cannot replace it with premature completion (911.881583ms)
✔ file-journal: legacy model reservations keep their version-one basis when a pending mode first materializes control (449.956709ms)
✔ file-journal: a newer mode wins a pending-mode boundary CAS race (428.495875ms)
✔ file-journal: a newer cancel wins a pending-mode boundary CAS race (298.270334ms)
✔ file-journal: cancellation during model backoff publication returns current control without failing the workflow (341.288167ms)
✔ file-journal: auto mode change and reopen preserve a partial collection's original goal and explicit resume chain (1940.559625ms)
✔ local versioned defaults select direct auto/fast and investigate deep without allocating work (2.4565ms)
✔ new controls snapshot caller policy and never expose the default policy for mutation (0.061417ms)
✔ legacy goals supply initial mode while a saved control overrides it without mutating state (2.356459ms)
✔ effective fast limits are absolute work caps and retain token/time limits (0.210667ms)
✔ auto starts direct while retaining the user work limits before evidence or strategy expansion (0.355041ms)
✔ explicit work caps beat mode policy and mode changes cannot grant a fresh allowance (0.160708ms)
✔ investigate strategies retain explicit work limits and pending mode requests have no effect yet (0.137417ms)
✔ fast allows completed history plus one pending task and counts only current adopted successes (1.236792ms)
✔ fast rejects an oversized pending graph or hypotheses without mutating or silently escalating (0.217ms)
✔ fast preserves and reviews existing hypotheses while rejecting new optional hypotheses (0.408041ms)
✔ policy-specific scope limits are used instead of hard coded local defaults (0.222958ms)
✔ auto expands only validated plan scope and preserves investigate strategy on smaller subsequent plans (0.230042ms)
✔ deep permits a simple or empty plan without manufacturing tasks or hypotheses (0.098208ms)
✔ automatic expansion requires available relevant new evidence and an unmet criterion (0.29125ms)
✔ irrelevant, inaccessible, retracted and another-scope facts cannot justify expansion (0.343375ms)
✔ current counterevidence justifies investigation even if it has already been assessed (0.094084ms)
✔ current hypotheses allow review but sufficiently assessed completed goals do not expand (0.122584ms)
✔ permission failure, empty responses and exhausted budgets are not independent escalation evidence (0.073875ms)
✔ pending obligations, active calls, terminal states and explicit modes suppress automatic expansion (0.244792ms)
✔ delivery waiting does not manufacture completion or suppress investigation of unmet criteria (0.065708ms)
✔ a reserved, running or received model prevents expansion until its existing call is settled (0.174042ms)
✔ policy contracts reject unknown fields, unsafe counts and blank versions while allowing explicit zero caps (0.6075ms)
✔ control contracts enforce current mode strategy and preserve distinct pending requests (0.332125ms)
✔ sqlite: accepted work, request replay, and queries stay separate from fixture execution (714.474375ms)
✔ sqlite: document question is atomic, actionable, and does not interpret reply text (820.577125ms)
✔ sqlite: current ownership, route, and disclosure gates apply to reads and mutations (267.598625ms)
✔ sqlite: web attachment observes an existing CLI primary without re-sending or changing it (645.074167ms)
✔ sqlite: goal and mode commands preserve optimistic revisions and durable idempotency (583.312625ms)
✔ sqlite: pause does not wait behind an active run and a replay cannot start another run (661.814416ms)
✔ sqlite: cancel does not wait behind an active run and a replay cannot start another run (311.941083ms)
✔ sqlite: an unfinished durable run is not repeated by the same request after restart (556.998667ms)
✔ sqlite: a goal changed while the old run intent is acknowledged never receives that run's plan (580.897833ms)
✔ sqlite: workflow entry rejects a stale pinned goal before recovery or execution (267.5865ms)
✔ sqlite: paged lists recheck every returned card and omit a card revoked while another is read (1046.194792ms)
✔ sqlite: at most four distinct works execute concurrently and draining admits no new mutations (1168.251375ms)
✔ file-journal: accepted work, request replay, and queries stay separate from fixture execution (3246.838375ms)
✔ file-journal: document question is atomic, actionable, and does not interpret reply text (4751.056084ms)
✔ file-journal: current ownership, route, and disclosure gates apply to reads and mutations (646.804875ms)
✔ file-journal: web attachment observes an existing CLI primary without re-sending or changing it (2233.735625ms)
✔ file-journal: goal and mode commands preserve optimistic revisions and durable idempotency (2972.130417ms)
✔ file-journal: pause does not wait behind an active run and a replay cannot start another run (4147.010833ms)
✔ file-journal: cancel does not wait behind an active run and a replay cannot start another run (1720.906ms)
✔ file-journal: an unfinished durable run is not repeated by the same request after restart (3981.818958ms)
✔ file-journal: a goal changed while the old run intent is acknowledged never receives that run's plan (4244.461416ms)
✔ file-journal: workflow entry rejects a stale pinned goal before recovery or execution (1090.764625ms)
✔ file-journal: paged lists recheck every returned card and omit a card revoked while another is read (15329.552625ms)
✔ file-journal: at most four distinct works execute concurrently and draining admits no new mutations (7535.10175ms)
✔ cancel during input artifact read prevents transport invocation and releases the known unused token reservation (27.300958ms)
✔ goal during input artifact read prevents transport invocation and releases the known unused token reservation (7.562375ms)
✔ destination during input artifact read prevents transport invocation and releases the known unused token reservation (7.851125ms)
✔ labels during input artifact read prevents transport invocation and releases the known unused token reservation (7.234417ms)
✔ cancelling an active model sends its signal, yields promptly and settles late usage once without adopting the old plan (7.286583ms)
✔ input byte limit rejects before a durable reservation or transport call (3.832334ms)
✔ token budget rejects before a durable reservation or transport call (4.732708ms)
✔ model call budget rejects before a durable reservation or transport call (3.0155ms)
✔ model context capacity and destination policy reject input without invoking the planner (6.048584ms)
✔ concurrent reservations have one winner and duplicate execution performs one dispatch and one transport call (8.137125ms)
✔ a replacement owner waits for a reserved lease, then releases it and creates a fresh intent without repeating a transport call (9.094333ms)
✔ a recovered running lease retains uncertain cost and accepts only late accounting, never its expired plan (5.196291ms)
✔ a reply without usage keeps its reservation and prevents a further model call after rejection (4.778167ms)
✔ verified facts remain visible while hypothesis review prevents response readiness and preparation (30.642542ms)
✔ reserved, running and stored model replies cannot produce a result; accepted review resumes preparation (31.688459ms)
✔ pending model work suppresses question preparation while preserving existing obligation blockers (12.15625ms)
✔ an already prepared result is withheld during review and can be prepared again after accepted model assessment (14.724ms)
✔ documents-simple: one model plan executes to completion with usage and no extra hypothesis call (40.012208ms)
✔ observations-simple: one model plan executes to completion with usage and no extra hypothesis call (12.253084ms)
✔ late counterevidence revises the hypothesis and only the changed graph consumes a replan (51.106791ms)
✔ strict structured transport adapter feeds the same validator and execution loop without a provider SDK (9.862ms)
✔ invalid or truncated responses cannot replace an executable plan or fabricate zero usage (7.95725ms)
✔ rejected model plans still charge exactly one call and preserve their raw response for an authorized read (5.754292ms)
✔ bookkeeping changes do not stale a response but goal and evidence changes do (11.540958ms)
✔ received model result resumes after SQLite and artifact reopen with no additional model call (490.418834ms)
✔ a new scope archives the old hypothesis in prior events and permits a fresh plan (12.123708ms)
✔ unsupported hypotheses and erased counterevidence are rejected without changing the current assessment (7.8485ms)
✔ validator feedback reaches the next model proposal and invalid plans never dispatch their tools (13.517709ms)
✔ permission revocation during reply storage preserves usage but never downgrades the model body (4.791708ms)
✔ sqlite/sqlite: explicit personal recall reaches the real packet, frame and reopened resume without copying the old session (1365.394ms)
✔ sqlite/documents: explicit personal recall reaches the real packet, frame and reopened resume without copying the old session (4146.828917ms)
✔ file-journal/sqlite: explicit personal recall reaches the real packet, frame and reopened resume without copying the old session (8882.920458ms)
✔ file-journal/documents: explicit personal recall reaches the real packet, frame and reopened resume without copying the old session (10684.856458ms)
✔ omitted, forged or unavailable personal context cannot stage or validate a selected work frame (769.198375ms)
✔ selection is idempotent and refuses a same-goal newer input, foreign owner, and a cancelled work (704.219208ms)
✔ sqlite: forgetting during a real delayed synthetic model call rejects the reply while preserving reported usage (985.643708ms)
✔ documents: forgetting during a real delayed synthetic model call rejects the reply while preserving reported usage (3176.589542ms)
✔ a changed revision invalidates an existing frame and the replacement needs a fresh explicit selection (968.411417ms)
✔ clear preserves a pre-existing work-memory quarantine review and its completion gate (766.058375ms)
✔ recall preserves a pre-existing work-memory quarantine review and its completion gate (837.871292ms)
✔ replacing a selection waives only its newly created quarantine review (735.991916ms)
✔ sqlite: Web personal memory crosses a completed work and restart, with explicit current-version recall and forget (2415.827209ms)
✔ file-journal: Web personal memory crosses a completed work and restart, with explicit current-version recall and forget (14425.219417ms)
✔ installed CLI records a real source and uses explicit memory revision, then clears and forgets after restart (9133.314792ms)
✔ new-input remember retries reuse the applied user message after a memory failure and after response loss (704.6315ms)
✔ surface authority rejects other users, labels, destinations and session work selection while same-owner memory remains cross-session (1279.047084ms)
✔ Web memory mutations preserve CSRF and strict owner-free schemas, reject stale work input and do not append operation notices (611.946625ms)
✔ legacy synthetic directory exposes no personal-memory service and does not reinterpret old knowledge (411.86325ms)
✔ memory source controls reject assistant text, invented quotes and unbound new input without creating memory (583.163ms)
✔ resource progress: legacy and paged catalog cards share a stable preparation key independent of query and cursor metadata (5.087875ms)
✔ resource progress: exact schema loading earns a distinct credit and also records discovery so reverse-order searches add none (1.256291ms)
✔ resource progress: forged, mismatched or denied tool metadata and too-large responses do not earn preparation credit (0.936083ms)
✔ resource progress: guidance listing metadata does not reset progress and exact body loading subsumes the card (1.187167ms)
✔ resource progress: guidance body credit requires permitted manifest, matching indexed original and canonical selection identity (0.725666ms)
✔ resource progress: empty results, history/evidence reads and arbitrary new artifacts cannot fabricate preparation (0.151958ms)
✔ resource progress: replayed, reused and unadopted resource results cannot earn a new preparation key (0.190875ms)
✔ resource progress sqlite/documents-simple: default no-progress policy allows discovery, schemas and guidance before the real source (515.744875ms)
✔ resource progress sqlite/observations-simple: default no-progress policy allows discovery, schemas and guidance before the real source (586.506833ms)
✔ resource progress sqlite: repeated identical catalog preparation stops after the first credit and three empty steps (411.419958ms)
✔ resource progress sqlite: repeated identical guidance preparation stops after the first credit and three empty steps (505.740875ms)
✔ resource progress sqlite: empty searches with different query and task IDs stop at the default limit (308.226708ms)
✔ resource progress file-journal/documents-simple: default no-progress policy allows discovery, schemas and guidance before the real source (3114.5695ms)
✔ resource progress file-journal/observations-simple: default no-progress policy allows discovery, schemas and guidance before the real source (2277.001333ms)
✔ resource progress file-journal: repeated identical catalog preparation stops after the first credit and three empty steps (2194.024959ms)
✔ resource progress file-journal: repeated identical guidance preparation stops after the first credit and three empty steps (2743.869125ms)
✔ resource progress file-journal: empty searches with different query and task IDs stop at the default limit (2460.086125ms)
✔ sqlite: completed X, three compacts in Y, and reopened Z retain quotes and independent work ledgers (1954.188834ms)
✔ file-journal: completed X, three compacts in Y, and reopened Z retain quotes and independent work ledgers (11303.199667ms)
✔ sqlite: SIGKILL after compact reply reuses stored response and preserves one usage settlement (1585.367291ms)
✔ sqlite: SIGKILL after compact publication reuses stored response and preserves one usage settlement (1804.830667ms)
✔ file-journal: SIGKILL after compact reply reuses stored response and preserves one usage settlement (7662.488375ms)
✔ file-journal: SIGKILL after compact publication reuses stored response and preserves one usage settlement (7983.632959ms)
✔ sqlite: repeated manual compact preserves actual history, then restarts with summary and latest raw input (1511.389375ms)
✔ file-journal: repeated manual compact preserves actual history, then restarts with summary and latest raw input (10888.752167ms)
✔ installed CLI explicitly enables synthetic compact; retry and readonly status do not create another call (4564.101708ms)
✔ Web exposes safe unavailable and refused free-text compact without hiding or rewriting original messages (1500.912708ms)
✔ Web exposes safe unavailable and refused unmatched-fixture compact without hiding or rewriting original messages (1071.665458ms)
✔ Web compact remains interruptible by input; late fixture reply cannot publish a summary (813.13425ms)
✔ Web compact remains interruptible by cancel; late fixture reply cannot publish a summary (931.937083ms)
✔ automatic compact precedes fixture execution when the current session tail exceeds its entry limit (1469.700625ms)
✔ context status is a separate compact reference projection; older responses cannot replace newer status (0.160708ms)
✔ compact uses the normal reservation and usage ledger while accepting no plan or tool execution (25.228209ms)
✔ a no-op explicit compact request stays a no-op after later context growth (4.467417ms)
✔ stored compact response recovers after publication but before work adoption, even after lease expiry (7.057833ms)
✔ an uncertain publish acknowledgement is reconciled by receipt without a second candidate (5.929583ms)
✔ a timely received compact reply survives restart beyond its execution lease before first publication (4.933708ms)
✔ an undispatched compact cancellation returns its reserved resources (4.194292ms)
✔ late compact after input does not publish but preserves reported usage (5.973417ms)
✔ late compact after cancel does not publish but preserves reported usage (4.271084ms)
✔ late compact after authority does not publish but preserves reported usage (3.892958ms)
✔ compact transport failure retains unknown usage and prevents another unaccounted model call (4.737542ms)
✔ compact-only orchestration uses bounded raw context after failure and refuses a missing checkpoint context (5.077125ms)
✔ a forged receipt cannot settle a compact response for another source manifest (3.964666ms)
✔ compact estimation is checked before any reservation or provider call (3.281208ms)
✔ a policy change after receipt rejects publication without recharging usage (3.785ms)
✔ compact source rejects a history entry whose text differs from its immutable intake receipt (1055.7515ms)
✔ matching altered history and receipt text still fail the original intake digest check (936.710083ms)
✔ the first compact cannot publish an empty retained list for a segment containing user text (1246.694084ms)
✔ repeated compact rejects deleting a retained item or changing its status without a new source (2486.508583ms)
✔ a valid source anchor does not permit an additional fabricated quotation (1170.898458ms)
✔ fixed raw v1 and fixed summary v2 contexts remain current when only the summary head advances (1576.647958ms)
✔ source policy withdrawal or actual original artifact loss invalidates an accepted derived summary (8645.24725ms)
✔ session context: Y receives prior utterances with source IDs while its work state and protected input remain independent (27.0535ms)
✔ session context: omitted, rewritten and foreign session packets are rejected even with an unchanged work revision (7.413708ms)
✔ session context: oversized protected history refuses the model input instead of silently discarding prior agreements (4.302916ms)
✔ session frame store: stage rejects altered text and previous refuses foreign or stale session bases (10.527584ms)
✔ session planning: semantic version 3 reaches the actual planner and a newer unrelated session tail does not invalidate its fixed input (12.060459ms)
✔ session planning: an applied input invalidates a reserved call without copying or invoking its obsolete packet (5.303666ms)
✔ session planning: input applied during a model call rejects the late plan but retains reported usage (6.780333ms)
✔ session planning: losing access to the referenced conversation after execution prevents plan adoption (5.796791ms)
✔ session planning: legacy non-session calls retain semantic version 2 and need no session provider (5.046583ms)
✔ session recovery: reconstruction retains source conversation, reuses an equal packet and refuses unavailable session inputs (4.806292ms)
✔ sqlite: actual session input cancels an unsent model reservation and returns its allocation (886.095583ms)
✔ sqlite: real session input during a model call rejects the late proposal and preserves usage (728.417083ms)
✔ sqlite: real session cancel during a model call rejects the late proposal and preserves usage (739.961042ms)
✔ sqlite: durable raw input left pending prevents tool execution and outbox sends until the same input is recovered (570.022708ms)
✔ file-journal: actual session input cancels an unsent model reservation and returns its allocation (1595.880583ms)
✔ file-journal: real session input during a model call rejects the late proposal and preserves usage (2220.34ms)
✔ file-journal: real session cancel during a model call rejects the late proposal and preserves usage (1929.873875ms)
✔ file-journal: durable raw input left pending prevents tool execution and outbox sends until the same input is recovered (1413.721708ms)
✔ real session provider rejects a full pending page even when the blocked work appears only after that page (1955.007ms)
✔ real session history does not authorize a missing source artifact merely because a derived context remains readable (1203.112917ms)
✔ sqlite: real SIGKILL after inbox resumes the same input/work/delivery (1168.755167ms)
✔ sqlite: real SIGKILL after work resumes the same input/work/delivery (1294.439709ms)
✔ sqlite: real SIGKILL after delivery resumes the same input/work/delivery (1049.93075ms)
✔ file-journal: real SIGKILL after inbox resumes the same input/work/delivery (1418.189375ms)
✔ file-journal: real SIGKILL after work resumes the same input/work/delivery (1363.133458ms)
✔ file-journal: real SIGKILL after delivery resumes the same input/work/delivery (1625.423417ms)
✔ sqlite: completed X and restarted Y share raw conversation but not work/evidence/budget (1311.750416ms)
✔ file-journal: completed X and restarted Y share raw conversation but not work/evidence/budget (4823.353209ms)
✔ same message retransmission recovers stable work; conflicting raw text is rejected before extra work (664.883ms)
✔ input/work linkage recovers after a failure following the durable work commit (552.194917ms)
✔ agents/users/new sessions cannot access or inject another session even with a known session ID (1104.05325ms)
✔ new applied text invalidates old context and requires review; a rejected command does not block the next input (712.858708ms)
✔ Y can prepare before X without trapping X or regressing the active session head (725.415166ms)
✔ context capacity is explicit and preserves the received original for later compact (559.537833ms)
✔ sqlite: inputOnly resumes the same original once and still acknowledges it after completed work (1962.081417ms)
✔ sqlite: inputOnly leaves later work and command intakes pending, while ordinary resume still applies both (586.837625ms)
✔ file-journal: inputOnly resumes the same original once and still acknowledges it after completed work (4421.555375ms)
✔ file-journal: inputOnly leaves later work and command intakes pending, while ordinary resume still applies both (697.735833ms)
✔ inputOnly does not overtake an earlier pending work or automatically create another original (456.057ms)
✔ inputOnly catches a predecessor arriving between its preflight and durable receive (550.815042ms)
✔ inputOnly recovers a committed work command whose inbox settlement was interrupted (646.933916ms)
✔ inputOnly keeps authorization, session binding, and stale revision rejection before memory capture (460.75575ms)
✔ structured planner accepts one strict JSON proposal and forwards identity, options and source-boundary instructions once (3.719ms)
✔ configuration and request snapshots cannot be rewritten by caller or transport mutation (0.439333ms)
✔ input estimation includes the exact transport request and schema without invoking the transport or claiming measured usage (0.407583ms)
✔ input estimation uses the same policy and size gates as transport requests (0.649833ms)
✔ finish reasons remain distinct and never expose provider failure content or run hidden retries (1.433584ms)
✔ invalid JSON, schema, response fields and missing proposal fail without repair calls (0.950458ms)
✔ usage omission is unknown rather than zero; only independently valid safe integer fields survive invalid envelopes (1.17675ms)
✔ provider and model identity mismatch cannot masquerade as the configured adapter (0.290833ms)
✔ missing options, denied destinations and unauthorized tool schemas never reach the transport (0.434041ms)
✔ request and response limits use UTF-8 bytes and preserve valid usage on oversized responses (0.3055ms)
✔ transport exceptions become fixed errors with unknown usage and no implicit retry (0.308125ms)
✔ pre-call cancellation has no transport effect; late cancellation preserves returned usage without accepting a proposal (0.352667ms)
✔ abort-related transport rejection is cancellation with unmeasured usage (0.182375ms)
✔ invalid configurations fail with a fixed message before transport registration (0.144458ms)
✔ structured transport rejects incomplete observation pairs and reference bodies before invocation (1.662167ms)
✔ web session is one-time, per-instance, HttpOnly; reload and static reads never execute (25.729042ms)
✔ web Host, Origin, Fetch Metadata, CSRF and strict JSON reject before controller entry (10.182792ms)
✔ web exact assets, methods and cursor options do not expose files or internal errors (4.370333ms)
✔ web session expiry during body blocks mutation entry, logout blocks late view payload (27.592ms)
✔ web bootstrap expires and authenticated request rate has a finite window (30.685208ms)
✔ web SSE emits projection changes at same revision, reconnect is readonly, denial closes (3039.048ms)
✔ web SSE session revocation, stream cap and lifetime release resources (35.335792ms)
✔ closed SSE keeps physical read slots until completion; reconnect cannot create unbounded reads (362.743791ms)
✔ web pending run permits independent cancel and disconnect does not call cancel (14.013292ms)
✔ progress runtime sqlite: renamed tasks share failure history and backoff survives workflow runs and reopening (513.264666ms)
✔ progress runtime sqlite: replanning cannot extend the first semantic request retry deadline (367.288667ms)
✔ progress runtime sqlite: successful empty results still stall and mode, compact, resume and reopening cannot erase that state (681.719167ms)
✔ progress runtime sqlite: a stored tool result settles atomically before allocation gates and verified completion still wins (306.912209ms)
✔ progress runtime sqlite: a stored model reply settles after reopening even when new allocations are blocked (306.901334ms)
✔ progress runtime sqlite: repeated invalid model proposals preserve one failure key and persist model backoff (684.691834ms)
✔ progress runtime sqlite: a new goal starts a new streak while preserving usage, processed history and failure deadlines (157.586833ms)
✔ progress runtime sqlite: an unknown synthetic write remains an obligation ahead of a no-progress allocation stop (215.591833ms)
✔ progress runtime file-journal: renamed tasks share failure history and backoff survives workflow runs and reopening (3508.2125ms)
✔ progress runtime file-journal: replanning cannot extend the first semantic request retry deadline (1603.429667ms)
✔ progress runtime file-journal: successful empty results still stall and mode, compact, resume and reopening cannot erase that state (2410.228917ms)
✔ progress runtime file-journal: a stored tool result settles atomically before allocation gates and verified completion still wins (761.62775ms)
✔ progress runtime file-journal: a stored model reply settles after reopening even when new allocations are blocked (637.932333ms)
✔ progress runtime file-journal: repeated invalid model proposals preserve one failure key and persist model backoff (4080.723791ms)
✔ progress runtime file-journal: a new goal starts a new streak while preserving usage, processed history and failure deadlines (401.751584ms)
✔ progress runtime file-journal: an unknown synthetic write remains an obligation ahead of a no-progress allocation stop (740.682375ms)
✔ progress: a unique committed operation contributes once and returned state has no mutable aliases (1.400416ms)
✔ progress: permutations, repeated known keys and new operation IDs cannot fabricate productive steps (1.277792ms)
✔ progress: explicit goal epochs reset only the current streak and preserve deduplication and the original retry window (0.271ms)
✔ progress: processed capacity saturates without evicting prior records or resetting on a new goal (0.145458ms)
✔ progress: knownKeys capacity saturates without evicting prior records or resetting on a new goal (0.083083ms)
✔ progress: repeated failures retain their first deadline and use the current backoff without extending the retry window (0.402042ms)
✔ progress: retry gate respects the work deadline and specific repeated-failure limits (0.169625ms)
✔ progress: policies remain pinned and invalid counters, times, keys or schema fields fail closed (1.3295ms)
✔ capture: a new negative observation is productive while aliases, timestamps and duplicate originals are not (3.236292ms)
✔ capture: changed facts, coverage and an authenticated original version can each carry new information (0.407125ms)
✔ capture: derived copies do not add progress or independent completion credit (0.230958ms)
✔ capture: tenant evidence cannot earn progress (0.134375ms)
✔ capture: scope evidence cannot earn progress (0.125459ms)
✔ capture: labels evidence cannot earn progress (0.096417ms)
✔ capture: retracted evidence cannot earn progress (0.099542ms)
✔ capture: deleted evidence cannot earn progress (0.103083ms)
✔ capture: blocked-artifact evidence cannot earn progress (0.132458ms)
✔ capture: a hypothesis assessment is credited once per semantic evidence basis, not per hypothesis text or evidence ID (0.328833ms)
✔ capture: no evidence or a stale hypothesis assessment earns a fresh reasoning credit (0.139709ms)
✔ capture: only satisfied obligations contribute and identity or explanation rewrites cannot repeat the credit (0.137917ms)
✔ capture: plan, task, revision, mode, usage and replay changes cannot reset a stalled work (0.133042ms)
✔ capture: trusted explicit item progress and returned state copies follow the same deduplication contract (0.070708ms)
✔ progress sqlite: reopen and duplicate commit preserve settlement counts and the first retry deadline (122.382ms)
✔ progress file-journal: reopen and duplicate commit preserve settlement counts and the first retry deadline (238.962875ms)
✔ sqlite: public CLI cursor survives process reconnect without executing or changing the work (2403.321833ms)
✔ sqlite: public CLI binds reconnect to the registered conversation and keeps the primary reply route (2645.936958ms)
✔ sqlite: delivered results disappear from the current CLI view after a goal change and explicit cancel (2158.71575ms)
✔ file-journal: public CLI cursor survives process reconnect without executing or changing the work (2736.816292ms)
✔ file-journal: public CLI binds reconnect to the registered conversation and keeps the primary reply route (4023.003125ms)
✔ file-journal: delivered results disappear from the current CLI view after a goal change and explicit cancel (3329.829ms)
✔ public CLI rejects ambiguous view flags without printing a success response (601.657667ms)
✔ human work view labels prepared outputs and never turns unknown delivery into delivered or read (0.835125ms)
✔ human work view keeps stored completion separate from a currently invalid result (0.065667ms)
✔ human work view strips terminal controls and gives a bounded status reason without replaying diagnostics (0.089625ms)
✔ human work view makes observing another reply route explicit and keeps unchanged output quiet (0.101791ms)
✔ sqlite: empty accepted work reads and reopens without executing, writing, or sending (72.77075ms)
✔ sqlite: ownership, exact route, current read restriction, and diagnostics are distinct checks (61.092375ms)
✔ sqlite: legacy read labels also protect retained text (40.982ms)
✔ sqlite: cursors bind level, route, actor rights, and work without moving the primary reply (59.161958ms)
✔ sqlite: verified prepared results remain distinct from pending and unknown delivery (154.789ms)
✔ sqlite: missing source and corrupt response withhold a same-revision result before cursor matching (53.776583ms)
✔ sqlite: originals, goals, cancellation, and hypothesis review invalidate historical replies (99.983375ms)
✔ sqlite: only the current pending question is displayed and resolved questions disappear (74.019583ms)
✔ sqlite: losing a separate hypothesis basis withholds the result consistently at every view level (88.632333ms)
✔ sqlite: a derived evidence card requires every original ancestor to remain available (60.072708ms)
✔ sqlite: knowledge changes reject current and repeated reads without refreshing state (48.734125ms)
✔ sqlite: revocation during artifact reads or final state checks prevents unchanged and snapshots (101.459667ms)
✔ sqlite: a disappearing original during projection is revalidated before returning a cached cursor (45.609417ms)
✔ sqlite: detail and diagnostic cards are bounded and omit raw inputs, outputs, event payloads, and controls (87.248375ms)
✔ file-journal: empty accepted work reads and reopens without executing, writing, or sending (294.456584ms)
✔ file-journal: ownership, exact route, current read restriction, and diagnostics are distinct checks (279.420459ms)
✔ file-journal: legacy read labels also protect retained text (229.54725ms)
✔ file-journal: cursors bind level, route, actor rights, and work without moving the primary reply (670.297208ms)
✔ file-journal: verified prepared results remain distinct from pending and unknown delivery (1805.841584ms)
✔ file-journal: missing source and corrupt response withhold a same-revision result before cursor matching (359.95025ms)
✔ file-journal: originals, goals, cancellation, and hypothesis review invalidate historical replies (597.08775ms)
✔ file-journal: only the current pending question is displayed and resolved questions disappear (304.009375ms)
✔ file-journal: losing a separate hypothesis basis withholds the result consistently at every view level (613.662125ms)
✔ file-journal: a derived evidence card requires every original ancestor to remain available (351.852291ms)
✔ file-journal: knowledge changes reject current and repeated reads without refreshing state (136.210959ms)
✔ file-journal: revocation during artifact reads or final state checks prevents unchanged and snapshots (503.933875ms)
✔ file-journal: a disappearing original during projection is revalidated before returning a cached cursor (270.818875ms)
✔ file-journal: detail and diagnostic cards are bounded and omit raw inputs, outputs, event payloads, and controls (333.892292ms)
✔ sqlite/documents-simple: SIGKILL at before-execution resumes from reopened stores with 1 source call(s) and one result send (961.730791ms)
✔ sqlite/documents-simple: SIGKILL at response-before-store resumes from reopened stores with 2 source call(s) and one result send (997.175917ms)
✔ sqlite/documents-simple: SIGKILL at response-stored resumes from reopened stores with 1 source call(s) and one result send (958.615791ms)
✔ sqlite/documents-simple: SIGKILL at receiver-committed resumes from reopened stores with 1 source call(s) and one result send (930.582583ms)
✔ sqlite/observations-simple: SIGKILL at before-execution resumes from reopened stores with 1 source call(s) and one result send (846.226208ms)
✔ sqlite/observations-simple: SIGKILL at response-before-store resumes from reopened stores with 2 source call(s) and one result send (939.97875ms)
✔ sqlite/observations-simple: SIGKILL at response-stored resumes from reopened stores with 1 source call(s) and one result send (855.1775ms)
✔ sqlite/observations-simple: SIGKILL at receiver-committed resumes from reopened stores with 1 source call(s) and one result send (868.643042ms)
✔ sqlite: SIGKILL after a synthetic write effect but before response storage preserves unknown and never repeats the write or claims completion (727.37775ms)
✔ file-journal/documents-simple: SIGKILL at before-execution resumes from reopened stores with 1 source call(s) and one result send (3658.3295ms)
✔ file-journal/documents-simple: SIGKILL at response-before-store resumes from reopened stores with 2 source call(s) and one result send (3332.538958ms)
✔ file-journal/documents-simple: SIGKILL at response-stored resumes from reopened stores with 1 source call(s) and one result send (1682.607958ms)
✔ file-journal/documents-simple: SIGKILL at receiver-committed resumes from reopened stores with 1 source call(s) and one result send (1821.341167ms)
✔ file-journal/observations-simple: SIGKILL at before-execution resumes from reopened stores with 1 source call(s) and one result send (1639.814542ms)
✔ file-journal/observations-simple: SIGKILL at response-before-store resumes from reopened stores with 2 source call(s) and one result send (1707.446584ms)
✔ file-journal/observations-simple: SIGKILL at response-stored resumes from reopened stores with 1 source call(s) and one result send (1041.339292ms)
✔ file-journal/observations-simple: SIGKILL at receiver-committed resumes from reopened stores with 1 source call(s) and one result send (769.998166ms)
✔ file-journal: SIGKILL after a synthetic write effect but before response storage preserves unknown and never repeats the write or claims completion (713.053458ms)
✔ documents-simple: restarted workflow adopts a stored model response and reaches delivered completion without another planner call (67.2705ms)
✔ observations-simple: restarted workflow adopts a stored model response and reaches delivered completion without another planner call (21.324792ms)
✔ an unknown result delivery causes bounded waiting and only one receipt lookup on the next explicit run (18.166792ms)
✔ a workflow without a planner returns a planning requirement and does not create an inferred plan (5.528542ms)
✔ workflow entry requires the full persisted execution policy rather than a narrower read-only view (4.279334ms)
✔ user cancellation between workflow steps preserves terminal state and cancels an unsent model reservation (7.719333ms)
✔ scoped actors cannot enter execution even when their current limits equal the work policy (3.29475ms)
✔ final checkpoint cannot report old completion when a goal change arrives during checkpoint storage (15.720708ms)
ℹ tests 636
ℹ suites 0
ℹ pass 636
ℹ fail 0
ℹ cancelled 0
ℹ skipped 0
ℹ todo 0
ℹ duration_ms 73812.106875
