✔ sqlite: mixed host collection uses the profile's original stores and one compiled registry through answer and reopen (1802.976ms)
✔ file-journal: mixed host collection uses the profile's original stores and one compiled registry through answer and reopen (8512.7765ms)
✔ stored-only collection registration keeps its definition visible without granting new calls or core/skill permissions (370.500292ms)
✔ a supplied collection list requires real assembly while omitted collection metadata preserves the legacy direct helper (0.410583ms)
✔ collection/plain identity and provider ownership conflicts fail before model open and close the acquired lease once (2429.183208ms)
✔ a late collection schema compile failure returns no partial profile and preserves model/tools cleanup failures (406.688458ms)
✔ read collection context: only visible current goal and scope tips survive; complete unadopted tips remain resumable (5.085917ms)
✔ read collection context: the common packet removes denied head metadata from both execution and resume projections (4.067333ms)
✔ read collection context sqlite: five compactions and reopen retain partial resume metadata without page bodies (384.335792ms)
✔ read collection context sqlite: five compactions and reopen retain complete orphan resume metadata without page bodies (339.047708ms)
✔ read collection context file-journal: five compactions and reopen retain partial resume metadata without page bodies (1899.243208ms)
✔ read collection context file-journal: five compactions and reopen retain complete orphan resume metadata without page bodies (1836.355666ms)
✔ read collection context sqlite: lost derived frame regenerates while lost original raw response blocks context and recovery (282.335708ms)
✔ read collection context file-journal: lost derived frame regenerates while lost original raw response blocks context and recovery (892.923791ms)
✔ read collection context sqlite: source gate rejects omitted, altered, and canonically inconsistent resume metadata (193.809583ms)
✔ read collection context file-journal: source gate rejects omitted, altered, and canonically inconsistent resume metadata (602.063208ms)
✔ read collection context sqlite: resume metadata is mandatory input and cannot be evicted to satisfy a smaller byte budget (226.766917ms)
✔ read collection context file-journal: resume metadata is mandatory input and cannot be evicted to satisfy a smaller byte budget (628.982416ms)
✔ read collection context sqlite: source lifecycle change during checkpoint read prevents staged frame publication (207.067ms)
✔ read collection context file-journal: source lifecycle change during checkpoint read prevents staged frame publication (259.76775ms)
✔ read collection context sqlite: contract change during derived resume put is checked before return (193.508208ms)
✔ read collection context sqlite: original change during derived resume put is checked before return (186.4635ms)
✔ read collection context file-journal: contract change during derived resume put is checked before return (292.075333ms)
✔ read collection context file-journal: original change during derived resume put is checked before return (292.792834ms)
✔ read collection context sqlite: completed adopted output retains original proof requirements after leaving the resume list (195.033916ms)
✔ read collection context file-journal: completed adopted output retains original proof requirements after leaving the resume list (407.7125ms)
✔ read collection context sqlite: raw loss during frame staging suppresses completed adopted copies (228.49725ms)
✔ read collection context file-journal: raw loss during frame staging suppresses completed adopted copies (499.701084ms)
✔ sqlite: complete stored-only successor publishes once and adopts without execute, fetch or reuse (532.226958ms)
✔ file-journal: complete stored-only successor publishes once and adopts without execute, fetch or reuse (2565.050291ms)
✔ complete local resume refuses partial before a new reservation or request (315.808292ms)
✔ complete local resume refuses query before a new reservation or request (222.722417ms)
✔ complete local resume refuses head before a new reservation or request (216.278875ms)
✔ complete local resume refuses raw before a new reservation or request (202.087125ms)
✔ local child original-read: authority prevents checkpoint publication and adoption (256.585625ms)
✔ local child original-read: registration prevents checkpoint publication and adoption (268.287166ms)
✔ local child original-read: cancel prevents checkpoint publication and adoption (266.659583ms)
✔ local child child-artifact: authority prevents checkpoint publication and adoption (348.126333ms)
✔ local child child-artifact: registration prevents checkpoint publication and adoption (281.814375ms)
✔ local child child-artifact: cancel prevents checkpoint publication and adoption (302.103209ms)
✔ cancellation after child publication retains its lineage but cannot adopt the local projection (660.536667ms)
ℹ tests 41
ℹ suites 0
ℹ pass 41
ℹ fail 0
ℹ cancelled 0
ℹ skipped 0
ℹ todo 0
ℹ duration_ms 16713.985875
