TAP version 13
# Subtest: context dispatch sqlite: persisted reservation does not send removed registration
ok 1 - context dispatch sqlite: persisted reservation does not send removed registration
  ---
  duration_ms: 152.931917
  type: 'test'
  ...
# Subtest: context dispatch sqlite: persisted reservation does not send replacement version
ok 2 - context dispatch sqlite: persisted reservation does not send replacement version
  ---
  duration_ms: 117.318125
  type: 'test'
  ...
# Subtest: context dispatch sqlite: persisted reservation does not send changed input schema under the same ID and version
ok 3 - context dispatch sqlite: persisted reservation does not send changed input schema under the same ID and version
  ---
  duration_ms: 81.279125
  type: 'test'
  ...
# Subtest: context dispatch sqlite: persisted reservation does not send changed allowed labels under the same ID and version
ok 4 - context dispatch sqlite: persisted reservation does not send changed allowed labels under the same ID and version
  ---
  duration_ms: 78.637959
  type: 'test'
  ...
# Subtest: context dispatch sqlite: persisted reservation does not send changed allowed destination under the same ID and version
ok 5 - context dispatch sqlite: persisted reservation does not send changed allowed destination under the same ID and version
  ---
  duration_ms: 84.034041
  type: 'test'
  ...
# Subtest: context dispatch file-journal: persisted reservation does not send removed registration
ok 6 - context dispatch file-journal: persisted reservation does not send removed registration
  ---
  duration_ms: 248.847542
  type: 'test'
  ...
# Subtest: context dispatch file-journal: persisted reservation does not send replacement version
ok 7 - context dispatch file-journal: persisted reservation does not send replacement version
  ---
  duration_ms: 415.687167
  type: 'test'
  ...
# Subtest: context dispatch file-journal: persisted reservation does not send changed input schema under the same ID and version
ok 8 - context dispatch file-journal: persisted reservation does not send changed input schema under the same ID and version
  ---
  duration_ms: 513.822958
  type: 'test'
  ...
# Subtest: context dispatch file-journal: persisted reservation does not send changed allowed labels under the same ID and version
ok 9 - context dispatch file-journal: persisted reservation does not send changed allowed labels under the same ID and version
  ---
  duration_ms: 398.072792
  type: 'test'
  ...
# Subtest: context dispatch file-journal: persisted reservation does not send changed allowed destination under the same ID and version
ok 10 - context dispatch file-journal: persisted reservation does not send changed allowed destination under the same ID and version
  ---
  duration_ms: 430.673666
  type: 'test'
  ...
# Subtest: context dispatch sqlite: persisted guidance required-rules change is checked before transport
ok 11 - context dispatch sqlite: persisted guidance required-rules change is checked before transport
  ---
  duration_ms: 218.410542
  type: 'test'
  ...
# Subtest: context dispatch sqlite: persisted guidance version change is checked before transport
ok 12 - context dispatch sqlite: persisted guidance version change is checked before transport
  ---
  duration_ms: 203.024541
  type: 'test'
  ...
# Subtest: context dispatch file-journal: persisted guidance required-rules change is checked before transport
ok 13 - context dispatch file-journal: persisted guidance required-rules change is checked before transport
  ---
  duration_ms: 888.993292
  type: 'test'
  ...
# Subtest: context dispatch file-journal: persisted guidance version change is checked before transport
ok 14 - context dispatch file-journal: persisted guidance version change is checked before transport
  ---
  duration_ms: 996.860125
  type: 'test'
  ...
# Subtest: context dispatch sqlite: unchanged tool and trusted guidance contracts resume the stored request once
ok 15 - context dispatch sqlite: unchanged tool and trusted guidance contracts resume the stored request once
  ---
  duration_ms: 175.3225
  type: 'test'
  ...
# Subtest: context dispatch file-journal: unchanged tool and trusted guidance contracts resume the stored request once
ok 16 - context dispatch file-journal: unchanged tool and trusted guidance contracts resume the stored request once
  ---
  duration_ms: 1013.331416
  type: 'test'
  ...
1..16
# tests 16
# suites 0
# pass 16
# fail 0
# cancelled 0
# skipped 0
# todo 0
# duration_ms 6162.995084
