✔ sqlite: chat goal retains work and auto mode, answers at the next revision and never executes an old replay (2738.198583ms)
✔ file-journal: chat goal retains work and auto mode, answers at the next revision and never executes an old replay (7785.36675ms)
✔ chat goal with omitted mode retains fast and completes within the same work call limit (1197.6265ms)
✔ chat goal preserves exhausted fast usage; explicit auto spends only the remaining original work budget (2095.088125ms)
✔ chat goal supersedes the old question and prints intake before the new answer; status exposes both revisions (1667.705709ms)
✔ chat goal refuses invalid or missing revision and unsupported options before profile creation (889.489792ms)
✔ chat goal preserves selected session and channel authority and rejects stale or conflicting commands (2456.16075ms)
✔ chat goal replays an intake interrupted after receipt without model execution; explicit resume continues the new goal (1739.484458ms)
✔ goal command original remains verifiable after compact and reconnect, without accepting ordinary input as a goal receipt (899.771458ms)
✔ sqlite: explicit goal intake preserves work, original transcript and budget; replay uses the first command (224.470833ms)
✔ sqlite: after_receive resumes the original goal command after reconnect (183.771333ms)
✔ sqlite: after_commit resumes the original goal command after reconnect (178.076542ms)
✔ file-journal: explicit goal intake preserves work, original transcript and budget; replay uses the first command (290.996666ms)
✔ file-journal: after_receive resumes the original goal command after reconnect (237.624416ms)
✔ file-journal: after_commit resumes the original goal command after reconnect (271.092209ms)
✔ a newer applied input rejects the old editor basis durably without changing goal or transcript head (195.661916ms)
✔ a control change inside the goal commit CAS is rechecked and cannot overwrite the newer mode (176.324709ms)
✔ goal intake validates authority, selected session, original IDs, and server-owned fields before receipt publication (144.309541ms)
✔ cancelled work stays terminal; rejected input remains auditable and cannot become another work (179.972292ms)
✔ completed response can receive an explicit new goal while old answer, read artifacts and actual usage remain historical (1034.19525ms)
✔ only an accepted old main-turn question is superseded; external response and evidence obligations survive (452.56575ms)
✔ narrowed policy at dispatch is rejected instead of expanding the caller authority (183.722833ms)
✔ goal replacement invalidates an old reserved model call and preserves actual accounting (238.400125ms)
✔ goal replacement invalidates an old received model call and preserves actual accounting (297.124209ms)
✔ late received answer cannot override input; measured usage remains settled (314.746792ms)
✔ late received answer cannot override cancel; measured usage remains settled (284.584459ms)
✔ same provider identity with a changed prompt rejects a stored response without resetting charged usage (261.19825ms)
✔ repeated unfinished self-review is bounded and never creates a deliverable answer (668.959166ms)
✔ unknown provider usage is retained and prevents an automatic unaccounted retry (354.133541ms)
✔ a prior draft disappearing after response reservation prevents accepting a late revision (407.520375ms)
✔ sqlite: installed chat CLI accepts a plain request, resumes its session and carries actual X replies into Y (1706.275209ms)
✔ file-journal: installed chat CLI accepts a plain request, resumes its session and carries actual X replies into Y (3211.468875ms)
✔ chat fast path plans one real fixture read and synthesizes a sourced answer without a graph replan (983.029167ms)
✔ chat followup distinguishes more input from resolving a question and preserves the original requirement (1633.232ms)
✔ chat step-limited execution resumes in another process without accepting another request (2080.712084ms)
✔ chat session selection prevents displaying or mutating a work from another session or agent (2030.150875ms)
✔ chat requires an explicit provider before creating a profile and prints only concise user-facing messages (724.519625ms)
✔ sqlite: generic correction survives repeated compact as an exact assistant citation and a later command-backed answer (1715.442792ms)
✔ file-journal: generic correction survives repeated compact as an exact assistant citation and a later command-backed answer (9258.805125ms)
✔ fast general request completes with one model turn, no fake evidence or tools, and next work keeps context (718.591083ms)
✔ general read uses the existing task executor once and then synthesizes from observed evidence (563.494458ms)
✔ question delivery waits and the raw reply resumes the same original response requirement (749.270792ms)
✔ needs_work candidate feeds a later turn and cannot be delivered as a completed answer (566.12ms)
✔ reopening after stored response adopts the original charged call and sends one final answer (568.928292ms)
✔ one previous needs-work draft remains verifiable after the current candidate has been replaced (7.901833ms)
✔ previous artifact missing cannot survive as copied text in the next input (2.09925ms)
✔ previous inputArtifact missing cannot survive as copied text in the next input (0.646542ms)
✔ previous replyArtifact missing cannot survive as copied text in the next input (0.646ms)
✔ previous artifact corrupt cannot survive as copied text in the next input (0.75125ms)
✔ previous inputArtifact corrupt cannot survive as copied text in the next input (0.498959ms)
✔ previous replyArtifact corrupt cannot survive as copied text in the next input (0.541ms)
✔ previous draft cannot reuse a foreign, blocked or now unauthorized input or body reference (0.604792ms)
✔ previous call status, identity and current goal or plan cannot be replaced by an accepted body copy (0.539209ms)
✔ previous copied assessment and an alternative current-candidate body ref must match the originals exactly (0.736458ms)
✔ no previous draft performs no reads; a prior input names an older draft without recursively reopening that chain (0.585209ms)
✔ generic profile never silently selects a model provider or initializes an absent directory (0.924833ms)
✔ skills off bypasses invalid skill files, preserves C01 profile purpose, and keeps runtime authority host-owned (196.722ms)
✔ file-journal plus document memory uses the same generic intake and reopens the original applied conversation (375.28275ms)
✔ explicit synthetic compact delegates the existing rules under the single combined provider identity (186.592125ms)
✔ native HTTP general intake acknowledges without inference; explicit execution, reconnect and same-session follow-up preserve the real answer (1024.986125ms)
✔ native HTTP reading request uses the real task executor once and projects its generated evidence-backed answer (647.446875ms)
✔ native HTTP question, explicit original clarification and run resume the same work without pretending the question completed it (689.144917ms)
✔ native HTTP another selected conversation cannot read or run a work from the original session (188.98775ms)
✔ native HTTP general requests retain strict actor/policy/scenario rejection and the existing CSRF gate (168.994541ms)
✔ native HTTP explicit goal replacement supersedes an old question, acknowledges without inference, then executes the new goal once (884.671959ms)
✔ native HTTP general goal editor rejects stale inputs and authority injection while preserving received rejection originals (258.938875ms)
✔ native HTTP command identity survives goal-intent interruption, rejects run collisions and retains legacy session retries (734.79025ms)
✔ native HTTP run and goal from separate coordinators race on one durable command receipt (487.415292ms)
✔ sqlite: a measured model window drives repeated automatic compact before a general answer and survives reopening (2308.097458ms)
✔ file-journal: a measured model window drives repeated automatic compact before a general answer and survives reopening (23587.507625ms)
✔ context dispatch sqlite: persisted reservation does not send removed registration (98.919ms)
✔ context dispatch sqlite: persisted reservation does not send replacement version (81.869833ms)
✔ context dispatch sqlite: persisted reservation does not send changed input schema under the same ID and version (76.8095ms)
✔ context dispatch sqlite: persisted reservation does not send changed allowed labels under the same ID and version (75.976083ms)
✔ context dispatch sqlite: persisted reservation does not send changed allowed destination under the same ID and version (72.970042ms)
✔ context dispatch file-journal: persisted reservation does not send removed registration (193.4445ms)
✔ context dispatch file-journal: persisted reservation does not send replacement version (160.385167ms)
✔ context dispatch file-journal: persisted reservation does not send changed input schema under the same ID and version (137.840458ms)
✔ context dispatch file-journal: persisted reservation does not send changed allowed labels under the same ID and version (256.815917ms)
✔ context dispatch file-journal: persisted reservation does not send changed allowed destination under the same ID and version (328.945625ms)
✔ context dispatch sqlite: persisted guidance required-rules change is checked before transport (213.568375ms)
✔ context dispatch sqlite: persisted guidance version change is checked before transport (176.7905ms)
✔ context dispatch file-journal: persisted guidance required-rules change is checked before transport (353.481542ms)
✔ context dispatch file-journal: persisted guidance version change is checked before transport (323.658833ms)
✔ context dispatch sqlite: unchanged tool and trusted guidance contracts resume the stored request once (171.976209ms)
✔ context dispatch file-journal: unchanged tool and trusted guidance contracts resume the stored request once (664.238ms)
✔ a late counterexample prevents a previously delivered answer from being displayed as the current result (247.177375ms)
✔ a public snapshot retries a goal change during artifact verification (202.897416ms)
✔ conversation view keeps message selection and public status on the same revision (190.344584ms)
✔ cancelled work displays its status rather than its historical delivered result (211.577ms)
✔ request acceptance is atomic, duplicate input is stable and each conversation can bind several works (17.632542ms)
✔ failed acceptance commit creates neither a work nor a reception acknowledgment (25.211208ms)
✔ analysis, response preparation, delivery and completion are distinct; retransmission never collects evidence again (20.349542ms)
✔ analysis-only completion does not pretend that its result was prepared or delivered (7.561458ms)
✔ pending questions are grouped once and resolving a question cannot waive required result delivery (5.310792ms)
✔ independent dispatchers claim once and receipt reconciliation after restart does not send again (24.040541ms)
✔ ambiguous delivery with no idempotency stays unknown, including repeated and timed-out lookup (10.24625ms)
✔ idempotent absent receipt permits only a bounded later retry and permanent failure stays visible (3.94725ms)
✔ goal before delivery prevents an obsolete or unauthorized result from being sent (5.782834ms)
✔ cancel before delivery prevents an obsolete or unauthorized result from being sent (5.872833ms)
✔ labels before delivery prevents an obsolete or unauthorized result from being sent (5.014709ms)
✔ destination before delivery prevents an obsolete or unauthorized result from being sent (5.479125ms)
✔ pause preserves pending delivery and resume can complete it without another source call (5.93875ms)
✔ late confirmed delivery is historical and cannot satisfy a revised goal (5.5795ms)
✔ an uncertain old-goal delivery retains its uncertainty when superseded by a new goal (5.930292ms)
✔ SIGKILL between channel commit and outbox settlement recovers from two reopened databases without another send (120.13225ms)
✔ a never-dispatched response can be prepared after permission restoration, and large questions retain their full artifact (12.499375ms)
✔ sqlite: initial model disclosure denial returns a durable blocked workflow and checkpoint (66.611875ms)
✔ sqlite: revoked reserved model is accounted as unused and resumes with one fresh call after reopen (142.986542ms)
✔ sqlite: disclosure changes inside dispatch preflight settle a known-unused reservation instead of escaping (36.875333ms)
✔ sqlite: required result channel denial persists blocked state and can resume delivery from checkpoint (58.896167ms)
✔ sqlite: completed analysis keeps its terminal state while unavailable channel yields an undelivered response (51.955625ms)
✔ sqlite: an unsuccessful resume under unchanged channel policy blocks again without becoming runnable (40.306292ms)
✔ sqlite: simultaneous cancel and disclosure revocation preserve user control and unused accounting (45.291583ms)
✔ sqlite: simultaneous pause and disclosure revocation preserve user control and unused accounting (33.9645ms)
✔ file-journal: initial model disclosure denial returns a durable blocked workflow and checkpoint (198.412792ms)
✔ file-journal: revoked reserved model is accounted as unused and resumes with one fresh call after reopen (668.132333ms)
✔ file-journal: disclosure changes inside dispatch preflight settle a known-unused reservation instead of escaping (185.667708ms)
✔ file-journal: required result channel denial persists blocked state and can resume delivery from checkpoint (271.1375ms)
✔ file-journal: completed analysis keeps its terminal state while unavailable channel yields an undelivered response (191.760208ms)
✔ file-journal: an unsuccessful resume under unchanged channel policy blocks again without becoming runnable (144.976292ms)
✔ file-journal: simultaneous cancel and disclosure revocation preserve user control and unused accounting (145.01475ms)
✔ file-journal: simultaneous pause and disclosure revocation preserve user control and unused accounting (153.696208ms)
✔ sqlite/documents-simple/auto: one necessary plan and observation complete with no extra investigation (231.974458ms)
✔ sqlite/documents-simple/fast: one necessary plan and observation complete with no extra investigation (180.729459ms)
✔ sqlite/documents-simple/deep: one necessary plan and observation complete with no extra investigation (175.237167ms)
✔ sqlite/observations-simple/auto: one necessary plan and observation complete with no extra investigation (188.246417ms)
✔ sqlite/observations-simple/fast: one necessary plan and observation complete with no extra investigation (167.138ms)
✔ sqlite/observations-simple/deep: one necessary plan and observation complete with no extra investigation (205.7405ms)
✔ sqlite/documents-complex/auto: complex scope is either validated for investigation or rejected without false completion (241.1315ms)
✔ sqlite/documents-complex/fast: complex scope is either validated for investigation or rejected without false completion (98.783542ms)
✔ sqlite/documents-complex/deep: complex scope is either validated for investigation or rejected without false completion (280.095042ms)
✔ sqlite/observations-complex/auto: complex scope is either validated for investigation or rejected without false completion (220.968709ms)
✔ sqlite/observations-complex/fast: complex scope is either validated for investigation or rejected without false completion (91.671459ms)
✔ sqlite/observations-complex/deep: complex scope is either validated for investigation or rejected without false completion (224.367959ms)
✔ sqlite: mode commands enforce owner and both revisions, remain idempotent, and preserve goal and costs (37.672292ms)
✔ sqlite: lowering to fast after two paid reads cannot reset usage or oversubscribe the next reservation (92.257916ms)
✔ sqlite: explicit model cap and fast cap include reservations and do not reopen paid capacity (224.544958ms)
✔ sqlite: a running model keeps its pending mode request and late reply accounting until the next safe boundary (187.344625ms)
✔ sqlite: a pending mode survives reserved model restart without invalidating its stored input (194.064625ms)
✔ sqlite: cancel overrides a pending mode without discarding late measured model costs (90.524458ms)
✔ sqlite: deep to fast retains original goal, completed tasks, checkpoint and result reuse after reopen (145.188042ms)
✔ sqlite: fast keeps mandatory review of existing hypotheses and cannot replace it with premature completion (178.561125ms)
✔ sqlite: legacy model reservations keep their version-one basis when a pending mode first materializes control (131.211625ms)
✔ sqlite: a newer mode wins a pending-mode boundary CAS race (67.947833ms)
✔ sqlite: a newer cancel wins a pending-mode boundary CAS race (70.703459ms)
✔ sqlite: cancellation during model backoff publication returns current control without failing the workflow (86.890916ms)
✔ sqlite: auto mode change and reopen preserve a partial collection's original goal and explicit resume chain (471.457ms)
✔ file-journal/documents-simple/auto: one necessary plan and observation complete with no extra investigation (396.296291ms)
✔ file-journal/documents-simple/fast: one necessary plan and observation complete with no extra investigation (394.129ms)
✔ file-journal/documents-simple/deep: one necessary plan and observation complete with no extra investigation (386.38425ms)
✔ file-journal/observations-simple/auto: one necessary plan and observation complete with no extra investigation (388.762334ms)
✔ file-journal/observations-simple/fast: one necessary plan and observation complete with no extra investigation (398.487458ms)
✔ file-journal/observations-simple/deep: one necessary plan and observation complete with no extra investigation (379.509583ms)
✔ file-journal/documents-complex/auto: complex scope is either validated for investigation or rejected without false completion (643.841958ms)
✔ file-journal/documents-complex/fast: complex scope is either validated for investigation or rejected without false completion (155.253167ms)
✔ file-journal/documents-complex/deep: complex scope is either validated for investigation or rejected without false completion (690.451083ms)
✔ file-journal/observations-complex/auto: complex scope is either validated for investigation or rejected without false completion (515.875583ms)
✔ file-journal/observations-complex/fast: complex scope is either validated for investigation or rejected without false completion (142.019ms)
✔ file-journal/observations-complex/deep: complex scope is either validated for investigation or rejected without false completion (495.577542ms)
✔ file-journal: mode commands enforce owner and both revisions, remain idempotent, and preserve goal and costs (95.922916ms)
✔ file-journal: lowering to fast after two paid reads cannot reset usage or oversubscribe the next reservation (232.03825ms)
✔ file-journal: explicit model cap and fast cap include reservations and do not reopen paid capacity (421.782959ms)
✔ file-journal: a running model keeps its pending mode request and late reply accounting until the next safe boundary (370.216375ms)
✔ file-journal: a pending mode survives reserved model restart without invalidating its stored input (399.766584ms)
✔ file-journal: cancel overrides a pending mode without discarding late measured model costs (186.286791ms)
✔ file-journal: deep to fast retains original goal, completed tasks, checkpoint and result reuse after reopen (304.98625ms)
✔ file-journal: fast keeps mandatory review of existing hypotheses and cannot replace it with premature completion (376.89025ms)
✔ file-journal: legacy model reservations keep their version-one basis when a pending mode first materializes control (209.761041ms)
✔ file-journal: a newer mode wins a pending-mode boundary CAS race (158.673917ms)
✔ file-journal: a newer cancel wins a pending-mode boundary CAS race (142.3915ms)
✔ file-journal: cancellation during model backoff publication returns current control without failing the workflow (175.08825ms)
✔ file-journal: auto mode change and reopen preserve a partial collection's original goal and explicit resume chain (868.234666ms)
✔ documents-simple: validated plan executes to verified completion without additional planner calls (23.935791ms)
✔ observations-simple: validated plan executes to verified completion without additional planner calls (7.865459ms)
✔ invalid plans fail before budget or execution: stale, cyclic, missing deps, schema, effects, permission and IDs (4.742ms)
✔ plan commands deduplicate after later state changes; task IDs cannot hide changed inputs (4.664416ms)
✔ discarded unexecuted task ID still cannot acquire a different contract (4.129459ms)
✔ scripted planner proposal enters the real validator and executor only when control requests a plan (5.004958ms)
✔ dependencies execute in order; partial observations require another source, not false completion (7.307625ms)
✔ empty queue is replan; wake conditions, tool budget, deadline and cancellation produce distinct controls (4.83ms)
✔ only authorized current-goal commands mutate state; duplicate cancellation is stable (2.865ms)
✔ competing executors cannot both reserve or replay dispatch (4.308875ms)
✔ late tool result after cancel is recorded without adopting or reversing the command (5.048875ms)
✔ late tool result after goal is recorded without adopting or reversing the command (4.143875ms)
✔ expired dispatched read has bounded retry or explicit unknown effect (3.21775ms)
✔ expired dispatched write has bounded retry or explicit unknown effect (3.56825ms)
✔ invalid result identity, labels, references and output cannot become accepted evidence (22.678417ms)
✔ stored received result resumes in reopened SQLite and artifact stores without invoking tool again (61.00325ms)
✔ tool JSON schema validation compiles once, rejects unsupported schema and preserves inputs (2.55575ms)
✔ successful dependency chain follows DAG order even when task array is reversed (5.342458ms)
✔ pause before dispatch releases reservation; resume and repeated old pause do not cancel new execution (5.037459ms)
✔ tool failures retry only within attempt budget and repeated empty replans exhaust their own budget (6.515042ms)
✔ unconfirmed write is unknown and cannot satisfy the goal or be retried by a renamed task (4.020584ms)
✔ lease timeout yields even for a tool that ignores cancellation; late result cannot finish the goal (25.809208ms)
✔ permission revocation after reservation is rechecked before dispatch and durably blocks execution (3.1405ms)
✔ memory: waiting execution wakes only for expired lease or received result (4.397792ms)
✔ sqlite: waiting execution wakes only for expired lease or received result (31.757542ms)
✔ host registration resolves one exact name and captures its method and execution before map changes (2.38275ms)
✔ absent, foreign-shaped and malformed registrations never trigger a factory or module lookup (0.495541ms)
✔ factory receives only the frozen prompt profile and opened metadata and methods are captured without mutating the host object (0.575083ms)
✔ prompt identity, fixed instructions, capabilities and input reservation failures close the acquired lease (1.463792ms)
✔ compact requires both methods and captured methods keep their host receiver (0.533084ms)
✔ factory errors retain their original object and validation plus cleanup failures retain both causes (0.299417ms)
✔ resource cleanup attempts every closer and preserves single or multiple original failures (0.108416ms)
✔ sqlite: accepted work, request replay, and queries stay separate from fixture execution (212.950958ms)
✔ sqlite: document question is atomic, actionable, and does not interpret reply text (257.694541ms)
✔ sqlite: current ownership, route, and disclosure gates apply to reads and mutations (70.415125ms)
✔ sqlite: web attachment observes an existing CLI primary without re-sending or changing it (197.452208ms)
✔ sqlite: goal and mode commands preserve optimistic revisions and durable idempotency (195.553958ms)
✔ sqlite: pause does not wait behind an active run and a replay cannot start another run (229.733167ms)
✔ sqlite: cancel does not wait behind an active run and a replay cannot start another run (84.253625ms)
✔ sqlite: an unfinished durable run is not repeated by the same request after restart (235.696125ms)
✔ sqlite: a goal changed while the old run intent is acknowledged never receives that run's plan (197.580083ms)
✔ sqlite: workflow entry rejects a stale pinned goal before recovery or execution (79.14325ms)
✔ sqlite: paged lists recheck every returned card and omit a card revoked while another is read (341.080125ms)
✔ sqlite: at most four distinct works execute concurrently and draining admits no new mutations (437.634708ms)
✔ file-journal: accepted work, request replay, and queries stay separate from fixture execution (459.040083ms)
✔ file-journal: document question is atomic, actionable, and does not interpret reply text (631.906208ms)
✔ file-journal: current ownership, route, and disclosure gates apply to reads and mutations (87.847042ms)
✔ file-journal: web attachment observes an existing CLI primary without re-sending or changing it (449.07625ms)
✔ file-journal: goal and mode commands preserve optimistic revisions and durable idempotency (543.537375ms)
✔ file-journal: pause does not wait behind an active run and a replay cannot start another run (715.817042ms)
✔ file-journal: cancel does not wait behind an active run and a replay cannot start another run (222.539708ms)
✔ file-journal: an unfinished durable run is not repeated by the same request after restart (453.20775ms)
✔ file-journal: a goal changed while the old run intent is acknowledged never receives that run's plan (572.749458ms)
✔ file-journal: workflow entry rejects a stale pinned goal before recovery or execution (246.5495ms)
✔ file-journal: paged lists recheck every returned card and omit a card revoked while another is read (2412.755417ms)
✔ file-journal: at most four distinct works execute concurrently and draining admits no new mutations (1506.788917ms)
✔ verified facts remain visible while hypothesis review prevents response readiness and preparation (25.7115ms)
✔ reserved, running and stored model replies cannot produce a result; accepted review resumes preparation (27.431791ms)
✔ pending model work suppresses question preparation while preserving existing obligation blockers (11.776ms)
✔ an already prepared result is withheld during review and can be prepared again after accepted model assessment (14.00075ms)
✔ documents-simple: one model plan executes to completion with usage and no extra hypothesis call (36.35325ms)
✔ observations-simple: one model plan executes to completion with usage and no extra hypothesis call (11.665833ms)
✔ late counterevidence revises the hypothesis and only the changed graph consumes a replan (43.963084ms)
✔ strict structured transport adapter feeds the same validator and execution loop without a provider SDK (8.918167ms)
✔ invalid or truncated responses cannot replace an executable plan or fabricate zero usage (6.120667ms)
✔ rejected model plans still charge exactly one call and preserve their raw response for an authorized read (5.043833ms)
✔ bookkeeping changes do not stale a response but goal and evidence changes do (10.233125ms)
✔ received model result resumes after SQLite and artifact reopen with no additional model call (156.907416ms)
✔ a new scope archives the old hypothesis in prior events and permits a fresh plan (12.523958ms)
✔ unsupported hypotheses and erased counterevidence are rejected without changing the current assessment (8.539291ms)
✔ validator feedback reaches the next model proposal and invalid plans never dispatch their tools (13.170125ms)
✔ permission revocation during reply storage preserves usage but never downgrades the model body (5.1655ms)
✔ state-based packet retains counterevidence, obligations and original references without raw history or a state mutation (29.078083ms)
✔ old and forged packets cannot reverse a goal change, cancellation or budget (8.058958ms)
✔ separate SQLite/artifact instances reconstruct packets and regenerate missing or corrupt derived blobs (104.687667ms)
✔ missing original is reported by id and cannot be hidden by a valid prior packet (5.664917ms)
✔ reconstruction rechecks a goal change committed while the packet is being saved (4.807333ms)
✔ snapshot retries mixed state/event/outbox revisions and rejects broken event history (4.302458ms)
✔ untrusted packet dimensions, tool revision changes and a foreign work packet never authorize reuse (6.826625ms)
✔ resume requires the work owner and full runtime view; revoked history is never relabelled (3.795208ms)
✔ packet size limit refuses the whole projection without dropping obligations or writing a partial packet (3.01625ms)
✔ model context restores task attempts and budget but excludes model ledger and delivery bodies (5.696208ms)
✔ model context cannot relabel a revoked attempt result reference under the current policy (9.260084ms)
✔ model context refuses assessment references whose evidence metadata is no longer permitted (2.636708ms)
✔ installed registered chat selects the C01 name, executes one read and resumes without another invocation (2319.301584ms)
✔ registered CLI never falls back for unknown names or mixed provider options (304.502ms)
✔ Web startup accepts the same host registration, carries call limits and keeps HTTP selection read-only (848.065375ms)
✔ Web rejects invalid registered startup options before creating a profile (99.702917ms)
✔ registered local transport reads evidence, automatically compacts multiple prefixes, answers and continues the same session after reopening (3599.207542ms)
✔ a registered reply already stored before shutdown is adopted and delivered after reopening without invoking the transport again (589.056ms)
✔ registered profile preserves C01 v1 and passes explicit model limits through composition (209.371209ms)
✔ registered profile preserves C01 v2 and passes explicit model limits through composition (187.961917ms)
✔ registered selection requires an exact existing C01 name and host registration before opening databases (201.407ms)
✔ registered compact overrides are refused and explicit synthetic remains independent of the stored model name (128.050584ms)
✔ factory failure closes acquired stores and keeps the original exception object (189.821833ms)
✔ post-factory composition failure retains the original parse error plus model cleanup failure and closes stores (198.233084ms)
✔ agent stores retain every actual close failure (165.513583ms)
✔ agent stores retain every actual close failure together with the opening error (155.388709ms)
✔ compact uses the normal reservation and usage ledger while accepting no plan or tool execution (25.601708ms)
✔ a no-op explicit compact request stays a no-op after later context growth (5.681458ms)
✔ stored compact response recovers after publication but before work adoption, even after lease expiry (6.916958ms)
✔ an uncertain publish acknowledgement is reconciled by receipt without a second candidate (5.697333ms)
✔ a timely received compact reply survives restart beyond its execution lease before first publication (5.312875ms)
✔ an undispatched compact cancellation returns its reserved resources (4.269292ms)
✔ late compact after input does not publish but preserves reported usage (6.243208ms)
✔ late compact after cancel does not publish but preserves reported usage (4.236833ms)
✔ late compact after authority does not publish but preserves reported usage (4.188292ms)
✔ compact transport failure retains unknown usage and prevents another unaccounted model call (5.017667ms)
✔ compact-only orchestration uses bounded raw context after failure and refuses a missing checkpoint context (4.97975ms)
✔ a forged receipt cannot settle a compact response for another source manifest (4.222208ms)
✔ compact estimation is checked before any reservation or provider call (2.729084ms)
✔ a policy change after receipt rejects publication without recharging usage (4.070542ms)
✔ compact source rejects a history entry whose text differs from its immutable intake receipt (260.2875ms)
✔ matching altered history and receipt text still fail the original intake digest check (210.54575ms)
✔ the first compact cannot publish an empty retained list for a segment containing user text (267.55775ms)
✔ repeated compact rejects deleting a retained item or changing its status without a new source (1091.816584ms)
✔ a valid source anchor does not permit an additional fabricated quotation (456.248333ms)
✔ fixed raw v1 and fixed summary v2 contexts remain current when only the summary head advances (610.671666ms)
✔ source policy withdrawal or actual original artifact loss invalidates an accepted derived summary (1272.582375ms)
✔ tool reuse: trusted immutable defaults reuse across task IDs while preserving exact original evidence, timing and nullable usage (38.1545ms)
✔ tool reuse: untrusted-default always misses (10.294416ms)
✔ tool reuse: untrusted-request always misses (8.120333ms)
✔ tool reuse: fresh always misses (7.168334ms)
✔ tool reuse: TTL begins at original start, expires at the exact boundary, and is rechecked before adoption (9.824209ms)
✔ tool reuse: retracted source evidence is never reused (9.669625ms)
✔ tool reuse: deleted source evidence is never reused (8.710791ms)
✔ tool reuse: restricted source evidence is never reused (8.781583ms)
✔ tool reuse: corrected source evidence is never reused (9.437792ms)
✔ tool reuse: superseded source evidence is never reused (9.330209ms)
✔ tool reuse: missing source evidence is never reused (8.135875ms)
✔ tool reuse: contract-stamp original attempt cannot establish a cache hit (6.496584ms)
✔ tool reuse: execution-proof original attempt cannot establish a cache hit (6.44125ms)
✔ tool reuse: reused original attempt cannot establish a cache hit (6.208583ms)
✔ tool reuse: not-invoked original attempt cannot establish a cache hit (6.225ms)
✔ tool reuse: partial original attempt cannot establish a cache hit (6.534958ms)
✔ tool reuse: unknown original attempt cannot establish a cache hit (5.758167ms)
✔ tool reuse: unadopted original attempt cannot establish a cache hit (5.986541ms)
✔ tool reuse: future original attempt cannot establish a cache hit (5.470166ms)
✔ tool reuse: full goal context changes invalidate the old key (6.0265ms)
✔ tool reuse: full goal-revision context changes invalidate the old key (5.307541ms)
✔ tool reuse: full scope context changes invalidate the old key (5.864209ms)
✔ tool reuse: full owner context changes invalidate the old key (6.256417ms)
✔ tool reuse: full labels context changes invalidate the old key (6.04375ms)
✔ tool reuse: full permission context changes invalidate the old key (7.2875ms)
✔ tool reuse: changed immutable sourceVersion or schema under the same tool version invalidates pinned contracts (9.823084ms)
✔ tool reuse: a different canonical input under the same trusted definition is a cache miss (5.706583ms)
✔ tool reuse: parent retraction invalidates an unchanged derived evidence payload (7.929666ms)
✔ tool reuse: missing or damaged original bytes and oversized results are conservative misses (13.731875ms)
✔ tool reuse: a partial canonical result is not an original complete observation (7.83625ms)
✔ tool reuse: a cursor canonical result is not an original complete observation (7.904125ms)
✔ tool reuse: a reused canonical result is not an original complete observation (7.192334ms)
✔ tool reuse: a identity canonical result is not an original complete observation (7.326375ms)
✔ tool reuse: forged payloads, evidence timing, consumer identity, source stamps and accounting reports fail validation (11.29175ms)
✔ tool reuse: current source knowledge must validate and travels with the reused result (8.7025ms)
✔ tool reuse: source authority changes while canonical receipt lookup waits prevent a stale hit (5.877917ms)
✔ tool reuse: find-remove during the final state read invalidates the registry pin (7.72925ms)
✔ tool reuse: validate-source-version during the final state read invalidates the registry pin (8.15725ms)
✔ tool reuse: validate-labels during the final state read invalidates the registry pin (7.451708ms)
✔ tool result validation: proof requirement is part of the contract and missing callbacks reject registration atomically (12.108667ms)
✔ tool result validation: assigning new fields or callback on the original adapter cannot alter a registered proof (5.989333ms)
✔ tool result validation: provider callback receives detached state and result values (3.635541ms)
✔ tool result validation: same-version replacement while awaiting a proof invalidates the pending answer (2.716208ms)
✔ tool result validation: removal or unrelated provider refresh has the correct registration scope (5.289625ms)
✔ tool result validation: legacy tools retain optional validation and rejected or malformed proofs fail closed (13.816041ms)
✔ Web HTTP → stored workflow → restart is readonly (sqlite) (463.177417ms)
✔ Web HTTP → stored workflow → restart is readonly (file-journal) (2491.216458ms)
✔ web session is one-time, per-instance, HttpOnly; reload and static reads never execute (31.435334ms)
✔ web Host, Origin, Fetch Metadata, CSRF and strict JSON reject before controller entry (12.224209ms)
✔ web exact assets, methods and cursor options do not expose files or internal errors (14.198416ms)
✔ web session expiry during body blocks mutation entry, logout blocks late view payload (26.486458ms)
✔ web bootstrap expires and authenticated request rate has a finite window (348.379791ms)
✔ web SSE emits projection changes at same revision, reconnect is readonly, denial closes (3040.039292ms)
✔ web SSE session revocation, stream cap and lifetime release resources (45.386417ms)
✔ closed SSE keeps physical read slots until completion; reconnect cannot create unbounded reads (400.704458ms)
✔ web pending run permits independent cancel and disconnect does not call cancel (23.102041ms)
✔ documents-simple: restarted workflow adopts a stored model response and reaches delivered completion without another planner call (51.989959ms)
✔ observations-simple: restarted workflow adopts a stored model response and reaches delivered completion without another planner call (18.466291ms)
✔ an unknown result delivery causes bounded waiting and only one receipt lookup on the next explicit run (15.314125ms)
✔ a workflow without a planner returns a planning requirement and does not create an inferred plan (4.528416ms)
✔ workflow entry requires the full persisted execution policy rather than a narrower read-only view (3.758917ms)
✔ user cancellation between workflow steps preserves terminal state and cancels an unsent model reservation (6.290916ms)
✔ scoped actors cannot enter execution even when their current limits equal the work policy (2.876666ms)
✔ final checkpoint cannot report old completion when a goal change arrives during checkpoint storage (13.518083ms)
ℹ tests 356
ℹ suites 0
ℹ pass 356
ℹ fail 0
ℹ cancelled 0
ℹ skipped 0
ℹ todo 0
ℹ duration_ms 72710.616375
