✔ authority copies full actor and disclosure, rejects fabricated references and revoked scopes (1.370208ms)
✔ full scoped workflow runs with a lease while the legacy scoped guard remains (54.952875ms)
✔ reopen with narrower tools authority refuses raw stored policy without hiding read-only state (4.360833ms)
✔ reopen with narrower disclosure authority refuses raw stored policy without hiding read-only state (3.75825ms)
✔ model preflight abort after source validation invokes no provider (6.63325ms)
✔ model preflight policy after source validation invokes no provider (5.882667ms)
✔ late model reply retains reported usage after revocation and cannot be adopted (7.785791ms)
✔ abort during reply_put retries settlement once without preserving an adoptable body for a new lease (5.9135ms)
✔ abort during before_commit retries settlement once without preserving an adoptable body for a new lease (7.080625ms)
✔ tool preflight abort during an async reuse miss invokes no tool (4.738583ms)
✔ tool preflight policy during an async reuse miss invokes no tool (6.012708ms)
✔ late tool result is recorded but its evidence is not adopted after authority revocation (4.875708ms)
✔ outbox send checks the raw authority after asynchronous validation (3.87275ms)
✔ outbox lookup checks the raw authority after asynchronous validation (3.404083ms)
✔ context recovery does not return a checkpoint when its authority is revoked during artifact publication (3.814167ms)
✔ real session compact uses the same revocable model boundary and keeps raw session records (337.479791ms)
✔ sqlite: a host-wired CLI executes a non-fixture tool and reopens the same raw session without another read (1335.766ms)
✔ file-journal: a host-wired CLI executes a non-fixture tool and reopens the same raw session without another read (2248.263334ms)
✔ sqlite: native HTTP keeps host registration out of requests and connects one read through evidence and reconnect (892.1605ms)
✔ file-journal: native HTTP keeps host registration out of requests and connects one read through evidence and reconnect (2757.302375ms)
✔ a new CLI request cannot invoke a registered tool outside the host policy (616.486917ms)
✔ one host gives SQLite and journal agents distinct sources without mixing sessions, results or lease ownership (4750.08425ms)
✔ an explicit empty host tool list supports a direct answer and never falls back to the built-in synthetic read source (659.311541ms)
✔ the host explicitly chooses core permissions while skills off removes guidance without reading its invalid catalog (163.270958ms)
✔ reopening with narrower tools, labels, destinations or a different user rejects old work without resetting its policy and usage (994.677625ms)
✔ a tool factory failure preserves the original exception, closes acquired stores and never opens a model fallback (224.374083ms)
✔ a model factory failure still closes the acquired host tools and preserves their independent cleanup error (123.281667ms)
✔ composition failure preserves its parse error and closes model, tools and stores even when both host cleanups fail (179.178291ms)
✔ repeated profile close shares one failure, invokes each host closer once and closes the stores (169.465541ms)
✔ host evidence from another scope is rejected rather than relabelled into the current agent (236.677291ms)
✔ only an undefined host tool registration is absent; malformed registrations and getters retain errors (0.613667ms)
✔ registration captures its one getter and bound factory before later host changes (1.931166ms)
✔ factory gets only a frozen context copy captured before its asynchronous wait (0.446583ms)
✔ invalid context or its clone failure prevents the factory from acquiring resources (0.373875ms)
✔ opened tool metadata and methods are copied without freezing or expanding the host policy (0.264792ms)
✔ optional proof and response custody callbacks keep their receiver and are not lost at registration (0.357708ms)
✔ write effects, core namespace, duplicate identity and missing proof callbacks reject and close once (0.862583ms)
✔ policy and work limit failures close an acquired lease without silently repairing metadata (0.576833ms)
✔ empty tools and different versions preserve exact policies and compile only at the existing consumer (14.475333ms)
✔ factory exceptions retain the original error object and are not treated as missing registration (0.139708ms)
✔ metadata getter and clone failures occur inside acquired cleanup and preserve their original cause (0.126292ms)
✔ validation plus close failure retain both causes and a successful lease close never retries a failure (0.192916ms)
✔ late tool usage survives before_receive once while current authority cannot adopt the body (22.146167ms)
✔ late tool usage survives during_publication once while current authority cannot adopt the body (8.359708ms)
✔ late tool usage survives abort once while current authority cannot adopt the body (6.237584ms)
✔ a fresh valid lease may adopt a received read before rejection without charging its source again (4.65725ms)
✔ label revocation does not trust a usage defect as reported source usage (5.012875ms)
✔ label revocation does not trust a output defect as reported source usage (4.942458ms)
✔ label revocation does not trust a attempt defect as reported source usage (3.872458ms)
✔ label revocation does not trust a scope defect as reported source usage (3.764167ms)
✔ label revocation does not trust a reuse_claim defect as reported source usage (4.777834ms)
✔ reused receipt does not turn historical usage into a measured invocation after label revocation (3.412708ms)
✔ not_invoked receipt does not turn historical usage into a measured invocation after label revocation (3.121ms)
✔ unreported receipt does not turn historical usage into a measured invocation after label revocation (4.035958ms)
ℹ tests 54
ℹ suites 0
ℹ pass 54
ℹ fail 0
ℹ cancelled 0
ℹ skipped 0
ℹ todo 0
ℹ duration_ms 8260.021042
