TAP version 13
# Subtest: personal memory reuses applied original and survives restart without copying conversation (sqlite)
ok 1 - personal memory reuses applied original and survives restart without copying conversation (sqlite)
  ---
  duration_ms: 549.719375
  type: 'test'
  ...
# Subtest: personal memory reuses applied original and survives restart without copying conversation (file-journal)
ok 2 - personal memory reuses applied original and survives restart without copying conversation (file-journal)
  ---
  duration_ms: 792.057167
  type: 'test'
  ...
# Subtest: personal correction uses a new applied original and invalidates the old dependency
ok 3 - personal correction uses a new applied original and invalidates the old dependency
  ---
  duration_ms: 400.041875
  type: 'test'
  ...
# Subtest: forget removes active body and quote, preserves originals and never revives an old create
ok 4 - forget removes active body and quote, preserves originals and never revives an old create
  ---
  duration_ms: 603.828667
  type: 'test'
  ...
# Subtest: personal source never becomes shareable Evidence or a derived work-knowledge fact
ok 5 - personal source never becomes shareable Evidence or a derived work-knowledge fact
  ---
  duration_ms: 386.714875
  type: 'test'
  ...
# Subtest: current user-source labels prevents cached read and dependency reuse
ok 6 - current user-source labels prevents cached read and dependency reuse
  ---
  duration_ms: 281.581333
  type: 'test'
  ...
# Subtest: current user-source scope prevents cached read and dependency reuse
ok 7 - current user-source scope prevents cached read and dependency reuse
  ---
  duration_ms: 421.149
  type: 'test'
  ...
# Subtest: current user-source destination prevents cached read and dependency reuse
ok 8 - current user-source destination prevents cached read and dependency reuse
  ---
  duration_ms: 359.873542
  type: 'test'
  ...
# Subtest: current user-source principal prevents cached read and dependency reuse
ok 9 - current user-source principal prevents cached read and dependency reuse
  ---
  duration_ms: 453.623041
  type: 'test'
  ...
# Subtest: current user-source tenant prevents cached read and dependency reuse
ok 10 - current user-source tenant prevents cached read and dependency reuse
  ---
  duration_ms: 336.84475
  type: 'test'
  ...
# Subtest: current user-source generation prevents cached read and dependency reuse
ok 11 - current user-source generation prevents cached read and dependency reuse
  ---
  duration_ms: 308.228833
  type: 'test'
  ...
# Subtest: host caller restrictions reach the actual reader and do not prevent authorized forgetting
ok 12 - host caller restrictions reach the actual reader and do not prevent authorized forgetting
  ---
  duration_ms: 394.471791
  type: 'test'
  ...
# Subtest: reviewer grants cannot expose another user personal record or command receipt
ok 13 - reviewer grants cannot expose another user personal record or command receipt
  ---
  duration_ms: 254.736208
  type: 'test'
  ...
# Subtest: personal original history boundary is checked against actual stored intake
ok 14 - personal original history boundary is checked against actual stored intake
  ---
  duration_ms: 280.077625
  type: 'test'
  ...
# Subtest: personal original receipt-digest boundary is checked against actual stored intake
ok 15 - personal original receipt-digest boundary is checked against actual stored intake
  ---
  duration_ms: 169.648042
  type: 'test'
  ...
# Subtest: personal original pending boundary is checked against actual stored intake
ok 16 - personal original pending boundary is checked against actual stored intake
  ---
  duration_ms: 179.031958
  type: 'test'
  ...
# Subtest: personal original rejected boundary is checked against actual stored intake
ok 17 - personal original rejected boundary is checked against actual stored intake
  ---
  duration_ms: 176.298
  type: 'test'
  ...
# Subtest: personal original missing boundary is checked against actual stored intake
ok 18 - personal original missing boundary is checked against actual stored intake
  ---
  duration_ms: 232.876083
  type: 'test'
  ...
# Subtest: fabricated or assistant text cannot be an explicit user-memory source
ok 19 - fabricated or assistant text cannot be an explicit user-memory source
  ---
  duration_ms: 170.207709
  type: 'test'
  ...
# Subtest: commit response loss resumes from scoped receipt with one personal revision
ok 20 - commit response loss resumes from scoped receipt with one personal revision
  ---
  duration_ms: 189.883541
  type: 'test'
  ...
# Subtest: user-source inspection does not inherit unrelated model inputs or form a work-memory cycle
ok 21 - user-source inspection does not inherit unrelated model inputs or form a work-memory cycle
  ---
  duration_ms: 189.982875
  type: 'test'
  ...
# Subtest: recorded derived-copy quarantine does not revoke the new user correction it will consume
ok 22 - recorded derived-copy quarantine does not revoke the new user correction it will consume
  ---
  duration_ms: 199.993459
  type: 'test'
  ...
# Subtest: sqlite: actual memory tools recall personal cards across work scopes without accepting caller ownership
ok 23 - sqlite: actual memory tools recall personal cards across work scopes without accepting caller ownership
  ---
  duration_ms: 220.422375
  type: 'test'
  ...
# Subtest: documents: actual memory tools recall personal cards across work scopes without accepting caller ownership
ok 24 - documents: actual memory tools recall personal cards across work scopes without accepting caller ownership
  ---
  duration_ms: 778.456459
  type: 'test'
  ...
# Subtest: sqlite/sqlite: explicit personal recall reaches the real packet, frame and reopened resume without copying the old session
ok 25 - sqlite/sqlite: explicit personal recall reaches the real packet, frame and reopened resume without copying the old session
  ---
  duration_ms: 472.503
  type: 'test'
  ...
# Subtest: sqlite/documents: explicit personal recall reaches the real packet, frame and reopened resume without copying the old session
ok 26 - sqlite/documents: explicit personal recall reaches the real packet, frame and reopened resume without copying the old session
  ---
  duration_ms: 2655.887917
  type: 'test'
  ...
# Subtest: file-journal/sqlite: explicit personal recall reaches the real packet, frame and reopened resume without copying the old session
ok 27 - file-journal/sqlite: explicit personal recall reaches the real packet, frame and reopened resume without copying the old session
  ---
  duration_ms: 543.501334
  type: 'test'
  ...
# Subtest: file-journal/documents: explicit personal recall reaches the real packet, frame and reopened resume without copying the old session
ok 28 - file-journal/documents: explicit personal recall reaches the real packet, frame and reopened resume without copying the old session
  ---
  duration_ms: 2722.524584
  type: 'test'
  ...
# Subtest: omitted, forged or unavailable personal context cannot stage or validate a selected work frame
ok 29 - omitted, forged or unavailable personal context cannot stage or validate a selected work frame
  ---
  duration_ms: 270.042875
  type: 'test'
  ...
# Subtest: selection is idempotent and refuses a same-goal newer input, foreign owner, and a cancelled work
ok 30 - selection is idempotent and refuses a same-goal newer input, foreign owner, and a cancelled work
  ---
  duration_ms: 185.947375
  type: 'test'
  ...
# Subtest: sqlite: forgetting during a real delayed synthetic model call rejects the reply while preserving reported usage
ok 31 - sqlite: forgetting during a real delayed synthetic model call rejects the reply while preserving reported usage
  ---
  duration_ms: 358.329917
  type: 'test'
  ...
# Subtest: documents: forgetting during a real delayed synthetic model call rejects the reply while preserving reported usage
ok 32 - documents: forgetting during a real delayed synthetic model call rejects the reply while preserving reported usage
  ---
  duration_ms: 2102.136875
  type: 'test'
  ...
# Subtest: a changed revision invalidates an existing frame and the replacement needs a fresh explicit selection
ok 33 - a changed revision invalidates an existing frame and the replacement needs a fresh explicit selection
  ---
  duration_ms: 353.411625
  type: 'test'
  ...
# Subtest: clear preserves a pre-existing work-memory quarantine review and its completion gate
ok 34 - clear preserves a pre-existing work-memory quarantine review and its completion gate
  ---
  duration_ms: 187.075083
  type: 'test'
  ...
# Subtest: recall preserves a pre-existing work-memory quarantine review and its completion gate
ok 35 - recall preserves a pre-existing work-memory quarantine review and its completion gate
  ---
  duration_ms: 193.632541
  type: 'test'
  ...
# Subtest: replacing a selection waives only its newly created quarantine review
ok 36 - replacing a selection waives only its newly created quarantine review
  ---
  duration_ms: 211.960583
  type: 'test'
  ...
# Subtest: sqlite: a correction receipt reports its original revision after later correction and forgetting
ok 37 - sqlite: a correction receipt reports its original revision after later correction and forgetting
  ---
  duration_ms: 248.374708
  type: 'test'
  ...
# Subtest: documents: a correction receipt reports its original revision after later correction and forgetting
ok 38 - documents: a correction receipt reports its original revision after later correction and forgetting
  ---
  duration_ms: 658.924125
  type: 'test'
  ...
# Subtest: revision status checks the entire original command and returns no source or body fields
ok 39 - revision status checks the entire original command and returns no source or body fields
  ---
  duration_ms: 174.120292
  type: 'test'
  ...
# Subtest: duplicate correction joins an original commit that finishes after its initial record read
ok 40 - duplicate correction joins an original commit that finishes after its initial record read
  ---
  duration_ms: 188.150958
  type: 'test'
  ...
# Subtest: revision status hides current metadata after label narrowing and rejects namespace or host-owner loss
ok 41 - revision status hides current metadata after label narrowing and rejects namespace or host-owner loss
  ---
  duration_ms: 184.8475
  type: 'test'
  ...
# Subtest: revision status rechecks authority after storage and rejects a forged receipt revision or owner
ok 42 - revision status rechecks authority after storage and rejects a forged receipt revision or owner
  ---
  duration_ms: 191.907375
  type: 'test'
  ...
# Subtest: document event-only correction recovers its witness through status without another source intake or commit
ok 43 - document event-only correction recovers its witness through status without another source intake or commit
  ---
  duration_ms: 504.411791
  type: 'test'
  ...
# Subtest: compact source rejects a history entry whose text differs from its immutable intake receipt
ok 44 - compact source rejects a history entry whose text differs from its immutable intake receipt
  ---
  duration_ms: 327.541042
  type: 'test'
  ...
# Subtest: matching altered history and receipt text still fail the original intake digest check
ok 45 - matching altered history and receipt text still fail the original intake digest check
  ---
  duration_ms: 288.385667
  type: 'test'
  ...
# Subtest: the first compact cannot publish an empty retained list for a segment containing user text
ok 46 - the first compact cannot publish an empty retained list for a segment containing user text
  ---
  duration_ms: 340.25325
  type: 'test'
  ...
# Subtest: repeated compact rejects deleting a retained item or changing its status without a new source
ok 47 - repeated compact rejects deleting a retained item or changing its status without a new source
  ---
  duration_ms: 794.071041
  type: 'test'
  ...
# Subtest: a valid source anchor does not permit an additional fabricated quotation
ok 48 - a valid source anchor does not permit an additional fabricated quotation
  ---
  duration_ms: 322.949958
  type: 'test'
  ...
# Subtest: fixed raw v1 and fixed summary v2 contexts remain current when only the summary head advances
ok 49 - fixed raw v1 and fixed summary v2 contexts remain current when only the summary head advances
  ---
  duration_ms: 398.5115
  type: 'test'
  ...
# Subtest: source policy withdrawal or actual original artifact loss invalidates an accepted derived summary
ok 50 - source policy withdrawal or actual original artifact loss invalidates an accepted derived summary
  ---
  duration_ms: 1171.610083
  type: 'test'
  ...
# Subtest: session inspection publishes no head, artifact or work change; only a validated complete draft can materialize
ok 51 - session inspection publishes no head, artifact or work change; only a validated complete draft can materialize
  ---
  duration_ms: 52.82825
  type: 'test'
  ...
# Subtest: capacity draft validates the whole source manifest and latest raw input without returning partial entries
ok 52 - capacity draft validates the whole source manifest and latest raw input without returning partial entries
  ---
  duration_ms: 27.117
  type: 'test'
  ...
# Subtest: a current input larger than the session capacity remains whole in the diagnostic and cannot materialize
ok 53 - a current input larger than the session capacity remains whole in the diagnostic and cannot materialize
  ---
  duration_ms: 17.522583
  type: 'test'
  ...
# Subtest: new applied input and tampered preparation cannot publish a stale session head
ok 54 - new applied input and tampered preparation cannot publish a stale session head
  ---
  duration_ms: 22.629833
  type: 'test'
  ...
# Subtest: capacity inspection retains an accepted summary and verifies its original sources before reuse
ok 55 - capacity inspection retains an accepted summary and verifies its original sources before reuse
  ---
  duration_ms: 46.25925
  type: 'test'
  ...
# Subtest: source snapshot reuse sqlite: each independent current call rereads history and both sides of its authority boundary
ok 56 - source snapshot reuse sqlite: each independent current call rereads history and both sides of its authority boundary
  ---
  duration_ms: 203.579625
  type: 'test'
  ...
# Subtest: source snapshot reuse sqlite: source policy, generation, basis changes or disappearance during history cannot pass final validation
ok 57 - source snapshot reuse sqlite: source policy, generation, basis changes or disappearance during history cannot pass final validation
  ---
  duration_ms: 191.778042
  type: 'test'
  ...
# Subtest: source snapshot reuse file-journal: each independent current call rereads history and both sides of its authority boundary
ok 58 - source snapshot reuse file-journal: each independent current call rereads history and both sides of its authority boundary
  ---
  duration_ms: 220.393667
  type: 'test'
  ...
# Subtest: source snapshot reuse file-journal: source policy, generation, basis changes or disappearance during history cannot pass final validation
ok 59 - source snapshot reuse file-journal: source policy, generation, basis changes or disappearance during history cannot pass final validation
  ---
  duration_ms: 221.009542
  type: 'test'
  ...
# Subtest: source snapshot reuse: the entire receipt is rechecked after history, including fields outside the text digest
ok 60 - source snapshot reuse: the entire receipt is rechecked after history, including fields outside the text digest
  ---
  duration_ms: 188.667625
  type: 'test'
  ...
# Subtest: source snapshot reuse: a single original cannot be absent, duplicated across pages or replaced by mismatched history metadata
ok 61 - source snapshot reuse: a single original cannot be absent, duplicated across pages or replaced by mismatched history metadata
  ---
  duration_ms: 183.16
  type: 'test'
  ...
# Subtest: source snapshot reuse: a different valid message receipt and its matching history cannot substitute for the requested original
ok 62 - source snapshot reuse: a different valid message receipt and its matching history cannot substitute for the requested original
  ---
  duration_ms: 192.260042
  type: 'test'
  ...
1..62
# tests 62
# suites 0
# pass 62
# fail 0
# cancelled 0
# skipped 0
# todo 0
# duration_ms 26613.760875
