TAP version 13
# Subtest: sqlite: a memory-only service rejects an unsupported retained input in a nested source work
ok 1 - sqlite: a memory-only service rejects an unsupported retained input in a nested source work
  ---
  duration_ms: 38.728875
  type: 'test'
  ...
# Subtest: sqlite: a memory tool cancels a blocked custody read before the source responds
ok 2 - sqlite: a memory tool cancels a blocked custody read before the source responds
  ---
  duration_ms: 19.149
  type: 'test'
  ...
# Subtest: sqlite: custody-free reads keep their original I/O path and a W to M to W custody cycle remains finite
ok 3 - sqlite: custody-free reads keep their original I/O path and a W to M to W custody cycle remains finite
  ---
  duration_ms: 11.6875
  type: 'test'
  ...
# Subtest: sqlite: external K revise blocks direct, derived and cached M before W is refreshed
ok 4 - sqlite: external K revise blocks direct, derived and cached M before W is refreshed
  ---
  duration_ms: 24.252625
  type: 'test'
  ...
# Subtest: sqlite: external K retract blocks direct, derived and cached M before W is refreshed
ok 5 - sqlite: external K retract blocks direct, derived and cached M before W is refreshed
  ---
  duration_ms: 21.688417
  type: 'test'
  ...
# Subtest: sqlite: external K expire blocks direct, derived and cached M before W is refreshed
ok 6 - sqlite: external K expire blocks direct, derived and cached M before W is refreshed
  ---
  duration_ms: 22.181667
  type: 'test'
  ...
# Subtest: sqlite: external K generation blocks direct, derived and cached M before W is refreshed
ok 7 - sqlite: external K generation blocks direct, derived and cached M before W is refreshed
  ---
  duration_ms: 20.900625
  type: 'test'
  ...
# Subtest: sqlite: a shared reader uses current M authority without impersonating its owner's private K actor
ok 8 - sqlite: a shared reader uses current M authority without impersonating its owner's private K actor
  ---
  duration_ms: 18.019834
  type: 'test'
  ...
# Subtest: sqlite: custody does not reconstruct an unconfirmed reviewer-only permission
ok 9 - sqlite: custody does not reconstruct an unconfirmed reviewer-only permission
  ---
  duration_ms: 6.636084
  type: 'test'
  ...
# Subtest: sqlite: custody entry and byte limits fail closed before reading unbounded knowledge records
ok 10 - sqlite: custody entry and byte limits fail closed before reading unbounded knowledge records
  ---
  duration_ms: 45.953167
  type: 'test'
  ...
# Subtest: sqlite: a derivedFrom cycle remains invalid even when its work custody graph is finite
ok 11 - sqlite: a derivedFrom cycle remains invalid even when its work custody graph is finite
  ---
  duration_ms: 9.771334
  type: 'test'
  ...
# Subtest: sqlite: external memory changed during closure collection cannot survive the stable snapshot
ok 12 - sqlite: external memory changed during closure collection cannot survive the stable snapshot
  ---
  duration_ms: 9.604416
  type: 'test'
  ...
# Subtest: file-journal: a memory-only service rejects an unsupported retained input in a nested source work
ok 13 - file-journal: a memory-only service rejects an unsupported retained input in a nested source work
  ---
  duration_ms: 109.376791
  type: 'test'
  ...
# Subtest: file-journal: a memory tool cancels a blocked custody read before the source responds
ok 14 - file-journal: a memory tool cancels a blocked custody read before the source responds
  ---
  duration_ms: 81.611125
  type: 'test'
  ...
# Subtest: file-journal: custody-free reads keep their original I/O path and a W to M to W custody cycle remains finite
ok 15 - file-journal: custody-free reads keep their original I/O path and a W to M to W custody cycle remains finite
  ---
  duration_ms: 70.4875
  type: 'test'
  ...
# Subtest: file-journal: external K revise blocks direct, derived and cached M before W is refreshed
ok 16 - file-journal: external K revise blocks direct, derived and cached M before W is refreshed
  ---
  duration_ms: 100.834709
  type: 'test'
  ...
# Subtest: file-journal: external K retract blocks direct, derived and cached M before W is refreshed
ok 17 - file-journal: external K retract blocks direct, derived and cached M before W is refreshed
  ---
  duration_ms: 97.903417
  type: 'test'
  ...
# Subtest: file-journal: external K expire blocks direct, derived and cached M before W is refreshed
ok 18 - file-journal: external K expire blocks direct, derived and cached M before W is refreshed
  ---
  duration_ms: 93.122333
  type: 'test'
  ...
# Subtest: file-journal: external K generation blocks direct, derived and cached M before W is refreshed
ok 19 - file-journal: external K generation blocks direct, derived and cached M before W is refreshed
  ---
  duration_ms: 107.892125
  type: 'test'
  ...
# Subtest: file-journal: a shared reader uses current M authority without impersonating its owner's private K actor
ok 20 - file-journal: a shared reader uses current M authority without impersonating its owner's private K actor
  ---
  duration_ms: 91.724917
  type: 'test'
  ...
# Subtest: file-journal: custody does not reconstruct an unconfirmed reviewer-only permission
ok 21 - file-journal: custody does not reconstruct an unconfirmed reviewer-only permission
  ---
  duration_ms: 77.658708
  type: 'test'
  ...
# Subtest: file-journal: custody entry and byte limits fail closed before reading unbounded knowledge records
ok 22 - file-journal: custody entry and byte limits fail closed before reading unbounded knowledge records
  ---
  duration_ms: 166.107709
  type: 'test'
  ...
# Subtest: file-journal: a derivedFrom cycle remains invalid even when its work custody graph is finite
ok 23 - file-journal: a derivedFrom cycle remains invalid even when its work custody graph is finite
  ---
  duration_ms: 75.646875
  type: 'test'
  ...
# Subtest: file-journal: external memory changed during closure collection cannot survive the stable snapshot
ok 24 - file-journal: external memory changed during closure collection cannot survive the stable snapshot
  ---
  duration_ms: 79.537042
  type: 'test'
  ...
# Subtest: sqlite: same-work recall survives dispatch, receipt and unrelated revision bookkeeping
ok 25 - sqlite: same-work recall survives dispatch, receipt and unrelated revision bookkeeping
  ---
  duration_ms: 115.705708
  type: 'test'
  ...
# Subtest: sqlite: cross-work memory copy keeps custody across a goal change and blocks a prepared result after source deletion
ok 26 - sqlite: cross-work memory copy keeps custody across a goal change and blocks a prepared result after source deletion
  ---
  duration_ms: 214.662042
  type: 'test'
  ...
# Subtest: sqlite: source deletion after a cross-goal copied memory cancels a reserved effect before invocation
ok 27 - sqlite: source deletion after a cross-goal copied memory cancels a reserved effect before invocation
  ---
  duration_ms: 110.211709
  type: 'test'
  ...
# Subtest: sqlite: stored model input contains recalled bodies while hiding internal custody metadata
ok 28 - sqlite: stored model input contains recalled bodies while hiding internal custody metadata
  ---
  duration_ms: 175.071042
  type: 'test'
  ...
# Subtest: sqlite: reopening without a knowledge validator blocks retained originals and reserved effects
ok 29 - sqlite: reopening without a knowledge validator blocks retained originals and reserved effects
  ---
  duration_ms: 126.79725
  type: 'test'
  ...
# Subtest: sqlite: deleting another work's source while adopt commit waits quarantines the copied evidence before return
ok 30 - sqlite: deleting another work's source while adopt commit waits quarantines the copied evidence before return
  ---
  duration_ms: 126.384708
  type: 'test'
  ...
# Subtest: file-journal: same-work recall survives dispatch, receipt and unrelated revision bookkeeping
ok 31 - file-journal: same-work recall survives dispatch, receipt and unrelated revision bookkeeping
  ---
  duration_ms: 256.842167
  type: 'test'
  ...
# Subtest: file-journal: cross-work memory copy keeps custody across a goal change and blocks a prepared result after source deletion
ok 32 - file-journal: cross-work memory copy keeps custody across a goal change and blocks a prepared result after source deletion
  ---
  duration_ms: 732.760167
  type: 'test'
  ...
# Subtest: file-journal: source deletion after a cross-goal copied memory cancels a reserved effect before invocation
ok 33 - file-journal: source deletion after a cross-goal copied memory cancels a reserved effect before invocation
  ---
  duration_ms: 445.197709
  type: 'test'
  ...
# Subtest: file-journal: stored model input contains recalled bodies while hiding internal custody metadata
ok 34 - file-journal: stored model input contains recalled bodies while hiding internal custody metadata
  ---
  duration_ms: 546.973208
  type: 'test'
  ...
# Subtest: file-journal: reopening without a knowledge validator blocks retained originals and reserved effects
ok 35 - file-journal: reopening without a knowledge validator blocks retained originals and reserved effects
  ---
  duration_ms: 453.552292
  type: 'test'
  ...
# Subtest: file-journal: deleting another work's source while adopt commit waits quarantines the copied evidence before return
ok 36 - file-journal: deleting another work's source while adopt commit waits quarantines the copied evidence before return
  ---
  duration_ms: 378.837125
  type: 'test'
  ...
# Subtest: knowledge exact lookup precedes index, Korean/English and conditional search use current sources (sqlite)
ok 37 - knowledge exact lookup precedes index, Korean/English and conditional search use current sources (sqlite)
  ---
  duration_ms: 26.342542
  type: 'test'
  ...
# Subtest: knowledge exact lookup precedes index, Korean/English and conditional search use current sources (file-journal)
ok 38 - knowledge exact lookup precedes index, Korean/English and conditional search use current sources (file-journal)
  ---
  duration_ms: 57.363291
  type: 'test'
  ...
# Subtest: private memory needs explicit submission and another reviewer of the exact content revision
ok 39 - private memory needs explicit submission and another reviewer of the exact content revision
  ---
  duration_ms: 16.0635
  type: 'test'
  ...
# Subtest: source retracted prevents direct, cached lexical and dependency reuse
ok 40 - source retracted prevents direct, cached lexical and dependency reuse
  ---
  duration_ms: 9.224458
  type: 'test'
  ...
# Subtest: source restricted prevents direct, cached lexical and dependency reuse
ok 41 - source restricted prevents direct, cached lexical and dependency reuse
  ---
  duration_ms: 8.672167
  type: 'test'
  ...
# Subtest: source deleted prevents direct, cached lexical and dependency reuse
ok 42 - source deleted prevents direct, cached lexical and dependency reuse
  ---
  duration_ms: 7.869875
  type: 'test'
  ...
# Subtest: source corrected prevents direct, cached lexical and dependency reuse
ok 43 - source corrected prevents direct, cached lexical and dependency reuse
  ---
  duration_ms: 8.209458
  type: 'test'
  ...
# Subtest: source policy prevents direct, cached lexical and dependency reuse
ok 44 - source policy prevents direct, cached lexical and dependency reuse
  ---
  duration_ms: 7.418208
  type: 'test'
  ...
# Subtest: source generation prevents direct, cached lexical and dependency reuse
ok 45 - source generation prevents direct, cached lexical and dependency reuse
  ---
  duration_ms: 8.887375
  type: 'test'
  ...
# Subtest: ancestor changes and derived memories retain source identity without inflating independent provenance
ok 46 - ancestor changes and derived memories retain source identity without inflating independent provenance
  ---
  duration_ms: 8.6225
  type: 'test'
  ...
# Subtest: review CAS prevents a reviewed draft from being silently replaced or shared after editing
ok 47 - review CAS prevents a reviewed draft from being silently replaced or shared after editing
  ---
  duration_ms: 4.751583
  type: 'test'
  ...
# Subtest: source or actor changes while source reads wait cannot return stale memory content
ok 48 - source or actor changes while source reads wait cannot return stale memory content
  ---
  duration_ms: 5.691125
  type: 'test'
  ...
# Subtest: a delayed candidate cache fill rechecks namespace authority before returning cards or counts
ok 49 - a delayed candidate cache fill rechecks namespace authority before returning cards or counts
  ---
  duration_ms: 4.212167
  type: 'test'
  ...
# Subtest: index errors remain distinct from absence and rebuild never resurrects deleted or expired content
ok 50 - index errors remain distinct from absence and rebuild never resurrects deleted or expired content
  ---
  duration_ms: 8.761667
  type: 'test'
  ...
# Subtest: SQLite reopen retains memory, review, cursor and receipts; competing writers use revision CAS
ok 51 - SQLite reopen retains memory, review, cursor and receipts; competing writers use revision CAS
  ---
  duration_ms: 8.021
  type: 'test'
  ...
# Subtest: source and knowledge stores close and reopen with reviewed memory and index intact
ok 52 - source and knowledge stores close and reopen with reviewed memory and index intact
  ---
  duration_ms: 7.596333
  type: 'test'
  ...
# Subtest: bounded results report truncation only after current visibility filtering
ok 53 - bounded results report truncation only after current visibility filtering
  ---
  duration_ms: 7.297958
  type: 'test'
  ...
# Subtest: deletion while a repeated source check waits is noticed before returning the memory card
ok 54 - deletion while a repeated source check waits is noticed before returning the memory card
  ---
  duration_ms: 4.997834
  type: 'test'
  ...
# Subtest: source deletion after the second source snapshot cannot return its old card
ok 55 - source deletion after the second source snapshot cannot return its old card
  ---
  duration_ms: 5.266709
  type: 'test'
  ...
# Subtest: batch dependency fences notice an earlier card source changing while a later card is checked
ok 56 - batch dependency fences notice an earlier card source changing while a later card is checked
  ---
  duration_ms: 8.146084
  type: 'test'
  ...
# Subtest: retracted memory can subsequently be deleted while preserving the revision and idempotency rules
ok 57 - retracted memory can subsequently be deleted while preserving the revision and idempotency rules
  ---
  duration_ms: 5.750917
  type: 'test'
  ...
# Subtest: a pruned limited search stays partial when an unread matching candidate remains
ok 58 - a pruned limited search stays partial when an unread matching candidate remains
  ---
  duration_ms: 7.982708
  type: 'test'
  ...
# Subtest: unrelated work revisions preserve semantic dependencies while changed source content does not
ok 59 - unrelated work revisions preserve semantic dependencies while changed source content does not
  ---
  duration_ms: 6.523916
  type: 'test'
  ...
# Subtest: dependency contracts reject forged fields, unsafe revisions, malformed hashes and duplicate references
ok 60 - dependency contracts reject forged fields, unsafe revisions, malformed hashes and duplicate references
  ---
  duration_ms: 5.057625
  type: 'test'
  ...
# Subtest: continuously changing coherent-read revisions stop after a bounded number of fences
ok 61 - continuously changing coherent-read revisions stop after a bounded number of fences
  ---
  duration_ms: 6.2985
  type: 'test'
  ...
# Subtest: sqlite: accepted work, request replay, and queries stay separate from fixture execution
ok 62 - sqlite: accepted work, request replay, and queries stay separate from fixture execution
  ---
  duration_ms: 163.006125
  type: 'test'
  ...
# Subtest: sqlite: document question is atomic, actionable, and does not interpret reply text
ok 63 - sqlite: document question is atomic, actionable, and does not interpret reply text
  ---
  duration_ms: 158.452583
  type: 'test'
  ...
# Subtest: sqlite: current ownership, route, and disclosure gates apply to reads and mutations
ok 64 - sqlite: current ownership, route, and disclosure gates apply to reads and mutations
  ---
  duration_ms: 27.752416
  type: 'test'
  ...
# Subtest: sqlite: web attachment observes an existing CLI primary without re-sending or changing it
ok 65 - sqlite: web attachment observes an existing CLI primary without re-sending or changing it
  ---
  duration_ms: 110.945666
  type: 'test'
  ...
# Subtest: sqlite: goal and mode commands preserve optimistic revisions and durable idempotency
ok 66 - sqlite: goal and mode commands preserve optimistic revisions and durable idempotency
  ---
  duration_ms: 121.850833
  type: 'test'
  ...
# Subtest: sqlite: pause does not wait behind an active run and a replay cannot start another run
ok 67 - sqlite: pause does not wait behind an active run and a replay cannot start another run
  ---
  duration_ms: 128.38125
  type: 'test'
  ...
# Subtest: sqlite: cancel does not wait behind an active run and a replay cannot start another run
ok 68 - sqlite: cancel does not wait behind an active run and a replay cannot start another run
  ---
  duration_ms: 54.694583
  type: 'test'
  ...
# Subtest: sqlite: an unfinished durable run is not repeated by the same request after restart
ok 69 - sqlite: an unfinished durable run is not repeated by the same request after restart
  ---
  duration_ms: 123.334125
  type: 'test'
  ...
# Subtest: sqlite: a goal changed while the old run intent is acknowledged never receives that run's plan
ok 70 - sqlite: a goal changed while the old run intent is acknowledged never receives that run's plan
  ---
  duration_ms: 108.218083
  type: 'test'
  ...
# Subtest: sqlite: workflow entry rejects a stale pinned goal before recovery or execution
ok 71 - sqlite: workflow entry rejects a stale pinned goal before recovery or execution
  ---
  duration_ms: 27.558459
  type: 'test'
  ...
# Subtest: sqlite: paged lists recheck every returned card and omit a card revoked while another is read
ok 72 - sqlite: paged lists recheck every returned card and omit a card revoked while another is read
  ---
  duration_ms: 95.2275
  type: 'test'
  ...
# Subtest: sqlite: at most four distinct works execute concurrently and draining admits no new mutations
ok 73 - sqlite: at most four distinct works execute concurrently and draining admits no new mutations
  ---
  duration_ms: 260.924334
  type: 'test'
  ...
# Subtest: file-journal: accepted work, request replay, and queries stay separate from fixture execution
ok 74 - file-journal: accepted work, request replay, and queries stay separate from fixture execution
  ---
  duration_ms: 491.280917
  type: 'test'
  ...
# Subtest: file-journal: document question is atomic, actionable, and does not interpret reply text
ok 75 - file-journal: document question is atomic, actionable, and does not interpret reply text
  ---
  duration_ms: 532.84925
  type: 'test'
  ...
# Subtest: file-journal: current ownership, route, and disclosure gates apply to reads and mutations
ok 76 - file-journal: current ownership, route, and disclosure gates apply to reads and mutations
  ---
  duration_ms: 183.881125
  type: 'test'
  ...
# Subtest: file-journal: web attachment observes an existing CLI primary without re-sending or changing it
ok 77 - file-journal: web attachment observes an existing CLI primary without re-sending or changing it
  ---
  duration_ms: 593.795792
  type: 'test'
  ...
# Subtest: file-journal: goal and mode commands preserve optimistic revisions and durable idempotency
ok 78 - file-journal: goal and mode commands preserve optimistic revisions and durable idempotency
  ---
  duration_ms: 409.525166
  type: 'test'
  ...
# Subtest: file-journal: pause does not wait behind an active run and a replay cannot start another run
ok 79 - file-journal: pause does not wait behind an active run and a replay cannot start another run
  ---
  duration_ms: 445.073584
  type: 'test'
  ...
# Subtest: file-journal: cancel does not wait behind an active run and a replay cannot start another run
ok 80 - file-journal: cancel does not wait behind an active run and a replay cannot start another run
  ---
  duration_ms: 170.921125
  type: 'test'
  ...
# Subtest: file-journal: an unfinished durable run is not repeated by the same request after restart
ok 81 - file-journal: an unfinished durable run is not repeated by the same request after restart
  ---
  duration_ms: 367.836958
  type: 'test'
  ...
# Subtest: file-journal: a goal changed while the old run intent is acknowledged never receives that run's plan
ok 82 - file-journal: a goal changed while the old run intent is acknowledged never receives that run's plan
  ---
  duration_ms: 395.42175
  type: 'test'
  ...
# Subtest: file-journal: workflow entry rejects a stale pinned goal before recovery or execution
ok 83 - file-journal: workflow entry rejects a stale pinned goal before recovery or execution
  ---
  duration_ms: 95.59975
  type: 'test'
  ...
# Subtest: file-journal: paged lists recheck every returned card and omit a card revoked while another is read
ok 84 - file-journal: paged lists recheck every returned card and omit a card revoked while another is read
  ---
  duration_ms: 1250.981959
  type: 'test'
  ...
# Subtest: file-journal: at most four distinct works execute concurrently and draining admits no new mutations
ok 85 - file-journal: at most four distinct works execute concurrently and draining admits no new mutations
  ---
  duration_ms: 1224.947292
  type: 'test'
  ...
# Subtest: sqlite: trusted permission restoration plus explicit CLI resume completes the original stored collection exactly once
ok 86 - sqlite: trusted permission restoration plus explicit CLI resume completes the original stored collection exactly once
  ---
  duration_ms: 3713.378417
  type: 'test'
  ...
# {"backend":"sqlite","workId":"work-3b2d9ed951e0c088174708af2773d1e7fff639209d62daac7ea6eeacead76ae4","localStdioCalls":1,"successorTransportCalls":0,"originalUsageRecords":1,"deterministicTurns":2,"resultEntries":1,"duplicateResumeCreated":false}
# Subtest: file-journal: trusted permission restoration plus explicit CLI resume completes the original stored collection exactly once
ok 87 - file-journal: trusted permission restoration plus explicit CLI resume completes the original stored collection exactly once
  ---
  duration_ms: 7101.154333
  type: 'test'
  ...
# {"backend":"file-journal","workId":"work-a9496c37f7c0b0bd112bde79cc4d198a65fb6c902a265ab4663e4243ee7d0b06","localStdioCalls":1,"successorTransportCalls":0,"originalUsageRecords":1,"deterministicTurns":2,"resultEntries":1,"duplicateResumeCreated":false}
# Subtest: sqlite: Web draft explicit apply preserves source and receipt across stale work view, forget and reopen
ok 88 - sqlite: Web draft explicit apply preserves source and receipt across stale work view, forget and reopen
  ---
  duration_ms: 3629.894417
  type: 'test'
  ...
# Subtest: file-journal: Web draft explicit apply preserves source and receipt across stale work view, forget and reopen
ok 89 - file-journal: Web draft explicit apply preserves source and receipt across stale work view, forget and reopen
  ---
  duration_ms: 3926.339167
  type: 'test'
  ...
# Subtest: Web resumes a prepared apply ID after input failure using saved content, not later editor bytes
ok 90 - Web resumes a prepared apply ID after input failure using saved content, not later editor bytes
  ---
  duration_ms: 826.537333
  type: 'test'
  ...
# Subtest: Web unchanged draft records its status without a new user message or memory revision
ok 91 - Web unchanged draft records its status without a new user message or memory revision
  ---
  duration_ms: 543.809875
  type: 'test'
  ...
# Subtest: Web draft apply, status and resume reject another selected session and read-only mutations
ok 92 - Web draft apply, status and resume reject another selected session and read-only mutations
  ---
  duration_ms: 672.508792
  type: 'test'
  ...
# Subtest: Web draft transport rejects arbitrary paths and identities before accessing draft files
ok 93 - Web draft transport rejects arbitrary paths and identities before accessing draft files
  ---
  duration_ms: 345.425875
  type: 'test'
  ...
# Subtest: default SQLite profile advertises no document drafts and refuses draft creation
ok 94 - default SQLite profile advertises no document drafts and refuses draft creation
  ---
  duration_ms: 185.451
  type: 'test'
  ...
# Subtest: draft completion text describes its recorded revision without claiming it is the current active memory
ok 95 - draft completion text describes its recorded revision without claiming it is the current active memory
  ---
  duration_ms: 0.243083
  type: 'test'
  ...
# Subtest: personal memory reuses applied original and survives restart without copying conversation (sqlite)
ok 96 - personal memory reuses applied original and survives restart without copying conversation (sqlite)
  ---
  duration_ms: 300.222459
  type: 'test'
  ...
# Subtest: personal memory reuses applied original and survives restart without copying conversation (file-journal)
ok 97 - personal memory reuses applied original and survives restart without copying conversation (file-journal)
  ---
  duration_ms: 306.800417
  type: 'test'
  ...
# Subtest: personal correction uses a new applied original and invalidates the old dependency
ok 98 - personal correction uses a new applied original and invalidates the old dependency
  ---
  duration_ms: 196.104625
  type: 'test'
  ...
# Subtest: forget removes active body and quote, preserves originals and never revives an old create
ok 99 - forget removes active body and quote, preserves originals and never revives an old create
  ---
  duration_ms: 251.751708
  type: 'test'
  ...
# Subtest: personal source never becomes shareable Evidence or a derived work-knowledge fact
ok 100 - personal source never becomes shareable Evidence or a derived work-knowledge fact
  ---
  duration_ms: 183.346542
  type: 'test'
  ...
# Subtest: current user-source labels prevents cached read and dependency reuse
ok 101 - current user-source labels prevents cached read and dependency reuse
  ---
  duration_ms: 203.223833
  type: 'test'
  ...
# Subtest: current user-source scope prevents cached read and dependency reuse
ok 102 - current user-source scope prevents cached read and dependency reuse
  ---
  duration_ms: 200.665375
  type: 'test'
  ...
# Subtest: current user-source destination prevents cached read and dependency reuse
ok 103 - current user-source destination prevents cached read and dependency reuse
  ---
  duration_ms: 197.65075
  type: 'test'
  ...
# Subtest: current user-source principal prevents cached read and dependency reuse
ok 104 - current user-source principal prevents cached read and dependency reuse
  ---
  duration_ms: 194.127791
  type: 'test'
  ...
# Subtest: current user-source tenant prevents cached read and dependency reuse
ok 105 - current user-source tenant prevents cached read and dependency reuse
  ---
  duration_ms: 195.895084
  type: 'test'
  ...
# Subtest: current user-source generation prevents cached read and dependency reuse
ok 106 - current user-source generation prevents cached read and dependency reuse
  ---
  duration_ms: 201.202
  type: 'test'
  ...
# Subtest: host caller restrictions reach the actual reader and do not prevent authorized forgetting
ok 107 - host caller restrictions reach the actual reader and do not prevent authorized forgetting
  ---
  duration_ms: 184.018375
  type: 'test'
  ...
# Subtest: personal coherent lookup sqlite: three complete snapshots preserve originals and independent revalidation after reopen
ok 108 - personal coherent lookup sqlite: three complete snapshots preserve originals and independent revalidation after reopen
  ---
  duration_ms: 277.606583
  type: 'test'
  ...
# {"personalMemory":"sqlite","reopened":false,"lookupRecordReads":3,"independentValidationRecordReads":3,"measurement":"Actual repository get calls for one original personal record; not HTTP latency or physical disk I/O."}
# {"personalMemory":"sqlite","reopened":true,"lookupRecordReads":3,"independentValidationRecordReads":3,"measurement":"Actual repository get calls for one original personal record; not HTTP latency or physical disk I/O."}
# Subtest: personal coherent lookup documents: three complete snapshots preserve originals and independent revalidation after reopen
ok 109 - personal coherent lookup documents: three complete snapshots preserve originals and independent revalidation after reopen
  ---
  duration_ms: 619.965584
  type: 'test'
  ...
# {"personalMemory":"documents","reopened":false,"lookupRecordReads":3,"independentValidationRecordReads":3,"measurement":"Actual repository get calls for one original personal record; not HTTP latency or physical disk I/O."}
# {"personalMemory":"documents","reopened":true,"lookupRecordReads":3,"independentValidationRecordReads":3,"measurement":"Actual repository get calls for one original personal record; not HTTP latency or physical disk I/O."}
# Subtest: personal coherent lookup: source withdrawal during the second snapshot cannot return the earlier original
ok 110 - personal coherent lookup: source withdrawal during the second snapshot cannot return the earlier original
  ---
  duration_ms: 394.523791
  type: 'test'
  ...
# Subtest: personal coherent lookup: the final snapshot rechecks current actor authority without changing stored originals
ok 111 - personal coherent lookup: the final snapshot rechecks current actor authority without changing stored originals
  ---
  duration_ms: 169.7215
  type: 'test'
  ...
# Subtest: reviewer grants cannot expose another user personal record or command receipt
ok 112 - reviewer grants cannot expose another user personal record or command receipt
  ---
  duration_ms: 175.026917
  type: 'test'
  ...
# Subtest: personal original history boundary is checked against actual stored intake
ok 113 - personal original history boundary is checked against actual stored intake
  ---
  duration_ms: 182.198833
  type: 'test'
  ...
# Subtest: personal original receipt-digest boundary is checked against actual stored intake
ok 114 - personal original receipt-digest boundary is checked against actual stored intake
  ---
  duration_ms: 186.335875
  type: 'test'
  ...
# Subtest: personal original pending boundary is checked against actual stored intake
ok 115 - personal original pending boundary is checked against actual stored intake
  ---
  duration_ms: 203.784042
  type: 'test'
  ...
# Subtest: personal original rejected boundary is checked against actual stored intake
ok 116 - personal original rejected boundary is checked against actual stored intake
  ---
  duration_ms: 176.8005
  type: 'test'
  ...
# Subtest: personal original missing boundary is checked against actual stored intake
ok 117 - personal original missing boundary is checked against actual stored intake
  ---
  duration_ms: 178.82775
  type: 'test'
  ...
# Subtest: fabricated or assistant text cannot be an explicit user-memory source
ok 118 - fabricated or assistant text cannot be an explicit user-memory source
  ---
  duration_ms: 189.151792
  type: 'test'
  ...
# Subtest: commit response loss resumes from scoped receipt with one personal revision
ok 119 - commit response loss resumes from scoped receipt with one personal revision
  ---
  duration_ms: 194.806292
  type: 'test'
  ...
# Subtest: user-source inspection does not inherit unrelated model inputs or form a work-memory cycle
ok 120 - user-source inspection does not inherit unrelated model inputs or form a work-memory cycle
  ---
  duration_ms: 203.973916
  type: 'test'
  ...
# Subtest: recorded derived-copy quarantine does not revoke the new user correction it will consume
ok 121 - recorded derived-copy quarantine does not revoke the new user correction it will consume
  ---
  duration_ms: 199.843833
  type: 'test'
  ...
# Subtest: sqlite: actual memory tools recall personal cards across work scopes without accepting caller ownership
ok 122 - sqlite: actual memory tools recall personal cards across work scopes without accepting caller ownership
  ---
  duration_ms: 223.619125
  type: 'test'
  ...
# Subtest: documents: actual memory tools recall personal cards across work scopes without accepting caller ownership
ok 123 - documents: actual memory tools recall personal cards across work scopes without accepting caller ownership
  ---
  duration_ms: 749.756083
  type: 'test'
  ...
# Subtest: sqlite/sqlite: explicit personal recall reaches the real packet, frame and reopened resume without copying the old session
ok 124 - sqlite/sqlite: explicit personal recall reaches the real packet, frame and reopened resume without copying the old session
  ---
  duration_ms: 489.55025
  type: 'test'
  ...
# Subtest: sqlite/documents: explicit personal recall reaches the real packet, frame and reopened resume without copying the old session
ok 125 - sqlite/documents: explicit personal recall reaches the real packet, frame and reopened resume without copying the old session
  ---
  duration_ms: 2520.357708
  type: 'test'
  ...
# Subtest: file-journal/sqlite: explicit personal recall reaches the real packet, frame and reopened resume without copying the old session
ok 126 - file-journal/sqlite: explicit personal recall reaches the real packet, frame and reopened resume without copying the old session
  ---
  duration_ms: 564.489792
  type: 'test'
  ...
# Subtest: file-journal/documents: explicit personal recall reaches the real packet, frame and reopened resume without copying the old session
ok 127 - file-journal/documents: explicit personal recall reaches the real packet, frame and reopened resume without copying the old session
  ---
  duration_ms: 2758.325458
  type: 'test'
  ...
# Subtest: omitted, forged or unavailable personal context cannot stage or validate a selected work frame
ok 128 - omitted, forged or unavailable personal context cannot stage or validate a selected work frame
  ---
  duration_ms: 278.921291
  type: 'test'
  ...
# Subtest: selection is idempotent and refuses a same-goal newer input, foreign owner, and a cancelled work
ok 129 - selection is idempotent and refuses a same-goal newer input, foreign owner, and a cancelled work
  ---
  duration_ms: 199.236458
  type: 'test'
  ...
# Subtest: sqlite: forgetting during a real delayed synthetic model call rejects the reply while preserving reported usage
ok 130 - sqlite: forgetting during a real delayed synthetic model call rejects the reply while preserving reported usage
  ---
  duration_ms: 369.958167
  type: 'test'
  ...
# Subtest: documents: forgetting during a real delayed synthetic model call rejects the reply while preserving reported usage
ok 131 - documents: forgetting during a real delayed synthetic model call rejects the reply while preserving reported usage
  ---
  duration_ms: 1982.514583
  type: 'test'
  ...
# Subtest: a changed revision invalidates an existing frame and the replacement needs a fresh explicit selection
ok 132 - a changed revision invalidates an existing frame and the replacement needs a fresh explicit selection
  ---
  duration_ms: 343.372292
  type: 'test'
  ...
# Subtest: clear preserves a pre-existing work-memory quarantine review and its completion gate
ok 133 - clear preserves a pre-existing work-memory quarantine review and its completion gate
  ---
  duration_ms: 177.09725
  type: 'test'
  ...
# Subtest: recall preserves a pre-existing work-memory quarantine review and its completion gate
ok 134 - recall preserves a pre-existing work-memory quarantine review and its completion gate
  ---
  duration_ms: 199.72025
  type: 'test'
  ...
# Subtest: replacing a selection waives only its newly created quarantine review
ok 135 - replacing a selection waives only its newly created quarantine review
  ---
  duration_ms: 218.088375
  type: 'test'
  ...
# Subtest: draft flow sqlite: editor rename applies one source and revision, invalidates selected memory and survives reopen
ok 136 - draft flow sqlite: editor rename applies one source and revision, invalidates selected memory and survives reopen
  ---
  duration_ms: 2305.526958
  type: 'test'
  ...
# Subtest: draft flow file-journal: editor rename applies one source and revision, invalidates selected memory and survives reopen
ok 137 - draft flow file-journal: editor rename applies one source and revision, invalidates selected memory and survives reopen
  ---
  duration_ms: 2411.493708
  type: 'test'
  ...
# Subtest: draft no-change and read-only status create no new raw input or memory revision
ok 138 - draft no-change and read-only status create no new raw input or memory revision
  ---
  duration_ms: 546.658667
  type: 'test'
  ...
# Subtest: draft past result remains revision two after a later revision and forget; resume ignores edited or missing draft
ok 139 - draft past result remains revision two after a later revision and forget; resume ignores edited or missing draft
  ---
  duration_ms: 955.951167
  type: 'test'
  ...
# Subtest: draft stale target, read-only actor and other owner are refused before a source input is created
ok 140 - draft stale target, read-only actor and other owner are refused before a source input is created
  ---
  duration_ms: 504.292708
  type: 'test'
  ...
# Subtest: draft source applied before a competing memory revision remains an explicit partial result
ok 141 - draft source applied before a competing memory revision remains an explicit partial result
  ---
  duration_ms: 692.875125
  type: 'test'
  ...
# Subtest: a stale absent-operation observation joins the exact apply completed by another profile
ok 142 - a stale absent-operation observation joins the exact apply completed by another profile
  ---
  duration_ms: 732.90775
  type: 'test'
  ...
# Subtest: real source snapshot contention at preflight converges on the same apply receipt
ok 143 - real source snapshot contention at preflight converges on the same apply receipt
  ---
  duration_ms: 791.528333
  type: 'test'
  ...
# Subtest: real source snapshot contention at after-intent converges on the same apply receipt
ok 144 - real source snapshot contention at after-intent converges on the same apply receipt
  ---
  duration_ms: 743.5205
  type: 'test'
  ...
# Subtest: contention reported after the real memory commit rechecks the original receipt without another revision
ok 145 - contention reported after the real memory commit rechecks the original receipt without another revision
  ---
  duration_ms: 663.909916
  type: 'test'
  ...
# Subtest: persistent knowledge contention is bounded and does not publish source input
ok 146 - persistent knowledge contention is bounded and does not publish source input
  ---
  duration_ms: 387.857167
  type: 'test'
  ...
# Subtest: sqlite: Web personal memory crosses a completed work and restart, with explicit current-version recall and forget
ok 147 - sqlite: Web personal memory crosses a completed work and restart, with explicit current-version recall and forget
  ---
  duration_ms: 854.393583
  type: 'test'
  ...
# Subtest: file-journal: Web personal memory crosses a completed work and restart, with explicit current-version recall and forget
ok 148 - file-journal: Web personal memory crosses a completed work and restart, with explicit current-version recall and forget
  ---
  duration_ms: 1347.300084
  type: 'test'
  ...
# Subtest: installed CLI records a real source and uses explicit memory revision, then clears and forgets after restart
ok 149 - installed CLI records a real source and uses explicit memory revision, then clears and forgets after restart
  ---
  duration_ms: 4391.640625
  type: 'test'
  ...
# Subtest: new-input remember retries reuse the applied user message after a memory failure and after response loss
ok 150 - new-input remember retries reuse the applied user message after a memory failure and after response loss
  ---
  duration_ms: 201.67275
  type: 'test'
  ...
# Subtest: surface authority rejects other users, labels, destinations and session work selection while same-owner memory remains cross-session
ok 151 - surface authority rejects other users, labels, destinations and session work selection while same-owner memory remains cross-session
  ---
  duration_ms: 363.518375
  type: 'test'
  ...
# Subtest: Web memory mutations preserve CSRF and strict owner-free schemas, reject stale work input and do not append operation notices
ok 152 - Web memory mutations preserve CSRF and strict owner-free schemas, reject stale work input and do not append operation notices
  ---
  duration_ms: 217.551291
  type: 'test'
  ...
# Subtest: legacy synthetic directory exposes no personal-memory service and does not reinterpret old knowledge
ok 153 - legacy synthetic directory exposes no personal-memory service and does not reinterpret old knowledge
  ---
  duration_ms: 86.217042
  type: 'test'
  ...
# Subtest: memory source controls reject assistant text, invented quotes and unbound new input without creating memory
ok 154 - memory source controls reject assistant text, invented quotes and unbound new input without creating memory
  ---
  duration_ms: 197.931833
  type: 'test'
  ...
# Subtest: web session is one-time, per-instance, HttpOnly; reload and static reads never execute
ok 155 - web session is one-time, per-instance, HttpOnly; reload and static reads never execute
  ---
  duration_ms: 29.061875
  type: 'test'
  ...
# Subtest: web Host, Origin, Fetch Metadata, CSRF and strict JSON reject before controller entry
ok 156 - web Host, Origin, Fetch Metadata, CSRF and strict JSON reject before controller entry
  ---
  duration_ms: 12.7235
  type: 'test'
  ...
# Subtest: web exact assets, methods and cursor options do not expose files or internal errors
ok 157 - web exact assets, methods and cursor options do not expose files or internal errors
  ---
  duration_ms: 15.156375
  type: 'test'
  ...
# Subtest: web session expiry during body blocks mutation entry, logout blocks late view payload
ok 158 - web session expiry during body blocks mutation entry, logout blocks late view payload
  ---
  duration_ms: 26.358958
  type: 'test'
  ...
# Subtest: web bootstrap expires and authenticated request rate has a finite window
ok 159 - web bootstrap expires and authenticated request rate has a finite window
  ---
  duration_ms: 359.996166
  type: 'test'
  ...
# Subtest: web SSE emits projection changes at same revision, reconnect is readonly, denial closes
ok 160 - web SSE emits projection changes at same revision, reconnect is readonly, denial closes
  ---
  duration_ms: 3040.29425
  type: 'test'
  ...
# Subtest: web SSE session revocation, stream cap and lifetime release resources
ok 161 - web SSE session revocation, stream cap and lifetime release resources
  ---
  duration_ms: 37.525291
  type: 'test'
  ...
# Subtest: closed SSE keeps physical read slots until completion; reconnect cannot create unbounded reads
ok 162 - closed SSE keeps physical read slots until completion; reconnect cannot create unbounded reads
  ---
  duration_ms: 387.722125
  type: 'test'
  ...
# Subtest: web pending run permits independent cancel and disconnect does not call cancel
ok 163 - web pending run permits independent cancel and disconnect does not call cancel
  ---
  duration_ms: 17.089333
  type: 'test'
  ...
1..163
# tests 163
# suites 0
# pass 163
# fail 0
# cancelled 0
# skipped 0
# todo 0
# duration_ms 74518.854208
