{"provider":"registered","modelInfo":{"selection":"registered","profileName":"write-computer-entry","identity":{"provider":"local-fixture","model":"write-computer-entry","revision":"1"},"compact":false,"execution":"deterministic_fixture"},"notice":"등록 모델의 로컬 전송 대역 시험입니다. 정해진 시험 문구만 처리하며 실제 모델/API는 호출하지 않습니다.","sessionId":"476a036e-3877-4d26-a43e-f336d35cf66e","workId":"work-18afd0b82e07491a13b59a134ac8f0f1a2373e3c90e724834e8760b244c2135d","snapshot":{"workId":"work-18afd0b82e07491a13b59a134ac8f0f1a2373e3c90e724834e8760b244c2135d","goalRevision":1,"revision":22,"status":"blocked","reason":"no_progress_limit","execution":{"revision":1,"requestedMode":"auto","strategy":"direct","pending":null,"lastReason":"mode_auto","limits":{"toolCalls":10,"modelCalls":8,"tokens":1000000,"replans":4,"wallTimeMs":600000},"remaining":{"toolCalls":9,"modelCalls":6,"tokens":999440,"replans":3},"reserved":{"toolCalls":0,"modelCalls":0,"tokens":0},"deadlineAt":1788821804149,"retryWakeAt":null,"activeModels":0,"progress":{"consecutiveUnproductive":3,"productiveSteps":0,"unproductiveSteps":3,"saturated":false},"unmetCriteria":[]},"analysisReady":false,"resultReady":false,"resultDelivery":"not_prepared","pendingQuestions":[],"activeAttempts":0,"unresolvedEffects":0,"unresolvedDeliveries":0,"usage":{"toolCalls":1,"modelCalls":2,"tokens":560,"replans":1,"unmeasuredModelCalls":0},"conversationIds":["terminal"]},"messages":[{"id":"ack","kind":"ack","text":"[work-18afd0b82e07491a13b59a134ac8f0f1a2373e3c90e724834e8760b244c2135d] 요청을 접수했습니다."}],"accepted":true,"run":{"control":{"kind":"blocked","reason":"no_progress_limit"},"steps":10,"reason":"no_progress_limit","stateRevision":22,"goalRevision":1,"checkpoint":{"id":"7e4ae7596a0d0b59eb736b0ec5c9971723aa9440d3fa63591680595deeb872a8","sha256":"9ab1af8f6646ba5d4a6b5329458dc50c8b6dba977a2f9a86daa275c19f11e3cc","byteLength":14805,"mediaType":"application/json","tenantId":"company","labels":["public"]},"resumeDisposition":"created"}}
{
  "inputs": [
    {
      "purpose": "respond",
      "feedback": [],
      "observations": [],
      "evidence": [],
      "execution": {
        "budget": {
          "limits": {
            "toolCalls": 10,
            "modelCalls": 8,
            "tokens": 1000000,
            "replans": 4,
            "wallTimeMs": 600000
          },
          "used": {
            "toolCalls": 0,
            "modelCalls": 0,
            "tokens": 0,
            "replans": 0,
            "unmeasuredModelCalls": 0
          },
          "reservedToolCalls": 0,
          "reservedModelCalls": 0,
          "reservedTokens": 0
        },
        "deadlineAt": 1788821804149,
        "attempts": [],
        "hypothesisAssessment": null,
        "control": {
          "revision": 1,
          "requestedMode": "auto",
          "strategy": "direct",
          "policy": {
            "version": "local-v1",
            "fast": {
              "toolCalls": 2,
              "modelCalls": 2,
              "replans": 0,
              "maxPendingTasks": 1,
              "maxHypotheses": 0
            }
          },
          "pending": null,
          "lastReason": "mode_auto"
        }
      }
    },
    {
      "purpose": "respond",
      "feedback": [],
      "observations": [
        {
          "attemptId": "attempt-3024099d-2af1-4587-aef5-63ea9801ed51",
          "taskId": "observe-note",
          "toolId": "company.ui.observe",
          "toolVersion": "1",
          "inputDigest": "e6b62c84474076e9d95409c7525955109769fb5517cb7c5e2e4d711119d33ae8",
          "resultId": "attempt-3024099d-2af1-4587-aef5-63ea9801ed51:computer-observation",
          "resultArtifact": {
            "id": "0117e635b7d8d04d6258fde66bab093b46705bd0a9c88c56d01ef721ec304286",
            "sha256": "6cf2cd7ec745f27959a9ebdf1f64f9a128367331852b7764be81303da680eff7",
            "byteLength": 1473,
            "mediaType": "application/json",
            "tenantId": "company",
            "labels": [
              "public"
            ]
          },
          "sourceContracts": [
            {
              "id": "company.ui.observe",
              "version": "1",
              "digest": "bb1066d0815e9832a6a06ba66ecd4cd971a665487311bb3987655ebe0ba890ec"
            }
          ],
          "status": "success",
          "coverage": "complete",
          "representation": "full",
          "input": {},
          "output": {
            "kind": "computer_observation",
            "sessionId": "synthetic-document",
            "driver": {
              "id": "synthetic-document-app",
              "version": "2"
            },
            "observationId": "49400a2b684879e84fa0b755f7d0a654e26f28aed0e88443790f072d064faa77",
            "view": {
              "sessionId": "synthetic-document",
              "epoch": 135077098202238,
              "surfaceId": "synthetic-document-window",
              "revision": 0,
              "focusRevision": 0,
              "observedAt": 1788821204109,
              "elements": [
                {
                  "ref": "e135077098202238-0-0",
                  "role": "textbox",
                  "name": "Query",
                  "value": "",
                  "visible": true,
                  "enabled": true
                },
                {
                  "ref": "e135077098202238-0-1",
                  "role": "button",
                  "name": "Search",
                  "value": null,
                  "visible": true,
                  "enabled": true
                },
                {
                  "ref": "e135077098202238-0-2",
                  "role": "textbox",
                  "name": "Note",
                  "value": "",
                  "visible": true,
                  "enabled": true
                },
                {
                  "ref": "e135077098202238-0-3",
                  "role": "button",
                  "name": "Save",
                  "value": null,
                  "visible": true,
                  "enabled": true
                }
              ],
              "facts": {
                "resultsReady": false,
                "savedNote": "",
                "saveCount": 0
              },
              "partial": false,
              "omittedCount": 0
            }
          },
          "historical": true
        }
      ],
      "evidence": [],
      "execution": {
        "budget": {
          "limits": {
            "toolCalls": 10,
            "modelCalls": 8,
            "tokens": 1000000,
            "replans": 4,
            "wallTimeMs": 600000
          },
          "used": {
            "toolCalls": 1,
            "modelCalls": 1,
            "tokens": 280,
            "replans": 0,
            "unmeasuredModelCalls": 0
          },
          "reservedToolCalls": 0,
          "reservedModelCalls": 0,
          "reservedTokens": 0
        },
        "deadlineAt": 1788821804149,
        "attempts": [
          {
            "id": "attempt-3024099d-2af1-4587-aef5-63ea9801ed51",
            "taskId": "observe-note",
            "planRevision": 1,
            "goalRevision": 1,
            "toolId": "company.ui.observe",
            "toolVersion": "1",
            "inputDigest": "e6b62c84474076e9d95409c7525955109769fb5517cb7c5e2e4d711119d33ae8",
            "scope": "agent:bebd8866-c9e3-43da-bcfa-4a14b12dad41",
            "contractDigest": "bb1066d0815e9832a6a06ba66ecd4cd971a665487311bb3987655ebe0ba890ec",
            "execution": {
              "mode": "invoked",
              "implementationCalls": 1,
              "usage": {
                "transportCalls": 1,
                "internalOperations": 1,
                "imageBytes": 0,
                "waitMs": 0
              }
            },
            "effect": "read",
            "effectState": "none",
            "status": "succeeded",
            "owner": "agent-turn-worker-0e65007d-2510-4f58-8db6-40d6da17f0d7",
            "leaseUntil": 1788821234315,
            "startedAt": 1788821204315,
            "finishedAt": 1788821204359,
            "resultId": "attempt-3024099d-2af1-4587-aef5-63ea9801ed51:computer-observation",
            "resultArtifact": {
              "id": "0117e635b7d8d04d6258fde66bab093b46705bd0a9c88c56d01ef721ec304286",
              "sha256": "6cf2cd7ec745f27959a9ebdf1f64f9a128367331852b7764be81303da680eff7",
              "byteLength": 1473,
              "mediaType": "application/json",
              "tenantId": "company",
              "labels": [
                "public"
              ]
            },
            "adopted": true,
            "error": null
          }
        ],
        "hypothesisAssessment": {
          "goalRevision": 1,
          "evidenceIds": []
        },
        "control": {
          "revision": 1,
          "requestedMode": "auto",
          "strategy": "direct",
          "policy": {
            "version": "local-v1",
            "fast": {
              "toolCalls": 2,
              "modelCalls": 2,
              "replans": 0,
              "maxPendingTasks": 1,
              "maxHypotheses": 0
            }
          },
          "pending": null,
          "lastReason": "mode_auto"
        },
        "progress": {
          "consecutiveUnproductive": 2,
          "productiveSteps": 0,
          "unproductiveSteps": 2,
          "saturated": false
        }
      }
    }
  ],
  "driver": {
    "query": "",
    "note": "",
    "resultsReady": false,
    "savedNote": "",
    "saveCount": 0,
    "inputCount": 0,
    "sessionId": "synthetic-document",
    "epoch": 135077098202238,
    "surfaceId": "synthetic-document-window",
    "viewRevision": 0,
    "focusRevision": 0,
    "focused": true,
    "fence": 2,
    "owner": "available",
    "lease": null,
    "usage": {
      "transportCalls": 1,
      "internalOperations": 1,
      "imageBytes": 0,
      "waitMs": 0
    },
    "sessionCalls": {
      "acquire": 1,
      "release": 1
    },
    "invocations": [],
    "invocationsOmitted": 0,
    "elements": [
      {
        "ref": "e135077098202238-0-0",
        "role": "textbox",
        "name": "Query",
        "value": "",
        "visible": true,
        "enabled": true
      },
      {
        "ref": "e135077098202238-0-1",
        "role": "button",
        "name": "Search",
        "value": null,
        "visible": true,
        "enabled": true
      },
      {
        "ref": "e135077098202238-0-2",
        "role": "textbox",
        "name": "Note",
        "value": "",
        "visible": true,
        "enabled": true
      },
      {
        "ref": "e135077098202238-0-3",
        "role": "button",
        "name": "Save",
        "value": null,
        "visible": true,
        "enabled": true
      }
    ]
  }
}
