TAP version 13
# Subtest: sqlite: collection custody CLI resume blocks denied body access with a valid checkpoint and accounts once without retransmission
ok 1 - sqlite: collection custody CLI resume blocks denied body access with a valid checkpoint and accounts once without retransmission
  ---
  duration_ms: 2299.807291
  type: 'test'
  ...
# Subtest: sqlite: collection custody HTTP view is read-only and cancel keeps known usage and cancellation across reopen
ok 2 - sqlite: collection custody HTTP view is read-only and cancel keeps known usage and cancellation across reopen
  ---
  duration_ms: 980.218584
  type: 'test'
  ...
# Subtest: file-journal: collection custody CLI resume blocks denied body access with a valid checkpoint and accounts once without retransmission
ok 3 - file-journal: collection custody CLI resume blocks denied body access with a valid checkpoint and accounts once without retransmission
  ---
  duration_ms: 3536.04575
  type: 'test'
  ...
# Subtest: file-journal: collection custody HTTP view is read-only and cancel keeps known usage and cancellation across reopen
ok 4 - file-journal: collection custody HTTP view is read-only and cancel keeps known usage and cancellation across reopen
  ---
  duration_ms: 1374.858
  type: 'test'
  ...
# Subtest: stored collection permission gate blocks the denied terminal tip once without changing custody or accounting
ok 5 - stored collection permission gate blocks the denied terminal tip once without changing custody or accounting
  ---
  duration_ms: 222.854417
  type: 'test'
  ...
# Subtest: stored collection permission gate ignores an old plan, goal, scope or different current task input
ok 6 - stored collection permission gate ignores an old plan, goal, scope or different current task input
  ---
  duration_ms: 608.941125
  type: 'test'
  ...
# Subtest: stored collection permission gate does not block a superseded parent after its explicit successor has settled
ok 7 - stored collection permission gate does not block a superseded parent after its explicit successor has settled
  ---
  duration_ms: 292.172667
  type: 'test'
  ...
# Subtest: stored collection permission gate leaves an independent permitted task runnable
ok 8 - stored collection permission gate leaves an independent permitted task runnable
  ---
  duration_ms: 187.948
  type: 'test'
  ...
# Subtest: stored collection permission gate preserves explicit cancelled and paused work states
ok 9 - stored collection permission gate preserves explicit cancelled and paused work states
  ---
  duration_ms: 351.91375
  type: 'test'
  ...
# Subtest: stored collection permission gate rechecks restored policy and replaced registration before publication
ok 10 - stored collection permission gate rechecks restored policy and replaced registration before publication
  ---
  duration_ms: 401.663709
  type: 'test'
  ...
1..10
# tests 10
# suites 0
# pass 10
# fail 0
# cancelled 0
# skipped 0
# todo 0
# duration_ms 10534.374875
