TAP version 13
# Subtest: computer observation progress: a verified adopted view earns preparation without becoming evidence or completing criteria
ok 1 - computer observation progress: a verified adopted view earns preparation without becoming evidence or completing criteria
  ---
  duration_ms: 6.26175
  type: 'test'
  ...
# Subtest: computer observation progress: volatile observation metadata cannot renew credit and three unchanged views reach the default guard
ok 2 - computer observation progress: volatile observation metadata cannot renew credit and three unchanged views reach the default guard
  ---
  duration_ms: 1.667334
  type: 'test'
  ...
# Subtest: computer observation progress: changed visible values or facts earn a new preparation key
ok 3 - computer observation progress: changed visible values or facts earn a new preparation key
  ---
  duration_ms: 0.86575
  type: 'test'
  ...
# Subtest: computer observation progress: empty views earn no credit and still stop at the default three-step limit
ok 4 - computer observation progress: empty views earn no credit and still stop at the default three-step limit
  ---
  duration_ms: 0.416083
  type: 'test'
  ...
# Subtest: computer observation progress: the output kind and indexed artifact alone cannot supply trusted proof
ok 5 - computer observation progress: the output kind and indexed artifact alone cannot supply trusted proof
  ---
  duration_ms: 0.177583
  type: 'test'
  ...
# Subtest: computer observation progress: reuse, rejection, errors and changed execution authority never earn credit
ok 6 - computer observation progress: reuse, rejection, errors and changed execution authority never earn credit
  ---
  duration_ms: 0.83725
  type: 'test'
  ...
# Subtest: sqlite: registered write CLI executes once and retains proof across same-session replay
ok 7 - sqlite: registered write CLI executes once and retains proof across same-session replay
  ---
  duration_ms: 1762.609917
  type: 'test'
  ...
# Subtest: sqlite: registered write HTTP runs through the shared host and reconnects without repeating input
ok 8 - sqlite: registered write HTTP runs through the shared host and reconnects without repeating input
  ---
  duration_ms: 1204.687667
  type: 'test'
  ...
# Subtest: sqlite: registered computer CLI executes once and retains proof across same-session replay
ok 9 - sqlite: registered computer CLI executes once and retains proof across same-session replay
  ---
  duration_ms: 2676.914834
  type: 'test'
  ...
# Subtest: sqlite: registered computer HTTP runs through the shared host and reconnects without repeating input
ok 10 - sqlite: registered computer HTTP runs through the shared host and reconnects without repeating input
  ---
  duration_ms: 1988.70875
  type: 'test'
  ...
# Subtest: file-journal: registered write CLI executes once and retains proof across same-session replay
ok 11 - file-journal: registered write CLI executes once and retains proof across same-session replay
  ---
  duration_ms: 3187.308
  type: 'test'
  ...
# Subtest: file-journal: registered write HTTP runs through the shared host and reconnects without repeating input
ok 12 - file-journal: registered write HTTP runs through the shared host and reconnects without repeating input
  ---
  duration_ms: 4787.447416
  type: 'test'
  ...
# Subtest: file-journal: registered computer CLI executes once and retains proof across same-session replay
ok 13 - file-journal: registered computer CLI executes once and retains proof across same-session replay
  ---
  duration_ms: 7044.296541
  type: 'test'
  ...
# Subtest: file-journal: registered computer HTTP runs through the shared host and reconnects without repeating input
ok 14 - file-journal: registered computer HTTP runs through the shared host and reconnects without repeating input
  ---
  duration_ms: 7358.159917
  type: 'test'
  ...
# Subtest: registered write with read-only authority never performs a physical input
ok 15 - registered write with read-only authority never performs a physical input
  ---
  duration_ms: 668.726542
  type: 'test'
  ...
# Subtest: registered computer with read-only authority never performs a physical input
ok 16 - registered computer with read-only authority never performs a physical input
  ---
  duration_ms: 1005.13525
  type: 'test'
  ...
# Subtest: explicit host read, write and computer registrations retain fixed contracts without expanding permission
ok 17 - explicit host read, write and computer registrations retain fixed contracts without expanding permission
  ---
  duration_ms: 6.456292
  type: 'test'
  ...
# Subtest: generated observe identity survives host and contract snapshots but copied tool objects remain unmarked
ok 18 - generated observe identity survives host and contract snapshots but copied tool objects remain unmarked
  ---
  duration_ms: 15.077625
  type: 'test'
  ...
# Subtest: explicit writes require a matching recoverable effect reader and artifact proof validation
ok 19 - explicit writes require a matching recoverable effect reader and artifact proof validation
  ---
  duration_ms: 2.978583
  type: 'test'
  ...
# Subtest: generated computer identities share the read and write collision boundary
ok 20 - generated computer identities share the read and write collision boundary
  ---
  duration_ms: 9.160375
  type: 'test'
  ...
# Subtest: dynamic providers cannot take ownership of a static read, write or computer provider
ok 21 - dynamic providers cannot take ownership of a static read, write or computer provider
  ---
  duration_ms: 1.417541
  type: 'test'
  ...
# Subtest: host computer aliases cannot duplicate a driver session or impersonate core tools
ok 22 - host computer aliases cannot duplicate a driver session or impersonate core tools
  ---
  duration_ms: 2.453167
  type: 'test'
  ...
# Subtest: a registered computer remains read-only until both write permission and the exact act tool are allowed
ok 23 - a registered computer remains read-only until both write permission and the exact act tool are allowed
  ---
  duration_ms: 6.40025
  type: 'test'
  ...
# Subtest: provider writes require an explicit declaration and matching effect reader before listing can publish
ok 24 - provider writes require an explicit declaration and matching effect reader before listing can publish
  ---
  duration_ms: 1.275958
  type: 'test'
  ...
# Subtest: explicit provider write discovery keeps proof callbacks and still respects the current read-only policy
ok 25 - explicit provider write discovery keeps proof callbacks and still respects the current read-only policy
  ---
  duration_ms: 2.686375
  type: 'test'
  ...
1..25
# tests 25
# suites 0
# pass 25
# fail 0
# cancelled 0
# skipped 0
# todo 0
# duration_ms 32082.812125
