TAP version 13
# Subtest: computer observation progress: a verified adopted view earns preparation without becoming evidence or completing criteria
ok 1 - computer observation progress: a verified adopted view earns preparation without becoming evidence or completing criteria
  ---
  duration_ms: 5.474292
  type: 'test'
  ...
# Subtest: computer observation progress: volatile observation metadata cannot renew credit and three unchanged views reach the default guard
ok 2 - computer observation progress: volatile observation metadata cannot renew credit and three unchanged views reach the default guard
  ---
  duration_ms: 1.452459
  type: 'test'
  ...
# Subtest: computer observation progress: changed visible values or facts earn a new preparation key
ok 3 - computer observation progress: changed visible values or facts earn a new preparation key
  ---
  duration_ms: 0.774625
  type: 'test'
  ...
# Subtest: computer observation progress: empty views earn no credit and still stop at the default three-step limit
ok 4 - computer observation progress: empty views earn no credit and still stop at the default three-step limit
  ---
  duration_ms: 0.363584
  type: 'test'
  ...
# Subtest: computer observation progress: the output kind and indexed artifact alone cannot supply trusted proof
ok 5 - computer observation progress: the output kind and indexed artifact alone cannot supply trusted proof
  ---
  duration_ms: 0.158708
  type: 'test'
  ...
# Subtest: computer observation progress: verified preparation does not require an unrelated local destination permission
ok 6 - computer observation progress: verified preparation does not require an unrelated local destination permission
  ---
  duration_ms: 0.1785
  type: 'test'
  ...
# Subtest: computer observation progress: reuse, rejection, errors and changed execution authority never earn credit
ok 7 - computer observation progress: reuse, rejection, errors and changed execution authority never earn credit
  ---
  duration_ms: 0.7825
  type: 'test'
  ...
# Subtest: sqlite: first verified effect settlement clears the no-progress gate and permits a read-only verification without creating evidence itself
ok 8 - sqlite: first verified effect settlement clears the no-progress gate and permits a read-only verification without creating evidence itself
  ---
  duration_ms: 2736.916375
  type: 'test'
  ...
# Subtest: sqlite: duplicate settle and replay of the same reconciliation command add no progress, lookup or budget use
ok 9 - sqlite: duplicate settle and replay of the same reconciliation command add no progress, lookup or budget use
  ---
  duration_ms: 958.518208
  type: 'test'
  ...
# Subtest: sqlite: re-proving the same source operation after proof-read invalidation cannot earn a second progress credit
ok 10 - sqlite: re-proving the same source operation after proof-read invalidation cannot earn a second progress credit
  ---
  duration_ms: 1114.066875
  type: 'test'
  ...
# Subtest: file-journal: first verified effect settlement clears the no-progress gate and permits a read-only verification without creating evidence itself
ok 11 - file-journal: first verified effect settlement clears the no-progress gate and permits a read-only verification without creating evidence itself
  ---
  duration_ms: 9437.071167
  type: 'test'
  ...
# Subtest: file-journal: duplicate settle and replay of the same reconciliation command add no progress, lookup or budget use
ok 12 - file-journal: duplicate settle and replay of the same reconciliation command add no progress, lookup or budget use
  ---
  duration_ms: 3082.697584
  type: 'test'
  ...
# Subtest: file-journal: re-proving the same source operation after proof-read invalidation cannot earn a second progress credit
ok 13 - file-journal: re-proving the same source operation after proof-read invalidation cannot earn a second progress credit
  ---
  duration_ms: 3283.439792
  type: 'test'
  ...
# Subtest: sqlite: a host-wired CLI executes a non-fixture tool and reopens the same raw session without another read
ok 14 - sqlite: a host-wired CLI executes a non-fixture tool and reopens the same raw session without another read
  ---
  duration_ms: 1248.538542
  type: 'test'
  ...
# Subtest: file-journal: a host-wired CLI executes a non-fixture tool and reopens the same raw session without another read
ok 15 - file-journal: a host-wired CLI executes a non-fixture tool and reopens the same raw session without another read
  ---
  duration_ms: 1849.2085
  type: 'test'
  ...
# Subtest: sqlite: native HTTP keeps host registration out of requests and connects one read through evidence and reconnect
ok 16 - sqlite: native HTTP keeps host registration out of requests and connects one read through evidence and reconnect
  ---
  duration_ms: 787.424833
  type: 'test'
  ...
# Subtest: file-journal: native HTTP keeps host registration out of requests and connects one read through evidence and reconnect
ok 17 - file-journal: native HTTP keeps host registration out of requests and connects one read through evidence and reconnect
  ---
  duration_ms: 1388.301875
  type: 'test'
  ...
# Subtest: a new CLI request cannot invoke a registered tool outside the host policy
ok 18 - a new CLI request cannot invoke a registered tool outside the host policy
  ---
  duration_ms: 497.325958
  type: 'test'
  ...
1..18
# tests 18
# suites 0
# pass 18
# fail 0
# cancelled 0
# skipped 0
# todo 0
# duration_ms 26677.198625
