TAP version 13
# Subtest: chat failure status shows only delivered current restrictions without executing or changing stored work
ok 1 - chat failure status shows only delivered current restrictions without executing or changing stored work
  ---
  duration_ms: 2895.875417
  type: 'test'
  ...
# Subtest: chat failure status withholds earlier reason and generation deliveries until a current failure is delivered
ok 2 - chat failure status withholds earlier reason and generation deliveries until a current failure is delivered
  ---
  duration_ms: 2259.643125
  type: 'test'
  ...
# Subtest: chat failure status retains its snapshot only for a knowledge projection change and propagates access denial
ok 3 - chat failure status retains its snapshot only for a knowledge projection change and propagates access denial
  ---
  duration_ms: 1091.0625
  type: 'test'
  ...
# Subtest: chat uses the trusted identity registry and retains the default registered model
ok 4 - chat uses the trusted identity registry and retains the default registered model
  ---
  duration_ms: 1115.899959
  type: 'test'
  ...
# Subtest: sqlite: installed chat CLI accepts a plain request, resumes its session and carries actual X replies into Y
ok 5 - sqlite: installed chat CLI accepts a plain request, resumes its session and carries actual X replies into Y
  ---
  duration_ms: 2082.780042
  type: 'test'
  ...
# Subtest: file-journal: installed chat CLI accepts a plain request, resumes its session and carries actual X replies into Y
ok 6 - file-journal: installed chat CLI accepts a plain request, resumes its session and carries actual X replies into Y
  ---
  duration_ms: 3002.511417
  type: 'test'
  ...
# Subtest: chat fast path plans one real fixture read and synthesizes a sourced answer without a graph replan
ok 7 - chat fast path plans one real fixture read and synthesizes a sourced answer without a graph replan
  ---
  duration_ms: 1035.66325
  type: 'test'
  ...
# Subtest: chat followup distinguishes more input from resolving a question and preserves the original requirement
ok 8 - chat followup distinguishes more input from resolving a question and preserves the original requirement
  ---
  duration_ms: 1756.88225
  type: 'test'
  ...
# Subtest: chat step-limited execution resumes in another process without accepting another request
ok 9 - chat step-limited execution resumes in another process without accepting another request
  ---
  duration_ms: 1795.316458
  type: 'test'
  ...
# Subtest: chat session selection prevents displaying or mutating a work from another session or agent
ok 10 - chat session selection prevents displaying or mutating a work from another session or agent
  ---
  duration_ms: 2279.26875
  type: 'test'
  ...
# Subtest: chat requires an explicit provider before creating a profile and prints only concise user-facing messages
ok 11 - chat requires an explicit provider before creating a profile and prints only concise user-facing messages
  ---
  duration_ms: 772.053125
  type: 'test'
  ...
# Subtest: sqlite: empty accepted work reads and reopens without executing, writing, or sending
ok 12 - sqlite: empty accepted work reads and reopens without executing, writing, or sending
  ---
  duration_ms: 15.15825
  type: 'test'
  ...
# Subtest: sqlite: ownership, exact route, current read restriction, and diagnostics are distinct checks
ok 13 - sqlite: ownership, exact route, current read restriction, and diagnostics are distinct checks
  ---
  duration_ms: 8.521083
  type: 'test'
  ...
# Subtest: sqlite: legacy read labels also protect retained text
ok 14 - sqlite: legacy read labels also protect retained text
  ---
  duration_ms: 2.887833
  type: 'test'
  ...
# Subtest: sqlite: cursors bind level, route, actor rights, and work without moving the primary reply
ok 15 - sqlite: cursors bind level, route, actor rights, and work without moving the primary reply
  ---
  duration_ms: 7.486958
  type: 'test'
  ...
# Subtest: sqlite: verified prepared results remain distinct from pending and unknown delivery
ok 16 - sqlite: verified prepared results remain distinct from pending and unknown delivery
  ---
  duration_ms: 16.938542
  type: 'test'
  ...
# Subtest: sqlite: missing source and corrupt response withhold a same-revision result before cursor matching
ok 17 - sqlite: missing source and corrupt response withhold a same-revision result before cursor matching
  ---
  duration_ms: 5.648292
  type: 'test'
  ...
# Subtest: sqlite: originals, goals, cancellation, and hypothesis review invalidate historical replies
ok 18 - sqlite: originals, goals, cancellation, and hypothesis review invalidate historical replies
  ---
  duration_ms: 8.416375
  type: 'test'
  ...
# Subtest: sqlite: only the current pending question is displayed and resolved questions disappear
ok 19 - sqlite: only the current pending question is displayed and resolved questions disappear
  ---
  duration_ms: 3.969291
  type: 'test'
  ...
# Subtest: sqlite: losing a separate hypothesis basis withholds the result consistently at every view level
ok 20 - sqlite: losing a separate hypothesis basis withholds the result consistently at every view level
  ---
  duration_ms: 9.634208
  type: 'test'
  ...
# Subtest: sqlite: a derived evidence card requires every original ancestor to remain available
ok 21 - sqlite: a derived evidence card requires every original ancestor to remain available
  ---
  duration_ms: 5.037958
  type: 'test'
  ...
# Subtest: sqlite: knowledge changes reject current and repeated reads without refreshing state
ok 22 - sqlite: knowledge changes reject current and repeated reads without refreshing state
  ---
  duration_ms: 4.061375
  type: 'test'
  ...
# Subtest: sqlite: revocation during artifact reads or final state checks prevents unchanged and snapshots
ok 23 - sqlite: revocation during artifact reads or final state checks prevents unchanged and snapshots
  ---
  duration_ms: 5.64275
  type: 'test'
  ...
# Subtest: sqlite: a disappearing original during projection is revalidated before returning a cached cursor
ok 24 - sqlite: a disappearing original during projection is revalidated before returning a cached cursor
  ---
  duration_ms: 4.245041
  type: 'test'
  ...
# Subtest: sqlite: detail and diagnostic cards are bounded and omit raw inputs, outputs, event payloads, and controls
ok 25 - sqlite: detail and diagnostic cards are bounded and omit raw inputs, outputs, event payloads, and controls
  ---
  duration_ms: 7.255042
  type: 'test'
  ...
# Subtest: file-journal: empty accepted work reads and reopens without executing, writing, or sending
ok 26 - file-journal: empty accepted work reads and reopens without executing, writing, or sending
  ---
  duration_ms: 31.842833
  type: 'test'
  ...
# Subtest: file-journal: ownership, exact route, current read restriction, and diagnostics are distinct checks
ok 27 - file-journal: ownership, exact route, current read restriction, and diagnostics are distinct checks
  ---
  duration_ms: 51.763958
  type: 'test'
  ...
# Subtest: file-journal: legacy read labels also protect retained text
ok 28 - file-journal: legacy read labels also protect retained text
  ---
  duration_ms: 24.798542
  type: 'test'
  ...
# Subtest: file-journal: cursors bind level, route, actor rights, and work without moving the primary reply
ok 29 - file-journal: cursors bind level, route, actor rights, and work without moving the primary reply
  ---
  duration_ms: 61.077417
  type: 'test'
  ...
# Subtest: file-journal: verified prepared results remain distinct from pending and unknown delivery
ok 30 - file-journal: verified prepared results remain distinct from pending and unknown delivery
  ---
  duration_ms: 216.24525
  type: 'test'
  ...
# Subtest: file-journal: missing source and corrupt response withhold a same-revision result before cursor matching
ok 31 - file-journal: missing source and corrupt response withhold a same-revision result before cursor matching
  ---
  duration_ms: 55.11825
  type: 'test'
  ...
# Subtest: file-journal: originals, goals, cancellation, and hypothesis review invalidate historical replies
ok 32 - file-journal: originals, goals, cancellation, and hypothesis review invalidate historical replies
  ---
  duration_ms: 108.12525
  type: 'test'
  ...
# Subtest: file-journal: only the current pending question is displayed and resolved questions disappear
ok 33 - file-journal: only the current pending question is displayed and resolved questions disappear
  ---
  duration_ms: 66.949958
  type: 'test'
  ...
# Subtest: file-journal: losing a separate hypothesis basis withholds the result consistently at every view level
ok 34 - file-journal: losing a separate hypothesis basis withholds the result consistently at every view level
  ---
  duration_ms: 92.211
  type: 'test'
  ...
# Subtest: file-journal: a derived evidence card requires every original ancestor to remain available
ok 35 - file-journal: a derived evidence card requires every original ancestor to remain available
  ---
  duration_ms: 68.651042
  type: 'test'
  ...
# Subtest: file-journal: knowledge changes reject current and repeated reads without refreshing state
ok 36 - file-journal: knowledge changes reject current and repeated reads without refreshing state
  ---
  duration_ms: 40.006542
  type: 'test'
  ...
# Subtest: file-journal: revocation during artifact reads or final state checks prevents unchanged and snapshots
ok 37 - file-journal: revocation during artifact reads or final state checks prevents unchanged and snapshots
  ---
  duration_ms: 102.846209
  type: 'test'
  ...
# Subtest: file-journal: a disappearing original during projection is revalidated before returning a cached cursor
ok 38 - file-journal: a disappearing original during projection is revalidated before returning a cached cursor
  ---
  duration_ms: 57.584916
  type: 'test'
  ...
# Subtest: file-journal: detail and diagnostic cards are bounded and omit raw inputs, outputs, event payloads, and controls
ok 39 - file-journal: detail and diagnostic cards are bounded and omit raw inputs, outputs, event payloads, and controls
  ---
  duration_ms: 75.264291
  type: 'test'
  ...
1..39
# tests 39
# suites 0
# pass 39
# fail 0
# cancelled 0
# skipped 0
# todo 0
# duration_ms 21445.674625
