✔ sqlite: collection returned retains one request after policy narrowing without projecting it (172.373958ms)
✔ sqlite: collection captured-failure retains one request after policy narrowing without projecting it (107.877833ms)
✔ sqlite: normal pages remain verifiable after the current head advances and the stores reopen (302.102583ms)
✔ file-journal: collection returned retains one request after policy narrowing without projecting it (277.412583ms)
✔ file-journal: collection captured-failure retains one request after policy narrowing without projecting it (273.57375ms)
✔ file-journal: normal pages remain verifiable after the current head advances and the stores reopen (600.818917ms)
✔ collection cancellation at beforeRaw preserves raw custody but no current page (91.698916ms)
✔ collection cancellation at afterRaw preserves raw custody but no current page (87.670916ms)
✔ collection cancellation at beforeResponseCommit preserves raw custody but no current page (89.412708ms)
✔ collection owner corruption at afterCapture cannot publish the original response (60.600875ms)
✔ collection generation corruption at afterRaw cannot publish the original response (74.705084ms)
✔ collection intent corruption at beforeResponseCommit cannot publish the original response (97.511792ms)
✔ a captured call failure and a custody denial retain both original errors (60.401375ms)
✔ removed current catalog entry does not erase the original in-flight collection custody (79.347666ms)
✔ collection sent-false preserves only observed send information without a decoded body (114.712916ms)
✔ collection sent-true preserves only observed send information without a decoded body (106.566917ms)
✔ collection arbitrary-error preserves only observed send information without a decoded body (70.142208ms)
✔ legacy collection returned-without-capture keeps the old body and unknown-send interpretations (129.103417ms)
✔ legacy collection sent-true keeps the old body and unknown-send interpretations (110.833959ms)
✔ returned distinguishes decoded observation from late response preparation (88.740666ms)
✔ returned-without-capture distinguishes decoded observation from late response preparation (84.966083ms)
✔ captured failure is never restored as a page even with unchanged authority (105.310792ms)
✔ page usage rejects wrong request/time/contract and damaged raw or original intent (143.93025ms)
✔ an impossible persisted custody marker is not accepted as either legacy or new proof (98.68325ms)
✔ two concurrent work requests retain their own captures, intents and raw payloads (140.91075ms)
✔ real stdio SDK post-capture abort preserves the collection original without a fabricated successful reply (200.7995ms)
✔ collection registration reads source and restoreUsage getters once and binds that exact callback (141.577292ms)
✔ the first intent receipt must carry its original work and attempt even when digest and head match (168.269167ms)
ℹ tests 28
ℹ suites 0
ℹ pass 28
ℹ fail 0
ℹ cancelled 0
ℹ skipped 0
ℹ todo 0
ℹ duration_ms 4223.403291
