TAP version 13
# Subtest: sqlite: registered write CLI executes once and retains proof across same-session replay
ok 1 - sqlite: registered write CLI executes once and retains proof across same-session replay
  ---
  duration_ms: 1781.771
  type: 'test'
  ...
# Subtest: sqlite: registered write HTTP runs through the shared host and reconnects without repeating input
not ok 2 - sqlite: registered write HTTP runs through the shared host and reconnects without repeating input
  ---
  duration_ms: 1140.120667
  type: 'test'
  location: '/Users/seunghanee/Documents/secumon/runtime/dist/tests/host-write-computer-entry.test.js:109:9'
  failureType: 'testCodeFailure'
  error: |-
    {"code":"work_terminal"}
    
    409 !== 200
    
  code: 'ERR_ASSERTION'
  name: 'AssertionError'
  expected: 200
  actual: 409
  operator: 'strictEqual'
  stack: |-
    Object.request (file:///Users/seunghanee/Documents/secumon/runtime/dist/tests/host-write-computer-entry.test.js:49:20)
    process.processTicksAndRejections (node:internal/process/task_queues:104:5)
    async TestContext.<anonymous> (file:///Users/seunghanee/Documents/secumon/runtime/dist/tests/host-write-computer-entry.test.js:130:32)
    async Test.run (node:internal/test_runner/test:1404:7)
    async Test.processPendingSubtests (node:internal/test_runner/test:969:7)
  ...
# Subtest: sqlite: registered computer CLI executes once and retains proof across same-session replay
not ok 3 - sqlite: registered computer CLI executes once and retains proof across same-session replay
  ---
  duration_ms: 940.79
  type: 'test'
  location: '/Users/seunghanee/Documents/secumon/runtime/dist/tests/host-write-computer-entry.test.js:61:9'
  failureType: 'testCodeFailure'
  error: |-
    Expected values to be strictly equal:
    + actual - expected
    
    + 'blocked'
    - 'completed'
    
  code: 'ERR_ASSERTION'
  name: 'AssertionError'
  expected: 'completed'
  actual: 'blocked'
  operator: 'strictEqual'
  stack: |-
    TestContext.<anonymous> (file:///Users/seunghanee/Documents/secumon/runtime/dist/tests/host-write-computer-entry.test.js:64:20)
    process.processTicksAndRejections (node:internal/process/task_queues:104:5)
    async Test.run (node:internal/test_runner/test:1404:7)
    async Test.processPendingSubtests (node:internal/test_runner/test:969:7)
  ...
# Subtest: sqlite: registered computer HTTP runs through the shared host and reconnects without repeating input
not ok 4 - sqlite: registered computer HTTP runs through the shared host and reconnects without repeating input
  ---
  duration_ms: 725.82775
  type: 'test'
  location: '/Users/seunghanee/Documents/secumon/runtime/dist/tests/host-write-computer-entry.test.js:109:9'
  failureType: 'testCodeFailure'
  error: |-
    Expected values to be strictly equal:
    + actual - expected
    
    + 'blocked'
    - 'completed'
    
  code: 'ERR_ASSERTION'
  name: 'AssertionError'
  expected: 'completed'
  actual: 'blocked'
  operator: 'strictEqual'
  stack: |-
    TestContext.<anonymous> (file:///Users/seunghanee/Documents/secumon/runtime/dist/tests/host-write-computer-entry.test.js:122:24)
    process.processTicksAndRejections (node:internal/process/task_queues:104:5)
    async Test.run (node:internal/test_runner/test:1404:7)
    async Test.processPendingSubtests (node:internal/test_runner/test:969:7)
  ...
# Subtest: file-journal: registered write CLI executes once and retains proof across same-session replay
ok 5 - file-journal: registered write CLI executes once and retains proof across same-session replay
  ---
  duration_ms: 2714.116458
  type: 'test'
  ...
# Subtest: file-journal: registered write HTTP runs through the shared host and reconnects without repeating input
not ok 6 - file-journal: registered write HTTP runs through the shared host and reconnects without repeating input
  ---
  duration_ms: 1487.70075
  type: 'test'
  location: '/Users/seunghanee/Documents/secumon/runtime/dist/tests/host-write-computer-entry.test.js:109:9'
  failureType: 'testCodeFailure'
  error: |-
    {"code":"work_terminal"}
    
    409 !== 200
    
  code: 'ERR_ASSERTION'
  name: 'AssertionError'
  expected: 200
  actual: 409
  operator: 'strictEqual'
  stack: |-
    Object.request (file:///Users/seunghanee/Documents/secumon/runtime/dist/tests/host-write-computer-entry.test.js:49:20)
    process.processTicksAndRejections (node:internal/process/task_queues:104:5)
    async TestContext.<anonymous> (file:///Users/seunghanee/Documents/secumon/runtime/dist/tests/host-write-computer-entry.test.js:130:32)
    async Test.run (node:internal/test_runner/test:1404:7)
    async Test.processPendingSubtests (node:internal/test_runner/test:969:7)
  ...
# Subtest: file-journal: registered computer CLI executes once and retains proof across same-session replay
not ok 7 - file-journal: registered computer CLI executes once and retains proof across same-session replay
  ---
  duration_ms: 1269.172958
  type: 'test'
  location: '/Users/seunghanee/Documents/secumon/runtime/dist/tests/host-write-computer-entry.test.js:61:9'
  failureType: 'testCodeFailure'
  error: |-
    Expected values to be strictly equal:
    + actual - expected
    
    + 'blocked'
    - 'completed'
    
  code: 'ERR_ASSERTION'
  name: 'AssertionError'
  expected: 'completed'
  actual: 'blocked'
  operator: 'strictEqual'
  stack: |-
    TestContext.<anonymous> (file:///Users/seunghanee/Documents/secumon/runtime/dist/tests/host-write-computer-entry.test.js:64:20)
    process.processTicksAndRejections (node:internal/process/task_queues:104:5)
    async Test.run (node:internal/test_runner/test:1404:7)
    async Test.processPendingSubtests (node:internal/test_runner/test:969:7)
  ...
# Subtest: file-journal: registered computer HTTP runs through the shared host and reconnects without repeating input
not ok 8 - file-journal: registered computer HTTP runs through the shared host and reconnects without repeating input
  ---
  duration_ms: 1131.195209
  type: 'test'
  location: '/Users/seunghanee/Documents/secumon/runtime/dist/tests/host-write-computer-entry.test.js:109:9'
  failureType: 'testCodeFailure'
  error: |-
    Expected values to be strictly equal:
    + actual - expected
    
    + 'blocked'
    - 'completed'
    
  code: 'ERR_ASSERTION'
  name: 'AssertionError'
  expected: 'completed'
  actual: 'blocked'
  operator: 'strictEqual'
  stack: |-
    TestContext.<anonymous> (file:///Users/seunghanee/Documents/secumon/runtime/dist/tests/host-write-computer-entry.test.js:122:24)
    process.processTicksAndRejections (node:internal/process/task_queues:104:5)
    async Test.run (node:internal/test_runner/test:1404:7)
    async Test.processPendingSubtests (node:internal/test_runner/test:969:7)
  ...
# Subtest: registered write with read-only authority never performs a physical input
ok 9 - registered write with read-only authority never performs a physical input
  ---
  duration_ms: 501.016833
  type: 'test'
  ...
# Subtest: registered computer with read-only authority never performs a physical input
ok 10 - registered computer with read-only authority never performs a physical input
  ---
  duration_ms: 704.04375
  type: 'test'
  ...
# Subtest: explicit host read, write and computer registrations retain fixed contracts without expanding permission
ok 11 - explicit host read, write and computer registrations retain fixed contracts without expanding permission
  ---
  duration_ms: 7.778666
  type: 'test'
  ...
# Subtest: explicit writes require a matching recoverable effect reader and artifact proof validation
ok 12 - explicit writes require a matching recoverable effect reader and artifact proof validation
  ---
  duration_ms: 3.082917
  type: 'test'
  ...
# Subtest: generated computer identities share the read and write collision boundary
not ok 13 - generated computer identities share the read and write collision boundary
  ---
  duration_ms: 1.34725
  type: 'test'
  location: '/Users/seunghanee/Documents/secumon/runtime/dist/tests/host-write-computer-registration.test.js:119:1'
  failureType: 'testCodeFailure'
  error: 'agent_tool_registration_invalid'
  code: 'ERR_TEST_FAILURE'
  stack: |-
    invalid (file:///Users/seunghanee/Documents/secumon/runtime/dist/presentation/host-tools.js:13:12)
    failure (file:///Users/seunghanee/Documents/secumon/runtime/dist/presentation/host-tools.js:16:100)
    openRegisteredHostTools (file:///Users/seunghanee/Documents/secumon/runtime/dist/presentation/host-tools.js:243:25)
    async Object.open (file:///Users/seunghanee/Documents/secumon/runtime/dist/tests/host-write-computer-registration.test.js:57:44)
    async TestContext.<anonymous> (file:///Users/seunghanee/Documents/secumon/runtime/dist/tests/host-write-computer-registration.test.js:135:20)
    async Test.run (node:internal/test_runner/test:1404:7)
    async Test.processPendingSubtests (node:internal/test_runner/test:969:7)
  ...
# Subtest: dynamic providers cannot take ownership of a static read, write or computer provider
ok 14 - dynamic providers cannot take ownership of a static read, write or computer provider
  ---
  duration_ms: 1.541875
  type: 'test'
  ...
# Subtest: host computer aliases cannot duplicate a driver session or impersonate core tools
ok 15 - host computer aliases cannot duplicate a driver session or impersonate core tools
  ---
  duration_ms: 1.710375
  type: 'test'
  ...
# Subtest: a registered computer remains read-only until both write permission and the exact act tool are allowed
ok 16 - a registered computer remains read-only until both write permission and the exact act tool are allowed
  ---
  duration_ms: 13.593833
  type: 'test'
  ...
# Subtest: provider writes require an explicit declaration and matching effect reader before listing can publish
ok 17 - provider writes require an explicit declaration and matching effect reader before listing can publish
  ---
  duration_ms: 1.699667
  type: 'test'
  ...
# Subtest: explicit provider write discovery keeps proof callbacks and still respects the current read-only policy
ok 18 - explicit provider write discovery keeps proof callbacks and still respects the current read-only policy
  ---
  duration_ms: 4.07225
  type: 'test'
  ...
1..18
# tests 18
# suites 0
# pass 11
# fail 7
# cancelled 0
# skipped 0
# todo 0
# duration_ms 12669.690041
