TAP version 13
# Subtest: sqlite: one closed original call set refines unknown to known when its late page receipt arrives
ok 1 - sqlite: one closed original call set refines unknown to known when its late page receipt arrives
  ---
  duration_ms: 442.069375
  type: 'test'
  ...
# Subtest: sqlite: two accountants publish one collection usage receipt and preserve the original unreceived result
ok 2 - sqlite: two accountants publish one collection usage receipt and preserve the original unreceived result
  ---
  duration_ms: 199.340416
  type: 'test'
  ...
# Subtest: file-journal: one closed original call set refines unknown to known when its late page receipt arrives
ok 3 - file-journal: one closed original call set refines unknown to known when its late page receipt arrives
  ---
  duration_ms: 1273.50775
  type: 'test'
  ...
# Subtest: file-journal: two accountants publish one collection usage receipt and preserve the original unreceived result
ok 4 - file-journal: two accountants publish one collection usage receipt and preserve the original unreceived result
  ---
  duration_ms: 718.621708
  type: 'test'
  ...
# Subtest: a successor charges only its own new page and keeps the parent result and original receipts unchanged
ok 5 - a successor charges only its own new page and keeps the parent result and original receipts unchanged
  ---
  duration_ms: 802.514083
  type: 'test'
  ...
# Subtest: a contradictory known collection total rejects accounting without rewriting the result or adding an event
ok 6 - a contradictory known collection total rejects accounting without rewriting the result or adding an event
  ---
  duration_ms: 181.420625
  type: 'test'
  ...
# Subtest: sqlite: recovery hides only authenticated old collection custody and preserves authoritative originals across reopen
ok 7 - sqlite: recovery hides only authenticated old collection custody and preserves authoritative originals across reopen
  ---
  duration_ms: 357.645958
  type: 'test'
  ...
# Subtest: file-journal: recovery hides only authenticated old collection custody and preserves authoritative originals across reopen
ok 8 - file-journal: recovery hides only authenticated old collection custody and preserves authoritative originals across reopen
  ---
  duration_ms: 814.736792
  type: 'test'
  ...
# Subtest: a protected head still required by the current running task is never projected out
ok 9 - a protected head still required by the current running task is never projected out
  ---
  duration_ms: 212.549833
  type: 'test'
  ...
# Subtest: a current result or evidence reference overrides collection custody exclusion
ok 10 - a current result or evidence reference overrides collection custody exclusion
  ---
  duration_ms: 463.122375
  type: 'test'
  ...
# Subtest: an unrelated protected ref prevents collection recovery instead of borrowing the custody proof
ok 11 - an unrelated protected ref prevents collection recovery instead of borrowing the custody proof
  ---
  duration_ms: 269.728792
  type: 'test'
  ...
# Subtest: a receipt identity change during collection custody proof refuses context publication
ok 12 - a receipt identity change during collection custody proof refuses context publication
  ---
  duration_ms: 247.902375
  type: 'test'
  ...
# Subtest: sqlite: workflow settles captured custody after expiring the intent within one step and without a body
ok 13 - sqlite: workflow settles captured custody after expiring the intent within one step and without a body
  ---
  duration_ms: 286.822084
  type: 'test'
  ...
# Subtest: sqlite: workflow settles failure custody after expiring the intent within one step and without a body
ok 14 - sqlite: workflow settles failure custody after expiring the intent within one step and without a body
  ---
  duration_ms: 203.61225
  type: 'test'
  ...
# Subtest: sqlite: workflow settles late_returned custody after expiring the intent within one step and without a body
ok 15 - sqlite: workflow settles late_returned custody after expiring the intent within one step and without a body
  ---
  duration_ms: 198.81
  type: 'test'
  ...
# Subtest: file-journal: workflow settles captured custody after expiring the intent within one step and without a body
ok 16 - file-journal: workflow settles captured custody after expiring the intent within one step and without a body
  ---
  duration_ms: 474.696042
  type: 'test'
  ...
# Subtest: file-journal: workflow settles failure custody after expiring the intent within one step and without a body
ok 17 - file-journal: workflow settles failure custody after expiring the intent within one step and without a body
  ---
  duration_ms: 609.870792
  type: 'test'
  ...
# Subtest: file-journal: workflow settles late_returned custody after expiring the intent within one step and without a body
ok 18 - file-journal: workflow settles late_returned custody after expiring the intent within one step and without a body
  ---
  duration_ms: 469.942458
  type: 'test'
  ...
# Subtest: workflow rejects intent corruption instead of converting it into custody-only accounting
ok 19 - workflow rejects intent corruption instead of converting it into custody-only accounting
  ---
  duration_ms: 146.697833
  type: 'test'
  ...
# Subtest: workflow rejects raw corruption instead of converting it into custody-only accounting
ok 20 - workflow rejects raw corruption instead of converting it into custody-only accounting
  ---
  duration_ms: 110.616334
  type: 'test'
  ...
# Subtest: sqlite: collection returned retains one request after policy narrowing without projecting it
ok 21 - sqlite: collection returned retains one request after policy narrowing without projecting it
  ---
  duration_ms: 196.100125
  type: 'test'
  ...
# Subtest: sqlite: collection captured-failure retains one request after policy narrowing without projecting it
ok 22 - sqlite: collection captured-failure retains one request after policy narrowing without projecting it
  ---
  duration_ms: 151.119625
  type: 'test'
  ...
# Subtest: sqlite: normal pages remain verifiable after the current head advances and the stores reopen
ok 23 - sqlite: normal pages remain verifiable after the current head advances and the stores reopen
  ---
  duration_ms: 364.312667
  type: 'test'
  ...
# Subtest: file-journal: collection returned retains one request after policy narrowing without projecting it
ok 24 - file-journal: collection returned retains one request after policy narrowing without projecting it
  ---
  duration_ms: 320.8185
  type: 'test'
  ...
# Subtest: file-journal: collection captured-failure retains one request after policy narrowing without projecting it
ok 25 - file-journal: collection captured-failure retains one request after policy narrowing without projecting it
  ---
  duration_ms: 308.001209
  type: 'test'
  ...
# Subtest: file-journal: normal pages remain verifiable after the current head advances and the stores reopen
ok 26 - file-journal: normal pages remain verifiable after the current head advances and the stores reopen
  ---
  duration_ms: 823.2595
  type: 'test'
  ...
# Subtest: collection cancellation at beforeRaw preserves raw custody but no current page
ok 27 - collection cancellation at beforeRaw preserves raw custody but no current page
  ---
  duration_ms: 131.408541
  type: 'test'
  ...
# Subtest: collection cancellation at afterRaw preserves raw custody but no current page
ok 28 - collection cancellation at afterRaw preserves raw custody but no current page
  ---
  duration_ms: 119.912875
  type: 'test'
  ...
# Subtest: collection cancellation at beforeResponseCommit preserves raw custody but no current page
ok 29 - collection cancellation at beforeResponseCommit preserves raw custody but no current page
  ---
  duration_ms: 126.1035
  type: 'test'
  ...
# Subtest: collection owner corruption at afterCapture cannot publish the original response
ok 30 - collection owner corruption at afterCapture cannot publish the original response
  ---
  duration_ms: 86.959583
  type: 'test'
  ...
# Subtest: collection generation corruption at afterRaw cannot publish the original response
ok 31 - collection generation corruption at afterRaw cannot publish the original response
  ---
  duration_ms: 119.113584
  type: 'test'
  ...
# Subtest: collection intent corruption at beforeResponseCommit cannot publish the original response
ok 32 - collection intent corruption at beforeResponseCommit cannot publish the original response
  ---
  duration_ms: 131.079833
  type: 'test'
  ...
# Subtest: a captured call failure and a custody denial retain both original errors
ok 33 - a captured call failure and a custody denial retain both original errors
  ---
  duration_ms: 98.403417
  type: 'test'
  ...
# Subtest: removed current catalog entry does not erase the original in-flight collection custody
ok 34 - removed current catalog entry does not erase the original in-flight collection custody
  ---
  duration_ms: 112.456875
  type: 'test'
  ...
# Subtest: collection sent-false preserves only observed send information without a decoded body
ok 35 - collection sent-false preserves only observed send information without a decoded body
  ---
  duration_ms: 154.150792
  type: 'test'
  ...
# Subtest: collection sent-true preserves only observed send information without a decoded body
ok 36 - collection sent-true preserves only observed send information without a decoded body
  ---
  duration_ms: 154.614
  type: 'test'
  ...
# Subtest: collection arbitrary-error preserves only observed send information without a decoded body
ok 37 - collection arbitrary-error preserves only observed send information without a decoded body
  ---
  duration_ms: 112.0995
  type: 'test'
  ...
# Subtest: legacy collection returned-without-capture keeps the old body and unknown-send interpretations
ok 38 - legacy collection returned-without-capture keeps the old body and unknown-send interpretations
  ---
  duration_ms: 175.668666
  type: 'test'
  ...
# Subtest: legacy collection sent-true keeps the old body and unknown-send interpretations
ok 39 - legacy collection sent-true keeps the old body and unknown-send interpretations
  ---
  duration_ms: 149.062083
  type: 'test'
  ...
# Subtest: returned distinguishes decoded observation from late response preparation
ok 40 - returned distinguishes decoded observation from late response preparation
  ---
  duration_ms: 118.598959
  type: 'test'
  ...
# Subtest: returned-without-capture distinguishes decoded observation from late response preparation
ok 41 - returned-without-capture distinguishes decoded observation from late response preparation
  ---
  duration_ms: 120.9585
  type: 'test'
  ...
# Subtest: captured failure is never restored as a page even with unchanged authority
ok 42 - captured failure is never restored as a page even with unchanged authority
  ---
  duration_ms: 131.666083
  type: 'test'
  ...
# Subtest: page usage rejects wrong request/time/contract and damaged raw or original intent
ok 43 - page usage rejects wrong request/time/contract and damaged raw or original intent
  ---
  duration_ms: 171.666375
  type: 'test'
  ...
# Subtest: an impossible persisted custody marker is not accepted as either legacy or new proof
ok 44 - an impossible persisted custody marker is not accepted as either legacy or new proof
  ---
  duration_ms: 136.267916
  type: 'test'
  ...
# Subtest: two concurrent work requests retain their own captures, intents and raw payloads
ok 45 - two concurrent work requests retain their own captures, intents and raw payloads
  ---
  duration_ms: 194.083584
  type: 'test'
  ...
# Subtest: real stdio SDK post-capture abort preserves the collection original without a fabricated successful reply
ok 46 - real stdio SDK post-capture abort preserves the collection original without a fabricated successful reply
  ---
  duration_ms: 195.848625
  type: 'test'
  ...
# Subtest: collection registration reads source and restoreUsage getters once and binds that exact callback
ok 47 - collection registration reads source and restoreUsage getters once and binds that exact callback
  ---
  duration_ms: 159.439625
  type: 'test'
  ...
# Subtest: the first intent receipt must carry its original work and attempt even when digest and head match
ok 48 - the first intent receipt must carry its original work and attempt even when digest and head match
  ---
  duration_ms: 170.329959
  type: 'test'
  ...
# Subtest: sqlite: custody inspection cannot finalize a running subset, even after pause or a shorter work deadline
ok 49 - sqlite: custody inspection cannot finalize a running subset, even after pause or a shorter work deadline
  ---
  duration_ms: 330.080083
  type: 'test'
  ...
# Subtest: file-journal: custody inspection cannot finalize a running subset, even after pause or a shorter work deadline
ok 50 - file-journal: custody inspection cannot finalize a running subset, even after pause or a shorter work deadline
  ---
  duration_ms: 828.027084
  type: 'test'
  ...
# Subtest: a complete checkpoint is not attempt closure; an actual received result closes its original calls
ok 51 - a complete checkpoint is not attempt closure; an actual received result closes its original calls
  ---
  duration_ms: 288.055666
  type: 'test'
  ...
# Subtest: read usage tickets are instance-bound and fail after source receipts or current ownership change
ok 52 - read usage tickets are instance-bound and fail after source receipts or current ownership change
  ---
  duration_ms: 197.075958
  type: 'test'
  ...
# Subtest: custody inspection excludes unrelated indexed artifacts instead of treating all checkpoint history as permission
ok 53 - custody inspection excludes unrelated indexed artifacts instead of treating all checkpoint history as permission
  ---
  duration_ms: 163.4445
  type: 'test'
  ...
# Subtest: a settled head removed or substituted during a later receipt lookup fails the final original-file fence
ok 54 - a settled head removed or substituted during a later receipt lookup fails the final original-file fence
  ---
  duration_ms: 312.818084
  type: 'test'
  ...
1..54
# tests 54
# suites 0
# pass 54
# fail 0
# cancelled 0
# skipped 0
# todo 0
# duration_ms 16522.352667
