✔ sqlite: one closed original call set refines unknown to known when its late page receipt arrives (1713.581042ms)
✔ sqlite: two accountants publish one collection usage receipt and preserve the original unreceived result (964.080917ms)
✔ file-journal: one closed original call set refines unknown to known when its late page receipt arrives (12045.010708ms)
✔ file-journal: two accountants publish one collection usage receipt and preserve the original unreceived result (4148.738667ms)
✔ a successor charges only its own new page and keeps the parent result and original receipts unchanged (1522.821792ms)
✔ a contradictory known collection total rejects accounting without rewriting the result or adding an event (474.003375ms)
✔ sqlite: recovery hides only authenticated old collection custody and preserves authoritative originals across reopen (1532.890792ms)
✔ file-journal: recovery hides only authenticated old collection custody and preserves authoritative originals across reopen (8873.959583ms)
✔ a protected head still required by the current running task is never projected out (778.880334ms)
✔ a current result or evidence reference overrides collection custody exclusion (1632.229375ms)
✔ an unrelated protected ref prevents collection recovery instead of borrowing the custody proof (757.378ms)
✔ a receipt identity change during collection custody proof refuses context publication (470.84775ms)
✔ sqlite: workflow settles captured custody after expiring the intent within one step and without a body (1021.749083ms)
✔ sqlite: workflow settles failure custody after expiring the intent within one step and without a body (787.606459ms)
✔ sqlite: workflow settles late_returned custody after expiring the intent within one step and without a body (878.154834ms)
✔ file-journal: workflow settles captured custody after expiring the intent within one step and without a body (6616.606708ms)
✔ file-journal: workflow settles failure custody after expiring the intent within one step and without a body (5350.985667ms)
✔ file-journal: workflow settles late_returned custody after expiring the intent within one step and without a body (4044.92125ms)
✔ workflow rejects intent corruption instead of converting it into custody-only accounting (345.925041ms)
✔ workflow rejects raw corruption instead of converting it into custody-only accounting (418.96ms)
✔ sqlite: collection returned retains one request after policy narrowing without projecting it (771.323583ms)
✔ sqlite: collection captured-failure retains one request after policy narrowing without projecting it (557.94875ms)
✔ sqlite: normal pages remain verifiable after the current head advances and the stores reopen (1282.054709ms)
✔ file-journal: collection returned retains one request after policy narrowing without projecting it (4022.720375ms)
✔ file-journal: collection captured-failure retains one request after policy narrowing without projecting it (3650.506709ms)
✔ file-journal: normal pages remain verifiable after the current head advances and the stores reopen (6424.178834ms)
✔ collection cancellation at beforeRaw preserves raw custody but no current page (329.953208ms)
✔ collection cancellation at afterRaw preserves raw custody but no current page (306.640458ms)
✔ collection cancellation at beforeResponseCommit preserves raw custody but no current page (313.150833ms)
✔ collection owner corruption at afterCapture cannot publish the original response (236.660375ms)
✔ collection generation corruption at afterRaw cannot publish the original response (285.203083ms)
✔ collection intent corruption at beforeResponseCommit cannot publish the original response (299.520833ms)
✔ a captured call failure and a custody denial retain both original errors (230.062333ms)
✔ removed current catalog entry does not erase the original in-flight collection custody (381.09275ms)
✔ collection sent-false preserves only observed send information without a decoded body (449.912834ms)
✔ collection sent-true preserves only observed send information without a decoded body (331.017125ms)
✔ collection arbitrary-error preserves only observed send information without a decoded body (274.673125ms)
✔ legacy collection returned-without-capture keeps the old body and unknown-send interpretations (379.329417ms)
✔ legacy collection sent-true keeps the old body and unknown-send interpretations (336.526709ms)
✔ returned distinguishes decoded observation from late response preparation (240.21275ms)
✔ returned-without-capture distinguishes decoded observation from late response preparation (196.104167ms)
✔ captured failure is never restored as a page even with unchanged authority (278.821708ms)
✔ page usage rejects wrong request/time/contract and damaged raw or original intent (372.958041ms)
✔ an impossible persisted custody marker is not accepted as either legacy or new proof (330.865167ms)
✔ two concurrent work requests retain their own captures, intents and raw payloads (337.069375ms)
✔ real stdio SDK post-capture abort preserves the collection original without a fabricated successful reply (367.983083ms)
✔ collection registration reads source and restoreUsage getters once and binds that exact callback (323.040375ms)
✔ the first intent receipt must carry its original work and attempt even when digest and head match (510.527375ms)
✔ sqlite: custody inspection cannot finalize a running subset, even after pause or a shorter work deadline (1489.218125ms)
✔ file-journal: custody inspection cannot finalize a running subset, even after pause or a shorter work deadline (8437.471167ms)
✔ a complete checkpoint is not attempt closure; an actual received result closes its original calls (707.881542ms)
✔ read usage tickets are instance-bound and fail after source receipts or current ownership change (618.865708ms)
✔ custody inspection excludes unrelated indexed artifacts instead of treating all checkpoint history as permission (589.471333ms)
✔ a settled head removed or substituted during a later receipt lookup fails the final original-file fence (1012.31125ms)
ℹ tests 54
ℹ suites 0
ℹ pass 54
ℹ fail 0
ℹ cancelled 0
ℹ skipped 0
ℹ todo 0
ℹ duration_ms 24410.048291
