✔ authority copies full actor and disclosure, rejects fabricated references and revoked scopes (1.517375ms)
✔ full scoped workflow runs with a lease while the legacy scoped guard remains (61.699541ms)
✔ reopen with narrower tools authority refuses raw stored policy without hiding read-only state (3.854041ms)
✔ reopen with narrower disclosure authority refuses raw stored policy without hiding read-only state (4.920125ms)
✔ model preflight abort after source validation invokes no provider (6.622625ms)
✔ model preflight policy after source validation invokes no provider (6.039625ms)
✔ late model reply retains reported usage after revocation and cannot be adopted (6.962083ms)
✔ abort during reply_put retries settlement once without preserving an adoptable body for a new lease (6.164875ms)
✔ abort during before_commit retries settlement once without preserving an adoptable body for a new lease (6.714792ms)
✔ tool preflight abort during an async reuse miss invokes no tool (4.027208ms)
✔ tool preflight policy during an async reuse miss invokes no tool (3.375209ms)
✖ late tool result is recorded but its evidence is not adopted after authority revocation (60002.814875ms)
✔ outbox send checks the raw authority after asynchronous validation (10.278833ms)
✔ outbox lookup checks the raw authority after asynchronous validation (7.976042ms)
✔ context recovery does not return a checkpoint when its authority is revoked during artifact publication (7.087333ms)
✔ real session compact uses the same revocable model boundary and keeps raw session records (328.3505ms)
✔ sqlite: a host-wired CLI executes a non-fixture tool and reopens the same raw session without another read (1148.614709ms)
✔ file-journal: a host-wired CLI executes a non-fixture tool and reopens the same raw session without another read (1605.189541ms)
✔ sqlite: native HTTP keeps host registration out of requests and connects one read through evidence and reconnect (670.529125ms)
✔ file-journal: native HTTP keeps host registration out of requests and connects one read through evidence and reconnect (1229.051292ms)
✔ a new CLI request cannot invoke a registered tool outside the host policy (432.153541ms)
✔ one host gives SQLite and journal agents distinct sources without mixing sessions, results or lease ownership (2783.667333ms)
✔ an explicit empty host tool list supports a direct answer and never falls back to the built-in synthetic read source (563.564708ms)
✔ the host explicitly chooses core permissions while skills off removes guidance without reading its invalid catalog (129.961667ms)
✔ reopening with narrower tools, labels, destinations or a different user rejects old work without resetting its policy and usage (691.444833ms)
✔ a tool factory failure preserves the original exception, closes acquired stores and never opens a model fallback (128.894459ms)
✔ a model factory failure still closes the acquired host tools and preserves their independent cleanup error (138.296458ms)
✔ composition failure preserves its parse error and closes model, tools and stores even when both host cleanups fail (150.892792ms)
✔ repeated profile close shares one failure, invokes each host closer once and closes the stores (164.193625ms)
✔ host evidence from another scope is rejected rather than relabelled into the current agent (241.194042ms)
✔ only an undefined host tool registration is absent; malformed registrations and getters retain errors (0.55475ms)
✔ registration captures its one getter and bound factory before later host changes (2.128958ms)
✔ factory gets only a frozen context copy captured before its asynchronous wait (0.50225ms)
✔ invalid context or its clone failure prevents the factory from acquiring resources (0.406333ms)
✔ opened tool metadata and methods are copied without freezing or expanding the host policy (0.277667ms)
✔ optional proof and response custody callbacks keep their receiver and are not lost at registration (0.343042ms)
✔ write effects, core namespace, duplicate identity and missing proof callbacks reject and close once (0.735375ms)
✔ policy and work limit failures close an acquired lease without silently repairing metadata (0.564584ms)
✔ empty tools and different versions preserve exact policies and compile only at the existing consumer (14.709084ms)
✔ factory exceptions retain the original error object and are not treated as missing registration (0.137084ms)
✔ metadata getter and clone failures occur inside acquired cleanup and preserve their original cause (0.134459ms)
✔ validation plus close failure retain both causes and a successful lease close never retries a failure (0.206084ms)
ℹ tests 42
ℹ suites 0
ℹ pass 41
ℹ fail 0
ℹ cancelled 1
ℹ skipped 0
ℹ todo 0
ℹ duration_ms 60600.177959

✖ failing tests:

test at dist/tests/execution-authority.test.js:220:1
✖ late tool result is recorded but its evidence is not adopted after authority revocation (60002.814875ms)
  'test timed out after 60000ms'
