TAP version 13
# Subtest: sqlite: actual collection SIGKILL after raw resumes only original receipted usage through stored-only registration
ok 1 - sqlite: actual collection SIGKILL after raw resumes only original receipted usage through stored-only registration
  ---
  duration_ms: 1698.482208
  type: 'test'
  ...
# Subtest: sqlite: actual collection SIGKILL after response resumes only original receipted usage through stored-only registration
ok 2 - sqlite: actual collection SIGKILL after response resumes only original receipted usage through stored-only registration
  ---
  duration_ms: 1432.860959
  type: 'test'
  ...
# Subtest: sqlite: actual collection SIGKILL after usage resumes only original receipted usage through stored-only registration
ok 3 - sqlite: actual collection SIGKILL after usage resumes only original receipted usage through stored-only registration
  ---
  duration_ms: 1533.113625
  type: 'test'
  ...
# Subtest: file-journal: actual collection SIGKILL after raw resumes only original receipted usage through stored-only registration
ok 4 - file-journal: actual collection SIGKILL after raw resumes only original receipted usage through stored-only registration
  ---
  duration_ms: 2338.193083
  type: 'test'
  ...
# Subtest: file-journal: actual collection SIGKILL after response resumes only original receipted usage through stored-only registration
ok 5 - file-journal: actual collection SIGKILL after response resumes only original receipted usage through stored-only registration
  ---
  duration_ms: 3520.403292
  type: 'test'
  ...
# Subtest: file-journal: actual collection SIGKILL after usage resumes only original receipted usage through stored-only registration
ok 6 - file-journal: actual collection SIGKILL after usage resumes only original receipted usage through stored-only registration
  ---
  duration_ms: 4483.358625
  type: 'test'
  ...
# Subtest: sqlite: actual profile close drains a captured collection original and accounting before C01 closes
ok 7 - sqlite: actual profile close drains a captured collection original and accounting before C01 closes
  ---
  duration_ms: 944.857333
  type: 'test'
  ...
# Subtest: sqlite: profile drain expiry revokes collection publication before stores close and rejects a later raw release
ok 8 - sqlite: profile drain expiry revokes collection publication before stores close and rejects a later raw release
  ---
  duration_ms: 6134.908792
  type: 'test'
  ...
# Subtest: file-journal: actual profile close drains a captured collection original and accounting before C01 closes
ok 9 - file-journal: actual profile close drains a captured collection original and accounting before C01 closes
  ---
  duration_ms: 2219.172167
  type: 'test'
  ...
# Subtest: file-journal: profile drain expiry revokes collection publication before stores close and rejects a later raw release
ok 10 - file-journal: profile drain expiry revokes collection publication before stores close and rejects a later raw release
  ---
  duration_ms: 6295.142917
  type: 'test'
  ...
1..10
# tests 10
# suites 0
# pass 10
# fail 0
# cancelled 0
# skipped 0
# todo 0
# duration_ms 30900.172208
