TAP version 13
# Subtest: sqlite: restricted work reaches neither external estimator nor model even without an evidence body
ok 1 - sqlite: restricted work reaches neither external estimator nor model even without an evidence body
  ---
  duration_ms: 53.008542
  type: 'test'
  ...
# Subtest: sqlite: authorized internal model retains the floor through a forced compact and stored request
ok 2 - sqlite: authorized internal model retains the floor through a forced compact and stored request
  ---
  duration_ms: 33.170667
  type: 'test'
  ...
# Subtest: sqlite: disclosure revoked during source assembly stops the estimator before it receives prose
ok 3 - sqlite: disclosure revoked during source assembly stops the estimator before it receives prose
  ---
  duration_ms: 10.3495
  type: 'test'
  ...
# Subtest: sqlite: revoked model disclosure cancels a stored request before adapter entry
ok 4 - sqlite: revoked model disclosure cancels a stored request before adapter entry
  ---
  duration_ms: 11.578708
  type: 'test'
  ...
# Subtest: sqlite: disclosure revoked during stored model input read stops the final transport
ok 5 - sqlite: disclosure revoked during stored model input read stops the final transport
  ---
  duration_ms: 19.714917
  type: 'test'
  ...
# Subtest: sqlite: tool access labels cannot authorize restricted task inputs to an external tool
ok 6 - sqlite: tool access labels cannot authorize restricted task inputs to an external tool
  ---
  duration_ms: 16.310583
  type: 'test'
  ...
# Subtest: sqlite: read permission narrowing does not relabel old task prose as public
ok 7 - sqlite: read permission narrowing does not relabel old task prose as public
  ---
  duration_ms: 11.093167
  type: 'test'
  ...
# Subtest: sqlite: authorized internal tool receives one invocation after current disclosure check
ok 8 - sqlite: authorized internal tool receives one invocation after current disclosure check
  ---
  duration_ms: 10.686792
  type: 'test'
  ...
# Subtest: sqlite: changed disclosure during asynchronous tool preflight stops adapter entry
ok 9 - sqlite: changed disclosure during asynchronous tool preflight stops adapter entry
  ---
  duration_ms: 11.304334
  type: 'test'
  ...
# Subtest: sqlite: denied channel cannot receive even a queued acknowledgement from restricted work
ok 10 - sqlite: denied channel cannot receive even a queued acknowledgement from restricted work
  ---
  duration_ms: 11.115375
  type: 'test'
  ...
# Subtest: sqlite: disclosure revocation preserves unknown delivery and prevents full-body lookup
ok 11 - sqlite: disclosure revocation preserves unknown delivery and prevents full-body lookup
  ---
  duration_ms: 9.726792
  type: 'test'
  ...
# Subtest: sqlite: still-authorized unknown delivery uses lookup without resending
ok 12 - sqlite: still-authorized unknown delivery uses lookup without resending
  ---
  duration_ms: 9.590709
  type: 'test'
  ...
# Subtest: sqlite: policy changed during artifact check stops an unknown question lookup
ok 13 - sqlite: policy changed during artifact check stops an unknown question lookup
  ---
  duration_ms: 13.409583
  type: 'test'
  ...
# Subtest: sqlite: child budget cannot omit or expand parent disclosure policy
ok 14 - sqlite: child budget cannot omit or expand parent disclosure policy
  ---
  duration_ms: 7.9325
  type: 'test'
  ...
# Subtest: sqlite: child read-scope narrowing inherits the parent prose floor and blocks model export
ok 15 - sqlite: child read-scope narrowing inherits the parent prose floor and blocks model export
  ---
  duration_ms: 14.467958
  type: 'test'
  ...
# Subtest: sqlite: legacy parent cannot classify copied work prose by creating a boundary-enabled child
ok 16 - sqlite: legacy parent cannot classify copied work prose by creating a boundary-enabled child
  ---
  duration_ms: 6.701875
  type: 'test'
  ...
# Subtest: sqlite: floor and active policy cannot be removed by a direct state commit
ok 17 - sqlite: floor and active policy cannot be removed by a direct state commit
  ---
  duration_ms: 6.781958
  type: 'test'
  ...
# Subtest: sqlite: classifying a preexisting legacy work requires explicit migration
ok 18 - sqlite: classifying a preexisting legacy work requires explicit migration
  ---
  duration_ms: 34.79825
  type: 'test'
  ...
# Subtest: file-journal: restricted work reaches neither external estimator nor model even without an evidence body
ok 19 - file-journal: restricted work reaches neither external estimator nor model even without an evidence body
  ---
  duration_ms: 69.148083
  type: 'test'
  ...
# Subtest: file-journal: authorized internal model retains the floor through a forced compact and stored request
ok 20 - file-journal: authorized internal model retains the floor through a forced compact and stored request
  ---
  duration_ms: 84.857333
  type: 'test'
  ...
# Subtest: file-journal: disclosure revoked during source assembly stops the estimator before it receives prose
ok 21 - file-journal: disclosure revoked during source assembly stops the estimator before it receives prose
  ---
  duration_ms: 53.654209
  type: 'test'
  ...
# Subtest: file-journal: revoked model disclosure cancels a stored request before adapter entry
ok 22 - file-journal: revoked model disclosure cancels a stored request before adapter entry
  ---
  duration_ms: 60.035542
  type: 'test'
  ...
# Subtest: file-journal: disclosure revoked during stored model input read stops the final transport
ok 23 - file-journal: disclosure revoked during stored model input read stops the final transport
  ---
  duration_ms: 92.843375
  type: 'test'
  ...
# Subtest: file-journal: tool access labels cannot authorize restricted task inputs to an external tool
ok 24 - file-journal: tool access labels cannot authorize restricted task inputs to an external tool
  ---
  duration_ms: 81.096042
  type: 'test'
  ...
# Subtest: file-journal: read permission narrowing does not relabel old task prose as public
ok 25 - file-journal: read permission narrowing does not relabel old task prose as public
  ---
  duration_ms: 82.123583
  type: 'test'
  ...
# Subtest: file-journal: authorized internal tool receives one invocation after current disclosure check
ok 26 - file-journal: authorized internal tool receives one invocation after current disclosure check
  ---
  duration_ms: 67.194542
  type: 'test'
  ...
# Subtest: file-journal: changed disclosure during asynchronous tool preflight stops adapter entry
ok 27 - file-journal: changed disclosure during asynchronous tool preflight stops adapter entry
  ---
  duration_ms: 77.372958
  type: 'test'
  ...
# Subtest: file-journal: denied channel cannot receive even a queued acknowledgement from restricted work
ok 28 - file-journal: denied channel cannot receive even a queued acknowledgement from restricted work
  ---
  duration_ms: 53.163417
  type: 'test'
  ...
# Subtest: file-journal: disclosure revocation preserves unknown delivery and prevents full-body lookup
ok 29 - file-journal: disclosure revocation preserves unknown delivery and prevents full-body lookup
  ---
  duration_ms: 84.101209
  type: 'test'
  ...
# Subtest: file-journal: still-authorized unknown delivery uses lookup without resending
ok 30 - file-journal: still-authorized unknown delivery uses lookup without resending
  ---
  duration_ms: 82.057167
  type: 'test'
  ...
# Subtest: file-journal: policy changed during artifact check stops an unknown question lookup
ok 31 - file-journal: policy changed during artifact check stops an unknown question lookup
  ---
  duration_ms: 138.453916
  type: 'test'
  ...
# Subtest: file-journal: child budget cannot omit or expand parent disclosure policy
ok 32 - file-journal: child budget cannot omit or expand parent disclosure policy
  ---
  duration_ms: 26.962
  type: 'test'
  ...
# Subtest: file-journal: child read-scope narrowing inherits the parent prose floor and blocks model export
ok 33 - file-journal: child read-scope narrowing inherits the parent prose floor and blocks model export
  ---
  duration_ms: 87.363833
  type: 'test'
  ...
# Subtest: file-journal: legacy parent cannot classify copied work prose by creating a boundary-enabled child
ok 34 - file-journal: legacy parent cannot classify copied work prose by creating a boundary-enabled child
  ---
  duration_ms: 36.385583
  type: 'test'
  ...
# Subtest: file-journal: floor and active policy cannot be removed by a direct state commit
ok 35 - file-journal: floor and active policy cannot be removed by a direct state commit
  ---
  duration_ms: 24.312375
  type: 'test'
  ...
# Subtest: file-journal: classifying a preexisting legacy work requires explicit migration
ok 36 - file-journal: classifying a preexisting legacy work requires explicit migration
  ---
  duration_ms: 36.914666
  type: 'test'
  ...
# Subtest: memory state adapter applies the same floor transition guard as persistent adapters
ok 37 - memory state adapter applies the same floor transition guard as persistent adapters
  ---
  duration_ms: 0.509917
  type: 'test'
  ...
# Subtest: direct structured adapter denies estimation and transport using the retained context floor
ok 38 - direct structured adapter denies estimation and transport using the retained context floor
  ---
  duration_ms: 1.049958
  type: 'test'
  ...
# Subtest: effect proofs: a legacy work uses neither the optional checker nor any refresh mutation
ok 39 - effect proofs: a legacy work uses neither the optional checker nor any refresh mutation
  ---
  duration_ms: 32.967084
  type: 'test'
  ...
# Subtest: effect proofs: settled claims require a checker and checker failures stay unavailable
ok 40 - effect proofs: settled claims require a checker and checker failures stay unavailable
  ---
  duration_ms: 11.681709
  type: 'test'
  ...
# Subtest: effect proofs: missing checker reopens the original obligation and cancels ordinary reservations once without rewriting proof history
ok 41 - effect proofs: missing checker reopens the original obligation and cancels ordinary reservations once without rewriting proof history
  ---
  duration_ms: 9.948167
  type: 'test'
  ...
# Subtest: effect proofs: expired reserved lookup releases only an undispatched reservation and preserves measured uncertainty
ok 42 - effect proofs: expired reserved lookup releases only an undispatched reservation and preserves measured uncertainty
  ---
  duration_ms: 11.576334
  type: 'test'
  ...
# Subtest: effect proofs: expired running lookup releases only an undispatched reservation and preserves measured uncertainty
ok 43 - effect proofs: expired running lookup releases only an undispatched reservation and preserves measured uncertainty
  ---
  duration_ms: 8.331167
  type: 'test'
  ...
# Subtest: effect proofs: lifecycle deletion reopens a settled effect and quarantines all linked references without changing received facts or timestamps
ok 44 - effect proofs: lifecycle deletion reopens a settled effect and quarantines all linked references without changing received facts or timestamps
  ---
  duration_ms: 8.836125
  type: 'test'
  ...
# Subtest: effect proofs: a committed tool dispatch with missing proof authority cannot silently bypass the broker
ok 45 - effect proofs: a committed tool dispatch with missing proof authority cannot silently bypass the broker
  ---
  duration_ms: 15.582584
  type: 'test'
  ...
# Subtest: effect proofs: a committed tool dispatch with invalid proof authority cannot silently bypass the broker
ok 46 - effect proofs: a committed tool dispatch with invalid proof authority cannot silently bypass the broker
  ---
  duration_ms: 8.641125
  type: 'test'
  ...
# Subtest: effect proofs: a committed tool dispatch with valid proof authority cannot silently bypass the broker
ok 47 - effect proofs: a committed tool dispatch with valid proof authority cannot silently bypass the broker
  ---
  duration_ms: 8.91675
  type: 'test'
  ...
# Subtest: effect proofs: a reuse await that loses proof validity is checked before implementation entry
ok 48 - effect proofs: a reuse await that loses proof validity is checked before implementation entry
  ---
  duration_ms: 8.248792
  type: 'test'
  ...
# Subtest: effect proofs: invalid proof prevents new model reservation before compiling input
ok 49 - effect proofs: invalid proof prevents new model reservation before compiling input
  ---
  duration_ms: 7.624334
  type: 'test'
  ...
# Subtest: effect proofs: losing proof during pre-dispatch input read leaves the unsent reservation unchanged
ok 50 - effect proofs: losing proof during pre-dispatch input read leaves the unsent reservation unchanged
  ---
  duration_ms: 14.679625
  type: 'test'
  ...
# Subtest: effect proofs: losing proof during model input read prevents actual planner entry and still settles the dispatched call
ok 51 - effect proofs: losing proof during model input read prevents actual planner entry and still settles the dispatched call
  ---
  duration_ms: 10.940792
  type: 'test'
  ...
# Subtest: effect proofs: loss during adoption artifact checks rejects a stored model proposal while preserving usage
ok 52 - effect proofs: loss during adoption artifact checks rejects a stored model proposal while preserving usage
  ---
  duration_ms: 11.469625
  type: 'test'
  ...
# Subtest: effect proofs: a valid checker permits one model invocation and adoption with the historical proof unchanged
ok 53 - effect proofs: a valid checker permits one model invocation and adoption with the historical proof unchanged
  ---
  duration_ms: 8.958333
  type: 'test'
  ...
# Subtest: effect proofs: proof loss during result body storage prevents response publication
ok 54 - effect proofs: proof loss during result body storage prevents response publication
  ---
  duration_ms: 7.78175
  type: 'test'
  ...
# Subtest: effect proofs: a same-revision snapshot suppresses an existing result when its proof becomes unavailable during the read
ok 55 - effect proofs: a same-revision snapshot suppresses an existing result when its proof becomes unavailable during the read
  ---
  duration_ms: 7.561667
  type: 'test'
  ...
# Subtest: cancel during input artifact read prevents transport invocation and releases the known unused token reservation
ok 56 - cancel during input artifact read prevents transport invocation and releases the known unused token reservation
  ---
  duration_ms: 39.227208
  type: 'test'
  ...
# Subtest: goal during input artifact read prevents transport invocation and releases the known unused token reservation
ok 57 - goal during input artifact read prevents transport invocation and releases the known unused token reservation
  ---
  duration_ms: 12.166
  type: 'test'
  ...
# Subtest: destination during input artifact read prevents transport invocation and releases the known unused token reservation
ok 58 - destination during input artifact read prevents transport invocation and releases the known unused token reservation
  ---
  duration_ms: 10.24175
  type: 'test'
  ...
# Subtest: labels during input artifact read prevents transport invocation and releases the known unused token reservation
ok 59 - labels during input artifact read prevents transport invocation and releases the known unused token reservation
  ---
  duration_ms: 7.286083
  type: 'test'
  ...
# Subtest: cancelling an active model sends its signal, yields promptly and settles late usage once without adopting the old plan
ok 60 - cancelling an active model sends its signal, yields promptly and settles late usage once without adopting the old plan
  ---
  duration_ms: 11.176542
  type: 'test'
  ...
# Subtest: input byte limit rejects before a durable reservation or transport call
ok 61 - input byte limit rejects before a durable reservation or transport call
  ---
  duration_ms: 4.432041
  type: 'test'
  ...
# Subtest: token budget rejects before a durable reservation or transport call
ok 62 - token budget rejects before a durable reservation or transport call
  ---
  duration_ms: 5.482292
  type: 'test'
  ...
# Subtest: model call budget rejects before a durable reservation or transport call
ok 63 - model call budget rejects before a durable reservation or transport call
  ---
  duration_ms: 3.414209
  type: 'test'
  ...
# Subtest: model context capacity and destination policy reject input without invoking the planner
ok 64 - model context capacity and destination policy reject input without invoking the planner
  ---
  duration_ms: 8.921958
  type: 'test'
  ...
# Subtest: concurrent reservations have one winner and duplicate execution performs one dispatch and one transport call
ok 65 - concurrent reservations have one winner and duplicate execution performs one dispatch and one transport call
  ---
  duration_ms: 10.833917
  type: 'test'
  ...
# Subtest: a replacement owner waits for a reserved lease, then releases it and creates a fresh intent without repeating a transport call
ok 66 - a replacement owner waits for a reserved lease, then releases it and creates a fresh intent without repeating a transport call
  ---
  duration_ms: 13.284959
  type: 'test'
  ...
# Subtest: a recovered running lease retains uncertain cost and accepts only late accounting, never its expired plan
ok 67 - a recovered running lease retains uncertain cost and accepts only late accounting, never its expired plan
  ---
  duration_ms: 6.518084
  type: 'test'
  ...
# Subtest: a reply without usage keeps its reservation and prevents a further model call after rejection
ok 68 - a reply without usage keeps its reservation and prevents a further model call after rejection
  ---
  duration_ms: 7.112666
  type: 'test'
  ...
1..68
# tests 68
# suites 0
# pass 68
# fail 0
# cancelled 0
# skipped 0
# todo 0
# duration_ms 1654.318416
