TAP version 13
# Subtest: two deployments keep same-ID personal memories separate through HTTP recall and later work without collaboration or automatic evidence promotion
not ok 1 - two deployments keep same-ID personal memories separate through HTTP recall and later work without collaboration or automatic evidence promotion
  ---
  duration_ms: 26420.345583
  type: 'test'
  location: '/Users/seunghanee/Documents/secumon/runtime/dist/tests/agent-deployment-entry.test.js:130:1'
  failureType: 'testCodeFailure'
  error: ''
  code: 'ERR_TEST_FAILURE'
  ...
1..1
# tests 1
# suites 0
# pass 0
# fail 1
# cancelled 0
# skipped 0
# todo 0
# duration_ms 26553.800042
