
> long-horizon-runtime@0.1.0 build
> tsc -p tsconfig.json && node scripts/record-build.mjs

src/application/budget-delegation.ts(40,17): error TS2375: Type 'T' is not assignable to type 'T & { budgetLedger?: BudgetWorkLedger; }' with 'exactOptionalPropertyTypes: true'. Consider adding 'undefined' to the types of the target's properties.
  Type 'ReadServices' is not assignable to type 'T & { budgetLedger?: BudgetWorkLedger; }' with 'exactOptionalPropertyTypes: true'. Consider adding 'undefined' to the types of the target's properties.
    Type 'ReadServices' is not assignable to type 'T'.
      'ReadServices' is assignable to the constraint of type 'T', but 'T' could be instantiated with a different subtype of constraint 'ReadServices'.
        Type 'T' is not assignable to type '{ budgetLedger?: BudgetWorkLedger; }' with 'exactOptionalPropertyTypes: true'. Consider adding 'undefined' to the types of the target's properties.
          Type 'ReadServices' is not assignable to type '{ budgetLedger?: BudgetWorkLedger; }' with 'exactOptionalPropertyTypes: true'. Consider adding 'undefined' to the types of the target's properties.
            Types of property 'budgetLedger' are incompatible.
              Type 'BudgetWorkLedger | undefined' is not assignable to type 'BudgetWorkLedger'.
                Type 'undefined' is not assignable to type 'BudgetWorkLedger'.
src/application/mission-runtime.ts(58,123): error TS2339: Property 'sourceVersion' does not exist on type 'Evidence'.
src/application/mission-runtime.ts(91,107): error TS2345: Argument of type '{ subscriptionId: string; artifact: ArtifactRef; }' is not assignable to parameter of type 'Json'.
  Types of property 'artifact' are incompatible.
    Type 'ArtifactRef' is not assignable to type 'Json | undefined'.
      Type 'ArtifactRef' is not assignable to type '{ [key: string]: Json; }'.
        Index signature for type 'string' is missing in type 'ArtifactRef'.
src/application/resident-missions.ts(103,108): error TS2345: Argument of type '{ subscriptionId: string; artifact: ArtifactRef; }' is not assignable to parameter of type 'Json'.
  Types of property 'artifact' are incompatible.
    Type 'ArtifactRef' is not assignable to type 'Json | undefined'.
      Type 'ArtifactRef' is not assignable to type '{ [key: string]: Json; }'.
        Index signature for type 'string' is missing in type 'ArtifactRef'.
