TAP version 13
# Subtest: two deployments keep same-ID personal memories separate through HTTP recall and later work without collaboration or automatic evidence promotion
not ok 1 - two deployments keep same-ID personal memories separate through HTTP recall and later work without collaboration or automatic evidence promotion
  ---
  duration_ms: 26713.529041
  type: 'test'
  location: '/Users/seunghanee/Documents/secumon/runtime/dist/tests/agent-deployment-entry.test.js:130:1'
  failureType: 'testCodeFailure'
  error: 'deployment_http_failed {"deployment":"research","method":"POST","path":"/api/works/work-7814eb0d40b7ff6e2059f468da14cd734fc5b76ba02903bf92b9e0ef1ce29385/commands","elapsedMs":20070,"status":null,"expected":200,"timeoutMs":20000,"aborted":true,"error":{"name":"TimeoutError","message":"The operation was aborted due to timeout"},"abortReason":{"name":"TimeoutError","message":"The operation was aborted due to timeout"},"modelInputs":3,"sourceReads":1}'
  code: 'ERR_TEST_FAILURE'
  stack: |-
    Object.request (file:///Users/seunghanee/Documents/secumon/runtime/dist/tests/agent-deployment-entry-fixture.js:137:23)
    process.processTicksAndRejections (node:internal/process/task_queues:104:5)
    async TestContext.<anonymous> (file:///Users/seunghanee/Documents/secumon/runtime/dist/tests/agent-deployment-entry.test.js:189:19)
    async Test.run (node:internal/test_runner/test:1404:7)
    async startSubtestAfterBootstrap (node:internal/test_runner/harness:387:3)
  ...
1..1
# tests 1
# suites 0
# pass 0
# fail 1
# cancelled 0
# skipped 0
# todo 0
# duration_ms 26847.1355
