TAP version 13
# Subtest: two deployments keep same-ID personal memories separate through HTTP recall and later work without collaboration or automatic evidence promotion
not ok 1 - two deployments keep same-ID personal memories separate through HTTP recall and later work without collaboration or automatic evidence promotion
  ---
  duration_ms: 1345.56825
  type: 'test'
  location: '/Users/seunghanee/Documents/secumon/runtime/dist/tests/agent-deployment-entry.test.js:116:1'
  failureType: 'testCodeFailure'
  error: |-
    {"code":"personal_memory_not_selectable"}
    
    409 !== 200
    
  code: 'ERR_ASSERTION'
  name: 'AssertionError'
  expected: 200
  actual: 409
  operator: 'strictEqual'
  stack: |-
    Object.request (file:///Users/seunghanee/Documents/secumon/runtime/dist/tests/agent-deployment-entry-fixture.js:106:20)
    process.processTicksAndRejections (node:internal/process/task_queues:104:5)
    async TestContext.<anonymous> (file:///Users/seunghanee/Documents/secumon/runtime/dist/tests/agent-deployment-entry.test.js:160:26)
    async Test.run (node:internal/test_runner/test:1404:7)
    async startSubtestAfterBootstrap (node:internal/test_runner/harness:387:3)
  ...
1..1
# tests 1
# suites 0
# pass 0
# fail 1
# cancelled 0
# skipped 0
# todo 0
# duration_ms 1479.796875
