TAP version 13
# Subtest: installation original npm package supports cached offline global bin setup and preserves work across reinstall
ok 1 - installation original npm package supports cached offline global bin setup and preserves work across reinstall
  ---
  duration_ms: 21909.015
  type: 'test'
  ...
# Subtest: installation bundled engine uses its returned offline command and consumes packaged assets
ok 2 - installation bundled engine uses its returned offline command and consumes packaged assets
  ---
  duration_ms: 45017.948125
  type: 'test'
  ...
1..2
# tests 2
# suites 0
# pass 2
# fail 0
# cancelled 0
# skipped 0
# todo 0
# duration_ms 66995.849666
