TAP version 13
# Subtest: sqlite: Knox acknowledges before execution and preserves a quiet persistent session across redelivery and reopen
ok 1 - sqlite: Knox acknowledges before execution and preserves a quiet persistent session across redelivery and reopen
  ---
  duration_ms: 1554.06
  type: 'test'
  ...
# Subtest: sqlite: Knox unknown delivery is reconciled explicitly without status side effects or duplicate transcript entries
ok 2 - sqlite: Knox unknown delivery is reconciled explicitly without status side effects or duplicate transcript entries
  ---
  duration_ms: 789.354625
  type: 'test'
  ...
# Subtest: file-journal: Knox acknowledges before execution and preserves a quiet persistent session across redelivery and reopen
ok 3 - file-journal: Knox acknowledges before execution and preserves a quiet persistent session across redelivery and reopen
  ---
  duration_ms: 2502.07675
  type: 'test'
  ...
# Subtest: file-journal: Knox unknown delivery is reconciled explicitly without status side effects or duplicate transcript entries
ok 4 - file-journal: Knox unknown delivery is reconciled explicitly without status side effects or duplicate transcript entries
  ---
  duration_ms: 1450.498208
  type: 'test'
  ...
# Subtest: Knox run rejects an unbound work before applying pending commands from its own session
ok 5 - Knox run rejects an unbound work before applying pending commands from its own session
  ---
  duration_ms: 356.394917
  type: 'test'
  ...
# Subtest: Knox lookup absent retries only on a later flush with idempotentSend=false
ok 6 - Knox lookup absent retries only on a later flush with idempotentSend=false
  ---
  duration_ms: 225.178375
  type: 'test'
  ...
# Subtest: Knox lookup absent retries only on a later flush with idempotentSend=true
ok 7 - Knox lookup absent retries only on a later flush with idempotentSend=true
  ---
  duration_ms: 216.744208
  type: 'test'
  ...
# Subtest: Knox binds work operations to the authenticated agent, recipient, conversation and session
ok 8 - Knox binds work operations to the authenticated agent, recipient, conversation and session
  ---
  duration_ms: 559.563917
  type: 'test'
  ...
# Subtest: Knox control, followup and goal change preserve explicit versions and original messages without implicit execution
ok 9 - Knox control, followup and goal change preserve explicit versions and original messages without implicit execution
  ---
  duration_ms: 273.056916
  type: 'test'
  ...
# Subtest: Knox can resume its own durable request when intake stopped before creating the work
ok 10 - Knox can resume its own durable request when intake stopped before creating the work
  ---
  duration_ms: 632.39125
  type: 'test'
  ...
# Subtest: Knox rejects a simultaneous run and releases the local reservation when it finishes
ok 11 - Knox rejects a simultaneous run and releases the local reservation when it finishes
  ---
  duration_ms: 536.873333
  type: 'test'
  ...
# Subtest: Knox rejects new inbound work from the start of close before stores finish draining
ok 12 - Knox rejects new inbound work from the start of close before stores finish draining
  ---
  duration_ms: 218.743458
  type: 'test'
  ...
1..12
# tests 12
# suites 0
# pass 12
# fail 0
# cancelled 0
# skipped 0
# todo 0
# duration_ms 9446.4425
