TAP version 13
# Subtest: sqlite: registered archive search, explicit get and answer keep references outside Evidence and personal memory
not ok 1 - sqlite: registered archive search, explicit get and answer keep references outside Evidence and personal memory
  ---
  duration_ms: 319.34025
  type: 'test'
  location: '/Users/seunghanee/Documents/secumon/runtime/dist/tests/archive-entry.test.js:5:5'
  failureType: 'testCodeFailure'
  error: 'knowledge_unavailable'
  code: 'ERR_TEST_FAILURE'
  stack: |-
    unavailable (file:///Users/seunghanee/Documents/secumon/runtime/dist/application/knowledge-service.js:9:27)
    #allowedPlace (file:///Users/seunghanee/Documents/secumon/runtime/dist/application/knowledge-service.js:56:23)
    KnowledgeService.search (file:///Users/seunghanee/Documents/secumon/runtime/dist/application/knowledge-service.js:767:27)
    async personalArchiveCards (file:///Users/seunghanee/Documents/secumon/runtime/dist/tests/archive-acceptance-fixture.js:159:13)
    async TestContext.<anonymous> (file:///Users/seunghanee/Documents/secumon/runtime/dist/tests/archive-entry.test.js:7:26)
    async Test.run (node:internal/test_runner/test:1404:7)
    async startSubtestAfterBootstrap (node:internal/test_runner/harness:387:3)
  ...
# Subtest: file-journal: registered archive search, explicit get and answer keep references outside Evidence and personal memory
not ok 2 - file-journal: registered archive search, explicit get and answer keep references outside Evidence and personal memory
  ---
  duration_ms: 313.513084
  type: 'test'
  location: '/Users/seunghanee/Documents/secumon/runtime/dist/tests/archive-entry.test.js:5:5'
  failureType: 'testCodeFailure'
  error: 'knowledge_unavailable'
  code: 'ERR_TEST_FAILURE'
  stack: |-
    unavailable (file:///Users/seunghanee/Documents/secumon/runtime/dist/application/knowledge-service.js:9:27)
    #allowedPlace (file:///Users/seunghanee/Documents/secumon/runtime/dist/application/knowledge-service.js:56:23)
    KnowledgeService.search (file:///Users/seunghanee/Documents/secumon/runtime/dist/application/knowledge-service.js:767:27)
    async personalArchiveCards (file:///Users/seunghanee/Documents/secumon/runtime/dist/tests/archive-acceptance-fixture.js:159:13)
    async TestContext.<anonymous> (file:///Users/seunghanee/Documents/secumon/runtime/dist/tests/archive-entry.test.js:7:26)
    async Test.run (node:internal/test_runner/test:1404:7)
    async Test.processPendingSubtests (node:internal/test_runner/test:969:7)
  ...
# Subtest: registered archive explicit register, revise and delete use separate works in one persistent session
not ok 3 - registered archive explicit register, revise and delete use separate works in one persistent session
  ---
  duration_ms: 1973.989
  type: 'test'
  location: '/Users/seunghanee/Documents/secumon/runtime/dist/tests/archive-entry.test.js:46:1'
  failureType: 'testCodeFailure'
  error: 'knowledge_unavailable'
  code: 'ERR_TEST_FAILURE'
  stack: |-
    unavailable (file:///Users/seunghanee/Documents/secumon/runtime/dist/application/knowledge-service.js:9:27)
    #allowedPlace (file:///Users/seunghanee/Documents/secumon/runtime/dist/application/knowledge-service.js:56:23)
    KnowledgeService.search (file:///Users/seunghanee/Documents/secumon/runtime/dist/application/knowledge-service.js:767:27)
    async personalArchiveCards (file:///Users/seunghanee/Documents/secumon/runtime/dist/tests/archive-acceptance-fixture.js:159:13)
    async TestContext.<anonymous> (file:///Users/seunghanee/Documents/secumon/runtime/dist/tests/archive-entry.test.js:80:22)
    async Test.run (node:internal/test_runner/test:1404:7)
    async Test.processPendingSubtests (node:internal/test_runner/test:969:7)
  ...
# Subtest: sqlite: archive lost mutation response recovers from the original receipt after reopen without repeating a write
not ok 4 - sqlite: archive lost mutation response recovers from the original receipt after reopen without repeating a write
  ---
  duration_ms: 602.151458
  type: 'test'
  location: '/Users/seunghanee/Documents/secumon/runtime/dist/tests/archive-entry.test.js:106:5'
  failureType: 'testCodeFailure'
  error: 'knowledge_unavailable'
  code: 'ERR_TEST_FAILURE'
  stack: |-
    unavailable (file:///Users/seunghanee/Documents/secumon/runtime/dist/application/knowledge-service.js:9:27)
    #allowedPlace (file:///Users/seunghanee/Documents/secumon/runtime/dist/application/knowledge-service.js:56:23)
    KnowledgeService.search (file:///Users/seunghanee/Documents/secumon/runtime/dist/application/knowledge-service.js:767:27)
    async personalArchiveCards (file:///Users/seunghanee/Documents/secumon/runtime/dist/tests/archive-acceptance-fixture.js:159:13)
    async TestContext.<anonymous> (file:///Users/seunghanee/Documents/secumon/runtime/dist/tests/archive-entry.test.js:136:26)
    async Test.run (node:internal/test_runner/test:1404:7)
    async Test.processPendingSubtests (node:internal/test_runner/test:969:7)
  ...
# Subtest: file-journal: archive lost mutation response recovers from the original receipt after reopen without repeating a write
not ok 5 - file-journal: archive lost mutation response recovers from the original receipt after reopen without repeating a write
  ---
  duration_ms: 741.847708
  type: 'test'
  location: '/Users/seunghanee/Documents/secumon/runtime/dist/tests/archive-entry.test.js:106:5'
  failureType: 'testCodeFailure'
  error: 'knowledge_unavailable'
  code: 'ERR_TEST_FAILURE'
  stack: |-
    unavailable (file:///Users/seunghanee/Documents/secumon/runtime/dist/application/knowledge-service.js:9:27)
    #allowedPlace (file:///Users/seunghanee/Documents/secumon/runtime/dist/application/knowledge-service.js:56:23)
    KnowledgeService.search (file:///Users/seunghanee/Documents/secumon/runtime/dist/application/knowledge-service.js:767:27)
    async personalArchiveCards (file:///Users/seunghanee/Documents/secumon/runtime/dist/tests/archive-acceptance-fixture.js:159:13)
    async TestContext.<anonymous> (file:///Users/seunghanee/Documents/secumon/runtime/dist/tests/archive-entry.test.js:136:26)
    async Test.run (node:internal/test_runner/test:1404:7)
    async Test.processPendingSubtests (node:internal/test_runner/test:969:7)
  ...
# Subtest: archive null receipt remains unknown through repeated recovery and is never treated as permission to repeat mutation
ok 6 - archive null receipt remains unknown through repeated recovery and is never treated as permission to repeat mutation
  ---
  duration_ms: 391.067916
  type: 'test'
  ...
# Subtest: archive mismatched recovery receipt leaves the original failure and pending reconciliation untouched
not ok 7 - archive mismatched recovery receipt leaves the original failure and pending reconciliation untouched
  ---
  duration_ms: 386.668209
  type: 'test'
  location: '/Users/seunghanee/Documents/secumon/runtime/dist/tests/archive-entry.test.js:153:1'
  failureType: 'testCodeFailure'
  error: 'knowledge_unavailable'
  code: 'ERR_TEST_FAILURE'
  stack: |-
    unavailable (file:///Users/seunghanee/Documents/secumon/runtime/dist/application/knowledge-service.js:9:27)
    #allowedPlace (file:///Users/seunghanee/Documents/secumon/runtime/dist/application/knowledge-service.js:56:23)
    KnowledgeService.search (file:///Users/seunghanee/Documents/secumon/runtime/dist/application/knowledge-service.js:767:27)
    async personalArchiveCards (file:///Users/seunghanee/Documents/secumon/runtime/dist/tests/archive-acceptance-fixture.js:159:13)
    async TestContext.<anonymous> (file:///Users/seunghanee/Documents/secumon/runtime/dist/tests/archive-entry.test.js:163:22)
    async Test.run (node:internal/test_runner/test:1404:7)
    async Test.processPendingSubtests (node:internal/test_runner/test:969:7)
  ...
# Subtest: archive access requires both source registration and explicit write permission
ok 8 - archive access requires both source registration and explicit write permission
  ---
  duration_ms: 115.6465
  type: 'test'
  ...
# Subtest: archive search exposes cards without body and explicit get returns the exact original reference
ok 9 - archive search exposes cards without body and explicit get returns the exact original reference
  ---
  duration_ms: 36.95125
  type: 'test'
  ...
# Subtest: archive bounded reads distinguish truncated search and oversized original without returning body fragments
ok 10 - archive bounded reads distinguish truncated search and oversized original without returning body fragments
  ---
  duration_ms: 77.143
  type: 'test'
  ...
# Subtest: archive duplicate command reuses its exact durable receipt while changed command content conflicts
ok 11 - archive duplicate command reuses its exact durable receipt while changed command content conflicts
  ---
  duration_ms: 64.978042
  type: 'test'
  ...
# Subtest: archive revisions retain source versions and durable receipts after delete and reopen
ok 12 - archive revisions retain source versions and durable receipts after delete and reopen
  ---
  duration_ms: 58.354958
  type: 'test'
  ...
# Subtest: archive mutation tool binds command identity to the original work and attempt, never supplied input
ok 13 - archive mutation tool binds command identity to the original work and attempt, never supplied input
  ---
  duration_ms: 26.694041
  type: 'test'
  ...
# Subtest: archive service rejects mismatched provider receipts without a second mutation
ok 14 - archive service rejects mismatched provider receipts without a second mutation
  ---
  duration_ms: 26.863834
  type: 'test'
  ...
# Subtest: two independent SQLite deployments use the ordinary model/tool loop for a question and an optional cited reply without creating response duties or copying memory
not ok 15 - two independent SQLite deployments use the ordinary model/tool loop for a question and an optional cited reply without creating response duties or copying memory
  ---
  duration_ms: 910.448667
  type: 'test'
  location: '/Users/seunghanee/Documents/secumon/runtime/dist/tests/board-deployment-entry.test.js:49:1'
  failureType: 'testCodeFailure'
  error: '{"control":{"kind":"blocked","reason":"no_progress_limit"},"status":"blocked","reason":"no_progress_limit","attempts":[{"toolId":"core.board.read","status":"failed","error":{"code":"board_unavailable","retryable":false}}]}'
  code: 'ERR_ASSERTION'
  name: 'AssertionError'
  expected: true
  actual: false
  operator: '=='
  stack: |-
    runEntry (file:///Users/seunghanee/Documents/secumon/runtime/dist/tests/board-deployment-entry-fixture.js:276:12)
    async TestContext.<anonymous> (file:///Users/seunghanee/Documents/secumon/runtime/dist/tests/board-deployment-entry.test.js:57:19)
    async Test.run (node:internal/test_runner/test:1404:7)
    async startSubtestAfterBootstrap (node:internal/test_runner/harness:387:3)
  ...
# Subtest: reversed requester and responder roles accept and answer a request through independent profiles, wait without model work, and complete only after requester confirmation
not ok 16 - reversed requester and responder roles accept and answer a request through independent profiles, wait without model work, and complete only after requester confirmation
  ---
  duration_ms: 696.110416
  type: 'test'
  location: '/Users/seunghanee/Documents/secumon/runtime/dist/tests/board-deployment-entry.test.js:109:1'
  failureType: 'testCodeFailure'
  error: '{"control":{"kind":"blocked","reason":"no_progress_limit"},"status":"blocked","reason":"no_progress_limit","attempts":[{"toolId":"core.board.read","status":"failed","error":{"code":"board_unavailable","retryable":false}}]}'
  code: 'ERR_ASSERTION'
  name: 'AssertionError'
  expected: true
  actual: false
  operator: '=='
  stack: |-
    runEntry (file:///Users/seunghanee/Documents/secumon/runtime/dist/tests/board-deployment-entry-fixture.js:276:12)
    async TestContext.<anonymous> (file:///Users/seunghanee/Documents/secumon/runtime/dist/tests/board-deployment-entry.test.js:114:21)
    async Test.run (node:internal/test_runner/test:1404:7)
    async Test.processPendingSubtests (node:internal/test_runner/test:969:7)
  ...
# Subtest: withdrawn foreign-source scope invalidates the retained discussion proof and a new session sees no protected post without changing the owner original
not ok 17 - withdrawn foreign-source scope invalidates the retained discussion proof and a new session sees no protected post without changing the owner original
  ---
  duration_ms: 681.651333
  type: 'test'
  location: '/Users/seunghanee/Documents/secumon/runtime/dist/tests/board-deployment-entry.test.js:192:1'
  failureType: 'testCodeFailure'
  error: '{"control":{"kind":"blocked","reason":"no_progress_limit"},"status":"blocked","reason":"no_progress_limit","attempts":[{"toolId":"core.board.read","status":"failed","error":{"code":"board_unavailable","retryable":false}}]}'
  code: 'ERR_ASSERTION'
  name: 'AssertionError'
  expected: true
  actual: false
  operator: '=='
  stack: |-
    runEntry (file:///Users/seunghanee/Documents/secumon/runtime/dist/tests/board-deployment-entry-fixture.js:276:12)
    async TestContext.<anonymous> (file:///Users/seunghanee/Documents/secumon/runtime/dist/tests/board-deployment-entry.test.js:196:20)
    async Test.run (node:internal/test_runner/test:1404:7)
    async Test.processPendingSubtests (node:internal/test_runner/test:969:7)
  ...
# Subtest: collaboration registration: disabled factories stay unopened while the ordinary CLI keeps a usable persistent session
ok 18 - collaboration registration: disabled factories stay unopened while the ordinary CLI keeps a usable persistent session
  ---
  duration_ms: 1833.414
  type: 'test'
  ...
# Subtest: collaboration registration: enabled board or archive without a host registration fails before providers open
ok 19 - collaboration registration: enabled board or archive without a host registration fails before providers open
  ---
  duration_ms: 137.01025
  type: 'test'
  ...
# Subtest: collaboration registration: board write permission enables only the explicitly selected board tools
ok 20 - collaboration registration: board write permission enables only the explicitly selected board tools
  ---
  duration_ms: 526.408667
  type: 'test'
  ...
# Subtest: collaboration registration: archive capability and explicit host write grant remain separate in the ordinary profile
ok 21 - collaboration registration: archive capability and explicit host write grant remain separate in the ordinary profile
  ---
  duration_ms: 710.345417
  type: 'test'
  ...
# Subtest: collaboration registration: board actor identity is current and explicit shared scopes survive policy intersection
ok 22 - collaboration registration: board actor identity is current and explicit shared scopes survive policy intersection
  ---
  duration_ms: 458.082042
  type: 'test'
  ...
# Subtest: collaboration registration: board selection metadata and bound provider methods are captured once
ok 23 - collaboration registration: board selection metadata and bound provider methods are captured once
  ---
  duration_ms: 103.196542
  type: 'test'
  ...
# Subtest: collaboration registration: archive captures descriptor and provider receiver while rejecting foreign actors
ok 24 - collaboration registration: archive captures descriptor and provider receiver while rejecting foreign actors
  ---
  duration_ms: 104.0785
  type: 'test'
  ...
# Subtest: collaboration registration: close rejects new and in-flight reads and closes each acquired provider once
ok 25 - collaboration registration: close rejects new and in-flight reads and closes each acquired provider once
  ---
  duration_ms: 87.107125
  type: 'test'
  ...
# Subtest: collaboration registration: factory and acquired-provider failures preserve errors and close unrelated owned resources
ok 26 - collaboration registration: factory and acquired-provider failures preserve errors and close unrelated owned resources
  ---
  duration_ms: 456.979958
  type: 'test'
  ...
1..26
# tests 26
# suites 0
# pass 17
# fail 9
# cancelled 0
# skipped 0
# todo 0
# duration_ms 12351.411917
