TAP version 13
# Subtest: two independent SQLite deployments use the ordinary model/tool loop for a question and an optional cited reply without creating response duties or copying memory
not ok 1 - two independent SQLite deployments use the ordinary model/tool loop for a question and an optional cited reply without creating response duties or copying memory
  ---
  duration_ms: 3912.229958
  type: 'test'
  location: '/Users/seunghanee/Documents/secumon/runtime/dist/tests/board-deployment-entry.test.js:52:1'
  failureType: 'testCodeFailure'
  error: '{"control":{"kind":"blocked","reason":"no_progress_limit"},"status":"blocked","reason":"no_progress_limit","attempts":[{"toolId":"core.board.read","status":"succeeded","error":null}]}'
  code: 'ERR_ASSERTION'
  name: 'AssertionError'
  expected: true
  actual: false
  operator: '=='
  stack: |-
    runEntry (file:///Users/seunghanee/Documents/secumon/runtime/dist/tests/board-deployment-entry-fixture.js:281:12)
    async TestContext.<anonymous> (file:///Users/seunghanee/Documents/secumon/runtime/dist/tests/board-deployment-entry.test.js:71:20)
    async Test.run (node:internal/test_runner/test:1404:7)
    async startSubtestAfterBootstrap (node:internal/test_runner/harness:387:3)
  ...
# Subtest: reversed requester and responder roles accept and answer a request through independent profiles, wait without model work, and complete only after requester confirmation
not ok 2 - reversed requester and responder roles accept and answer a request through independent profiles, wait without model work, and complete only after requester confirmation
  ---
  duration_ms: 2037.255917
  type: 'test'
  location: '/Users/seunghanee/Documents/secumon/runtime/dist/tests/board-deployment-entry.test.js:112:1'
  failureType: 'testCodeFailure'
  error: '{"control":{"kind":"blocked","reason":"no_progress_limit"},"status":"blocked","reason":"no_progress_limit","attempts":[{"toolId":"core.board.read","status":"succeeded","error":null},{"toolId":"deployment.document.read","status":"succeeded","error":null},{"toolId":"core.board.publish","status":"succeeded","error":null}]}'
  code: 'ERR_ASSERTION'
  name: 'AssertionError'
  expected: true
  actual: false
  operator: '=='
  stack: |-
    runEntry (file:///Users/seunghanee/Documents/secumon/runtime/dist/tests/board-deployment-entry-fixture.js:281:12)
    async TestContext.<anonymous> (file:///Users/seunghanee/Documents/secumon/runtime/dist/tests/board-deployment-entry.test.js:117:21)
    async Test.run (node:internal/test_runner/test:1404:7)
    async Test.processPendingSubtests (node:internal/test_runner/test:969:7)
  ...
# Subtest: withdrawn foreign-source scope invalidates the retained discussion proof and a new session sees no protected post without changing the owner original
ok 3 - withdrawn foreign-source scope invalidates the retained discussion proof and a new session sees no protected post without changing the owner original
  ---
  duration_ms: 3535.670292
  type: 'test'
  ...
1..3
# tests 3
# suites 0
# pass 1
# fail 2
# cancelled 0
# skipped 0
# todo 0
# duration_ms 9625.768125
