TAP version 13
# Subtest: computer observation progress: a verified adopted view earns preparation without becoming evidence or completing criteria
ok 1 - computer observation progress: a verified adopted view earns preparation without becoming evidence or completing criteria
  ---
  duration_ms: 6.392791
  type: 'test'
  ...
# Subtest: computer observation progress: volatile observation metadata cannot renew credit and three unchanged views reach the default guard
ok 2 - computer observation progress: volatile observation metadata cannot renew credit and three unchanged views reach the default guard
  ---
  duration_ms: 1.450083
  type: 'test'
  ...
# Subtest: computer observation progress: changed visible values or facts earn a new preparation key
ok 3 - computer observation progress: changed visible values or facts earn a new preparation key
  ---
  duration_ms: 0.867375
  type: 'test'
  ...
# Subtest: computer observation progress: empty views earn no credit and still stop at the default three-step limit
ok 4 - computer observation progress: empty views earn no credit and still stop at the default three-step limit
  ---
  duration_ms: 0.386583
  type: 'test'
  ...
# Subtest: computer observation progress: the output kind and indexed artifact alone cannot supply trusted proof
ok 5 - computer observation progress: the output kind and indexed artifact alone cannot supply trusted proof
  ---
  duration_ms: 0.173833
  type: 'test'
  ...
# Subtest: computer observation progress: verified preparation does not require an unrelated local destination permission
ok 6 - computer observation progress: verified preparation does not require an unrelated local destination permission
  ---
  duration_ms: 0.197042
  type: 'test'
  ...
# Subtest: computer observation progress: reuse, rejection, errors and changed execution authority never earn credit
ok 7 - computer observation progress: reuse, rejection, errors and changed execution authority never earn credit
  ---
  duration_ms: 0.924792
  type: 'test'
  ...
# Subtest: sqlite: first verified effect settlement clears the no-progress gate and permits a read-only verification without creating evidence itself
ok 8 - sqlite: first verified effect settlement clears the no-progress gate and permits a read-only verification without creating evidence itself
  ---
  duration_ms: 3393.312
  type: 'test'
  ...
# Subtest: sqlite: duplicate settle and replay of the same reconciliation command add no progress, lookup or budget use
ok 9 - sqlite: duplicate settle and replay of the same reconciliation command add no progress, lookup or budget use
  ---
  duration_ms: 1266.528625
  type: 'test'
  ...
# Subtest: sqlite: re-proving the same source operation after proof-read invalidation cannot earn a second progress credit
ok 10 - sqlite: re-proving the same source operation after proof-read invalidation cannot earn a second progress credit
  ---
  duration_ms: 1355.846917
  type: 'test'
  ...
# Subtest: file-journal: first verified effect settlement clears the no-progress gate and permits a read-only verification without creating evidence itself
ok 11 - file-journal: first verified effect settlement clears the no-progress gate and permits a read-only verification without creating evidence itself
  ---
  duration_ms: 18910.812625
  type: 'test'
  ...
# Subtest: file-journal: duplicate settle and replay of the same reconciliation command add no progress, lookup or budget use
ok 12 - file-journal: duplicate settle and replay of the same reconciliation command add no progress, lookup or budget use
  ---
  duration_ms: 3333.643375
  type: 'test'
  ...
# Subtest: file-journal: re-proving the same source operation after proof-read invalidation cannot earn a second progress credit
ok 13 - file-journal: re-proving the same source operation after proof-read invalidation cannot earn a second progress credit
  ---
  duration_ms: 4148.476584
  type: 'test'
  ...
# Subtest: current provenance discovery followed by exact body reading earns one further preparation step per evidence
ok 14 - current provenance discovery followed by exact body reading earns one further preparation step per evidence
  ---
  duration_ms: 42.694042
  type: 'test'
  ...
# Subtest: body reading subsumes later provenance discovery without another preparation credit
ok 15 - body reading subsumes later provenance discovery without another preparation credit
  ---
  duration_ms: 18.992291
  type: 'test'
  ...
# Subtest: query, limits, revision, locator, timestamps and alias IDs cannot make the same evidence newly productive
ok 16 - query, limits, revision, locator, timestamps and alias IDs cannot make the same evidence newly productive
  ---
  duration_ms: 22.552542
  type: 'test'
  ...
# Subtest: a genuinely changed current fact body has a distinct body credit while stale copies have none
ok 17 - a genuinely changed current fact body has a distinct body credit while stale copies have none
  ---
  duration_ms: 22.96675
  type: 'test'
  ...
# Subtest: derived copies cannot mint recall credit through fresh lineage or wrapper hashes, and mixed find credits only the original
ok 18 - derived copies cannot mint recall credit through fresh lineage or wrapper hashes, and mixed find credits only the original
  ---
  duration_ms: 79.904625
  type: 'test'
  ...
# Subtest: a valid shortened or paged find card earns only preparation, whereas partial get bodies do not
ok 19 - a valid shortened or paged find card earns only preparation, whereas partial get bodies do not
  ---
  duration_ms: 13.959458
  type: 'test'
  ...
# Subtest: malformed, denied, foreign, noncurrent, reused or unadopted recall cannot fabricate preparation
ok 20 - malformed, denied, foreign, noncurrent, reused or unadopted recall cannot fabricate preparation
  ---
  duration_ms: 18.243709
  type: 'test'
  ...
# Subtest: sqlite: actual find/get adoption earns first recall progress then identical reads stop at the default limit
ok 21 - sqlite: actual find/get adoption earns first recall progress then identical reads stop at the default limit
  ---
  duration_ms: 249.879125
  type: 'test'
  ...
# Subtest: file-journal: actual find/get adoption earns first recall progress then identical reads stop at the default limit
ok 22 - file-journal: actual find/get adoption earns first recall progress then identical reads stop at the default limit
  ---
  duration_ms: 760.098041
  type: 'test'
  ...
# Subtest: assembly preserves actual custody ports and captures schema method before the factory wait
ok 23 - assembly preserves actual custody ports and captures schema method before the factory wait
  ---
  duration_ms: 3.573541
  type: 'test'
  ...
# Subtest: invalid assembly is rejected before acquisition and does not fabricate missing ports or a signal
ok 24 - invalid assembly is rejected before acquisition and does not fabricate missing ports or a signal
  ---
  duration_ms: 0.540542
  type: 'test'
  ...
# Subtest: legacy static factories remain valid while a supplied provider list requires real assembly even when empty
ok 25 - legacy static factories remain valid while a supplied provider list requires real assembly even when empty
  ---
  duration_ms: 0.99825
  type: 'test'
  ...
# Subtest: provider metadata and bound listing are fixed without granting permissions or compiling schemas during open
ok 26 - provider metadata and bound listing are fixed without granting permissions or compiling schemas during open
  ---
  duration_ms: 10.903167
  type: 'test'
  ...
# Subtest: duplicate providers, static ownership collisions and malformed sources close the acquired lease exactly once
ok 27 - duplicate providers, static ownership collisions and malformed sources close the acquired lease exactly once
  ---
  duration_ms: 1.904417
  type: 'test'
  ...
# Subtest: multiple distinct providers and unrelated static tools keep their independent listing ownership
ok 28 - multiple distinct providers and unrelated static tools keep their independent listing ownership
  ---
  duration_ms: 6.861292
  type: 'test'
  ...
# Subtest: provider pages cannot introduce writes, core tools or broken proof callbacks before publication
ok 29 - provider pages cannot introduce writes, core tools or broken proof callbacks before publication
  ---
  duration_ms: 13.312209
  type: 'test'
  ...
# Subtest: host page wrapping leaves shape, namespace and range validation to the existing atomic refresh
ok 30 - host page wrapping leaves shape, namespace and range validation to the existing atomic refresh
  ---
  duration_ms: 10.270708
  type: 'test'
  ...
# Subtest: source callback failures keep the original cause through refresh and remain owned until explicit close
ok 31 - source callback failures keep the original cause through refresh and remain owned until explicit close
  ---
  duration_ms: 0.344208
  type: 'test'
  ...
# Subtest: provider getter failure and failed cleanup preserve both errors without retrying the closer
ok 32 - provider getter failure and failed cleanup preserve both errors without retrying the closer
  ---
  duration_ms: 0.797125
  type: 'test'
  ...
# Subtest: resource progress: legacy and paged catalog cards share a stable preparation key independent of query and cursor metadata
ok 33 - resource progress: legacy and paged catalog cards share a stable preparation key independent of query and cursor metadata
  ---
  duration_ms: 4.558834
  type: 'test'
  ...
# Subtest: resource progress: exact schema loading earns a distinct credit and also records discovery so reverse-order searches add none
ok 34 - resource progress: exact schema loading earns a distinct credit and also records discovery so reverse-order searches add none
  ---
  duration_ms: 1.3375
  type: 'test'
  ...
# Subtest: resource progress: forged, mismatched or denied tool metadata and too-large responses do not earn preparation credit
ok 35 - resource progress: forged, mismatched or denied tool metadata and too-large responses do not earn preparation credit
  ---
  duration_ms: 0.746666
  type: 'test'
  ...
# Subtest: resource progress: guidance listing metadata does not reset progress and exact body loading subsumes the card
ok 36 - resource progress: guidance listing metadata does not reset progress and exact body loading subsumes the card
  ---
  duration_ms: 1.068083
  type: 'test'
  ...
# Subtest: resource progress: guidance body credit requires permitted manifest, matching indexed original and canonical selection identity
ok 37 - resource progress: guidance body credit requires permitted manifest, matching indexed original and canonical selection identity
  ---
  duration_ms: 0.702792
  type: 'test'
  ...
# Subtest: resource progress: empty results, history/evidence reads and arbitrary new artifacts cannot fabricate preparation
ok 38 - resource progress: empty results, history/evidence reads and arbitrary new artifacts cannot fabricate preparation
  ---
  duration_ms: 0.162208
  type: 'test'
  ...
# Subtest: resource progress: replayed, reused and unadopted resource results cannot earn a new preparation key
ok 39 - resource progress: replayed, reused and unadopted resource results cannot earn a new preparation key
  ---
  duration_ms: 0.256792
  type: 'test'
  ...
# Subtest: resource progress sqlite/documents-simple: default no-progress policy allows discovery, schemas and guidance before the real source
ok 40 - resource progress sqlite/documents-simple: default no-progress policy allows discovery, schemas and guidance before the real source
  ---
  duration_ms: 248.339375
  type: 'test'
  ...
# Subtest: resource progress sqlite/observations-simple: default no-progress policy allows discovery, schemas and guidance before the real source
ok 41 - resource progress sqlite/observations-simple: default no-progress policy allows discovery, schemas and guidance before the real source
  ---
  duration_ms: 206.645083
  type: 'test'
  ...
# Subtest: resource progress sqlite: repeated identical catalog preparation stops after the first credit and three empty steps
ok 42 - resource progress sqlite: repeated identical catalog preparation stops after the first credit and three empty steps
  ---
  duration_ms: 149.840625
  type: 'test'
  ...
# Subtest: resource progress sqlite: repeated identical guidance preparation stops after the first credit and three empty steps
ok 43 - resource progress sqlite: repeated identical guidance preparation stops after the first credit and three empty steps
  ---
  duration_ms: 176.154
  type: 'test'
  ...
# Subtest: resource progress sqlite: empty searches with different query and task IDs stop at the default limit
ok 44 - resource progress sqlite: empty searches with different query and task IDs stop at the default limit
  ---
  duration_ms: 127.231792
  type: 'test'
  ...
# Subtest: resource progress file-journal/documents-simple: default no-progress policy allows discovery, schemas and guidance before the real source
ok 45 - resource progress file-journal/documents-simple: default no-progress policy allows discovery, schemas and guidance before the real source
  ---
  duration_ms: 512.745792
  type: 'test'
  ...
# Subtest: resource progress file-journal/observations-simple: default no-progress policy allows discovery, schemas and guidance before the real source
ok 46 - resource progress file-journal/observations-simple: default no-progress policy allows discovery, schemas and guidance before the real source
  ---
  duration_ms: 530.046084
  type: 'test'
  ...
# Subtest: resource progress file-journal: repeated identical catalog preparation stops after the first credit and three empty steps
ok 47 - resource progress file-journal: repeated identical catalog preparation stops after the first credit and three empty steps
  ---
  duration_ms: 442.067667
  type: 'test'
  ...
# Subtest: resource progress file-journal: repeated identical guidance preparation stops after the first credit and three empty steps
ok 48 - resource progress file-journal: repeated identical guidance preparation stops after the first credit and three empty steps
  ---
  duration_ms: 497.661333
  type: 'test'
  ...
# Subtest: resource progress file-journal: empty searches with different query and task IDs stop at the default limit
ok 49 - resource progress file-journal: empty searches with different query and task IDs stop at the default limit
  ---
  duration_ms: 308.718875
  type: 'test'
  ...
# Subtest: progress runtime sqlite: renamed tasks share failure history and backoff survives workflow runs and reopening
ok 50 - progress runtime sqlite: renamed tasks share failure history and backoff survives workflow runs and reopening
  ---
  duration_ms: 194.511875
  type: 'test'
  ...
# Subtest: progress runtime sqlite: replanning cannot extend the first semantic request retry deadline
ok 51 - progress runtime sqlite: replanning cannot extend the first semantic request retry deadline
  ---
  duration_ms: 99.41725
  type: 'test'
  ...
# Subtest: progress runtime sqlite: successful empty results still stall and mode, compact, resume and reopening cannot erase that state
ok 52 - progress runtime sqlite: successful empty results still stall and mode, compact, resume and reopening cannot erase that state
  ---
  duration_ms: 270.537875
  type: 'test'
  ...
# Subtest: progress runtime sqlite: a stored tool result settles atomically before allocation gates and verified completion still wins
ok 53 - progress runtime sqlite: a stored tool result settles atomically before allocation gates and verified completion still wins
  ---
  duration_ms: 122.633417
  type: 'test'
  ...
# Subtest: progress runtime sqlite: a stored model reply settles after reopening even when new allocations are blocked
ok 54 - progress runtime sqlite: a stored model reply settles after reopening even when new allocations are blocked
  ---
  duration_ms: 174.061166
  type: 'test'
  ...
# Subtest: progress runtime sqlite: repeated invalid model proposals preserve one failure key and persist model backoff
ok 55 - progress runtime sqlite: repeated invalid model proposals preserve one failure key and persist model backoff
  ---
  duration_ms: 489.50325
  type: 'test'
  ...
# Subtest: progress runtime sqlite: a new goal starts a new streak while preserving usage, processed history and failure deadlines
ok 56 - progress runtime sqlite: a new goal starts a new streak while preserving usage, processed history and failure deadlines
  ---
  duration_ms: 88.36325
  type: 'test'
  ...
# Subtest: progress runtime sqlite: an unknown synthetic write remains an obligation ahead of a no-progress allocation stop
ok 57 - progress runtime sqlite: an unknown synthetic write remains an obligation ahead of a no-progress allocation stop
  ---
  duration_ms: 137.796083
  type: 'test'
  ...
# Subtest: progress runtime file-journal: renamed tasks share failure history and backoff survives workflow runs and reopening
ok 58 - progress runtime file-journal: renamed tasks share failure history and backoff survives workflow runs and reopening
  ---
  duration_ms: 725.157625
  type: 'test'
  ...
# Subtest: progress runtime file-journal: replanning cannot extend the first semantic request retry deadline
ok 59 - progress runtime file-journal: replanning cannot extend the first semantic request retry deadline
  ---
  duration_ms: 346.069583
  type: 'test'
  ...
# Subtest: progress runtime file-journal: successful empty results still stall and mode, compact, resume and reopening cannot erase that state
ok 60 - progress runtime file-journal: successful empty results still stall and mode, compact, resume and reopening cannot erase that state
  ---
  duration_ms: 550.947375
  type: 'test'
  ...
# Subtest: progress runtime file-journal: a stored tool result settles atomically before allocation gates and verified completion still wins
ok 61 - progress runtime file-journal: a stored tool result settles atomically before allocation gates and verified completion still wins
  ---
  duration_ms: 375.370042
  type: 'test'
  ...
# Subtest: progress runtime file-journal: a stored model reply settles after reopening even when new allocations are blocked
ok 62 - progress runtime file-journal: a stored model reply settles after reopening even when new allocations are blocked
  ---
  duration_ms: 201.123667
  type: 'test'
  ...
# Subtest: progress runtime file-journal: repeated invalid model proposals preserve one failure key and persist model backoff
ok 63 - progress runtime file-journal: repeated invalid model proposals preserve one failure key and persist model backoff
  ---
  duration_ms: 714.821792
  type: 'test'
  ...
# Subtest: progress runtime file-journal: a new goal starts a new streak while preserving usage, processed history and failure deadlines
ok 64 - progress runtime file-journal: a new goal starts a new streak while preserving usage, processed history and failure deadlines
  ---
  duration_ms: 444.189417
  type: 'test'
  ...
# Subtest: progress runtime file-journal: an unknown synthetic write remains an obligation ahead of a no-progress allocation stop
ok 65 - progress runtime file-journal: an unknown synthetic write remains an obligation ahead of a no-progress allocation stop
  ---
  duration_ms: 412.074125
  type: 'test'
  ...
# Subtest: progress: a unique committed operation contributes once and returned state has no mutable aliases
ok 66 - progress: a unique committed operation contributes once and returned state has no mutable aliases
  ---
  duration_ms: 0.842458
  type: 'test'
  ...
# Subtest: progress: permutations, repeated known keys and new operation IDs cannot fabricate productive steps
ok 67 - progress: permutations, repeated known keys and new operation IDs cannot fabricate productive steps
  ---
  duration_ms: 1.200959
  type: 'test'
  ...
# Subtest: progress: explicit goal epochs reset only the current streak and preserve deduplication and the original retry window
ok 68 - progress: explicit goal epochs reset only the current streak and preserve deduplication and the original retry window
  ---
  duration_ms: 0.2705
  type: 'test'
  ...
# Subtest: progress: processed capacity saturates without evicting prior records or resetting on a new goal
ok 69 - progress: processed capacity saturates without evicting prior records or resetting on a new goal
  ---
  duration_ms: 0.151667
  type: 'test'
  ...
# Subtest: progress: knownKeys capacity saturates without evicting prior records or resetting on a new goal
ok 70 - progress: knownKeys capacity saturates without evicting prior records or resetting on a new goal
  ---
  duration_ms: 0.092583
  type: 'test'
  ...
# Subtest: progress: repeated failures retain their first deadline and use the current backoff without extending the retry window
ok 71 - progress: repeated failures retain their first deadline and use the current backoff without extending the retry window
  ---
  duration_ms: 1.015
  type: 'test'
  ...
# Subtest: progress: retry gate respects the work deadline and specific repeated-failure limits
ok 72 - progress: retry gate respects the work deadline and specific repeated-failure limits
  ---
  duration_ms: 0.193792
  type: 'test'
  ...
# Subtest: progress: policies remain pinned and invalid counters, times, keys or schema fields fail closed
ok 73 - progress: policies remain pinned and invalid counters, times, keys or schema fields fail closed
  ---
  duration_ms: 0.524958
  type: 'test'
  ...
# Subtest: capture: a new negative observation is productive while aliases, timestamps and duplicate originals are not
ok 74 - capture: a new negative observation is productive while aliases, timestamps and duplicate originals are not
  ---
  duration_ms: 2.880125
  type: 'test'
  ...
# Subtest: capture: changed facts, coverage and an authenticated original version can each carry new information
ok 75 - capture: changed facts, coverage and an authenticated original version can each carry new information
  ---
  duration_ms: 0.530209
  type: 'test'
  ...
# Subtest: capture: derived copies do not add progress or independent completion credit
ok 76 - capture: derived copies do not add progress or independent completion credit
  ---
  duration_ms: 0.305625
  type: 'test'
  ...
# Subtest: capture: tenant evidence cannot earn progress
ok 77 - capture: tenant evidence cannot earn progress
  ---
  duration_ms: 0.1635
  type: 'test'
  ...
# Subtest: capture: scope evidence cannot earn progress
ok 78 - capture: scope evidence cannot earn progress
  ---
  duration_ms: 0.126375
  type: 'test'
  ...
# Subtest: capture: labels evidence cannot earn progress
ok 79 - capture: labels evidence cannot earn progress
  ---
  duration_ms: 0.12
  type: 'test'
  ...
# Subtest: capture: retracted evidence cannot earn progress
ok 80 - capture: retracted evidence cannot earn progress
  ---
  duration_ms: 0.094666
  type: 'test'
  ...
# Subtest: capture: deleted evidence cannot earn progress
ok 81 - capture: deleted evidence cannot earn progress
  ---
  duration_ms: 0.113333
  type: 'test'
  ...
# Subtest: capture: blocked-artifact evidence cannot earn progress
ok 82 - capture: blocked-artifact evidence cannot earn progress
  ---
  duration_ms: 0.122333
  type: 'test'
  ...
# Subtest: capture: a hypothesis assessment is credited once per semantic evidence basis, not per hypothesis text or evidence ID
ok 83 - capture: a hypothesis assessment is credited once per semantic evidence basis, not per hypothesis text or evidence ID
  ---
  duration_ms: 0.345334
  type: 'test'
  ...
# Subtest: capture: no evidence or a stale hypothesis assessment earns a fresh reasoning credit
ok 84 - capture: no evidence or a stale hypothesis assessment earns a fresh reasoning credit
  ---
  duration_ms: 0.13825
  type: 'test'
  ...
# Subtest: capture: only satisfied obligations contribute and identity or explanation rewrites cannot repeat the credit
ok 85 - capture: only satisfied obligations contribute and identity or explanation rewrites cannot repeat the credit
  ---
  duration_ms: 0.146
  type: 'test'
  ...
# Subtest: capture: plan, task, revision, mode, usage and replay changes cannot reset a stalled work
ok 86 - capture: plan, task, revision, mode, usage and replay changes cannot reset a stalled work
  ---
  duration_ms: 0.1315
  type: 'test'
  ...
# Subtest: capture: trusted explicit item progress and returned state copies follow the same deduplication contract
ok 87 - capture: trusted explicit item progress and returned state copies follow the same deduplication contract
  ---
  duration_ms: 0.083292
  type: 'test'
  ...
# Subtest: progress sqlite: reopen and duplicate commit preserve settlement counts and the first retry deadline
ok 88 - progress sqlite: reopen and duplicate commit preserve settlement counts and the first retry deadline
  ---
  duration_ms: 53.909042
  type: 'test'
  ...
# Subtest: progress file-journal: reopen and duplicate commit preserve settlement counts and the first retry deadline
ok 89 - progress file-journal: reopen and duplicate commit preserve settlement counts and the first retry deadline
  ---
  duration_ms: 87.352292
  type: 'test'
  ...
1..89
# tests 89
# suites 0
# pass 89
# fail 0
# cancelled 0
# skipped 0
# todo 0
# duration_ms 43044.369125
