TAP version 13
# Subtest: two independent SQLite deployments use the ordinary model/tool loop for a question and an optional cited reply without creating response duties or copying memory
ok 1 - two independent SQLite deployments use the ordinary model/tool loop for a question and an optional cited reply without creating response duties or copying memory
  ---
  duration_ms: 5959.238958
  type: 'test'
  ...
# Subtest: reversed requester and responder roles accept and answer a request through independent profiles, wait without model work, and complete only after requester confirmation
not ok 2 - reversed requester and responder roles accept and answer a request through independent profiles, wait without model work, and complete only after requester confirmation
  ---
  duration_ms: 20998.945959
  type: 'test'
  location: '/Users/seunghanee/Documents/secumon/runtime/dist/tests/board-deployment-entry.test.js:113:1'
  failureType: 'testCodeFailure'
  error: '{"control":{"kind":"blocked","reason":"no_progress_limit"},"status":"blocked","reason":"no_progress_limit","progress":{"productiveSteps":7,"unproductiveSteps":9,"consecutiveUnproductive":3},"attempts":[{"taskId":"step-4-1","toolId":"core.board.requests.read","status":"succeeded","error":null},{"taskId":"step-14-1","toolId":"core.board.read","status":"succeeded","error":null},{"taskId":"step-23-1","toolId":"core.board.requests.accept","status":"succeeded","error":null},{"taskId":"step-33-1","toolId":"deployment.document.read","status":"succeeded","error":null},{"taskId":"step-42-1","toolId":"core.board.requests.read","status":"succeeded","error":null},{"taskId":"step-52-1","toolId":"core.board.publish","status":"succeeded","error":null},{"taskId":"step-61-1","toolId":"core.board.requests.read","status":"succeeded","error":null}],"models":[{"status":"accepted","reason":"plan","outcome":"ok"},{"status":"accepted","reason":"plan","outcome":"ok"},{"status":"accepted","reason":"plan","outcome":"ok"},{"status":"accepted","reason":"plan","outcome":"ok"},{"status":"accepted","reason":"plan","outcome":"ok"},{"status":"accepted","reason":"plan","outcome":"ok"},{"status":"accepted","reason":"plan","outcome":"ok"},{"status":"accepted","reason":"plan","outcome":"ok"}],"recentInputs":[{"stateRevision":42,"planRevision":4,"activeTools":["deployment.document.read","core.board.read","core.board.publish","core.board.retract","core.board.requests.offer","core.board.requests.accept","core.board.requests.answer","core.board.requests.confirm","core.board.requests.decline","core.board.requests.cancel","core.board.requests.read"],"evidenceIds":["original-work-367eab04b50e684bde5851953767edfdf7e9566fb4f36b9bfb8fcd1afc2cf155"],"observations":[{"taskId":"step-4-1","toolId":"core.board.requests.read","representation":"full","status":"success","boardRevision":4,"requests":[{"id":"request-work-6d169030c743cad3e647076567dc893959eeea713538038a682a1983bf7a50e2","status":"offered","effectiveStatus":"offered"}]},{"taskId":"step-14-1","toolId":"core.board.read","representation":"full","status":"success","boardRevision":4},{"taskId":"step-23-1","toolId":"core.board.requests.accept","representation":"full","status":"success","outputStatus":"accepted"},{"taskId":"step-33-1","toolId":"deployment.document.read","representation":"full","status":"success"}]},{"stateRevision":52,"planRevision":5,"activeTools":["deployment.document.read","core.board.read","core.board.publish","core.board.retract","core.board.requests.offer","core.board.requests.accept","core.board.requests.answer","core.board.requests.confirm","core.board.requests.decline","core.board.requests.cancel","core.board.requests.read"],"evidenceIds":["original-work-367eab04b50e684bde5851953767edfdf7e9566fb4f36b9bfb8fcd1afc2cf155"],"observations":[{"taskId":"step-14-1","toolId":"core.board.read","representation":"full","status":"success","boardRevision":4},{"taskId":"step-23-1","toolId":"core.board.requests.accept","representation":"full","status":"success","outputStatus":"accepted"},{"taskId":"step-33-1","toolId":"deployment.document.read","representation":"full","status":"success"},{"taskId":"step-42-1","toolId":"core.board.requests.read","representation":"full","status":"success","boardRevision":5,"requests":[{"id":"request-work-6d169030c743cad3e647076567dc893959eeea713538038a682a1983bf7a50e2","status":"accepted","effectiveStatus":"accepted"}]}]},{"stateRevision":61,"planRevision":6,"activeTools":["deployment.document.read","core.board.read","core.board.publish","core.board.retract","core.board.requests.offer","core.board.requests.accept","core.board.requests.answer","core.board.requests.confirm","core.board.requests.decline","core.board.requests.cancel","core.board.requests.read"],"evidenceIds":["original-work-367eab04b50e684bde5851953767edfdf7e9566fb4f36b9bfb8fcd1afc2cf155"],"observations":[{"taskId":"step-23-1","toolId":"core.board.requests.accept","representation":"full","status":"success","outputStatus":"accepted"},{"taskId":"step-33-1","toolId":"deployment.document.read","representation":"full","status":"success"},{"taskId":"step-42-1","toolId":"core.board.requests.read","representation":"full","status":"success","boardRevision":5,"requests":[{"id":"request-work-6d169030c743cad3e647076567dc893959eeea713538038a682a1983bf7a50e2","status":"accepted","effectiveStatus":"accepted"}]},{"taskId":"step-52-1","toolId":"core.board.publish","representation":"full","status":"success","outputStatus":"published"}]},{"stateRevision":71,"planRevision":7,"activeTools":["deployment.document.read","core.board.read","core.board.publish","core.board.retract","core.board.requests.offer","core.board.requests.accept","core.board.requests.answer","core.board.requests.confirm","core.board.requests.decline","core.board.requests.cancel","core.board.requests.read"],"evidenceIds":["original-work-367eab04b50e684bde5851953767edfdf7e9566fb4f36b9bfb8fcd1afc2cf155"],"observations":[{"taskId":"step-33-1","toolId":"deployment.document.read","representation":"full","status":"success"},{"taskId":"step-42-1","toolId":"core.board.requests.read","representation":"full","status":"success","boardRevision":5,"requests":[{"id":"request-work-6d169030c743cad3e647076567dc893959eeea713538038a682a1983bf7a50e2","status":"accepted","effectiveStatus":"accepted"}]},{"taskId":"step-52-1","toolId":"core.board.publish","representation":"full","status":"success","outputStatus":"published"},{"taskId":"step-61-1","toolId":"core.board.requests.read","representation":"full","status":"success","boardRevision":6,"requests":[{"id":"request-work-6d169030c743cad3e647076567dc893959eeea713538038a682a1983bf7a50e2","status":"accepted","effectiveStatus":"accepted"}]}]}]}'
  code: 'ERR_ASSERTION'
  name: 'AssertionError'
  expected: true
  actual: false
  operator: '=='
  stack: |-
    runEntry (file:///Users/seunghanee/Documents/secumon/runtime/dist/tests/board-deployment-entry-fixture.js:295:12)
    async TestContext.<anonymous> (file:///Users/seunghanee/Documents/secumon/runtime/dist/tests/board-deployment-entry.test.js:147:22)
    async Test.run (node:internal/test_runner/test:1404:7)
    async Test.processPendingSubtests (node:internal/test_runner/test:969:7)
  ...
# Subtest: withdrawn foreign-source scope invalidates the retained discussion proof and a new session sees no protected post without changing the owner original
ok 3 - withdrawn foreign-source scope invalidates the retained discussion proof and a new session sees no protected post without changing the owner original
  ---
  duration_ms: 3482.260625
  type: 'test'
  ...
# Subtest: ordinary board reads of unchanged content hit the default no-progress limit despite different task IDs
ok 4 - ordinary board reads of unchanged content hit the default no-progress limit despite different task IDs
  ---
  duration_ms: 3468.108083
  type: 'test'
  ...
1..4
# tests 4
# suites 0
# pass 3
# fail 1
# cancelled 0
# skipped 0
# todo 0
# duration_ms 34031.941542
