TAP version 13
# Subtest: C07 request progress diagnostic from fixed build5
not ok 1 - C07 request progress diagnostic from fixed build5
  ---
  duration_ms: 17693.01325
  type: 'test'
  location: '/Users/seunghanee/Documents/secumon/runtime/evidence/C07-request-progress-diagnostic.mjs:7:1'
  failureType: 'testCodeFailure'
  error: '{"control":{"kind":"blocked","reason":"no_progress_limit"},"status":"blocked","reason":"no_progress_limit","attempts":[{"toolId":"core.board.requests.read","status":"succeeded","error":null},{"toolId":"core.board.read","status":"succeeded","error":null},{"toolId":"core.board.requests.accept","status":"succeeded","error":null},{"toolId":"deployment.document.read","status":"succeeded","error":null},{"toolId":"core.board.requests.read","status":"succeeded","error":null}]}'
  code: 'ERR_ASSERTION'
  name: 'AssertionError'
  expected: true
  actual: false
  operator: '=='
  stack: |-
    runEntry (file:///Users/seunghanee/Documents/secumon/runtime/dist/tests/board-deployment-entry-fixture.js:285:12)
    async TestContext.<anonymous> (file:///Users/seunghanee/Documents/secumon/runtime/evidence/C07-request-progress-diagnostic.mjs:19:9)
    async Test.run (node:internal/test_runner/test:1404:7)
    async startSubtestAfterBootstrap (node:internal/test_runner/harness:387:3)
  ...
1..1
# tests 1
# suites 0
# pass 0
# fail 1
# cancelled 0
# skipped 0
# todo 0
# duration_ms 17816.989583
