TAP version 13
# Subtest: sqlite: registered archive search, explicit get and answer keep references outside Evidence and personal memory
not ok 1 - sqlite: registered archive search, explicit get and answer keep references outside Evidence and personal memory
  ---
  duration_ms: 1022.670792
  type: 'test'
  location: '/Users/seunghanee/Documents/secumon/runtime/dist/tests/archive-entry.test.js:5:5'
  failureType: 'testCodeFailure'
  error: |-
    {"control":{"kind":"blocked","reason":"no_progress_limit"},"steps":10,"reason":"no_progress_limit","stateRevision":21,"goalRevision":1,"checkpoint":{"id":"939506c33627481cab89008a59683c8268c27bf65cc2566bc731cd804d660fdf","sha256":"6df32f9020939a13e2236075ea0321c7ab4c5ae886a8e77213148cb39cc5807e","byteLength":13662,"mediaType":"application/json","tenantId":"company","labels":["public"]},"resumeDisposition":"created"}
    + actual - expected
    
    + 'blocked'
    - 'complete'
    
  code: 'ERR_ASSERTION'
  name: 'AssertionError'
  expected: 'complete'
  actual: 'blocked'
  operator: 'strictEqual'
  stack: |-
    TestContext.<anonymous> (file:///Users/seunghanee/Documents/secumon/runtime/dist/tests/archive-entry.test.js:10:16)
    async Test.run (node:internal/test_runner/test:1404:7)
    async startSubtestAfterBootstrap (node:internal/test_runner/harness:387:3)
  ...
# Subtest: file-journal: registered archive search, explicit get and answer keep references outside Evidence and personal memory
not ok 2 - file-journal: registered archive search, explicit get and answer keep references outside Evidence and personal memory
  ---
  duration_ms: 1561.58675
  type: 'test'
  location: '/Users/seunghanee/Documents/secumon/runtime/dist/tests/archive-entry.test.js:5:5'
  failureType: 'testCodeFailure'
  error: |-
    {"control":{"kind":"blocked","reason":"no_progress_limit"},"steps":10,"reason":"no_progress_limit","stateRevision":21,"goalRevision":1,"checkpoint":{"id":"5a74dd90a4dd8b67f0eb8002b71958cd9ada510054f38ef7529c0bc1e7420028","sha256":"395942d83a0766aee4f05503ae05ef676ad399ad82a44be0532cc4b8849ec679","byteLength":13662,"mediaType":"application/json","tenantId":"company","labels":["public"]},"resumeDisposition":"created"}
    + actual - expected
    
    + 'blocked'
    - 'complete'
    
  code: 'ERR_ASSERTION'
  name: 'AssertionError'
  expected: 'complete'
  actual: 'blocked'
  operator: 'strictEqual'
  stack: |-
    TestContext.<anonymous> (file:///Users/seunghanee/Documents/secumon/runtime/dist/tests/archive-entry.test.js:10:16)
    async Test.run (node:internal/test_runner/test:1404:7)
    async Test.processPendingSubtests (node:internal/test_runner/test:969:7)
  ...
# Subtest: registered archive explicit register, revise and delete use separate works in one persistent session
ok 3 - registered archive explicit register, revise and delete use separate works in one persistent session
  ---
  duration_ms: 1734.883375
  type: 'test'
  ...
# Subtest: sqlite: archive lost mutation response recovers from the original receipt after reopen without repeating a write
ok 4 - sqlite: archive lost mutation response recovers from the original receipt after reopen without repeating a write
  ---
  duration_ms: 468.157833
  type: 'test'
  ...
# Subtest: file-journal: archive lost mutation response recovers from the original receipt after reopen without repeating a write
ok 5 - file-journal: archive lost mutation response recovers from the original receipt after reopen without repeating a write
  ---
  duration_ms: 575.833041
  type: 'test'
  ...
# Subtest: archive null receipt remains unknown through repeated recovery and is never treated as permission to repeat mutation
ok 6 - archive null receipt remains unknown through repeated recovery and is never treated as permission to repeat mutation
  ---
  duration_ms: 259.184291
  type: 'test'
  ...
# Subtest: archive mismatched recovery receipt leaves the original failure and pending reconciliation untouched
ok 7 - archive mismatched recovery receipt leaves the original failure and pending reconciliation untouched
  ---
  duration_ms: 243.74775
  type: 'test'
  ...
1..7
# tests 7
# suites 0
# pass 5
# fail 2
# cancelled 0
# skipped 0
# todo 0
# duration_ms 6008.527667
