TAP version 13
# Subtest: two independent SQLite deployments use the ordinary model/tool loop for a question and an optional cited reply without creating response duties or copying memory
ok 1 - two independent SQLite deployments use the ordinary model/tool loop for a question and an optional cited reply without creating response duties or copying memory
  ---
  duration_ms: 6687.217375
  type: 'test'
  ...
# Subtest: reversed requester and responder roles accept and answer a request through independent profiles, wait without model work, and complete only after requester confirmation
ok 2 - reversed requester and responder roles accept and answer a request through independent profiles, wait without model work, and complete only after requester confirmation
  ---
  duration_ms: 63789.306958
  type: 'test'
  ...
# Subtest: withdrawn foreign-source scope invalidates the retained discussion proof and a new session sees no protected post without changing the owner original
ok 3 - withdrawn foreign-source scope invalidates the retained discussion proof and a new session sees no protected post without changing the owner original
  ---
  duration_ms: 3505.301834
  type: 'test'
  ...
# Subtest: ordinary board reads of unchanged content hit the default no-progress limit despite different task IDs
ok 4 - ordinary board reads of unchanged content hit the default no-progress limit despite different task IDs
  ---
  duration_ms: 3504.948083
  type: 'test'
  ...
# Subtest: board committed revision: the response retains its applied revision after a later board change and reopen
ok 5 - board committed revision: the response retains its applied revision after a later board change and reopen
  ---
  duration_ms: 166.489667
  type: 'test'
  ...
# Subtest: board committed revision: exact legacy output remains valid but wrong revision, extra fields and polluted output are rejected
ok 6 - board committed revision: exact legacy output remains valid but wrong revision, extra fields and polluted output are rejected
  ---
  duration_ms: 62.674334
  type: 'test'
  ...
# Subtest: sqlite: board publish and retract run through the broker and retain mechanical receipts
ok 7 - sqlite: board publish and retract run through the broker and retain mechanical receipts
  ---
  duration_ms: 174.344167
  type: 'test'
  ...
# Subtest: sqlite: applied board command survives response loss and cannot be overwritten by the late result
ok 8 - sqlite: applied board command survives response loss and cannot be overwritten by the late result
  ---
  duration_ms: 63.817667
  type: 'test'
  ...
# Subtest: sqlite: saved unknown result stays immutable after durable receipt reconciliation
ok 9 - sqlite: saved unknown result stays immutable after durable receipt reconciliation
  ---
  duration_ms: 51.271625
  type: 'test'
  ...
# Subtest: sqlite: a late valid result is reconciled without adopting its expired execution
ok 10 - sqlite: a late valid result is reconciled without adopting its expired execution
  ---
  duration_ms: 54.718584
  type: 'test'
  ...
# Subtest: sqlite: an expired absent command is closed and a delayed original commit cannot publish
ok 11 - sqlite: an expired absent command is closed and a delayed original commit cannot publish
  ---
  duration_ms: 43.795042
  type: 'test'
  ...
# Subtest: sqlite: stale revision is reconciled as closed without changing posts
ok 12 - sqlite: stale revision is reconciled as closed without changing posts
  ---
  duration_ms: 51.404
  type: 'test'
  ...
# Subtest: sqlite: proof deletion denies context, reopens obligation and does not fabricate replacement
ok 13 - sqlite: proof deletion denies context, reopens obligation and does not fabricate replacement
  ---
  duration_ms: 56.13725
  type: 'test'
  ...
# Subtest: sqlite: retained receipt requires a reader and current role authority
ok 14 - sqlite: retained receipt requires a reader and current role authority
  ---
  duration_ms: 55.391917
  type: 'test'
  ...
# Subtest: sqlite: authority withdrawn during receipt proof I/O invalidates that same read
ok 15 - sqlite: authority withdrawn during receipt proof I/O invalidates that same read
  ---
  duration_ms: 59.507875
  type: 'test'
  ...
# Subtest: sqlite: removing the stored receipt invalidates an intact result artifact
ok 16 - sqlite: removing the stored receipt invalidates an intact result artifact
  ---
  duration_ms: 55.660666
  type: 'test'
  ...
# Subtest: sqlite: a forged post outcome or another attempt receipt cannot be adopted
ok 17 - sqlite: a forged post outcome or another attempt receipt cannot be adopted
  ---
  duration_ms: 34.784875
  type: 'test'
  ...
# Subtest: sqlite: policy revoked immediately before storage prevents publication
ok 18 - sqlite: policy revoked immediately before storage prevents publication
  ---
  duration_ms: 14.380375
  type: 'test'
  ...
# Subtest: sqlite: tool schemas exclude actor, command identity and foreign source work
ok 19 - sqlite: tool schemas exclude actor, command identity and foreign source work
  ---
  duration_ms: 11.466166
  type: 'test'
  ...
# Subtest: sqlite: a narrower session publish grant is not widened by the directory
ok 20 - sqlite: a narrower session publish grant is not widened by the directory
  ---
  duration_ms: 33.150667
  type: 'test'
  ...
# Subtest: sqlite: a narrower session namespace grant is not widened by the directory
ok 21 - sqlite: a narrower session namespace grant is not widened by the directory
  ---
  duration_ms: 30.80925
  type: 'test'
  ...
# Subtest: sqlite: a no-op closure cannot smuggle a board mutation
ok 22 - sqlite: a no-op closure cannot smuggle a board mutation
  ---
  duration_ms: 10.006417
  type: 'test'
  ...
# Subtest: sqlite: closure duplicate and changed digest have stable distinct outcomes
ok 23 - sqlite: closure duplicate and changed digest have stable distinct outcomes
  ---
  duration_ms: 17.004125
  type: 'test'
  ...
# Subtest: sqlite: previously unread quotes are rejected and a retained current read permits publication
ok 24 - sqlite: previously unread quotes are rejected and a retained current read permits publication
  ---
  duration_ms: 220.318333
  type: 'test'
  ...
# Subtest: sqlite: compact source checks reject omitted or altered effect outcomes
ok 25 - sqlite: compact source checks reject omitted or altered effect outcomes
  ---
  duration_ms: 77.586875
  type: 'test'
  ...
# Subtest: sqlite: a SIGKILL at the storage-worker boundary retains the runtime command receipt
ok 26 - sqlite: a SIGKILL at the storage-worker boundary retains the runtime command receipt
  ---
  duration_ms: 107.1885
  type: 'test'
  ...
# Subtest: file-journal: board publish and retract run through the broker and retain mechanical receipts
ok 27 - file-journal: board publish and retract run through the broker and retain mechanical receipts
  ---
  duration_ms: 460.743042
  type: 'test'
  ...
# Subtest: file-journal: applied board command survives response loss and cannot be overwritten by the late result
ok 28 - file-journal: applied board command survives response loss and cannot be overwritten by the late result
  ---
  duration_ms: 196.678417
  type: 'test'
  ...
# Subtest: file-journal: saved unknown result stays immutable after durable receipt reconciliation
ok 29 - file-journal: saved unknown result stays immutable after durable receipt reconciliation
  ---
  duration_ms: 187.044459
  type: 'test'
  ...
# Subtest: file-journal: a late valid result is reconciled without adopting its expired execution
ok 30 - file-journal: a late valid result is reconciled without adopting its expired execution
  ---
  duration_ms: 202.627417
  type: 'test'
  ...
# Subtest: file-journal: an expired absent command is closed and a delayed original commit cannot publish
ok 31 - file-journal: an expired absent command is closed and a delayed original commit cannot publish
  ---
  duration_ms: 163.062917
  type: 'test'
  ...
# Subtest: file-journal: stale revision is reconciled as closed without changing posts
ok 32 - file-journal: stale revision is reconciled as closed without changing posts
  ---
  duration_ms: 181.080459
  type: 'test'
  ...
# Subtest: file-journal: proof deletion denies context, reopens obligation and does not fabricate replacement
ok 33 - file-journal: proof deletion denies context, reopens obligation and does not fabricate replacement
  ---
  duration_ms: 204.387916
  type: 'test'
  ...
# Subtest: file-journal: retained receipt requires a reader and current role authority
ok 34 - file-journal: retained receipt requires a reader and current role authority
  ---
  duration_ms: 188.76725
  type: 'test'
  ...
# Subtest: file-journal: authority withdrawn during receipt proof I/O invalidates that same read
ok 35 - file-journal: authority withdrawn during receipt proof I/O invalidates that same read
  ---
  duration_ms: 179.936333
  type: 'test'
  ...
# Subtest: file-journal: removing the stored receipt invalidates an intact result artifact
ok 36 - file-journal: removing the stored receipt invalidates an intact result artifact
  ---
  duration_ms: 181.376625
  type: 'test'
  ...
# Subtest: file-journal: a forged post outcome or another attempt receipt cannot be adopted
ok 37 - file-journal: a forged post outcome or another attempt receipt cannot be adopted
  ---
  duration_ms: 148.295292
  type: 'test'
  ...
# Subtest: file-journal: policy revoked immediately before storage prevents publication
ok 38 - file-journal: policy revoked immediately before storage prevents publication
  ---
  duration_ms: 107.790416
  type: 'test'
  ...
# Subtest: file-journal: tool schemas exclude actor, command identity and foreign source work
ok 39 - file-journal: tool schemas exclude actor, command identity and foreign source work
  ---
  duration_ms: 59.887833
  type: 'test'
  ...
# Subtest: file-journal: a narrower session publish grant is not widened by the directory
ok 40 - file-journal: a narrower session publish grant is not widened by the directory
  ---
  duration_ms: 137.779541
  type: 'test'
  ...
# Subtest: file-journal: a narrower session namespace grant is not widened by the directory
ok 41 - file-journal: a narrower session namespace grant is not widened by the directory
  ---
  duration_ms: 140.910958
  type: 'test'
  ...
# Subtest: file-journal: a no-op closure cannot smuggle a board mutation
ok 42 - file-journal: a no-op closure cannot smuggle a board mutation
  ---
  duration_ms: 49.052375
  type: 'test'
  ...
# Subtest: file-journal: closure duplicate and changed digest have stable distinct outcomes
ok 43 - file-journal: closure duplicate and changed digest have stable distinct outcomes
  ---
  duration_ms: 70.812916
  type: 'test'
  ...
# Subtest: file-journal: previously unread quotes are rejected and a retained current read permits publication
ok 44 - file-journal: previously unread quotes are rejected and a retained current read permits publication
  ---
  duration_ms: 782.714
  type: 'test'
  ...
# Subtest: file-journal: compact source checks reject omitted or altered effect outcomes
ok 45 - file-journal: compact source checks reject omitted or altered effect outcomes
  ---
  duration_ms: 213.06825
  type: 'test'
  ...
# Subtest: file-journal: a SIGKILL at the storage-worker boundary retains the runtime command receipt
ok 46 - file-journal: a SIGKILL at the storage-worker boundary retains the runtime command receipt
  ---
  duration_ms: 195.650792
  type: 'test'
  ...
1..46
# tests 46
# suites 0
# pass 46
# fail 0
# cancelled 0
# skipped 0
# todo 0
# duration_ms 83221.200666
