TAP version 13
# Subtest: sqlite: registered archive search, explicit get and answer keep references outside Evidence and personal memory
ok 1 - sqlite: registered archive search, explicit get and answer keep references outside Evidence and personal memory
  ---
  duration_ms: 1178.105667
  type: 'test'
  ...
# Subtest: file-journal: registered archive search, explicit get and answer keep references outside Evidence and personal memory
ok 2 - file-journal: registered archive search, explicit get and answer keep references outside Evidence and personal memory
  ---
  duration_ms: 1938.958792
  type: 'test'
  ...
# Subtest: registered archive repeated search with fresh task IDs stops at the default no-progress limit
ok 3 - registered archive repeated search with fresh task IDs stops at the default no-progress limit
  ---
  duration_ms: 835.655625
  type: 'test'
  ...
# Subtest: registered archive repeated get with fresh task IDs stops at the default no-progress limit
ok 4 - registered archive repeated get with fresh task IDs stops at the default no-progress limit
  ---
  duration_ms: 964.131333
  type: 'test'
  ...
# Subtest: registered archive explicit register, revise and delete use separate works in one persistent session
ok 5 - registered archive explicit register, revise and delete use separate works in one persistent session
  ---
  duration_ms: 1880.740625
  type: 'test'
  ...
# Subtest: sqlite: archive lost mutation response recovers from the original receipt after reopen without repeating a write
ok 6 - sqlite: archive lost mutation response recovers from the original receipt after reopen without repeating a write
  ---
  duration_ms: 803.267917
  type: 'test'
  ...
# Subtest: file-journal: archive lost mutation response recovers from the original receipt after reopen without repeating a write
ok 7 - file-journal: archive lost mutation response recovers from the original receipt after reopen without repeating a write
  ---
  duration_ms: 1385.526083
  type: 'test'
  ...
# Subtest: archive null receipt remains unknown through repeated recovery and is never treated as permission to repeat mutation
ok 8 - archive null receipt remains unknown through repeated recovery and is never treated as permission to repeat mutation
  ---
  duration_ms: 433.05775
  type: 'test'
  ...
# Subtest: archive mismatched recovery receipt leaves the original failure and pending reconciliation untouched
ok 9 - archive mismatched recovery receipt leaves the original failure and pending reconciliation untouched
  ---
  duration_ms: 380.331666
  type: 'test'
  ...
# Subtest: two independent SQLite deployments use the ordinary model/tool loop for a question and an optional cited reply without creating response duties or copying memory
ok 10 - two independent SQLite deployments use the ordinary model/tool loop for a question and an optional cited reply without creating response duties or copying memory
  ---
  duration_ms: 7454.746291
  type: 'test'
  ...
# Subtest: reversed requester and responder roles accept and answer a request through independent profiles, wait without model work, and complete only after requester confirmation
not ok 11 - reversed requester and responder roles accept and answer a request through independent profiles, wait without model work, and complete only after requester confirmation
  ---
  duration_ms: 20542.599708
  type: 'test'
  location: '/Users/seunghanee/Documents/secumon/runtime/dist/tests/board-deployment-entry.test.js:113:1'
  failureType: 'testCodeFailure'
  error: '{"control":{"kind":"blocked","reason":"no_progress_limit"},"status":"blocked","reason":"no_progress_limit","attempts":[{"toolId":"core.board.requests.read","status":"succeeded","error":null},{"toolId":"core.board.read","status":"succeeded","error":null},{"toolId":"core.board.requests.accept","status":"succeeded","error":null},{"toolId":"deployment.document.read","status":"succeeded","error":null},{"toolId":"core.board.requests.read","status":"succeeded","error":null}]}'
  code: 'ERR_ASSERTION'
  name: 'AssertionError'
  expected: true
  actual: false
  operator: '=='
  stack: |-
    runEntry (file:///Users/seunghanee/Documents/secumon/runtime/dist/tests/board-deployment-entry-fixture.js:285:12)
    async TestContext.<anonymous> (file:///Users/seunghanee/Documents/secumon/runtime/dist/tests/board-deployment-entry.test.js:147:22)
    async Test.run (node:internal/test_runner/test:1404:7)
    async Test.processPendingSubtests (node:internal/test_runner/test:969:7)
  ...
# Subtest: withdrawn foreign-source scope invalidates the retained discussion proof and a new session sees no protected post without changing the owner original
ok 12 - withdrawn foreign-source scope invalidates the retained discussion proof and a new session sees no protected post without changing the owner original
  ---
  duration_ms: 4865.479791
  type: 'test'
  ...
# Subtest: ordinary board reads of unchanged content hit the default no-progress limit despite different task IDs
ok 13 - ordinary board reads of unchanged content hit the default no-progress limit despite different task IDs
  ---
  duration_ms: 4091.454458
  type: 'test'
  ...
# Subtest: collaboration progress: lookalikes and copied metadata never inherit native identity, including request-list fallback
ok 14 - collaboration progress: lookalikes and copied metadata never inherit native identity, including request-list fallback
  ---
  duration_ms: 9.214709
  type: 'test'
  ...
# Subtest: collaboration progress: registration snapshots preserve native identity without serializing it
ok 15 - collaboration progress: registration snapshots preserve native identity without serializing it
  ---
  duration_ms: 1.386375
  type: 'test'
  ...
# Subtest: collaboration progress: archive discovery and original body are distinct stages while revision, order, query and task churn add no credit
ok 16 - collaboration progress: archive discovery and original body are distinct stages while revision, order, query and task churn add no credit
  ---
  duration_ms: 1.437333
  type: 'test'
  ...
# Subtest: collaboration progress: empty and oversized archive reads add no credit, but changed original content does
ok 17 - collaboration progress: empty and oversized archive reads add no credit, but changed original content does
  ---
  duration_ms: 0.513458
  type: 'test'
  ...
# Subtest: collaboration progress: unknown, not-applied, recovered, reused or rejected writes cannot claim publication progress
ok 18 - collaboration progress: unknown, not-applied, recovered, reused or rejected writes cannot claim publication progress
  ---
  duration_ms: 0.381791
  type: 'test'
  ...
# Subtest: collaboration progress: changing publication IDs, cause IDs and revision cannot renew the same content credit
ok 19 - collaboration progress: changing publication IDs, cause IDs and revision cannot renew the same content credit
  ---
  duration_ms: 0.549417
  type: 'test'
  ...
# Subtest: collaboration progress: reading the same publication under a new post ID and cause ID does not renew content credit
ok 20 - collaboration progress: reading the same publication under a new post ID and cause ID does not renew content credit
  ---
  duration_ms: 0.860958
  type: 'test'
  ...
1..20
# tests 20
# suites 0
# pass 19
# fail 1
# cancelled 0
# skipped 0
# todo 0
# duration_ms 47106.605083
