TAP version 13
# Subtest: sqlite: lost offer response restores one obligation from the applied receipt without inventing a result
ok 1 - sqlite: lost offer response restores one obligation from the applied receipt without inventing a result
  ---
  duration_ms: 286.645792
  type: 'test'
  ...
# Subtest: sqlite: loss of an applied request receipt cannot silently discharge the response
ok 2 - sqlite: loss of an applied request receipt cannot silently discharge the response
  ---
  duration_ms: 225.487042
  type: 'test'
  ...
# Subtest: sqlite: lost acceptance response recovers the assignee obligation and leaves work executable
ok 3 - sqlite: lost acceptance response recovers the assignee obligation and leaves work executable
  ---
  duration_ms: 917.885208
  type: 'test'
  ...
# Subtest: file-journal: lost offer response restores one obligation from the applied receipt without inventing a result
ok 4 - file-journal: lost offer response restores one obligation from the applied receipt without inventing a result
  ---
  duration_ms: 519.240875
  type: 'test'
  ...
# Subtest: file-journal: loss of an applied request receipt cannot silently discharge the response
ok 5 - file-journal: loss of an applied request receipt cannot silently discharge the response
  ---
  duration_ms: 595.007458
  type: 'test'
  ...
# Subtest: file-journal: lost acceptance response recovers the assignee obligation and leaves work executable
ok 6 - file-journal: lost acceptance response recovers the assignee obligation and leaves work executable
  ---
  duration_ms: 3451.43125
  type: 'test'
  ...
1..6
# tests 6
# suites 0
# pass 6
# fail 0
# cancelled 0
# skipped 0
# todo 0
# duration_ms 6103.462792
