TAP version 13
# Subtest: sqlite: shared physical storage still requires the registered foreign owner for retained board sources
ok 1 - sqlite: shared physical storage still requires the registered foreign owner for retained board sources
  ---
  duration_ms: 285.379292
  type: 'test'
  ...
# Subtest: file-journal: shared physical storage still requires the registered foreign owner for retained board sources
ok 2 - file-journal: shared physical storage still requires the registered foreign owner for retained board sources
  ---
  duration_ms: 1556.337625
  type: 'test'
  ...
1..2
# tests 2
# suites 0
# pass 2
# fail 0
# cancelled 0
# skipped 0
# todo 0
# duration_ms 1952.992625
