TAP version 13
# Subtest: sqlite: board transitions, receipts and event cursors persist together and duplicates do not add events
ok 1 - sqlite: board transitions, receipts and event cursors persist together and duplicates do not add events
  ---
  duration_ms: 290.693583
  type: 'test'
  ...
# Subtest: sqlite: an event burst coalesces only after a complete current request scan
ok 2 - sqlite: an event burst coalesces only after a complete current request scan
  ---
  duration_ms: 320.847917
  type: 'test'
  ...
# Subtest: sqlite: missing event history under an established root is rejected rather than silently skipped
ok 3 - sqlite: missing event history under an established root is rejected rather than silently skipped
  ---
  duration_ms: 219.363583
  type: 'test'
  ...
# Subtest: sqlite: an owned worker killed after commit leaves one event and the same command receipt
ok 4 - sqlite: an owned worker killed after commit leaves one event and the same command receipt
  ---
  duration_ms: 142.413334
  type: 'test'
  ...
# Subtest: file-journal: board transitions, receipts and event cursors persist together and duplicates do not add events
ok 5 - file-journal: board transitions, receipts and event cursors persist together and duplicates do not add events
  ---
  duration_ms: 863.945209
  type: 'test'
  ...
# Subtest: file-journal: an event burst coalesces only after a complete current request scan
ok 6 - file-journal: an event burst coalesces only after a complete current request scan
  ---
  duration_ms: 1673.566459
  type: 'test'
  ...
# Subtest: file-journal: missing event history under an established root is rejected rather than silently skipped
ok 7 - file-journal: missing event history under an established root is rejected rather than silently skipped
  ---
  duration_ms: 1246.142667
  type: 'test'
  ...
# Subtest: file-journal: an owned worker killed after commit leaves one event and the same command receipt
ok 8 - file-journal: an owned worker killed after commit leaves one event and the same command receipt
  ---
  duration_ms: 179.484083
  type: 'test'
  ...
# Subtest: sqlite: a pre-event database declares a rescan boundary and recovers current offers without fabricating past events
ok 9 - sqlite: a pre-event database declares a rescan boundary and recovers current offers without fabricating past events
  ---
  duration_ms: 282.202042
  type: 'test'
  ...
# Subtest: event pagination applies its byte limit to the final cursor including a digit boundary
ok 10 - event pagination applies its byte limit to the final cursor including a digit boundary
  ---
  duration_ms: 0.220041
  type: 'test'
  ...
# Subtest: sqlite/documents: two runtimes request, accept, answer and confirm without treating discussion as goal completion
ok 11 - sqlite/documents: two runtimes request, accept, answer and confirm without treating discussion as goal completion
  ---
  duration_ms: 2956.757542
  type: 'test'
  ...
# Subtest: sqlite/observations: two runtimes request, accept, answer and confirm without treating discussion as goal completion
ok 12 - sqlite/observations: two runtimes request, accept, answer and confirm without treating discussion as goal completion
  ---
  duration_ms: 2705.724958
  type: 'test'
  ...
# Subtest: sqlite: lost offer response restores one obligation from the applied receipt without inventing a result
ok 13 - sqlite: lost offer response restores one obligation from the applied receipt without inventing a result
  ---
  duration_ms: 247.383583
  type: 'test'
  ...
# Subtest: sqlite: a missing projection is restored and generic wait or resolve cannot forge coordination
ok 14 - sqlite: a missing projection is restored and generic wait or resolve cannot forge coordination
  ---
  duration_ms: 264.081959
  type: 'test'
  ...
# Subtest: sqlite: requester can cancel a waiting request and cancellation is waived rather than satisfied
ok 15 - sqlite: requester can cancel a waiting request and cancellation is waived rather than satisfied
  ---
  duration_ms: 616.870042
  type: 'test'
  ...
# Subtest: sqlite: decline does not create an obligation for a recipient who never accepted
ok 16 - sqlite: decline does not create an obligation for a recipient who never accepted
  ---
  duration_ms: 247.85375
  type: 'test'
  ...
# Subtest: sqlite: expiry is actionable review and retains the original pending obligation
ok 17 - sqlite: expiry is actionable review and retains the original pending obligation
  ---
  duration_ms: 224.915541
  type: 'test'
  ...
# Subtest: sqlite: confirmed answer retraction invalidates the previous completion projection
ok 18 - sqlite: confirmed answer retraction invalidates the previous completion projection
  ---
  duration_ms: 1895.588083
  type: 'test'
  ...
# Subtest: sqlite: loss of an applied request receipt cannot silently discharge the response
ok 19 - sqlite: loss of an applied request receipt cannot silently discharge the response
  ---
  duration_ms: 152.462584
  type: 'test'
  ...
# Subtest: sqlite: lost acceptance response recovers the assignee obligation and leaves work executable
ok 20 - sqlite: lost acceptance response recovers the assignee obligation and leaves work executable
  ---
  duration_ms: 733.50225
  type: 'test'
  ...
# Subtest: sqlite: an expired assignee can decline instead of falsely satisfying the answer
ok 21 - sqlite: an expired assignee can decline instead of falsely satisfying the answer
  ---
  duration_ms: 528.855667
  type: 'test'
  ...
# Subtest: sqlite: coordination waits do not become questions for a human
ok 22 - sqlite: coordination waits do not become questions for a human
  ---
  duration_ms: 150.405333
  type: 'test'
  ...
# Subtest: sqlite: withdrawal of current authority denies a retained coordination projection
ok 23 - sqlite: withdrawal of current authority denies a retained coordination projection
  ---
  duration_ms: 148.693292
  type: 'test'
  ...
# Subtest: sqlite: request tool contracts reject caller-selected owner, command and action
ok 24 - sqlite: request tool contracts reject caller-selected owner, command and action
  ---
  duration_ms: 245.610125
  type: 'test'
  ...
# Subtest: sqlite: even satisfied goal facts wait for requester confirmation
ok 25 - sqlite: even satisfied goal facts wait for requester confirmation
  ---
  duration_ms: 1579.139125
  type: 'test'
  ...
# Subtest: file-journal/documents: two runtimes request, accept, answer and confirm without treating discussion as goal completion
ok 26 - file-journal/documents: two runtimes request, accept, answer and confirm without treating discussion as goal completion
  ---
  duration_ms: 13141.307708
  type: 'test'
  ...
# Subtest: file-journal/observations: two runtimes request, accept, answer and confirm without treating discussion as goal completion
ok 27 - file-journal/observations: two runtimes request, accept, answer and confirm without treating discussion as goal completion
  ---
  duration_ms: 12606.044458
  type: 'test'
  ...
# Subtest: file-journal: lost offer response restores one obligation from the applied receipt without inventing a result
ok 28 - file-journal: lost offer response restores one obligation from the applied receipt without inventing a result
  ---
  duration_ms: 459.597667
  type: 'test'
  ...
# Subtest: file-journal: a missing projection is restored and generic wait or resolve cannot forge coordination
ok 29 - file-journal: a missing projection is restored and generic wait or resolve cannot forge coordination
  ---
  duration_ms: 632.63425
  type: 'test'
  ...
# Subtest: file-journal: requester can cancel a waiting request and cancellation is waived rather than satisfied
ok 30 - file-journal: requester can cancel a waiting request and cancellation is waived rather than satisfied
  ---
  duration_ms: 1602.145666
  type: 'test'
  ...
# Subtest: file-journal: decline does not create an obligation for a recipient who never accepted
ok 31 - file-journal: decline does not create an obligation for a recipient who never accepted
  ---
  duration_ms: 603.367875
  type: 'test'
  ...
# Subtest: file-journal: expiry is actionable review and retains the original pending obligation
ok 32 - file-journal: expiry is actionable review and retains the original pending obligation
  ---
  duration_ms: 772.254083
  type: 'test'
  ...
# Subtest: file-journal: confirmed answer retraction invalidates the previous completion projection
ok 33 - file-journal: confirmed answer retraction invalidates the previous completion projection
  ---
  duration_ms: 9488.298667
  type: 'test'
  ...
# Subtest: file-journal: loss of an applied request receipt cannot silently discharge the response
ok 34 - file-journal: loss of an applied request receipt cannot silently discharge the response
  ---
  duration_ms: 443.5665
  type: 'test'
  ...
# Subtest: file-journal: lost acceptance response recovers the assignee obligation and leaves work executable
ok 35 - file-journal: lost acceptance response recovers the assignee obligation and leaves work executable
  ---
  duration_ms: 2996.995334
  type: 'test'
  ...
# Subtest: file-journal: an expired assignee can decline instead of falsely satisfying the answer
ok 36 - file-journal: an expired assignee can decline instead of falsely satisfying the answer
  ---
  duration_ms: 2041.967667
  type: 'test'
  ...
# Subtest: file-journal: coordination waits do not become questions for a human
ok 37 - file-journal: coordination waits do not become questions for a human
  ---
  duration_ms: 463.203417
  type: 'test'
  ...
# Subtest: file-journal: withdrawal of current authority denies a retained coordination projection
ok 38 - file-journal: withdrawal of current authority denies a retained coordination projection
  ---
  duration_ms: 437.491208
  type: 'test'
  ...
# Subtest: file-journal: request tool contracts reject caller-selected owner, command and action
ok 39 - file-journal: request tool contracts reject caller-selected owner, command and action
  ---
  duration_ms: 794.026291
  type: 'test'
  ...
# Subtest: file-journal: even satisfied goal facts wait for requester confirmation
ok 40 - file-journal: even satisfied goal facts wait for requester confirmation
  ---
  duration_ms: 8161.690083
  type: 'test'
  ...
# Subtest: sqlite: shared physical storage still requires the registered foreign owner for retained board sources
not ok 41 - sqlite: shared physical storage still requires the registered foreign owner for retained board sources
  ---
  duration_ms: 178.902584
  type: 'test'
  location: '/Users/seunghanee/Documents/secumon/runtime/dist/tests/board-runtime.test.js:116:5'
  failureType: 'testCodeFailure'
  error: 'board_unavailable'
  code: 'ERR_TEST_FAILURE'
  stack: |-
    unavailable (file:///Users/seunghanee/Documents/secumon/runtime/dist/application/board-service.js:9:32)
    #workProof (file:///Users/seunghanee/Documents/secumon/runtime/dist/application/board-service.js:126:13)
    async BoardService.readPage (file:///Users/seunghanee/Documents/secumon/runtime/dist/application/board-service.js:621:9)
    async TestContext.<anonymous> (file:///Users/seunghanee/Documents/secumon/runtime/dist/tests/board-runtime.test.js:125:22)
    async Test.run (node:internal/test_runner/test:1404:7)
    async startSubtestAfterBootstrap (node:internal/test_runner/harness:387:3)
  ...
# Subtest: sqlite/documents: runtime board read retains custody through history, compact and reopen
ok 42 - sqlite/documents: runtime board read retains custody through history, compact and reopen
  ---
  duration_ms: 366.802833
  type: 'test'
  ...
# Subtest: sqlite/observations: runtime board read retains custody through history, compact and reopen
ok 43 - sqlite/observations: runtime board read retains custody through history, compact and reopen
  ---
  duration_ms: 328.756625
  type: 'test'
  ...
# Subtest: sqlite: mutual work references terminate and a revoked member invalidates the whole closure
ok 44 - sqlite: mutual work references terminate and a revoked member invalidates the whole closure
  ---
  duration_ms: 214.673625
  type: 'test'
  ...
# Subtest: sqlite: private memory custody crosses a shared post without exposing the memory body
ok 45 - sqlite: private memory custody crosses a shared post without exposing the memory body
  ---
  duration_ms: 193.985375
  type: 'test'
  ...
# Subtest: sqlite: page content and consumer identity cannot be substituted in a result
ok 46 - sqlite: page content and consumer identity cannot be substituted in a result
  ---
  duration_ms: 123.13625
  type: 'test'
  ...
# Subtest: sqlite: memory and authenticated collection inputs share the board closure without recursive full validation
ok 47 - sqlite: memory and authenticated collection inputs share the board closure without recursive full validation
  ---
  duration_ms: 666.4155
  type: 'test'
  ...
# Subtest: sqlite: cancellation ends a board-tool wait before an unavailable repository responds
ok 48 - sqlite: cancellation ends a board-tool wait before an unavailable repository responds
  ---
  duration_ms: 56.206584
  type: 'test'
  ...
# Subtest: sqlite: a later goal retains original input custody until copied data is quarantined
ok 49 - sqlite: a later goal retains original input custody until copied data is quarantined
  ---
  duration_ms: 118.510958
  type: 'test'
  ...
# Subtest: sqlite: changed post blocks retained board context and quarantines copied state
ok 50 - sqlite: changed post blocks retained board context and quarantines copied state
  ---
  duration_ms: 125.232833
  type: 'test'
  ...
# Subtest: sqlite: changed source blocks retained board context and quarantines copied state
ok 51 - sqlite: changed source blocks retained board context and quarantines copied state
  ---
  duration_ms: 124.572958
  type: 'test'
  ...
# Subtest: sqlite: changed raw blocks retained board context and quarantines copied state
ok 52 - sqlite: changed raw blocks retained board context and quarantines copied state
  ---
  duration_ms: 119.864291
  type: 'test'
  ...
# Subtest: sqlite: changed receipt blocks retained board context and quarantines copied state
ok 53 - sqlite: changed receipt blocks retained board context and quarantines copied state
  ---
  duration_ms: 121.691625
  type: 'test'
  ...
# Subtest: sqlite: changed role blocks retained board context and quarantines copied state
ok 54 - sqlite: changed role blocks retained board context and quarantines copied state
  ---
  duration_ms: 121.506958
  type: 'test'
  ...
# Subtest: sqlite: changed authority blocks retained board context and quarantines copied state
ok 55 - sqlite: changed authority blocks retained board context and quarantines copied state
  ---
  duration_ms: 120.63525
  type: 'test'
  ...
# Subtest: sqlite: changed labels blocks retained board context and quarantines copied state
ok 56 - sqlite: changed labels blocks retained board context and quarantines copied state
  ---
  duration_ms: 122.016458
  type: 'test'
  ...
# Subtest: sqlite: changed generation blocks retained board context and quarantines copied state
ok 57 - sqlite: changed generation blocks retained board context and quarantines copied state
  ---
  duration_ms: 114.898875
  type: 'test'
  ...
# Subtest: sqlite: changed validator blocks retained board context and quarantines copied state
ok 58 - sqlite: changed validator blocks retained board context and quarantines copied state
  ---
  duration_ms: 123.40325
  type: 'test'
  ...
# Subtest: file-journal: shared physical storage still requires the registered foreign owner for retained board sources
not ok 59 - file-journal: shared physical storage still requires the registered foreign owner for retained board sources
  ---
  duration_ms: 318.947834
  type: 'test'
  location: '/Users/seunghanee/Documents/secumon/runtime/dist/tests/board-runtime.test.js:116:5'
  failureType: 'testCodeFailure'
  error: 'board_unavailable'
  code: 'ERR_TEST_FAILURE'
  stack: |-
    unavailable (file:///Users/seunghanee/Documents/secumon/runtime/dist/application/board-service.js:9:32)
    #workProof (file:///Users/seunghanee/Documents/secumon/runtime/dist/application/board-service.js:126:13)
    async BoardService.readPage (file:///Users/seunghanee/Documents/secumon/runtime/dist/application/board-service.js:621:9)
    async TestContext.<anonymous> (file:///Users/seunghanee/Documents/secumon/runtime/dist/tests/board-runtime.test.js:125:22)
    async Test.run (node:internal/test_runner/test:1404:7)
    async Test.processPendingSubtests (node:internal/test_runner/test:969:7)
  ...
# Subtest: file-journal/documents: runtime board read retains custody through history, compact and reopen
ok 60 - file-journal/documents: runtime board read retains custody through history, compact and reopen
  ---
  duration_ms: 839.773125
  type: 'test'
  ...
# Subtest: file-journal/observations: runtime board read retains custody through history, compact and reopen
ok 61 - file-journal/observations: runtime board read retains custody through history, compact and reopen
  ---
  duration_ms: 832.491542
  type: 'test'
  ...
# Subtest: file-journal: mutual work references terminate and a revoked member invalidates the whole closure
ok 62 - file-journal: mutual work references terminate and a revoked member invalidates the whole closure
  ---
  duration_ms: 597.125166
  type: 'test'
  ...
# Subtest: file-journal: private memory custody crosses a shared post without exposing the memory body
ok 63 - file-journal: private memory custody crosses a shared post without exposing the memory body
  ---
  duration_ms: 504.728625
  type: 'test'
  ...
# Subtest: file-journal: page content and consumer identity cannot be substituted in a result
ok 64 - file-journal: page content and consumer identity cannot be substituted in a result
  ---
  duration_ms: 287.830583
  type: 'test'
  ...
# Subtest: file-journal: memory and authenticated collection inputs share the board closure without recursive full validation
ok 65 - file-journal: memory and authenticated collection inputs share the board closure without recursive full validation
  ---
  duration_ms: 1560.159083
  type: 'test'
  ...
# Subtest: file-journal: cancellation ends a board-tool wait before an unavailable repository responds
ok 66 - file-journal: cancellation ends a board-tool wait before an unavailable repository responds
  ---
  duration_ms: 104.998083
  type: 'test'
  ...
# Subtest: file-journal: a later goal retains original input custody until copied data is quarantined
ok 67 - file-journal: a later goal retains original input custody until copied data is quarantined
  ---
  duration_ms: 335.112958
  type: 'test'
  ...
# Subtest: file-journal: changed post blocks retained board context and quarantines copied state
ok 68 - file-journal: changed post blocks retained board context and quarantines copied state
  ---
  duration_ms: 323.417833
  type: 'test'
  ...
# Subtest: file-journal: changed source blocks retained board context and quarantines copied state
ok 69 - file-journal: changed source blocks retained board context and quarantines copied state
  ---
  duration_ms: 325.095417
  type: 'test'
  ...
# Subtest: file-journal: changed raw blocks retained board context and quarantines copied state
ok 70 - file-journal: changed raw blocks retained board context and quarantines copied state
  ---
  duration_ms: 331.825625
  type: 'test'
  ...
# Subtest: file-journal: changed receipt blocks retained board context and quarantines copied state
ok 71 - file-journal: changed receipt blocks retained board context and quarantines copied state
  ---
  duration_ms: 307.107542
  type: 'test'
  ...
# Subtest: file-journal: changed role blocks retained board context and quarantines copied state
ok 72 - file-journal: changed role blocks retained board context and quarantines copied state
  ---
  duration_ms: 329.017666
  type: 'test'
  ...
# Subtest: file-journal: changed authority blocks retained board context and quarantines copied state
ok 73 - file-journal: changed authority blocks retained board context and quarantines copied state
  ---
  duration_ms: 314.036875
  type: 'test'
  ...
# Subtest: file-journal: changed labels blocks retained board context and quarantines copied state
ok 74 - file-journal: changed labels blocks retained board context and quarantines copied state
  ---
  duration_ms: 319.955042
  type: 'test'
  ...
# Subtest: file-journal: changed generation blocks retained board context and quarantines copied state
ok 75 - file-journal: changed generation blocks retained board context and quarantines copied state
  ---
  duration_ms: 330.879208
  type: 'test'
  ...
# Subtest: file-journal: changed validator blocks retained board context and quarantines copied state
ok 76 - file-journal: changed validator blocks retained board context and quarantines copied state
  ---
  duration_ms: 305.999333
  type: 'test'
  ...
# Subtest: sqlite/documents: discover and finish a request using observed IDs and revisions, then retain history across compact and reopen
ok 77 - sqlite/documents: discover and finish a request using observed IDs and revisions, then retain history across compact and reopen
  ---
  duration_ms: 3833.711875
  type: 'test'
  ...
# Subtest: sqlite/observations: discover and finish a request using observed IDs and revisions, then retain history across compact and reopen
ok 78 - sqlite/observations: discover and finish a request using observed IDs and revisions, then retain history across compact and reopen
  ---
  duration_ms: 3618.951458
  type: 'test'
  ...
# Subtest: sqlite: duplicate wake is a no-op with zero model, tool and chat delivery activity
ok 79 - sqlite: duplicate wake is a no-op with zero model, tool and chat delivery activity
  ---
  duration_ms: 189.647417
  type: 'test'
  ...
# Subtest: sqlite: an unprocessed event rejects stale context and a pending offer blocks completion even after metadata is read
ok 80 - sqlite: an unprocessed event rejects stale context and a pending offer blocks completion even after metadata is read
  ---
  duration_ms: 290.699792
  type: 'test'
  ...
# Subtest: sqlite: a missed wake and a lost checkpoint reply resume with one durable notification
ok 81 - sqlite: a missed wake and a lost checkpoint reply resume with one durable notification
  ---
  duration_ms: 187.013791
  type: 'test'
  ...
# Subtest: sqlite: notifications and cursor require their original checkpoint and survive compact without omissions
ok 82 - sqlite: notifications and cursor require their original checkpoint and survive compact without omissions
  ---
  duration_ms: 209.99175
  type: 'test'
  ...
# Subtest: sqlite: request metadata cannot be forged and current authority is rechecked after artifact reads
ok 83 - sqlite: request metadata cannot be forged and current authority is rechecked after artifact reads
  ---
  duration_ms: 189.488375
  type: 'test'
  ...
# Subtest: sqlite: another owner cannot register or close a subscription; revoked access prevents wake
ok 84 - sqlite: another owner cannot register or close a subscription; revoked access prevents wake
  ---
  duration_ms: 148.082792
  type: 'test'
  ...
# Subtest: sqlite: expiry before a poll creates no actionable offer and unchanged waiting does not call a model
ok 85 - sqlite: expiry before a poll creates no actionable offer and unchanged waiting does not call a model
  ---
  duration_ms: 305.117041
  type: 'test'
  ...
# Subtest: sqlite: pause preserves the cursor, resume reads missed events, and cancellation closes the inbox
ok 86 - sqlite: pause preserves the cursor, resume reads missed events, and cancellation closes the inbox
  ---
  duration_ms: 156.484875
  type: 'test'
  ...
# Subtest: sqlite: metadata pagination is bounded and rejects stale cursors and caller-selected ownership
ok 87 - sqlite: metadata pagination is bounded and rejects stale cursors and caller-selected ownership
  ---
  duration_ms: 163.096041
  type: 'test'
  ...
# Subtest: sqlite: goal revision closes its old inbox and a new host subscription rescans current offers
ok 88 - sqlite: goal revision closes its old inbox and a new host subscription rescans current offers
  ---
  duration_ms: 158.182708
  type: 'test'
  ...
# Subtest: sqlite: completed work closes its subscription and a later offer does not reopen it
ok 89 - sqlite: completed work closes its subscription and a later offer does not reopen it
  ---
  duration_ms: 147.674125
  type: 'test'
  ...
# Subtest: sqlite: a data access change closes old generation subscriptions and removes their context references
ok 90 - sqlite: a data access change closes old generation subscriptions and removes their context references
  ---
  duration_ms: 163.478875
  type: 'test'
  ...
# Subtest: sqlite: repeated metadata observations do not manufacture progress or independent evidence
ok 91 - sqlite: repeated metadata observations do not manufacture progress or independent evidence
  ---
  duration_ms: 240.138958
  type: 'test'
  ...
# Subtest: sqlite: authority withdrawn during the final metadata check prevents cursor advancement
ok 92 - sqlite: authority withdrawn during the final metadata check prevents cursor advancement
  ---
  duration_ms: 153.331792
  type: 'test'
  ...
# Subtest: sqlite: a refresh that exceeds its time budget leaves the cursor and inbox uncommitted
ok 93 - sqlite: a refresh that exceeds its time budget leaves the cursor and inbox uncommitted
  ---
  duration_ms: 141.281291
  type: 'test'
  ...
# Subtest: sqlite: an incoming offer invalidates a reserved model context before any model invocation
ok 94 - sqlite: an incoming offer invalidates a reserved model context before any model invocation
  ---
  duration_ms: 199.754792
  type: 'test'
  ...
# Subtest: sqlite: an active nonparticipant role sees no request metadata and receives no offer notification
ok 95 - sqlite: an active nonparticipant role sees no request metadata and receives no offer notification
  ---
  duration_ms: 53.023208
  type: 'test'
  ...
# Subtest: file-journal/documents: discover and finish a request using observed IDs and revisions, then retain history across compact and reopen
ok 96 - file-journal/documents: discover and finish a request using observed IDs and revisions, then retain history across compact and reopen
  ---
  duration_ms: 25186.159667
  type: 'test'
  ...
# Subtest: file-journal/observations: discover and finish a request using observed IDs and revisions, then retain history across compact and reopen
ok 97 - file-journal/observations: discover and finish a request using observed IDs and revisions, then retain history across compact and reopen
  ---
  duration_ms: 24432.344833
  type: 'test'
  ...
# Subtest: file-journal: duplicate wake is a no-op with zero model, tool and chat delivery activity
ok 98 - file-journal: duplicate wake is a no-op with zero model, tool and chat delivery activity
  ---
  duration_ms: 774.59625
  type: 'test'
  ...
# Subtest: file-journal: an unprocessed event rejects stale context and a pending offer blocks completion even after metadata is read
ok 99 - file-journal: an unprocessed event rejects stale context and a pending offer blocks completion even after metadata is read
  ---
  duration_ms: 1133.326208
  type: 'test'
  ...
# Subtest: file-journal: a missed wake and a lost checkpoint reply resume with one durable notification
ok 100 - file-journal: a missed wake and a lost checkpoint reply resume with one durable notification
  ---
  duration_ms: 555.239417
  type: 'test'
  ...
# Subtest: file-journal: notifications and cursor require their original checkpoint and survive compact without omissions
ok 101 - file-journal: notifications and cursor require their original checkpoint and survive compact without omissions
  ---
  duration_ms: 594.407334
  type: 'test'
  ...
# Subtest: file-journal: request metadata cannot be forged and current authority is rechecked after artifact reads
ok 102 - file-journal: request metadata cannot be forged and current authority is rechecked after artifact reads
  ---
  duration_ms: 623.197542
  type: 'test'
  ...
# Subtest: file-journal: another owner cannot register or close a subscription; revoked access prevents wake
ok 103 - file-journal: another owner cannot register or close a subscription; revoked access prevents wake
  ---
  duration_ms: 475.154083
  type: 'test'
  ...
# Subtest: file-journal: expiry before a poll creates no actionable offer and unchanged waiting does not call a model
ok 104 - file-journal: expiry before a poll creates no actionable offer and unchanged waiting does not call a model
  ---
  duration_ms: 1252.199458
  type: 'test'
  ...
# Subtest: file-journal: pause preserves the cursor, resume reads missed events, and cancellation closes the inbox
ok 105 - file-journal: pause preserves the cursor, resume reads missed events, and cancellation closes the inbox
  ---
  duration_ms: 553.238375
  type: 'test'
  ...
# Subtest: file-journal: metadata pagination is bounded and rejects stale cursors and caller-selected ownership
ok 106 - file-journal: metadata pagination is bounded and rejects stale cursors and caller-selected ownership
  ---
  duration_ms: 607.287958
  type: 'test'
  ...
# Subtest: file-journal: goal revision closes its old inbox and a new host subscription rescans current offers
ok 107 - file-journal: goal revision closes its old inbox and a new host subscription rescans current offers
  ---
  duration_ms: 586.842166
  type: 'test'
  ...
# Subtest: file-journal: completed work closes its subscription and a later offer does not reopen it
ok 108 - file-journal: completed work closes its subscription and a later offer does not reopen it
  ---
  duration_ms: 498.937583
  type: 'test'
  ...
# Subtest: file-journal: a data access change closes old generation subscriptions and removes their context references
ok 109 - file-journal: a data access change closes old generation subscriptions and removes their context references
  ---
  duration_ms: 528.907083
  type: 'test'
  ...
# Subtest: file-journal: repeated metadata observations do not manufacture progress or independent evidence
ok 110 - file-journal: repeated metadata observations do not manufacture progress or independent evidence
  ---
  duration_ms: 782.704166
  type: 'test'
  ...
# Subtest: file-journal: authority withdrawn during the final metadata check prevents cursor advancement
ok 111 - file-journal: authority withdrawn during the final metadata check prevents cursor advancement
  ---
  duration_ms: 528.794416
  type: 'test'
  ...
# Subtest: file-journal: a refresh that exceeds its time budget leaves the cursor and inbox uncommitted
ok 112 - file-journal: a refresh that exceeds its time budget leaves the cursor and inbox uncommitted
  ---
  duration_ms: 493.985958
  type: 'test'
  ...
# Subtest: file-journal: an incoming offer invalidates a reserved model context before any model invocation
ok 113 - file-journal: an incoming offer invalidates a reserved model context before any model invocation
  ---
  duration_ms: 623.716125
  type: 'test'
  ...
# Subtest: file-journal: an active nonparticipant role sees no request metadata and receives no offer notification
ok 114 - file-journal: an active nonparticipant role sees no request metadata and receives no offer notification
  ---
  duration_ms: 175.097834
  type: 'test'
  ...
# Subtest: board source registry resolves only explicitly registered matching owners and verifies the returned work owner
ok 115 - board source registry resolves only explicitly registered matching owners and verifies the returned work owner
  ---
  duration_ms: 0.540042
  type: 'test'
  ...
# Subtest: board source registry rejects duplicate registrations and ambiguous work IDs rather than selecting the first store
ok 116 - board source registry rejects duplicate registrations and ambiguous work IDs rather than selecting the first store
  ---
  duration_ms: 0.267875
  type: 'test'
  ...
# Subtest: repeated cleanup of an old board source cannot remove its replacement or revive the retired handle
ok 117 - repeated cleanup of an old board source cannot remove its replacement or revive the retired handle
  ---
  duration_ms: 0.151125
  type: 'test'
  ...
# Subtest: board source inspectInput discards a response arriving after host unregister
ok 118 - board source inspectInput discards a response arriving after host unregister
  ---
  duration_ms: 0.138292
  type: 'test'
  ...
# Subtest: board source inspectMemory discards a response arriving after host unregister
ok 119 - board source inspectMemory discards a response arriving after host unregister
  ---
  duration_ms: 0.104
  type: 'test'
  ...
# Subtest: board source inspectCoverage discards a response arriving after host unregister
ok 120 - board source inspectCoverage discards a response arriving after host unregister
  ---
  duration_ms: 0.077458
  type: 'test'
  ...
1..120
# tests 120
# suites 0
# pass 118
# fail 2
# cancelled 0
# skipped 0
# todo 0
# duration_ms 155601.404875
