{
  "node": "v24.20.0",
  "build": "1b00d30e1a9919446b748610254d4a6928078c8f80f52121dc278503fe82ee5a",
  "rawResult": {
    "resultId": "attempt-3:result",
    "attemptId": "attempt-3",
    "status": "success",
    "coverage": "unknown",
    "effectState": "none",
    "evidence": [],
    "artifacts": [
      {
        "id": "7583e495e9f0be4c8e39fe86e128ffbecb295fb0ec29ebe081a7c3d453483665",
        "sha256": "805dcc3ebd8952beccfd120fa8496afd48ff8e4d707f6e086417e27bde8f91ae",
        "byteLength": 1413,
        "mediaType": "application/json",
        "tenantId": "tenant-a",
        "labels": [
          "synthetic"
        ]
      }
    ],
    "cursor": null,
    "error": null,
    "output": {
      "requestId": "peer-4afc3eac4cf445d0d40c6603a1963207e9ddb57d5cdd0408ff1770039af18bcd",
      "peerId": "reviewer",
      "peer": {
        "agentId": "recipient-agent",
        "revision": "1",
        "role": "resident",
        "model": {
          "provider": "local-fixture",
          "model": "reviewer",
          "revision": "1"
        }
      },
      "target": {
        "agentId": "caller-agent",
        "tenantId": "tenant-a",
        "principalId": "person-a",
        "workId": "caller-work",
        "goalRevision": 1,
        "planRevision": 1
      },
      "interpretation": "peer_assessment_not_independent_evidence",
      "cost": "recipient_own_budget",
      "status": "waiting",
      "reason": "waiting_for_source",
      "recipientWorkId": "recipient-work",
      "model": {
        "provider": "local-fixture",
        "model": "reviewer",
        "revision": "1"
      },
      "observedAt": 1100,
      "text": null,
      "review": null
    }
  },
  "attempt": {
    "id": "attempt-3",
    "taskId": "peer-task-1",
    "planRevision": 1,
    "goalRevision": 1,
    "toolId": "core.peer.consult",
    "toolVersion": "1",
    "inputDigest": "e6dc43854ddf02db4d0e5539ca2070af9b8766f80973a354ed76d779bb541e2f",
    "scope": "fixture",
    "contractDigest": "db7e7b3f357de0bc524cd6b9eb4775086fb7ac1621ee82967896715b62a063e8",
    "execution": {
      "mode": "unreported",
      "implementationCalls": null,
      "usage": {
        "transportCalls": null,
        "internalOperations": null,
        "imageBytes": null,
        "waitMs": null
      }
    },
    "effect": "read",
    "effectState": "none",
    "status": "running",
    "owner": "worker",
    "leaseUntil": 11100,
    "startedAt": 1100,
    "finishedAt": null,
    "resultId": null,
    "resultArtifact": null,
    "adopted": false,
    "error": null
  },
  "responseReceipt": {
    "digest": "73726ad599e79def371dc2cf2c588607cce1f1e5992c8455d0a6bf5d6d790f41",
    "revision": 7,
    "expected": "73726ad599e79def371dc2cf2c588607cce1f1e5992c8455d0a6bf5d6d790f41"
  },
  "responseEvent": [
    {
      "type": "peer_response_observed",
      "at": 1100,
      "data": {
        "payload": {
          "artifact": {
            "id": "7583e495e9f0be4c8e39fe86e128ffbecb295fb0ec29ebe081a7c3d453483665",
            "sha256": "805dcc3ebd8952beccfd120fa8496afd48ff8e4d707f6e086417e27bde8f91ae",
            "byteLength": 1413,
            "mediaType": "application/json",
            "tenantId": "tenant-a",
            "labels": [
              "synthetic"
            ]
          },
          "value": {
            "peerId": "reviewer",
            "peer": {
              "agentId": "recipient-agent",
              "revision": "1",
              "role": "resident",
              "model": {
                "provider": "local-fixture",
                "model": "reviewer",
                "revision": "1"
              }
            },
            "destination": "local",
            "request": {
              "schemaVersion": 1,
              "id": "peer-4afc3eac4cf445d0d40c6603a1963207e9ddb57d5cdd0408ff1770039af18bcd",
              "kind": "consult",
              "text": "Compare an independent explanation.",
              "from": {
                "agentId": "caller-agent",
                "tenantId": "tenant-a",
                "principalId": "person-a",
                "workId": "caller-work",
                "goalRevision": 1,
                "planRevision": 1
              },
              "policyDigest": "fab745573167c8c0e2bad5c722180f20e006c8ff1a5fde1914ce4301b2ec77e8",
              "generation": 0,
              "labels": [
                "synthetic"
              ],
              "deadlineAt": 61000,
              "target": null
            },
            "ticket": {
              "requestId": "peer-4afc3eac4cf445d0d40c6603a1963207e9ddb57d5cdd0408ff1770039af18bcd",
              "requestDigest": "6e6f06af4e3ddd96e7391efd544e563e48de4de0a35e1a664115d3d84cd430a4",
              "workId": "recipient-work",
              "sessionId": "recipient-session",
              "goalRevision": 1
            },
            "schemaVersion": 1,
            "attemptId": "attempt-3",
            "reply": {
              "ticket": {
                "requestId": "peer-4afc3eac4cf445d0d40c6603a1963207e9ddb57d5cdd0408ff1770039af18bcd",
                "requestDigest": "6e6f06af4e3ddd96e7391efd544e563e48de4de0a35e1a664115d3d84cd430a4",
                "workId": "recipient-work",
                "sessionId": "recipient-session",
                "goalRevision": 1
              },
              "status": "waiting",
              "text": null,
              "answerDigest": null,
              "reason": "waiting_for_source",
              "labels": [
                "synthetic"
              ],
              "model": {
                "provider": "local-fixture",
                "model": "reviewer",
                "revision": "1"
              },
              "observedAt": 1100,
              "stateRevision": 1
            }
          }
        }
      },
      "workId": "caller-work",
      "revision": 7,
      "sequence": 7,
      "commandId": "peer-response:attempt-3"
    }
  ],
  "descriptor": {
    "id": "attempt-3",
    "taskId": "peer-task-1",
    "planRevision": 1,
    "goalRevision": 1,
    "toolId": "core.peer.consult",
    "toolVersion": "1",
    "inputDigest": "e6dc43854ddf02db4d0e5539ca2070af9b8766f80973a354ed76d779bb541e2f",
    "scope": "fixture",
    "contractDigest": "db7e7b3f357de0bc524cd6b9eb4775086fb7ac1621ee82967896715b62a063e8",
    "execution": {
      "mode": "unreported",
      "implementationCalls": null,
      "usage": {
        "transportCalls": null,
        "internalOperations": null,
        "imageBytes": null,
        "waitMs": null
      }
    },
    "effect": "read",
    "effectState": "none",
    "status": "running",
    "owner": "worker",
    "leaseUntil": 11100,
    "startedAt": 1100,
    "finishedAt": null,
    "resultId": null,
    "resultArtifact": null,
    "adopted": false,
    "error": null
  },
  "assertRequest": true,
  "outputMatches": true,
  "peerCurrent": true,
  "nativeValidation": true,
  "registeredValidation": true,
  "received": {
    "attempt": {
      "id": "attempt-3",
      "taskId": "peer-task-1",
      "planRevision": 1,
      "goalRevision": 1,
      "toolId": "core.peer.consult",
      "toolVersion": "1",
      "inputDigest": "e6dc43854ddf02db4d0e5539ca2070af9b8766f80973a354ed76d779bb541e2f",
      "scope": "fixture",
      "contractDigest": "db7e7b3f357de0bc524cd6b9eb4775086fb7ac1621ee82967896715b62a063e8",
      "execution": {
        "mode": "unreported",
        "implementationCalls": null,
        "usage": {
          "transportCalls": null,
          "internalOperations": null,
          "imageBytes": null,
          "waitMs": null
        }
      },
      "effect": "read",
      "effectState": "none",
      "status": "received",
      "owner": "worker",
      "leaseUntil": 11100,
      "startedAt": 1100,
      "finishedAt": 1100,
      "resultId": "attempt-3:failure",
      "resultArtifact": {
        "id": "5da8342ef7afab769891d4b4c6a7a583e4eddb833fa7573c6a645803e799454a",
        "sha256": "e08ba34b6eda519d577396340f93a2480f768dc39dade838ca81607fe0b5f801",
        "byteLength": 229,
        "mediaType": "application/json",
        "tenantId": "tenant-a",
        "labels": []
      },
      "adopted": false,
      "error": null
    },
    "result": {
      "resultId": "attempt-3:failure",
      "attemptId": "attempt-3",
      "status": "error",
      "effectState": "none",
      "evidence": [],
      "artifacts": [],
      "output": null,
      "error": {
        "code": "invalid_tool_result",
        "retryable": false
      },
      "cursor": null,
      "coverage": "unknown"
    }
  }
}
{
  "phase": "fixed-build2-contract-diagnosis",
  "success": false,
  "issues": [
    {
      "code": "custom",
      "message": "success_requires_complete_coverage_without_error",
      "path": []
    }
  ]
}
