TAP version 13
# Subtest: budget progress: only native factory identity survives snapshots; identical metadata grants no preparation
ok 1 - budget progress: only native factory identity survives snapshots; identical metadata grants no preparation
  ---
  duration_ms: 6.621458
  type: 'test'
  ...
# Subtest: budget progress: repeated status ignores query, task IDs, revisions and caller costs and retains the default three-step stop
ok 2 - budget progress: repeated status ignores query, task IDs, revisions and caller costs and retains the default three-step stop
  ---
  duration_ms: 2.247375
  type: 'test'
  ...
# Subtest: budget progress: actual allocation is productive but changing generated grant, work or criterion IDs cannot mint the same allocation again
ok 3 - budget progress: actual allocation is productive but changing generated grant, work or criterion IDs cannot mint the same allocation again
  ---
  duration_ms: 1.235875
  type: 'test'
  ...
# Subtest: budget progress: increase, draining, known usage and settlement credit only the matching current grant state
ok 4 - budget progress: increase, draining, known usage and settlement credit only the matching current grant state
  ---
  duration_ms: 1.088042
  type: 'test'
  ...
# Subtest: budget progress: requests expose numeric preparation once while request IDs and private wording cannot renew credit
ok 5 - budget progress: requests expose numeric preparation once while request IDs and private wording cannot renew credit
  ---
  duration_ms: 1.270916
  type: 'test'
  ...
# Subtest: budget progress: unadopted, failed, reused, denied, foreign-goal and malformed observations cannot claim progress
ok 6 - budget progress: unadopted, failed, reused, denied, foreign-goal and malformed observations cannot claim progress
  ---
  duration_ms: 0.934333
  type: 'test'
  ...
# Subtest: budget tools entry: observed recipient allocation and actual execution settle once across separate SQLite profiles without copying source or memory
ok 7 - budget tools entry: observed recipient allocation and actual execution settle once across separate SQLite profiles without copying source or memory
  ---
  duration_ms: 1975.241625
  type: 'test'
  ...
# Subtest: budget tools entry: allocation permission alone executes nothing and the same owner addresses resume the original grant after reopen
not ok 8 - budget tools entry: allocation permission alone executes nothing and the same owner addresses resume the original grant after reopen
  ---
  duration_ms: 1715.799708
  type: 'test'
  location: '/Users/seunghanee/Documents/secumon/runtime/dist/tests/budget-tools-entry.test.js:77:1'
  failureType: 'testCodeFailure'
  error: '{"control":{"kind":"blocked","reason":"no_progress_limit"},"steps":1,"reason":"no_progress_limit","stateRevision":37,"goalRevision":1,"checkpoint":{"id":"781b628523113a6ca7911763119b0d8f0ea1906f333683e599ff67145684e439","sha256":"da895e2c778d3d9e82a209f1c2959b4da839b9cf828d5bd3f6c22d1fcb8e674d","byteLength":23429,"mediaType":"application/json","tenantId":"company","labels":["public"]},"resumeDisposition":"created"}'
  code: 'ERR_ASSERTION'
  name: 'AssertionError'
  expected: true
  actual: false
  operator: '=='
  stack: |-
    Object.through (file:///Users/seunghanee/Documents/secumon/runtime/dist/tests/budget-tools-entry-fixture.js:240:20)
    async TestContext.<anonymous> (file:///Users/seunghanee/Documents/secumon/runtime/dist/tests/budget-tools-entry.test.js:105:21)
    async Test.run (node:internal/test_runner/test:1404:7)
    async Test.processPendingSubtests (node:internal/test_runner/test:969:7)
  ...
# Subtest: budget tools entry: a recipient request exposes only numeric need and explicit increase preserves the sponsor limit before continuation
ok 9 - budget tools entry: a recipient request exposes only numeric need and explicit increase preserves the sponsor limit before continuation
  ---
  duration_ms: 2915.97325
  type: 'test'
  ...
# Subtest: budget tools entry: a locally injected lost model reply retains unknown usage through revoke, repeated reconciliation and reopen
ok 10 - budget tools entry: a locally injected lost model reply retains unknown usage through revoke, repeated reconciliation and reopen
  ---
  duration_ms: 1967.512666
  type: 'test'
  ...
# Subtest: budget tools entry: an observed recipient cannot over-allocate the sponsor original hard limit or execute the unfunded pending child
not ok 11 - budget tools entry: an observed recipient cannot over-allocate the sponsor original hard limit or execute the unfunded pending child
  ---
  duration_ms: 1029.327875
  type: 'test'
  location: '/Users/seunghanee/Documents/secumon/runtime/dist/tests/budget-tools-entry.test.js:203:1'
  failureType: 'testCodeFailure'
  error: 'Missing expected rejection.'
  code: 'ERR_ASSERTION'
  name: 'AssertionError'
  expected:
  operator: 'rejects'
  stack: |-
    async TestContext.<anonymous> (file:///Users/seunghanee/Documents/secumon/runtime/dist/tests/budget-tools-entry.test.js:218:5)
    async Test.run (node:internal/test_runner/test:1404:7)
    async Test.processPendingSubtests (node:internal/test_runner/test:969:7)
  ...
# Subtest: collaboration progress: lookalikes and copied metadata never inherit native identity, including request-list fallback
ok 12 - collaboration progress: lookalikes and copied metadata never inherit native identity, including request-list fallback
  ---
  duration_ms: 6.550875
  type: 'test'
  ...
# Subtest: collaboration progress: registration snapshots preserve native identity without serializing it
ok 13 - collaboration progress: registration snapshots preserve native identity without serializing it
  ---
  duration_ms: 1.240291
  type: 'test'
  ...
# Subtest: collaboration progress: archive discovery and original body are distinct stages while revision, order, query and task churn add no credit
ok 14 - collaboration progress: archive discovery and original body are distinct stages while revision, order, query and task churn add no credit
  ---
  duration_ms: 1.430667
  type: 'test'
  ...
# Subtest: collaboration progress: empty and oversized archive reads add no credit, but changed original content does
ok 15 - collaboration progress: empty and oversized archive reads add no credit, but changed original content does
  ---
  duration_ms: 0.464416
  type: 'test'
  ...
# Subtest: collaboration progress: unknown, not-applied, recovered, reused or rejected writes cannot claim publication progress
ok 16 - collaboration progress: unknown, not-applied, recovered, reused or rejected writes cannot claim publication progress
  ---
  duration_ms: 0.449208
  type: 'test'
  ...
# Subtest: collaboration progress: changing publication IDs, cause IDs and revision cannot renew the same content credit
ok 17 - collaboration progress: changing publication IDs, cause IDs and revision cannot renew the same content credit
  ---
  duration_ms: 0.328042
  type: 'test'
  ...
# Subtest: collaboration progress: reading the same publication under a new post ID and cause ID does not renew content credit
ok 18 - collaboration progress: reading the same publication under a new post ID and cause ID does not renew content credit
  ---
  duration_ms: 0.680166
  type: 'test'
  ...
# Subtest: progress runtime sqlite: renamed tasks share failure history and backoff survives workflow runs and reopening
ok 19 - progress runtime sqlite: renamed tasks share failure history and backoff survives workflow runs and reopening
  ---
  duration_ms: 137.129708
  type: 'test'
  ...
# Subtest: progress runtime sqlite: replanning cannot extend the first semantic request retry deadline
ok 20 - progress runtime sqlite: replanning cannot extend the first semantic request retry deadline
  ---
  duration_ms: 60.107375
  type: 'test'
  ...
# Subtest: progress runtime sqlite: successful empty results still stall and mode, compact, resume and reopening cannot erase that state
ok 21 - progress runtime sqlite: successful empty results still stall and mode, compact, resume and reopening cannot erase that state
  ---
  duration_ms: 147.441584
  type: 'test'
  ...
# Subtest: progress runtime sqlite: a stored tool result settles atomically before allocation gates and verified completion still wins
ok 22 - progress runtime sqlite: a stored tool result settles atomically before allocation gates and verified completion still wins
  ---
  duration_ms: 53.602708
  type: 'test'
  ...
# Subtest: progress runtime sqlite: a stored model reply settles after reopening even when new allocations are blocked
ok 23 - progress runtime sqlite: a stored model reply settles after reopening even when new allocations are blocked
  ---
  duration_ms: 74.318
  type: 'test'
  ...
# Subtest: progress runtime sqlite: repeated invalid model proposals preserve one failure key and persist model backoff
ok 24 - progress runtime sqlite: repeated invalid model proposals preserve one failure key and persist model backoff
  ---
  duration_ms: 236.462125
  type: 'test'
  ...
# Subtest: progress runtime sqlite: a new goal starts a new streak while preserving usage, processed history and failure deadlines
ok 25 - progress runtime sqlite: a new goal starts a new streak while preserving usage, processed history and failure deadlines
  ---
  duration_ms: 36.145042
  type: 'test'
  ...
# Subtest: progress runtime sqlite: an unknown synthetic write remains an obligation ahead of a no-progress allocation stop
ok 26 - progress runtime sqlite: an unknown synthetic write remains an obligation ahead of a no-progress allocation stop
  ---
  duration_ms: 68.7545
  type: 'test'
  ...
# Subtest: progress runtime file-journal: renamed tasks share failure history and backoff survives workflow runs and reopening
ok 27 - progress runtime file-journal: renamed tasks share failure history and backoff survives workflow runs and reopening
  ---
  duration_ms: 453.1555
  type: 'test'
  ...
# Subtest: progress runtime file-journal: replanning cannot extend the first semantic request retry deadline
ok 28 - progress runtime file-journal: replanning cannot extend the first semantic request retry deadline
  ---
  duration_ms: 300.051542
  type: 'test'
  ...
# Subtest: progress runtime file-journal: successful empty results still stall and mode, compact, resume and reopening cannot erase that state
ok 29 - progress runtime file-journal: successful empty results still stall and mode, compact, resume and reopening cannot erase that state
  ---
  duration_ms: 520.829958
  type: 'test'
  ...
# Subtest: progress runtime file-journal: a stored tool result settles atomically before allocation gates and verified completion still wins
ok 30 - progress runtime file-journal: a stored tool result settles atomically before allocation gates and verified completion still wins
  ---
  duration_ms: 208.709834
  type: 'test'
  ...
# Subtest: progress runtime file-journal: a stored model reply settles after reopening even when new allocations are blocked
ok 31 - progress runtime file-journal: a stored model reply settles after reopening even when new allocations are blocked
  ---
  duration_ms: 182.953875
  type: 'test'
  ...
# Subtest: progress runtime file-journal: repeated invalid model proposals preserve one failure key and persist model backoff
ok 32 - progress runtime file-journal: repeated invalid model proposals preserve one failure key and persist model backoff
  ---
  duration_ms: 595.911959
  type: 'test'
  ...
# Subtest: progress runtime file-journal: a new goal starts a new streak while preserving usage, processed history and failure deadlines
ok 33 - progress runtime file-journal: a new goal starts a new streak while preserving usage, processed history and failure deadlines
  ---
  duration_ms: 139.184333
  type: 'test'
  ...
# Subtest: progress runtime file-journal: an unknown synthetic write remains an obligation ahead of a no-progress allocation stop
ok 34 - progress runtime file-journal: an unknown synthetic write remains an obligation ahead of a no-progress allocation stop
  ---
  duration_ms: 201.436166
  type: 'test'
  ...
# Subtest: progress: a unique committed operation contributes once and returned state has no mutable aliases
ok 35 - progress: a unique committed operation contributes once and returned state has no mutable aliases
  ---
  duration_ms: 0.7465
  type: 'test'
  ...
# Subtest: progress: permutations, repeated known keys and new operation IDs cannot fabricate productive steps
ok 36 - progress: permutations, repeated known keys and new operation IDs cannot fabricate productive steps
  ---
  duration_ms: 1.096208
  type: 'test'
  ...
# Subtest: progress: explicit goal epochs reset only the current streak and preserve deduplication and the original retry window
ok 37 - progress: explicit goal epochs reset only the current streak and preserve deduplication and the original retry window
  ---
  duration_ms: 0.822667
  type: 'test'
  ...
# Subtest: progress: processed capacity saturates without evicting prior records or resetting on a new goal
ok 38 - progress: processed capacity saturates without evicting prior records or resetting on a new goal
  ---
  duration_ms: 0.176708
  type: 'test'
  ...
# Subtest: progress: knownKeys capacity saturates without evicting prior records or resetting on a new goal
ok 39 - progress: knownKeys capacity saturates without evicting prior records or resetting on a new goal
  ---
  duration_ms: 0.098458
  type: 'test'
  ...
# Subtest: progress: repeated failures retain their first deadline and use the current backoff without extending the retry window
ok 40 - progress: repeated failures retain their first deadline and use the current backoff without extending the retry window
  ---
  duration_ms: 0.406125
  type: 'test'
  ...
# Subtest: progress: retry gate respects the work deadline and specific repeated-failure limits
ok 41 - progress: retry gate respects the work deadline and specific repeated-failure limits
  ---
  duration_ms: 0.16675
  type: 'test'
  ...
# Subtest: progress: policies remain pinned and invalid counters, times, keys or schema fields fail closed
ok 42 - progress: policies remain pinned and invalid counters, times, keys or schema fields fail closed
  ---
  duration_ms: 0.487541
  type: 'test'
  ...
# Subtest: capture: a new negative observation is productive while aliases, timestamps and duplicate originals are not
ok 43 - capture: a new negative observation is productive while aliases, timestamps and duplicate originals are not
  ---
  duration_ms: 2.492375
  type: 'test'
  ...
# Subtest: capture: changed facts, coverage and an authenticated original version can each carry new information
ok 44 - capture: changed facts, coverage and an authenticated original version can each carry new information
  ---
  duration_ms: 0.377875
  type: 'test'
  ...
# Subtest: capture: derived copies do not add progress or independent completion credit
ok 45 - capture: derived copies do not add progress or independent completion credit
  ---
  duration_ms: 0.244208
  type: 'test'
  ...
# Subtest: capture: tenant evidence cannot earn progress
ok 46 - capture: tenant evidence cannot earn progress
  ---
  duration_ms: 0.13
  type: 'test'
  ...
# Subtest: capture: scope evidence cannot earn progress
ok 47 - capture: scope evidence cannot earn progress
  ---
  duration_ms: 0.122042
  type: 'test'
  ...
# Subtest: capture: labels evidence cannot earn progress
ok 48 - capture: labels evidence cannot earn progress
  ---
  duration_ms: 0.099667
  type: 'test'
  ...
# Subtest: capture: retracted evidence cannot earn progress
ok 49 - capture: retracted evidence cannot earn progress
  ---
  duration_ms: 0.093875
  type: 'test'
  ...
# Subtest: capture: deleted evidence cannot earn progress
ok 50 - capture: deleted evidence cannot earn progress
  ---
  duration_ms: 0.110834
  type: 'test'
  ...
# Subtest: capture: blocked-artifact evidence cannot earn progress
ok 51 - capture: blocked-artifact evidence cannot earn progress
  ---
  duration_ms: 0.148833
  type: 'test'
  ...
# Subtest: capture: a hypothesis assessment is credited once per semantic evidence basis, not per hypothesis text or evidence ID
ok 52 - capture: a hypothesis assessment is credited once per semantic evidence basis, not per hypothesis text or evidence ID
  ---
  duration_ms: 0.323959
  type: 'test'
  ...
# Subtest: capture: no evidence or a stale hypothesis assessment earns a fresh reasoning credit
ok 53 - capture: no evidence or a stale hypothesis assessment earns a fresh reasoning credit
  ---
  duration_ms: 0.137708
  type: 'test'
  ...
# Subtest: capture: only satisfied obligations contribute and identity or explanation rewrites cannot repeat the credit
ok 54 - capture: only satisfied obligations contribute and identity or explanation rewrites cannot repeat the credit
  ---
  duration_ms: 0.133666
  type: 'test'
  ...
# Subtest: capture: plan, task, revision, mode, usage and replay changes cannot reset a stalled work
ok 55 - capture: plan, task, revision, mode, usage and replay changes cannot reset a stalled work
  ---
  duration_ms: 0.118667
  type: 'test'
  ...
# Subtest: capture: trusted explicit item progress and returned state copies follow the same deduplication contract
ok 56 - capture: trusted explicit item progress and returned state copies follow the same deduplication contract
  ---
  duration_ms: 0.075416
  type: 'test'
  ...
# Subtest: progress sqlite: reopen and duplicate commit preserve settlement counts and the first retry deadline
ok 57 - progress sqlite: reopen and duplicate commit preserve settlement counts and the first retry deadline
  ---
  duration_ms: 8.67825
  type: 'test'
  ...
# Subtest: progress file-journal: reopen and duplicate commit preserve settlement counts and the first retry deadline
ok 58 - progress file-journal: reopen and duplicate commit preserve settlement counts and the first retry deadline
  ---
  duration_ms: 37.695
  type: 'test'
  ...
1..58
# tests 58
# suites 0
# pass 56
# fail 2
# cancelled 0
# skipped 0
# todo 0
# duration_ms 13522.245584
