TAP version 13
# Subtest: budget compact entry: a real session summary charges only its sponsor once and an active separate grant survives task frames and reopen
ok 1 - budget compact entry: a real session summary charges only its sponsor once and an active separate grant survives task frames and reopen
  ---
  duration_ms: 6451.961792
  type: 'test'
  ...
# Subtest: budget compact entry: task working sets and reopen preserve a pending request before the same observed grant is increased and resumed
ok 2 - budget compact entry: task working sets and reopen preserve a pending request before the same observed grant is increased and resumed
  ---
  duration_ms: 3477.590708
  type: 'test'
  ...
# Subtest: budget return entry: the first planned operation returns before source use before explicit fresh allocation across separate SQLite profiles
ok 3 - budget return entry: the first planned operation returns before source use before explicit fresh allocation across separate SQLite profiles
  ---
  duration_ms: 3946.305792
  type: 'test'
  ...
# Subtest: budget return entry: an unfinished task returns after one adopted original read before explicit fresh allocation across separate SQLite profiles
ok 4 - budget return entry: an unfinished task returns after one adopted original read before explicit fresh allocation across separate SQLite profiles
  ---
  duration_ms: 3896.634667
  type: 'test'
  ...
1..4
# tests 4
# suites 0
# pass 4
# fail 0
# cancelled 0
# skipped 0
# todo 0
# duration_ms 10059.4255
