TAP version 13
# Subtest: budget tools entry: observed recipient allocation and actual execution settle once across separate SQLite profiles without copying source or memory
not ok 1 - budget tools entry: observed recipient allocation and actual execution settle once across separate SQLite profiles without copying source or memory
  ---
  duration_ms: 285.702458
  type: 'test'
  location: '/Users/seunghanee/Documents/secumon/runtime/dist/tests/budget-tools-entry.test.js:14:1'
  failureType: 'testCodeFailure'
  error: 'invalid_tool_schema'
  code: 'ERR_TEST_FAILURE'
  stack: |-
    AjvSchemas.compile (file:///Users/seunghanee/Documents/secumon/runtime/dist/infrastructure/ajv-schemas.js:14:19)
    ToolContracts.compile (file:///Users/seunghanee/Documents/secumon/runtime/dist/application/tool-contracts.js:79:72)
    new ToolContracts (file:///Users/seunghanee/Documents/secumon/runtime/dist/application/tool-contracts.js:64:30)
    composeRuntime (file:///Users/seunghanee/Documents/secumon/runtime/dist/application/compose-runtime.js:157:23)
    async openAgentTurnProfile (file:///Users/seunghanee/Documents/secumon/runtime/dist/presentation/agent-turn-profile.js:206:26)
    async open (file:///Users/seunghanee/Documents/secumon/runtime/dist/tests/budget-tools-entry-fixture.js:206:26)
    async budgetToolsEntryFixture (file:///Users/seunghanee/Documents/secumon/runtime/dist/tests/budget-tools-entry-fixture.js:208:5)
    async TestContext.<anonymous> (file:///Users/seunghanee/Documents/secumon/runtime/dist/tests/budget-tools-entry.test.js:15:15)
    async Test.run (node:internal/test_runner/test:1404:7)
    async startSubtestAfterBootstrap (node:internal/test_runner/harness:387:3)
  ...
# Subtest: budget tools entry: allocation permission alone executes nothing and the same owner addresses resume the original grant after reopen
not ok 2 - budget tools entry: allocation permission alone executes nothing and the same owner addresses resume the original grant after reopen
  ---
  duration_ms: 270.721542
  type: 'test'
  location: '/Users/seunghanee/Documents/secumon/runtime/dist/tests/budget-tools-entry.test.js:78:1'
  failureType: 'testCodeFailure'
  error: 'invalid_tool_schema'
  code: 'ERR_TEST_FAILURE'
  stack: |-
    AjvSchemas.compile (file:///Users/seunghanee/Documents/secumon/runtime/dist/infrastructure/ajv-schemas.js:14:19)
    ToolContracts.compile (file:///Users/seunghanee/Documents/secumon/runtime/dist/application/tool-contracts.js:79:72)
    new ToolContracts (file:///Users/seunghanee/Documents/secumon/runtime/dist/application/tool-contracts.js:64:30)
    composeRuntime (file:///Users/seunghanee/Documents/secumon/runtime/dist/application/compose-runtime.js:157:23)
    async openAgentTurnProfile (file:///Users/seunghanee/Documents/secumon/runtime/dist/presentation/agent-turn-profile.js:206:26)
    async open (file:///Users/seunghanee/Documents/secumon/runtime/dist/tests/budget-tools-entry-fixture.js:206:26)
    async budgetToolsEntryFixture (file:///Users/seunghanee/Documents/secumon/runtime/dist/tests/budget-tools-entry-fixture.js:208:5)
    async TestContext.<anonymous> (file:///Users/seunghanee/Documents/secumon/runtime/dist/tests/budget-tools-entry.test.js:79:15)
    async Test.run (node:internal/test_runner/test:1404:7)
    async Test.processPendingSubtests (node:internal/test_runner/test:969:7)
  ...
# Subtest: budget tools entry: a recipient request exposes only numeric need and explicit increase preserves the sponsor limit before continuation
not ok 3 - budget tools entry: a recipient request exposes only numeric need and explicit increase preserves the sponsor limit before continuation
  ---
  duration_ms: 281.091583
  type: 'test'
  location: '/Users/seunghanee/Documents/secumon/runtime/dist/tests/budget-tools-entry.test.js:115:1'
  failureType: 'testCodeFailure'
  error: 'invalid_tool_schema'
  code: 'ERR_TEST_FAILURE'
  stack: |-
    AjvSchemas.compile (file:///Users/seunghanee/Documents/secumon/runtime/dist/infrastructure/ajv-schemas.js:14:19)
    ToolContracts.compile (file:///Users/seunghanee/Documents/secumon/runtime/dist/application/tool-contracts.js:79:72)
    new ToolContracts (file:///Users/seunghanee/Documents/secumon/runtime/dist/application/tool-contracts.js:64:30)
    composeRuntime (file:///Users/seunghanee/Documents/secumon/runtime/dist/application/compose-runtime.js:157:23)
    async openAgentTurnProfile (file:///Users/seunghanee/Documents/secumon/runtime/dist/presentation/agent-turn-profile.js:206:26)
    async open (file:///Users/seunghanee/Documents/secumon/runtime/dist/tests/budget-tools-entry-fixture.js:206:26)
    async budgetToolsEntryFixture (file:///Users/seunghanee/Documents/secumon/runtime/dist/tests/budget-tools-entry-fixture.js:208:5)
    async TestContext.<anonymous> (file:///Users/seunghanee/Documents/secumon/runtime/dist/tests/budget-tools-entry.test.js:116:15)
    async Test.run (node:internal/test_runner/test:1404:7)
    async Test.processPendingSubtests (node:internal/test_runner/test:969:7)
  ...
# Subtest: budget tools entry: a locally injected lost model reply retains unknown usage through revoke, repeated reconciliation and reopen
not ok 4 - budget tools entry: a locally injected lost model reply retains unknown usage through revoke, repeated reconciliation and reopen
  ---
  duration_ms: 254.040708
  type: 'test'
  location: '/Users/seunghanee/Documents/secumon/runtime/dist/tests/budget-tools-entry.test.js:158:1'
  failureType: 'testCodeFailure'
  error: 'invalid_tool_schema'
  code: 'ERR_TEST_FAILURE'
  stack: |-
    AjvSchemas.compile (file:///Users/seunghanee/Documents/secumon/runtime/dist/infrastructure/ajv-schemas.js:14:19)
    ToolContracts.compile (file:///Users/seunghanee/Documents/secumon/runtime/dist/application/tool-contracts.js:79:72)
    new ToolContracts (file:///Users/seunghanee/Documents/secumon/runtime/dist/application/tool-contracts.js:64:30)
    composeRuntime (file:///Users/seunghanee/Documents/secumon/runtime/dist/application/compose-runtime.js:157:23)
    async openAgentTurnProfile (file:///Users/seunghanee/Documents/secumon/runtime/dist/presentation/agent-turn-profile.js:206:26)
    async open (file:///Users/seunghanee/Documents/secumon/runtime/dist/tests/budget-tools-entry-fixture.js:206:26)
    async budgetToolsEntryFixture (file:///Users/seunghanee/Documents/secumon/runtime/dist/tests/budget-tools-entry-fixture.js:208:5)
    async TestContext.<anonymous> (file:///Users/seunghanee/Documents/secumon/runtime/dist/tests/budget-tools-entry.test.js:159:15)
    async Test.run (node:internal/test_runner/test:1404:7)
    async Test.processPendingSubtests (node:internal/test_runner/test:969:7)
  ...
# Subtest: budget tools entry: an observed recipient cannot over-allocate the sponsor original hard limit or execute the unfunded pending child
not ok 5 - budget tools entry: an observed recipient cannot over-allocate the sponsor original hard limit or execute the unfunded pending child
  ---
  duration_ms: 269.282375
  type: 'test'
  location: '/Users/seunghanee/Documents/secumon/runtime/dist/tests/budget-tools-entry.test.js:198:1'
  failureType: 'testCodeFailure'
  error: 'invalid_tool_schema'
  code: 'ERR_TEST_FAILURE'
  stack: |-
    AjvSchemas.compile (file:///Users/seunghanee/Documents/secumon/runtime/dist/infrastructure/ajv-schemas.js:14:19)
    ToolContracts.compile (file:///Users/seunghanee/Documents/secumon/runtime/dist/application/tool-contracts.js:79:72)
    new ToolContracts (file:///Users/seunghanee/Documents/secumon/runtime/dist/application/tool-contracts.js:64:30)
    composeRuntime (file:///Users/seunghanee/Documents/secumon/runtime/dist/application/compose-runtime.js:157:23)
    async openAgentTurnProfile (file:///Users/seunghanee/Documents/secumon/runtime/dist/presentation/agent-turn-profile.js:206:26)
    async open (file:///Users/seunghanee/Documents/secumon/runtime/dist/tests/budget-tools-entry-fixture.js:206:26)
    async budgetToolsEntryFixture (file:///Users/seunghanee/Documents/secumon/runtime/dist/tests/budget-tools-entry-fixture.js:208:5)
    async TestContext.<anonymous> (file:///Users/seunghanee/Documents/secumon/runtime/dist/tests/budget-tools-entry.test.js:199:15)
    async Test.run (node:internal/test_runner/test:1404:7)
    async Test.processPendingSubtests (node:internal/test_runner/test:969:7)
  ...
# Subtest: budget ledgers: identical work IDs route only through the exact registered owner
ok 6 - budget ledgers: identical work IDs route only through the exact registered owner
  ---
  duration_ms: 3.776667
  type: 'test'
  ...
# Subtest: budget ledgers: get rejects a different work from the same owner
ok 7 - budget ledgers: get rejects a different work from the same owner
  ---
  duration_ms: 0.219792
  type: 'test'
  ...
# Subtest: budget ledgers: receipt rejects a different work from the same owner
ok 8 - budget ledgers: receipt rejects a different work from the same owner
  ---
  duration_ms: 0.178459
  type: 'test'
  ...
# Subtest: budget ledgers: committed rejects a different work from the same owner
ok 9 - budget ledgers: committed rejects a different work from the same owner
  ---
  duration_ms: 0.228708
  type: 'test'
  ...
# Subtest: budget ledgers: duplicate rejects a different work from the same owner
ok 10 - budget ledgers: duplicate rejects a different work from the same owner
  ---
  duration_ms: 0.152417
  type: 'test'
  ...
# Subtest: budget ledgers: a faulty store cannot substitute a foreign tenant, principal or scope
ok 11 - budget ledgers: a faulty store cannot substitute a foreign tenant, principal or scope
  ---
  duration_ms: 0.350834
  type: 'test'
  ...
# Subtest: budget ledgers: discovery, content, non-budget commits and deliveries stay inaccessible
ok 12 - budget ledgers: discovery, content, non-budget commits and deliveries stay inaccessible
  ---
  duration_ms: 0.763958
  type: 'test'
  ...
# Subtest: budget ledgers: unregister during get rejects the late result and preserves a replacement
ok 13 - budget ledgers: unregister during get rejects the late result and preserves a replacement
  ---
  duration_ms: 0.296334
  type: 'test'
  ...
# Subtest: budget ledgers: unregister during receipt rejects the late result and preserves a replacement
ok 14 - budget ledgers: unregister during receipt rejects the late result and preserves a replacement
  ---
  duration_ms: 0.145083
  type: 'test'
  ...
# Subtest: budget ledgers: unregister during commit rejects the late result and preserves a replacement
ok 15 - budget ledgers: unregister during commit rejects the late result and preserves a replacement
  ---
  duration_ms: 0.15775
  type: 'test'
  ...
# Subtest: budget ledgers: unregister during exists rejects the late result and preserves a replacement
ok 16 - budget ledgers: unregister during exists rejects the late result and preserves a replacement
  ---
  duration_ms: 0.084417
  type: 'test'
  ...
# Subtest: budget ledgers: unregister during run rejects the late result and preserves a replacement
ok 17 - budget ledgers: unregister during run rejects the late result and preserves a replacement
  ---
  duration_ms: 0.084125
  type: 'test'
  ...
# Subtest: budget ledgers: callbacks are captured and replacing a service invalidates the registration
ok 18 - budget ledgers: callbacks are captured and replacing a service invalidates the registration
  ---
  duration_ms: 0.127959
  type: 'test'
  ...
# Subtest: budget ledgers: recipient metadata is captured and allocation does not confer execution permission
ok 19 - budget ledgers: recipient metadata is captured and allocation does not confer execution permission
  ---
  duration_ms: 0.346666
  type: 'test'
  ...
# Subtest: peer registration: disabled selection is never read and the generic session remains usable
ok 20 - peer registration: disabled selection is never read and the generic session remains usable
  ---
  duration_ms: 599.992542
  type: 'test'
  ...
# Subtest: peer registration: enabled profile requires a registration and exposes only selected peer operations
not ok 21 - peer registration: enabled profile requires a registration and exposes only selected peer operations
  ---
  duration_ms: 199.661917
  type: 'test'
  location: '/Users/seunghanee/Documents/secumon/runtime/dist/tests/host-peer-registration.test.js:30:1'
  failureType: 'testCodeFailure'
  error: 'invalid_tool_schema'
  code: 'ERR_TEST_FAILURE'
  stack: |-
    AjvSchemas.compile (file:///Users/seunghanee/Documents/secumon/runtime/dist/infrastructure/ajv-schemas.js:14:19)
    ToolContracts.compile (file:///Users/seunghanee/Documents/secumon/runtime/dist/application/tool-contracts.js:79:72)
    new ToolContracts (file:///Users/seunghanee/Documents/secumon/runtime/dist/application/tool-contracts.js:64:30)
    composeRuntime (file:///Users/seunghanee/Documents/secumon/runtime/dist/application/compose-runtime.js:157:23)
    async openAgentTurnProfile (file:///Users/seunghanee/Documents/secumon/runtime/dist/presentation/agent-turn-profile.js:206:26)
    async TestContext.<anonymous> (file:///Users/seunghanee/Documents/secumon/runtime/dist/tests/host-peer-registration.test.js:38:29)
    async Test.run (node:internal/test_runner/test:1404:7)
    async Test.processPendingSubtests (node:internal/test_runner/test:969:7)
  ...
# Subtest: peer registration: metadata and callbacks are captured once while source object mutation cannot change the opened registry
ok 22 - peer registration: metadata and callbacks are captured once while source object mutation cannot change the opened registry
  ---
  duration_ms: 67.558916
  type: 'test'
  ...
# Subtest: peer registration: close immediately rejects new calls and a delayed in-flight reply even while provider cleanup waits
ok 23 - peer registration: close immediately rejects new calls and a delayed in-flight reply even while provider cleanup waits
  ---
  duration_ms: 64.002459
  type: 'test'
  ...
# Subtest: peer registration: cancelled acquisition and a malformed later peer release the acquired provider exactly once
not ok 24 - peer registration: cancelled acquisition and a malformed later peer release the acquired provider exactly once
  ---
  duration_ms: 303.175583
  type: 'test'
  location: '/Users/seunghanee/Documents/secumon/runtime/dist/tests/host-peer-registration.test.js:107:1'
  failureType: 'testCodeFailure'
  error: |-
    The input did not match the regular expression /peer_registration_invalid/. Input:
    
    '[\n' +
      '  {\n' +
      '    "origin": "array",\n' +
      '    "code": "too_big",\n' +
      '    "maximum": 2,\n' +
      '    "inclusive": true,\n' +
      '    "path": [],\n' +
      '    "message": "Too big: expected array to have <=2 items"\n' +
      '  }\n' +
      ']'
    
  code: 'ERR_ASSERTION'
  name: 'AssertionError'
  expected:
  actual:
  error: ''
  stack: |-
    openRegisteredHostPeers (file:///Users/seunghanee/Documents/secumon/runtime/dist/presentation/host-peers.js:90:110)
    async waitForActual (node:assert:646:5)
    async strict.rejects (node:assert:769:25)
    async TestContext.<anonymous> (file:///Users/seunghanee/Documents/secumon/runtime/dist/tests/host-peer-registration.test.js:118:9)
    async Test.run (node:internal/test_runner/test:1404:7)
    async Test.processPendingSubtests (node:internal/test_runner/test:969:7)
  operator: 'rejects'
  stack: |-
    async TestContext.<anonymous> (file:///Users/seunghanee/Documents/secumon/runtime/dist/tests/host-peer-registration.test.js:118:9)
    async Test.run (node:internal/test_runner/test:1404:7)
    async Test.processPendingSubtests (node:internal/test_runner/test:969:7)
  ...
# Subtest: peer registration: caller abort prevents callbacks and a later profile failure closes already opened peer resources
ok 25 - peer registration: caller abort prevents callbacks and a later profile failure closes already opened peer resources
  ---
  duration_ms: 257.726458
  type: 'test'
  ...
# Subtest: independent SQLite profiles consult in both directions; resident sessions follow each sender and internal replies do not copy work or memory
not ok 26 - independent SQLite profiles consult in both directions; resident sessions follow each sender and internal replies do not copy work or memory
  ---
  duration_ms: 274.682334
  type: 'test'
  location: '/Users/seunghanee/Documents/secumon/runtime/dist/tests/peer-deployment-entry.test.js:50:1'
  failureType: 'testCodeFailure'
  error: 'invalid_tool_schema'
  code: 'ERR_TEST_FAILURE'
  stack: |-
    AjvSchemas.compile (file:///Users/seunghanee/Documents/secumon/runtime/dist/infrastructure/ajv-schemas.js:14:19)
    ToolContracts.compile (file:///Users/seunghanee/Documents/secumon/runtime/dist/application/tool-contracts.js:79:72)
    new ToolContracts (file:///Users/seunghanee/Documents/secumon/runtime/dist/application/tool-contracts.js:64:30)
    composeRuntime (file:///Users/seunghanee/Documents/secumon/runtime/dist/application/compose-runtime.js:157:23)
    async openAgentTurnProfile (file:///Users/seunghanee/Documents/secumon/runtime/dist/presentation/agent-turn-profile.js:206:26)
    async Object.open (file:///Users/seunghanee/Documents/secumon/runtime/dist/tests/peer-deployment-entry-fixture.js:184:25)
    async TestContext.<anonymous> (file:///Users/seunghanee/Documents/secumon/runtime/dist/tests/peer-deployment-entry.test.js:51:45)
    async Test.run (node:internal/test_runner/test:1404:7)
    async startSubtestAfterBootstrap (node:internal/test_runner/harness:387:3)
  ...
# Subtest: temporary peer consult uses a separate request context while the same receiving profile remains available afterward
not ok 27 - temporary peer consult uses a separate request context while the same receiving profile remains available afterward
  ---
  duration_ms: 243.603125
  type: 'test'
  location: '/Users/seunghanee/Documents/secumon/runtime/dist/tests/peer-deployment-entry.test.js:113:1'
  failureType: 'testCodeFailure'
  error: 'invalid_tool_schema'
  code: 'ERR_TEST_FAILURE'
  stack: |-
    AjvSchemas.compile (file:///Users/seunghanee/Documents/secumon/runtime/dist/infrastructure/ajv-schemas.js:14:19)
    ToolContracts.compile (file:///Users/seunghanee/Documents/secumon/runtime/dist/application/tool-contracts.js:79:72)
    new ToolContracts (file:///Users/seunghanee/Documents/secumon/runtime/dist/application/tool-contracts.js:64:30)
    composeRuntime (file:///Users/seunghanee/Documents/secumon/runtime/dist/application/compose-runtime.js:157:23)
    async openAgentTurnProfile (file:///Users/seunghanee/Documents/secumon/runtime/dist/presentation/agent-turn-profile.js:206:26)
    async Object.open (file:///Users/seunghanee/Documents/secumon/runtime/dist/tests/peer-deployment-entry-fixture.js:184:25)
    async TestContext.<anonymous> (file:///Users/seunghanee/Documents/secumon/runtime/dist/tests/peer-deployment-entry.test.js:114:45)
    async Test.run (node:internal/test_runner/test:1404:7)
    async Test.processPendingSubtests (node:internal/test_runner/test:969:7)
  ...
# Subtest: structured peer reviews retain separate contexts and cause caller reassessment followed by its own discriminating observation
not ok 28 - structured peer reviews retain separate contexts and cause caller reassessment followed by its own discriminating observation
  ---
  duration_ms: 247.822667
  type: 'test'
  location: '/Users/seunghanee/Documents/secumon/runtime/dist/tests/peer-deployment-entry.test.js:139:1'
  failureType: 'testCodeFailure'
  error: 'invalid_tool_schema'
  code: 'ERR_TEST_FAILURE'
  stack: |-
    AjvSchemas.compile (file:///Users/seunghanee/Documents/secumon/runtime/dist/infrastructure/ajv-schemas.js:14:19)
    ToolContracts.compile (file:///Users/seunghanee/Documents/secumon/runtime/dist/application/tool-contracts.js:79:72)
    new ToolContracts (file:///Users/seunghanee/Documents/secumon/runtime/dist/application/tool-contracts.js:64:30)
    composeRuntime (file:///Users/seunghanee/Documents/secumon/runtime/dist/application/compose-runtime.js:157:23)
    async openAgentTurnProfile (file:///Users/seunghanee/Documents/secumon/runtime/dist/presentation/agent-turn-profile.js:206:26)
    async Object.open (file:///Users/seunghanee/Documents/secumon/runtime/dist/tests/peer-deployment-entry-fixture.js:184:25)
    async TestContext.<anonymous> (file:///Users/seunghanee/Documents/secumon/runtime/dist/tests/peer-deployment-entry.test.js:140:45)
    async Test.run (node:internal/test_runner/test:1404:7)
    async Test.processPendingSubtests (node:internal/test_runner/test:969:7)
  ...
# Subtest: compact and profile reopen preserve the first peer ticket and receiver budget; core.peer.resume never repeats receiver work
not ok 29 - compact and profile reopen preserve the first peer ticket and receiver budget; core.peer.resume never repeats receiver work
  ---
  duration_ms: 270.025209
  type: 'test'
  location: '/Users/seunghanee/Documents/secumon/runtime/dist/tests/peer-deployment-entry.test.js:192:1'
  failureType: 'testCodeFailure'
  error: 'invalid_tool_schema'
  code: 'ERR_TEST_FAILURE'
  stack: |-
    AjvSchemas.compile (file:///Users/seunghanee/Documents/secumon/runtime/dist/infrastructure/ajv-schemas.js:14:19)
    ToolContracts.compile (file:///Users/seunghanee/Documents/secumon/runtime/dist/application/tool-contracts.js:79:72)
    new ToolContracts (file:///Users/seunghanee/Documents/secumon/runtime/dist/application/tool-contracts.js:64:30)
    composeRuntime (file:///Users/seunghanee/Documents/secumon/runtime/dist/application/compose-runtime.js:157:23)
    async openAgentTurnProfile (file:///Users/seunghanee/Documents/secumon/runtime/dist/presentation/agent-turn-profile.js:206:26)
    async Object.open (file:///Users/seunghanee/Documents/secumon/runtime/dist/tests/peer-deployment-entry-fixture.js:184:25)
    async TestContext.<anonymous> (file:///Users/seunghanee/Documents/secumon/runtime/dist/tests/peer-deployment-entry.test.js:194:13)
    async Test.run (node:internal/test_runner/test:1404:7)
    async Test.processPendingSubtests (node:internal/test_runner/test:969:7)
  ...
# Subtest: sqlite: peer waiting and resume retain the original request, ticket and separate response custody
not ok 30 - sqlite: peer waiting and resume retain the original request, ticket and separate response custody
  ---
  duration_ms: 113.841916
  type: 'test'
  location: '/Users/seunghanee/Documents/secumon/runtime/dist/tests/peer-service.test.js:12:5'
  failureType: 'testCodeFailure'
  error: |-
    {"resultId":"attempt-3:failure","attemptId":"attempt-3","status":"error","effectState":"none","evidence":[],"artifacts":[],"output":null,"error":{"code":"invalid_tool_result","retryable":false},"cursor":null,"coverage":"unknown"}
    
    false !== true
    
  code: 'ERR_ASSERTION'
  name: 'AssertionError'
  expected: true
  actual: false
  operator: 'strictEqual'
  stack: |-
    TestContext.<anonymous> (file:///Users/seunghanee/Documents/secumon/runtime/dist/tests/peer-service.test.js:16:16)
    async Test.run (node:internal/test_runner/test:1404:7)
    async startSubtestAfterBootstrap (node:internal/test_runner/harness:387:3)
  ...
# Subtest: file-journal: peer waiting and resume retain the original request, ticket and separate response custody
not ok 31 - file-journal: peer waiting and resume retain the original request, ticket and separate response custody
  ---
  duration_ms: 231.83325
  type: 'test'
  location: '/Users/seunghanee/Documents/secumon/runtime/dist/tests/peer-service.test.js:12:5'
  failureType: 'testCodeFailure'
  error: |-
    {"resultId":"attempt-3:failure","attemptId":"attempt-3","status":"error","effectState":"none","evidence":[],"artifacts":[],"output":null,"error":{"code":"invalid_tool_result","retryable":false},"cursor":null,"coverage":"unknown"}
    
    false !== true
    
  code: 'ERR_ASSERTION'
  name: 'AssertionError'
  expected: true
  actual: false
  operator: 'strictEqual'
  stack: |-
    TestContext.<anonymous> (file:///Users/seunghanee/Documents/secumon/runtime/dist/tests/peer-service.test.js:16:16)
    async Test.run (node:internal/test_runner/test:1404:7)
    async Test.processPendingSubtests (node:internal/test_runner/test:969:7)
  ...
# Subtest: peer review retains the exact target and structured counterargument without generating caller evidence
not ok 32 - peer review retains the exact target and structured counterargument without generating caller evidence
  ---
  duration_ms: 86.449792
  type: 'test'
  location: '/Users/seunghanee/Documents/secumon/runtime/dist/tests/peer-service.test.js:53:1'
  failureType: 'testCodeFailure'
  error: |-
    {"resultId":"attempt-3:failure","attemptId":"attempt-3","status":"error","effectState":"none","evidence":[],"artifacts":[],"output":null,"error":{"code":"invalid_tool_result","retryable":false},"cursor":null,"coverage":"unknown"}
    
    false !== true
    
  code: 'ERR_ASSERTION'
  name: 'AssertionError'
  expected: true
  actual: false
  operator: 'strictEqual'
  stack: |-
    TestContext.<anonymous> (file:///Users/seunghanee/Documents/secumon/runtime/dist/tests/peer-service.test.js:55:12)
    async Test.run (node:internal/test_runner/test:1404:7)
    async Test.processPendingSubtests (node:internal/test_runner/test:969:7)
  ...
# Subtest: peer stale review targets and changed registered model identity cannot reuse a retained request
not ok 33 - peer stale review targets and changed registered model identity cannot reuse a retained request
  ---
  duration_ms: 153.55125
  type: 'test'
  location: '/Users/seunghanee/Documents/secumon/runtime/dist/tests/peer-service.test.js:67:1'
  failureType: 'testCodeFailure'
  error: |-
    Expected values to be strictly equal:
    
    false !== true
    
  code: 'ERR_ASSERTION'
  name: 'AssertionError'
  expected: true
  actual: false
  operator: 'strictEqual'
  stack: |-
    TestContext.<anonymous> (file:///Users/seunghanee/Documents/secumon/runtime/dist/tests/peer-service.test.js:80:16)
    async Test.run (node:internal/test_runner/test:1404:7)
    async Test.processPendingSubtests (node:internal/test_runner/test:969:7)
  ...
# Subtest: peer ticket digest mismatch keeps only the original request and never runs the wrong recipient ticket
ok 34 - peer ticket digest mismatch keeps only the original request and never runs the wrong recipient ticket
  ---
  duration_ms: 49.26425
  type: 'test'
  ...
# Subtest: peer resume rejects a changed original receipt before any additional recipient call
ok 35 - peer resume rejects a changed original receipt before any additional recipient call
  ---
  duration_ms: 109.54475
  type: 'test'
  ...
# Subtest: peer cancellation or abort during a delayed reply preserves request and ticket but does not publish the late response
ok 36 - peer cancellation or abort during a delayed reply preserves request and ticket but does not publish the late response
  ---
  duration_ms: 90.485208
  type: 'test'
  ...
# Subtest: peer destination and label restrictions reject consultation before disclosing the original request
ok 37 - peer destination and label restrictions reject consultation before disclosing the original request
  ---
  duration_ms: 59.976625
  type: 'test'
  ...
# Subtest: runtime peer rejects malformed review, old target version and evidence references outside its recipient work
not ok 38 - runtime peer rejects malformed review, old target version and evidence references outside its recipient work
  ---
  duration_ms: 199.672083
  type: 'test'
  location: '/Users/seunghanee/Documents/secumon/runtime/dist/tests/peer-service.test.js:158:1'
  failureType: 'testCodeFailure'
  error: 'session_unavailable'
  code: 'ERR_TEST_FAILURE'
  stack: |-
    #record (file:///Users/seunghanee/Documents/secumon/runtime/dist/infrastructure/sqlite-sessions.js:101:19)
    file:///Users/seunghanee/Documents/secumon/runtime/dist/infrastructure/sqlite-sessions.js:128:40
    #transaction (file:///Users/seunghanee/Documents/secumon/runtime/dist/infrastructure/sqlite-sessions.js:80:28)
    SqliteSessionRepository.open (file:///Users/seunghanee/Documents/secumon/runtime/dist/infrastructure/sqlite-sessions.js:115:33)
    SessionService.open (file:///Users/seunghanee/Documents/secumon/runtime/dist/application/session-service.js:43:32)
    Object.request (file:///Users/seunghanee/Documents/secumon/runtime/dist/presentation/host-peers.js:161:28)
    TestContext.<anonymous> (file:///Users/seunghanee/Documents/secumon/runtime/dist/tests/peer-service.test.js:174:35)
    async Test.run (node:internal/test_runner/test:1404:7)
    async Test.processPendingSubtests (node:internal/test_runner/test:969:7)
  ...
# Subtest: runtime peer checks its current model revision before executing an accepted ticket
not ok 39 - runtime peer checks its current model revision before executing an accepted ticket
  ---
  duration_ms: 192.29025
  type: 'test'
  location: '/Users/seunghanee/Documents/secumon/runtime/dist/tests/peer-service.test.js:183:1'
  failureType: 'testCodeFailure'
  error: 'session_unavailable'
  code: 'ERR_TEST_FAILURE'
  stack: |-
    #record (file:///Users/seunghanee/Documents/secumon/runtime/dist/infrastructure/sqlite-sessions.js:101:19)
    file:///Users/seunghanee/Documents/secumon/runtime/dist/infrastructure/sqlite-sessions.js:128:40
    #transaction (file:///Users/seunghanee/Documents/secumon/runtime/dist/infrastructure/sqlite-sessions.js:80:28)
    SqliteSessionRepository.open (file:///Users/seunghanee/Documents/secumon/runtime/dist/infrastructure/sqlite-sessions.js:115:33)
    SessionService.open (file:///Users/seunghanee/Documents/secumon/runtime/dist/application/session-service.js:43:32)
    Object.request (file:///Users/seunghanee/Documents/secumon/runtime/dist/presentation/host-peers.js:161:28)
    TestContext.<anonymous> (file:///Users/seunghanee/Documents/secumon/runtime/dist/tests/peer-service.test.js:192:31)
    async Test.run (node:internal/test_runner/test:1404:7)
    async Test.processPendingSubtests (node:internal/test_runner/test:969:7)
  ...
1..39
# tests 39
# suites 0
# pass 22
# fail 17
# cancelled 0
# skipped 0
# todo 0
# duration_ms 5744.3795
