TAP version 13
# Subtest: budget crash sqlite: SIGKILL after durable child-genesis resumes one grant without Tool or Planner entry
ok 1 - budget crash sqlite: SIGKILL after durable child-genesis resumes one grant without Tool or Planner entry
  ---
  duration_ms: 290.231042
  type: 'test'
  ...
# Subtest: budget crash sqlite: SIGKILL after durable parent-grant resumes one grant without Tool or Planner entry
ok 2 - budget crash sqlite: SIGKILL after durable parent-grant resumes one grant without Tool or Planner entry
  ---
  duration_ms: 283.663375
  type: 'test'
  ...
# Subtest: budget crash sqlite: SIGKILL after durable child-activation resumes one grant without Tool or Planner entry
ok 3 - budget crash sqlite: SIGKILL after durable child-activation resumes one grant without Tool or Planner entry
  ---
  duration_ms: 281.583166
  type: 'test'
  ...
# Subtest: budget crash sqlite: SIGKILL after parent-draining retains consumed usage and cancels unsent tool once
ok 4 - budget crash sqlite: SIGKILL after parent-draining retains consumed usage and cancels unsent tool once
  ---
  duration_ms: 413.866292
  type: 'test'
  ...
# Subtest: budget crash sqlite: SIGKILL after child-fence retains consumed usage and cancels unsent tool once
ok 5 - budget crash sqlite: SIGKILL after child-fence retains consumed usage and cancels unsent tool once
  ---
  duration_ms: 394.825458
  type: 'test'
  ...
# Subtest: budget crash sqlite: SIGKILL after parent-settlement retains consumed usage and cancels unsent tool once
ok 6 - budget crash sqlite: SIGKILL after parent-settlement retains consumed usage and cancels unsent tool once
  ---
  duration_ms: 393.043208
  type: 'test'
  ...
# Subtest: budget crash sqlite: SIGKILL after parent-draining retains consumed usage and cancels unsent model once
ok 7 - budget crash sqlite: SIGKILL after parent-draining retains consumed usage and cancels unsent model once
  ---
  duration_ms: 441.178
  type: 'test'
  ...
# Subtest: budget crash sqlite: SIGKILL after child-fence retains consumed usage and cancels unsent model once
ok 8 - budget crash sqlite: SIGKILL after child-fence retains consumed usage and cancels unsent model once
  ---
  duration_ms: 447.626459
  type: 'test'
  ...
# Subtest: budget crash sqlite: SIGKILL after parent-settlement retains consumed usage and cancels unsent model once
ok 9 - budget crash sqlite: SIGKILL after parent-settlement retains consumed usage and cancels unsent model once
  ---
  duration_ms: 448.00675
  type: 'test'
  ...
# Subtest: budget crash file-journal: SIGKILL after durable child-genesis resumes one grant without Tool or Planner entry
ok 10 - budget crash file-journal: SIGKILL after durable child-genesis resumes one grant without Tool or Planner entry
  ---
  duration_ms: 380.016417
  type: 'test'
  ...
# Subtest: budget crash file-journal: SIGKILL after durable parent-grant resumes one grant without Tool or Planner entry
ok 11 - budget crash file-journal: SIGKILL after durable parent-grant resumes one grant without Tool or Planner entry
  ---
  duration_ms: 389.167958
  type: 'test'
  ...
# Subtest: budget crash file-journal: SIGKILL after durable child-activation resumes one grant without Tool or Planner entry
ok 12 - budget crash file-journal: SIGKILL after durable child-activation resumes one grant without Tool or Planner entry
  ---
  duration_ms: 372.953792
  type: 'test'
  ...
# Subtest: budget crash file-journal: SIGKILL after parent-draining retains consumed usage and cancels unsent tool once
ok 13 - budget crash file-journal: SIGKILL after parent-draining retains consumed usage and cancels unsent tool once
  ---
  duration_ms: 847.436875
  type: 'test'
  ...
# Subtest: budget crash file-journal: SIGKILL after child-fence retains consumed usage and cancels unsent tool once
ok 14 - budget crash file-journal: SIGKILL after child-fence retains consumed usage and cancels unsent tool once
  ---
  duration_ms: 843.286292
  type: 'test'
  ...
# Subtest: budget crash file-journal: SIGKILL after parent-settlement retains consumed usage and cancels unsent tool once
ok 15 - budget crash file-journal: SIGKILL after parent-settlement retains consumed usage and cancels unsent tool once
  ---
  duration_ms: 864.709625
  type: 'test'
  ...
# Subtest: budget crash file-journal: SIGKILL after parent-draining retains consumed usage and cancels unsent model once
ok 16 - budget crash file-journal: SIGKILL after parent-draining retains consumed usage and cancels unsent model once
  ---
  duration_ms: 870.636166
  type: 'test'
  ...
# Subtest: budget crash file-journal: SIGKILL after child-fence retains consumed usage and cancels unsent model once
ok 17 - budget crash file-journal: SIGKILL after child-fence retains consumed usage and cancels unsent model once
  ---
  duration_ms: 837.774792
  type: 'test'
  ...
# Subtest: budget crash file-journal: SIGKILL after parent-settlement retains consumed usage and cancels unsent model once
ok 18 - budget crash file-journal: SIGKILL after parent-settlement retains consumed usage and cancels unsent model once
  ---
  duration_ms: 874.407875
  type: 'test'
  ...
# Subtest: budget runtime sqlite: child execution settles once across duplicate creation, reconciliation and reopen without copying evidence
ok 19 - budget runtime sqlite: child execution settles once across duplicate creation, reconciliation and reopen without copying evidence
  ---
  duration_ms: 63.163
  type: 'test'
  ...
# Subtest: budget runtime sqlite: parent remaining calls execute while escrow prevents parent and sibling over-allocation
ok 20 - budget runtime sqlite: parent remaining calls execute while escrow prevents parent and sibling over-allocation
  ---
  duration_ms: 34.345291
  type: 'test'
  ...
# Subtest: budget runtime sqlite: concurrent sibling grants cannot oversubscribe one parent's remaining budget
ok 21 - budget runtime sqlite: concurrent sibling grants cannot oversubscribe one parent's remaining budget
  ---
  duration_ms: 7.234375
  type: 'test'
  ...
# Subtest: budget runtime sqlite: a child's last logical tool call is consumed by an actual dispatch and cannot be minted by a new task ID
ok 22 - budget runtime sqlite: a child's last logical tool call is consumed by an actual dispatch and cannot be minted by a new task ID
  ---
  duration_ms: 35.687875
  type: 'test'
  ...
# Subtest: budget runtime sqlite: actual model dispatch and reported tokens remain charged when its plan is rejected
ok 23 - budget runtime sqlite: actual model dispatch and reported tokens remain charged when its plan is rejected
  ---
  duration_ms: 65.85625
  type: 'test'
  ...
# Subtest: budget runtime sqlite: a child token cap below the estimated reservation prevents durable model allocation and transport
ok 24 - budget runtime sqlite: a child token cap below the estimated reservation prevents durable model allocation and transport
  ---
  duration_ms: 26.008833
  type: 'test'
  ...
# Subtest: budget runtime sqlite: revoking an unsent tool reservation fences the child and returns only unused escrow
ok 25 - budget runtime sqlite: revoking an unsent tool reservation fences the child and returns only unused escrow
  ---
  duration_ms: 11.553417
  type: 'test'
  ...
# Subtest: budget runtime sqlite: revoking an unsent model reservation fences the child and returns only unused escrow
ok 26 - budget runtime sqlite: revoking an unsent model reservation fences the child and returns only unused escrow
  ---
  duration_ms: 42.596709
  type: 'test'
  ...
# Subtest: budget runtime sqlite: revoke retains an active model's unknown usage, then late accounting settles once without adopting its plan
ok 27 - budget runtime sqlite: revoke retains an active model's unknown usage, then late accounting settles once without adopting its plan
  ---
  duration_ms: 62.498208
  type: 'test'
  ...
# Subtest: budget runtime sqlite: unknown write effects keep the grant outstanding after revoke and restart
ok 28 - budget runtime sqlite: unknown write effects keep the grant outstanding after revoke and restart
  ---
  duration_ms: 29.278416
  type: 'test'
  ...
# Subtest: budget runtime sqlite: reported model overage is charged to the parent without clamping and prevents further funding
ok 29 - budget runtime sqlite: reported model overage is charged to the parent without clamping and prevents further funding
  ---
  duration_ms: 62.332208
  type: 'test'
  ...
# Subtest: budget runtime sqlite: reducing limits preserves committed charges and child deadlines while blocking new grants
ok 30 - budget runtime sqlite: reducing limits preserves committed charges and child deadlines while blocking new grants
  ---
  duration_ms: 30.875958
  type: 'test'
  ...
# Subtest: budget runtime sqlite: pending genesis cannot execute before funding
ok 31 - budget runtime sqlite: pending genesis cannot execute before funding
  ---
  duration_ms: 29.495958
  type: 'test'
  ...
# Subtest: budget runtime sqlite: pending genesis cannot execute before funding and parent cancellation wins activation
ok 32 - budget runtime sqlite: pending genesis cannot execute before funding and parent cancellation wins activation
  ---
  duration_ms: 5.8655
  type: 'test'
  ...
# Subtest: budget runtime sqlite: child funding rejects broader authority, altered duplicate commands and work ID reattachment
ok 33 - budget runtime sqlite: child funding rejects broader authority, altered duplicate commands and work ID reattachment
  ---
  duration_ms: 6.353584
  type: 'test'
  ...
# Subtest: budget runtime sqlite: grant commit ACK loss resumes the same grant and child without another allocation
ok 34 - budget runtime sqlite: grant commit ACK loss resumes the same grant and child without another allocation
  ---
  duration_ms: 6.34
  type: 'test'
  ...
# Subtest: budget runtime sqlite: activation commit ACK loss resumes the same grant and child without another allocation
ok 35 - budget runtime sqlite: activation commit ACK loss resumes the same grant and child without another allocation
  ---
  duration_ms: 5.194334
  type: 'test'
  ...
# Subtest: budget runtime sqlite: revocation during child activation installs a fence that the stale activation cannot overwrite
ok 36 - budget runtime sqlite: revocation during child activation installs a fence that the stale activation cannot overwrite
  ---
  duration_ms: 5.791458
  type: 'test'
  ...
# Subtest: budget runtime sqlite: revoke after tool dispatch and before entry prevents transport while keeping the logical dispatch charge
ok 37 - budget runtime sqlite: revoke after tool dispatch and before entry prevents transport while keeping the logical dispatch charge
  ---
  duration_ms: 30.833667
  type: 'test'
  ...
# Subtest: budget runtime sqlite: revoke after model dispatch and before entry prevents transport while keeping the logical dispatch charge
ok 38 - budget runtime sqlite: revoke after model dispatch and before entry prevents transport while keeping the logical dispatch charge
  ---
  duration_ms: 61.493625
  type: 'test'
  ...
# Subtest: budget runtime sqlite: actual replan adoption spends the child's delegated replan allowance once
ok 39 - budget runtime sqlite: actual replan adoption spends the child's delegated replan allowance once
  ---
  duration_ms: 57.220417
  type: 'test'
  ...
# Subtest: budget runtime sqlite: nested child execution reconciles through both grants without double charging or copying originals
ok 40 - budget runtime sqlite: nested child execution reconciles through both grants without double charging or copying originals
  ---
  duration_ms: 36.696125
  type: 'test'
  ...
# Subtest: budget runtime sqlite: an unfunded pending child cannot turn resume or a new goal into execution authority
ok 41 - budget runtime sqlite: an unfunded pending child cannot turn resume or a new goal into execution authority
  ---
  duration_ms: 6.30125
  type: 'test'
  ...
# Subtest: budget runtime sqlite: a parent goal change fences a child's previously reserved tool before entry
ok 42 - budget runtime sqlite: a parent goal change fences a child's previously reserved tool before entry
  ---
  duration_ms: 8.885791
  type: 'test'
  ...
# Subtest: budget runtime sqlite: a parent policy change fences a child's previously reserved tool before entry
ok 43 - budget runtime sqlite: a parent policy change fences a child's previously reserved tool before entry
  ---
  duration_ms: 8.836375
  type: 'test'
  ...
# Subtest: budget runtime sqlite: a parent deadline change fences a child's previously reserved tool before entry
ok 44 - budget runtime sqlite: a parent deadline change fences a child's previously reserved tool before entry
  ---
  duration_ms: 8.981917
  type: 'test'
  ...
# Subtest: budget runtime sqlite: a partially reported model response retains known tokens and unknown reservation after revoke and reopen
ok 45 - budget runtime sqlite: a partially reported model response retains known tokens and unknown reservation after revoke and reopen
  ---
  duration_ms: 61.527083
  type: 'test'
  ...
# Subtest: budget runtime sqlite: sibling overage received during a tool dispatch ACK delay prevents its actual entry despite stale parent accounting
ok 46 - budget runtime sqlite: sibling overage received during a tool dispatch ACK delay prevents its actual entry despite stale parent accounting
  ---
  duration_ms: 81.972084
  type: 'test'
  ...
# Subtest: budget runtime sqlite: sibling overage received during a model dispatch ACK delay prevents its actual entry despite stale parent accounting
ok 47 - budget runtime sqlite: sibling overage received during a model dispatch ACK delay prevents its actual entry despite stale parent accounting
  ---
  duration_ms: 116.730708
  type: 'test'
  ...
# Subtest: budget runtime file-journal: child execution settles once across duplicate creation, reconciliation and reopen without copying evidence
ok 48 - budget runtime file-journal: child execution settles once across duplicate creation, reconciliation and reopen without copying evidence
  ---
  duration_ms: 361.051125
  type: 'test'
  ...
# Subtest: budget runtime file-journal: parent remaining calls execute while escrow prevents parent and sibling over-allocation
ok 49 - budget runtime file-journal: parent remaining calls execute while escrow prevents parent and sibling over-allocation
  ---
  duration_ms: 226.287583
  type: 'test'
  ...
# Subtest: budget runtime file-journal: concurrent sibling grants cannot oversubscribe one parent's remaining budget
ok 50 - budget runtime file-journal: concurrent sibling grants cannot oversubscribe one parent's remaining budget
  ---
  duration_ms: 75.319459
  type: 'test'
  ...
# Subtest: budget runtime file-journal: a child's last logical tool call is consumed by an actual dispatch and cannot be minted by a new task ID
ok 51 - budget runtime file-journal: a child's last logical tool call is consumed by an actual dispatch and cannot be minted by a new task ID
  ---
  duration_ms: 276.793792
  type: 'test'
  ...
# Subtest: budget runtime file-journal: actual model dispatch and reported tokens remain charged when its plan is rejected
ok 52 - budget runtime file-journal: actual model dispatch and reported tokens remain charged when its plan is rejected
  ---
  duration_ms: 232.751209
  type: 'test'
  ...
# Subtest: budget runtime file-journal: a child token cap below the estimated reservation prevents durable model allocation and transport
ok 53 - budget runtime file-journal: a child token cap below the estimated reservation prevents durable model allocation and transport
  ---
  duration_ms: 104.338209
  type: 'test'
  ...
# Subtest: budget runtime file-journal: revoking an unsent tool reservation fences the child and returns only unused escrow
ok 54 - budget runtime file-journal: revoking an unsent tool reservation fences the child and returns only unused escrow
  ---
  duration_ms: 194.374792
  type: 'test'
  ...
# Subtest: budget runtime file-journal: revoking an unsent model reservation fences the child and returns only unused escrow
ok 55 - budget runtime file-journal: revoking an unsent model reservation fences the child and returns only unused escrow
  ---
  duration_ms: 180.577084
  type: 'test'
  ...
# Subtest: budget runtime file-journal: revoke retains an active model's unknown usage, then late accounting settles once without adopting its plan
ok 56 - budget runtime file-journal: revoke retains an active model's unknown usage, then late accounting settles once without adopting its plan
  ---
  duration_ms: 325.271708
  type: 'test'
  ...
# Subtest: budget runtime file-journal: unknown write effects keep the grant outstanding after revoke and restart
ok 57 - budget runtime file-journal: unknown write effects keep the grant outstanding after revoke and restart
  ---
  duration_ms: 341.049083
  type: 'test'
  ...
# Subtest: budget runtime file-journal: reported model overage is charged to the parent without clamping and prevents further funding
ok 58 - budget runtime file-journal: reported model overage is charged to the parent without clamping and prevents further funding
  ---
  duration_ms: 259.553416
  type: 'test'
  ...
# Subtest: budget runtime file-journal: reducing limits preserves committed charges and child deadlines while blocking new grants
ok 59 - budget runtime file-journal: reducing limits preserves committed charges and child deadlines while blocking new grants
  ---
  duration_ms: 291.534125
  type: 'test'
  ...
# Subtest: budget runtime file-journal: pending genesis cannot execute before funding
ok 60 - budget runtime file-journal: pending genesis cannot execute before funding
  ---
  duration_ms: 209.618666
  type: 'test'
  ...
# Subtest: budget runtime file-journal: pending genesis cannot execute before funding and parent cancellation wins activation
ok 61 - budget runtime file-journal: pending genesis cannot execute before funding and parent cancellation wins activation
  ---
  duration_ms: 47.455208
  type: 'test'
  ...
# Subtest: budget runtime file-journal: child funding rejects broader authority, altered duplicate commands and work ID reattachment
ok 62 - budget runtime file-journal: child funding rejects broader authority, altered duplicate commands and work ID reattachment
  ---
  duration_ms: 66.361541
  type: 'test'
  ...
# Subtest: budget runtime file-journal: grant commit ACK loss resumes the same grant and child without another allocation
ok 63 - budget runtime file-journal: grant commit ACK loss resumes the same grant and child without another allocation
  ---
  duration_ms: 82.643416
  type: 'test'
  ...
# Subtest: budget runtime file-journal: activation commit ACK loss resumes the same grant and child without another allocation
ok 64 - budget runtime file-journal: activation commit ACK loss resumes the same grant and child without another allocation
  ---
  duration_ms: 63.83625
  type: 'test'
  ...
# Subtest: budget runtime file-journal: revocation during child activation installs a fence that the stale activation cannot overwrite
ok 65 - budget runtime file-journal: revocation during child activation installs a fence that the stale activation cannot overwrite
  ---
  duration_ms: 99.074
  type: 'test'
  ...
# Subtest: budget runtime file-journal: revoke after tool dispatch and before entry prevents transport while keeping the logical dispatch charge
ok 66 - budget runtime file-journal: revoke after tool dispatch and before entry prevents transport while keeping the logical dispatch charge
  ---
  duration_ms: 266.646584
  type: 'test'
  ...
# Subtest: budget runtime file-journal: revoke after model dispatch and before entry prevents transport while keeping the logical dispatch charge
ok 67 - budget runtime file-journal: revoke after model dispatch and before entry prevents transport while keeping the logical dispatch charge
  ---
  duration_ms: 267.926583
  type: 'test'
  ...
# Subtest: budget runtime file-journal: actual replan adoption spends the child's delegated replan allowance once
ok 68 - budget runtime file-journal: actual replan adoption spends the child's delegated replan allowance once
  ---
  duration_ms: 395.060375
  type: 'test'
  ...
# Subtest: budget runtime file-journal: nested child execution reconciles through both grants without double charging or copying originals
ok 69 - budget runtime file-journal: nested child execution reconciles through both grants without double charging or copying originals
  ---
  duration_ms: 433.934542
  type: 'test'
  ...
# Subtest: budget runtime file-journal: an unfunded pending child cannot turn resume or a new goal into execution authority
ok 70 - budget runtime file-journal: an unfunded pending child cannot turn resume or a new goal into execution authority
  ---
  duration_ms: 71.338625
  type: 'test'
  ...
# Subtest: budget runtime file-journal: a parent goal change fences a child's previously reserved tool before entry
ok 71 - budget runtime file-journal: a parent goal change fences a child's previously reserved tool before entry
  ---
  duration_ms: 199.75725
  type: 'test'
  ...
# Subtest: budget runtime file-journal: a parent policy change fences a child's previously reserved tool before entry
ok 72 - budget runtime file-journal: a parent policy change fences a child's previously reserved tool before entry
  ---
  duration_ms: 185.142166
  type: 'test'
  ...
# Subtest: budget runtime file-journal: a parent deadline change fences a child's previously reserved tool before entry
ok 73 - budget runtime file-journal: a parent deadline change fences a child's previously reserved tool before entry
  ---
  duration_ms: 176.302583
  type: 'test'
  ...
# Subtest: budget runtime file-journal: a partially reported model response retains known tokens and unknown reservation after revoke and reopen
ok 74 - budget runtime file-journal: a partially reported model response retains known tokens and unknown reservation after revoke and reopen
  ---
  duration_ms: 264.366083
  type: 'test'
  ...
# Subtest: budget runtime file-journal: sibling overage received during a tool dispatch ACK delay prevents its actual entry despite stale parent accounting
ok 75 - budget runtime file-journal: sibling overage received during a tool dispatch ACK delay prevents its actual entry despite stale parent accounting
  ---
  duration_ms: 425.612542
  type: 'test'
  ...
# Subtest: budget runtime file-journal: sibling overage received during a model dispatch ACK delay prevents its actual entry despite stale parent accounting
ok 76 - budget runtime file-journal: sibling overage received during a model dispatch ACK delay prevents its actual entry despite stale parent accounting
  ---
  duration_ms: 411.864625
  type: 'test'
  ...
# Subtest: budget role sqlite: independently permitted role executes and returns unused resources without copying private data
ok 77 - budget role sqlite: independently permitted role executes and returns unused resources without copying private data
  ---
  duration_ms: 40.00225
  type: 'test'
  ...
# Subtest: budget role sqlite: allocation permit prepares work but execution waits for the host execution permit
ok 78 - budget role sqlite: allocation permit prepares work but execution waits for the host execution permit
  ---
  duration_ms: 36.777958
  type: 'test'
  ...
# Subtest: budget role sqlite: missing mandate cannot create a cross-role grant
ok 79 - budget role sqlite: missing mandate cannot create a cross-role grant
  ---
  duration_ms: 6.783917
  type: 'test'
  ...
# Subtest: budget role sqlite: missing authority cannot create a cross-role grant
ok 80 - budget role sqlite: missing authority cannot create a cross-role grant
  ---
  duration_ms: 6.090458
  type: 'test'
  ...
# Subtest: budget role sqlite: missing router cannot create a cross-role grant
ok 81 - budget role sqlite: missing router cannot create a cross-role grant
  ---
  duration_ms: 5.6435
  type: 'test'
  ...
# Subtest: budget role sqlite: changed tenant cannot reuse an authority reference
ok 82 - budget role sqlite: changed tenant cannot reuse an authority reference
  ---
  duration_ms: 7.436375
  type: 'test'
  ...
# Subtest: budget role sqlite: changed principal cannot reuse an authority reference
ok 83 - budget role sqlite: changed principal cannot reuse an authority reference
  ---
  duration_ms: 9.399083
  type: 'test'
  ...
# Subtest: budget role sqlite: changed scope cannot reuse an authority reference
ok 84 - budget role sqlite: changed scope cannot reuse an authority reference
  ---
  duration_ms: 5.963083
  type: 'test'
  ...
# Subtest: budget role sqlite: changed policy cannot reuse an authority reference
ok 85 - budget role sqlite: changed policy cannot reuse an authority reference
  ---
  duration_ms: 5.291459
  type: 'test'
  ...
# Subtest: budget role sqlite: changed revision cannot reuse an authority reference
ok 86 - budget role sqlite: changed revision cannot reuse an authority reference
  ---
  duration_ms: 5.24525
  type: 'test'
  ...
# Subtest: budget role sqlite: changed limits cannot reuse an authority reference
ok 87 - budget role sqlite: changed limits cannot reuse an authority reference
  ---
  duration_ms: 5.047167
  type: 'test'
  ...
# Subtest: budget role sqlite: one mandate cannot allocate twice through different child identities or command IDs
ok 88 - budget role sqlite: one mandate cannot allocate twice through different child identities or command IDs
  ---
  duration_ms: 7.274959
  type: 'test'
  ...
# Subtest: budget role sqlite: genesis reply loss resumes the original allocation after reopen
ok 89 - budget role sqlite: genesis reply loss resumes the original allocation after reopen
  ---
  duration_ms: 33.140791
  type: 'test'
  ...
# Subtest: budget role sqlite: grant reply loss resumes the original allocation after reopen
ok 90 - budget role sqlite: grant reply loss resumes the original allocation after reopen
  ---
  duration_ms: 33.6475
  type: 'test'
  ...
# Subtest: budget role sqlite: activation reply loss resumes the original allocation after reopen
ok 91 - budget role sqlite: activation reply loss resumes the original allocation after reopen
  ---
  duration_ms: 30.972666
  type: 'test'
  ...
# Subtest: budget role sqlite: authority withdrawal after tool dispatch prevents actual entry
ok 92 - budget role sqlite: authority withdrawal after tool dispatch prevents actual entry
  ---
  duration_ms: 30.540209
  type: 'test'
  ...
# Subtest: budget role sqlite: authority withdrawal after model dispatch prevents actual entry
ok 93 - budget role sqlite: authority withdrawal after model dispatch prevents actual entry
  ---
  duration_ms: 61.623875
  type: 'test'
  ...
# Subtest: budget role sqlite: parent change during permission lookup invalidates the child reservation
ok 94 - budget role sqlite: parent change during permission lookup invalidates the child reservation
  ---
  duration_ms: 11.619959
  type: 'test'
  ...
# Subtest: budget role sqlite: missing child runtime retains escrow and recovery later refunds exactly once
ok 95 - budget role sqlite: missing child runtime retains escrow and recovery later refunds exactly once
  ---
  duration_ms: 10.988416
  type: 'test'
  ...
# Subtest: budget role sqlite: unknown write effect prevents refund after revocation and reopen
ok 96 - budget role sqlite: unknown write effect prevents refund after revocation and reopen
  ---
  duration_ms: 34.018583
  type: 'test'
  ...
# Subtest: budget role sqlite: child runtime receives model cancellation and late usage settles without adopting a plan
ok 97 - budget role sqlite: child runtime receives model cancellation and late usage settles without adopting a plan
  ---
  duration_ms: 68.770792
  type: 'test'
  ...
# Subtest: budget role sqlite: child revision change during final proof lookup prevents settlement
ok 98 - budget role sqlite: child revision change during final proof lookup prevents settlement
  ---
  duration_ms: 10.049791
  type: 'test'
  ...
# Subtest: budget role sqlite: removed route cannot validate old state or release funds
ok 99 - budget role sqlite: removed route cannot validate old state or release funds
  ---
  duration_ms: 7.887875
  type: 'test'
  ...
# Subtest: budget role sqlite: changed child goal blocks further authority without changing recorded usage
ok 100 - budget role sqlite: changed child goal blocks further authority without changing recorded usage
  ---
  duration_ms: 34.769083
  type: 'test'
  ...
# Subtest: budget role file-journal: independently permitted role executes and returns unused resources without copying private data
ok 101 - budget role file-journal: independently permitted role executes and returns unused resources without copying private data
  ---
  duration_ms: 273.931333
  type: 'test'
  ...
# Subtest: budget role file-journal: allocation permit prepares work but execution waits for the host execution permit
ok 102 - budget role file-journal: allocation permit prepares work but execution waits for the host execution permit
  ---
  duration_ms: 228.77
  type: 'test'
  ...
# Subtest: budget role file-journal: missing mandate cannot create a cross-role grant
ok 103 - budget role file-journal: missing mandate cannot create a cross-role grant
  ---
  duration_ms: 26.315417
  type: 'test'
  ...
# Subtest: budget role file-journal: missing authority cannot create a cross-role grant
ok 104 - budget role file-journal: missing authority cannot create a cross-role grant
  ---
  duration_ms: 26.026167
  type: 'test'
  ...
# Subtest: budget role file-journal: missing router cannot create a cross-role grant
ok 105 - budget role file-journal: missing router cannot create a cross-role grant
  ---
  duration_ms: 26.868625
  type: 'test'
  ...
# Subtest: budget role file-journal: changed tenant cannot reuse an authority reference
ok 106 - budget role file-journal: changed tenant cannot reuse an authority reference
  ---
  duration_ms: 26.993708
  type: 'test'
  ...
# Subtest: budget role file-journal: changed principal cannot reuse an authority reference
ok 107 - budget role file-journal: changed principal cannot reuse an authority reference
  ---
  duration_ms: 25.876375
  type: 'test'
  ...
# Subtest: budget role file-journal: changed scope cannot reuse an authority reference
ok 108 - budget role file-journal: changed scope cannot reuse an authority reference
  ---
  duration_ms: 26.058625
  type: 'test'
  ...
# Subtest: budget role file-journal: changed policy cannot reuse an authority reference
ok 109 - budget role file-journal: changed policy cannot reuse an authority reference
  ---
  duration_ms: 27.14025
  type: 'test'
  ...
# Subtest: budget role file-journal: changed revision cannot reuse an authority reference
ok 110 - budget role file-journal: changed revision cannot reuse an authority reference
  ---
  duration_ms: 29.094167
  type: 'test'
  ...
# Subtest: budget role file-journal: changed limits cannot reuse an authority reference
ok 111 - budget role file-journal: changed limits cannot reuse an authority reference
  ---
  duration_ms: 26.88225
  type: 'test'
  ...
# Subtest: budget role file-journal: one mandate cannot allocate twice through different child identities or command IDs
ok 112 - budget role file-journal: one mandate cannot allocate twice through different child identities or command IDs
  ---
  duration_ms: 98.182583
  type: 'test'
  ...
# Subtest: budget role file-journal: genesis reply loss resumes the original allocation after reopen
ok 113 - budget role file-journal: genesis reply loss resumes the original allocation after reopen
  ---
  duration_ms: 225.0645
  type: 'test'
  ...
# Subtest: budget role file-journal: grant reply loss resumes the original allocation after reopen
ok 114 - budget role file-journal: grant reply loss resumes the original allocation after reopen
  ---
  duration_ms: 245.333416
  type: 'test'
  ...
# Subtest: budget role file-journal: activation reply loss resumes the original allocation after reopen
ok 115 - budget role file-journal: activation reply loss resumes the original allocation after reopen
  ---
  duration_ms: 225.867375
  type: 'test'
  ...
# Subtest: budget role file-journal: authority withdrawal after tool dispatch prevents actual entry
ok 116 - budget role file-journal: authority withdrawal after tool dispatch prevents actual entry
  ---
  duration_ms: 202.897125
  type: 'test'
  ...
# Subtest: budget role file-journal: authority withdrawal after model dispatch prevents actual entry
ok 117 - budget role file-journal: authority withdrawal after model dispatch prevents actual entry
  ---
  duration_ms: 192.939542
  type: 'test'
  ...
# Subtest: budget role file-journal: parent change during permission lookup invalidates the child reservation
ok 118 - budget role file-journal: parent change during permission lookup invalidates the child reservation
  ---
  duration_ms: 133.10475
  type: 'test'
  ...
# Subtest: budget role file-journal: missing child runtime retains escrow and recovery later refunds exactly once
ok 119 - budget role file-journal: missing child runtime retains escrow and recovery later refunds exactly once
  ---
  duration_ms: 110.897416
  type: 'test'
  ...
# Subtest: budget role file-journal: unknown write effect prevents refund after revocation and reopen
ok 120 - budget role file-journal: unknown write effect prevents refund after revocation and reopen
  ---
  duration_ms: 268.0925
  type: 'test'
  ...
# Subtest: budget role file-journal: child runtime receives model cancellation and late usage settles without adopting a plan
ok 121 - budget role file-journal: child runtime receives model cancellation and late usage settles without adopting a plan
  ---
  duration_ms: 306.533083
  type: 'test'
  ...
# Subtest: budget role file-journal: child revision change during final proof lookup prevents settlement
ok 122 - budget role file-journal: child revision change during final proof lookup prevents settlement
  ---
  duration_ms: 131.882084
  type: 'test'
  ...
# Subtest: budget role file-journal: removed route cannot validate old state or release funds
ok 123 - budget role file-journal: removed route cannot validate old state or release funds
  ---
  duration_ms: 100.149042
  type: 'test'
  ...
# Subtest: budget role file-journal: changed child goal blocks further authority without changing recorded usage
ok 124 - budget role file-journal: changed child goal blocks further authority without changing recorded usage
  ---
  duration_ms: 284.0185
  type: 'test'
  ...
# Subtest: budget role sqlite: nested ordinary children use their own role session when the sponsor settles the tree
ok 125 - budget role sqlite: nested ordinary children use their own role session when the sponsor settles the tree
  ---
  duration_ms: 45.595917
  type: 'test'
  ...
# Subtest: budget role sqlite: context compact and restore preserve the stored funding authority and usage
ok 126 - budget role sqlite: context compact and restore preserve the stored funding authority and usage
  ---
  duration_ms: 72.866958
  type: 'test'
  ...
# Subtest: budget role sqlite: route withdrawal inside authority lookup blocks a reserved tool before dispatch
ok 127 - budget role sqlite: route withdrawal inside authority lookup blocks a reserved tool before dispatch
  ---
  duration_ms: 10.670625
  type: 'test'
  ...
# Subtest: budget role file-journal: nested ordinary children use their own role session when the sponsor settles the tree
ok 128 - budget role file-journal: nested ordinary children use their own role session when the sponsor settles the tree
  ---
  duration_ms: 418.880708
  type: 'test'
  ...
# Subtest: budget role file-journal: context compact and restore preserve the stored funding authority and usage
ok 129 - budget role file-journal: context compact and restore preserve the stored funding authority and usage
  ---
  duration_ms: 282.270833
  type: 'test'
  ...
# Subtest: budget role file-journal: route withdrawal inside authority lookup blocks a reserved tool before dispatch
ok 130 - budget role file-journal: route withdrawal inside authority lookup blocks a reserved tool before dispatch
  ---
  duration_ms: 105.663583
  type: 'test'
  ...
# Subtest: budget role sqlite: an authority lookup that ignores cancellation times out before adapter entry
ok 131 - budget role sqlite: an authority lookup that ignores cancellation times out before adapter entry
  ---
  duration_ms: 61.685584
  type: 'test'
  ...
# Subtest: budget role sqlite: changing the authority adapter while it answers invalidates the old permit
ok 132 - budget role sqlite: changing the authority adapter while it answers invalidates the old permit
  ---
  duration_ms: 12.087083
  type: 'test'
  ...
# Subtest: budget role file-journal: an authority lookup that ignores cancellation times out before adapter entry
ok 133 - budget role file-journal: an authority lookup that ignores cancellation times out before adapter entry
  ---
  duration_ms: 170.42575
  type: 'test'
  ...
# Subtest: budget role file-journal: changing the authority adapter while it answers invalidates the old permit
ok 134 - budget role file-journal: changing the authority adapter while it answers invalidates the old permit
  ---
  duration_ms: 111.132583
  type: 'test'
  ...
# Subtest: budget role sqlite: temporary authority failure holds an active allocation and resumes without regranting
ok 135 - budget role sqlite: temporary authority failure holds an active allocation and resumes without regranting
  ---
  duration_ms: 35.904167
  type: 'test'
  ...
# Subtest: budget role file-journal: temporary authority failure holds an active allocation and resumes without regranting
ok 136 - budget role file-journal: temporary authority failure holds an active allocation and resumes without regranting
  ---
  duration_ms: 222.0015
  type: 'test'
  ...
# Subtest: budget exposure: own usage and reservations add each dimension without charging elapsed time or unknown counts as tokens
ok 137 - budget exposure: own usage and reservations add each dimension without charging elapsed time or unknown counts as tokens
  ---
  duration_ms: 0.692125
  type: 'test'
  ...
# Subtest: budget exposure: active and draining escrow count once even when the same child usage has already been observed
ok 138 - budget exposure: active and draining escrow count once even when the same child usage has already been observed
  ---
  duration_ms: 0.205
  type: 'test'
  ...
# Subtest: budget exposure: usage above allocation and outstanding reservations remain visible in independent dimensions
ok 139 - budget exposure: usage above allocation and outstanding reservations remain visible in independent dimensions
  ---
  duration_ms: 0.06225
  type: 'test'
  ...
# Subtest: budget exposure: settling replaces escrow with accounted plus reserved amounts and repeated reads cannot refund twice
ok 140 - budget exposure: settling replaces escrow with accounted plus reserved amounts and repeated reads cannot refund twice
  ---
  duration_ms: 0.08075
  type: 'test'
  ...
# Subtest: budget exposure: unknown and partially reported model usage keeps reserved tokens even on a settled summary
ok 141 - budget exposure: unknown and partially reported model usage keeps reserved tokens even on a settled summary
  ---
  duration_ms: 1.090292
  type: 'test'
  ...
# Subtest: budget exposure: a lower parent limit preserves actual costs and reports each excess without negative remaining values
ok 142 - budget exposure: a lower parent limit preserves actual costs and reports each excess without negative remaining values
  ---
  duration_ms: 0.113041
  type: 'test'
  ...
# Subtest: budget exposure: separate grants sum but duplicate IDs and duplicate child funding records are rejected
ok 143 - budget exposure: separate grants sum but duplicate IDs and duplicate child funding records are rejected
  ---
  duration_ms: 0.544834
  type: 'test'
  ...
# Subtest: budget exposure: zero-funded grants remain explicit and cannot hide a later reported expense
ok 144 - budget exposure: zero-funded grants remain explicit and cannot hide a later reported expense
  ---
  duration_ms: 0.05675
  type: 'test'
  ...
# Subtest: budget exposure: max-safe totals are exact and overflow in local, grant, aggregate or combined arithmetic fails closed
ok 145 - budget exposure: max-safe totals are exact and overflow in local, grant, aggregate or combined arithmetic fails closed
  ---
  duration_ms: 0.243917
  type: 'test'
  ...
# Subtest: budget exposure: fractional, negative, nonfinite, unsafe and missing values never become zero
ok 146 - budget exposure: fractional, negative, nonfinite, unsafe and missing values never become zero
  ---
  duration_ms: 0.393708
  type: 'test'
  ...
# Subtest: budget exposure: grant schema keeps authority identity strict and requires a state revision for observed or settled accounting
ok 147 - budget exposure: grant schema keeps authority identity strict and requires a state revision for observed or settled accounting
  ---
  duration_ms: 0.428666
  type: 'test'
  ...
# Subtest: budget exposure: parent links preserve pending, active and draining as different stored phases without conferring allocation authority
ok 148 - budget exposure: parent links preserve pending, active and draining as different stored phases without conferring allocation authority
  ---
  duration_ms: 0.655917
  type: 'test'
  ...
# Subtest: budget exposure: empty and absent grant lists are equivalent while malformed and over-cap lists are rejected
ok 149 - budget exposure: empty and absent grant lists are equivalent while malformed and over-cap lists are rejected
  ---
  duration_ms: 27.220375
  type: 'test'
  ...
# Subtest: budget exposure: projections and strict schema copies share no mutable vectors with the ledger
ok 150 - budget exposure: projections and strict schema copies share no mutable vectors with the ledger
  ---
  duration_ms: 0.12225
  type: 'test'
  ...
# Subtest: budget authority: strict mandate identity retains issuer, reference, rule and child goal revision
ok 151 - budget authority: strict mandate identity retains issuer, reference, rule and child goal revision
  ---
  duration_ms: 0.545167
  type: 'test'
  ...
# Subtest: budget authority: a second grant for one mandate remains duplicate even after its issuer revision changes
ok 152 - budget authority: a second grant for one mandate remains duplicate even after its issuer revision changes
  ---
  duration_ms: 0.129541
  type: 'test'
  ...
1..152
# tests 152
# suites 0
# pass 152
# fail 0
# cancelled 0
# skipped 0
# todo 0
# duration_ms 22777.740084
