TAP version 13
# Subtest: budget progress: only native factory identity survives snapshots; identical metadata grants no preparation
ok 1 - budget progress: only native factory identity survives snapshots; identical metadata grants no preparation
  ---
  duration_ms: 6.215959
  type: 'test'
  ...
# Subtest: budget progress: repeated status ignores query, task IDs, revisions and caller costs and retains the default three-step stop
ok 2 - budget progress: repeated status ignores query, task IDs, revisions and caller costs and retains the default three-step stop
  ---
  duration_ms: 2.3135
  type: 'test'
  ...
# Subtest: budget progress: actual allocation is productive but changing generated grant, work or criterion IDs cannot mint the same allocation again
ok 3 - budget progress: actual allocation is productive but changing generated grant, work or criterion IDs cannot mint the same allocation again
  ---
  duration_ms: 1.326625
  type: 'test'
  ...
# Subtest: budget progress: increase, draining, known usage and settlement credit only the matching current grant state
ok 4 - budget progress: increase, draining, known usage and settlement credit only the matching current grant state
  ---
  duration_ms: 0.941042
  type: 'test'
  ...
# Subtest: budget progress: requests expose numeric preparation once while request IDs and private wording cannot renew credit
ok 5 - budget progress: requests expose numeric preparation once while request IDs and private wording cannot renew credit
  ---
  duration_ms: 1.222917
  type: 'test'
  ...
# Subtest: budget progress: unadopted, failed, reused, denied, foreign-goal and malformed observations cannot claim progress
ok 6 - budget progress: unadopted, failed, reused, denied, foreign-goal and malformed observations cannot claim progress
  ---
  duration_ms: 0.879541
  type: 'test'
  ...
# Subtest: budget tools entry: observed recipient allocation and actual execution settle once across separate SQLite profiles without copying source or memory
ok 7 - budget tools entry: observed recipient allocation and actual execution settle once across separate SQLite profiles without copying source or memory
  ---
  duration_ms: 2000.7905
  type: 'test'
  ...
# Subtest: budget tools entry: allocation permission alone executes nothing and the same owner addresses resume the original grant after reopen
ok 8 - budget tools entry: allocation permission alone executes nothing and the same owner addresses resume the original grant after reopen
  ---
  duration_ms: 1765.045917
  type: 'test'
  ...
# Subtest: budget tools entry: continued execution denial stops after the two declared attempts and preserves recipient escrow without new planning
ok 9 - budget tools entry: continued execution denial stops after the two declared attempts and preserves recipient escrow without new planning
  ---
  duration_ms: 1615.581167
  type: 'test'
  ...
# Subtest: budget tools entry: a recipient request exposes only numeric need and explicit increase preserves the sponsor limit before continuation
ok 10 - budget tools entry: a recipient request exposes only numeric need and explicit increase preserves the sponsor limit before continuation
  ---
  duration_ms: 2915.478458
  type: 'test'
  ...
# Subtest: budget tools entry: a locally injected lost model reply retains unknown usage through revoke, repeated reconciliation and reopen
ok 11 - budget tools entry: a locally injected lost model reply retains unknown usage through revoke, repeated reconciliation and reopen
  ---
  duration_ms: 1966.210625
  type: 'test'
  ...
# Subtest: budget tools entry: an observed recipient cannot over-allocate the sponsor original hard limit or execute the unfunded pending child
ok 12 - budget tools entry: an observed recipient cannot over-allocate the sponsor original hard limit or execute the unfunded pending child
  ---
  duration_ms: 1000.732167
  type: 'test'
  ...
1..12
# tests 12
# suites 0
# pass 12
# fail 0
# cancelled 0
# skipped 0
# todo 0
# duration_ms 11465.591042
