TAP version 13
# Subtest: budget tools entry: observed recipient allocation and actual execution settle once across separate SQLite profiles without copying source or memory
not ok 1 - budget tools entry: observed recipient allocation and actual execution settle once across separate SQLite profiles without copying source or memory
  ---
  duration_ms: 1001.392875
  type: 'test'
  location: '/Users/seunghanee/Documents/secumon/runtime/dist/tests/budget-tools-entry.test.js:14:1'
  failureType: 'testCodeFailure'
  error: '{"control":{"kind":"blocked","reason":"no_progress_limit"},"steps":1,"reason":"no_progress_limit","stateRevision":17,"goalRevision":1,"checkpoint":{"id":"b48d3a6fa57181b255761121809ccc56d65c7b68ed738d9baaa1356fe34678a5","sha256":"fd0405ea86032f0b1839ff13c9e80bdb476097ecb1aa237110994e268be19e4b","byteLength":13567,"mediaType":"application/json","tenantId":"company","labels":["public"]},"resumeDisposition":"created"}'
  code: 'ERR_ASSERTION'
  name: 'AssertionError'
  expected: true
  actual: false
  operator: '=='
  stack: |-
    Object.through (file:///Users/seunghanee/Documents/secumon/runtime/dist/tests/budget-tools-entry-fixture.js:236:20)
    async TestContext.<anonymous> (file:///Users/seunghanee/Documents/secumon/runtime/dist/tests/budget-tools-entry.test.js:22:23)
    async Test.run (node:internal/test_runner/test:1404:7)
    async startSubtestAfterBootstrap (node:internal/test_runner/harness:387:3)
  ...
# Subtest: budget tools entry: allocation permission alone executes nothing and the same owner addresses resume the original grant after reopen
not ok 2 - budget tools entry: allocation permission alone executes nothing and the same owner addresses resume the original grant after reopen
  ---
  duration_ms: 917.9815
  type: 'test'
  location: '/Users/seunghanee/Documents/secumon/runtime/dist/tests/budget-tools-entry.test.js:78:1'
  failureType: 'testCodeFailure'
  error: '{"control":{"kind":"blocked","reason":"no_progress_limit"},"steps":1,"reason":"no_progress_limit","stateRevision":17,"goalRevision":1,"checkpoint":{"id":"db7249a7bf50eaf730b9ef99ce859d13cbc06a4e8d5f51bde7b498f84b0ee151","sha256":"366b8166e86e6eefd2b625fea938c38f4b646c985e1f70aab04577b50c1fd029","byteLength":13567,"mediaType":"application/json","tenantId":"company","labels":["public"]},"resumeDisposition":"created"}'
  code: 'ERR_ASSERTION'
  name: 'AssertionError'
  expected: true
  actual: false
  operator: '=='
  stack: |-
    Object.through (file:///Users/seunghanee/Documents/secumon/runtime/dist/tests/budget-tools-entry-fixture.js:236:20)
    async TestContext.<anonymous> (file:///Users/seunghanee/Documents/secumon/runtime/dist/tests/budget-tools-entry.test.js:83:5)
    async Test.run (node:internal/test_runner/test:1404:7)
    async Test.processPendingSubtests (node:internal/test_runner/test:969:7)
  ...
# Subtest: budget tools entry: a recipient request exposes only numeric need and explicit increase preserves the sponsor limit before continuation
not ok 3 - budget tools entry: a recipient request exposes only numeric need and explicit increase preserves the sponsor limit before continuation
  ---
  duration_ms: 924.787625
  type: 'test'
  location: '/Users/seunghanee/Documents/secumon/runtime/dist/tests/budget-tools-entry.test.js:115:1'
  failureType: 'testCodeFailure'
  error: '{"control":{"kind":"blocked","reason":"no_progress_limit"},"steps":1,"reason":"no_progress_limit","stateRevision":17,"goalRevision":1,"checkpoint":{"id":"30ccf104802b34fbb45fe2f240a8d6c5be2afda57fbf6c10557f5cf1ad95414f","sha256":"f8c129dd44da702973380421cf3ebb44de9ce8ce8177ce38b0f58523f5d52066","byteLength":13567,"mediaType":"application/json","tenantId":"company","labels":["public"]},"resumeDisposition":"created"}'
  code: 'ERR_ASSERTION'
  name: 'AssertionError'
  expected: true
  actual: false
  operator: '=='
  stack: |-
    Object.through (file:///Users/seunghanee/Documents/secumon/runtime/dist/tests/budget-tools-entry-fixture.js:236:20)
    async TestContext.<anonymous> (file:///Users/seunghanee/Documents/secumon/runtime/dist/tests/budget-tools-entry.test.js:119:19)
    async Test.run (node:internal/test_runner/test:1404:7)
    async Test.processPendingSubtests (node:internal/test_runner/test:969:7)
  ...
# Subtest: budget tools entry: a locally injected lost model reply retains unknown usage through revoke, repeated reconciliation and reopen
not ok 4 - budget tools entry: a locally injected lost model reply retains unknown usage through revoke, repeated reconciliation and reopen
  ---
  duration_ms: 887.787459
  type: 'test'
  location: '/Users/seunghanee/Documents/secumon/runtime/dist/tests/budget-tools-entry.test.js:158:1'
  failureType: 'testCodeFailure'
  error: '{"control":{"kind":"blocked","reason":"no_progress_limit"},"steps":1,"reason":"no_progress_limit","stateRevision":17,"goalRevision":1,"checkpoint":{"id":"64d40419c5d2e1fe396fe27a09e256e99b9d35ec2261634bbb1a403a3ebc842e","sha256":"62cdd79f27a30fbae8d171a2dde2bc7f037d647532184e895b14a6daa138c5e0","byteLength":13567,"mediaType":"application/json","tenantId":"company","labels":["public"]},"resumeDisposition":"created"}'
  code: 'ERR_ASSERTION'
  name: 'AssertionError'
  expected: true
  actual: false
  operator: '=='
  stack: |-
    Object.through (file:///Users/seunghanee/Documents/secumon/runtime/dist/tests/budget-tools-entry-fixture.js:236:20)
    async TestContext.<anonymous> (file:///Users/seunghanee/Documents/secumon/runtime/dist/tests/budget-tools-entry.test.js:162:19)
    async Test.run (node:internal/test_runner/test:1404:7)
    async Test.processPendingSubtests (node:internal/test_runner/test:969:7)
  ...
# Subtest: budget tools entry: an observed recipient cannot over-allocate the sponsor original hard limit or execute the unfunded pending child
not ok 5 - budget tools entry: an observed recipient cannot over-allocate the sponsor original hard limit or execute the unfunded pending child
  ---
  duration_ms: 892.75975
  type: 'test'
  location: '/Users/seunghanee/Documents/secumon/runtime/dist/tests/budget-tools-entry.test.js:198:1'
  failureType: 'testCodeFailure'
  error: '{"control":{"kind":"blocked","reason":"no_progress_limit"},"steps":1,"reason":"no_progress_limit","stateRevision":17,"goalRevision":1,"checkpoint":{"id":"fbd3d9eb5af51e137eeb057918d4b6c2edc10f735915917d8ab96e902815847f","sha256":"10d956a90b2dc60f436a9f9fa560e6450c2b7de778be44a9a6709624c6f32f8f","byteLength":13568,"mediaType":"application/json","tenantId":"company","labels":["public"]},"resumeDisposition":"created"}'
  code: 'ERR_ASSERTION'
  name: 'AssertionError'
  expected: true
  actual: false
  operator: '=='
  stack: |-
    Object.through (file:///Users/seunghanee/Documents/secumon/runtime/dist/tests/budget-tools-entry-fixture.js:236:20)
    async TestContext.<anonymous> (file:///Users/seunghanee/Documents/secumon/runtime/dist/tests/budget-tools-entry.test.js:202:22)
    async Test.run (node:internal/test_runner/test:1404:7)
    async Test.processPendingSubtests (node:internal/test_runner/test:969:7)
  ...
# Subtest: peer registration: disabled selection is never read and the generic session remains usable
ok 6 - peer registration: disabled selection is never read and the generic session remains usable
  ---
  duration_ms: 615.059583
  type: 'test'
  ...
# Subtest: peer registration: enabled profile requires a registration and exposes only selected peer operations
ok 7 - peer registration: enabled profile requires a registration and exposes only selected peer operations
  ---
  duration_ms: 200.517875
  type: 'test'
  ...
# Subtest: peer registration: metadata and callbacks are captured once while source object mutation cannot change the opened registry
ok 8 - peer registration: metadata and callbacks are captured once while source object mutation cannot change the opened registry
  ---
  duration_ms: 69.997625
  type: 'test'
  ...
# Subtest: peer registration: close immediately rejects new calls and a delayed in-flight reply even while provider cleanup waits
ok 9 - peer registration: close immediately rejects new calls and a delayed in-flight reply even while provider cleanup waits
  ---
  duration_ms: 64.086
  type: 'test'
  ...
# Subtest: peer registration: cancelled acquisition and a malformed later peer release the acquired provider exactly once
ok 10 - peer registration: cancelled acquisition and a malformed later peer release the acquired provider exactly once
  ---
  duration_ms: 280.781542
  type: 'test'
  ...
# Subtest: peer registration: caller abort prevents callbacks and a later profile failure closes already opened peer resources
ok 11 - peer registration: caller abort prevents callbacks and a later profile failure closes already opened peer resources
  ---
  duration_ms: 278.080709
  type: 'test'
  ...
# Subtest: independent SQLite profiles consult in both directions; resident sessions follow each sender and internal replies do not copy work or memory
ok 12 - independent SQLite profiles consult in both directions; resident sessions follow each sender and internal replies do not copy work or memory
  ---
  duration_ms: 3072.601875
  type: 'test'
  ...
# Subtest: temporary peer consult uses a separate request context while the same receiving profile remains available afterward
ok 13 - temporary peer consult uses a separate request context while the same receiving profile remains available afterward
  ---
  duration_ms: 2818.23575
  type: 'test'
  ...
# Subtest: tampering with a confirmed peer delivery session or agent cannot redirect the original delivery or append to another history
ok 14 - tampering with a confirmed peer delivery session or agent cannot redirect the original delivery or append to another history
  ---
  duration_ms: 1117.986583
  type: 'test'
  ...
# Subtest: structured peer reviews retain separate contexts and cause caller reassessment followed by its own discriminating observation
ok 15 - structured peer reviews retain separate contexts and cause caller reassessment followed by its own discriminating observation
  ---
  duration_ms: 3542.463583
  type: 'test'
  ...
# Subtest: compact and profile reopen preserve the first peer ticket and receiver budget; core.peer.resume never repeats receiver work
ok 16 - compact and profile reopen preserve the first peer ticket and receiver budget; core.peer.resume never repeats receiver work
  ---
  duration_ms: 1791.657833
  type: 'test'
  ...
# Subtest: sqlite: peer waiting and resume retain the original request, ticket and separate response custody
ok 17 - sqlite: peer waiting and resume retain the original request, ticket and separate response custody
  ---
  duration_ms: 175.279125
  type: 'test'
  ...
# Subtest: file-journal: peer waiting and resume retain the original request, ticket and separate response custody
ok 18 - file-journal: peer waiting and resume retain the original request, ticket and separate response custody
  ---
  duration_ms: 416.413583
  type: 'test'
  ...
# Subtest: peer review retains the exact target and structured counterargument without generating caller evidence
ok 19 - peer review retains the exact target and structured counterargument without generating caller evidence
  ---
  duration_ms: 84.94775
  type: 'test'
  ...
# Subtest: peer stale review targets and changed registered model identity cannot reuse a retained request
ok 20 - peer stale review targets and changed registered model identity cannot reuse a retained request
  ---
  duration_ms: 290.916625
  type: 'test'
  ...
# Subtest: peer ticket digest mismatch keeps only the original request and never runs the wrong recipient ticket
ok 21 - peer ticket digest mismatch keeps only the original request and never runs the wrong recipient ticket
  ---
  duration_ms: 47.21675
  type: 'test'
  ...
# Subtest: peer resume rejects a changed original receipt before any additional recipient call
ok 22 - peer resume rejects a changed original receipt before any additional recipient call
  ---
  duration_ms: 107.567125
  type: 'test'
  ...
# Subtest: peer cancellation or abort during a delayed reply preserves request and ticket but does not publish the late response
ok 23 - peer cancellation or abort during a delayed reply preserves request and ticket but does not publish the late response
  ---
  duration_ms: 92.692791
  type: 'test'
  ...
# Subtest: peer destination and label restrictions reject consultation before disclosing the original request
ok 24 - peer destination and label restrictions reject consultation before disclosing the original request
  ---
  duration_ms: 57.764916
  type: 'test'
  ...
# Subtest: runtime peer rejects malformed review, old target version and evidence references outside its recipient work
ok 25 - runtime peer rejects malformed review, old target version and evidence references outside its recipient work
  ---
  duration_ms: 1201.037917
  type: 'test'
  ...
# Subtest: runtime peer checks its current model revision before executing an accepted ticket
ok 26 - runtime peer checks its current model revision before executing an accepted ticket
  ---
  duration_ms: 173.979458
  type: 'test'
  ...
1..26
# tests 26
# suites 0
# pass 21
# fail 5
# cancelled 0
# skipped 0
# todo 0
# duration_ms 21613.42725
