file:///Users/seunghanee/Documents/secumon/runtime/dist/application/budget-work-ledgers.js:21
        const owner = frozen(OwnerSchema.parse(structuredClone(value))), ownerKey = key(owner);
                                         ^

ZodError: [
  {
    "code": "unrecognized_keys",
    "keys": [
      "workId"
    ],
    "path": [],
    "message": "Unrecognized key: \"workId\""
  }
]
    at HostBudgetLedgerRouter.register (file:///Users/seunghanee/Documents/secumon/runtime/dist/application/budget-work-ledgers.js:21:42)
    at file:///Users/seunghanee/Documents/secumon/runtime/[eval1]:6:8
    at ModuleJob.run (node:internal/modules/esm/module_job:561:25)
    at process.processTicksAndRejections (node:internal/process/task_queues:104:5)
    at async node:internal/modules/esm/loader:223:26
    at async ModuleLoader.executeModuleJob (node:internal/modules/esm/loader:220:20)
    at async asyncRunEntryPointWithESMLoader (node:internal/modules/run_main:101:5)

Node.js v24.20.0
