✖ budget compact entry: a real session summary charges only its sponsor once and an active separate grant survives task frames and reopen (4523.220292ms)
✔ budget compact entry: task working sets and reopen preserve a pending request before the same observed grant is increased and resumed (4008.448833ms)
✔ budget return entry: the first planned operation returns before source use before explicit fresh allocation across separate SQLite profiles (3982.052375ms)
✖ budget return entry: an unfinished task returns after one adopted original read before explicit fresh allocation across separate SQLite profiles (4106.545875ms)
✔ budget tools entry: observed recipient allocation and actual execution settle once across separate SQLite profiles without copying source or memory (2253.0075ms)
✔ budget tools entry: allocation permission alone executes nothing and the same owner addresses resume the original grant after reopen (1776.297292ms)
✔ budget tools entry: continued execution denial stops after the two declared attempts and preserves recipient escrow without new planning (1604.881167ms)
✔ budget tools entry: a recipient request exposes only numeric need and explicit increase preserves the sponsor limit before continuation (2925.51825ms)
✔ budget tools entry: a locally injected lost model reply retains unknown usage through revoke, repeated reconciliation and reopen (1895.268666ms)
✔ budget tools entry: an observed recipient cannot over-allocate the sponsor original hard limit or execute the unfunded pending child (1014.316209ms)
✔ SIGKILL after peer acceptance before caller ticket custody reuses the original recipient and settles one explicit resume (31228.144083ms)
✔ independent SQLite profiles consult in both directions; resident sessions follow each sender and internal replies do not copy work or memory (3080.792875ms)
✔ temporary peer consult uses a separate request context while the same receiving profile remains available afterward (2829.430625ms)
✔ tampering with a confirmed peer delivery session or agent cannot redirect the original delivery or append to another history (1119.521667ms)
✔ structured peer reviews retain separate contexts and cause caller reassessment followed by its own discriminating observation (3550.148542ms)
✔ compact and profile reopen preserve the first peer ticket and receiver budget; core.peer.resume never repeats receiver work (1810.957042ms)
ℹ tests 16
ℹ suites 0
ℹ pass 14
ℹ fail 2
ℹ cancelled 0
ℹ skipped 0
ℹ todo 0
ℹ duration_ms 40009.073583

✖ failing tests:

test at dist/tests/budget-compact-entry.test.js:69:1
✖ budget compact entry: a real session summary charges only its sponsor once and an active separate grant survives task frames and reopen (4523.220292ms)
  AssertionError [ERR_ASSERTION]: Expected values to be strictly deep-equal:
  + actual - expected
  ... Skipped lines
  
    {
      accounted: {
        modelCalls: 0,
        replans: 0,
        tokens: 0,
  ...
      childScope: 'agent:e188f58d-ed77-4d42-bda4-5cee2d09e64f',
  +   childStateRevision: 2,
  -   childStateRevision: null,
      childWorkId: 'delegated:c3f9fbb77e53d230a19e33ca21dc504747171c037090b13bb7063f89ee4ebe52',
      deadlineAt: 1788832730946,
      id: 'budget:a460554383912b7268c9834ea7e0c5ba391ce9d726483b8f517d1123269c5c2d',
      mandate: {
        attributes: {
  
      at TestContext.<anonymous> (file:///Users/seunghanee/Documents/secumon/runtime/dist/tests/budget-compact-entry.test.js:132:12)
      at async Test.run (node:internal/test_runner/test:1404:7)
      at async startSubtestAfterBootstrap (node:internal/test_runner/harness:387:3) {
    generatedMessage: true,
    code: 'ERR_ASSERTION',
    actual: { id: 'budget:a460554383912b7268c9834ea7e0c5ba391ce9d726483b8f517d1123269c5c2d', childWorkId: 'delegated:c3f9fbb77e53d230a19e33ca21dc504747171c037090b13bb7063f89ee4ebe52', parentGoalRevision: 1, childScope: 'agent:e188f58d-ed77-4d42-bda4-5cee2d09e64f', childAddress: { tenantId: 'company', principalId: 'same-operator', scope: 'agent:e188f58d-ed77-4d42-bda4-5cee2d09e64f', workId: 'delegated:c3f9fbb77e53d230a19e33ca21dc504747171c037090b13bb7063f89ee4ebe52' }, childPolicyDigest: '116c576313562325d59217a0251902c0f42a254b4eb4ecec725719319bf0a578', allocated: { toolCalls: 4, modelCalls: 3, tokens: 50000, replans: 3 }, deadlineAt: 1788832730946, status: 'active', accounted: { toolCalls: 0, modelCalls: 0, tokens: 0, replans: 0 }, reserved: { toolCalls: 0, modelCalls: 0, tokens: 0, replans: 0 }, unmeasuredModelCalls: 0, childStateRevision: 2, mandate: { provider: 'host-budget-ledger', referenceId: 'budget:a460554383912b7268c9834ea7e0c5ba391ce9d726483b8f517d1123269c5c2d', revision: 1, childGoalRevision: 1, attributes: [Object] } },
    expected: { id: 'budget:a460554383912b7268c9834ea7e0c5ba391ce9d726483b8f517d1123269c5c2d', childWorkId: 'delegated:c3f9fbb77e53d230a19e33ca21dc504747171c037090b13bb7063f89ee4ebe52', parentGoalRevision: 1, childScope: 'agent:e188f58d-ed77-4d42-bda4-5cee2d09e64f', childAddress: { tenantId: 'company', principalId: 'same-operator', scope: 'agent:e188f58d-ed77-4d42-bda4-5cee2d09e64f', workId: 'delegated:c3f9fbb77e53d230a19e33ca21dc504747171c037090b13bb7063f89ee4ebe52' }, childPolicyDigest: '116c576313562325d59217a0251902c0f42a254b4eb4ecec725719319bf0a578', allocated: { toolCalls: 4, modelCalls: 3, tokens: 50000, replans: 3 }, deadlineAt: 1788832730946, status: 'active', accounted: { toolCalls: 0, modelCalls: 0, tokens: 0, replans: 0 }, reserved: { toolCalls: 0, modelCalls: 0, tokens: 0, replans: 0 }, unmeasuredModelCalls: 0, childStateRevision: null, mandate: { provider: 'host-budget-ledger', referenceId: 'budget:a460554383912b7268c9834ea7e0c5ba391ce9d726483b8f517d1123269c5c2d', revision: 1, childGoalRevision: 1, attributes: [Object] } },
    operator: 'deepStrictEqual',
    diff: 'simple'
  }

test at dist/tests/budget-return-entry.test.js:55:5
✖ budget return entry: an unfinished task returns after one adopted original read before explicit fresh allocation across separate SQLite profiles (4106.545875ms)
  AssertionError [ERR_ASSERTION]: {"control":{"kind":"blocked","reason":"no_progress_limit"},"steps":1,"reason":"no_progress_limit","stateRevision":84,"goalRevision":1,"checkpoint":{"id":"f5c372f357a63be826f65d0b70dc2834c85818105971e5f0b7876e9e28fa0cd6","sha256":"98738181f75f437fce74a4c63ba95f6a5c51a25f21e74b85c3892dad2b36e6f7","byteLength":38118,"mediaType":"application/json","tenantId":"company","labels":["public"]},"resumeDisposition":"created"}
      at Object.through (file:///Users/seunghanee/Documents/secumon/runtime/dist/tests/budget-tools-entry-fixture.js:246:20)
      at async TestContext.<anonymous> (file:///Users/seunghanee/Documents/secumon/runtime/dist/tests/budget-return-entry.test.js:172:23)
      at async Test.run (node:internal/test_runner/test:1404:7)
      at async Test.processPendingSubtests (node:internal/test_runner/test:969:7) {
    generatedMessage: false,
    code: 'ERR_ASSERTION',
    actual: false,
    expected: true,
    operator: '==',
    diff: 'simple'
  }
