TAP version 13
# Subtest: full native mission reads acknowledge only their exact rule and retain original pages across reopen
ok 1 - full native mission reads acknowledge only their exact rule and retain original pages across reopen
  ---
  duration_ms: 1055.913875
  type: 'test'
  ...
# Subtest: partial mission output and an old-goal read cannot acknowledge unread current input
ok 2 - partial mission output and an old-goal read cannot acknowledge unread current input
  ---
  duration_ms: 802.260416
  type: 'test'
  ...
# Subtest: copied mission descriptors and a provider withdrawn during result reading cannot issue an acknowledgment
ok 3 - copied mission descriptors and a provider withdrawn during result reading cannot issue an acknowledgment
  ---
  duration_ms: 642.425375
  type: 'test'
  ...
# Subtest: verified mission completion closes its checkpoint and releases the claim while preserving the original page across reopen
ok 4 - verified mission completion closes its checkpoint and releases the claim while preserving the original page across reopen
  ---
  duration_ms: 1814.296084
  type: 'test'
  ...
# Subtest: a completion receipt corrupted after workflow return cannot release a mission claim or replace its original checkpoint
ok 5 - a completion receipt corrupted after workflow return cannot release a mission claim or replace its original checkpoint
  ---
  duration_ms: 1404.34625
  type: 'test'
  ...
# Subtest: mission registration is durable and requires the original checkpoint receipt and bytes after reopen
ok 6 - mission registration is durable and requires the original checkpoint receipt and bytes after reopen
  ---
  duration_ms: 113.186291
  type: 'test'
  ...
# Subtest: empty mission polls respect the fake clock and finite drive without model or tool activity
ok 7 - empty mission polls respect the fake clock and finite drive without model or tool activity
  ---
  duration_ms: 250.216792
  type: 'test'
  ...
# Subtest: a mission event wakes the actual workflow for an explicit original read without promoting the event body to evidence
ok 8 - a mission event wakes the actual workflow for an explicit original read without promoting the event body to evidence
  ---
  duration_ms: 293.770917
  type: 'test'
  ...
# Subtest: source failure preserves the cursor and original events, exact redelivery is deduplicated, and changed event bytes conflict
ok 9 - source failure preserves the cursor and original events, exact redelivery is deduplicated, and changed event bytes conflict
  ---
  duration_ms: 273.669916
  type: 'test'
  ...
# Subtest: an empty second mission rule does not suppress another rule event or its actual workflow read
ok 10 - an empty second mission rule does not suppress another rule event or its actual workflow read
  ---
  duration_ms: 316.687958
  type: 'test'
  ...
# Subtest: mission owner, narrowed source access and revoked host authority remain enforced across asynchronous reads
ok 11 - mission owner, narrowed source access and revoked host authority remain enforced across asynchronous reads
  ---
  duration_ms: 158.276125
  type: 'test'
  ...
# Subtest: goal and data generation changes retire mission input while retaining its historical originals
ok 12 - goal and data generation changes retire mission input while retaining its historical originals
  ---
  duration_ms: 293.212583
  type: 'test'
  ...
# Subtest: a durable mission claim excludes a second driver and caller abort reaches an in-flight source poll
ok 13 - a durable mission claim excludes a second driver and caller abort reaches an in-flight source poll
  ---
  duration_ms: 325.150834
  type: 'test'
  ...
# Subtest: tick and drive cancel noncooperative polls without a late event or failure checkpoint
ok 14 - tick and drive cancel noncooperative polls without a late event or failure checkpoint
  ---
  duration_ms: 172.844709
  type: 'test'
  ...
# Subtest: mission entry: the ordinary model tool loop reads a newly observed event and reports it without creating personal memory or evidence
ok 15 - mission entry: the ordinary model tool loop reads a newly observed event and reports it without creating personal memory or evidence
  ---
  duration_ms: 1608.771208
  type: 'test'
  ...
# Subtest: resident entry: event tasks share only their persistent conversation while the controller never executes
ok 16 - resident entry: event tasks share only their persistent conversation while the controller never executes
  ---
  duration_ms: 1447.038667
  type: 'test'
  ...
# Subtest: resident entry: independent directories and original event receipts survive reopen and reject changed redelivery
ok 17 - resident entry: independent directories and original event receipts survive reopen and reject changed redelivery
  ---
  duration_ms: 2529.12225
  type: 'test'
  ...
# Subtest: resident entry: accepted intake interrupted before its controller receipt reuses the same work after real compact and reopen
ok 18 - resident entry: accepted intake interrupted before its controller receipt reuses the same work after real compact and reopen
  ---
  duration_ms: 4026.732459
  type: 'test'
  ...
# Subtest: resident entry: a question remains explicitly resumable without repeated inference on an empty poll
ok 19 - resident entry: a question remains explicitly resumable without repeated inference on an empty poll
  ---
  duration_ms: 2795.479417
  type: 'test'
  ...
# Subtest: resident entry: stopping a gated poll preserves its controller and prevents late event intake or inference
ok 20 - resident entry: stopping a gated poll preserves its controller and prevents late event intake or inference
  ---
  duration_ms: 427.7695
  type: 'test'
  ...
1..20
# tests 20
# suites 0
# pass 20
# fail 0
# cancelled 0
# skipped 0
# todo 0
# duration_ms 15274.503042
