TAP version 13
# {"diagnostic":"retained_history_wait","control":{"kind":"wait","reason":"pending_obligation","wakeAt":null},"status":"waiting","reason":"pending_obligation","attempts":[{"taskId":"read-2","status":"succeeded","adopted":true}],"obligations":[{"id":"mission-wait","status":"satisfied","wakeKey":"mission"},{"id":"fixture-next-source-page","status":"pending","wakeKey":"fixture-source-page"}],"budget":{"toolCalls":1,"modelCalls":0,"tokens":0,"replans":0,"unmeasuredModelCalls":0},"progress":{"schemaVersion":1,"goalRevision":1,"policy":{"maxUnproductiveSteps":3,"maxRepeatedFailures":3,"retryWindowMs":30000,"backoffMs":100,"maxTrackedEntries":10000},"processed":["attempt:attempt-8:settled"],"knownKeys":["evidence:78bb16b49dd3ac6311fd5437418ef821c3a6faf83fcb8f2bae62c5d7b1efacca","obligation:e4ac65e0ca4830ae6b65f70e317111b5f9348c5af911bce226c8a8c3e48cc981"],"consecutiveUnproductive":0,"productiveSteps":1,"unproductiveSteps":0,"failures":[],"saturated":false}}
# {"diagnostic":"retained_history_wait","control":{"kind":"wait","reason":"pending_obligation","wakeAt":null},"status":"waiting","reason":"pending_obligation","attempts":[{"taskId":"read-2","status":"succeeded","adopted":true},{"taskId":"read-5","status":"succeeded","adopted":true}],"obligations":[{"id":"mission-wait","status":"satisfied","wakeKey":"mission"},{"id":"fixture-next-source-page","status":"pending","wakeKey":"fixture-source-page"}],"budget":{"toolCalls":2,"modelCalls":0,"tokens":0,"replans":1,"unmeasuredModelCalls":0},"progress":{"schemaVersion":1,"goalRevision":1,"policy":{"maxUnproductiveSteps":3,"maxRepeatedFailures":3,"retryWindowMs":30000,"backoffMs":100,"maxTrackedEntries":10000},"processed":["attempt:attempt-8:settled","attempt:attempt-14:settled"],"knownKeys":["evidence:78bb16b49dd3ac6311fd5437418ef821c3a6faf83fcb8f2bae62c5d7b1efacca","obligation:e4ac65e0ca4830ae6b65f70e317111b5f9348c5af911bce226c8a8c3e48cc981","obligation:70cac9fe51283278ca958ae603dabac1bb36b83db58bb368fd155a9ece89f015"],"consecutiveUnproductive":0,"productiveSteps":2,"unproductiveSteps":0,"failures":[],"saturated":false}}
# {"diagnostic":"retained_history_wait","control":{"kind":"wait","reason":"pending_obligation","wakeAt":null},"status":"waiting","reason":"pending_obligation","attempts":[{"taskId":"read-2","status":"succeeded","adopted":true},{"taskId":"read-5","status":"succeeded","adopted":true},{"taskId":"read-8","status":"succeeded","adopted":true}],"obligations":[{"id":"mission-wait","status":"satisfied","wakeKey":"mission"},{"id":"fixture-next-source-page","status":"pending","wakeKey":"fixture-source-page"}],"budget":{"toolCalls":3,"modelCalls":0,"tokens":0,"replans":2,"unmeasuredModelCalls":0},"progress":{"schemaVersion":1,"goalRevision":1,"policy":{"maxUnproductiveSteps":3,"maxRepeatedFailures":3,"retryWindowMs":30000,"backoffMs":100,"maxTrackedEntries":10000},"processed":["attempt:attempt-8:settled","attempt:attempt-14:settled","attempt:attempt-20:settled"],"knownKeys":["evidence:78bb16b49dd3ac6311fd5437418ef821c3a6faf83fcb8f2bae62c5d7b1efacca","obligation:e4ac65e0ca4830ae6b65f70e317111b5f9348c5af911bce226c8a8c3e48cc981","obligation:70cac9fe51283278ca958ae603dabac1bb36b83db58bb368fd155a9ece89f015"],"consecutiveUnproductive":1,"productiveSteps":2,"unproductiveSteps":1,"failures":[],"saturated":false}}
# {"diagnostic":"retained_history_wait","control":{"kind":"wait","reason":"pending_obligation","wakeAt":null},"status":"waiting","reason":"pending_obligation","attempts":[{"taskId":"read-2","status":"succeeded","adopted":true},{"taskId":"read-5","status":"succeeded","adopted":true},{"taskId":"read-8","status":"succeeded","adopted":true},{"taskId":"read-11","status":"succeeded","adopted":true}],"obligations":[{"id":"mission-wait","status":"satisfied","wakeKey":"mission"},{"id":"fixture-next-source-page","status":"pending","wakeKey":"fixture-source-page"}],"budget":{"toolCalls":4,"modelCalls":0,"tokens":0,"replans":3,"unmeasuredModelCalls":0},"progress":{"schemaVersion":1,"goalRevision":1,"policy":{"maxUnproductiveSteps":3,"maxRepeatedFailures":3,"retryWindowMs":30000,"backoffMs":100,"maxTrackedEntries":10000},"processed":["attempt:attempt-8:settled","attempt:attempt-14:settled","attempt:attempt-20:settled","attempt:attempt-26:settled"],"knownKeys":["evidence:78bb16b49dd3ac6311fd5437418ef821c3a6faf83fcb8f2bae62c5d7b1efacca","obligation:e4ac65e0ca4830ae6b65f70e317111b5f9348c5af911bce226c8a8c3e48cc981","obligation:70cac9fe51283278ca958ae603dabac1bb36b83db58bb368fd155a9ece89f015"],"consecutiveUnproductive":2,"productiveSteps":2,"unproductiveSteps":2,"failures":[],"saturated":false}}
# {"diagnostic":"retained_history_wait","control":{"kind":"wait","reason":"pending_obligation","wakeAt":null},"status":"waiting","reason":"pending_obligation","attempts":[{"taskId":"read-2","status":"succeeded","adopted":true},{"taskId":"read-5","status":"succeeded","adopted":true},{"taskId":"read-8","status":"succeeded","adopted":true},{"taskId":"read-11","status":"succeeded","adopted":true},{"taskId":"read-14","status":"succeeded","adopted":true}],"obligations":[{"id":"mission-wait","status":"satisfied","wakeKey":"mission"},{"id":"fixture-next-source-page","status":"pending","wakeKey":"fixture-source-page"}],"budget":{"toolCalls":5,"modelCalls":0,"tokens":0,"replans":4,"unmeasuredModelCalls":0},"progress":{"schemaVersion":1,"goalRevision":1,"policy":{"maxUnproductiveSteps":3,"maxRepeatedFailures":3,"retryWindowMs":30000,"backoffMs":100,"maxTrackedEntries":10000},"processed":["attempt:attempt-8:settled","attempt:attempt-14:settled","attempt:attempt-20:settled","attempt:attempt-26:settled","attempt:attempt-32:settled"],"knownKeys":["evidence:78bb16b49dd3ac6311fd5437418ef821c3a6faf83fcb8f2bae62c5d7b1efacca","obligation:e4ac65e0ca4830ae6b65f70e317111b5f9348c5af911bce226c8a8c3e48cc981","obligation:70cac9fe51283278ca958ae603dabac1bb36b83db58bb368fd155a9ece89f015"],"consecutiveUnproductive":3,"productiveSteps":2,"unproductiveSteps":3,"failures":[],"saturated":false}}
# {"diagnostic":"retained_history_wait","control":{"kind":"blocked","reason":"no_progress_limit"},"status":"blocked","reason":"no_progress_limit","attempts":[{"taskId":"read-2","status":"succeeded","adopted":true},{"taskId":"read-5","status":"succeeded","adopted":true},{"taskId":"read-8","status":"succeeded","adopted":true},{"taskId":"read-11","status":"succeeded","adopted":true},{"taskId":"read-14","status":"succeeded","adopted":true}],"obligations":[{"id":"mission-wait","status":"satisfied","wakeKey":"mission"},{"id":"fixture-next-source-page","status":"satisfied","wakeKey":"fixture-source-page"}],"budget":{"toolCalls":5,"modelCalls":0,"tokens":0,"replans":5,"unmeasuredModelCalls":0},"progress":{"schemaVersion":1,"goalRevision":1,"policy":{"maxUnproductiveSteps":3,"maxRepeatedFailures":3,"retryWindowMs":30000,"backoffMs":100,"maxTrackedEntries":10000},"processed":["attempt:attempt-8:settled","attempt:attempt-14:settled","attempt:attempt-20:settled","attempt:attempt-26:settled","attempt:attempt-32:settled"],"knownKeys":["evidence:78bb16b49dd3ac6311fd5437418ef821c3a6faf83fcb8f2bae62c5d7b1efacca","obligation:e4ac65e0ca4830ae6b65f70e317111b5f9348c5af911bce226c8a8c3e48cc981","obligation:70cac9fe51283278ca958ae603dabac1bb36b83db58bb368fd155a9ece89f015"],"consecutiveUnproductive":3,"productiveSteps":2,"unproductiveSteps":3,"failures":[],"saturated":false}}
# Subtest: mission seen history admits 544 same-goal originals through actual workflow pages and deduplicates the oldest page after reopen
not ok 1 - mission seen history admits 544 same-goal originals through actual workflow pages and deduplicates the oldest page after reopen
  ---
  duration_ms: 1065.138833
  type: 'test'
  location: '/Users/seunghanee/Documents/secumon/runtime/dist/tests/mission-seen-history.test.js:46:1'
  failureType: 'testCodeFailure'
  error: |-
    Expected values to be strictly equal:
    
    false !== true
    
  code: 'ERR_ASSERTION'
  name: 'AssertionError'
  expected: true
  actual: false
  operator: 'strictEqual'
  stack: |-
    TestContext.<anonymous> (file:///Users/seunghanee/Documents/secumon/runtime/dist/tests/mission-seen-history.test.js:99:16)
    async Test.run (node:internal/test_runner/test:1404:7)
    async startSubtestAfterBootstrap (node:internal/test_runner/harness:387:3)
  ...
1..1
# tests 1
# suites 0
# pass 0
# fail 1
# cancelled 0
# skipped 0
# todo 0
# duration_ms 1169.470208
