TAP version 13
# Subtest: full native mission reads acknowledge only their exact rule and retain original pages across reopen
ok 1 - full native mission reads acknowledge only their exact rule and retain original pages across reopen
  ---
  duration_ms: 1028.849833
  type: 'test'
  ...
# Subtest: copied mission descriptors and a provider withdrawn during result reading cannot issue an acknowledgment
ok 2 - copied mission descriptors and a provider withdrawn during result reading cannot issue an acknowledgment
  ---
  duration_ms: 526.762458
  type: 'test'
  ...
# Subtest: mission entry: the ordinary model tool loop reads a newly observed event and reports it without creating personal memory or evidence
not ok 3 - mission entry: the ordinary model tool loop reads a newly observed event and reports it without creating personal memory or evidence
  ---
  duration_ms: 1567.332792
  type: 'test'
  location: '/Users/seunghanee/Documents/secumon/runtime/dist/tests/resident-missions-entry.test.js:4:1'
  failureType: 'testCodeFailure'
  error: 'mission_state_changed'
  code: 'ERR_TEST_FAILURE'
  stack: |-
    changed (file:///Users/seunghanee/Documents/secumon/runtime/dist/application/mission-runtime.js:20:28)
    MissionRuntime.read (file:///Users/seunghanee/Documents/secumon/runtime/dist/application/mission-runtime.js:103:13)
    async Object.onStep (file:///Users/seunghanee/Documents/secumon/runtime/dist/application/mission-runtime.js:439:109)
    async WorkflowRuntime.run (file:///Users/seunghanee/Documents/secumon/runtime/dist/application/workflow-runtime.js:170:13)
    async MissionRuntime.tick (file:///Users/seunghanee/Documents/secumon/runtime/dist/application/mission-runtime.js:449:32)
    async TestContext.<anonymous> (file:///Users/seunghanee/Documents/secumon/runtime/dist/tests/resident-missions-entry.test.js:14:5)
    async Test.run (node:internal/test_runner/test:1404:7)
    async startSubtestAfterBootstrap (node:internal/test_runner/harness:387:3)
  ...
1..3
# tests 3
# suites 0
# pass 2
# fail 1
# cancelled 0
# skipped 0
# todo 0
# duration_ms 1695.102416
