TAP version 13
# Subtest: agent CLI shared options preserve route defaults and standalone work selection
ok 1 - agent CLI shared options preserve route defaults and standalone work selection
  ---
  duration_ms: 0.62175
  type: 'test'
  ...
# Subtest: agent launcher selects ordinary routes with the same directory option and last duplicate
ok 2 - agent launcher selects ordinary routes with the same directory option and last duplicate
  ---
  duration_ms: 0.646875
  type: 'test'
  ...
# Subtest: agent launcher uses parsed values rather than option-shaped text and token scanning
ok 3 - agent launcher uses parsed values rather than option-shaped text and token scanning
  ---
  duration_ms: 0.264666
  type: 'test'
  ...
# Subtest: agent launcher preserves option terminators and the CLI first-token route boundary
ok 4 - agent launcher preserves option terminators and the CLI first-token route boundary
  ---
  duration_ms: 0.116375
  type: 'test'
  ...
# Subtest: agent launcher leaves bootstrap management and invalid parsers to the existing CLI
ok 5 - agent launcher leaves bootstrap management and invalid parsers to the existing CLI
  ---
  duration_ms: 0.21975
  type: 'test'
  ...
# Subtest: agent launcher does not adopt a standalone data directory as an agent root
ok 6 - agent launcher does not adopt a standalone data directory as an agent root
  ---
  duration_ms: 0.097625
  type: 'test'
  ...
# Subtest: one unchanged CLI entry selects each agent pinned registered engine, preserves the saved work on resume and refuses unregistered or modified installations
ok 7 - one unchanged CLI entry selects each agent pinned registered engine, preserves the saved work on resume and refuses unregistered or modified installations
  ---
  duration_ms: 95080.372
  type: 'test'
  ...
# Subtest: native HTTP general intake acknowledges without inference; explicit execution, reconnect and same-session follow-up preserve the real answer
ok 8 - native HTTP general intake acknowledges without inference; explicit execution, reconnect and same-session follow-up preserve the real answer
  ---
  duration_ms: 924.036375
  type: 'test'
  ...
# Subtest: native HTTP reading request uses the real task executor once and projects its generated evidence-backed answer
ok 9 - native HTTP reading request uses the real task executor once and projects its generated evidence-backed answer
  ---
  duration_ms: 570.760667
  type: 'test'
  ...
# Subtest: native HTTP question, explicit original clarification and run resume the same work without pretending the question completed it
ok 10 - native HTTP question, explicit original clarification and run resume the same work without pretending the question completed it
  ---
  duration_ms: 589.151083
  type: 'test'
  ...
# Subtest: native HTTP another selected conversation cannot read or run a work from the original session
ok 11 - native HTTP another selected conversation cannot read or run a work from the original session
  ---
  duration_ms: 198.466583
  type: 'test'
  ...
# Subtest: native HTTP general requests retain strict actor/policy/scenario rejection and the existing CSRF gate
ok 12 - native HTTP general requests retain strict actor/policy/scenario rejection and the existing CSRF gate
  ---
  duration_ms: 188.317333
  type: 'test'
  ...
# Subtest: native HTTP explicit goal replacement supersedes an old question, acknowledges without inference, then executes the new goal once
ok 13 - native HTTP explicit goal replacement supersedes an old question, acknowledges without inference, then executes the new goal once
  ---
  duration_ms: 770.1825
  type: 'test'
  ...
# Subtest: native HTTP general goal editor rejects stale inputs and authority injection while preserving received rejection originals
ok 14 - native HTTP general goal editor rejects stale inputs and authority injection while preserving received rejection originals
  ---
  duration_ms: 210.765584
  type: 'test'
  ...
# Subtest: native HTTP command identity survives goal-intent interruption, rejects run collisions and retains legacy session retries
ok 15 - native HTTP command identity survives goal-intent interruption, rejects run collisions and retains legacy session retries
  ---
  duration_ms: 600.494041
  type: 'test'
  ...
# Subtest: native HTTP run and goal from separate coordinators race on one durable command receipt
ok 16 - native HTTP run and goal from separate coordinators race on one durable command receipt
  ---
  duration_ms: 440.343459
  type: 'test'
  ...
# Subtest: web session is one-time, per-instance, HttpOnly; reload and static reads never execute
ok 17 - web session is one-time, per-instance, HttpOnly; reload and static reads never execute
  ---
  duration_ms: 26.51375
  type: 'test'
  ...
# Subtest: web Host, Origin, Fetch Metadata, CSRF and strict JSON reject before controller entry
ok 18 - web Host, Origin, Fetch Metadata, CSRF and strict JSON reject before controller entry
  ---
  duration_ms: 12.0855
  type: 'test'
  ...
# Subtest: web exact assets, methods and cursor options do not expose files or internal errors
ok 19 - web exact assets, methods and cursor options do not expose files or internal errors
  ---
  duration_ms: 14.863292
  type: 'test'
  ...
# Subtest: web session expiry during body blocks mutation entry, logout blocks late view payload
ok 20 - web session expiry during body blocks mutation entry, logout blocks late view payload
  ---
  duration_ms: 27.393125
  type: 'test'
  ...
# Subtest: web bootstrap expires and authenticated request rate has a finite window
ok 21 - web bootstrap expires and authenticated request rate has a finite window
  ---
  duration_ms: 388.436791
  type: 'test'
  ...
# Subtest: web SSE emits projection changes at same revision, reconnect is readonly, denial closes
ok 22 - web SSE emits projection changes at same revision, reconnect is readonly, denial closes
  ---
  duration_ms: 3043.277333
  type: 'test'
  ...
# Subtest: web SSE session revocation, stream cap and lifetime release resources
ok 23 - web SSE session revocation, stream cap and lifetime release resources
  ---
  duration_ms: 43.551084
  type: 'test'
  ...
# Subtest: closed SSE keeps physical read slots until completion; reconnect cannot create unbounded reads
ok 24 - closed SSE keeps physical read slots until completion; reconnect cannot create unbounded reads
  ---
  duration_ms: 387.981708
  type: 'test'
  ...
# Subtest: web pending run permits independent cancel and disconnect does not call cancel
ok 25 - web pending run permits independent cancel and disconnect does not call cancel
  ---
  duration_ms: 22.565458
  type: 'test'
  ...
1..25
# tests 25
# suites 0
# pass 25
# fail 0
# cancelled 0
# skipped 0
# todo 0
# duration_ms 103955.520291
