TAP version 13
# Subtest: collaboration evaluation: both arms must use the same fixture, mode and oracle; participant agreement cannot replace original truth
ok 1 - collaboration evaluation: both arms must use the same fixture, mode and oracle; participant agreement cannot replace original truth
  ---
  duration_ms: 4.408584
  type: 'test'
  ...
# Subtest: collaboration evaluation: original local usage is summed once without recounting sponsor grant snapshots
ok 2 - collaboration evaluation: original local usage is summed once without recounting sponsor grant snapshots
  ---
  duration_ms: 1.033708
  type: 'test'
  ...
# Subtest: collaboration evaluation: owner and scope separate equal work IDs; duplicate or conflicting snapshots are not extra participants
not ok 3 - collaboration evaluation: owner and scope separate equal work IDs; duplicate or conflicting snapshots are not extra participants
  ---
  duration_ms: 1.067417
  type: 'test'
  location: '/Users/seunghanee/Documents/secumon/runtime/dist/tests/collaboration-evaluation.test.js:97:1'
  failureType: 'testCodeFailure'
  error: 'Missing expected exception: pending-history'
  code: 'ERR_ASSERTION'
  name: 'AssertionError'
  expected:
  operator: 'throws'
  stack: |-
    TestContext.<anonymous> (file:///Users/seunghanee/Documents/secumon/runtime/dist/tests/collaboration-evaluation.test.js:119:16)
    Test.runInAsyncScope (node:async_hooks:227:14)
    Test.run (node:internal/test_runner/test:1397:25)
    Test.processPendingSubtests (node:internal/test_runner/test:969:18)
    Test.postRun (node:internal/test_runner/test:1537:19)
    Test.run (node:internal/test_runner/test:1462:12)
    async Test.processPendingSubtests (node:internal/test_runner/test:969:7)
  ...
# Subtest: collaboration evaluation: an incomplete inventory, unfinished operation or unknown usage withholds cost comparability
ok 4 - collaboration evaluation: an incomplete inventory, unfinished operation or unknown usage withholds cost comparability
  ---
  duration_ms: 0.54725
  type: 'test'
  ...
# Subtest: collaboration evaluation: invalid or overflowing participant usage is rejected instead of producing a numeric cost comparison
ok 5 - collaboration evaluation: invalid or overflowing participant usage is rejected instead of producing a numeric cost comparison
  ---
  duration_ms: 0.403834
  type: 'test'
  ...
# Subtest: collaboration evaluation: the optional runner executes each arm once and stops at every abort boundary
ok 6 - collaboration evaluation: the optional runner executes each arm once and stops at every abort boundary
  ---
  duration_ms: 0.315416
  type: 'test'
  ...
# Subtest: mission registration: off never selects the host and on requires explicit registration without starting work
ok 7 - mission registration: off never selects the host and on requires explicit registration without starting work
  ---
  duration_ms: 327.43675
  type: 'test'
  ...
# Subtest: mission registration: enabled read-only events tool checks the current invocation identity policy and authority
not ok 8 - mission registration: enabled read-only events tool checks the current invocation identity policy and authority
  ---
  duration_ms: 282.609625
  type: 'test'
  location: '/Users/seunghanee/Documents/secumon/runtime/dist/tests/host-missions-registration.test.js:29:1'
  failureType: 'testCodeFailure'
  error: |-
    Expected values to be strictly deep-equal:
    + actual - expected
    
      [
    +   'fulfilled',
    +   'fulfilled',
        'rejected',
    +   'fulfilled',
    +   'fulfilled'
    -   'rejected',
    -   'rejected',
    -   'rejected',
    -   'rejected'
      ]
    
  code: 'ERR_ASSERTION'
  name: 'AssertionError'
  expected:
    0: 'rejected'
    1: 'rejected'
    2: 'rejected'
    3: 'rejected'
    4: 'rejected'
  actual:
    0: 'fulfilled'
    1: 'fulfilled'
    2: 'rejected'
    3: 'fulfilled'
    4: 'fulfilled'
  operator: 'deepStrictEqual'
  stack: |-
    TestContext.<anonymous> (file:///Users/seunghanee/Documents/secumon/runtime/dist/tests/host-missions-registration.test.js:48:12)
    async Test.run (node:internal/test_runner/test:1404:7)
    async Test.processPendingSubtests (node:internal/test_runner/test:969:7)
  ...
# Subtest: mission registration: source metadata callback receivers assembly and scheduled options are captured without merging stores
ok 9 - mission registration: source metadata callback receivers assembly and scheduled options are captured without merging stores
  ---
  duration_ms: 292.540209
  type: 'test'
  ...
# Subtest: mission registration: raw exported sources enforce current authorization and caller cancellation before invoking the host
not ok 10 - mission registration: raw exported sources enforce current authorization and caller cancellation before invoking the host
  ---
  duration_ms: 299.819583
  type: 'test'
  location: '/Users/seunghanee/Documents/secumon/runtime/dist/tests/host-missions-registration.test.js:100:1'
  failureType: 'testCodeFailure'
  error: |-
    Expected values to be strictly deep-equal:
    + actual - expected
    
      [
    +   'fulfilled',
    +   'fulfilled'
    -   'rejected',
    -   'rejected'
      ]
    
  code: 'ERR_ASSERTION'
  name: 'AssertionError'
  expected:
    0: 'rejected'
    1: 'rejected'
  actual:
    0: 'fulfilled'
    1: 'fulfilled'
  operator: 'deepStrictEqual'
  stack: |-
    TestContext.<anonymous> (file:///Users/seunghanee/Documents/secumon/runtime/dist/tests/host-missions-registration.test.js:109:12)
    async Test.run (node:internal/test_runner/test:1404:7)
    async Test.processPendingSubtests (node:internal/test_runner/test:969:7)
  ...
# Subtest: mission registration: closing rejects retained raw sources and tools plus late in-flight results and closes one lease
not ok 11 - mission registration: closing rejects retained raw sources and tools plus late in-flight results and closes one lease
  ---
  duration_ms: 304.625208
  type: 'test'
  location: '/Users/seunghanee/Documents/secumon/runtime/dist/tests/host-missions-registration.test.js:114:1'
  failureType: 'testCodeFailure'
  error: |-
    The expression evaluated to a falsy value:
    
      assert.ok('error' in pollResult)
    
  code: 'ERR_ASSERTION'
  name: 'AssertionError'
  expected: true
  actual: false
  operator: '=='
  stack: |-
    TestContext.<anonymous> (file:///Users/seunghanee/Documents/secumon/runtime/dist/tests/host-missions-registration.test.js:132:16)
    async Test.run (node:internal/test_runner/test:1404:7)
    async Test.processPendingSubtests (node:internal/test_runner/test:969:7)
  ...
# Subtest: mission registration: duplicate sources failed opens and interrupted registration preserve errors and clean acquired leases
ok 12 - mission registration: duplicate sources failed opens and interrupted registration preserve errors and clean acquired leases
  ---
  duration_ms: 302.325125
  type: 'test'
  ...
# Subtest: mission registration is durable and requires the original checkpoint receipt and bytes after reopen
ok 13 - mission registration is durable and requires the original checkpoint receipt and bytes after reopen
  ---
  duration_ms: 126.126958
  type: 'test'
  ...
# Subtest: empty mission polls respect the fake clock and finite drive without model or tool activity
ok 14 - empty mission polls respect the fake clock and finite drive without model or tool activity
  ---
  duration_ms: 246.347042
  type: 'test'
  ...
# Subtest: a mission event wakes the actual workflow for an explicit original read without promoting the event body to evidence
ok 15 - a mission event wakes the actual workflow for an explicit original read without promoting the event body to evidence
  ---
  duration_ms: 338.827083
  type: 'test'
  ...
# Subtest: source failure preserves the cursor and original events, exact redelivery is deduplicated, and changed event bytes conflict
ok 16 - source failure preserves the cursor and original events, exact redelivery is deduplicated, and changed event bytes conflict
  ---
  duration_ms: 303.716083
  type: 'test'
  ...
# Subtest: an empty second mission rule does not suppress another rule event or its actual workflow read
ok 17 - an empty second mission rule does not suppress another rule event or its actual workflow read
  ---
  duration_ms: 353.392791
  type: 'test'
  ...
# Subtest: mission owner, narrowed source access and revoked host authority remain enforced across asynchronous reads
ok 18 - mission owner, narrowed source access and revoked host authority remain enforced across asynchronous reads
  ---
  duration_ms: 158.561375
  type: 'test'
  ...
# Subtest: goal and data generation changes retire mission input while retaining its historical originals
ok 19 - goal and data generation changes retire mission input while retaining its historical originals
  ---
  duration_ms: 269.010625
  type: 'test'
  ...
# Subtest: a durable mission claim excludes a second driver and caller abort reaches an in-flight source poll
not ok 20 - a durable mission claim excludes a second driver and caller abort reaches an in-flight source poll
  ---
  duration_ms: 465.242208
  type: 'test'
  location: '/Users/seunghanee/Documents/secumon/runtime/dist/tests/mission-runtime.test.js:212:1'
  failureType: 'testCodeFailure'
  error: 'mission_fixture_deadline'
  code: 'ERR_TEST_FAILURE'
  stack: |-
    Timeout.<anonymous> (file:///Users/seunghanee/Documents/secumon/runtime/dist/tests/mission-runtime-fixture.js:27:106)
    listOnTimeout (node:internal/timers:685:17)
    process.processTimers (node:internal/timers:618:7)
  ...
# Subtest: mission sources: a schedule emits only the latest due event with skipped intervals and stays empty on repeat or reopen
ok 21 - mission sources: a schedule emits only the latest due event with skipped intervals and stays empty on repeat or reopen
  ---
  duration_ms: 1.359667
  type: 'test'
  ...
# Subtest: mission sources: schedule options resource binding and current authorization reject invalid polls without a wake event
ok 22 - mission sources: schedule options resource binding and current authorization reject invalid polls without a wake event
  ---
  duration_ms: 0.5955
  type: 'test'
  ...
# Subtest: mission sources: observation snapshots preserve full originals while equal content repeats are empty and changed bodies or versions emit once
ok 23 - mission sources: observation snapshots preserve full originals while equal content repeats are empty and changed bodies or versions emit once
  ---
  duration_ms: 1.0505
  type: 'test'
  ...
# Subtest: mission sources: observation reads require the bound resource and current authority both before and after a delayed original
ok 24 - mission sources: observation reads require the bound resource and current authority both before and after a delayed original
  ---
  duration_ms: 0.335375
  type: 'test'
  ...
# Subtest: mission sources: A2A replies retain source task request identity and whole reply snapshots while equal polls emit nothing
ok 25 - mission sources: A2A replies retain source task request identity and whole reply snapshots while equal polls emit nothing
  ---
  duration_ms: 0.291625
  type: 'test'
  ...
# Subtest: mission entry: the ordinary model tool loop reads a newly observed event and reports it without creating personal memory or evidence
not ok 26 - mission entry: the ordinary model tool loop reads a newly observed event and reports it without creating personal memory or evidence
  ---
  duration_ms: 947.209
  type: 'test'
  location: '/Users/seunghanee/Documents/secumon/runtime/dist/tests/resident-missions-entry.test.js:4:1'
  failureType: 'testCodeFailure'
  error: |-
    {"status":"blocked","reason":"no_progress_limit","progress":{"schemaVersion":1,"goalRevision":1,"policy":{"maxUnproductiveSteps":3,"maxRepeatedFailures":3,"retryWindowMs":30000,"backoffMs":100,"maxTrackedEntries":10000},"processed":["model:model-ed9c735a-d842-40e9-b807-b4b45c8bda74:settled","attempt:attempt-e13b15e3-d334-419d-bde2-d7212c2522ae:settled","model:model-10616e71-90be-4308-a04a-5d73a24c3d5e:settled","attempt:attempt-a83dc782-9197-4b11-8d3c-117180af107c:settled"],"knownKeys":["obligation:acd7c494b7a907456115c907b8ff5492abe14688e35c01269ceea43c823241fc"],"consecutiveUnproductive":3,"productiveSteps":1,"unproductiveSteps":3,"failures":[],"saturated":false}}
    + actual - expected
    
    + 'blocked'
    - 'completed'
    
  code: 'ERR_ASSERTION'
  name: 'AssertionError'
  expected: 'completed'
  actual: 'blocked'
  operator: 'strictEqual'
  stack: |-
    TestContext.<anonymous> (file:///Users/seunghanee/Documents/secumon/runtime/dist/tests/resident-missions-entry.test.js:16:12)
    async Test.run (node:internal/test_runner/test:1404:7)
    async startSubtestAfterBootstrap (node:internal/test_runner/harness:387:3)
  ...
# Subtest: resident entry: event tasks share only their persistent conversation while the controller never executes
ok 27 - resident entry: event tasks share only their persistent conversation while the controller never executes
  ---
  duration_ms: 1044.09025
  type: 'test'
  ...
# Subtest: resident entry: independent directories and original event receipts survive reopen and reject changed redelivery
ok 28 - resident entry: independent directories and original event receipts survive reopen and reject changed redelivery
  ---
  duration_ms: 2467.767833
  type: 'test'
  ...
# Subtest: resident entry: accepted intake interrupted before its controller receipt reuses the same work after real compact and reopen
ok 29 - resident entry: accepted intake interrupted before its controller receipt reuses the same work after real compact and reopen
  ---
  duration_ms: 3963.801083
  type: 'test'
  ...
# Subtest: resident entry: a question remains explicitly resumable without repeated inference on an empty poll
ok 30 - resident entry: a question remains explicitly resumable without repeated inference on an empty poll
  ---
  duration_ms: 2800.542583
  type: 'test'
  ...
# Subtest: resident entry: stopping a gated poll preserves its controller and prevents late event intake or inference
ok 31 - resident entry: stopping a gated poll preserves its controller and prevents late event intake or inference
  ---
  duration_ms: 418.125041
  type: 'test'
  ...
1..31
# tests 31
# suites 0
# pass 25
# fail 6
# cancelled 0
# skipped 0
# todo 0
# duration_ms 13829.529792
