TAP version 13
# Subtest: sqlite: native mission CLI controls only the resident and replays an old pause without changing a newer resume
ok 1 - sqlite: native mission CLI controls only the resident and replays an old pause without changing a newer resume
  ---
  duration_ms: 2024.396375
  type: 'test'
  ...
# Subtest: file-journal: native mission CLI controls only the resident and replays an old pause without changing a newer resume
ok 2 - file-journal: native mission CLI controls only the resident and replays an old pause without changing a newer resume
  ---
  duration_ms: 2016.44275
  type: 'test'
  ...
# Subtest: native mission CLI reports stale commands, payload conflicts, foreign selection and disabled registration without changing the controller
ok 3 - native mission CLI reports stale commands, payload conflicts, foreign selection and disabled registration without changing the controller
  ---
  duration_ms: 2372.984208
  type: 'test'
  ...
# Subtest: mission CLI validates options before profile access and launches an existing selected engine without preparing a new agent
ok 4 - mission CLI validates options before profile access and launches an existing selected engine without preparing a new agent
  ---
  duration_ms: 1.401583
  type: 'test'
  ...
# Subtest: resident controls: pause persists pending events across reopen, resume uses the same session, and stop cannot be resumed
ok 5 - resident controls: pause persists pending events across reopen, resume uses the same session, and stop cannot be resumed
  ---
  duration_ms: 1600.090292
  type: 'test'
  ...
# Subtest: resident controls: an explicitly changed goal after original intake is detached without automatic execution and remains explicitly resumable
ok 6 - resident controls: an explicitly changed goal after original intake is detached without automatic execution and remains explicitly resumable
  ---
  duration_ms: 1768.4155
  type: 'test'
  ...
# Subtest: resident controls: explicitly paused or cancelled accepted event work is not reexecuted while the next event remains independent
ok 7 - resident controls: explicitly paused or cancelled accepted event work is not reexecuted while the next event remains independent
  ---
  duration_ms: 3515.171917
  type: 'test'
  ...
# Subtest: resident controls: pause during a gated source poll rejects its late page and resume reads the same cursor once
ok 8 - resident controls: pause during a gated source poll rejects its late page and resume reads the same cursor once
  ---
  duration_ms: 761.573916
  type: 'test'
  ...
# Subtest: resident controls: an actual goal change during workflow stops automatic continuation until an explicit user resume
ok 9 - resident controls: an actual goal change during workflow stops automatic continuation until an explicit user resume
  ---
  duration_ms: 836.590917
  type: 'test'
  ...
1..9
# tests 9
# suites 0
# pass 9
# fail 0
# cancelled 0
# skipped 0
# todo 0
# duration_ms 15136.272709
