TAP version 13
# Subtest: A2A entry: model send returns only an acknowledgement, explicit receiver execution precedes model get and an unverified local report
not ok 1 - A2A entry: model send returns only an acknowledgement, explicit receiver execution precedes model get and an unverified local report
  ---
  duration_ms: 1494.257167
  type: 'test'
  location: '/Users/seunghanee/Documents/secumon/runtime/dist/tests/a2a-entry.test.js:24:1'
  failureType: 'testCodeFailure'
  error: '{"run":{"control":{"kind":"blocked","reason":"no_progress_limit"},"steps":1,"reason":"no_progress_limit","stateRevision":17,"goalRevision":1,"checkpoint":{"id":"b3983aa915cc96d4b1c0b76b62ba107fd3feb633de35dfbc22234dcf5af9f45c","sha256":"6c91f627dde9862c2db3a5d58a22f5dda049af0797493268a9bcbde5e2c833fa","byteLength":13062,"mediaType":"application/json","tenantId":"a2a-entry-company","labels":["public"]},"resumeDisposition":"created"},"progress":{"schemaVersion":1,"goalRevision":1,"policy":{"maxUnproductiveSteps":3,"maxRepeatedFailures":3,"retryWindowMs":30000,"backoffMs":100,"maxTrackedEntries":10000},"processed":["model:model-23cef635-a0cf-4f1f-921a-566ce988d351:settled","attempt:attempt-fb66e7d6-cbf5-42b6-928e-7f7665f8c3a1:settled","model:model-43ffaa87-c5b8-4a6e-9749-a303f06f7718:settled"],"knownKeys":[],"consecutiveUnproductive":3,"productiveSteps":0,"unproductiveSteps":3,"failures":[],"saturated":false},"calls":[{"status":"accepted","reason":"plan","outcome":"ok"},{"status":"accepted","reason":"plan","outcome":"ok"}],"attempts":[{"toolId":"remote-agent.send","status":"succeeded","error":null}]}'
  code: 'ERR_ASSERTION'
  name: 'AssertionError'
  operator: 'fail'
  stack: |-
    Object.through (file:///Users/seunghanee/Documents/secumon/runtime/dist/tests/a2a-entry-fixture.js:152:28)
    async TestContext.<anonymous> (file:///Users/seunghanee/Documents/secumon/runtime/dist/tests/a2a-entry.test.js:53:17)
    async Test.run (node:internal/test_runner/test:1404:7)
    async startSubtestAfterBootstrap (node:internal/test_runner/harness:387:3)
  ...
# Subtest: A2A entry: original message identity survives retransmission while callers and independently stored agents remain isolated
ok 2 - A2A entry: original message identity survives retransmission while callers and independently stored agents remain isolated
  ---
  duration_ms: 545.551041
  type: 'test'
  ...
# Subtest: A2A entry: a delivered question and its original answer command survive reopen, and cancellation does not execute a waiting task
ok 3 - A2A entry: a delivered question and its original answer command survive reopen, and cancellation does not execute a waiting task
  ---
  duration_ms: 1301.451875
  type: 'test'
  ...
# Subtest: A2A entry: a lost send acknowledgement leaves the local write unknown and preserves the once accepted remote task without replay
ok 4 - A2A entry: a lost send acknowledgement leaves the local write unknown and preserves the once accepted remote task without replay
  ---
  duration_ms: 1138.095125
  type: 'test'
  ...
# Subtest: A2A entry: closing a receiver handler interrupts and drains its accepted model call and refuses retained entry points
ok 5 - A2A entry: closing a receiver handler interrupts and drains its accepted model call and refuses retained entry points
  ---
  duration_ms: 767.139708
  type: 'test'
  ...
# Subtest: A2A text/data SendMessage, GetTask and CancelTask preserve originals and fixed host routing without discovery
ok 6 - A2A text/data SendMessage, GetTask and CancelTask preserve originals and fixed host routing without discovery
  ---
  duration_ms: 16.899416
  type: 'test'
  ...
# Subtest: A2A concurrent requests keep their own RPC identity when replies complete in reverse order
ok 7 - A2A concurrent requests keep their own RPC identity when replies complete in reverse order
  ---
  duration_ms: 0.785
  type: 'test'
  ...
# Subtest: A2A invalid input, unsupported file parts and oversized request bytes fail before authorization or fetch
ok 8 - A2A invalid input, unsupported file parts and oversized request bytes fail before authorization or fetch
  ---
  duration_ms: 0.801292
  type: 'test'
  ...
# Subtest: A2A construction rejects unsafe endpoint and reserved protocol headers without invoking fetch
ok 9 - A2A construction rejects unsafe endpoint and reserved protocol headers without invoking fetch
  ---
  duration_ms: 0.2505
  type: 'test'
  ...
# Subtest: A2A rejects HTTP errors and unsupported content types, cancelling unread bodies
ok 10 - A2A rejects HTTP errors and unsupported content types, cancelling unread bodies
  ---
  duration_ms: 1.028
  type: 'test'
  ...
# Subtest: A2A mismatched response IDs, batch envelopes and file-part results are not accepted as task replies
ok 11 - A2A mismatched response IDs, batch envelopes and file-part results are not accepted as task replies
  ---
  duration_ms: 0.916541
  type: 'test'
  ...
# Subtest: A2A GetTask and CancelTask reject another task even with a matching RPC envelope
ok 12 - A2A GetTask and CancelTask reject another task even with a matching RPC envelope
  ---
  duration_ms: 0.578
  type: 'test'
  ...
# Subtest: A2A JSON-RPC errors preserve code and original error data without an automatic retry
ok 13 - A2A JSON-RPC errors preserve code and original error data without an automatic retry
  ---
  duration_ms: 1.212916
  type: 'test'
  ...
# Subtest: A2A response size counts cumulative UTF-8 bytes and rejects malformed UTF-8 without retaining a reader lock
ok 14 - A2A response size counts cumulative UTF-8 bytes and rejects malformed UTF-8 without retaining a reader lock
  ---
  duration_ms: 0.544792
  type: 'test'
  ...
# Subtest: A2A pre-aborted, permission-denied and already-closed requests never enter fetch
ok 15 - A2A pre-aborted, permission-denied and already-closed requests never enter fetch
  ---
  duration_ms: 0.43225
  type: 'test'
  ...
# Subtest: A2A cancellation while host authorization is pending is checked again before dispatch
ok 16 - A2A cancellation while host authorization is pending is checked again before dispatch
  ---
  duration_ms: 0.214709
  type: 'test'
  ...
# Subtest: A2A late fetch resolution after caller cancellation is discarded and its body is cancelled without retry
ok 17 - A2A late fetch resolution after caller cancellation is discarded and its body is cancelled without retry
  ---
  duration_ms: 0.254333
  type: 'test'
  ...
# Subtest: A2A abort interrupts a pending response-body read and releases it without another request
ok 18 - A2A abort interrupts a pending response-body read and releases it without another request
  ---
  duration_ms: 0.278833
  type: 'test'
  ...
# Subtest: A2A close interrupts a pending response-body read and releases it without another request
ok 19 - A2A close interrupts a pending response-body read and releases it without another request
  ---
  duration_ms: 0.183583
  type: 'test'
  ...
# Subtest: A2A timeout interrupts a pending response-body read and releases it without another request
ok 20 - A2A timeout interrupts a pending response-body read and releases it without another request
  ---
  duration_ms: 51.350583
  type: 'test'
  ...
# Subtest: A2A send loss and body-reader failure preserve the first error and perform no automatic retransmission
ok 21 - A2A send loss and body-reader failure preserve the first error and perform no automatic retransmission
  ---
  duration_ms: 0.8105
  type: 'test'
  ...
# Subtest: A2A close bounds a fetch that ignores cancellation, disposes its eventual body and preserves an already returned ACK
ok 22 - A2A close bounds a fetch that ignores cancellation, disposes its eventual body and preserves an already returned ACK
  ---
  duration_ms: 0.599791
  type: 'test'
  ...
# Subtest: A2A cancellation retains the original reason when ignored fetch later rejects or stream cancellation fails
ok 23 - A2A cancellation retains the original reason when ignored fetch later rejects or stream cancellation fails
  ---
  duration_ms: 0.720833
  type: 'test'
  ...
# Subtest: budget tools entry: observed recipient allocation and actual execution settle once across separate SQLite profiles without copying source or memory
ok 24 - budget tools entry: observed recipient allocation and actual execution settle once across separate SQLite profiles without copying source or memory
  ---
  duration_ms: 2642.073083
  type: 'test'
  ...
# Subtest: budget tools entry: allocation permission alone executes nothing and the same owner addresses resume the original grant after reopen
ok 25 - budget tools entry: allocation permission alone executes nothing and the same owner addresses resume the original grant after reopen
  ---
  duration_ms: 2374.579583
  type: 'test'
  ...
# Subtest: budget tools entry: continued execution denial stops after the two declared attempts and preserves recipient escrow without new planning
ok 26 - budget tools entry: continued execution denial stops after the two declared attempts and preserves recipient escrow without new planning
  ---
  duration_ms: 1972.100167
  type: 'test'
  ...
# Subtest: budget tools entry: a recipient request exposes only numeric need and explicit increase preserves the sponsor limit before continuation
ok 27 - budget tools entry: a recipient request exposes only numeric need and explicit increase preserves the sponsor limit before continuation
  ---
  duration_ms: 3226.087917
  type: 'test'
  ...
# Subtest: budget tools entry: a locally injected lost model reply retains unknown usage through revoke, repeated reconciliation and reopen
ok 28 - budget tools entry: a locally injected lost model reply retains unknown usage through revoke, repeated reconciliation and reopen
  ---
  duration_ms: 1938.453375
  type: 'test'
  ...
# Subtest: budget tools entry: an observed recipient cannot over-allocate the sponsor original hard limit or execute the unfunded pending child
ok 29 - budget tools entry: an observed recipient cannot over-allocate the sponsor original hard limit or execute the unfunded pending child
  ---
  duration_ms: 1022.23025
  type: 'test'
  ...
# Subtest: A2A registration: off never selects either host capability and the ordinary session survives reopen
ok 30 - A2A registration: off never selects either host capability and the ordinary session survives reopen
  ---
  duration_ms: 924.568833
  type: 'test'
  ...
# Subtest: A2A registration: enabled without either explicit capability fails before tool or model resources open
ok 31 - A2A registration: enabled without either explicit capability fails before tool or model resources open
  ---
  duration_ms: 110.038375
  type: 'test'
  ...
# Subtest: A2A registration: inbound-only opens a caller-bound handler without outbound tools and closes retained handlers
ok 32 - A2A registration: inbound-only opens a caller-bound handler without outbound tools and closes retained handlers
  ---
  duration_ms: 231.347083
  type: 'test'
  ...
# Subtest: A2A registration: default get and explicit send cancel grants still require the current execution actor and policy
ok 33 - A2A registration: default get and explicit send cancel grants still require the current execution actor and policy
  ---
  duration_ms: 518.633209
  type: 'test'
  ...
# Subtest: A2A registration: actor metadata open and provider methods are captured once with their original receivers
ok 34 - A2A registration: actor metadata open and provider methods are captured once with their original receivers
  ---
  duration_ms: 115.998625
  type: 'test'
  ...
# Subtest: A2A registration: failed opens preserve their error and invalid acquired registrations close once including cleanup errors
ok 35 - A2A registration: failed opens preserve their error and invalid acquired registrations close once including cleanup errors
  ---
  duration_ms: 303.533583
  type: 'test'
  ...
# Subtest: A2A registration: cancellation while the source is opening cleans the acquired lease and returns no live capability
ok 36 - A2A registration: cancellation while the source is opening cleans the acquired lease and returns no live capability
  ---
  duration_ms: 123.21975
  type: 'test'
  ...
# Subtest: A2A registration: close fences tool entries and late reads while preserving a returned write acknowledgement
ok 37 - A2A registration: close fences tool entries and late reads while preserving a returned write acknowledgement
  ---
  duration_ms: 125.126916
  type: 'test'
  ...
# Subtest: A2A registration: retained peer and mission source cannot start callbacks after the registered host closes
ok 38 - A2A registration: retained peer and mission source cannot start callbacks after the registered host closes
  ---
  duration_ms: 109.649875
  type: 'test'
  ...
1..38
# tests 38
# suites 0
# pass 37
# fail 1
# cancelled 0
# skipped 0
# todo 0
# duration_ms 13429.808958
