TAP version 13
# Subtest: resident stable control sqlite: replay, conflict, stale, stop and legacy publication across reopen
ok 1 - resident stable control sqlite: replay, conflict, stale, stop and legacy publication across reopen
  ---
  duration_ms: 3031.191958
  type: 'test'
  ...
# Subtest: resident stable control file-journal: replay, conflict, stale, stop and legacy publication across reopen
ok 2 - resident stable control file-journal: replay, conflict, stale, stop and legacy publication across reopen
  ---
  duration_ms: 5525.105917
  type: 'test'
  ...
# Subtest: resident stable control: prior pause replay leaves the post-resume poll running and preserves raw events
ok 3 - resident stable control: prior pause replay leaves the post-resume poll running and preserves raw events
  ---
  duration_ms: 1614.30725
  type: 'test'
  ...
# Subtest: resident stable control: actual journal candidate_synced failure and exact retry
ok 4 - resident stable control: actual journal candidate_synced failure and exact retry
  ---
  duration_ms: 3125.926375
  type: 'test'
  ...
# Subtest: resident stable control: actual journal published failure and exact retry
ok 5 - resident stable control: actual journal published failure and exact retry
  ---
  duration_ms: 3033.267375
  type: 'test'
  ...
1..5
# tests 5
# suites 0
# pass 5
# fail 0
# cancelled 0
# skipped 0
# todo 0
# duration_ms 16480.893417
