TAP version 13
# Subtest: mission command recovery: published pause preserves its unknown error and recovers the original pending input
ok 1 - mission command recovery: published pause preserves its unknown error and recovers the original pending input
  ---
  duration_ms: 2348.0535
  type: 'test'
  ...
# Subtest: mission command recovery: published cancel preserves its unknown error and recovers the original pending input
ok 2 - mission command recovery: published cancel preserves its unknown error and recovers the original pending input
  ---
  duration_ms: 1768.092917
  type: 'test'
  ...
# Subtest: mission command recovery: published goal preserves its unknown error and recovers the original pending input
ok 3 - mission command recovery: published goal preserves its unknown error and recovers the original pending input
  ---
  duration_ms: 1563.416042
  type: 'test'
  ...
# Subtest: mission command recovery: published input preserves its unknown error and recovers the original pending input
ok 4 - mission command recovery: published input preserves its unknown error and recovers the original pending input
  ---
  duration_ms: 1757.254209
  type: 'test'
  ...
# Subtest: mission command recovery: failure before publication cannot cancel a poll, but retrying the original pending input can
ok 5 - mission command recovery: failure before publication cannot cancel a poll, but retrying the original pending input can
  ---
  duration_ms: 1162.667458
  type: 'test'
  ...
# Subtest: mission command recovery: replaying an old original or conflicting payload cannot cancel a later poll after explicit resume
ok 6 - mission command recovery: replaying an old original or conflicting payload cannot cancel a later poll after explicit resume
  ---
  duration_ms: 1999.754334
  type: 'test'
  ...
# Subtest: mission command recovery: an actual profile recovers a published fsync failure through its pending session input and reopens without execution
ok 7 - mission command recovery: an actual profile recovers a published fsync failure through its pending session input and reopens without execution
  ---
  duration_ms: 1714.295209
  type: 'test'
  ...
# Subtest: resident command recovery: post-publication pause cancels the original poll but preserves the unknown commit error
ok 8 - resident command recovery: post-publication pause cancels the original poll but preserves the unknown commit error
  ---
  duration_ms: 1146.897042
  type: 'test'
  ...
# Subtest: resident command recovery: post-publication stop cancels the original poll but preserves the unknown commit error
ok 9 - resident command recovery: post-publication stop cancels the original poll but preserves the unknown commit error
  ---
  duration_ms: 1249.153917
  type: 'test'
  ...
# Subtest: resident command recovery: a pre-publication failure neither cancels the poll nor claims a committed control
ok 10 - resident command recovery: a pre-publication failure neither cancels the poll nor claims a committed control
  ---
  duration_ms: 1101.122916
  type: 'test'
  ...
# Subtest: resident command recovery: a failed receipt lookup preserves both errors and a paused retry recovers the missed cancellation
ok 11 - resident command recovery: a failed receipt lookup preserves both errors and a paused retry recovers the missed cancellation
  ---
  duration_ms: 1442.079625
  type: 'test'
  ...
# Subtest: resident command recovery: a receipt lookup delayed across resume cancels only the old revision and preserves the new poll
ok 12 - resident command recovery: a receipt lookup delayed across resume cancels only the old revision and preserves the new poll
  ---
  duration_ms: 1986.684708
  type: 'test'
  ...
1..12
# tests 12
# suites 0
# pass 12
# fail 0
# cancelled 0
# skipped 0
# todo 0
# duration_ms 19514.845375
