TAP version 13
# Subtest: mission command recovery: published pause preserves its unknown error and recovers the original pending input
ok 1 - mission command recovery: published pause preserves its unknown error and recovers the original pending input
  ---
  duration_ms: 1971.158875
  type: 'test'
  ...
# Subtest: mission command recovery: published cancel preserves its unknown error and recovers the original pending input
ok 2 - mission command recovery: published cancel preserves its unknown error and recovers the original pending input
  ---
  duration_ms: 1063.611584
  type: 'test'
  ...
# Subtest: mission command recovery: published goal preserves its unknown error and recovers the original pending input
ok 3 - mission command recovery: published goal preserves its unknown error and recovers the original pending input
  ---
  duration_ms: 928.048209
  type: 'test'
  ...
# Subtest: mission command recovery: published input preserves its unknown error and recovers the original pending input
ok 4 - mission command recovery: published input preserves its unknown error and recovers the original pending input
  ---
  duration_ms: 1416.354167
  type: 'test'
  ...
# Subtest: mission command recovery: failure before publication cannot cancel a poll, but retrying the original pending input can
ok 5 - mission command recovery: failure before publication cannot cancel a poll, but retrying the original pending input can
  ---
  duration_ms: 1567.220542
  type: 'test'
  ...
# Subtest: mission command recovery: replaying an old original or conflicting payload cannot cancel a later poll after explicit resume
ok 6 - mission command recovery: replaying an old original or conflicting payload cannot cancel a later poll after explicit resume
  ---
  duration_ms: 831.774084
  type: 'test'
  ...
# Subtest: mission command recovery: an actual profile recovers a published fsync failure through its pending session input and reopens without execution
ok 7 - mission command recovery: an actual profile recovers a published fsync failure through its pending session input and reopens without execution
  ---
  duration_ms: 1441.489458
  type: 'test'
  ...
# Subtest: mission control pause releases the actual workflow claim and retains the event until explicit resume
ok 8 - mission control pause releases the actual workflow claim and retains the event until explicit resume
  ---
  duration_ms: 502.25875
  type: 'test'
  ...
# Subtest: mission control cancel stops the old workflow and closes its original checkpoint without another call
ok 9 - mission control cancel stops the old workflow and closes its original checkpoint without another call
  ---
  duration_ms: 312.628792
  type: 'test'
  ...
# Subtest: mission control goal stops the old workflow and closes its original checkpoint without another call
ok 10 - mission control goal stops the old workflow and closes its original checkpoint without another call
  ---
  duration_ms: 308.966416
  type: 'test'
  ...
# Subtest: mission control idle pause and resume before a goal change closes the old wait while preserving host-closed heads
ok 11 - mission control idle pause and resume before a goal change closes the old wait while preserving host-closed heads
  ---
  duration_ms: 250.66875
  type: 'test'
  ...
# Subtest: mission control pause preserves exact native read acknowledgments and pages for both rules across reopen
ok 12 - mission control pause preserves exact native read acknowledgments and pages for both rules across reopen
  ---
  duration_ms: 1800.285666
  type: 'test'
  ...
# Subtest: mission control cleanup rejects altered command receipts and current authority without changing original records
ok 13 - mission control cleanup rejects altered command receipts and current authority without changing original records
  ---
  duration_ms: 199.924416
  type: 'test'
  ...
# Subtest: mission poll controls: durable pause aborts before source settlement and discards its late page
ok 14 - mission poll controls: durable pause aborts before source settlement and discards its late page
  ---
  duration_ms: 241.375625
  type: 'test'
  ...
# Subtest: mission poll controls: durable cancel aborts before source settlement and discards its late error
ok 15 - mission poll controls: durable cancel aborts before source settlement and discards its late error
  ---
  duration_ms: 315.06475
  type: 'test'
  ...
# Subtest: mission poll controls: durable goal aborts before source settlement and discards its late page
ok 16 - mission poll controls: durable goal aborts before source settlement and discards its late page
  ---
  duration_ms: 299.177125
  type: 'test'
  ...
# Subtest: mission poll controls: durable input aborts before source settlement and discards its late error
ok 17 - mission poll controls: durable input aborts before source settlement and discards its late error
  ---
  duration_ms: 352.548167
  type: 'test'
  ...
# Subtest: mission poll controls: rejected control leaves both polls live and a committed command interrupts only its own work
ok 18 - mission poll controls: rejected control leaves both polls live and a committed command interrupts only its own work
  ---
  duration_ms: 213.796834
  type: 'test'
  ...
# Subtest: mission poll controls: the actual profile forwards public pause to its source and reopens the original cursor for explicit resume
ok 19 - mission poll controls: the actual profile forwards public pause to its source and reopens the original cursor for explicit resume
  ---
  duration_ms: 1311.462166
  type: 'test'
  ...
# Subtest: mission poll controls: completed observation unregisters and runtime close rejects a new poll before calling its source
ok 20 - mission poll controls: completed observation unregisters and runtime close rejects a new poll before calling its source
  ---
  duration_ms: 78.870792
  type: 'test'
  ...
# Subtest: mission registration is durable and requires the original checkpoint receipt and bytes after reopen
ok 21 - mission registration is durable and requires the original checkpoint receipt and bytes after reopen
  ---
  duration_ms: 138.27225
  type: 'test'
  ...
# Subtest: empty mission polls respect the fake clock and finite drive without model or tool activity
ok 22 - empty mission polls respect the fake clock and finite drive without model or tool activity
  ---
  duration_ms: 301.3735
  type: 'test'
  ...
# Subtest: a mission event wakes the actual workflow for an explicit original read without promoting the event body to evidence
ok 23 - a mission event wakes the actual workflow for an explicit original read without promoting the event body to evidence
  ---
  duration_ms: 348.093292
  type: 'test'
  ...
# Subtest: source failure preserves the cursor and original events, exact redelivery is deduplicated, and changed event bytes conflict
ok 24 - source failure preserves the cursor and original events, exact redelivery is deduplicated, and changed event bytes conflict
  ---
  duration_ms: 313.929708
  type: 'test'
  ...
# Subtest: an empty second mission rule does not suppress another rule event or its actual workflow read
ok 25 - an empty second mission rule does not suppress another rule event or its actual workflow read
  ---
  duration_ms: 514.645291
  type: 'test'
  ...
# Subtest: mission owner, narrowed source access and revoked host authority remain enforced across asynchronous reads
ok 26 - mission owner, narrowed source access and revoked host authority remain enforced across asynchronous reads
  ---
  duration_ms: 145.15275
  type: 'test'
  ...
# Subtest: goal and data generation changes retire mission input while retaining its historical originals
ok 27 - goal and data generation changes retire mission input while retaining its historical originals
  ---
  duration_ms: 232.907958
  type: 'test'
  ...
# Subtest: a durable mission claim excludes a second driver and caller abort reaches an in-flight source poll
ok 28 - a durable mission claim excludes a second driver and caller abort reaches an in-flight source poll
  ---
  duration_ms: 262.640084
  type: 'test'
  ...
# Subtest: tick and drive cancel noncooperative polls without a late event or failure checkpoint
ok 29 - tick and drive cancel noncooperative polls without a late event or failure checkpoint
  ---
  duration_ms: 102.349667
  type: 'test'
  ...
1..29
# tests 29
# suites 0
# pass 29
# fail 0
# cancelled 0
# skipped 0
# todo 0
# duration_ms 18258.981875
