TAP version 13
# Subtest: mission command recovery: published pause preserves its unknown error and recovers the original pending input
ok 1 - mission command recovery: published pause preserves its unknown error and recovers the original pending input
  ---
  duration_ms: 2670.508333
  type: 'test'
  ...
# Subtest: mission command recovery: published cancel preserves its unknown error and recovers the original pending input
ok 2 - mission command recovery: published cancel preserves its unknown error and recovers the original pending input
  ---
  duration_ms: 1580.074959
  type: 'test'
  ...
# Subtest: mission command recovery: published goal preserves its unknown error and recovers the original pending input
ok 3 - mission command recovery: published goal preserves its unknown error and recovers the original pending input
  ---
  duration_ms: 1465.513708
  type: 'test'
  ...
# Subtest: mission command recovery: published input preserves its unknown error and recovers the original pending input
ok 4 - mission command recovery: published input preserves its unknown error and recovers the original pending input
  ---
  duration_ms: 2038.736958
  type: 'test'
  ...
# Subtest: mission command recovery: failure before publication cannot cancel a poll, but retrying the original pending input can
ok 5 - mission command recovery: failure before publication cannot cancel a poll, but retrying the original pending input can
  ---
  duration_ms: 1821.185208
  type: 'test'
  ...
# Subtest: mission command recovery: replaying an old original or conflicting payload cannot cancel a later poll after explicit resume
ok 6 - mission command recovery: replaying an old original or conflicting payload cannot cancel a later poll after explicit resume
  ---
  duration_ms: 1371.473625
  type: 'test'
  ...
# Subtest: mission command recovery: an actual profile recovers a published fsync failure through its pending session input and reopens without execution
ok 7 - mission command recovery: an actual profile recovers a published fsync failure through its pending session input and reopens without execution
  ---
  duration_ms: 667.55475
  type: 'test'
  ...
# Subtest: mission control pause releases the actual workflow claim and retains the event until explicit resume
ok 8 - mission control pause releases the actual workflow claim and retains the event until explicit resume
  ---
  duration_ms: 309.750916
  type: 'test'
  ...
# Subtest: mission control cancel stops the old workflow and closes its original checkpoint without another call
ok 9 - mission control cancel stops the old workflow and closes its original checkpoint without another call
  ---
  duration_ms: 142.413334
  type: 'test'
  ...
# Subtest: mission control goal stops the old workflow and closes its original checkpoint without another call
ok 10 - mission control goal stops the old workflow and closes its original checkpoint without another call
  ---
  duration_ms: 153.6105
  type: 'test'
  ...
# Subtest: mission control idle pause and resume before a goal change closes the old wait while preserving host-closed heads
ok 11 - mission control idle pause and resume before a goal change closes the old wait while preserving host-closed heads
  ---
  duration_ms: 125.176542
  type: 'test'
  ...
# Subtest: mission control pause preserves exact native read acknowledgments and pages for both rules across reopen
ok 12 - mission control pause preserves exact native read acknowledgments and pages for both rules across reopen
  ---
  duration_ms: 884.5075
  type: 'test'
  ...
# Subtest: mission control cleanup rejects altered command receipts and current authority without changing original records
ok 13 - mission control cleanup rejects altered command receipts and current authority without changing original records
  ---
  duration_ms: 87.79875
  type: 'test'
  ...
# Subtest: mission poll controls: durable pause aborts before source settlement and discards its late page
ok 14 - mission poll controls: durable pause aborts before source settlement and discards its late page
  ---
  duration_ms: 186.983083
  type: 'test'
  ...
# Subtest: mission poll controls: durable cancel aborts before source settlement and discards its late error
ok 15 - mission poll controls: durable cancel aborts before source settlement and discards its late error
  ---
  duration_ms: 155.290333
  type: 'test'
  ...
# Subtest: mission poll controls: durable goal aborts before source settlement and discards its late page
ok 16 - mission poll controls: durable goal aborts before source settlement and discards its late page
  ---
  duration_ms: 151.709417
  type: 'test'
  ...
# Subtest: mission poll controls: durable input aborts before source settlement and discards its late error
ok 17 - mission poll controls: durable input aborts before source settlement and discards its late error
  ---
  duration_ms: 152.964709
  type: 'test'
  ...
# Subtest: mission poll controls: rejected control leaves both polls live and a committed command interrupts only its own work
ok 18 - mission poll controls: rejected control leaves both polls live and a committed command interrupts only its own work
  ---
  duration_ms: 88.62375
  type: 'test'
  ...
# Subtest: mission poll controls: the actual profile forwards public pause to its source and reopens the original cursor for explicit resume
ok 19 - mission poll controls: the actual profile forwards public pause to its source and reopens the original cursor for explicit resume
  ---
  duration_ms: 586.72175
  type: 'test'
  ...
# Subtest: mission poll controls: completed observation unregisters and runtime close rejects a new poll before calling its source
ok 20 - mission poll controls: completed observation unregisters and runtime close rejects a new poll before calling its source
  ---
  duration_ms: 65.930834
  type: 'test'
  ...
# Subtest: full native mission reads acknowledge only their exact rule and retain original pages across reopen
ok 21 - full native mission reads acknowledge only their exact rule and retain original pages across reopen
  ---
  duration_ms: 715.490208
  type: 'test'
  ...
# Subtest: partial mission output and an old-goal read cannot acknowledge unread current input
ok 22 - partial mission output and an old-goal read cannot acknowledge unread current input
  ---
  duration_ms: 508.2775
  type: 'test'
  ...
# Subtest: copied mission descriptors and a provider withdrawn during result reading cannot issue an acknowledgment
ok 23 - copied mission descriptors and a provider withdrawn during result reading cannot issue an acknowledgment
  ---
  duration_ms: 493.607583
  type: 'test'
  ...
# Subtest: verified mission completion closes its checkpoint and releases the claim while preserving the original page across reopen
ok 24 - verified mission completion closes its checkpoint and releases the claim while preserving the original page across reopen
  ---
  duration_ms: 1276.224
  type: 'test'
  ...
# Subtest: a completion receipt corrupted after workflow return cannot release a mission claim or replace its original checkpoint
ok 25 - a completion receipt corrupted after workflow return cannot release a mission claim or replace its original checkpoint
  ---
  duration_ms: 1034.236
  type: 'test'
  ...
# Subtest: mission registration is durable and requires the original checkpoint receipt and bytes after reopen
ok 26 - mission registration is durable and requires the original checkpoint receipt and bytes after reopen
  ---
  duration_ms: 78.652667
  type: 'test'
  ...
# Subtest: empty mission polls respect the fake clock and finite drive without model or tool activity
ok 27 - empty mission polls respect the fake clock and finite drive without model or tool activity
  ---
  duration_ms: 203.064417
  type: 'test'
  ...
# Subtest: a mission event wakes the actual workflow for an explicit original read without promoting the event body to evidence
ok 28 - a mission event wakes the actual workflow for an explicit original read without promoting the event body to evidence
  ---
  duration_ms: 215.467042
  type: 'test'
  ...
# Subtest: source failure preserves the cursor and original events, exact redelivery is deduplicated, and changed event bytes conflict
ok 29 - source failure preserves the cursor and original events, exact redelivery is deduplicated, and changed event bytes conflict
  ---
  duration_ms: 185.938292
  type: 'test'
  ...
# Subtest: an empty second mission rule does not suppress another rule event or its actual workflow read
ok 30 - an empty second mission rule does not suppress another rule event or its actual workflow read
  ---
  duration_ms: 233.194625
  type: 'test'
  ...
# Subtest: mission owner, narrowed source access and revoked host authority remain enforced across asynchronous reads
ok 31 - mission owner, narrowed source access and revoked host authority remain enforced across asynchronous reads
  ---
  duration_ms: 89.1945
  type: 'test'
  ...
# Subtest: goal and data generation changes retire mission input while retaining its historical originals
ok 32 - goal and data generation changes retire mission input while retaining its historical originals
  ---
  duration_ms: 191.199458
  type: 'test'
  ...
# Subtest: a durable mission claim excludes a second driver and caller abort reaches an in-flight source poll
ok 33 - a durable mission claim excludes a second driver and caller abort reaches an in-flight source poll
  ---
  duration_ms: 196.469792
  type: 'test'
  ...
# Subtest: tick and drive cancel noncooperative polls without a late event or failure checkpoint
ok 34 - tick and drive cancel noncooperative polls without a late event or failure checkpoint
  ---
  duration_ms: 88.433584
  type: 'test'
  ...
# Subtest: mission terminal recovery: one completed work closes both exact rule checkpoints and preserves their original events across reopen
ok 35 - mission terminal recovery: one completed work closes both exact rule checkpoints and preserves their original events across reopen
  ---
  duration_ms: 1134.881667
  type: 'test'
  ...
# Subtest: mission terminal recovery: an exception after actual workflow completion is repaired on reopen without another model, tool, poll or delivery
ok 36 - mission terminal recovery: an exception after actual workflow completion is repaired on reopen without another model, tool, poll or delivery
  ---
  duration_ms: 1189.8875
  type: 'test'
  ...
# Subtest: mission terminal recovery: changed receipt digest cannot close retained checkpoints or rewrite original records
ok 37 - mission terminal recovery: changed receipt digest cannot close retained checkpoints or rewrite original records
  ---
  duration_ms: 1014.875875
  type: 'test'
  ...
# Subtest: mission terminal recovery: changed receipt goal cannot close retained checkpoints or rewrite original records
ok 38 - mission terminal recovery: changed receipt goal cannot close retained checkpoints or rewrite original records
  ---
  duration_ms: 986.460417
  type: 'test'
  ...
# Subtest: mission terminal recovery: changed receipt policy cannot close retained checkpoints or rewrite original records
ok 39 - mission terminal recovery: changed receipt policy cannot close retained checkpoints or rewrite original records
  ---
  duration_ms: 986.656542
  type: 'test'
  ...
# Subtest: mission terminal recovery: changed receipt generation cannot close retained checkpoints or rewrite original records
ok 40 - mission terminal recovery: changed receipt generation cannot close retained checkpoints or rewrite original records
  ---
  duration_ms: 980.537333
  type: 'test'
  ...
# Subtest: mission terminal recovery: a committed first cleanup survives interruption and reopen publishes only the remaining rule
ok 41 - mission terminal recovery: a committed first cleanup survives interruption and reopen publishes only the remaining rule
  ---
  duration_ms: 1187.991375
  type: 'test'
  ...
# Subtest: mission terminal recovery: completion closes an idle unclaimed rule while preserving a previously host-closed rule exactly
ok 42 - mission terminal recovery: completion closes an idle unclaimed rule while preserving a previously host-closed rule exactly
  ---
  duration_ms: 1226.298375
  type: 'test'
  ...
# Subtest: mission terminal recovery: unrelated durable budget after completion cannot be accepted as checkpoint cleanup
ok 43 - mission terminal recovery: unrelated durable budget after completion cannot be accepted as checkpoint cleanup
  ---
  duration_ms: 993.615875
  type: 'test'
  ...
# Subtest: mission terminal recovery: unrelated durable removed subscriptions after completion cannot be accepted as checkpoint cleanup
ok 44 - mission terminal recovery: unrelated durable removed subscriptions after completion cannot be accepted as checkpoint cleanup
  ---
  duration_ms: 990.923041
  type: 'test'
  ...
# Subtest: mission terminal recovery: two simultaneous terminal ticks both finish and commit each rule closure once
ok 45 - mission terminal recovery: two simultaneous terminal ticks both finish and commit each rule closure once
  ---
  duration_ms: 1058.761208
  type: 'test'
  ...
1..45
# tests 45
# suites 0
# pass 45
# fail 0
# cancelled 0
# skipped 0
# todo 0
# duration_ms 32701.549916
