TAP version 13
# Subtest: mission seen history admits 544 same-goal originals through actual workflow pages and deduplicates the oldest page after reopen
not ok 1 - mission seen history admits 544 same-goal originals through actual workflow pages and deduplicates the oldest page after reopen
  ---
  duration_ms: 1077.801084
  type: 'test'
  location: '/Users/seunghanee/Documents/secumon/runtime/dist/tests/mission-seen-history.test.js:46:1'
  failureType: 'testCodeFailure'
  error: |-
    Expected values to be strictly equal:
    
    false !== true
    
  code: 'ERR_ASSERTION'
  name: 'AssertionError'
  expected: true
  actual: false
  operator: 'strictEqual'
  stack: |-
    TestContext.<anonymous> (file:///Users/seunghanee/Documents/secumon/runtime/dist/tests/mission-seen-history.test.js:99:16)
    async Test.run (node:internal/test_runner/test:1404:7)
    async startSubtestAfterBootstrap (node:internal/test_runner/harness:387:3)
  ...
# Subtest: mission seen history refuses a missing retained receipt after reopen without advancing the source cursor
ok 2 - mission seen history refuses a missing retained receipt after reopen without advancing the source cursor
  ---
  duration_ms: 198.288542
  type: 'test'
  ...
# Subtest: mission seen history applies the current artifact restriction to retained segments without treating their IDs as fresh
ok 3 - mission seen history applies the current artifact restriction to retained segments without treating their IDs as fresh
  ---
  duration_ms: 203.159583
  type: 'test'
  ...
1..3
# tests 3
# suites 0
# pass 2
# fail 1
# cancelled 0
# skipped 0
# todo 0
# duration_ms 1576.871167
