TAP version 13
# Subtest: A2A entry: model send returns only an acknowledgement, explicit receiver execution precedes model get and an unverified local report
not ok 1 - A2A entry: model send returns only an acknowledgement, explicit receiver execution precedes model get and an unverified local report
  ---
  duration_ms: 399.342625
  type: 'test'
  location: '/Users/seunghanee/Documents/secumon/runtime/dist/tests/a2a-entry.test.js:24:1'
  failureType: 'testCodeFailure'
  error: 'invalid_tool_schema'
  code: 'ERR_TEST_FAILURE'
  stack: |-
    AjvSchemas.compile (file:///Users/seunghanee/Documents/secumon/runtime/dist/infrastructure/ajv-schemas.js:14:19)
    ToolContracts.compile (file:///Users/seunghanee/Documents/secumon/runtime/dist/application/tool-contracts.js:79:72)
    new ToolContracts (file:///Users/seunghanee/Documents/secumon/runtime/dist/application/tool-contracts.js:64:30)
    composeRuntime (file:///Users/seunghanee/Documents/secumon/runtime/dist/application/compose-runtime.js:157:23)
    async openAgentTurnProfile (file:///Users/seunghanee/Documents/secumon/runtime/dist/presentation/agent-turn-profile.js:206:26)
    async open (file:///Users/seunghanee/Documents/secumon/runtime/dist/tests/a2a-entry-fixture.js:120:26)
    async a2aEntryFixture (file:///Users/seunghanee/Documents/secumon/runtime/dist/tests/a2a-entry-fixture.js:129:5)
    async TestContext.<anonymous> (file:///Users/seunghanee/Documents/secumon/runtime/dist/tests/a2a-entry.test.js:25:15)
    async Test.run (node:internal/test_runner/test:1404:7)
    async startSubtestAfterBootstrap (node:internal/test_runner/harness:387:3)
  ...
# Subtest: A2A entry: original message identity survives retransmission while callers and independently stored agents remain isolated
not ok 2 - A2A entry: original message identity survives retransmission while callers and independently stored agents remain isolated
  ---
  duration_ms: 384.474083
  type: 'test'
  location: '/Users/seunghanee/Documents/secumon/runtime/dist/tests/a2a-entry.test.js:87:1'
  failureType: 'testCodeFailure'
  error: 'invalid_tool_schema'
  code: 'ERR_TEST_FAILURE'
  stack: |-
    AjvSchemas.compile (file:///Users/seunghanee/Documents/secumon/runtime/dist/infrastructure/ajv-schemas.js:14:19)
    ToolContracts.compile (file:///Users/seunghanee/Documents/secumon/runtime/dist/application/tool-contracts.js:79:72)
    new ToolContracts (file:///Users/seunghanee/Documents/secumon/runtime/dist/application/tool-contracts.js:64:30)
    composeRuntime (file:///Users/seunghanee/Documents/secumon/runtime/dist/application/compose-runtime.js:157:23)
    async openAgentTurnProfile (file:///Users/seunghanee/Documents/secumon/runtime/dist/presentation/agent-turn-profile.js:206:26)
    async open (file:///Users/seunghanee/Documents/secumon/runtime/dist/tests/a2a-entry-fixture.js:120:26)
    async a2aEntryFixture (file:///Users/seunghanee/Documents/secumon/runtime/dist/tests/a2a-entry-fixture.js:129:5)
    async TestContext.<anonymous> (file:///Users/seunghanee/Documents/secumon/runtime/dist/tests/a2a-entry.test.js:88:15)
    async Test.run (node:internal/test_runner/test:1404:7)
    async Test.processPendingSubtests (node:internal/test_runner/test:969:7)
  ...
# Subtest: A2A entry: a delivered question and its original answer command survive reopen, and cancellation does not execute a waiting task
not ok 3 - A2A entry: a delivered question and its original answer command survive reopen, and cancellation does not execute a waiting task
  ---
  duration_ms: 472.634834
  type: 'test'
  location: '/Users/seunghanee/Documents/secumon/runtime/dist/tests/a2a-entry.test.js:114:1'
  failureType: 'testCodeFailure'
  error: 'invalid_tool_schema'
  code: 'ERR_TEST_FAILURE'
  stack: |-
    AjvSchemas.compile (file:///Users/seunghanee/Documents/secumon/runtime/dist/infrastructure/ajv-schemas.js:14:19)
    ToolContracts.compile (file:///Users/seunghanee/Documents/secumon/runtime/dist/application/tool-contracts.js:79:72)
    new ToolContracts (file:///Users/seunghanee/Documents/secumon/runtime/dist/application/tool-contracts.js:64:30)
    composeRuntime (file:///Users/seunghanee/Documents/secumon/runtime/dist/application/compose-runtime.js:157:23)
    async openAgentTurnProfile (file:///Users/seunghanee/Documents/secumon/runtime/dist/presentation/agent-turn-profile.js:206:26)
    async open (file:///Users/seunghanee/Documents/secumon/runtime/dist/tests/a2a-entry-fixture.js:120:26)
    async a2aEntryFixture (file:///Users/seunghanee/Documents/secumon/runtime/dist/tests/a2a-entry-fixture.js:129:5)
    async TestContext.<anonymous> (file:///Users/seunghanee/Documents/secumon/runtime/dist/tests/a2a-entry.test.js:115:15)
    async Test.run (node:internal/test_runner/test:1404:7)
    async Test.processPendingSubtests (node:internal/test_runner/test:969:7)
  ...
# Subtest: A2A entry: a lost send acknowledgement leaves the local write unknown and preserves the once accepted remote task without replay
not ok 4 - A2A entry: a lost send acknowledgement leaves the local write unknown and preserves the once accepted remote task without replay
  ---
  duration_ms: 471.307875
  type: 'test'
  location: '/Users/seunghanee/Documents/secumon/runtime/dist/tests/a2a-entry.test.js:158:1'
  failureType: 'testCodeFailure'
  error: 'invalid_tool_schema'
  code: 'ERR_TEST_FAILURE'
  stack: |-
    AjvSchemas.compile (file:///Users/seunghanee/Documents/secumon/runtime/dist/infrastructure/ajv-schemas.js:14:19)
    ToolContracts.compile (file:///Users/seunghanee/Documents/secumon/runtime/dist/application/tool-contracts.js:79:72)
    new ToolContracts (file:///Users/seunghanee/Documents/secumon/runtime/dist/application/tool-contracts.js:64:30)
    composeRuntime (file:///Users/seunghanee/Documents/secumon/runtime/dist/application/compose-runtime.js:157:23)
    async openAgentTurnProfile (file:///Users/seunghanee/Documents/secumon/runtime/dist/presentation/agent-turn-profile.js:206:26)
    async open (file:///Users/seunghanee/Documents/secumon/runtime/dist/tests/a2a-entry-fixture.js:120:26)
    async a2aEntryFixture (file:///Users/seunghanee/Documents/secumon/runtime/dist/tests/a2a-entry-fixture.js:129:5)
    async TestContext.<anonymous> (file:///Users/seunghanee/Documents/secumon/runtime/dist/tests/a2a-entry.test.js:159:15)
    async Test.run (node:internal/test_runner/test:1404:7)
    async Test.processPendingSubtests (node:internal/test_runner/test:969:7)
  ...
# Subtest: A2A entry: closing a receiver handler interrupts and drains its accepted model call and refuses retained entry points
not ok 5 - A2A entry: closing a receiver handler interrupts and drains its accepted model call and refuses retained entry points
  ---
  duration_ms: 575.796333
  type: 'test'
  location: '/Users/seunghanee/Documents/secumon/runtime/dist/tests/a2a-entry.test.js:191:1'
  failureType: 'testCodeFailure'
  error: 'invalid_tool_schema'
  code: 'ERR_TEST_FAILURE'
  stack: |-
    AjvSchemas.compile (file:///Users/seunghanee/Documents/secumon/runtime/dist/infrastructure/ajv-schemas.js:14:19)
    ToolContracts.compile (file:///Users/seunghanee/Documents/secumon/runtime/dist/application/tool-contracts.js:79:72)
    new ToolContracts (file:///Users/seunghanee/Documents/secumon/runtime/dist/application/tool-contracts.js:64:30)
    composeRuntime (file:///Users/seunghanee/Documents/secumon/runtime/dist/application/compose-runtime.js:157:23)
    async openAgentTurnProfile (file:///Users/seunghanee/Documents/secumon/runtime/dist/presentation/agent-turn-profile.js:206:26)
    async open (file:///Users/seunghanee/Documents/secumon/runtime/dist/tests/a2a-entry-fixture.js:120:26)
    async a2aEntryFixture (file:///Users/seunghanee/Documents/secumon/runtime/dist/tests/a2a-entry-fixture.js:129:5)
    async TestContext.<anonymous> (file:///Users/seunghanee/Documents/secumon/runtime/dist/tests/a2a-entry.test.js:192:15)
    async Test.run (node:internal/test_runner/test:1404:7)
    async Test.processPendingSubtests (node:internal/test_runner/test:969:7)
  ...
# Subtest: A2A text/data SendMessage, GetTask and CancelTask preserve originals and fixed host routing without discovery
ok 6 - A2A text/data SendMessage, GetTask and CancelTask preserve originals and fixed host routing without discovery
  ---
  duration_ms: 15.4815
  type: 'test'
  ...
# Subtest: A2A concurrent requests keep their own RPC identity when replies complete in reverse order
ok 7 - A2A concurrent requests keep their own RPC identity when replies complete in reverse order
  ---
  duration_ms: 0.859167
  type: 'test'
  ...
# Subtest: A2A invalid input, unsupported file parts and oversized request bytes fail before authorization or fetch
ok 8 - A2A invalid input, unsupported file parts and oversized request bytes fail before authorization or fetch
  ---
  duration_ms: 0.781
  type: 'test'
  ...
# Subtest: A2A construction rejects unsafe endpoint and reserved protocol headers without invoking fetch
ok 9 - A2A construction rejects unsafe endpoint and reserved protocol headers without invoking fetch
  ---
  duration_ms: 0.324834
  type: 'test'
  ...
# Subtest: A2A rejects HTTP errors and unsupported content types, cancelling unread bodies
ok 10 - A2A rejects HTTP errors and unsupported content types, cancelling unread bodies
  ---
  duration_ms: 0.831334
  type: 'test'
  ...
# Subtest: A2A mismatched response IDs, batch envelopes and file-part results are not accepted as task replies
ok 11 - A2A mismatched response IDs, batch envelopes and file-part results are not accepted as task replies
  ---
  duration_ms: 0.825667
  type: 'test'
  ...
# Subtest: A2A GetTask and CancelTask reject another task even with a matching RPC envelope
ok 12 - A2A GetTask and CancelTask reject another task even with a matching RPC envelope
  ---
  duration_ms: 0.508625
  type: 'test'
  ...
# Subtest: A2A JSON-RPC errors preserve code and original error data without an automatic retry
ok 13 - A2A JSON-RPC errors preserve code and original error data without an automatic retry
  ---
  duration_ms: 0.504625
  type: 'test'
  ...
# Subtest: A2A response size counts cumulative UTF-8 bytes and rejects malformed UTF-8 without retaining a reader lock
ok 14 - A2A response size counts cumulative UTF-8 bytes and rejects malformed UTF-8 without retaining a reader lock
  ---
  duration_ms: 1.061916
  type: 'test'
  ...
# Subtest: A2A pre-aborted, permission-denied and already-closed requests never enter fetch
ok 15 - A2A pre-aborted, permission-denied and already-closed requests never enter fetch
  ---
  duration_ms: 0.368625
  type: 'test'
  ...
# Subtest: A2A cancellation while host authorization is pending is checked again before dispatch
ok 16 - A2A cancellation while host authorization is pending is checked again before dispatch
  ---
  duration_ms: 0.217333
  type: 'test'
  ...
# Subtest: A2A late fetch resolution after caller cancellation is discarded and its body is cancelled without retry
not ok 17 - A2A late fetch resolution after caller cancellation is discarded and its body is cancelled without retry
  ---
  duration_ms: 0.6595
  type: 'test'
  location: '/Users/seunghanee/Documents/secumon/runtime/dist/tests/a2a-json-rpc.test.js:251:1'
  failureType: 'testCodeFailure'
  error: |-
    a late response must not be adopted after the caller revoked this request
    + actual - expected
    
    + 'fulfilled'
    - 'rejected'
    
  code: 'ERR_ASSERTION'
  name: 'AssertionError'
  expected: 'rejected'
  actual: 'fulfilled'
  operator: 'strictEqual'
  stack: |-
    TestContext.<anonymous> (file:///Users/seunghanee/Documents/secumon/runtime/dist/tests/a2a-json-rpc.test.js:266:16)
    async Test.run (node:internal/test_runner/test:1404:7)
    async Test.processPendingSubtests (node:internal/test_runner/test:969:7)
  ...
# Subtest: A2A abort interrupts a pending response-body read and releases it without another request
not ok 18 - A2A abort interrupts a pending response-body read and releases it without another request
  ---
  duration_ms: 251.767875
  type: 'test'
  location: '/Users/seunghanee/Documents/secumon/runtime/dist/tests/a2a-json-rpc.test.js:277:5'
  failureType: 'testCodeFailure'
  error: 'fixture_deadline'
  code: 'ERR_TEST_FAILURE'
  stack: |-
    Timeout.<anonymous> (file:///Users/seunghanee/Documents/secumon/runtime/dist/tests/a2a-json-rpc.test.js:36:106)
    listOnTimeout (node:internal/timers:685:17)
    process.processTimers (node:internal/timers:618:7)
  ...
# Subtest: A2A close interrupts a pending response-body read and releases it without another request
not ok 19 - A2A close interrupts a pending response-body read and releases it without another request
  ---
  duration_ms: 251.354
  type: 'test'
  location: '/Users/seunghanee/Documents/secumon/runtime/dist/tests/a2a-json-rpc.test.js:277:5'
  failureType: 'testCodeFailure'
  error: 'fixture_deadline'
  code: 'ERR_TEST_FAILURE'
  stack: |-
    Timeout.<anonymous> (file:///Users/seunghanee/Documents/secumon/runtime/dist/tests/a2a-json-rpc.test.js:36:106)
    listOnTimeout (node:internal/timers:685:17)
    process.processTimers (node:internal/timers:618:7)
  ...
# Subtest: A2A timeout interrupts a pending response-body read and releases it without another request
not ok 20 - A2A timeout interrupts a pending response-body read and releases it without another request
  ---
  duration_ms: 302.713291
  type: 'test'
  location: '/Users/seunghanee/Documents/secumon/runtime/dist/tests/a2a-json-rpc.test.js:277:5'
  failureType: 'testCodeFailure'
  error: 'fixture_deadline'
  code: 'ERR_TEST_FAILURE'
  stack: |-
    Timeout.<anonymous> (file:///Users/seunghanee/Documents/secumon/runtime/dist/tests/a2a-json-rpc.test.js:36:106)
    listOnTimeout (node:internal/timers:685:17)
    process.processTimers (node:internal/timers:618:7)
  ...
# Subtest: A2A send loss and body-reader failure preserve the first error and perform no automatic retransmission
ok 21 - A2A send loss and body-reader failure preserve the first error and perform no automatic retransmission
  ---
  duration_ms: 1.254959
  type: 'test'
  ...
# Subtest: A2A registration: off never selects either host capability and the ordinary session survives reopen
ok 22 - A2A registration: off never selects either host capability and the ordinary session survives reopen
  ---
  duration_ms: 1009.749667
  type: 'test'
  ...
# Subtest: A2A registration: enabled without either explicit capability fails before tool or model resources open
ok 23 - A2A registration: enabled without either explicit capability fails before tool or model resources open
  ---
  duration_ms: 111.78525
  type: 'test'
  ...
# Subtest: A2A registration: inbound-only opens a caller-bound handler without outbound tools and closes retained handlers
ok 24 - A2A registration: inbound-only opens a caller-bound handler without outbound tools and closes retained handlers
  ---
  duration_ms: 291.774541
  type: 'test'
  ...
# Subtest: A2A registration: default get and explicit send cancel grants still require the current execution actor and policy
not ok 25 - A2A registration: default get and explicit send cancel grants still require the current execution actor and policy
  ---
  duration_ms: 371.856708
  type: 'test'
  location: '/Users/seunghanee/Documents/secumon/runtime/dist/tests/host-a2a-registration.test.js:65:1'
  failureType: 'testCodeFailure'
  error: 'invalid_tool_schema'
  code: 'ERR_TEST_FAILURE'
  stack: |-
    AjvSchemas.compile (file:///Users/seunghanee/Documents/secumon/runtime/dist/infrastructure/ajv-schemas.js:14:19)
    ToolContracts.compile (file:///Users/seunghanee/Documents/secumon/runtime/dist/application/tool-contracts.js:79:72)
    new ToolContracts (file:///Users/seunghanee/Documents/secumon/runtime/dist/application/tool-contracts.js:64:30)
    composeRuntime (file:///Users/seunghanee/Documents/secumon/runtime/dist/application/compose-runtime.js:157:23)
    async openAgentTurnProfile (file:///Users/seunghanee/Documents/secumon/runtime/dist/presentation/agent-turn-profile.js:206:26)
    async TestContext.<anonymous> (file:///Users/seunghanee/Documents/secumon/runtime/dist/tests/host-a2a-registration.test.js:68:33)
    async Test.run (node:internal/test_runner/test:1404:7)
    async Test.processPendingSubtests (node:internal/test_runner/test:969:7)
  ...
# Subtest: A2A registration: actor metadata open and provider methods are captured once with their original receivers
not ok 26 - A2A registration: actor metadata open and provider methods are captured once with their original receivers
  ---
  duration_ms: 68.585375
  type: 'test'
  location: '/Users/seunghanee/Documents/secumon/runtime/dist/tests/host-a2a-registration.test.js:113:1'
  failureType: 'testCodeFailure'
  error: 'a2a_access_denied'
  code: 'ERR_TEST_FAILURE'
  stack: |-
    authorize (file:///Users/seunghanee/Documents/secumon/runtime/dist/presentation/host-a2a.js:53:35)
    async Object.execute (file:///Users/seunghanee/Documents/secumon/runtime/dist/presentation/host-a2a.js:58:21)
    async TestContext.<anonymous> (file:///Users/seunghanee/Documents/secumon/runtime/dist/tests/host-a2a-registration.test.js:135:20)
    async Test.run (node:internal/test_runner/test:1404:7)
    async Test.processPendingSubtests (node:internal/test_runner/test:969:7)
  ...
# Subtest: A2A registration: failed opens preserve their error and invalid acquired registrations close once including cleanup errors
ok 27 - A2A registration: failed opens preserve their error and invalid acquired registrations close once including cleanup errors
  ---
  duration_ms: 182.017834
  type: 'test'
  ...
# Subtest: A2A registration: cancellation while the source is opening cleans the acquired lease and returns no live capability
ok 28 - A2A registration: cancellation while the source is opening cleans the acquired lease and returns no live capability
  ---
  duration_ms: 72.712542
  type: 'test'
  ...
# Subtest: A2A registration: close fences tool entries and late reads while preserving a returned write acknowledgement
ok 29 - A2A registration: close fences tool entries and late reads while preserving a returned write acknowledgement
  ---
  duration_ms: 82.282875
  type: 'test'
  ...
# Subtest: A2A registration: retained peer and mission source cannot start callbacks after the registered host closes
not ok 30 - A2A registration: retained peer and mission source cannot start callbacks after the registered host closes
  ---
  duration_ms: 73.000667
  type: 'test'
  location: '/Users/seunghanee/Documents/secumon/runtime/dist/tests/host-a2a-registration.test.js:249:1'
  failureType: 'testCodeFailure'
  error: |-
    Expected values to be strictly deep-equal:
    + actual - expected
    
      [
    +   'fulfilled',
    +   'fulfilled'
    -   'rejected',
    -   'rejected'
      ]
    
  code: 'ERR_ASSERTION'
  name: 'AssertionError'
  expected:
    0: 'rejected'
    1: 'rejected'
  actual:
    0: 'fulfilled'
    1: 'fulfilled'
  operator: 'deepStrictEqual'
  stack: |-
    TestContext.<anonymous> (file:///Users/seunghanee/Documents/secumon/runtime/dist/tests/host-a2a-registration.test.js:261:12)
    async Test.run (node:internal/test_runner/test:1404:7)
    async Test.processPendingSubtests (node:internal/test_runner/test:969:7)
  ...
1..30
# tests 30
# suites 0
# pass 18
# fail 12
# cancelled 0
# skipped 0
# todo 0
# duration_ms 3295.22
