TAP version 13
# Subtest: resident stable control sqlite: replay, conflict, stale, stop and legacy publication across reopen
ok 1 - resident stable control sqlite: replay, conflict, stale, stop and legacy publication across reopen
  ---
  duration_ms: 1429.68625
  type: 'test'
  ...
# Subtest: resident stable control file-journal: replay, conflict, stale, stop and legacy publication across reopen
ok 2 - resident stable control file-journal: replay, conflict, stale, stop and legacy publication across reopen
  ---
  duration_ms: 1725.260542
  type: 'test'
  ...
# Subtest: resident stable control: prior pause replay leaves the post-resume poll running and preserves raw events
ok 3 - resident stable control: prior pause replay leaves the post-resume poll running and preserves raw events
  ---
  duration_ms: 811.270125
  type: 'test'
  ...
# Subtest: resident stable control: actual journal candidate_synced failure and exact retry
ok 4 - resident stable control: actual journal candidate_synced failure and exact retry
  ---
  duration_ms: 1674.521042
  type: 'test'
  ...
# Subtest: resident stable control: actual journal published failure and exact retry
ok 5 - resident stable control: actual journal published failure and exact retry
  ---
  duration_ms: 1767.329167
  type: 'test'
  ...
# Subtest: resident command recovery: post-publication pause cancels the original poll but preserves the unknown commit error
ok 6 - resident command recovery: post-publication pause cancels the original poll but preserves the unknown commit error
  ---
  duration_ms: 1410.3105
  type: 'test'
  ...
# Subtest: resident command recovery: post-publication stop cancels the original poll but preserves the unknown commit error
ok 7 - resident command recovery: post-publication stop cancels the original poll but preserves the unknown commit error
  ---
  duration_ms: 1444.938209
  type: 'test'
  ...
# Subtest: resident command recovery: a pre-publication failure neither cancels the poll nor claims a committed control
ok 8 - resident command recovery: a pre-publication failure neither cancels the poll nor claims a committed control
  ---
  duration_ms: 974.272291
  type: 'test'
  ...
# Subtest: resident command recovery: a failed receipt lookup preserves both errors and a paused retry recovers the missed cancellation
ok 9 - resident command recovery: a failed receipt lookup preserves both errors and a paused retry recovers the missed cancellation
  ---
  duration_ms: 731.402375
  type: 'test'
  ...
# Subtest: resident command recovery: a receipt lookup delayed across resume cancels only the old revision and preserves the new poll
ok 10 - resident command recovery: a receipt lookup delayed across resume cancels only the old revision and preserves the new poll
  ---
  duration_ms: 1051.493416
  type: 'test'
  ...
# Subtest: resident controls: pause persists pending events across reopen, resume uses the same session, and stop cannot be resumed
ok 11 - resident controls: pause persists pending events across reopen, resume uses the same session, and stop cannot be resumed
  ---
  duration_ms: 2229.843208
  type: 'test'
  ...
# Subtest: resident controls: an explicitly changed goal after original intake is detached without automatic execution and remains explicitly resumable
ok 12 - resident controls: an explicitly changed goal after original intake is detached without automatic execution and remains explicitly resumable
  ---
  duration_ms: 2076.542708
  type: 'test'
  ...
# Subtest: resident controls: explicitly paused or cancelled accepted event work is not reexecuted while the next event remains independent
ok 13 - resident controls: explicitly paused or cancelled accepted event work is not reexecuted while the next event remains independent
  ---
  duration_ms: 3999.2945
  type: 'test'
  ...
# Subtest: resident controls: pause during a gated source poll rejects its late page and resume reads the same cursor once
ok 14 - resident controls: pause during a gated source poll rejects its late page and resume reads the same cursor once
  ---
  duration_ms: 1038.211958
  type: 'test'
  ...
# Subtest: resident controls: an actual goal change during workflow stops automatic continuation until an explicit user resume
ok 15 - resident controls: an actual goal change during workflow stops automatic continuation until an explicit user resume
  ---
  duration_ms: 1238.657166
  type: 'test'
  ...
1..15
# tests 15
# suites 0
# pass 15
# fail 0
# cancelled 0
# skipped 0
# todo 0
# duration_ms 24019.513542
