TAP version 13
# Subtest: mission rule lifecycle: the same ID starts a fresh goal directly after its real goal command (sqlite)
ok 1 - mission rule lifecycle: the same ID starts a fresh goal directly after its real goal command (sqlite)
  ---
  duration_ms: 128.582125
  type: 'test'
  ...
# Subtest: mission rule lifecycle: the same ID starts a fresh goal directly after its real goal command (file-journal)
ok 2 - mission rule lifecycle: the same ID starts a fresh goal directly after its real goal command (file-journal)
  ---
  duration_ms: 186.050583
  type: 'test'
  ...
# Subtest: mission rule lifecycle: current-goal retries preserve host closure and reject definition or generation changes
ok 3 - mission rule lifecycle: current-goal retries preserve host closure and reject definition or generation changes
  ---
  duration_ms: 279.019208
  type: 'test'
  ...
# Subtest: mission rule lifecycle: more than sixteen historical IDs retain their originals without consuming the new goal slots
ok 4 - mission rule lifecycle: more than sixteen historical IDs retain their originals without consuming the new goal slots
  ---
  duration_ms: 379.343959
  type: 'test'
  ...
# Subtest: mission rule lifecycle: a new goal can register after its historical source is removed
ok 5 - mission rule lifecycle: a new goal can register after its historical source is removed
  ---
  duration_ms: 79.075041
  type: 'test'
  ...
# Subtest: mission rule lifecycle: current-goal capacity remains sixteen and foreign closed subscriptions are not pruned
ok 6 - mission rule lifecycle: current-goal capacity remains sixteen and foreign closed subscriptions are not pruned
  ---
  duration_ms: 521.68175
  type: 'test'
  ...
1..6
# tests 6
# suites 0
# pass 6
# fail 0
# cancelled 0
# skipped 0
# todo 0
# duration_ms 1673.112917
