TAP version 13
# Subtest: board-mission composition: actual request and event proofs stay current independently; exact ACK, board read, withdrawal and reopen preserve the other provider
not ok 1 - board-mission composition: actual request and event proofs stay current independently; exact ACK, board read, withdrawal and reopen preserve the other provider
  ---
  duration_ms: 2534.376541
  type: 'test'
  location: '/Users/seunghanee/Documents/secumon/runtime/dist/tests/board-mission-composition.test.js:8:1'
  failureType: 'testCodeFailure'
  error: |-
    Expected values to be strictly equal:
    
    false !== true
    
  code: 'ERR_ASSERTION'
  name: 'AssertionError'
  expected: true
  actual: false
  operator: 'strictEqual'
  stack: |-
    TestContext.<anonymous> (file:///Users/seunghanee/Documents/secumon/runtime/dist/tests/board-mission-composition.test.js:37:12)
    async Test.run (node:internal/test_runner/test:1404:7)
    async startSubtestAfterBootstrap (node:internal/test_runner/harness:387:3)
  ...
# Subtest: board-mission composition: one ordinary model work reads its mission and publishes a cited board reply before completion without merging original stores
not ok 2 - board-mission composition: one ordinary model work reads its mission and publishes a cited board reply before completion without merging original stores
  ---
  duration_ms: 1978.123208
  type: 'test'
  location: '/Users/seunghanee/Documents/secumon/runtime/dist/tests/board-mission-composition.test.js:118:1'
  failureType: 'testCodeFailure'
  error: 'resume_effect_proof_changed'
  code: 'resume_effect_proof_changed'
  stack: |-
    ContextRecovery.snapshot (file:///Users/seunghanee/Documents/secumon/runtime/dist/application/context-recovery.js:132:23)
    async ContextRecovery.restore (file:///Users/seunghanee/Documents/secumon/runtime/dist/application/context-recovery.js:231:27)
    async restore (file:///Users/seunghanee/Documents/secumon/runtime/dist/application/workflow-runtime.js:131:24)
    async WorkflowRuntime.run (file:///Users/seunghanee/Documents/secumon/runtime/dist/application/workflow-runtime.js:142:26)
    async MissionRuntime.tick (file:///Users/seunghanee/Documents/secumon/runtime/dist/application/mission-runtime.js:495:32)
    async TestContext.<anonymous> (file:///Users/seunghanee/Documents/secumon/runtime/dist/tests/board-mission-composition.test.js:133:20)
    async Test.run (node:internal/test_runner/test:1404:7)
    async Test.processPendingSubtests (node:internal/test_runner/test:969:7)
  ...
# Subtest: actual isolated profiles compare the same ordinary question and preserve complete original participant costs without recounting duplicate ledgers
not ok 3 - actual isolated profiles compare the same ordinary question and preserve complete original participant costs without recounting duplicate ledgers
  ---
  duration_ms: 1689.792458
  type: 'test'
  location: '/Users/seunghanee/Documents/secumon/runtime/dist/tests/collaboration-profile-trial.test.js:11:1'
  failureType: 'testCodeFailure'
  error: |-
    Expected values to be strictly equal:
    + actual - expected
    
    + 'blocked'
    - 'complete'
    
  code: 'ERR_ASSERTION'
  name: 'AssertionError'
  expected: 'complete'
  actual: 'blocked'
  operator: 'strictEqual'
  stack: |-
    TestContext.<anonymous> (file:///Users/seunghanee/Documents/secumon/runtime/dist/tests/collaboration-profile-trial.test.js:39:16)
    async Test.run (node:internal/test_runner/test:1404:7)
    async startSubtestAfterBootstrap (node:internal/test_runner/harness:387:3)
  ...
# Original profile trial records: /Users/seunghanee/Documents/secumon/runtime/evidence/C09-integrated-trial1/collaboration-profile-originals-9xpwin
# Subtest: response oracle: explicit fixed original text supports a generic response; the legacy evidence-only oracle remains strict
not ok 4 - response oracle: explicit fixed original text supports a generic response; the legacy evidence-only oracle remains strict
  ---
  duration_ms: 3.747416
  type: 'test'
  location: '/Users/seunghanee/Documents/secumon/runtime/dist/tests/evaluation-response.test.js:43:1'
  failureType: 'testCodeFailure'
  error: |-
    {"caseId":"response-oracle","contractPassed":false,"goalCompleted":false,"falseCompletionRevisions":[2],"failures":["completed_without_delivery_proof","completion_criteria_missing","expected_completion_missing","false_completion:completed_without_delivery_proof","false_completion:completion_criteria_missing","false_completion:oracle_has_no_completion_evidence","oracle_has_no_completion_evidence"],"finalControl":"complete","usage":{"limits":{"toolCalls":10,"modelCalls":5,"tokens":10000,"replans":5,"wallTimeMs":60000},"used":{"toolCalls":0,"modelCalls":1,"tokens":3,"replans":0,"unmeasuredModelCalls":0},"reservedToolCalls":0,"reservedModelCalls":0,"reservedTokens":0},"calls":{"modelEntries":0,"toolEntries":0,"sends":0,"lookups":0,"uniqueQueries":0,"repeatedQueries":0,"adoptedTools":0,"reusedTools":0},"context":{"requestBytes":0,"estimatedTokens":0,"sourceReads":0,"evictions":0,"reloads":0},"latency":{"ackMs":null,"firstEvidenceMs":null,"firstUsefulAnswerMs":null,"verifiedCompletionMs":null,"simulatedElapsedMs":100,"wallElapsedMs":5},"interventions":0,"promotions":0}
    
    false !== true
    
  code: 'ERR_ASSERTION'
  name: 'AssertionError'
  expected: true
  actual: false
  operator: 'strictEqual'
  stack: |-
    TestContext.<anonymous> (file:///Users/seunghanee/Documents/secumon/runtime/dist/tests/evaluation-response.test.js:45:12)
    Test.runInAsyncScope (node:async_hooks:227:14)
    Test.run (node:internal/test_runner/test:1397:25)
    Test.start (node:internal/test_runner/test:1257:17)
    startSubtestAfterBootstrap (node:internal/test_runner/harness:387:17)
  ...
# Subtest: response oracle: completion and self-review cannot substitute for the captured original answer and fixed text/hash
ok 5 - response oracle: completion and self-review cannot substitute for the captured original answer and fixed text/hash
  ---
  duration_ms: 0.932417
  type: 'test'
  ...
# Subtest: response oracle: wrong goal, caller input, unsettled call and revoked original cannot qualify as the current answer
ok 6 - response oracle: wrong goal, caller input, unsettled call and revoked original cannot qualify as the current answer
  ---
  duration_ms: 0.792875
  type: 'test'
  ...
# Subtest: response oracle: delivered content, recipient and source artifact must match the original answer
ok 7 - response oracle: delivered content, recipient and source artifact must match the original answer
  ---
  duration_ms: 0.317625
  type: 'test'
  ...
# Subtest: response oracle: an expected answer does not replace required independent facts or clear counterevidence
not ok 8 - response oracle: an expected answer does not replace required independent facts or clear counterevidence
  ---
  duration_ms: 0.304458
  type: 'test'
  location: '/Users/seunghanee/Documents/secumon/runtime/dist/tests/evaluation-response.test.js:98:1'
  failureType: 'testCodeFailure'
  error: |-
    {"caseId":"response-oracle","contractPassed":false,"goalCompleted":false,"falseCompletionRevisions":[2],"failures":["completed_without_delivery_proof","completion_criteria_missing","expected_completion_missing","false_completion:completed_without_delivery_proof","false_completion:completion_criteria_missing"],"finalControl":"complete","usage":{"limits":{"toolCalls":10,"modelCalls":5,"tokens":10000,"replans":5,"wallTimeMs":60000},"used":{"toolCalls":0,"modelCalls":1,"tokens":3,"replans":0,"unmeasuredModelCalls":0},"reservedToolCalls":0,"reservedModelCalls":0,"reservedTokens":0},"calls":{"modelEntries":0,"toolEntries":0,"sends":0,"lookups":0,"uniqueQueries":0,"repeatedQueries":0,"adoptedTools":0,"reusedTools":0},"context":{"requestBytes":0,"estimatedTokens":0,"sourceReads":0,"evictions":0,"reloads":0},"latency":{"ackMs":null,"firstEvidenceMs":100,"firstUsefulAnswerMs":null,"verifiedCompletionMs":null,"simulatedElapsedMs":100,"wallElapsedMs":5},"interventions":0,"promotions":0}
    
    false !== true
    
  code: 'ERR_ASSERTION'
  name: 'AssertionError'
  expected: true
  actual: false
  operator: 'strictEqual'
  stack: |-
    TestContext.<anonymous> (file:///Users/seunghanee/Documents/secumon/runtime/dist/tests/evaluation-response.test.js:109:12)
    Test.runInAsyncScope (node:async_hooks:227:14)
    Test.run (node:internal/test_runner/test:1397:25)
    Test.processPendingSubtests (node:internal/test_runner/test:969:18)
    Test.postRun (node:internal/test_runner/test:1537:19)
    Test.run (node:internal/test_runner/test:1462:12)
    async Test.processPendingSubtests (node:internal/test_runner/test:969:7)
  ...
# Subtest: response oracle: changing the captured answer at the same revision is visible even when the last answer is correct
not ok 9 - response oracle: changing the captured answer at the same revision is visible even when the last answer is correct
  ---
  duration_ms: 0.199041
  type: 'test'
  location: '/Users/seunghanee/Documents/secumon/runtime/dist/tests/evaluation-response.test.js:120:1'
  failureType: 'testCodeFailure'
  error: |-
    Expected values to be strictly equal:
    
    false !== true
    
  code: 'ERR_ASSERTION'
  name: 'AssertionError'
  expected: true
  actual: false
  operator: 'strictEqual'
  stack: |-
    TestContext.<anonymous> (file:///Users/seunghanee/Documents/secumon/runtime/dist/tests/evaluation-response.test.js:125:12)
    Test.runInAsyncScope (node:async_hooks:227:14)
    Test.run (node:internal/test_runner/test:1397:25)
    Test.processPendingSubtests (node:internal/test_runner/test:969:18)
    Test.postRun (node:internal/test_runner/test:1537:19)
    Test.run (node:internal/test_runner/test:1462:12)
    async Test.processPendingSubtests (node:internal/test_runner/test:969:7)
  ...
1..9
# tests 9
# suites 0
# pass 3
# fail 6
# cancelled 0
# skipped 0
# todo 0
# duration_ms 6536.84325
