TAP version 13
# Subtest: collaboration evaluation: both arms must use the same fixture, mode and oracle; participant agreement cannot replace original truth
ok 1 - collaboration evaluation: both arms must use the same fixture, mode and oracle; participant agreement cannot replace original truth
  ---
  duration_ms: 4.61275
  type: 'test'
  ...
# Subtest: collaboration evaluation: original local usage is summed once without recounting sponsor grant snapshots
ok 2 - collaboration evaluation: original local usage is summed once without recounting sponsor grant snapshots
  ---
  duration_ms: 1.476875
  type: 'test'
  ...
# Subtest: collaboration evaluation: owner and scope separate equal work IDs; duplicate or conflicting snapshots are not extra participants
ok 3 - collaboration evaluation: owner and scope separate equal work IDs; duplicate or conflicting snapshots are not extra participants
  ---
  duration_ms: 1.027666
  type: 'test'
  ...
# Subtest: collaboration evaluation: an incomplete inventory, unfinished operation or unknown usage withholds cost comparability
ok 4 - collaboration evaluation: an incomplete inventory, unfinished operation or unknown usage withholds cost comparability
  ---
  duration_ms: 0.58775
  type: 'test'
  ...
# Subtest: collaboration evaluation: invalid or overflowing participant usage is rejected instead of producing a numeric cost comparison
ok 5 - collaboration evaluation: invalid or overflowing participant usage is rejected instead of producing a numeric cost comparison
  ---
  duration_ms: 0.950958
  type: 'test'
  ...
# Subtest: collaboration evaluation: the optional runner executes each arm once and stops at every abort boundary
ok 6 - collaboration evaluation: the optional runner executes each arm once and stops at every abort boundary
  ---
  duration_ms: 0.304292
  type: 'test'
  ...
# Subtest: mission registration: off never selects the host and on requires explicit registration without starting work
ok 7 - mission registration: off never selects the host and on requires explicit registration without starting work
  ---
  duration_ms: 404.397625
  type: 'test'
  ...
# Subtest: mission registration: enabled read-only events tool checks the current invocation identity policy and authority
ok 8 - mission registration: enabled read-only events tool checks the current invocation identity policy and authority
  ---
  duration_ms: 397.5775
  type: 'test'
  ...
# Subtest: mission registration: source metadata callback receivers assembly and scheduled options are captured without merging stores
ok 9 - mission registration: source metadata callback receivers assembly and scheduled options are captured without merging stores
  ---
  duration_ms: 380.63125
  type: 'test'
  ...
# Subtest: mission registration: raw exported sources enforce current authorization and caller cancellation before invoking the host
ok 10 - mission registration: raw exported sources enforce current authorization and caller cancellation before invoking the host
  ---
  duration_ms: 368.325417
  type: 'test'
  ...
# Subtest: mission registration: closing rejects retained raw sources and tools plus late in-flight results and closes one lease
ok 11 - mission registration: closing rejects retained raw sources and tools plus late in-flight results and closes one lease
  ---
  duration_ms: 311.925
  type: 'test'
  ...
# Subtest: mission registration: duplicate sources failed opens and interrupted registration preserve errors and clean acquired leases
ok 12 - mission registration: duplicate sources failed opens and interrupted registration preserve errors and clean acquired leases
  ---
  duration_ms: 306.913166
  type: 'test'
  ...
# Subtest: mission progress: actual host identity survives snapshots while copied metadata and matching output alone grant no credit
ok 13 - mission progress: actual host identity survives snapshots while copied metadata and matching output alone grant no credit
  ---
  duration_ms: 6.466583
  type: 'test'
  ...
# Subtest: mission progress: list cursor, pending flag, poll time and ordering cannot renew the same rules past the default limit
ok 14 - mission progress: list cursor, pending flag, poll time and ordering cannot renew the same rules past the default limit
  ---
  duration_ms: 1.593541
  type: 'test'
  ...
# Subtest: mission progress: reissued event IDs, receipt times, cursor and event order keep the same source-body keys and default stop
ok 15 - mission progress: reissued event IDs, receipt times, cursor and event order keep the same source-body keys and default stop
  ---
  duration_ms: 1.168042
  type: 'test'
  ...
# Subtest: mission progress: actual body content and another rule remain distinct preparation without becoming evidence or completion
ok 16 - mission progress: actual body content and another rule remain distinct preparation without becoming evidence or completion
  ---
  duration_ms: 0.846333
  type: 'test'
  ...
# Subtest: mission progress: rule selection, current authority and adopted work identity must match
ok 17 - mission progress: rule selection, current authority and adopted work identity must match
  ---
  duration_ms: 0.642042
  type: 'test'
  ...
# Subtest: mission progress: partial, oversized, reused or contaminated event replies never earn preparation credit
ok 18 - mission progress: partial, oversized, reused or contaminated event replies never earn preparation credit
  ---
  duration_ms: 0.49325
  type: 'test'
  ...
# Subtest: mission registration is durable and requires the original checkpoint receipt and bytes after reopen
ok 19 - mission registration is durable and requires the original checkpoint receipt and bytes after reopen
  ---
  duration_ms: 159.609584
  type: 'test'
  ...
# Subtest: empty mission polls respect the fake clock and finite drive without model or tool activity
ok 20 - empty mission polls respect the fake clock and finite drive without model or tool activity
  ---
  duration_ms: 314.15425
  type: 'test'
  ...
# Subtest: a mission event wakes the actual workflow for an explicit original read without promoting the event body to evidence
ok 21 - a mission event wakes the actual workflow for an explicit original read without promoting the event body to evidence
  ---
  duration_ms: 424.949291
  type: 'test'
  ...
# Subtest: source failure preserves the cursor and original events, exact redelivery is deduplicated, and changed event bytes conflict
ok 22 - source failure preserves the cursor and original events, exact redelivery is deduplicated, and changed event bytes conflict
  ---
  duration_ms: 345.20075
  type: 'test'
  ...
# Subtest: an empty second mission rule does not suppress another rule event or its actual workflow read
ok 23 - an empty second mission rule does not suppress another rule event or its actual workflow read
  ---
  duration_ms: 370.9405
  type: 'test'
  ...
# Subtest: mission owner, narrowed source access and revoked host authority remain enforced across asynchronous reads
ok 24 - mission owner, narrowed source access and revoked host authority remain enforced across asynchronous reads
  ---
  duration_ms: 160.833458
  type: 'test'
  ...
# Subtest: goal and data generation changes retire mission input while retaining its historical originals
ok 25 - goal and data generation changes retire mission input while retaining its historical originals
  ---
  duration_ms: 270.984708
  type: 'test'
  ...
# Subtest: a durable mission claim excludes a second driver and caller abort reaches an in-flight source poll
ok 26 - a durable mission claim excludes a second driver and caller abort reaches an in-flight source poll
  ---
  duration_ms: 269.697334
  type: 'test'
  ...
# Subtest: tick and drive cancel noncooperative polls without a late event or failure checkpoint
ok 27 - tick and drive cancel noncooperative polls without a late event or failure checkpoint
  ---
  duration_ms: 171.85025
  type: 'test'
  ...
# Subtest: mission entry: the ordinary model tool loop reads a newly observed event and reports it without creating personal memory or evidence
not ok 28 - mission entry: the ordinary model tool loop reads a newly observed event and reports it without creating personal memory or evidence
  ---
  duration_ms: 1531.914042
  type: 'test'
  location: '/Users/seunghanee/Documents/secumon/runtime/dist/tests/resident-missions-entry.test.js:4:1'
  failureType: 'testCodeFailure'
  error: |-
    {"status":"ready","reason":"mission_event_received","progress":{"schemaVersion":1,"goalRevision":1,"policy":{"maxUnproductiveSteps":3,"maxRepeatedFailures":3,"retryWindowMs":30000,"backoffMs":100,"maxTrackedEntries":10000},"processed":["model:model-57d1ef25-e71b-4320-b1e9-1d6b665e3864:settled","attempt:attempt-9e2f7437-7a5b-461d-ab1d-890b15f74275:settled","model:model-0f638b95-9a23-4bb0-b3c5-bae46abccb0b:settled","attempt:attempt-1578bc0d-16b4-4ea9-b46e-e0121d8f8937:settled","model:model-31f6e6f5-0a67-4725-829a-c2b76957efb9:settled","model:model-c73dd133-1fa6-4297-a1d3-453719e9dc40:settled"],"knownKeys":["obligation:87edeaf5909d7b817295cc7df5c8abf34e6da087fbc40d3a3b2431c7e939e9f2","preparation:mission-rule:548d56243fa4dc45fc03a69820da883a81b843c340586d1572f2251adf17dc07","preparation:mission-event:56b736fcff98ac70229830234b54325cf16b768cf52e8ef18538fa5e078e4b64","response:7182660f6a7998a6daddfeea48556281fcda705b3bcbcc8bf62ec3c3ff16a90b"],"consecutiveUnproductive":1,"productiveSteps":4,"unproductiveSteps":2,"failures":[],"saturated":false}}
    + actual - expected
    
    + 'ready'
    - 'completed'
    
  code: 'ERR_ASSERTION'
  name: 'AssertionError'
  expected: 'completed'
  actual: 'ready'
  operator: 'strictEqual'
  stack: |-
    TestContext.<anonymous> (file:///Users/seunghanee/Documents/secumon/runtime/dist/tests/resident-missions-entry.test.js:16:12)
    async Test.run (node:internal/test_runner/test:1404:7)
    async startSubtestAfterBootstrap (node:internal/test_runner/harness:387:3)
  ...
# Subtest: resident entry: event tasks share only their persistent conversation while the controller never executes
ok 29 - resident entry: event tasks share only their persistent conversation while the controller never executes
  ---
  duration_ms: 1021.800625
  type: 'test'
  ...
# Subtest: resident entry: independent directories and original event receipts survive reopen and reject changed redelivery
ok 30 - resident entry: independent directories and original event receipts survive reopen and reject changed redelivery
  ---
  duration_ms: 2447.203542
  type: 'test'
  ...
# Subtest: resident entry: accepted intake interrupted before its controller receipt reuses the same work after real compact and reopen
ok 31 - resident entry: accepted intake interrupted before its controller receipt reuses the same work after real compact and reopen
  ---
  duration_ms: 3855.33225
  type: 'test'
  ...
# Subtest: resident entry: a question remains explicitly resumable without repeated inference on an empty poll
ok 32 - resident entry: a question remains explicitly resumable without repeated inference on an empty poll
  ---
  duration_ms: 2798.173208
  type: 'test'
  ...
# Subtest: resident entry: stopping a gated poll preserves its controller and prevents late event intake or inference
ok 33 - resident entry: stopping a gated poll preserves its controller and prevents late event intake or inference
  ---
  duration_ms: 423.860041
  type: 'test'
  ...
1..33
# tests 33
# suites 0
# pass 32
# fail 1
# cancelled 0
# skipped 0
# todo 0
# duration_ms 14512.328208
