
> long-horizon-runtime@0.1.0 build
> tsc -p tsconfig.json && node scripts/record-build.mjs

src/presentation/agent-mission-cli.ts(59,33): error TS18047: 'result' is possibly 'null'.
src/presentation/agent-mission-cli.ts(61,23): error TS18047: 'result' is possibly 'null'.
src/presentation/agent-mission-cli.ts(62,54): error TS18047: 'status' is possibly 'null'.
src/presentation/agent-mission-cli.ts(62,80): error TS18047: 'status' is possibly 'null'.
src/presentation/agent-mission-cli.ts(62,114): error TS18047: 'status' is possibly 'null'.
src/presentation/agent-mission-cli.ts(63,42): error TS18047: 'status' is possibly 'null'.
src/presentation/web/resident-missions.ts(38,51): error TS18047: 'result' is possibly 'null'.
src/presentation/web/resident-missions.ts(38,107): error TS18047: 'result' is possibly 'null'.
src/presentation/web/resident-missions.ts(39,14): error TS18047: 'result' is possibly 'null'.
src/presentation/web/resident-missions.ts(39,55): error TS18047: 'result' is possibly 'null'.
src/presentation/web/resident-missions.ts(40,7): error TS18047: 'result' is possibly 'null'.
src/presentation/web/resident-missions.ts(40,81): error TS18047: 'result' is possibly 'null'.
src/presentation/web/resident-missions.ts(40,114): error TS18047: 'result' is possibly 'null'.
src/presentation/web/resident-missions.ts(41,7): error TS18047: 'result' is possibly 'null'.
src/presentation/web/resident-missions.ts(41,38): error TS18047: 'result' is possibly 'null'.
src/presentation/web/resident-missions.ts(42,47): error TS18047: 'result' is possibly 'null'.
src/presentation/web/resident-missions.ts(110,17): error TS18047: 'result' is possibly 'null'.
src/tests/agent-mission-cli.test.ts(75,61): error TS18047: 'paused' is possibly 'null'.
src/tests/agent-mission-cli.test.ts(75,99): error TS18047: 'paused' is possibly 'null'.
src/tests/agent-mission-cli.test.ts(76,16): error TS18047: 'paused' is possibly 'null'.
src/tests/agent-mission-cli.test.ts(76,64): error TS18047: 'paused' is possibly 'null'.
src/tests/agent-mission-cli.test.ts(78,16): error TS18047: 'resumed' is possibly 'null'.
src/tests/agent-mission-cli.test.ts(78,64): error TS18047: 'resumed' is possibly 'null'.
src/tests/agent-mission-cli.test.ts(80,16): error TS18047: 'replayed' is possibly 'null'.
src/tests/agent-mission-cli.test.ts(80,55): error TS18047: 'replayed' is possibly 'null'.
src/tests/agent-mission-cli.test.ts(81,16): error TS18047: 'replayed' is possibly 'null'.
src/tests/agent-mission-cli.test.ts(81,47): error TS18047: 'paused' is possibly 'null'.
src/tests/agent-mission-cli.test.ts(81,90): error TS18047: 'replayed' is possibly 'null'.
src/tests/agent-mission-cli.test.ts(82,16): error TS18047: 'replayed' is possibly 'null'.
src/tests/agent-mission-cli.test.ts(84,16): error TS18047: 'stopped' is possibly 'null'.
src/tests/agent-mission-cli.test.ts(84,64): error TS18047: 'stopped' is possibly 'null'.
src/tests/agent-mission-cli.test.ts(110,16): error TS18047: 'replayed' is possibly 'null'.
src/tests/agent-mission-cli.test.ts(110,55): error TS18047: 'replayed' is possibly 'null'.
src/tests/agent-mission-cli.test.ts(110,86): error TS18047: 'stopped' is possibly 'null'.
src/tests/agent-mission-cli.test.ts(111,93): error TS18047: 'stopped' is possibly 'null'.
src/tests/resident-control-command.test.ts(35,16): error TS18047: 'paused' is possibly 'null'.
src/tests/resident-control-command.test.ts(35,54): error TS18047: 'paused' is possibly 'null'.
src/tests/resident-control-command.test.ts(35,101): error TS18047: 'paused' is possibly 'null'.
src/tests/resident-control-command.test.ts(36,16): error TS18047: 'paused' is possibly 'null'.
src/tests/resident-control-command.test.ts(39,20): error TS2531: Object is possibly 'null'.
src/tests/resident-control-command.test.ts(39,71): error TS18047: 'paused' is possibly 'null'.
src/tests/resident-control-command.test.ts(43,16): error TS18047: 'resumed' is possibly 'null'.
src/tests/resident-control-command.test.ts(43,64): error TS18047: 'resumed' is possibly 'null'.
src/tests/resident-control-command.test.ts(45,16): error TS18047: 'replay' is possibly 'null'.
src/tests/resident-control-command.test.ts(45,53): error TS18047: 'replay' is possibly 'null'.
src/tests/resident-control-command.test.ts(45,101): error TS18047: 'replay' is possibly 'null'.
src/tests/resident-control-command.test.ts(45,130): error TS18047: 'paused' is possibly 'null'.
src/tests/resident-control-command.test.ts(46,16): error TS18047: 'replay' is possibly 'null'.
src/tests/resident-control-command.test.ts(48,16): error TS2531: Object is possibly 'null'.
src/tests/resident-control-command.test.ts(54,72): error TS18047: 'stopped' is possibly 'null'.
src/tests/resident-control-command.test.ts(56,16): error TS2531: Object is possibly 'null'.
src/tests/resident-control-command.test.ts(57,16): error TS2531: Object is possibly 'null'.
src/tests/resident-control-command.test.ts(58,87): error TS18047: 'stopped' is possibly 'null'.
src/tests/resident-control-command.test.ts(74,75): error TS18047: 'paused' is possibly 'null'.
src/tests/resident-control-command.test.ts(77,18): error TS18047: 'replay' is possibly 'null'.
src/tests/resident-control-command.test.ts(79,88): error TS18047: 'replay' is possibly 'null'.
src/tests/resident-control-command.test.ts(80,18): error TS18047: 'next' is possibly 'null'.
src/tests/resident-control-command.test.ts(108,74): error TS18047: 'replay' is possibly 'null'.
src/tests/resident-control-command.test.ts(109,18): error TS18047: 'replay' is possibly 'null'.
src/tests/resident-control-command.test.ts(109,65): error TS18047: 'replay' is possibly 'null'.
src/tests/resident-control-command.test.ts(113,18): error TS2531: Object is possibly 'null'.
src/tests/resident-mission-web.test.ts(72,18): error TS18047: 'paused' is possibly 'null'.
src/tests/resident-mission-web.test.ts(72,56): error TS18047: 'paused' is possibly 'null'.
src/tests/resident-mission-web.test.ts(73,18): error TS18047: 'paused' is possibly 'null'.
src/tests/resident-mission-web.test.ts(79,64): error TS18047: 'paused' is possibly 'null'.
src/tests/resident-mission-web.test.ts(81,18): error TS18047: 'resumed' is possibly 'null'.
src/tests/resident-mission-web.test.ts(85,18): error TS18047: 'replay' is possibly 'null'.
src/tests/resident-mission-web.test.ts(85,55): error TS18047: 'replay' is possibly 'null'.
src/tests/resident-mission-web.test.ts(85,84): error TS18047: 'paused' is possibly 'null'.
src/tests/resident-mission-web.test.ts(86,18): error TS18047: 'replay' is possibly 'null'.
src/tests/resident-mission-web.test.ts(86,49): error TS18047: 'paused' is possibly 'null'.
src/tests/resident-mission-web.test.ts(86,94): error TS18047: 'replay' is possibly 'null'.
src/tests/resident-mission-web.test.ts(93,62): error TS18047: 'resumed' is possibly 'null'.
src/tests/resident-mission-web.test.ts(95,18): error TS18047: 'stopped' is possibly 'null'.
src/tests/resident-mission-web.test.ts(104,16): error TS18047: 'replay' is possibly 'null'.
src/tests/resident-mission-web.test.ts(104,53): error TS18047: 'replay' is possibly 'null'.
src/tests/resident-mission-web.test.ts(105,16): error TS18047: 'replay' is possibly 'null'.
src/tests/resident-mission-web.test.ts(105,88): error TS18047: 'replay' is possibly 'null'.
