TAP version 13
# Subtest: mission command recovery: published pause preserves its unknown error and recovers the original pending input
ok 1 - mission command recovery: published pause preserves its unknown error and recovers the original pending input
  ---
  duration_ms: 971.892875
  type: 'test'
  ...
# Subtest: mission command recovery: published cancel preserves its unknown error and recovers the original pending input
ok 2 - mission command recovery: published cancel preserves its unknown error and recovers the original pending input
  ---
  duration_ms: 752.671666
  type: 'test'
  ...
# Subtest: mission command recovery: published goal preserves its unknown error and recovers the original pending input
ok 3 - mission command recovery: published goal preserves its unknown error and recovers the original pending input
  ---
  duration_ms: 784.806875
  type: 'test'
  ...
# Subtest: mission command recovery: published input preserves its unknown error and recovers the original pending input
ok 4 - mission command recovery: published input preserves its unknown error and recovers the original pending input
  ---
  duration_ms: 911.646292
  type: 'test'
  ...
# Subtest: mission command recovery: failure before publication cannot cancel a poll, but retrying the original pending input can
ok 5 - mission command recovery: failure before publication cannot cancel a poll, but retrying the original pending input can
  ---
  duration_ms: 839.842208
  type: 'test'
  ...
# Subtest: mission command recovery: replaying an old original or conflicting payload cannot cancel a later poll after explicit resume
ok 6 - mission command recovery: replaying an old original or conflicting payload cannot cancel a later poll after explicit resume
  ---
  duration_ms: 394.611875
  type: 'test'
  ...
# Subtest: mission command recovery: an actual profile recovers a published fsync failure through its pending session input and reopens without execution
ok 7 - mission command recovery: an actual profile recovers a published fsync failure through its pending session input and reopens without execution
  ---
  duration_ms: 676.420083
  type: 'test'
  ...
# Subtest: mission control pause releases the actual workflow claim and retains the event until explicit resume
ok 8 - mission control pause releases the actual workflow claim and retains the event until explicit resume
  ---
  duration_ms: 286.814333
  type: 'test'
  ...
# Subtest: mission control cancel stops the old workflow and closes its original checkpoint without another call
ok 9 - mission control cancel stops the old workflow and closes its original checkpoint without another call
  ---
  duration_ms: 133.128917
  type: 'test'
  ...
# Subtest: mission control goal stops the old workflow and closes its original checkpoint without another call
ok 10 - mission control goal stops the old workflow and closes its original checkpoint without another call
  ---
  duration_ms: 153.932833
  type: 'test'
  ...
# Subtest: mission control idle pause and resume before a goal change closes the old wait while preserving host-closed heads
ok 11 - mission control idle pause and resume before a goal change closes the old wait while preserving host-closed heads
  ---
  duration_ms: 122.642875
  type: 'test'
  ...
# Subtest: mission control pause preserves exact native read acknowledgments and pages for both rules across reopen
ok 12 - mission control pause preserves exact native read acknowledgments and pages for both rules across reopen
  ---
  duration_ms: 923.253042
  type: 'test'
  ...
# Subtest: mission control cleanup rejects altered command receipts and current authority without changing original records
ok 13 - mission control cleanup rejects altered command receipts and current authority without changing original records
  ---
  duration_ms: 101.257375
  type: 'test'
  ...
# Subtest: mission history sqlite: bounded control pages preserve originals and recheck publication
ok 14 - mission history sqlite: bounded control pages preserve originals and recheck publication
  ---
  duration_ms: 120.228125
  type: 'test'
  ...
# {"stateBackend":"sqlite","historyEvents":185,"fullHistoryBytes":513942,"proofPages":6,"proofReturnedEvents":132,"proofReturnedBytes":27522,"publicationReads":2,"journalRecordReads":null,"journalRawHashBytes":null,"measurement":"Node repository reads and returned bytes; not physical disk I/O or model usage"}
# Subtest: mission history file-journal: bounded control pages preserve originals and recheck publication
ok 15 - mission history file-journal: bounded control pages preserve originals and recheck publication
  ---
  duration_ms: 229.631542
  type: 'test'
  ...
# {"stateBackend":"file-journal","historyEvents":185,"fullHistoryBytes":513942,"proofPages":6,"proofReturnedEvents":132,"proofReturnedBytes":27522,"publicationReads":2,"journalRecordReads":90,"journalRawHashBytes":7621365,"measurement":"Node repository reads and returned bytes; not physical disk I/O or model usage"}
# Subtest: mission history rereads the control receipt before publishing retirement
ok 16 - mission history rereads the control receipt before publishing retirement
  ---
  duration_ms: 68.436125
  type: 'test'
  ...
# Subtest: mission history completion recovery uses bounded original pages with unchanged work results
ok 17 - mission history completion recovery uses bounded original pages with unchanged work results
  ---
  duration_ms: 1141.315916
  type: 'test'
  ...
# Subtest: full native mission reads acknowledge only their exact rule and retain original pages across reopen
ok 18 - full native mission reads acknowledge only their exact rule and retain original pages across reopen
  ---
  duration_ms: 763.584959
  type: 'test'
  ...
# Subtest: partial mission output and an old-goal read cannot acknowledge unread current input
ok 19 - partial mission output and an old-goal read cannot acknowledge unread current input
  ---
  duration_ms: 549.3025
  type: 'test'
  ...
# Subtest: copied mission descriptors and a provider withdrawn during result reading cannot issue an acknowledgment
ok 20 - copied mission descriptors and a provider withdrawn during result reading cannot issue an acknowledgment
  ---
  duration_ms: 768.762791
  type: 'test'
  ...
# Subtest: verified mission completion closes its checkpoint and releases the claim while preserving the original page across reopen
ok 21 - verified mission completion closes its checkpoint and releases the claim while preserving the original page across reopen
  ---
  duration_ms: 1891.141833
  type: 'test'
  ...
# Subtest: a completion receipt corrupted after workflow return cannot release a mission claim or replace its original checkpoint
ok 22 - a completion receipt corrupted after workflow return cannot release a mission claim or replace its original checkpoint
  ---
  duration_ms: 1719.158833
  type: 'test'
  ...
# Subtest: mission registration is durable and requires the original checkpoint receipt and bytes after reopen
ok 23 - mission registration is durable and requires the original checkpoint receipt and bytes after reopen
  ---
  duration_ms: 106.576833
  type: 'test'
  ...
# Subtest: empty mission polls respect the fake clock and finite drive without model or tool activity
ok 24 - empty mission polls respect the fake clock and finite drive without model or tool activity
  ---
  duration_ms: 282.578458
  type: 'test'
  ...
# Subtest: a mission event wakes the actual workflow for an explicit original read without promoting the event body to evidence
ok 25 - a mission event wakes the actual workflow for an explicit original read without promoting the event body to evidence
  ---
  duration_ms: 370.3635
  type: 'test'
  ...
# Subtest: source failure preserves the cursor and original events, exact redelivery is deduplicated, and changed event bytes conflict
ok 26 - source failure preserves the cursor and original events, exact redelivery is deduplicated, and changed event bytes conflict
  ---
  duration_ms: 437.924084
  type: 'test'
  ...
# Subtest: an empty second mission rule does not suppress another rule event or its actual workflow read
ok 27 - an empty second mission rule does not suppress another rule event or its actual workflow read
  ---
  duration_ms: 390.659167
  type: 'test'
  ...
# Subtest: mission owner, narrowed source access and revoked host authority remain enforced across asynchronous reads
ok 28 - mission owner, narrowed source access and revoked host authority remain enforced across asynchronous reads
  ---
  duration_ms: 284.79925
  type: 'test'
  ...
# Subtest: goal and data generation changes retire mission input while retaining its historical originals
ok 29 - goal and data generation changes retire mission input while retaining its historical originals
  ---
  duration_ms: 500.598917
  type: 'test'
  ...
# Subtest: a durable mission claim excludes a second driver and caller abort reaches an in-flight source poll
ok 30 - a durable mission claim excludes a second driver and caller abort reaches an in-flight source poll
  ---
  duration_ms: 307.102459
  type: 'test'
  ...
# Subtest: tick and drive cancel noncooperative polls without a late event or failure checkpoint
ok 31 - tick and drive cancel noncooperative polls without a late event or failure checkpoint
  ---
  duration_ms: 298.04525
  type: 'test'
  ...
# Subtest: mission terminal recovery: one completed work closes both exact rule checkpoints and preserves their original events across reopen
ok 32 - mission terminal recovery: one completed work closes both exact rule checkpoints and preserves their original events across reopen
  ---
  duration_ms: 2181.35725
  type: 'test'
  ...
# Subtest: mission terminal recovery: an exception after actual workflow completion is repaired on reopen without another model, tool, poll or delivery
ok 33 - mission terminal recovery: an exception after actual workflow completion is repaired on reopen without another model, tool, poll or delivery
  ---
  duration_ms: 2601.114625
  type: 'test'
  ...
# Subtest: mission terminal recovery: changed receipt digest cannot close retained checkpoints or rewrite original records
ok 34 - mission terminal recovery: changed receipt digest cannot close retained checkpoints or rewrite original records
  ---
  duration_ms: 1565.304625
  type: 'test'
  ...
# Subtest: mission terminal recovery: changed receipt goal cannot close retained checkpoints or rewrite original records
ok 35 - mission terminal recovery: changed receipt goal cannot close retained checkpoints or rewrite original records
  ---
  duration_ms: 1421.954875
  type: 'test'
  ...
# Subtest: mission terminal recovery: changed receipt policy cannot close retained checkpoints or rewrite original records
ok 36 - mission terminal recovery: changed receipt policy cannot close retained checkpoints or rewrite original records
  ---
  duration_ms: 1258.348917
  type: 'test'
  ...
# Subtest: mission terminal recovery: changed receipt generation cannot close retained checkpoints or rewrite original records
ok 37 - mission terminal recovery: changed receipt generation cannot close retained checkpoints or rewrite original records
  ---
  duration_ms: 1488.155334
  type: 'test'
  ...
# Subtest: mission terminal recovery: a committed first cleanup survives interruption and reopen publishes only the remaining rule
ok 38 - mission terminal recovery: a committed first cleanup survives interruption and reopen publishes only the remaining rule
  ---
  duration_ms: 1593.492458
  type: 'test'
  ...
# Subtest: mission terminal recovery: completion closes an idle unclaimed rule while preserving a previously host-closed rule exactly
ok 39 - mission terminal recovery: completion closes an idle unclaimed rule while preserving a previously host-closed rule exactly
  ---
  duration_ms: 1598.013916
  type: 'test'
  ...
# Subtest: mission terminal recovery: unrelated durable budget after completion cannot be accepted as checkpoint cleanup
ok 40 - mission terminal recovery: unrelated durable budget after completion cannot be accepted as checkpoint cleanup
  ---
  duration_ms: 1365.423417
  type: 'test'
  ...
# Subtest: mission terminal recovery: unrelated durable removed subscriptions after completion cannot be accepted as checkpoint cleanup
ok 41 - mission terminal recovery: unrelated durable removed subscriptions after completion cannot be accepted as checkpoint cleanup
  ---
  duration_ms: 1464.398208
  type: 'test'
  ...
# Subtest: mission terminal recovery: two simultaneous terminal ticks both finish and commit each rule closure once
ok 42 - mission terminal recovery: two simultaneous terminal ticks both finish and commit each rule closure once
  ---
  duration_ms: 1443.324958
  type: 'test'
  ...
# Subtest: mission entry: the ordinary model tool loop reads a newly observed event and reports it without creating personal memory or evidence
ok 43 - mission entry: the ordinary model tool loop reads a newly observed event and reports it without creating personal memory or evidence
  ---
  duration_ms: 1161.969917
  type: 'test'
  ...
# Subtest: resident entry: event tasks share only their persistent conversation while the controller never executes
ok 44 - resident entry: event tasks share only their persistent conversation while the controller never executes
  ---
  duration_ms: 1024.219667
  type: 'test'
  ...
# Subtest: resident entry: independent directories and original event receipts survive reopen and reject changed redelivery
ok 45 - resident entry: independent directories and original event receipts survive reopen and reject changed redelivery
  ---
  duration_ms: 2486.364208
  type: 'test'
  ...
# Subtest: resident entry: accepted intake interrupted before its controller receipt reuses the same work after real compact and reopen
ok 46 - resident entry: accepted intake interrupted before its controller receipt reuses the same work after real compact and reopen
  ---
  duration_ms: 4186.039458
  type: 'test'
  ...
# Subtest: resident entry: a question remains explicitly resumable without repeated inference on an empty poll
ok 47 - resident entry: a question remains explicitly resumable without repeated inference on an empty poll
  ---
  duration_ms: 2804.795084
  type: 'test'
  ...
# Subtest: resident entry: stopping a gated poll preserves its controller and prevents late event intake or inference
ok 48 - resident entry: stopping a gated poll preserves its controller and prevents late event intake or inference
  ---
  duration_ms: 444.410875
  type: 'test'
  ...
1..48
# tests 48
# suites 0
# pass 48
# fail 0
# cancelled 0
# skipped 0
# todo 0
# duration_ms 48260.770791
