TAP version 13
# Subtest: a2a progress: actual host identity survives snapshots while matching metadata and output alone earn no credit
ok 1 - a2a progress: actual host identity survives snapshots while matching metadata and output alone earn no credit
  ---
  duration_ms: 11.851708
  type: 'test'
  ...
# Subtest: a2a progress: an accepted send credits original text and data once despite fresh request and reply identifiers
ok 2 - a2a progress: an accepted send credits original text and data once despite fresh request and reply identifiers
  ---
  duration_ms: 3.253292
  type: 'test'
  ...
# Subtest: a2a progress: rereading the same task meaning ignores message, artifact, context, timestamp and metadata churn
ok 3 - a2a progress: rereading the same task meaning ignores message, artifact, context, timestamp and metadata churn
  ---
  duration_ms: 1.451084
  type: 'test'
  ...
# Subtest: a2a progress: task status, question text and artifact data changes are preparation but never evidence or completion
ok 4 - a2a progress: task status, question text and artifact data changes are preparation but never evidence or completion
  ---
  duration_ms: 1.046417
  type: 'test'
  ...
# Subtest: a2a progress: provider, version, destination, policy, envelope and selected remote task must remain consistent
ok 5 - a2a progress: provider, version, destination, policy, envelope and selected remote task must remain consistent
  ---
  duration_ms: 1.276417
  type: 'test'
  ...
# Subtest: a2a progress: unknown or unapplied sends and unadopted, reused, partial or contaminated replies earn no progress
ok 6 - a2a progress: unknown or unapplied sends and unadopted, reused, partial or contaminated replies earn no progress
  ---
  duration_ms: 1.291792
  type: 'test'
  ...
# Subtest: budget progress: only native factory identity survives snapshots; identical metadata grants no preparation
ok 7 - budget progress: only native factory identity survives snapshots; identical metadata grants no preparation
  ---
  duration_ms: 7.60225
  type: 'test'
  ...
# Subtest: budget progress: repeated status ignores query, task IDs, revisions and caller costs and retains the default three-step stop
ok 8 - budget progress: repeated status ignores query, task IDs, revisions and caller costs and retains the default three-step stop
  ---
  duration_ms: 1.414875
  type: 'test'
  ...
# Subtest: budget progress: actual allocation is productive but changing generated grant, work or criterion IDs cannot mint the same allocation again
ok 9 - budget progress: actual allocation is productive but changing generated grant, work or criterion IDs cannot mint the same allocation again
  ---
  duration_ms: 1.200667
  type: 'test'
  ...
# Subtest: budget progress: increase, draining, known usage and settlement credit only the matching current grant state
ok 10 - budget progress: increase, draining, known usage and settlement credit only the matching current grant state
  ---
  duration_ms: 1.054875
  type: 'test'
  ...
# Subtest: budget progress: requests expose numeric preparation once while request IDs and private wording cannot renew credit
ok 11 - budget progress: requests expose numeric preparation once while request IDs and private wording cannot renew credit
  ---
  duration_ms: 2.154167
  type: 'test'
  ...
# Subtest: budget progress: unadopted, failed, reused, denied, foreign-goal and malformed observations cannot claim progress
ok 12 - budget progress: unadopted, failed, reused, denied, foreign-goal and malformed observations cannot claim progress
  ---
  duration_ms: 1.975042
  type: 'test'
  ...
# Subtest: collaboration progress: lookalikes and copied metadata never inherit native identity, including request-list fallback
ok 13 - collaboration progress: lookalikes and copied metadata never inherit native identity, including request-list fallback
  ---
  duration_ms: 6.489375
  type: 'test'
  ...
# Subtest: collaboration progress: registration snapshots preserve native identity without serializing it
ok 14 - collaboration progress: registration snapshots preserve native identity without serializing it
  ---
  duration_ms: 1.291208
  type: 'test'
  ...
# Subtest: collaboration progress: archive discovery and original body are distinct stages while revision, order, query and task churn add no credit
ok 15 - collaboration progress: archive discovery and original body are distinct stages while revision, order, query and task churn add no credit
  ---
  duration_ms: 1.274334
  type: 'test'
  ...
# Subtest: collaboration progress: empty and oversized archive reads add no credit, but changed original content does
ok 16 - collaboration progress: empty and oversized archive reads add no credit, but changed original content does
  ---
  duration_ms: 0.466667
  type: 'test'
  ...
# Subtest: collaboration progress: unknown, not-applied, recovered, reused or rejected writes cannot claim publication progress
ok 17 - collaboration progress: unknown, not-applied, recovered, reused or rejected writes cannot claim publication progress
  ---
  duration_ms: 0.358458
  type: 'test'
  ...
# Subtest: collaboration progress: changing publication IDs, cause IDs and revision cannot renew the same content credit
ok 18 - collaboration progress: changing publication IDs, cause IDs and revision cannot renew the same content credit
  ---
  duration_ms: 0.462333
  type: 'test'
  ...
# Subtest: collaboration progress: reading the same publication under a new post ID and cause ID does not renew content credit
ok 19 - collaboration progress: reading the same publication under a new post ID and cause ID does not renew content credit
  ---
  duration_ms: 1.447458
  type: 'test'
  ...
# Subtest: evaluation: fixture truth distinguishes acknowledgement, first original, delivered useful answer and verified completion
ok 20 - evaluation: fixture truth distinguishes acknowledgement, first original, delivered useful answer and verified completion
  ---
  duration_ms: 4.015792
  type: 'test'
  ...
# Subtest: evaluation: a runtime completed flag cannot replace the fixed expected facts
ok 21 - evaluation: a runtime completed flag cannot replace the fixed expected facts
  ---
  duration_ms: 0.539833
  type: 'test'
  ...
# Subtest: evaluation: absent expected facts do not count as verified evidence or a useful answer
ok 22 - evaluation: absent expected facts do not count as verified evidence or a useful answer
  ---
  duration_ms: 0.24375
  type: 'test'
  ...
# Subtest: evaluation: early delivered answers remain false completion even if the final state later becomes correct
ok 23 - evaluation: early delivered answers remain false completion even if the final state later becomes correct
  ---
  duration_ms: 0.442666
  type: 'test'
  ...
# Subtest: evaluation: a correct result before a declared late-evidence release fails the fixed timeline oracle
ok 24 - evaluation: a correct result before a declared late-evidence release fails the fixed timeline oracle
  ---
  duration_ms: 0.393542
  type: 'test'
  ...
# Subtest: evaluation: wrong source identity cannot satisfy an original named by the fixture oracle
ok 25 - evaluation: wrong source identity cannot satisfy an original named by the fixture oracle
  ---
  duration_ms: 0.210292
  type: 'test'
  ...
# Subtest: evaluation: wrong lineage identity cannot satisfy an original named by the fixture oracle
ok 26 - evaluation: wrong lineage identity cannot satisfy an original named by the fixture oracle
  ---
  duration_ms: 0.184792
  type: 'test'
  ...
# Subtest: evaluation: wrong observation time cannot satisfy an original named by the fixture oracle
ok 27 - evaluation: wrong observation time cannot satisfy an original named by the fixture oracle
  ---
  duration_ms: 0.199042
  type: 'test'
  ...
# Subtest: evaluation: wrong tenant cannot satisfy an original named by the fixture oracle
ok 28 - evaluation: wrong tenant cannot satisfy an original named by the fixture oracle
  ---
  duration_ms: 0.259625
  type: 'test'
  ...
# Subtest: evaluation: wrong scope cannot satisfy an original named by the fixture oracle
ok 29 - evaluation: wrong scope cannot satisfy an original named by the fixture oracle
  ---
  duration_ms: 0.203167
  type: 'test'
  ...
# Subtest: evaluation: restricted label cannot satisfy an original named by the fixture oracle
ok 30 - evaluation: restricted label cannot satisfy an original named by the fixture oracle
  ---
  duration_ms: 0.173958
  type: 'test'
  ...
# Subtest: evaluation: restricted access cannot satisfy an original named by the fixture oracle
ok 31 - evaluation: restricted access cannot satisfy an original named by the fixture oracle
  ---
  duration_ms: 0.166083
  type: 'test'
  ...
# Subtest: evaluation: retracted source cannot satisfy an original named by the fixture oracle
ok 32 - evaluation: retracted source cannot satisfy an original named by the fixture oracle
  ---
  duration_ms: 0.152833
  type: 'test'
  ...
# Subtest: evaluation: copied source cannot satisfy an original named by the fixture oracle
ok 33 - evaluation: copied source cannot satisfy an original named by the fixture oracle
  ---
  duration_ms: 0.151125
  type: 'test'
  ...
# Subtest: evaluation: partial coverage cannot satisfy an original named by the fixture oracle
ok 34 - evaluation: partial coverage cannot satisfy an original named by the fixture oracle
  ---
  duration_ms: 0.152417
  type: 'test'
  ...
# Subtest: evaluation: two required records from one lineage cannot satisfy a two-source criterion even with matching facts
ok 35 - evaluation: two required records from one lineage cannot satisfy a two-source criterion even with matching facts
  ---
  duration_ms: 0.171709
  type: 'test'
  ...
# Subtest: evaluation: duplicate source IDs, current forbidden evidence and unresolved counterevidence fail independently
ok 36 - evaluation: duplicate source IDs, current forbidden evidence and unresolved counterevidence fail independently
  ---
  duration_ms: 1.626334
  type: 'test'
  ...
# Subtest: evaluation: a pinned replacement must remain readable, accepted, original and complete without resurrecting its withdrawn predecessor
ok 37 - evaluation: a pinned replacement must remain readable, accepted, original and complete without resurrecting its withdrawn predecessor
  ---
  duration_ms: 0.882583
  type: 'test'
  ...
# Subtest: evaluation: hypothesis status and current original support are checked against the pinned final hypothesis
ok 38 - evaluation: hypothesis status and current original support are checked against the pinned final hypothesis
  ---
  duration_ms: 0.251125
  type: 'test'
  ...
# Subtest: evaluation: answer delivery requires authorized routing and explicit required evidence references
ok 39 - evaluation: answer delivery requires authorized routing and explicit required evidence references
  ---
  duration_ms: 0.524459
  type: 'test'
  ...
# Subtest: evaluation: waiting with an unknown delivery reports no useful answer latency and preserves its delivery obligation
ok 40 - evaluation: waiting with an unknown delivery reports no useful answer latency and preserves its delivery obligation
  ---
  duration_ms: 0.144625
  type: 'test'
  ...
# Subtest: evaluation: run errors and mismatched final control remain failures even for an expected blocked case
ok 41 - evaluation: run errors and mismatched final control remain failures even for an expected blocked case
  ---
  duration_ms: 0.185833
  type: 'test'
  ...
# Subtest: evaluation: completed states with pending obligations or an undelivered required response are false completion
ok 42 - evaluation: completed states with pending obligations or an undelivered required response are false completion
  ---
  duration_ms: 0.201625
  type: 'test'
  ...
# Subtest: evaluation: status-only observation of an existing completed work is not a new completion or answer
ok 43 - evaluation: status-only observation of an existing completed work is not a new completion or answer
  ---
  duration_ms: 0.26525
  type: 'test'
  ...
# Subtest: evaluation: cumulative costs cannot disappear and unknown model usage cannot become fabricated zero after resume
ok 44 - evaluation: cumulative costs cannot disappear and unknown model usage cannot become fabricated zero after resume
  ---
  duration_ms: 0.340375
  type: 'test'
  ...
# Subtest: evaluation: a real late usage report may resolve unknown reservations while preserving known and additional charges
ok 45 - evaluation: a real late usage report may resolve unknown reservations while preserving known and additional charges
  ---
  duration_ms: 0.254292
  type: 'test'
  ...
# Subtest: evaluation: a gate failure before dispatch costs zero, while a dispatched call denied before invocation remains charged
ok 46 - evaluation: a gate failure before dispatch costs zero, while a dispatched call denied before invocation remains charged
  ---
  duration_ms: 0.510958
  type: 'test'
  ...
# Subtest: evaluation: observations and source queries can repeat without duplicating intervention or context accounting
ok 47 - evaluation: observations and source queries can repeat without duplicating intervention or context accounting
  ---
  duration_ms: 0.259541
  type: 'test'
  ...
# Subtest: evaluation: context cost comes from unique persisted model calls and remains distinct from reported token usage
ok 48 - evaluation: context cost comes from unique persisted model calls and remains distinct from reported token usage
  ---
  duration_ms: 0.505584
  type: 'test'
  ...
# Subtest: evaluation summary: contract success, all-case completion and eligible completion use different explicit denominators
ok 49 - evaluation summary: contract success, all-case completion and eligible completion use different explicit denominators
  ---
  duration_ms: 4.872417
  type: 'test'
  ...
# Subtest: evaluation summary: nearest-rank p50/p95 include answer samples only and report the sample count
ok 50 - evaluation summary: nearest-rank p50/p95 include answer samples only and report the sample count
  ---
  duration_ms: 0.695958
  type: 'test'
  ...
# Subtest: evaluation summary: supplied scores join by case ID and cannot silently replace missing or duplicate cases
ok 51 - evaluation summary: supplied scores join by case ID and cannot silently replace missing or duplicate cases
  ---
  duration_ms: 0.574834
  type: 'test'
  ...
# Subtest: progress runtime sqlite: renamed tasks share failure history and backoff survives workflow runs and reopening
ok 52 - progress runtime sqlite: renamed tasks share failure history and backoff survives workflow runs and reopening
  ---
  duration_ms: 160.329416
  type: 'test'
  ...
# Subtest: progress runtime sqlite: replanning cannot extend the first semantic request retry deadline
ok 53 - progress runtime sqlite: replanning cannot extend the first semantic request retry deadline
  ---
  duration_ms: 62.503
  type: 'test'
  ...
# Subtest: progress runtime sqlite: successful empty results still stall and mode, compact, resume and reopening cannot erase that state
ok 54 - progress runtime sqlite: successful empty results still stall and mode, compact, resume and reopening cannot erase that state
  ---
  duration_ms: 148.857083
  type: 'test'
  ...
# Subtest: progress runtime sqlite: a stored tool result settles atomically before allocation gates and verified completion still wins
ok 55 - progress runtime sqlite: a stored tool result settles atomically before allocation gates and verified completion still wins
  ---
  duration_ms: 56.171583
  type: 'test'
  ...
# Subtest: progress runtime sqlite: a stored model reply settles after reopening even when new allocations are blocked
ok 56 - progress runtime sqlite: a stored model reply settles after reopening even when new allocations are blocked
  ---
  duration_ms: 70.654625
  type: 'test'
  ...
# Subtest: progress runtime sqlite: repeated invalid model proposals preserve one failure key and persist model backoff
ok 57 - progress runtime sqlite: repeated invalid model proposals preserve one failure key and persist model backoff
  ---
  duration_ms: 242.536542
  type: 'test'
  ...
# Subtest: progress runtime sqlite: a new goal starts a new streak while preserving usage, processed history and failure deadlines
ok 58 - progress runtime sqlite: a new goal starts a new streak while preserving usage, processed history and failure deadlines
  ---
  duration_ms: 33.988083
  type: 'test'
  ...
# Subtest: progress runtime sqlite: an unknown synthetic write remains an obligation ahead of a no-progress allocation stop
ok 59 - progress runtime sqlite: an unknown synthetic write remains an obligation ahead of a no-progress allocation stop
  ---
  duration_ms: 63.242291
  type: 'test'
  ...
# Subtest: progress runtime file-journal: renamed tasks share failure history and backoff survives workflow runs and reopening
ok 60 - progress runtime file-journal: renamed tasks share failure history and backoff survives workflow runs and reopening
  ---
  duration_ms: 435.242625
  type: 'test'
  ...
# Subtest: progress runtime file-journal: replanning cannot extend the first semantic request retry deadline
ok 61 - progress runtime file-journal: replanning cannot extend the first semantic request retry deadline
  ---
  duration_ms: 331.069875
  type: 'test'
  ...
# Subtest: progress runtime file-journal: successful empty results still stall and mode, compact, resume and reopening cannot erase that state
ok 62 - progress runtime file-journal: successful empty results still stall and mode, compact, resume and reopening cannot erase that state
  ---
  duration_ms: 509.670083
  type: 'test'
  ...
# Subtest: progress runtime file-journal: a stored tool result settles atomically before allocation gates and verified completion still wins
ok 63 - progress runtime file-journal: a stored tool result settles atomically before allocation gates and verified completion still wins
  ---
  duration_ms: 197.320459
  type: 'test'
  ...
# Subtest: progress runtime file-journal: a stored model reply settles after reopening even when new allocations are blocked
ok 64 - progress runtime file-journal: a stored model reply settles after reopening even when new allocations are blocked
  ---
  duration_ms: 171.477209
  type: 'test'
  ...
# Subtest: progress runtime file-journal: repeated invalid model proposals preserve one failure key and persist model backoff
ok 65 - progress runtime file-journal: repeated invalid model proposals preserve one failure key and persist model backoff
  ---
  duration_ms: 616.641209
  type: 'test'
  ...
# Subtest: progress runtime file-journal: a new goal starts a new streak while preserving usage, processed history and failure deadlines
ok 66 - progress runtime file-journal: a new goal starts a new streak while preserving usage, processed history and failure deadlines
  ---
  duration_ms: 130.6965
  type: 'test'
  ...
# Subtest: progress runtime file-journal: an unknown synthetic write remains an obligation ahead of a no-progress allocation stop
ok 67 - progress runtime file-journal: an unknown synthetic write remains an obligation ahead of a no-progress allocation stop
  ---
  duration_ms: 191.12725
  type: 'test'
  ...
# Subtest: progress: a unique committed operation contributes once and returned state has no mutable aliases
ok 68 - progress: a unique committed operation contributes once and returned state has no mutable aliases
  ---
  duration_ms: 1.018667
  type: 'test'
  ...
# Subtest: progress: permutations, repeated known keys and new operation IDs cannot fabricate productive steps
ok 69 - progress: permutations, repeated known keys and new operation IDs cannot fabricate productive steps
  ---
  duration_ms: 1.24075
  type: 'test'
  ...
# Subtest: progress: explicit goal epochs reset only the current streak and preserve deduplication and the original retry window
ok 70 - progress: explicit goal epochs reset only the current streak and preserve deduplication and the original retry window
  ---
  duration_ms: 0.264333
  type: 'test'
  ...
# Subtest: progress: processed capacity saturates without evicting prior records or resetting on a new goal
ok 71 - progress: processed capacity saturates without evicting prior records or resetting on a new goal
  ---
  duration_ms: 0.138209
  type: 'test'
  ...
# Subtest: progress: knownKeys capacity saturates without evicting prior records or resetting on a new goal
ok 72 - progress: knownKeys capacity saturates without evicting prior records or resetting on a new goal
  ---
  duration_ms: 0.081833
  type: 'test'
  ...
# Subtest: progress: repeated failures retain their first deadline and use the current backoff without extending the retry window
ok 73 - progress: repeated failures retain their first deadline and use the current backoff without extending the retry window
  ---
  duration_ms: 0.615458
  type: 'test'
  ...
# Subtest: progress: retry gate respects the work deadline and specific repeated-failure limits
ok 74 - progress: retry gate respects the work deadline and specific repeated-failure limits
  ---
  duration_ms: 0.503125
  type: 'test'
  ...
# Subtest: progress: policies remain pinned and invalid counters, times, keys or schema fields fail closed
ok 75 - progress: policies remain pinned and invalid counters, times, keys or schema fields fail closed
  ---
  duration_ms: 0.623041
  type: 'test'
  ...
# Subtest: capture: a new negative observation is productive while aliases, timestamps and duplicate originals are not
ok 76 - capture: a new negative observation is productive while aliases, timestamps and duplicate originals are not
  ---
  duration_ms: 3.069708
  type: 'test'
  ...
# Subtest: capture: changed facts, coverage and an authenticated original version can each carry new information
ok 77 - capture: changed facts, coverage and an authenticated original version can each carry new information
  ---
  duration_ms: 0.404291
  type: 'test'
  ...
# Subtest: capture: derived copies do not add progress or independent completion credit
ok 78 - capture: derived copies do not add progress or independent completion credit
  ---
  duration_ms: 0.266333
  type: 'test'
  ...
# Subtest: capture: tenant evidence cannot earn progress
ok 79 - capture: tenant evidence cannot earn progress
  ---
  duration_ms: 0.135292
  type: 'test'
  ...
# Subtest: capture: scope evidence cannot earn progress
ok 80 - capture: scope evidence cannot earn progress
  ---
  duration_ms: 0.116334
  type: 'test'
  ...
# Subtest: capture: labels evidence cannot earn progress
ok 81 - capture: labels evidence cannot earn progress
  ---
  duration_ms: 0.102834
  type: 'test'
  ...
# Subtest: capture: retracted evidence cannot earn progress
ok 82 - capture: retracted evidence cannot earn progress
  ---
  duration_ms: 0.195959
  type: 'test'
  ...
# Subtest: capture: deleted evidence cannot earn progress
ok 83 - capture: deleted evidence cannot earn progress
  ---
  duration_ms: 0.186958
  type: 'test'
  ...
# Subtest: capture: blocked-artifact evidence cannot earn progress
ok 84 - capture: blocked-artifact evidence cannot earn progress
  ---
  duration_ms: 0.136167
  type: 'test'
  ...
# Subtest: capture: a hypothesis assessment is credited once per semantic evidence basis, not per hypothesis text or evidence ID
ok 85 - capture: a hypothesis assessment is credited once per semantic evidence basis, not per hypothesis text or evidence ID
  ---
  duration_ms: 0.365958
  type: 'test'
  ...
# Subtest: capture: no evidence or a stale hypothesis assessment earns a fresh reasoning credit
ok 86 - capture: no evidence or a stale hypothesis assessment earns a fresh reasoning credit
  ---
  duration_ms: 0.152083
  type: 'test'
  ...
# Subtest: capture: only satisfied obligations contribute and identity or explanation rewrites cannot repeat the credit
ok 87 - capture: only satisfied obligations contribute and identity or explanation rewrites cannot repeat the credit
  ---
  duration_ms: 0.134417
  type: 'test'
  ...
# Subtest: capture: plan, task, revision, mode, usage and replay changes cannot reset a stalled work
ok 88 - capture: plan, task, revision, mode, usage and replay changes cannot reset a stalled work
  ---
  duration_ms: 0.147958
  type: 'test'
  ...
# Subtest: capture: trusted explicit item progress and returned state copies follow the same deduplication contract
ok 89 - capture: trusted explicit item progress and returned state copies follow the same deduplication contract
  ---
  duration_ms: 0.090375
  type: 'test'
  ...
# Subtest: progress sqlite: reopen and duplicate commit preserve settlement counts and the first retry deadline
ok 90 - progress sqlite: reopen and duplicate commit preserve settlement counts and the first retry deadline
  ---
  duration_ms: 9.924292
  type: 'test'
  ...
# Subtest: progress file-journal: reopen and duplicate commit preserve settlement counts and the first retry deadline
ok 91 - progress file-journal: reopen and duplicate commit preserve settlement counts and the first retry deadline
  ---
  duration_ms: 89.377166
  type: 'test'
  ...
1..91
# tests 91
# suites 0
# pass 91
# fail 0
# cancelled 0
# skipped 0
# todo 0
# duration_ms 3699.772
