TAP version 13
# Subtest: POSIX SIGKILL after actual workflow completion recovers the mission checkpoint on SQLite reopen without replaying models, tools or delivery
not ok 1 - POSIX SIGKILL after actual workflow completion recovers the mission checkpoint on SQLite reopen without replaying models, tools or delivery
  ---
  duration_ms: 2015.613166
  type: 'test'
  location: '/Users/seunghanee/Documents/secumon/runtime/dist/tests/mission-completion-crash.test.js:161:1'
  failureType: 'testCodeFailure'
  error: |-
    Expected "actual" to be strictly unequal to:
    
    'mission:21cf17dd54e0713a393226821de6c0cf79b769207549e0f08aed8ba6f556130b'
  code: 'ERR_ASSERTION'
  name: 'AssertionError'
  expected: 'mission:21cf17dd54e0713a393226821de6c0cf79b769207549e0f08aed8ba6f556130b'
  actual: 'mission:21cf17dd54e0713a393226821de6c0cf79b769207549e0f08aed8ba6f556130b'
  operator: 'notStrictEqual'
  stack: |-
    TestContext.<anonymous> (file:///Users/seunghanee/Documents/secumon/runtime/dist/tests/mission-completion-crash.test.js:202:20)
    async Test.run (node:internal/test_runner/test:1404:7)
    async startSubtestAfterBootstrap (node:internal/test_runner/harness:387:3)
  ...
# Subtest: mission terminal recovery: one completed work closes both exact rule checkpoints and preserves their original events across reopen
not ok 2 - mission terminal recovery: one completed work closes both exact rule checkpoints and preserves their original events across reopen
  ---
  duration_ms: 1294.772875
  type: 'test'
  location: '/Users/seunghanee/Documents/secumon/runtime/dist/tests/mission-terminal-recovery.test.js:4:1'
  failureType: 'testCodeFailure'
  error: |-
    Expected values to be strictly equal:
    
    'active' !== 'closed'
    
  code: 'ERR_ASSERTION'
  name: 'AssertionError'
  expected: 'closed'
  actual: 'active'
  operator: 'strictEqual'
  stack: |-
    TestContext.<anonymous> (file:///Users/seunghanee/Documents/secumon/runtime/dist/tests/mission-terminal-recovery.test.js:21:16)
    async Test.run (node:internal/test_runner/test:1404:7)
    async startSubtestAfterBootstrap (node:internal/test_runner/harness:387:3)
  ...
# Subtest: mission terminal recovery: an exception after actual workflow completion is repaired on reopen without another model, tool, poll or delivery
not ok 3 - mission terminal recovery: an exception after actual workflow completion is repaired on reopen without another model, tool, poll or delivery
  ---
  duration_ms: 1159.82475
  type: 'test'
  location: '/Users/seunghanee/Documents/secumon/runtime/dist/tests/mission-terminal-recovery.test.js:35:1'
  failureType: 'testCodeFailure'
  error: |-
    Expected values to be strictly equal:
    
    'active' !== 'closed'
    
  code: 'ERR_ASSERTION'
  name: 'AssertionError'
  expected: 'closed'
  actual: 'active'
  operator: 'strictEqual'
  stack: |-
    TestContext.<anonymous> (file:///Users/seunghanee/Documents/secumon/runtime/dist/tests/mission-terminal-recovery.test.js:42:16)
    async Test.run (node:internal/test_runner/test:1404:7)
    async Test.processPendingSubtests (node:internal/test_runner/test:969:7)
  ...
# Subtest: mission terminal recovery: changed receipt digest cannot close retained checkpoints or rewrite original records
not ok 4 - mission terminal recovery: changed receipt digest cannot close retained checkpoints or rewrite original records
  ---
  duration_ms: 976.381583
  type: 'test'
  location: '/Users/seunghanee/Documents/secumon/runtime/dist/tests/mission-terminal-recovery.test.js:59:5'
  failureType: 'testCodeFailure'
  error: 'Missing expected rejection.'
  code: 'ERR_ASSERTION'
  name: 'AssertionError'
  expected:
  operator: 'rejects'
  stack: |-
    async TestContext.<anonymous> (file:///Users/seunghanee/Documents/secumon/runtime/dist/tests/mission-terminal-recovery.test.js:82:13)
    async Test.run (node:internal/test_runner/test:1404:7)
    async Test.processPendingSubtests (node:internal/test_runner/test:969:7)
  ...
# Subtest: mission terminal recovery: changed receipt goal cannot close retained checkpoints or rewrite original records
not ok 5 - mission terminal recovery: changed receipt goal cannot close retained checkpoints or rewrite original records
  ---
  duration_ms: 990.053959
  type: 'test'
  location: '/Users/seunghanee/Documents/secumon/runtime/dist/tests/mission-terminal-recovery.test.js:59:5'
  failureType: 'testCodeFailure'
  error: 'Missing expected rejection.'
  code: 'ERR_ASSERTION'
  name: 'AssertionError'
  expected:
  operator: 'rejects'
  stack: |-
    async TestContext.<anonymous> (file:///Users/seunghanee/Documents/secumon/runtime/dist/tests/mission-terminal-recovery.test.js:82:13)
    async Test.run (node:internal/test_runner/test:1404:7)
    async Test.processPendingSubtests (node:internal/test_runner/test:969:7)
  ...
# Subtest: mission terminal recovery: changed receipt policy cannot close retained checkpoints or rewrite original records
not ok 6 - mission terminal recovery: changed receipt policy cannot close retained checkpoints or rewrite original records
  ---
  duration_ms: 999.563709
  type: 'test'
  location: '/Users/seunghanee/Documents/secumon/runtime/dist/tests/mission-terminal-recovery.test.js:59:5'
  failureType: 'testCodeFailure'
  error: 'Missing expected rejection.'
  code: 'ERR_ASSERTION'
  name: 'AssertionError'
  expected:
  operator: 'rejects'
  stack: |-
    async TestContext.<anonymous> (file:///Users/seunghanee/Documents/secumon/runtime/dist/tests/mission-terminal-recovery.test.js:82:13)
    async Test.run (node:internal/test_runner/test:1404:7)
    async Test.processPendingSubtests (node:internal/test_runner/test:969:7)
  ...
# Subtest: mission terminal recovery: changed receipt generation cannot close retained checkpoints or rewrite original records
not ok 7 - mission terminal recovery: changed receipt generation cannot close retained checkpoints or rewrite original records
  ---
  duration_ms: 985.124666
  type: 'test'
  location: '/Users/seunghanee/Documents/secumon/runtime/dist/tests/mission-terminal-recovery.test.js:59:5'
  failureType: 'testCodeFailure'
  error: 'Missing expected rejection.'
  code: 'ERR_ASSERTION'
  name: 'AssertionError'
  expected:
  operator: 'rejects'
  stack: |-
    async TestContext.<anonymous> (file:///Users/seunghanee/Documents/secumon/runtime/dist/tests/mission-terminal-recovery.test.js:82:13)
    async Test.run (node:internal/test_runner/test:1404:7)
    async Test.processPendingSubtests (node:internal/test_runner/test:969:7)
  ...
1..7
# tests 7
# suites 0
# pass 0
# fail 7
# cancelled 0
# skipped 0
# todo 0
# duration_ms 6536.106584
