TAP version 13
# Subtest: full native mission reads acknowledge only their exact rule and retain original pages across reopen
ok 1 - full native mission reads acknowledge only their exact rule and retain original pages across reopen
  ---
  duration_ms: 1084.950666
  type: 'test'
  ...
# Subtest: partial mission output and an old-goal read cannot acknowledge unread current input
ok 2 - partial mission output and an old-goal read cannot acknowledge unread current input
  ---
  duration_ms: 854.694042
  type: 'test'
  ...
# Subtest: copied mission descriptors and a provider withdrawn during result reading cannot issue an acknowledgment
ok 3 - copied mission descriptors and a provider withdrawn during result reading cannot issue an acknowledgment
  ---
  duration_ms: 650.737875
  type: 'test'
  ...
# Subtest: verified mission completion closes its checkpoint and releases the claim while preserving the original page across reopen
ok 4 - verified mission completion closes its checkpoint and releases the claim while preserving the original page across reopen
  ---
  duration_ms: 1700.287875
  type: 'test'
  ...
# Subtest: a completion receipt corrupted after workflow return cannot release a mission claim or replace its original checkpoint
ok 5 - a completion receipt corrupted after workflow return cannot release a mission claim or replace its original checkpoint
  ---
  duration_ms: 1348.301583
  type: 'test'
  ...
# Subtest: mission registration is durable and requires the original checkpoint receipt and bytes after reopen
ok 6 - mission registration is durable and requires the original checkpoint receipt and bytes after reopen
  ---
  duration_ms: 82.060916
  type: 'test'
  ...
# Subtest: empty mission polls respect the fake clock and finite drive without model or tool activity
ok 7 - empty mission polls respect the fake clock and finite drive without model or tool activity
  ---
  duration_ms: 258.339334
  type: 'test'
  ...
# Subtest: a mission event wakes the actual workflow for an explicit original read without promoting the event body to evidence
ok 8 - a mission event wakes the actual workflow for an explicit original read without promoting the event body to evidence
  ---
  duration_ms: 322.129208
  type: 'test'
  ...
# Subtest: source failure preserves the cursor and original events, exact redelivery is deduplicated, and changed event bytes conflict
ok 9 - source failure preserves the cursor and original events, exact redelivery is deduplicated, and changed event bytes conflict
  ---
  duration_ms: 290.847917
  type: 'test'
  ...
# Subtest: an empty second mission rule does not suppress another rule event or its actual workflow read
ok 10 - an empty second mission rule does not suppress another rule event or its actual workflow read
  ---
  duration_ms: 311.587292
  type: 'test'
  ...
# Subtest: mission owner, narrowed source access and revoked host authority remain enforced across asynchronous reads
ok 11 - mission owner, narrowed source access and revoked host authority remain enforced across asynchronous reads
  ---
  duration_ms: 94.158084
  type: 'test'
  ...
# Subtest: goal and data generation changes retire mission input while retaining its historical originals
ok 12 - goal and data generation changes retire mission input while retaining its historical originals
  ---
  duration_ms: 194.740042
  type: 'test'
  ...
# Subtest: a durable mission claim excludes a second driver and caller abort reaches an in-flight source poll
ok 13 - a durable mission claim excludes a second driver and caller abort reaches an in-flight source poll
  ---
  duration_ms: 216.085541
  type: 'test'
  ...
# Subtest: tick and drive cancel noncooperative polls without a late event or failure checkpoint
ok 14 - tick and drive cancel noncooperative polls without a late event or failure checkpoint
  ---
  duration_ms: 141.653542
  type: 'test'
  ...
# Subtest: mission terminal recovery: one completed work closes both exact rule checkpoints and preserves their original events across reopen
ok 15 - mission terminal recovery: one completed work closes both exact rule checkpoints and preserves their original events across reopen
  ---
  duration_ms: 1461.085333
  type: 'test'
  ...
# Subtest: mission terminal recovery: an exception after actual workflow completion is repaired on reopen without another model, tool, poll or delivery
ok 16 - mission terminal recovery: an exception after actual workflow completion is repaired on reopen without another model, tool, poll or delivery
  ---
  duration_ms: 1758.788708
  type: 'test'
  ...
# Subtest: mission terminal recovery: changed receipt digest cannot close retained checkpoints or rewrite original records
ok 17 - mission terminal recovery: changed receipt digest cannot close retained checkpoints or rewrite original records
  ---
  duration_ms: 1230.322208
  type: 'test'
  ...
# Subtest: mission terminal recovery: changed receipt goal cannot close retained checkpoints or rewrite original records
ok 18 - mission terminal recovery: changed receipt goal cannot close retained checkpoints or rewrite original records
  ---
  duration_ms: 1028.219458
  type: 'test'
  ...
# Subtest: mission terminal recovery: changed receipt policy cannot close retained checkpoints or rewrite original records
ok 19 - mission terminal recovery: changed receipt policy cannot close retained checkpoints or rewrite original records
  ---
  duration_ms: 1024.603166
  type: 'test'
  ...
# Subtest: mission terminal recovery: changed receipt generation cannot close retained checkpoints or rewrite original records
ok 20 - mission terminal recovery: changed receipt generation cannot close retained checkpoints or rewrite original records
  ---
  duration_ms: 997.177333
  type: 'test'
  ...
# Subtest: mission terminal recovery: a committed first cleanup survives interruption and reopen publishes only the remaining rule
ok 21 - mission terminal recovery: a committed first cleanup survives interruption and reopen publishes only the remaining rule
  ---
  duration_ms: 1223.800625
  type: 'test'
  ...
# Subtest: mission terminal recovery: completion closes an idle unclaimed rule while preserving a previously host-closed rule exactly
ok 22 - mission terminal recovery: completion closes an idle unclaimed rule while preserving a previously host-closed rule exactly
  ---
  duration_ms: 1267.400125
  type: 'test'
  ...
# Subtest: mission terminal recovery: unrelated durable budget after completion cannot be accepted as checkpoint cleanup
ok 23 - mission terminal recovery: unrelated durable budget after completion cannot be accepted as checkpoint cleanup
  ---
  duration_ms: 1003.646333
  type: 'test'
  ...
# Subtest: mission terminal recovery: unrelated durable removed subscriptions after completion cannot be accepted as checkpoint cleanup
ok 24 - mission terminal recovery: unrelated durable removed subscriptions after completion cannot be accepted as checkpoint cleanup
  ---
  duration_ms: 999.903791
  type: 'test'
  ...
# Subtest: mission terminal recovery: two simultaneous terminal ticks both finish and commit each rule closure once
ok 25 - mission terminal recovery: two simultaneous terminal ticks both finish and commit each rule closure once
  ---
  duration_ms: 1103.7915
  type: 'test'
  ...
# Subtest: mission entry: the ordinary model tool loop reads a newly observed event and reports it without creating personal memory or evidence
ok 26 - mission entry: the ordinary model tool loop reads a newly observed event and reports it without creating personal memory or evidence
  ---
  duration_ms: 1167.597792
  type: 'test'
  ...
# Subtest: resident entry: event tasks share only their persistent conversation while the controller never executes
ok 27 - resident entry: event tasks share only their persistent conversation while the controller never executes
  ---
  duration_ms: 1022.3395
  type: 'test'
  ...
# Subtest: resident entry: independent directories and original event receipts survive reopen and reject changed redelivery
ok 28 - resident entry: independent directories and original event receipts survive reopen and reject changed redelivery
  ---
  duration_ms: 2467.096875
  type: 'test'
  ...
# Subtest: resident entry: accepted intake interrupted before its controller receipt reuses the same work after real compact and reopen
ok 29 - resident entry: accepted intake interrupted before its controller receipt reuses the same work after real compact and reopen
  ---
  duration_ms: 4007.221625
  type: 'test'
  ...
# Subtest: resident entry: a question remains explicitly resumable without repeated inference on an empty poll
ok 30 - resident entry: a question remains explicitly resumable without repeated inference on an empty poll
  ---
  duration_ms: 2791.069208
  type: 'test'
  ...
# Subtest: resident entry: stopping a gated poll preserves its controller and prevents late event intake or inference
ok 31 - resident entry: stopping a gated poll preserves its controller and prevents late event intake or inference
  ---
  duration_ms: 433.784958
  type: 'test'
  ...
1..31
# tests 31
# suites 0
# pass 31
# fail 0
# cancelled 0
# skipped 0
# todo 0
# duration_ms 33028.838125
