✔ mission poll controls: durable pause aborts before source settlement and discards its late page (302.149875ms)
✔ mission poll controls: durable cancel aborts before source settlement and discards its late error (254.287417ms)
✔ mission poll controls: durable goal aborts before source settlement and discards its late page (252.146625ms)
✔ mission poll controls: durable input aborts before source settlement and discards its late error (237.557958ms)
✔ mission poll controls: rejected control leaves both polls live and a committed command interrupts only its own work (151.819084ms)
✔ mission poll controls: the actual profile forwards public pause to its source and reopens the original cursor for explicit resume (845.248625ms)
✔ mission poll controls: completed observation unregisters and runtime close rejects a new poll before calling its source (82.380208ms)
✔ resident poll control pause ends before raw release and leaves another controller on the same source running (470.913958ms)
✔ resident poll control stop ends before raw release and leaves another controller on the same source running (454.209125ms)
✔ resident poll control drive caller abort releases its claim while the owner remains live (399.984042ms)
✔ resident poll control driver close releases only its own claim and leaves late raw rejection to the source owner drain (449.753291ms)
✔ resident poll control profile authority closure preserves the original claim without an unauthorized cleanup write (411.935875ms)
ℹ tests 12
ℹ suites 0
ℹ pass 12
ℹ fail 0
ℹ cancelled 0
ℹ skipped 0
ℹ todo 0
ℹ duration_ms 4609.956167
