✔ mission registration: off never selects the host and on requires explicit registration without starting work (402.122083ms)
✔ mission registration: enabled read-only events tool checks the current invocation identity policy and authority (308.379083ms)
✔ mission registration: source metadata callback receivers assembly and scheduled options are captured without merging stores (308.809125ms)
✔ mission registration: raw exported sources enforce current authorization and caller cancellation before invoking the host (290.164667ms)
✔ mission registration: closing rejects retained raw sources and tools plus late in-flight results and closes one lease (306.303958ms)
✔ mission registration: duplicate sources failed opens and interrupted registration preserve errors and clean acquired leases (258.012ms)
✔ mission control pause releases the actual workflow claim and retains the event until explicit resume (378.409333ms)
✔ mission control cancel stops the old workflow and closes its original checkpoint without another call (206.761459ms)
✔ mission control goal stops the old workflow and closes its original checkpoint without another call (262.908375ms)
✔ mission control idle pause and resume before a goal change closes the old wait while preserving host-closed heads (201.334334ms)
✔ mission control pause preserves exact native read acknowledgments and pages for both rules across reopen (1361.579292ms)
✔ mission control cleanup rejects altered command receipts and current authority without changing original records (95.797292ms)
✔ full native mission reads acknowledge only their exact rule and retain original pages across reopen (713.971792ms)
✔ partial mission output and an old-goal read cannot acknowledge unread current input (498.568958ms)
✔ copied mission descriptors and a provider withdrawn during result reading cannot issue an acknowledgment (465.8165ms)
✔ verified mission completion closes its checkpoint and releases the claim while preserving the original page across reopen (1336.664625ms)
✔ a completion receipt corrupted after workflow return cannot release a mission claim or replace its original checkpoint (1151.742583ms)
✔ mission registration is durable and requires the original checkpoint receipt and bytes after reopen (86.227292ms)
✔ empty mission polls respect the fake clock and finite drive without model or tool activity (209.003541ms)
✔ a mission event wakes the actual workflow for an explicit original read without promoting the event body to evidence (331.274708ms)
✔ source failure preserves the cursor and original events, exact redelivery is deduplicated, and changed event bytes conflict (200.447416ms)
✔ an empty second mission rule does not suppress another rule event or its actual workflow read (233.07475ms)
✔ mission owner, narrowed source access and revoked host authority remain enforced across asynchronous reads (96.327666ms)
✔ goal and data generation changes retire mission input while retaining its historical originals (211.837125ms)
✔ a durable mission claim excludes a second driver and caller abort reaches an in-flight source poll (191.017625ms)
✔ tick and drive cancel noncooperative polls without a late event or failure checkpoint (85.150208ms)
✔ resident controls: pause persists pending events across reopen, resume uses the same session, and stop cannot be resumed (1762.5525ms)
✔ resident controls: an explicitly changed goal after original intake is detached without automatic execution and remains explicitly resumable (1816.161917ms)
✔ resident controls: explicitly paused or cancelled accepted event work is not reexecuted while the next event remains independent (3516.812333ms)
✔ resident controls: pause during a gated source poll rejects its late page and resume reads the same cursor once (744.723083ms)
✔ resident controls: an actual goal change during workflow stops automatic continuation until an explicit user resume (847.340333ms)
✔ mission entry: the ordinary model tool loop reads a newly observed event and reports it without creating personal memory or evidence (1274.410333ms)
✔ resident entry: event tasks share only their persistent conversation while the controller never executes (1096.144875ms)
✔ resident entry: independent directories and original event receipts survive reopen and reject changed redelivery (2487.440041ms)
✔ resident entry: accepted intake interrupted before its controller receipt reuses the same work after real compact and reopen (4372.799875ms)
✔ resident entry: a question remains explicitly resumable without repeated inference on an empty poll (2794.181625ms)
✔ resident entry: stopping a gated poll preserves its controller and prevents late event intake or inference (413.909875ms)
ℹ tests 37
ℹ suites 0
ℹ pass 37
ℹ fail 0
ℹ cancelled 0
ℹ skipped 0
ℹ todo 0
ℹ duration_ms 32144.989917
