TAP version 13
# Subtest: response replay: fixed answer and captured original survive repository reopen without model calls or writes
ok 1 - response replay: fixed answer and captured original survive repository reopen without model calls or writes
  ---
  duration_ms: 135.21575
  type: 'test'
  ...
# Subtest: response replay: authentic wrong answers remain failures while altered text, references and oracle hashes cannot replace originals
ok 2 - response replay: authentic wrong answers remain failures while altered text, references and oracle hashes cannot replace originals
  ---
  duration_ms: 157.046333
  type: 'test'
  ...
1..2
# tests 2
# suites 0
# pass 2
# fail 0
# cancelled 0
# skipped 0
# todo 0
# duration_ms 370.905333
