TAP version 13
# Subtest: board-mission composition: actual request and event proofs stay current independently; exact ACK, board read, withdrawal and reopen preserve the other provider
not ok 1 - board-mission composition: actual request and event proofs stay current independently; exact ACK, board read, withdrawal and reopen preserve the other provider
  ---
  duration_ms: 2691.666834
  type: 'test'
  location: '/Users/seunghanee/Documents/secumon/runtime/dist/tests/board-mission-composition.test.js:8:1'
  failureType: 'testCodeFailure'
  error: |-
    Expected values to be strictly equal:
    + actual - expected
    
    + '이 원본에 관해 확인해 줄 수 있나요? 자료 담당의 원본: 배송 확인값은 17입니다.'
    - '자료 담당의 원본: 배송 확인값은 17입니다.'
    
  code: 'ERR_ASSERTION'
  name: 'AssertionError'
  expected: '자료 담당의 원본: 배송 확인값은 17입니다.'
  actual: '이 원본에 관해 확인해 줄 수 있나요? 자료 담당의 원본: 배송 확인값은 17입니다.'
  operator: 'strictEqual'
  stack: |-
    TestContext.<anonymous> (file:///Users/seunghanee/Documents/secumon/runtime/dist/tests/board-mission-composition.test.js:85:12)
    async Test.run (node:internal/test_runner/test:1404:7)
    async startSubtestAfterBootstrap (node:internal/test_runner/harness:387:3)
  ...
# Subtest: board-mission composition: one ordinary model work reads its mission and publishes a cited board reply before completion without merging original stores
not ok 2 - board-mission composition: one ordinary model work reads its mission and publishes a cited board reply before completion without merging original stores
  ---
  duration_ms: 8130.770708
  type: 'test'
  location: '/Users/seunghanee/Documents/secumon/runtime/dist/tests/board-mission-composition.test.js:123:1'
  failureType: 'testCodeFailure'
  error: |-
    Expected values to be strictly equal:
    + actual - expected
    
    + 'blocked'
    - 'complete'
    
  code: 'ERR_ASSERTION'
  name: 'AssertionError'
  expected: 'complete'
  actual: 'blocked'
  operator: 'strictEqual'
  stack: |-
    TestContext.<anonymous> (file:///Users/seunghanee/Documents/secumon/runtime/dist/tests/board-mission-composition.test.js:171:12)
    async Test.run (node:internal/test_runner/test:1404:7)
    async Test.processPendingSubtests (node:internal/test_runner/test:969:7)
  ...
# Composition tick entry: {"workId":"work-7567c1cfb4325bf10c5d0de1ab5e4bd7237bdcb95ffc79cdb2621c22bf60dadd","revision":5,"status":"ready","attempts":[],"reconciliationIds":[],"subscriptionProviders":["board","mission"],"notificationProviders":["mission"]}
# Subtest: actual isolated profiles compare the same ordinary question and preserve complete original participant costs without recounting duplicate ledgers
ok 3 - actual isolated profiles compare the same ordinary question and preserve complete original participant costs without recounting duplicate ledgers
  ---
  duration_ms: 2049.29925
  type: 'test'
  ...
# Original profile trial records: /Users/seunghanee/Documents/secumon/runtime/evidence/C09-integrated-trial2/collaboration-profile-originals-cJImEa
# Subtest: response oracle: explicit fixed original text supports a generic response; the legacy evidence-only oracle remains strict
ok 4 - response oracle: explicit fixed original text supports a generic response; the legacy evidence-only oracle remains strict
  ---
  duration_ms: 4.392916
  type: 'test'
  ...
# Subtest: response oracle: completion and self-review cannot substitute for the captured original answer and fixed text/hash
ok 5 - response oracle: completion and self-review cannot substitute for the captured original answer and fixed text/hash
  ---
  duration_ms: 1.029333
  type: 'test'
  ...
# Subtest: response oracle: wrong goal, caller input, unsettled call and revoked original cannot qualify as the current answer
ok 6 - response oracle: wrong goal, caller input, unsettled call and revoked original cannot qualify as the current answer
  ---
  duration_ms: 0.835166
  type: 'test'
  ...
# Subtest: response oracle: delivered content, recipient and source artifact must match the original answer
ok 7 - response oracle: delivered content, recipient and source artifact must match the original answer
  ---
  duration_ms: 0.372166
  type: 'test'
  ...
# Subtest: response oracle: an expected answer does not replace required independent facts or clear counterevidence
ok 8 - response oracle: an expected answer does not replace required independent facts or clear counterevidence
  ---
  duration_ms: 0.494917
  type: 'test'
  ...
# Subtest: response oracle: changing the captured answer at the same revision is visible even when the last answer is correct
ok 9 - response oracle: changing the captured answer at the same revision is visible even when the last answer is correct
  ---
  duration_ms: 0.182959
  type: 'test'
  ...
# Subtest: response oracle: readable derived citations are allowed without replacing independent original requirements
ok 10 - response oracle: readable derived citations are allowed without replacing independent original requirements
  ---
  duration_ms: 0.998125
  type: 'test'
  ...
# Subtest: response oracle: correct answer text cannot hide an unfinished plan or unreviewed notification
ok 11 - response oracle: correct answer text cannot hide an unfinished plan or unreviewed notification
  ---
  duration_ms: 0.218292
  type: 'test'
  ...
# Subtest: native peer result proof and snapshot identity allow preparation; copied descriptors and response metadata do not create authority or new content
ok 12 - native peer result proof and snapshot identity allow preparation; copied descriptors and response metadata do not create authority or new content
  ---
  duration_ms: 208.893667
  type: 'test'
  ...
# Subtest: new plans, new request IDs and resume of the same actual peer text do not reset the unchanged no-progress bound
ok 13 - new plans, new request IDs and resume of the same actual peer text do not reset the unchanged no-progress bound
  ---
  duration_ms: 317.897667
  type: 'test'
  ...
# Subtest: an actual peer wait is not progress; its later answer is credited once while partial, reused or unadopted views are excluded
ok 14 - an actual peer wait is not progress; its later answer is credited once while partial, reused or unadopted views are excluded
  ---
  duration_ms: 179.754542
  type: 'test'
  ...
# Subtest: changed original receipt, withdrawn peer source or revoked current permission before real adoption earns no preparation credit
ok 15 - changed original receipt, withdrawn peer source or revoked current permission before real adoption earns no preparation credit
  ---
  duration_ms: 251.5235
  type: 'test'
  ...
1..15
# tests 15
# suites 0
# pass 13
# fail 2
# cancelled 0
# skipped 0
# todo 0
# duration_ms 14234.729417
