TAP version 13
# Subtest: mission control pause releases the actual workflow claim and retains the event until explicit resume
ok 1 - mission control pause releases the actual workflow claim and retains the event until explicit resume
  ---
  duration_ms: 449.757709
  type: 'test'
  ...
# Subtest: mission control cancel stops the old workflow and closes its original checkpoint without another call
ok 2 - mission control cancel stops the old workflow and closes its original checkpoint without another call
  ---
  duration_ms: 215.467208
  type: 'test'
  ...
# Subtest: mission control goal stops the old workflow and closes its original checkpoint without another call
ok 3 - mission control goal stops the old workflow and closes its original checkpoint without another call
  ---
  duration_ms: 209.542792
  type: 'test'
  ...
# Subtest: mission control idle pause and resume before a goal change closes the old wait while preserving host-closed heads
ok 4 - mission control idle pause and resume before a goal change closes the old wait while preserving host-closed heads
  ---
  duration_ms: 187.975333
  type: 'test'
  ...
# Subtest: mission control pause preserves exact native read acknowledgments and pages for both rules across reopen
ok 5 - mission control pause preserves exact native read acknowledgments and pages for both rules across reopen
  ---
  duration_ms: 1460.617417
  type: 'test'
  ...
# Subtest: mission control cleanup rejects altered command receipts and current authority without changing original records
ok 6 - mission control cleanup rejects altered command receipts and current authority without changing original records
  ---
  duration_ms: 123.125083
  type: 'test'
  ...
# Subtest: resident controls: pause persists pending events across reopen, resume uses the same session, and stop cannot be resumed
ok 7 - resident controls: pause persists pending events across reopen, resume uses the same session, and stop cannot be resumed
  ---
  duration_ms: 2214.229208
  type: 'test'
  ...
# Subtest: resident controls: an explicitly changed goal after original intake is detached without automatic execution and remains explicitly resumable
ok 8 - resident controls: an explicitly changed goal after original intake is detached without automatic execution and remains explicitly resumable
  ---
  duration_ms: 1999.536958
  type: 'test'
  ...
# Subtest: resident controls: explicitly paused or cancelled accepted event work is not reexecuted while the next event remains independent
ok 9 - resident controls: explicitly paused or cancelled accepted event work is not reexecuted while the next event remains independent
  ---
  duration_ms: 4119.367416
  type: 'test'
  ...
# Subtest: resident controls: pause during a gated source poll rejects its late page and resume reads the same cursor once
ok 10 - resident controls: pause during a gated source poll rejects its late page and resume reads the same cursor once
  ---
  duration_ms: 1110.212708
  type: 'test'
  ...
# Subtest: resident controls: an actual goal change during workflow stops automatic continuation until an explicit user resume
ok 11 - resident controls: an actual goal change during workflow stops automatic continuation until an explicit user resume
  ---
  duration_ms: 1128.505916
  type: 'test'
  ...
1..11
# tests 11
# suites 0
# pass 11
# fail 0
# cancelled 0
# skipped 0
# todo 0
# duration_ms 13482.480916
