✔ board-mission composition: actual request and event proofs stay current independently; exact ACK, board read, withdrawal and reopen preserve the other provider (5392.800916ms)
✔ board-mission composition: one ordinary model work reads its mission and publishes a cited board reply before completion without merging original stores (9581.484833ms)
ℹ Composition tick entry: {"workId":"work-be46d62b8df8fcf6e7be7c456ab66b019eba9f0b6bf520cca19602c2313e04f4","revision":5,"status":"ready","attempts":[],"reconciliationIds":[],"subscriptionProviders":["board","mission"],"notificationProviders":["mission"]}
ℹ Composition tick result: {"kind":"ran","control":{"kind":"complete","reason":"criteria_verified"},"state":{"workId":"work-be46d62b8df8fcf6e7be7c456ab66b019eba9f0b6bf520cca19602c2313e04f4","revision":65,"status":"completed","attempts":[{"id":"attempt-6316995d-2a5c-4b64-9706-2448e1b4a508","toolId":"mission.events","status":"succeeded","provider":null,"operationId":null,"receiptArtifactId":null},{"id":"attempt-a48a7345-71d1-4e20-b0a8-d37185dbb0a1","toolId":"mission.events","status":"succeeded","provider":null,"operationId":null,"receiptArtifactId":null},{"id":"attempt-7261df24-67dd-4f8e-adf9-252428dce7e6","toolId":"core.board.read","status":"succeeded","provider":null,"operationId":null,"receiptArtifactId":null},{"id":"attempt-13921846-6530-4d0e-9105-792e21072ded","toolId":"deployment.document.read","status":"succeeded","provider":null,"operationId":null,"receiptArtifactId":null},{"id":"attempt-9eb7e5c8-08bd-4f5b-8a4e-684daeee3d69","toolId":"core.board.publish","status":"succeeded","provider":"board","operationId":"board:656d45a41120598cb19a61d498a6440c34fb5c1fe64734032b83fbad3fbe527a","receiptArtifactId":"5741bdef098c20d30d6afa7e606c2f9be140c36f61bff5aecb1cdb8b28d141ee"}],"reconciliationIds":[],"subscriptionProviders":["board","mission"],"notificationProviders":[]},"statusReason":"criteria_verified","progress":{"schemaVersion":1,"goalRevision":1,"policy":{"maxUnproductiveSteps":3,"maxRepeatedFailures":3,"retryWindowMs":30000,"backoffMs":100,"maxTrackedEntries":10000},"processed":["model:model-1f50b4d9-4cc6-4ee0-a2b1-d1d6db3608c8:settled","attempt:attempt-6316995d-2a5c-4b64-9706-2448e1b4a508:settled","model:model-4700cfb2-fb5a-445b-acdb-05027bcbeee1:settled","attempt:attempt-a48a7345-71d1-4e20-b0a8-d37185dbb0a1:settled","model:model-ab721b15-7dd8-4808-b4c5-ae6a71ae0db5:settled","attempt:attempt-7261df24-67dd-4f8e-adf9-252428dce7e6:settled","model:model-8cacba33-4d2d-4e71-bab0-4b34ad71d5a4:settled","attempt:attempt-13921846-6530-4d0e-9105-792e21072ded:settled","model:model-560db7c3-1371-4bd9-ab43-171f9d1c4a4b:settled","attempt:attempt-9eb7e5c8-08bd-4f5b-8a4e-684daeee3d69:settled","model:model-db291a9c-9e3e-4f01-98f5-f0bb4018bae5:settled"],"knownKeys":["obligation:43ee1cc5df1d3d7017975645d433a66529f12158452bd36e51fa49f2617bd77a","preparation:mission-rule:2bfdccc4eafcd7a7dc0c7b3154dd11a6e8134265c50a26291d15cf745d03a08b","preparation:mission-event:d45a0a593f9e8db0ea08bae36e2391f4cf4f5300ed38e07b73dd83b08a5f677a","preparation:board-access:17619bc791f58c5dd281b11913631024fc6ed0996c672080df7e81172cff5caf","preparation:board-post:6199cf17481a98f4e685b604ec5a1eb12574f9122859050ab763c291071a614c","evidence:4f6986a8489982fb2564289bb790c93554f6d1afc2190a487dd4c056f43de1ec","preparation:board-command:fd3e07ed0bc4791d8cb210263cc4d3c31581d4a7874a206a895159b9d0a31beb","response:ee5892053c50ae57e54a7e7f6f05c6760caebc91731fb746d9584f1200b225a6"],"consecutiveUnproductive":0,"productiveSteps":7,"unproductiveSteps":4,"failures":[],"saturated":false},"budget":{"limits":{"toolCalls":24,"modelCalls":24,"tokens":2000000,"replans":20,"wallTimeMs":1800000},"used":{"toolCalls":5,"modelCalls":6,"tokens":1680,"replans":4,"unmeasuredModelCalls":0},"reservedToolCalls":0,"reservedModelCalls":0,"reservedTokens":0},"attempts":[{"id":"attempt-6316995d-2a5c-4b64-9706-2448e1b4a508","taskId":"mission-read-9","toolId":"mission.events","status":"succeeded","adopted":true,"error":null,"resultArtifactId":"4f73c9dbdc8d59c6f1e49caae60432a70555a3d34fe58c358bc14f6bb2ebafe0"},{"id":"attempt-a48a7345-71d1-4e20-b0a8-d37185dbb0a1","taskId":"mission-read-18","toolId":"mission.events","status":"succeeded","adopted":true,"error":null,"resultArtifactId":"df21b42cfde2a9d4dc79abb665d055989914f395201d551822da772df4f1d2c4"},{"id":"attempt-7261df24-67dd-4f8e-adf9-252428dce7e6","taskId":"step-28-1","toolId":"core.board.read","status":"succeeded","adopted":true,"error":null,"resultArtifactId":"cf0837f14ddf3a475dee08c9e33a8ac2fcf4af75b23ee1cd887f294ee069bc02"},{"id":"attempt-13921846-6530-4d0e-9105-792e21072ded","taskId":"step-37-1","toolId":"deployment.document.read","status":"succeeded","adopted":true,"error":null,"resultArtifactId":"d6d8de52fa079e010c1ce10c253ab242ab135635b7b0e546c6e7a8041e77751a"},{"id":"attempt-9eb7e5c8-08bd-4f5b-8a4e-684daeee3d69","taskId":"step-46-1","toolId":"core.board.publish","status":"succeeded","adopted":true,"error":null,"resultArtifactId":"cce665bd9a3ee4c2edab72d72248835723ffbffc00ad82f67a1dfe425af833c5"}],"modelDecisions":[{"id":"model-1f50b4d9-4cc6-4ee0-a2b1-d1d6db3608c8","purpose":"agent_turn","status":"accepted","reason":"plan","outcome":"ok","baseStateRevision":9,"inputArtifactId":"370e077eebe48038dc9e0e968d49b4004a3a461dd6ec4de4178b81b3184ac2b0","replyArtifactId":"b24f3793b5f87205cc2e34b7843dd8cd20b1a49b1f12f4ea8281f2563b1fd37d","decision":"plan","tasks":[{"id":"mission-read-9","toolId":"mission.events","effect":"read","dependsOn":[],"maxAttempts":1}]},{"id":"model-4700cfb2-fb5a-445b-acdb-05027bcbeee1","purpose":"agent_turn","status":"accepted","reason":"plan","outcome":"ok","baseStateRevision":18,"inputArtifactId":"1100057291ab48de82e6868436aaebd7fd6cb68e99ccb932facdf44a5f35e48e","replyArtifactId":"e22c60e7e1bc3340140e2e07b6901fb3d8034b02a84aab9d0621118e61d14e37","decision":"plan","tasks":[{"id":"mission-read-18","toolId":"mission.events","effect":"read","dependsOn":[],"maxAttempts":1}]},{"id":"model-ab721b15-7dd8-4808-b4c5-ae6a71ae0db5","purpose":"agent_turn","status":"accepted","reason":"plan","outcome":"ok","baseStateRevision":28,"inputArtifactId":"311bd63c6c5ff97d4bc74c0f06315fda04e819d01e7c6b2e7a57a9c68815d137","replyArtifactId":"a036eb5c53fda9771ad0887b8df69787775bf40d4c3856f2ec03ddc614da6265","decision":"plan","tasks":[{"id":"step-28-1","toolId":"core.board.read","effect":"read","dependsOn":[],"maxAttempts":1}]},{"id":"model-8cacba33-4d2d-4e71-bab0-4b34ad71d5a4","purpose":"agent_turn","status":"accepted","reason":"plan","outcome":"ok","baseStateRevision":37,"inputArtifactId":"5177847ff8bba3bf714aba0fd65649f73c7cd50d252daf9f711faf429babca7a","replyArtifactId":"74e7e88fb755b01f3b7c901162bd3ab212909c7503b6ebf2770fd3421e339301","decision":"plan","tasks":[{"id":"step-37-1","toolId":"deployment.document.read","effect":"read","dependsOn":[],"maxAttempts":1}]},{"id":"model-560db7c3-1371-4bd9-ab43-171f9d1c4a4b","purpose":"agent_turn","status":"accepted","reason":"plan","outcome":"ok","baseStateRevision":46,"inputArtifactId":"c8ef5e7e57780925be5c2c1b0b741efbd01f3f2cd3c9b7ac9dbdf7e57a3a97f0","replyArtifactId":"cb0b4653752a5a3b51d435987c4aa15464dc6559a6aea7850991eb093f25fae0","decision":"plan","tasks":[{"id":"step-46-1","toolId":"core.board.publish","effect":"write","dependsOn":[],"maxAttempts":1}]},{"id":"model-db291a9c-9e3e-4f01-98f5-f0bb4018bae5","purpose":"agent_turn","status":"accepted","reason":"agent_answer_stored","outcome":"ok","baseStateRevision":56,"inputArtifactId":"1a62be5cbd4a8f1c16d77c52f644dfbae905e1c36de0563920e4140f4eb110cb","replyArtifactId":"1526dc3e06ab7b6f0699f52dad8ce240c75df28607dc98ae60da5177a8864c6a","decision":"answer","evidenceIds":["original-work-be46d62b8df8fcf6e7be7c456ab66b019eba9f0b6bf520cca19602c2313e04f4"],"verdict":"satisfied"}]}
✔ POSIX SIGKILL after actual workflow completion recovers the mission checkpoint on SQLite reopen without replaying models, tools or delivery (4030.50875ms)
✔ full native mission reads acknowledge only their exact rule and retain original pages across reopen (2294.395541ms)
✔ partial mission output and an old-goal read cannot acknowledge unread current input (1460.09575ms)
✔ copied mission descriptors and a provider withdrawn during result reading cannot issue an acknowledgment (1239.298542ms)
✔ verified mission completion closes its checkpoint and releases the claim while preserving the original page across reopen (2686.163791ms)
✔ a completion receipt corrupted after workflow return cannot release a mission claim or replace its original checkpoint (1669.200625ms)
✔ mission registration is durable and requires the original checkpoint receipt and bytes after reopen (229.563708ms)
✔ empty mission polls respect the fake clock and finite drive without model or tool activity (496.964916ms)
✔ a mission event wakes the actual workflow for an explicit original read without promoting the event body to evidence (648.199ms)
✔ source failure preserves the cursor and original events, exact redelivery is deduplicated, and changed event bytes conflict (511.502834ms)
✔ an empty second mission rule does not suppress another rule event or its actual workflow read (555.637375ms)
✔ mission owner, narrowed source access and revoked host authority remain enforced across asynchronous reads (378.50525ms)
✔ goal and data generation changes retire mission input while retaining its historical originals (598.971959ms)
✔ a durable mission claim excludes a second driver and caller abort reaches an in-flight source poll (711.290458ms)
✔ tick and drive cancel noncooperative polls without a late event or failure checkpoint (372.967209ms)
✔ mission terminal recovery: one completed work closes both exact rule checkpoints and preserves their original events across reopen (3392.836292ms)
✔ mission terminal recovery: an exception after actual workflow completion is repaired on reopen without another model, tool, poll or delivery (3233.151334ms)
✔ mission terminal recovery: changed receipt digest cannot close retained checkpoints or rewrite original records (1874.395583ms)
✔ mission terminal recovery: changed receipt goal cannot close retained checkpoints or rewrite original records (1576.925459ms)
✔ mission terminal recovery: changed receipt policy cannot close retained checkpoints or rewrite original records (1385.125459ms)
✔ mission terminal recovery: changed receipt generation cannot close retained checkpoints or rewrite original records (1204.839083ms)
✔ mission terminal recovery: a committed first cleanup survives interruption and reopen publishes only the remaining rule (1361.696625ms)
✔ mission terminal recovery: completion closes an idle unclaimed rule while preserving a previously host-closed rule exactly (1573.921458ms)
✔ mission terminal recovery: unrelated durable budget after completion cannot be accepted as checkpoint cleanup (1069.716125ms)
✔ mission terminal recovery: unrelated durable removed subscriptions after completion cannot be accepted as checkpoint cleanup (1261.739792ms)
✔ mission terminal recovery: two simultaneous terminal ticks both finish and commit each rule closure once (1191.193084ms)
✔ mission entry: the ordinary model tool loop reads a newly observed event and reports it without creating personal memory or evidence (3031.112083ms)
✔ resident entry: event tasks share only their persistent conversation while the controller never executes (2509.484125ms)
✔ resident entry: independent directories and original event receipts survive reopen and reject changed redelivery (3617.705417ms)
✔ resident entry: accepted intake interrupted before its controller receipt reuses the same work after real compact and reopen (5192.072833ms)
✔ resident entry: a question remains explicitly resumable without repeated inference on an empty poll (3185.2705ms)
✔ resident entry: stopping a gated poll preserves its controller and prevents late event intake or inference (680.737125ms)
ℹ tests 34
ℹ suites 0
ℹ pass 34
ℹ fail 0
ℹ cancelled 0
ℹ skipped 0
ℹ todo 0
ℹ duration_ms 19365.589
