TAP version 13
# Subtest: collaboration evaluation: both arms must use the same fixture, mode and oracle; participant agreement cannot replace original truth
ok 1 - collaboration evaluation: both arms must use the same fixture, mode and oracle; participant agreement cannot replace original truth
  ---
  duration_ms: 5.691709
  type: 'test'
  ...
# Subtest: collaboration evaluation: original local usage is summed once without recounting sponsor grant snapshots
ok 2 - collaboration evaluation: original local usage is summed once without recounting sponsor grant snapshots
  ---
  duration_ms: 1.951042
  type: 'test'
  ...
# Subtest: collaboration evaluation: owner and scope separate equal work IDs; duplicate or conflicting snapshots are not extra participants
ok 3 - collaboration evaluation: owner and scope separate equal work IDs; duplicate or conflicting snapshots are not extra participants
  ---
  duration_ms: 1.062833
  type: 'test'
  ...
# Subtest: collaboration evaluation: an incomplete inventory, unfinished operation or unknown usage withholds cost comparability
ok 4 - collaboration evaluation: an incomplete inventory, unfinished operation or unknown usage withholds cost comparability
  ---
  duration_ms: 0.541375
  type: 'test'
  ...
# Subtest: collaboration evaluation: invalid or overflowing participant usage is rejected instead of producing a numeric cost comparison
ok 5 - collaboration evaluation: invalid or overflowing participant usage is rejected instead of producing a numeric cost comparison
  ---
  duration_ms: 1.241416
  type: 'test'
  ...
# Subtest: collaboration evaluation: the optional runner executes each arm once and stops at every abort boundary
ok 6 - collaboration evaluation: the optional runner executes each arm once and stops at every abort boundary
  ---
  duration_ms: 0.363333
  type: 'test'
  ...
# Subtest: collaboration progress: lookalikes and copied metadata never inherit native identity, including request-list fallback
ok 7 - collaboration progress: lookalikes and copied metadata never inherit native identity, including request-list fallback
  ---
  duration_ms: 6.948083
  type: 'test'
  ...
# Subtest: collaboration progress: registration snapshots preserve native identity without serializing it
ok 8 - collaboration progress: registration snapshots preserve native identity without serializing it
  ---
  duration_ms: 1.690875
  type: 'test'
  ...
# Subtest: collaboration progress: archive discovery and original body are distinct stages while revision, order, query and task churn add no credit
ok 9 - collaboration progress: archive discovery and original body are distinct stages while revision, order, query and task churn add no credit
  ---
  duration_ms: 1.539
  type: 'test'
  ...
# Subtest: collaboration progress: empty and oversized archive reads add no credit, but changed original content does
ok 10 - collaboration progress: empty and oversized archive reads add no credit, but changed original content does
  ---
  duration_ms: 0.527042
  type: 'test'
  ...
# Subtest: collaboration progress: unknown, not-applied, recovered, reused or rejected writes cannot claim publication progress
ok 11 - collaboration progress: unknown, not-applied, recovered, reused or rejected writes cannot claim publication progress
  ---
  duration_ms: 0.490167
  type: 'test'
  ...
# Subtest: collaboration progress: changing publication IDs, cause IDs and revision cannot renew the same content credit
ok 12 - collaboration progress: changing publication IDs, cause IDs and revision cannot renew the same content credit
  ---
  duration_ms: 1.3625
  type: 'test'
  ...
# Subtest: collaboration progress: reading the same publication under a new post ID and cause ID does not renew content credit
ok 13 - collaboration progress: reading the same publication under a new post ID and cause ID does not renew content credit
  ---
  duration_ms: 0.741583
  type: 'test'
  ...
# Subtest: response replay: fixed answer and captured original survive repository reopen without model calls or writes
ok 14 - response replay: fixed answer and captured original survive repository reopen without model calls or writes
  ---
  duration_ms: 124.320417
  type: 'test'
  ...
# Subtest: response replay: authentic wrong answers remain failures while altered text, references and oracle hashes cannot replace originals
ok 15 - response replay: authentic wrong answers remain failures while altered text, references and oracle hashes cannot replace originals
  ---
  duration_ms: 114.7875
  type: 'test'
  ...
# Subtest: sqlite: readonly evaluation replay authenticates full receipt history, old originals and the current resume packet after reopen
ok 16 - sqlite: readonly evaluation replay authenticates full receipt history, old originals and the current resume packet after reopen
  ---
  duration_ms: 92.570459
  type: 'test'
  ...
# Subtest: sqlite: version, pins and independently recomputed score are required without writes
ok 17 - sqlite: version, pins and independently recomputed score are required without writes
  ---
  duration_ms: 69.6705
  type: 'test'
  ...
# Subtest: sqlite: receipt omission, duplicates, absent receipts and changed stored states fail closed
ok 18 - sqlite: receipt omission, duplicates, absent receipts and changed stored states fail closed
  ---
  duration_ms: 78.510833
  type: 'test'
  ...
# Subtest: sqlite: altered oracle and expected outcome cannot be blessed by recomputing sample and score hashes
ok 19 - sqlite: altered oracle and expected outcome cannot be blessed by recomputing sample and score hashes
  ---
  duration_ms: 78.07075
  type: 'test'
  ...
# Subtest: sqlite: rehashing an altered or dropped intermediate completion cannot bypass receipt-state binding
ok 20 - sqlite: rehashing an altered or dropped intermediate completion cannot bypass receipt-state binding
  ---
  duration_ms: 63.492458
  type: 'test'
  ...
# Subtest: sqlite: repeated readonly observations and explicit status-only measurement preserve historical receipt validation
ok 21 - sqlite: repeated readonly observations and explicit status-only measurement preserve historical receipt validation
  ---
  duration_ms: 90.792875
  type: 'test'
  ...
# Subtest: sqlite: omitted historical artifacts and conflicting refs are detected independently of the supplied list
ok 22 - sqlite: omitted historical artifacts and conflicting refs are detected independently of the supplied list
  ---
  duration_ms: 64.7275
  type: 'test'
  ...
# Subtest: sqlite: deleted original is unavailable even with intact state, score and resume blob
ok 23 - sqlite: deleted original is unavailable even with intact state, score and resume blob
  ---
  duration_ms: 63.970292
  type: 'test'
  ...
# Subtest: sqlite: corrupt original is unavailable even with intact state, score and resume blob
ok 24 - sqlite: corrupt original is unavailable even with intact state, score and resume blob
  ---
  duration_ms: 76.247541
  type: 'test'
  ...
# Subtest: sqlite: historical_deleted original is unavailable even with intact state, score and resume blob
ok 25 - sqlite: historical_deleted original is unavailable even with intact state, score and resume blob
  ---
  duration_ms: 63.293917
  type: 'test'
  ...
# Subtest: sqlite: wrong owner and the current actor's narrower label policy cannot replay source bytes
ok 26 - sqlite: wrong owner and the current actor's narrower label policy cannot replay source bytes
  ---
  duration_ms: 56.16325
  type: 'test'
  ...
# Subtest: sqlite: a currently indexed original cannot override a durable lifecycle tombstone
ok 27 - sqlite: a currently indexed original cannot override a durable lifecycle tombstone
  ---
  duration_ms: 77.944167
  type: 'test'
  ...
# Subtest: sqlite: foreign, body-altered and lost resume packets fail without regeneration
ok 28 - sqlite: foreign, body-altered and lost resume packets fail without regeneration
  ---
  duration_ms: 137.028875
  type: 'test'
  ...
# Subtest: sqlite: canonical changes during original I/O prevent a successful replay result
ok 29 - sqlite: canonical changes during original I/O prevent a successful replay result
  ---
  duration_ms: 64.499875
  type: 'test'
  ...
# Subtest: sqlite: a receipt changed after initial validation is caught at the final read boundary
ok 30 - sqlite: a receipt changed after initial validation is caught at the final read boundary
  ---
  duration_ms: 60.138958
  type: 'test'
  ...
# Subtest: sqlite: caller mutation cannot replace the in-flight sample and current actor revocation is detected
ok 31 - sqlite: caller mutation cannot replace the in-flight sample and current actor revocation is detected
  ---
  duration_ms: 82.427708
  type: 'test'
  ...
# Subtest: file-journal: readonly evaluation replay authenticates full receipt history, old originals and the current resume packet after reopen
ok 32 - file-journal: readonly evaluation replay authenticates full receipt history, old originals and the current resume packet after reopen
  ---
  duration_ms: 151.778583
  type: 'test'
  ...
# Subtest: file-journal: version, pins and independently recomputed score are required without writes
ok 33 - file-journal: version, pins and independently recomputed score are required without writes
  ---
  duration_ms: 110.051167
  type: 'test'
  ...
# Subtest: file-journal: receipt omission, duplicates, absent receipts and changed stored states fail closed
ok 34 - file-journal: receipt omission, duplicates, absent receipts and changed stored states fail closed
  ---
  duration_ms: 109.187208
  type: 'test'
  ...
# Subtest: file-journal: altered oracle and expected outcome cannot be blessed by recomputing sample and score hashes
ok 35 - file-journal: altered oracle and expected outcome cannot be blessed by recomputing sample and score hashes
  ---
  duration_ms: 145.508833
  type: 'test'
  ...
# Subtest: file-journal: rehashing an altered or dropped intermediate completion cannot bypass receipt-state binding
ok 36 - file-journal: rehashing an altered or dropped intermediate completion cannot bypass receipt-state binding
  ---
  duration_ms: 165.862417
  type: 'test'
  ...
# Subtest: file-journal: repeated readonly observations and explicit status-only measurement preserve historical receipt validation
ok 37 - file-journal: repeated readonly observations and explicit status-only measurement preserve historical receipt validation
  ---
  duration_ms: 207.289792
  type: 'test'
  ...
# Subtest: file-journal: omitted historical artifacts and conflicting refs are detected independently of the supplied list
ok 38 - file-journal: omitted historical artifacts and conflicting refs are detected independently of the supplied list
  ---
  duration_ms: 158.639084
  type: 'test'
  ...
# Subtest: file-journal: deleted original is unavailable even with intact state, score and resume blob
ok 39 - file-journal: deleted original is unavailable even with intact state, score and resume blob
  ---
  duration_ms: 158.500458
  type: 'test'
  ...
# Subtest: file-journal: corrupt original is unavailable even with intact state, score and resume blob
ok 40 - file-journal: corrupt original is unavailable even with intact state, score and resume blob
  ---
  duration_ms: 134.009625
  type: 'test'
  ...
# Subtest: file-journal: historical_deleted original is unavailable even with intact state, score and resume blob
ok 41 - file-journal: historical_deleted original is unavailable even with intact state, score and resume blob
  ---
  duration_ms: 117.930834
  type: 'test'
  ...
# Subtest: file-journal: wrong owner and the current actor's narrower label policy cannot replay source bytes
ok 42 - file-journal: wrong owner and the current actor's narrower label policy cannot replay source bytes
  ---
  duration_ms: 115.023833
  type: 'test'
  ...
# Subtest: file-journal: a currently indexed original cannot override a durable lifecycle tombstone
ok 43 - file-journal: a currently indexed original cannot override a durable lifecycle tombstone
  ---
  duration_ms: 176.350416
  type: 'test'
  ...
# Subtest: file-journal: foreign, body-altered and lost resume packets fail without regeneration
ok 44 - file-journal: foreign, body-altered and lost resume packets fail without regeneration
  ---
  duration_ms: 327.357291
  type: 'test'
  ...
# Subtest: file-journal: canonical changes during original I/O prevent a successful replay result
ok 45 - file-journal: canonical changes during original I/O prevent a successful replay result
  ---
  duration_ms: 216.444583
  type: 'test'
  ...
# Subtest: file-journal: a receipt changed after initial validation is caught at the final read boundary
ok 46 - file-journal: a receipt changed after initial validation is caught at the final read boundary
  ---
  duration_ms: 120.741042
  type: 'test'
  ...
# Subtest: file-journal: caller mutation cannot replace the in-flight sample and current actor revocation is detected
ok 47 - file-journal: caller mutation cannot replace the in-flight sample and current actor revocation is detected
  ---
  duration_ms: 137.312584
  type: 'test'
  ...
# Subtest: evaluation: fixture truth distinguishes acknowledgement, first original, delivered useful answer and verified completion
ok 48 - evaluation: fixture truth distinguishes acknowledgement, first original, delivered useful answer and verified completion
  ---
  duration_ms: 6.739
  type: 'test'
  ...
# Subtest: evaluation: a runtime completed flag cannot replace the fixed expected facts
ok 49 - evaluation: a runtime completed flag cannot replace the fixed expected facts
  ---
  duration_ms: 1.19875
  type: 'test'
  ...
# Subtest: evaluation: absent expected facts do not count as verified evidence or a useful answer
ok 50 - evaluation: absent expected facts do not count as verified evidence or a useful answer
  ---
  duration_ms: 0.625583
  type: 'test'
  ...
# Subtest: evaluation: early delivered answers remain false completion even if the final state later becomes correct
ok 51 - evaluation: early delivered answers remain false completion even if the final state later becomes correct
  ---
  duration_ms: 0.819875
  type: 'test'
  ...
# Subtest: evaluation: a correct result before a declared late-evidence release fails the fixed timeline oracle
ok 52 - evaluation: a correct result before a declared late-evidence release fails the fixed timeline oracle
  ---
  duration_ms: 0.655041
  type: 'test'
  ...
# Subtest: evaluation: wrong source identity cannot satisfy an original named by the fixture oracle
ok 53 - evaluation: wrong source identity cannot satisfy an original named by the fixture oracle
  ---
  duration_ms: 0.314167
  type: 'test'
  ...
# Subtest: evaluation: wrong lineage identity cannot satisfy an original named by the fixture oracle
ok 54 - evaluation: wrong lineage identity cannot satisfy an original named by the fixture oracle
  ---
  duration_ms: 0.228833
  type: 'test'
  ...
# Subtest: evaluation: wrong observation time cannot satisfy an original named by the fixture oracle
ok 55 - evaluation: wrong observation time cannot satisfy an original named by the fixture oracle
  ---
  duration_ms: 0.211792
  type: 'test'
  ...
# Subtest: evaluation: wrong tenant cannot satisfy an original named by the fixture oracle
ok 56 - evaluation: wrong tenant cannot satisfy an original named by the fixture oracle
  ---
  duration_ms: 0.292042
  type: 'test'
  ...
# Subtest: evaluation: wrong scope cannot satisfy an original named by the fixture oracle
ok 57 - evaluation: wrong scope cannot satisfy an original named by the fixture oracle
  ---
  duration_ms: 0.228208
  type: 'test'
  ...
# Subtest: evaluation: restricted label cannot satisfy an original named by the fixture oracle
ok 58 - evaluation: restricted label cannot satisfy an original named by the fixture oracle
  ---
  duration_ms: 0.216084
  type: 'test'
  ...
# Subtest: evaluation: restricted access cannot satisfy an original named by the fixture oracle
ok 59 - evaluation: restricted access cannot satisfy an original named by the fixture oracle
  ---
  duration_ms: 0.546459
  type: 'test'
  ...
# Subtest: evaluation: retracted source cannot satisfy an original named by the fixture oracle
ok 60 - evaluation: retracted source cannot satisfy an original named by the fixture oracle
  ---
  duration_ms: 0.406208
  type: 'test'
  ...
# Subtest: evaluation: copied source cannot satisfy an original named by the fixture oracle
ok 61 - evaluation: copied source cannot satisfy an original named by the fixture oracle
  ---
  duration_ms: 0.375917
  type: 'test'
  ...
# Subtest: evaluation: partial coverage cannot satisfy an original named by the fixture oracle
ok 62 - evaluation: partial coverage cannot satisfy an original named by the fixture oracle
  ---
  duration_ms: 1.604333
  type: 'test'
  ...
# Subtest: evaluation: two required records from one lineage cannot satisfy a two-source criterion even with matching facts
ok 63 - evaluation: two required records from one lineage cannot satisfy a two-source criterion even with matching facts
  ---
  duration_ms: 0.216417
  type: 'test'
  ...
# Subtest: evaluation: duplicate source IDs, current forbidden evidence and unresolved counterevidence fail independently
ok 64 - evaluation: duplicate source IDs, current forbidden evidence and unresolved counterevidence fail independently
  ---
  duration_ms: 0.549417
  type: 'test'
  ...
# Subtest: evaluation: a pinned replacement must remain readable, accepted, original and complete without resurrecting its withdrawn predecessor
ok 65 - evaluation: a pinned replacement must remain readable, accepted, original and complete without resurrecting its withdrawn predecessor
  ---
  duration_ms: 0.889292
  type: 'test'
  ...
# Subtest: evaluation: hypothesis status and current original support are checked against the pinned final hypothesis
ok 66 - evaluation: hypothesis status and current original support are checked against the pinned final hypothesis
  ---
  duration_ms: 0.953667
  type: 'test'
  ...
# Subtest: evaluation: answer delivery requires authorized routing and explicit required evidence references
ok 67 - evaluation: answer delivery requires authorized routing and explicit required evidence references
  ---
  duration_ms: 1.057583
  type: 'test'
  ...
# Subtest: evaluation: waiting with an unknown delivery reports no useful answer latency and preserves its delivery obligation
ok 68 - evaluation: waiting with an unknown delivery reports no useful answer latency and preserves its delivery obligation
  ---
  duration_ms: 0.194542
  type: 'test'
  ...
# Subtest: evaluation: run errors and mismatched final control remain failures even for an expected blocked case
ok 69 - evaluation: run errors and mismatched final control remain failures even for an expected blocked case
  ---
  duration_ms: 0.2125
  type: 'test'
  ...
# Subtest: evaluation: completed states with pending obligations or an undelivered required response are false completion
ok 70 - evaluation: completed states with pending obligations or an undelivered required response are false completion
  ---
  duration_ms: 0.219667
  type: 'test'
  ...
# Subtest: evaluation: status-only observation of an existing completed work is not a new completion or answer
ok 71 - evaluation: status-only observation of an existing completed work is not a new completion or answer
  ---
  duration_ms: 0.294334
  type: 'test'
  ...
# Subtest: evaluation: cumulative costs cannot disappear and unknown model usage cannot become fabricated zero after resume
ok 72 - evaluation: cumulative costs cannot disappear and unknown model usage cannot become fabricated zero after resume
  ---
  duration_ms: 0.34175
  type: 'test'
  ...
# Subtest: evaluation: a real late usage report may resolve unknown reservations while preserving known and additional charges
ok 73 - evaluation: a real late usage report may resolve unknown reservations while preserving known and additional charges
  ---
  duration_ms: 0.258167
  type: 'test'
  ...
# Subtest: evaluation: a gate failure before dispatch costs zero, while a dispatched call denied before invocation remains charged
ok 74 - evaluation: a gate failure before dispatch costs zero, while a dispatched call denied before invocation remains charged
  ---
  duration_ms: 1.94625
  type: 'test'
  ...
# Subtest: evaluation: observations and source queries can repeat without duplicating intervention or context accounting
ok 75 - evaluation: observations and source queries can repeat without duplicating intervention or context accounting
  ---
  duration_ms: 0.830959
  type: 'test'
  ...
# Subtest: evaluation: context cost comes from unique persisted model calls and remains distinct from reported token usage
ok 76 - evaluation: context cost comes from unique persisted model calls and remains distinct from reported token usage
  ---
  duration_ms: 1.217042
  type: 'test'
  ...
# Subtest: evaluation summary: contract success, all-case completion and eligible completion use different explicit denominators
ok 77 - evaluation summary: contract success, all-case completion and eligible completion use different explicit denominators
  ---
  duration_ms: 7.526458
  type: 'test'
  ...
# Subtest: evaluation summary: nearest-rank p50/p95 include answer samples only and report the sample count
ok 78 - evaluation summary: nearest-rank p50/p95 include answer samples only and report the sample count
  ---
  duration_ms: 1.817125
  type: 'test'
  ...
# Subtest: evaluation summary: supplied scores join by case ID and cannot silently replace missing or duplicate cases
ok 79 - evaluation summary: supplied scores join by case ID and cannot silently replace missing or duplicate cases
  ---
  duration_ms: 0.537
  type: 'test'
  ...
# Subtest: independent SQLite profiles consult in both directions; resident sessions follow each sender and internal replies do not copy work or memory
ok 80 - independent SQLite profiles consult in both directions; resident sessions follow each sender and internal replies do not copy work or memory
  ---
  duration_ms: 4227.19575
  type: 'test'
  ...
# Subtest: temporary peer consult uses a separate request context while the same receiving profile remains available afterward
ok 81 - temporary peer consult uses a separate request context while the same receiving profile remains available afterward
  ---
  duration_ms: 3576.195916
  type: 'test'
  ...
# Subtest: tampering with a confirmed peer delivery session or agent cannot redirect the original delivery or append to another history
ok 82 - tampering with a confirmed peer delivery session or agent cannot redirect the original delivery or append to another history
  ---
  duration_ms: 1150.924125
  type: 'test'
  ...
# Subtest: structured peer reviews retain separate contexts and cause caller reassessment followed by its own discriminating observation
ok 83 - structured peer reviews retain separate contexts and cause caller reassessment followed by its own discriminating observation
  ---
  duration_ms: 3533.288041
  type: 'test'
  ...
# Subtest: compact and profile reopen preserve the first peer ticket and receiver budget; core.peer.resume never repeats receiver work
ok 84 - compact and profile reopen preserve the first peer ticket and receiver budget; core.peer.resume never repeats receiver work
  ---
  duration_ms: 1849.054958
  type: 'test'
  ...
# Subtest: sqlite: peer waiting and resume retain the original request, ticket and separate response custody
ok 85 - sqlite: peer waiting and resume retain the original request, ticket and separate response custody
  ---
  duration_ms: 231.213542
  type: 'test'
  ...
# Subtest: file-journal: peer waiting and resume retain the original request, ticket and separate response custody
ok 86 - file-journal: peer waiting and resume retain the original request, ticket and separate response custody
  ---
  duration_ms: 938.521416
  type: 'test'
  ...
# Subtest: peer review retains the exact target and structured counterargument without generating caller evidence
ok 87 - peer review retains the exact target and structured counterargument without generating caller evidence
  ---
  duration_ms: 106.615708
  type: 'test'
  ...
# Subtest: peer stale review targets and changed registered model identity cannot reuse a retained request
ok 88 - peer stale review targets and changed registered model identity cannot reuse a retained request
  ---
  duration_ms: 355.318875
  type: 'test'
  ...
# Subtest: peer ticket digest mismatch keeps only the original request and never runs the wrong recipient ticket
ok 89 - peer ticket digest mismatch keeps only the original request and never runs the wrong recipient ticket
  ---
  duration_ms: 45.707458
  type: 'test'
  ...
# Subtest: peer resume rejects a changed original receipt before any additional recipient call
ok 90 - peer resume rejects a changed original receipt before any additional recipient call
  ---
  duration_ms: 141.099375
  type: 'test'
  ...
# Subtest: peer cancellation or abort during a delayed reply preserves request and ticket but does not publish the late response
ok 91 - peer cancellation or abort during a delayed reply preserves request and ticket but does not publish the late response
  ---
  duration_ms: 109.437167
  type: 'test'
  ...
# Subtest: peer destination and label restrictions reject consultation before disclosing the original request
ok 92 - peer destination and label restrictions reject consultation before disclosing the original request
  ---
  duration_ms: 64.198084
  type: 'test'
  ...
# Subtest: runtime peer rejects malformed review, old target version and evidence references outside its recipient work
ok 93 - runtime peer rejects malformed review, old target version and evidence references outside its recipient work
  ---
  duration_ms: 1439.201959
  type: 'test'
  ...
# Subtest: runtime peer checks its current model revision before executing an accepted ticket
ok 94 - runtime peer checks its current model revision before executing an accepted ticket
  ---
  duration_ms: 204.839541
  type: 'test'
  ...
1..94
# tests 94
# suites 0
# pass 94
# fail 0
# cancelled 0
# skipped 0
# todo 0
# duration_ms 14727.62175
