node:internal/modules/run_main:107
    triggerUncaughtException(
    ^

AssertionError [ERR_ASSERTION]: Expected values to be strictly deep-equal:
+ actual - expected
... Skipped lines

  [
    {
      kind: 'directory',
      path: '.secumon'
    },
...
    {
+     bytes: 475,
+     executable: false,
+     kind: 'file',
+     path: '.secumon-local-restore-complete.json',
+     sha256: '6e4ce45554d1782f464bc28059b2d23e55edc6f142418a3d135e57c5918dc783'
+   },
+   {
      bytes: 432,
      executable: false,
      kind: 'file',
      path: 'config.json',
      sha256: '01304cd2f0675dd305f7d035b8bbd77b81dd0f5cdce3e1a86f9c6ad19d74a6ca'

    at file:///Users/seunghanee/Documents/secumon/runtime/evidence/C10-restore-recovery-apply-journal-cli.mjs:82:10 {
  generatedMessage: true,
  code: 'ERR_ASSERTION',
  actual: [
    { kind: 'directory', path: '.secumon' },
    { kind: 'directory', path: '.secumon/artifacts' },
    {
      kind: 'file',
      path: '.secumon/artifacts/102687a370d618bb7c2a6cc650150dc9e25db48c8f1cc577400d62151d7eb2a7.blob',
      bytes: 1770,
      sha256: '8a6e1531a9dd018c44c5a7b8a3194b9acff11903075569cc5490cc363d0ff37e',
      executable: false
    },
    {
      kind: 'file',
      path: '.secumon/artifacts/102687a370d618bb7c2a6cc650150dc9e25db48c8f1cc577400d62151d7eb2a7.json',
      bytes: 239,
      sha256: '7b78bddf2086fbbcc74f68fb927f38f5689e966d5da1871798517d3bd9a150d3',
      executable: false
    },
    {
      kind: 'file',
      path: '.secumon/artifacts/17846523c22e0d2d21d7ecd4ed2af36da7476dfffd96e5e6fbedda15e0368736.blob',
      bytes: 528,
      sha256: '556ca5bea14d6b39e8b20693c1cc3041ed1b71f85c772b65f51d05c1f24d2ff1',
      executable: false
    },
    {
      kind: 'file',
      path: '.secumon/artifacts/17846523c22e0d2d21d7ecd4ed2af36da7476dfffd96e5e6fbedda15e0368736.json',
      bytes: 238,
      sha256: 'bf54f4c6d1b2b45f68f4fd14accac707b62485efcabc29e14918f5f5ff8fc487',
      executable: false
    },
    {
      kind: 'file',
      path: '.secumon/artifacts/234e51f3fdd20bf1701eca6e3c7167d4658ecd549bd93cb0bae037a6c0bb427f.blob',
      bytes: 5503,
      sha256: '7bfbd4422e10e71ade31e081ecc7c6180597bc412f78153bc34e6feeaed5b872',
      executable: false
    },
    {
      kind: 'file',
      path: '.secumon/artifacts/234e51f3fdd20bf1701eca6e3c7167d4658ecd549bd93cb0bae037a6c0bb427f.json',
      bytes: 239,
      sha256: '687b62f1d8ab723a94322bb40337865a51b2e6778620e0204f477ab17a55db1e',
      executable: false
    },
    {
      kind: 'file',
      path: '.secumon/artifacts/a8dd6016bd38639c7f14260d739edea8c9d531253c9eecb7ddfdc239421f92ce.blob',
      bytes: 14669,
      sha256: '460ae803700bf7912930087c275ee6ec5ab8d2e744959dfe41b35f9ca339cedf',
      executable: false
    },
    {
      kind: 'file',
      path: '.secumon/artifacts/a8dd6016bd38639c7f14260d739edea8c9d531253c9eecb7ddfdc239421f92ce.json',
      bytes: 240,
      sha256: '084b4568d642585178baa0cdefdef1bdbdbe3ab31e088d87faa446f879b4a3f9',
      executable: false
    },
    {
      kind: 'file',
      path: '.secumon/artifacts/c700b62d1f24a5c6baf45e2a6c4b8742df17cd9db3e80cb0556875a230fcaaf5.blob',
      bytes: 18380,
      sha256: '57722de6974954e94cc76b457ad28042b39e42d5c76912469b5a637818402edf',
      executable: false
    },
    {
      kind: 'file',
      path: '.secumon/artifacts/c700b62d1f24a5c6baf45e2a6c4b8742df17cd9db3e80cb0556875a230fcaaf5.json',
      bytes: 240,
      sha256: '9b780b325c707ac6b8de4f09853e62b08bac07e62517a0c7d93d76f46dd7204d',
      executable: false
    },
    {
      kind: 'file',
      path: '.secumon/artifacts/d77047cd22011d744261ec6a1d9b35b3d1f4f07feb4d839cca6079b2b3f25d96.blob',
      bytes: 208,
      sha256: '82854a2554120b3f9b1632e298b206c3554566595c2ddd570276664e78c391e1',
      executable: false
    },
    {
      kind: 'file',
      path: '.secumon/artifacts/d77047cd22011d744261ec6a1d9b35b3d1f4f07feb4d839cca6079b2b3f25d96.json',
      bytes: 238,
      sha256: '3bd6e6b0344d282437b33c171132febe55d6307df835764d461450be4b2c3bc6',
      executable: false
    },
    {
      kind: 'file',
      path: '.secumon/channel.sqlite',
      bytes: 90112,
      sha256: '4c61d11c25f2e609e07c4feb90d86bc1008283d8eadd449d2407cfbbd2253a58',
      executable: false
    },
    {
      kind: 'file',
      path: '.secumon/channel.sqlite-wal',
      bytes: 0,
      sha256: 'e3b0c44298fc1c149afbf4c8996fb92427ae41e4649b934ca495991b7852b855',
      executable: false
    },
    {
      kind: 'file',
      path: '.secumon/document-memory-ready.json',
      bytes: 157,
      sha256: '21136a0f986a89e059403867b0524b9d75a360597589b671bd91a8a60f1c4ccb',
      executable: false
    },
    {
      kind: 'file',
      path: '.secumon/identity.json',
      bytes: 108,
      sha256: '764ce157725deadd22bce91a24fb098410e015de411fd5ceec9013bf0592345a',
      executable: false
    },
    {
      kind: 'file',
      path: '.secumon/personal-memory-profile.json',
      bytes: 157,
      sha256: '21136a0f986a89e059403867b0524b9d75a360597589b671bd91a8a60f1c4ccb',
      executable: false
    },
    {
      kind: 'file',
      path: '.secumon/setup-operation.json',
      bytes: 380,
      sha256: '51a16886cccd59e41204d56a71249cbc0d15eac0cac10b5ec06c38d544315484',
      executable: false
    },
    {
      kind: 'file',
      path: '.secumon/setup.json',
      bytes: 78,
      sha256: '7809e19cb97714d59ddff664e067b0f4be632c32a7c2ab20d1a7d88dbf6fd940',
      executable: false
    },
    { kind: 'directory', path: '.secumon/state-journal' },
    {
      kind: 'directory',
      path: '.secumon/state-journal/b257dc4569b0e2d5a54ded9a3b707474f6017f888a89d399e45e9bea0920505f'
    },
    {
      kind: 'file',
      path: '.secumon/state-journal/b257dc4569b0e2d5a54ded9a3b707474f6017f888a89d399e45e9bea0920505f/0000000000000001.json',
      bytes: 4148,
      sha256: '63b9764bd5e295b41e4c11914fab0293ebf7670b591e5aa466f63f58ffbaf4f7',
      executable: false
    },
    {
      kind: 'file',
      path: '.secumon/state-journal/b257dc4569b0e2d5a54ded9a3b707474f6017f888a89d399e45e9bea0920505f/0000000000000002.json',
      bytes: 4352,
      sha256: '40ae0e6adff73768f89b4b33e7c6633a14562104bc14144ab8f30b6d916121b1',
      executable: false
    },
    {
      kind: 'file',
      path: '.secumon/state-journal/b257dc4569b0e2d5a54ded9a3b707474f6017f888a89d399e45e9bea0920505f/0000000000000003.json',
      bytes: 4493,
      sha256: '4ddb778773e0db3132d8b09667d3f6a2246ee55a8325bb1318187bc7c9b1a0c7',
      executable: false
    },
    {
      kind: 'file',
      path: '.secumon/state-journal/b257dc4569b0e2d5a54ded9a3b707474f6017f888a89d399e45e9bea0920505f/0000000000000004.json',
      bytes: 3299,
      sha256: 'd42033b52738a97f2e3e9cb488d2c6632a2d396697e188f42d185e7e6d137b45',
      executable: false
    },
    {
      kind: 'file',
      path: '.secumon/state-journal/b257dc4569b0e2d5a54ded9a3b707474f6017f888a89d399e45e9bea0920505f/0000000000000005.json',
      bytes: 5293,
      sha256: 'c644057d53d4704d91aadf5fff79d26b3f1d7480835cb859b758fa472787f1e5',
      executable: false
    },
    {
      kind: 'file',
      path: '.secumon/state-journal/b257dc4569b0e2d5a54ded9a3b707474f6017f888a89d399e45e9bea0920505f/0000000000000006.json',
      bytes: 5263,
      sha256: 'ba799571c71b81caade606e76417076715096a92beca0c88fa739f6711e6d8cc',
      executable: false
    },
    {
      kind: 'file',
      path: '.secumon/state-journal/b257dc4569b0e2d5a54ded9a3b707474f6017f888a89d399e45e9bea0920505f/0000000000000007.json',
      bytes: 5450,
      sha256: '167f14682494298b251ef8c787ec421bcb32b16995b12045d4f313d38784563e',
      executable: false
    },
    {
      kind: 'file',
      path: '.secumon/state-journal/b257dc4569b0e2d5a54ded9a3b707474f6017f888a89d399e45e9bea0920505f/0000000000000008.json',
      bytes: 6458,
      sha256: '82c8cde6da375ea3f44845250f7309a91b2843c1b8f43a1e2961cf6ce0260860',
      executable: false
    },
    {
      kind: 'file',
      path: '.secumon/state-journal/b257dc4569b0e2d5a54ded9a3b707474f6017f888a89d399e45e9bea0920505f/0000000000000009.json',
      bytes: 6989,
      sha256: '75764c7be8e17724f5db05667b675c9a73f7db029aa6d14323797a56174e91f8',
      executable: false
    },
    {
      kind: 'file',
      path: '.secumon/state-journal/b257dc4569b0e2d5a54ded9a3b707474f6017f888a89d399e45e9bea0920505f/0000000000000010.json',
      bytes: 6993,
      sha256: '31e3652d150255a955cb8bd49e5f4689d8a628275f7753c36c1bba5136bf05e4',
      executable: false
    },
    {
      kind: 'file',
      path: '.secumon/state-journal/b257dc4569b0e2d5a54ded9a3b707474f6017f888a89d399e45e9bea0920505f/0000000000000011.json',
      bytes: 7699,
      sha256: '4a43a99ccd624545b08900701b892496872d0a5827a8b6ad12defeaaddbd6c11',
      executable: false
    },
    {
      kind: 'file',
      path: '.secumon/state-journal/b257dc4569b0e2d5a54ded9a3b707474f6017f888a89d399e45e9bea0920505f/0000000000000012.json',
      bytes: 8810,
      sha256: 'a5f0f6f274bf1662b1c98efc73f32668a5bfffeb3dd66ed94b449b04f5aa5fbb',
      executable: false
    },
    {
      kind: 'file',
      path: '.secumon/state-journal/format.json',
      bytes: 177,
      sha256: 'b3a08293ff4a71796d743d88e83407ffbd6fb4415fd56bca2579fba92f2000f6',
      executable: false
    },
    {
      kind: 'file',
      path: '.secumon/state-profile.json',
      bytes: 112,
      sha256: '5bf5402b7f44ce74539f59f63bec093884ca8d8adc2786aabe8af1f135ed2ae0',
      executable: false
    },
    {
      kind: 'file',
      path: '.secumon/storage-selection.json',
      bytes: 98,
      sha256: 'fb1cdd71d6f4bba6a438e7d0a94944fd8ff89d71339d6762d5b4727f0365aa2f',
      executable: false
    },
    {
      kind: 'file',
      path: '.secumon-local-restore-complete.json',
      bytes: 475,
      sha256: '6e4ce45554d1782f464bc28059b2d23e55edc6f142418a3d135e57c5918dc783',
      executable: false
    },
    {
      kind: 'file',
      path: 'config.json',
      bytes: 432,
      sha256: '01304cd2f0675dd305f7d035b8bbd77b81dd0f5cdce3e1a86f9c6ad19d74a6ca',
      executable: false
    },
    { kind: 'directory', path: 'memory' },
    { kind: 'directory', path: 'memory/documents' },
    {
      kind: 'file',
      path: 'memory/documents/format.json',
      bytes: 62,
      sha256: '0c825cf474c3a82a9211030c523275de42dd28c9fff5a70d2302e14249aadafe',
      executable: false
    },
    {
      kind: 'file',
      path: 'memory/documents/owner.json',
      bytes: 145,
      sha256: 'a6266fe01f3d84a6d103abd5fc21d2a14fc66f2b786120cf0a19809420f7c647',
      executable: false
    },
    {
      kind: 'file',
      path: 'memory/memory.sqlite',
      bytes: 53248,
      sha256: 'c415e7c00b69a71cb7697e43d4d423c462a0d8772d920ce21a329f148cbe75e1',
      executable: false
    },
    {
      kind: 'file',
      path: 'memory/memory.sqlite-wal',
      bytes: 0,
      sha256: 'e3b0c44298fc1c149afbf4c8996fb92427ae41e4649b934ca495991b7852b855',
      executable: false
    },
    { kind: 'directory', path: 'skills' },
    { kind: 'directory', path: 'workspace' }
  ],
  expected: [
    { kind: 'directory', path: '.secumon' },
    { kind: 'directory', path: '.secumon/artifacts' },
    {
      kind: 'file',
      path: '.secumon/artifacts/102687a370d618bb7c2a6cc650150dc9e25db48c8f1cc577400d62151d7eb2a7.blob',
      bytes: 1770,
      sha256: '8a6e1531a9dd018c44c5a7b8a3194b9acff11903075569cc5490cc363d0ff37e',
      executable: false
    },
    {
      kind: 'file',
      path: '.secumon/artifacts/102687a370d618bb7c2a6cc650150dc9e25db48c8f1cc577400d62151d7eb2a7.json',
      bytes: 239,
      sha256: '7b78bddf2086fbbcc74f68fb927f38f5689e966d5da1871798517d3bd9a150d3',
      executable: false
    },
    {
      kind: 'file',
      path: '.secumon/artifacts/17846523c22e0d2d21d7ecd4ed2af36da7476dfffd96e5e6fbedda15e0368736.blob',
      bytes: 528,
      sha256: '556ca5bea14d6b39e8b20693c1cc3041ed1b71f85c772b65f51d05c1f24d2ff1',
      executable: false
    },
    {
      kind: 'file',
      path: '.secumon/artifacts/17846523c22e0d2d21d7ecd4ed2af36da7476dfffd96e5e6fbedda15e0368736.json',
      bytes: 238,
      sha256: 'bf54f4c6d1b2b45f68f4fd14accac707b62485efcabc29e14918f5f5ff8fc487',
      executable: false
    },
    {
      kind: 'file',
      path: '.secumon/artifacts/234e51f3fdd20bf1701eca6e3c7167d4658ecd549bd93cb0bae037a6c0bb427f.blob',
      bytes: 5503,
      sha256: '7bfbd4422e10e71ade31e081ecc7c6180597bc412f78153bc34e6feeaed5b872',
      executable: false
    },
    {
      kind: 'file',
      path: '.secumon/artifacts/234e51f3fdd20bf1701eca6e3c7167d4658ecd549bd93cb0bae037a6c0bb427f.json',
      bytes: 239,
      sha256: '687b62f1d8ab723a94322bb40337865a51b2e6778620e0204f477ab17a55db1e',
      executable: false
    },
    {
      kind: 'file',
      path: '.secumon/artifacts/a8dd6016bd38639c7f14260d739edea8c9d531253c9eecb7ddfdc239421f92ce.blob',
      bytes: 14669,
      sha256: '460ae803700bf7912930087c275ee6ec5ab8d2e744959dfe41b35f9ca339cedf',
      executable: false
    },
    {
      kind: 'file',
      path: '.secumon/artifacts/a8dd6016bd38639c7f14260d739edea8c9d531253c9eecb7ddfdc239421f92ce.json',
      bytes: 240,
      sha256: '084b4568d642585178baa0cdefdef1bdbdbe3ab31e088d87faa446f879b4a3f9',
      executable: false
    },
    {
      kind: 'file',
      path: '.secumon/artifacts/c700b62d1f24a5c6baf45e2a6c4b8742df17cd9db3e80cb0556875a230fcaaf5.blob',
      bytes: 18380,
      sha256: '57722de6974954e94cc76b457ad28042b39e42d5c76912469b5a637818402edf',
      executable: false
    },
    {
      kind: 'file',
      path: '.secumon/artifacts/c700b62d1f24a5c6baf45e2a6c4b8742df17cd9db3e80cb0556875a230fcaaf5.json',
      bytes: 240,
      sha256: '9b780b325c707ac6b8de4f09853e62b08bac07e62517a0c7d93d76f46dd7204d',
      executable: false
    },
    {
      kind: 'file',
      path: '.secumon/artifacts/d77047cd22011d744261ec6a1d9b35b3d1f4f07feb4d839cca6079b2b3f25d96.blob',
      bytes: 208,
      sha256: '82854a2554120b3f9b1632e298b206c3554566595c2ddd570276664e78c391e1',
      executable: false
    },
    {
      kind: 'file',
      path: '.secumon/artifacts/d77047cd22011d744261ec6a1d9b35b3d1f4f07feb4d839cca6079b2b3f25d96.json',
      bytes: 238,
      sha256: '3bd6e6b0344d282437b33c171132febe55d6307df835764d461450be4b2c3bc6',
      executable: false
    },
    {
      kind: 'file',
      path: '.secumon/channel.sqlite',
      bytes: 90112,
      sha256: '4c61d11c25f2e609e07c4feb90d86bc1008283d8eadd449d2407cfbbd2253a58',
      executable: false
    },
    {
      kind: 'file',
      path: '.secumon/channel.sqlite-wal',
      bytes: 0,
      sha256: 'e3b0c44298fc1c149afbf4c8996fb92427ae41e4649b934ca495991b7852b855',
      executable: false
    },
    {
      kind: 'file',
      path: '.secumon/document-memory-ready.json',
      bytes: 157,
      sha256: '21136a0f986a89e059403867b0524b9d75a360597589b671bd91a8a60f1c4ccb',
      executable: false
    },
    {
      kind: 'file',
      path: '.secumon/identity.json',
      bytes: 108,
      sha256: '764ce157725deadd22bce91a24fb098410e015de411fd5ceec9013bf0592345a',
      executable: false
    },
    {
      kind: 'file',
      path: '.secumon/personal-memory-profile.json',
      bytes: 157,
      sha256: '21136a0f986a89e059403867b0524b9d75a360597589b671bd91a8a60f1c4ccb',
      executable: false
    },
    {
      kind: 'file',
      path: '.secumon/setup-operation.json',
      bytes: 380,
      sha256: '51a16886cccd59e41204d56a71249cbc0d15eac0cac10b5ec06c38d544315484',
      executable: false
    },
    {
      kind: 'file',
      path: '.secumon/setup.json',
      bytes: 78,
      sha256: '7809e19cb97714d59ddff664e067b0f4be632c32a7c2ab20d1a7d88dbf6fd940',
      executable: false
    },
    { kind: 'directory', path: '.secumon/state-journal' },
    {
      kind: 'directory',
      path: '.secumon/state-journal/b257dc4569b0e2d5a54ded9a3b707474f6017f888a89d399e45e9bea0920505f'
    },
    {
      kind: 'file',
      path: '.secumon/state-journal/b257dc4569b0e2d5a54ded9a3b707474f6017f888a89d399e45e9bea0920505f/0000000000000001.json',
      bytes: 4148,
      sha256: '63b9764bd5e295b41e4c11914fab0293ebf7670b591e5aa466f63f58ffbaf4f7',
      executable: false
    },
    {
      kind: 'file',
      path: '.secumon/state-journal/b257dc4569b0e2d5a54ded9a3b707474f6017f888a89d399e45e9bea0920505f/0000000000000002.json',
      bytes: 4352,
      sha256: '40ae0e6adff73768f89b4b33e7c6633a14562104bc14144ab8f30b6d916121b1',
      executable: false
    },
    {
      kind: 'file',
      path: '.secumon/state-journal/b257dc4569b0e2d5a54ded9a3b707474f6017f888a89d399e45e9bea0920505f/0000000000000003.json',
      bytes: 4493,
      sha256: '4ddb778773e0db3132d8b09667d3f6a2246ee55a8325bb1318187bc7c9b1a0c7',
      executable: false
    },
    {
      kind: 'file',
      path: '.secumon/state-journal/b257dc4569b0e2d5a54ded9a3b707474f6017f888a89d399e45e9bea0920505f/0000000000000004.json',
      bytes: 3299,
      sha256: 'd42033b52738a97f2e3e9cb488d2c6632a2d396697e188f42d185e7e6d137b45',
      executable: false
    },
    {
      kind: 'file',
      path: '.secumon/state-journal/b257dc4569b0e2d5a54ded9a3b707474f6017f888a89d399e45e9bea0920505f/0000000000000005.json',
      bytes: 5293,
      sha256: 'c644057d53d4704d91aadf5fff79d26b3f1d7480835cb859b758fa472787f1e5',
      executable: false
    },
    {
      kind: 'file',
      path: '.secumon/state-journal/b257dc4569b0e2d5a54ded9a3b707474f6017f888a89d399e45e9bea0920505f/0000000000000006.json',
      bytes: 5263,
      sha256: 'ba799571c71b81caade606e76417076715096a92beca0c88fa739f6711e6d8cc',
      executable: false
    },
    {
      kind: 'file',
      path: '.secumon/state-journal/b257dc4569b0e2d5a54ded9a3b707474f6017f888a89d399e45e9bea0920505f/0000000000000007.json',
      bytes: 5450,
      sha256: '167f14682494298b251ef8c787ec421bcb32b16995b12045d4f313d38784563e',
      executable: false
    },
    {
      kind: 'file',
      path: '.secumon/state-journal/b257dc4569b0e2d5a54ded9a3b707474f6017f888a89d399e45e9bea0920505f/0000000000000008.json',
      bytes: 6458,
      sha256: '82c8cde6da375ea3f44845250f7309a91b2843c1b8f43a1e2961cf6ce0260860',
      executable: false
    },
    {
      kind: 'file',
      path: '.secumon/state-journal/b257dc4569b0e2d5a54ded9a3b707474f6017f888a89d399e45e9bea0920505f/0000000000000009.json',
      bytes: 6989,
      sha256: '75764c7be8e17724f5db05667b675c9a73f7db029aa6d14323797a56174e91f8',
      executable: false
    },
    {
      kind: 'file',
      path: '.secumon/state-journal/b257dc4569b0e2d5a54ded9a3b707474f6017f888a89d399e45e9bea0920505f/0000000000000010.json',
      bytes: 6993,
      sha256: '31e3652d150255a955cb8bd49e5f4689d8a628275f7753c36c1bba5136bf05e4',
      executable: false
    },
    {
      kind: 'file',
      path: '.secumon/state-journal/b257dc4569b0e2d5a54ded9a3b707474f6017f888a89d399e45e9bea0920505f/0000000000000011.json',
      bytes: 7699,
      sha256: '4a43a99ccd624545b08900701b892496872d0a5827a8b6ad12defeaaddbd6c11',
      executable: false
    },
    {
      kind: 'file',
      path: '.secumon/state-journal/b257dc4569b0e2d5a54ded9a3b707474f6017f888a89d399e45e9bea0920505f/0000000000000012.json',
      bytes: 8810,
      sha256: 'a5f0f6f274bf1662b1c98efc73f32668a5bfffeb3dd66ed94b449b04f5aa5fbb',
      executable: false
    },
    {
      kind: 'file',
      path: '.secumon/state-journal/format.json',
      bytes: 177,
      sha256: 'b3a08293ff4a71796d743d88e83407ffbd6fb4415fd56bca2579fba92f2000f6',
      executable: false
    },
    {
      kind: 'file',
      path: '.secumon/state-profile.json',
      bytes: 112,
      sha256: '5bf5402b7f44ce74539f59f63bec093884ca8d8adc2786aabe8af1f135ed2ae0',
      executable: false
    },
    {
      kind: 'file',
      path: '.secumon/storage-selection.json',
      bytes: 98,
      sha256: 'fb1cdd71d6f4bba6a438e7d0a94944fd8ff89d71339d6762d5b4727f0365aa2f',
      executable: false
    },
    {
      kind: 'file',
      path: 'config.json',
      bytes: 432,
      sha256: '01304cd2f0675dd305f7d035b8bbd77b81dd0f5cdce3e1a86f9c6ad19d74a6ca',
      executable: false
    },
    { kind: 'directory', path: 'memory' },
    { kind: 'directory', path: 'memory/documents' },
    {
      kind: 'file',
      path: 'memory/documents/format.json',
      bytes: 62,
      sha256: '0c825cf474c3a82a9211030c523275de42dd28c9fff5a70d2302e14249aadafe',
      executable: false
    },
    {
      kind: 'file',
      path: 'memory/documents/owner.json',
      bytes: 145,
      sha256: 'a6266fe01f3d84a6d103abd5fc21d2a14fc66f2b786120cf0a19809420f7c647',
      executable: false
    },
    {
      kind: 'file',
      path: 'memory/memory.sqlite',
      bytes: 53248,
      sha256: 'c415e7c00b69a71cb7697e43d4d423c462a0d8772d920ce21a329f148cbe75e1',
      executable: false
    },
    {
      kind: 'file',
      path: 'memory/memory.sqlite-wal',
      bytes: 0,
      sha256: 'e3b0c44298fc1c149afbf4c8996fb92427ae41e4649b934ca495991b7852b855',
      executable: false
    },
    { kind: 'directory', path: 'skills' },
    { kind: 'directory', path: 'workspace' }
  ],
  operator: 'deepStrictEqual',
  diff: 'simple'
}

Node.js v24.20.0
