✔ engine dependencies follow nested and internal ancestor node_modules including scoped packages and required peers (8.40275ms)
✔ engine dependencies refuse missing production packages and required peers without borrowing an outside installation (3.597209ms)
✔ engine dependencies allow absent optional and dev packages but verify present optional closure and terminate cycles (6.653542ms)
✔ engine dependencies bind npm aliases to their declared names and reject nearer name mismatches without falling back (4.614125ms)
✔ engine dependencies reject changed captured manifests and unsafe declarations while preserving their exact originals (3.022917ms)
✔ engine dependencies reject a package directory replaced by an outside symlink without reading or adopting it (1.543125ms)
✔ engine dependencies enforce manifest and captured entry bounds before consuming oversized input (2.67025ms)
✔ preparation revalidates the selected engine registration after its final source manifest read (134.882209ms)
✔ preparation creates a real verified bundle, installation and selector without changing source or agent files (131.503625ms)
✔ two agents reuse the identical prepared source installation and its original selector and registration (140.998584ms)
✔ changing actual source executable bytes prepares a new digest while preserving the prior selected installation (255.283417ms)
✔ a selected missing or corrupted engine is rejected without selecting a substitute or rewriting the selector (162.093834ms)
✔ registry failure preserves the actual complete installation and retry registers that same engine without reinstalling (131.792ms)
✔ SIGKILL before the installed manifest publication retains the partial attempt and a later preparation uses a new attempt (278.402583ms)
✔ SIGKILL after the installed manifest link preserves both original hardlinks and retry selects a new completed attempt (286.048042ms)
✔ two real preparing processes publish competing complete candidates but converge on one original no-replace selector (318.547709ms)
ℹ tests 16
ℹ suites 0
ℹ pass 16
ℹ fail 0
ℹ cancelled 0
ℹ skipped 0
ℹ todo 0
ℹ duration_ms 2062.219416
