TAP version 13
# Subtest: full POSIX source and historical release without the native asset are rejected before installation
ok 1 - full POSIX source and historical release without the native asset are rejected before installation
  ---
  duration_ms: 16.308785
  type: 'test'
  ...
# Subtest: native source and installed copies load through a fixed child without candidate JS or inherited Node preloads
ok 2 - native source and installed copies load through a fixed child without candidate JS or inherited Node preloads
  ---
  duration_ms: 307.273441
  type: 'test'
  ...
# Subtest: metadata inspection and wrong digest do not load native code; trusted install and registration reject incompatible binaries
ok 3 - metadata inspection and wrong digest do not load native code; trusted install and registration reject incompatible binaries
  ---
  duration_ms: 131.333743
  type: 'test'
  ...
# Subtest: replacing a previously verified native pathname cannot reuse the earlier process load
ok 4 - replacing a previously verified native pathname cannot reuse the earlier process load
  ---
  duration_ms: 220.061189
  type: 'test'
  ...
# Subtest: installation original npm package supports cached offline global bin setup and preserves work across reinstall
not ok 5 - installation original npm package supports cached offline global bin setup and preserves work across reinstall
  ---
  duration_ms: 2559.060082
  type: 'test'
  location: '/home/shaneee/secumon-c10-403.A0DpgL/runtime/dist/tests/agent-installation.test.js:98:1'
  failureType: 'testCodeFailure'
  error: 'offline installation requires the pre-existing cached tarball for @modelcontextprotocol/client@2.0.0'
  code: 'ERR_ASSERTION'
  name: 'AssertionError'
  expected: true
  actual: ~
  operator: '=='
  stack: |-
    copyDependencyCache (file:///home/shaneee/secumon-c10-403.A0DpgL/runtime/dist/tests/agent-installation.test.js:80:20)
    async TestContext.<anonymous> (file:///home/shaneee/secumon-c10-403.A0DpgL/runtime/dist/tests/agent-installation.test.js:130:9)
    async Test.run (node:internal/test_runner/test:1404:7)
    async startSubtestAfterBootstrap (node:internal/test_runner/harness:387:3)
  ...
# Subtest: installation bundled engine uses its returned offline command and consumes packaged assets
ok 6 - installation bundled engine uses its returned offline command and consumes packaged assets
  ---
  duration_ms: 8389.331033
  type: 'test'
  ...
# Subtest: restore recovery apply CLI requires offline confirmation before profile access
ok 7 - restore recovery apply CLI requires offline confirmation before profile access
  ---
  duration_ms: 1.769671
  type: 'test'
  ...
# Subtest: restore recovery apply CLI requires a selected package and its exact digest before profile access
ok 8 - restore recovery apply CLI requires a selected package and its exact digest before profile access
  ---
  duration_ms: 0.459646
  type: 'test'
  ...
# Subtest: restore recovery apply status CLI requires the selected package before profile access
ok 9 - restore recovery apply status CLI requires the selected package before profile access
  ---
  duration_ms: 0.195071
  type: 'test'
  ...
# Subtest: applying the newer full originals requires fresh reconciliation before the original work answers without repeating its external effect
ok 10 - applying the newer full originals requires fresh reconciliation before the original work answers without repeating its external effect
  ---
  duration_ms: 1969.118495
  type: 'test'
  ...
# Subtest: same-operation apply resumes after an injected original_preserved callback failure without replacing originals or executing work
ok 11 - same-operation apply resumes after an injected original_preserved callback failure without replacing originals or executing work
  ---
  duration_ms: 850.288269
  type: 'test'
  ...
# Subtest: same-operation apply resumes after an injected restored callback failure without replacing originals or executing work
ok 12 - same-operation apply resumes after an injected restored callback failure without replacing originals or executing work
  ---
  duration_ms: 963.666037
  type: 'test'
  ...
# Subtest: same-operation apply resumes after an injected identity_rebound callback failure without replacing originals or executing work
ok 13 - same-operation apply resumes after an injected identity_rebound callback failure without replacing originals or executing work
  ---
  duration_ms: 1000.249328
  type: 'test'
  ...
# Subtest: apply refuses missing offline confirmation or a different package digest before publishing an operation
ok 14 - apply refuses missing offline confirmation or a different package digest before publishing an operation
  ---
  duration_ms: 513.439663
  type: 'test'
  ...
# Subtest: a prepared package cannot retire current originals changed after preparation
ok 15 - a prepared package cannot retire current originals changed after preparation
  ---
  duration_ms: 521.332637
  type: 'test'
  ...
# Subtest: unrelated occupied retirement and operation directories are preserved and never adopted for apply
ok 16 - unrelated occupied retirement and operation directories are preserved and never adopted for apply
  ---
  duration_ms: 612.725069
  type: 'test'
  ...
# Subtest: same-operation apply preserves a real partially copied file and restores from the untouched archive into a fresh root
ok 17 - same-operation apply preserves a real partially copied file and restores from the untouched archive into a fresh root
  ---
  duration_ms: 751.588591
  type: 'test'
  ...
# Subtest: initial apply resumes across intent staging and publication while retaining an unclaimed staging directory
ok 18 - initial apply resumes across intent staging and publication while retaining an unclaimed staging directory
  ---
  duration_ms: 1177.605641
  type: 'test'
  ...
# Subtest: initial apply resumes the exact original gate after a real POSIX link and an injected publication exception
ok 19 - initial apply resumes the exact original gate after a real POSIX link and an injected publication exception
  ---
  duration_ms: 1060.937611
  type: 'test'
  ...
# Subtest: initial apply retains pre-nonce seeds and resumes the published exact seed with its original restoration nonce
ok 20 - initial apply retains pre-nonce seeds and resumes the published exact seed with its original restoration nonce
  ---
  duration_ms: 985.313699
  type: 'test'
  ...
# Subtest: initial apply refuses an unrelated replacement root with no marker or copied seed bytes without changing either object
ok 21 - initial apply refuses an unrelated replacement root with no marker or copied seed bytes without changing either object
  ---
  duration_ms: 762.05634
  type: 'test'
  ...
# Subtest: initial apply refuses same-byte replacement of the recorded gate object and retains the original gate
ok 22 - initial apply refuses same-byte replacement of the recorded gate object and retains the original gate
  ---
  duration_ms: 593.245377
  type: 'test'
  ...
# Subtest: sqlite: full agent backup restores pruned command receipts and event segments before original replay and redelivery
not ok 23 - sqlite: full agent backup restores pruned command receipts and event segments before original replay and redelivery
  ---
  duration_ms: 628.791269
  type: 'test'
  location: '/home/shaneee/secumon-c10-403.A0DpgL/runtime/dist/tests/agent-retained-history.test.js:5:5'
  failureType: 'testCodeFailure'
  error: |-
    Expected values to be strictly equal:
    + actual - expected
    
    + 'unresolved'
    - 'reconciled'
    
  code: 'ERR_ASSERTION'
  name: 'AssertionError'
  expected: 'reconciled'
  actual: 'unresolved'
  operator: 'strictEqual'
  stack: |-
    retainedHistoryRestoreFixture (file:///home/shaneee/secumon-c10-403.A0DpgL/runtime/dist/tests/agent-retained-history-fixture.js:160:12)
    async TestContext.<anonymous> (file:///home/shaneee/secumon-c10-403.A0DpgL/runtime/dist/tests/agent-retained-history.test.js:6:19)
    async Test.run (node:internal/test_runner/test:1404:7)
    async startSubtestAfterBootstrap (node:internal/test_runner/harness:387:3)
  ...
# Subtest: file-journal: full agent backup restores pruned command receipts and event segments before original replay and redelivery
not ok 24 - file-journal: full agent backup restores pruned command receipts and event segments before original replay and redelivery
  ---
  duration_ms: 572.216532
  type: 'test'
  location: '/home/shaneee/secumon-c10-403.A0DpgL/runtime/dist/tests/agent-retained-history.test.js:5:5'
  failureType: 'testCodeFailure'
  error: |-
    Expected values to be strictly equal:
    + actual - expected
    
    + 'unresolved'
    - 'reconciled'
    
  code: 'ERR_ASSERTION'
  name: 'AssertionError'
  expected: 'reconciled'
  actual: 'unresolved'
  operator: 'strictEqual'
  stack: |-
    retainedHistoryRestoreFixture (file:///home/shaneee/secumon-c10-403.A0DpgL/runtime/dist/tests/agent-retained-history-fixture.js:160:12)
    async TestContext.<anonymous> (file:///home/shaneee/secumon-c10-403.A0DpgL/runtime/dist/tests/agent-retained-history.test.js:6:19)
    async Test.run (node:internal/test_runner/test:1404:7)
    async Test.processPendingSubtests (node:internal/test_runner/test:969:7)
  ...
1..24
# tests 24
# suites 0
# pass 21
# fail 3
# cancelled 0
# skipped 0
# todo 0
# duration_ms 26037.35332
