✔ default SQLite personal selection stays bound on restart without creating a document store (633.113625ms)
✖ a completed document store cannot disappear and silently return an empty SQLite personal partition (706.810042ms)
✔ registration completion can resume after the owner was created without discarding a committed memory (930.943167ms)
✔ documents cannot be assigned over an existing SQLite store without a migration (161.050458ms)
✔ replacing the config with a legacy default cannot reroute an assigned document partition (548.553166ms)
✔ a missing assignment behind an existing completion does not create a new owner (724.729333ms)
✔ moving the whole document-backed agent keeps its owner, receipts and revision transitions (965.369584ms)
✔ personal repository errors do not fall back and closing still releases both repositories (0.230333ms)
✔ first document open reobserves assignment when another process publishes readiness after its initial ENOENT (1053.197584ms)
✔ simultaneous document first opens converge on the same assignment and readiness without replacing them (898.333708ms)
✔ sqlite initialization recovers after actual termination at before-profile (746.249417ms)
✔ sqlite initialization recovers after actual termination at published-profile (758.634958ms)
✔ file-journal initialization recovers after actual termination at before-profile (736.570083ms)
✔ file-journal initialization recovers after actual termination at published-profile (798.86375ms)
✔ assignment permits recovery of the empty runtime.sqlite left by actual termination (577.641208ms)
✔ assignment permits recovery of the empty memory.sqlite left by actual termination (589.808458ms)
✔ assignment permits recovery of the empty channel.sqlite left by actual termination (732.150375ms)
✔ an empty preexisting state database without assignment is not adopted (225.372792ms)
✔ an empty preexisting memory database without assignment is not adopted (242.1565ms)
✔ an empty preexisting channel database without assignment is not adopted (215.423125ms)
✔ a valid assignment cannot adopt a database with unknown application data (403.328ms)
✔ competing backend snapshots publish one choice and cannot create both stores (564.595083ms)
✔ two agent stores reuse existing adapters while separating identical work/memory IDs and preserving reopen (1187.576542ms)
✔ agent work files cannot traverse into engine or another agent and remain separate (1049.919834ms)
✔ copying another agents database is detected by its durable owner before runtime access (1029.284875ms)
✔ unowned existing databases are not silently adopted (441.815916ms)
✔ symlink database and sidecar destinations cannot overwrite another file (404.682958ms)
✔ changing config after SQLite initialization cannot replace it with an empty journal (660.468583ms)
✔ sqlite/documents-simple: delete blocks derived copies and pending result; restart preserves tombstone and cancellation works after bytes are absent (280.663042ms)
✔ sqlite/observations-simple: delete blocks derived copies and pending result; restart preserves tombstone and cancellation works after bytes are absent (250.168542ms)
✔ file-journal/documents-simple: delete blocks derived copies and pending result; restart preserves tombstone and cancellation works after bytes are absent (341.354208ms)
✔ file-journal/observations-simple: delete blocks derived copies and pending result; restart preserves tombstone and cancellation works after bytes are absent (865.106333ms)
✔ sqlite: lifecycle ownership, concurrent generation and command identity are enforced (140.237792ms)
✔ sqlite: a question prepared before access removal is superseded without sending its text (148.730625ms)
✔ sqlite: data removal preserves an already dispatched write as an unresolved effect (140.573458ms)
✔ sqlite: tool reply is revalidated after lifecycle change during artifact storage (161.153792ms)
✔ sqlite: model reply is revalidated after lifecycle change during artifact storage (234.20075ms)
✔ sqlite: validity retraction allows labelled historical inspection and correction uses a new immutable evidence ID (140.404292ms)
✔ sqlite: a stored core.calls.get copy cannot expose deleted source content (191.205209ms)
✔ sqlite: evidence read rechecks a lifecycle change during artifact I/O (156.63125ms)
✔ sqlite: original read rechecks a lifecycle change during artifact I/O (124.760917ms)
✔ sqlite: result read rechecks a lifecycle change during artifact I/O (133.863667ms)
✔ sqlite: old dispatched tool reply after deletion is stored only as a sanitized failure (135.022375ms)
✔ sqlite: late model reply after deletion retains measured usage without retaining forbidden proposal text (236.768291ms)
✔ file-journal: lifecycle ownership, concurrent generation and command identity are enforced (566.76875ms)
✔ file-journal: a question prepared before access removal is superseded without sending its text (805.259708ms)
✔ file-journal: data removal preserves an already dispatched write as an unresolved effect (649.093ms)
✔ file-journal: tool reply is revalidated after lifecycle change during artifact storage (529.225125ms)
✔ file-journal: model reply is revalidated after lifecycle change during artifact storage (647.466625ms)
✔ file-journal: validity retraction allows labelled historical inspection and correction uses a new immutable evidence ID (579.307708ms)
✔ file-journal: a stored core.calls.get copy cannot expose deleted source content (1024.910167ms)
✔ file-journal: evidence read rechecks a lifecycle change during artifact I/O (511.537125ms)
✔ file-journal: original read rechecks a lifecycle change during artifact I/O (511.220959ms)
✔ file-journal: result read rechecks a lifecycle change during artifact I/O (507.383959ms)
✔ file-journal: old dispatched tool reply after deletion is stored only as a sanitized failure (498.733166ms)
✔ file-journal: late model reply after deletion retains measured usage without retaining forbidden proposal text (708.56775ms)
✔ owned v1 migration preserves exact work JSON, sources, receipts and index state without personal adoption (48.3595ms)
✔ migration copy failure rolls back schema and all data, then the same owner can retry (50.652917ms)
✔ unowned, foreign-owned and malformed legacy databases cannot be silently migrated (94.808083ms)
✔ independent scoped reopens retain legacy shared/reviewed records and work index lag semantics (54.313833ms)
✔ actual SIGKILL at migration copied preserves the atomic schema and original receipt (162.938583ms)
✔ actual SIGKILL at migration committed preserves the atomic schema and original receipt (116.082792ms)
✔ history queries a strict open-start closed-end interval and carries its bounds across pages (50.6415ms)
✔ legacy history cursors keep lower bound zero and malformed interval cursors fail closed (37.479041ms)
✔ compact storage is an owner-checked additive extension; three revisions and receipts survive reopen without changing raw state (56.865667ms)
✔ summary CAS permits same-cutoff recovery and immutable earlier prefixes without regressing the active head (55.140542ms)
✔ summary history can find an older same-cutoff revision before falling back to an earlier prefix (44.906709ms)
✔ policy reconstruction can retain several bounded prefixes below a newer physical head, then replace the same cutoff (55.18925ms)
✔ summary previous refs and scopes cannot substitute another agent, user or session (53.2425ms)
✔ compact publish refuses missing or foreign channel owners before adding extension tables (138.798875ms)
✔ summary publication rollback preserves head and receipt; failed first publication rolls back its schema migration (96.121042ms)
✔ two channel connections compete by summary CAS and recheck a changed owner before reading published summaries (72.5005ms)
✔ session aliases persist by owner and route; explicit identifiers only resume their exact scope (36.0685ms)
✔ intake receipt is durable and idempotent; late settlement never replaces a newer active work (35.14525ms)
✔ head CAS retains tail and historic prefixes, assigning each candidate one permanent revision (33.4575ms)
✔ local response reference and canonical message commit atomically, with no response-body copy (41.177166ms)
✔ a failed user-reference transaction leaves neither receipt nor consumed sequence (24.890917ms)
✔ history applies label and destination policy before paging and binds cursors to a fixed scope/policy/prefix (23.627917ms)
✔ delivery scope mismatch cannot append a message, and a missing session reference cannot claim delivered (23.231917ms)
✔ enabling sessions never adopts legacy local message bodies into a new session (27.661333ms)
✔ agent-store composition exposes owner-bound sessions separately from each agents long-term memory (1149.125791ms)
✔ memory: recent metadata is bounded at the requested revision and omits payloads without changing state (10.111791ms)
✔ memory: pages progress once per matching work across Unicode IDs and isolate the complete binding scope (6.87575ms)
✔ memory: query limits, malformed cursors and empty repositories have a defined result (3.74275ms)
✔ sqlite: recent metadata is bounded at the requested revision and omits payloads without changing state (48.440625ms)
✔ sqlite: pages progress once per matching work across Unicode IDs and isolate the complete binding scope (31.029292ms)
✔ sqlite: query limits, malformed cursors and empty repositories have a defined result (14.58225ms)
✔ file-journal: recent metadata is bounded at the requested revision and omits payloads without changing state (404.236458ms)
✔ file-journal: pages progress once per matching work across Unicode IDs and isolate the complete binding scope (816.344167ms)
✔ file-journal: query limits, malformed cursors and empty repositories have a defined result (33.2755ms)
✔ journal: each page inspects only its directory budget and a foreign-only page still advances (461.169375ms)
✔ journal: cold, warm and external append distinguish body hashing from parsed and replayed records (313.563ms)
✔ journal: a warm query rejects same-length after caching the complete history (106.481458ms)
✔ journal: a warm query rejects middle-delete after caching the complete history (104.652292ms)
✔ journal: a warm query rejects tail-delete after caching the complete history (104.706709ms)
✔ journal: a warm query rejects replacement after caching the complete history (110.2115ms)
✔ journal: a warm query rejects symlink after caching the complete history (111.383583ms)
✔ journal: a warm query rejects mode after caching the complete history (102.669917ms)
✔ journal: a warm query rejects header after caching the complete history (156.501042ms)
✔ journal: a warm read still fails when the directory durability fence fails (92.570125ms)
✔ journal: pending-link cleanup retries a warm read once even when timestamps stay unchanged (63.879833ms)
✔ journal: repeated record changes exhaust the bounded read retry and fail closed (75.335833ms)
✔ journal: cache accounting includes historical receipt snapshots and eviction releases record identities (137.4905ms)
✔ journal: a delayed older commit acknowledgement cannot lower a newer observed head with caching disabled (123.232625ms)
✔ sqlite: transactional migration backfills query indexes and an already open legacy writer keeps them current (119.782542ms)
✔ sqlite: migration failure rolls back schema and leaves the legacy records unchanged (106.470541ms)
✔ sqlite: reopening an intermediate v2 store rebuilds stale indexes and replaces old triggers transactionally (110.131584ms)
✔ sqlite: a failed index write rolls back canonical state, events, receipt and binding changes together (56.454667ms)
✔ sqlite: bounded query SQL selects metadata and IDs without loading event or work bodies (55.004208ms)
ℹ tests 109
ℹ suites 0
ℹ pass 108
ℹ fail 1
ℹ cancelled 0
ℹ skipped 0
ℹ todo 0
ℹ duration_ms 36506.36875

✖ failing tests:

test at dist/tests/agent-document-memory.test.js:50:1
✖ a completed document store cannot disappear and silently return an empty SQLite personal partition (706.810042ms)
  AssertionError [ERR_ASSERTION]: The input did not match the regular expression /agent_document_memory_missing/. Input:
  
  'Error: document_knowledge_store_missing'
  
      at async TestContext.<anonymous> (file:///Users/seunghanee/Documents/secumon/runtime/dist/tests/agent-document-memory.test.js:62:9)
      at async Test.run (node:internal/test_runner/test:1404:7)
      at async Test.processPendingSubtests (node:internal/test_runner/test:969:7) {
    generatedMessage: true,
    code: 'ERR_ASSERTION',
    actual: Error: document_knowledge_store_missing
        at assertDocumentKnowledgeStore (file:///Users/seunghanee/Documents/secumon/runtime/dist/infrastructure/document-knowledge-owner.js:274:15)
        at inspectDocuments (file:///Users/seunghanee/Documents/secumon/runtime/dist/infrastructure/agent-storage-compatibility.js:96:28)
        at inspectAgentLocalStorageCompatibility (file:///Users/seunghanee/Documents/secumon/runtime/dist/infrastructure/agent-storage-compatibility.js:148:5)
        at openAgentStores (file:///Users/seunghanee/Documents/secumon/runtime/dist/infrastructure/agent-stores.js:93:9)
        at Object.open (file:///Users/seunghanee/Documents/secumon/runtime/dist/tests/agent-document-memory.test.js:19:88)
        at TestContext.<anonymous> (file:///Users/seunghanee/Documents/secumon/runtime/dist/tests/agent-document-memory.test.js:62:32)
        at async Test.run (node:internal/test_runner/test:1404:7)
        at async Test.processPendingSubtests (node:internal/test_runner/test:969:7),
    expected: /agent_document_memory_missing/,
    operator: 'rejects',
    diff: 'simple'
  }
