✔ restore recovery apply CLI requires offline confirmation before profile access (1.526167ms)
✔ restore recovery apply CLI requires a selected package and its exact digest before profile access (0.201875ms)
✔ restore recovery apply status CLI requires the selected package before profile access (0.082125ms)
✔ applying the newer full originals requires fresh reconciliation before the original work answers without repeating its external effect (9410.100458ms)
✔ same-operation apply resumes after an injected original_preserved callback failure without replacing originals or executing work (5353.9825ms)
✔ same-operation apply resumes after an injected restored callback failure without replacing originals or executing work (3820.591542ms)
✔ same-operation apply resumes after an injected identity_rebound callback failure without replacing originals or executing work (2775.126333ms)
✔ apply refuses missing offline confirmation or a different package digest before publishing an operation (2090.660541ms)
✔ a prepared package cannot retire current originals changed after preparation (1968.989042ms)
✔ unrelated occupied retirement and operation directories are preserved and never adopted for apply (1815.978417ms)
✔ same-operation apply preserves a real partially copied file and restores from the untouched archive into a fresh root (1691.605209ms)
✔ directory retirement moves the exact native object and repeated retirement preserves a newly restored source (53.046541ms)
✔ directory retirement and its native entry reject occupied destinations without overwriting either object (15.461667ms)
✔ directory retirement rejects wrong source or parent identity and forbidden or nonsibling destinations before mutation (11.996417ms)
ℹ tests 14
ℹ suites 0
ℹ pass 14
ℹ fail 0
ℹ cancelled 0
ℹ skipped 0
ℹ todo 0
ℹ duration_ms 29222.158625
