✔ agent CLI shared options preserve route defaults and standalone work selection (1.077792ms)
✔ agent launcher selects ordinary routes with the same directory option and last duplicate (0.874833ms)
✔ agent launcher uses parsed values rather than option-shaped text and token scanning (0.300625ms)
✔ agent launcher preserves option terminators and the CLI first-token route boundary (0.125459ms)
✔ agent launcher leaves bootstrap management and invalid parsers to the existing CLI (0.600959ms)
✔ agent launcher does not adopt a standalone data directory as an agent root (0.080833ms)
✔ one unchanged CLI entry selects each agent pinned registered engine, preserves the saved work on resume and refuses unregistered or modified installations (105677.10375ms)
✔ explicit engine registration is idempotent and rejects wrong digests or overlapping registry paths without writes (365.148167ms)
✔ a pin selects its exact installation path and never borrows another same-byte directory registration (546.579084ms)
✔ same-byte installation directory replacement is rejected without replacing the original registration (360.200625ms)
✔ selection preserves and rejects foreign pin owners, broken history, and nested agent paths (413.612167ms)
✔ a changed registry record is rejected on resolve and is not silently repaired by register (306.294708ms)
✔ selection rechecks the original registration after the actual release read and refuses a mid-read record change (287.676667ms)
✔ the actual lifecycle CLI installs and automatically registers a metadata release in an isolated host registry (612.135083ms)
✔ registration failure after CLI installation preserves the installation for explicit registration without reinstalling (527.322709ms)
✔ selected engine terminal preserves argv, cwd, stdin, stderr, exit status and forwards a signal sent only to its parent (92.922708ms)
✔ extension API: declared compatibility checks engine API and required capabilities independently of provider versions (1.324791ms)
✔ extension API: legacy inventory and legacy release support stay unverified, while host strict policy refuses omissions (0.227667ms)
✔ extension API: captured declarations preserve semantic ordering and refuse later changes or removal (0.180375ms)
✔ extension API: every registered factory family rejects unsupported declarations without invoking its callback (0.682833ms)
✔ extension API: a selected model declaration change is rejected before its captured factory runs (104.354167ms)
✔ extension API: general profile opens declared selected adapters; feature-off registrations are never inspected (302.324417ms)
✔ extension API: strict profile refuses undeclared adapters before stores and callbacks; legacy open reports unverified (419.554417ms)
✔ extension API: declaration changes during earlier acquisition stop the later model and close acquired resources (324.709959ms)
✔ extension API: enabled optional registration incompatibility stops general profile before any store or open (682.7745ms)
✔ extension API: local release check, pin and real update share declared host checks; PG rejects before connecting (85624.952042ms)
ℹ tests 26
ℹ suites 0
ℹ pass 26
ℹ fail 0
ℹ cancelled 0
ℹ skipped 0
ℹ todo 0
ℹ duration_ms 197051.179042
