✔ initial setup schema 3 fixes first-pin lineage and owner while retaining explicit storage selections (3.674417ms)
✔ initial receipt and optional setup support preserve legacy receipt and release bytes (2.014375ms)
✔ raw setup compatibility sees unfinished operation 3 and refuses malformed or unsupported records (14.636792ms)
✔ runtime setup compatibility rejects legacy releases even before the initial pin is published (27.024417ms)
✔ runtime pinned schema 3 checks setup support in addition to the exact release digest (26.14325ms)
✔ local and all-Postgres lifecycle purposes reject unsupported setup before reading physical stores (4.801166ms)
✔ a fresh profile from an installed release publishes one original operation-linked registration, pin and receipt (240.669875ms)
✔ development, already initialized unpinned, and cloned profiles are not silently adopted by an installed release (326.041625ms)
✔ completed initial-engine proofs preserve the original selection while refusing missing operation or pin and altered proof bodies (223.862625ms)
✔ SIGKILL after operation-linked resumes the exact original initial-engine publication (269.747625ms)
✔ SIGKILL after pin-linked resumes the exact original initial-engine publication (266.990959ms)
✔ SIGKILL after receipt-linked resumes the exact original initial-engine publication (260.421875ms)
▶ concurrent initializers converge on one original operation and a different engine cannot adopt the winner work
  ✔ same installed release (281.44425ms)
  ✔ different installed releases (343.069458ms)
✔ concurrent initializers converge on one original operation and a different engine cannot adopt the winner work (624.997708ms)
✔ a full installed CLI automatically pins a new SQLite agent before open and the ordinary synthetic tool loop (31465.024584ms)
ℹ tests 16
ℹ suites 0
ℹ pass 16
ℹ fail 0
ℹ cancelled 0
ℹ skipped 0
ℹ todo 0
ℹ duration_ms 33768.76775
