   Compiling proc-macro2 v1.0.107
   Compiling quote v1.0.47
   Compiling unicode-ident v1.0.24
   Compiling futures-sink v0.3.34
   Compiling napi-build v2.4.1
   Compiling futures-core v0.3.34
   Compiling libc v0.2.189
   Compiling cfg-if v1.0.4
   Compiling futures-channel v0.3.34
   Compiling pin-project-lite v0.2.17
   Compiling futures-task v0.3.34
   Compiling futures-io v0.3.34
   Compiling slab v0.4.12
   Compiling memchr v2.8.3
   Compiling unicode-segmentation v1.13.3
   Compiling getrandom v0.4.3
   Compiling napi v3.12.2
   Compiling libloading v0.9.0
   Compiling ctor v1.0.13
   Compiling semver v1.0.28
   Compiling convert_case v0.11.0
   Compiling napi-sys v3.3.0
   Compiling secumon-windows-files v0.1.0 (/home/shaneee/secumon-c10-403.A0DpgL/native)
   Compiling windows-link v0.2.1
   Compiling bitflags v2.13.1
   Compiling nohash-hasher v0.2.0
   Compiling rustc-hash v2.1.3
   Compiling syn v3.0.5
   Compiling syn v2.0.119
   Compiling windows-sys v0.61.2
   Compiling uuid v1.26.0
   Compiling futures-macro v0.3.34
   Compiling futures-util v0.3.34
   Compiling napi-derive-backend v6.1.2
   Compiling napi-derive v3.6.3
   Compiling futures-executor v0.3.34
   Compiling futures v0.3.34
    Finished `dev` profile [unoptimized + debuginfo] target(s) in 11.78s
