✔ sqlite: a verified local restore needs explicit rebind before stores reopen with all original records (2241.533292ms)
✔ file-journal: a verified local restore needs explicit rebind before stores reopen with all original records (2849.051542ms)
✔ rebind rejects the wrong expected head, backup, operation, and missing offline confirmation without changing registration (1836.391125ms)
✔ a pending restore marker prevents rebind even when a matching completion marker exists (1495.4465ms)
✔ an older restore without a completion marker is preserved and cannot manufacture rebind authority (1494.009333ms)
✔ a real live runtime lease blocks restore rebind and is neither deleted nor taken over (1175.586792ms)
✔ same-operation rebind retry is idempotent and does not authorize another copy or the preserved old object (1460.596083ms)
✔ changed restored bytes are not accepted solely on the completion marker (1111.899167ms)
✔ changed archive originals are rejected and retained instead of trusting only the saved digest field (777.478667ms)
✔ an older pre-write backup remains blocked after identity rebind when the actual external history contains an unaccounted effect (3236.19475ms)
✔ an accounted-effect backup requires verified external reconciliation before the ordinary workflow answers without writing again (4917.736709ms)
✔ publication failure keeps a provisional receipt blocked and retries only the unchanged original proof (2837.138083ms)
✔ the same backup has a new restore occurrence and cannot reuse copied clearance; new backups omit clearance (2929.807ms)
✔ a synchronous source that starves the timer cannot publish beyond the shared deadline (1840.553167ms)
✔ restore reconciliation CLI requires offline confirmation before profile access (0.8075ms)
✔ restore reconciliation CLI requires host sources before profile access (0.106333ms)
✔ restore reconciliation CLI rejects an empty host source registration (0.084875ms)
✔ restore reconciliation rejects absent sources and reports without matching identity, basis, or original evidence (1811.225584ms)
✔ an unresolved source preserves its findings and keeps restore startup blocked (1698.441667ms)
✔ a source that changes before verification cannot publish restore clearance (1719.57125ms)
✔ changing a restored original during source inspection invalidates the captured basis (1709.50275ms)
✔ a timed out reader is aborted and its later consistent report cannot issue clearance (1645.61525ms)
✔ every registered source must inspect and verify before restore clearance is published (1477.403667ms)
✔ source functions and registration are captured before an awaited reader permits host replacement (1216.753583ms)
✔ an active maintenance owner blocks source inspection and retains its own lease (1172.186042ms)
✔ repeating a matching restore clearance preserves its receipt and does not re-read completed sources (1173.600708ms)
ℹ tests 26
ℹ suites 0
ℹ pass 26
ℹ fail 0
ℹ cancelled 0
ℹ skipped 0
ℹ todo 0
ℹ duration_ms 14565.864583
