✔ clone resumes with one identity after actual process termination at setup-operation.json (363.021666ms)
✔ clone resumes with one identity after actual process termination at setup.json (455.434792ms)
✔ clone resumes with one identity after actual process termination at identity.json (418.001959ms)
✔ clone resumes with one identity after actual process termination at config.json (481.152958ms)
✔ clone resumes with one identity after actual process termination at skill (532.908042ms)
✔ clone resumes with one identity after actual process termination at before-complete (539.831959ms)
✔ a published completion survives process termination and later source/skill edits do not trigger recopy (422.01525ms)
✔ source changes and target conflicts are preserved during explicit clone resume (495.870583ms)
✔ pending clone blocks nested setup and CLI repair explains explicit clone resume (890.323667ms)
✔ general initialization keeps its selected identity after interruption at the operation marker (401.239375ms)
✔ competing clone commands never assign two identities to the same destination (428.284375ms)
✔ initialization and clone contention leave a single coherent ready profile (381.825125ms)
✔ a target config changed during skill publication cannot be marked clone-complete (392.797791ms)
✔ legacy v1 setup without an operation marker reopens untouched and repairs with its existing identity (282.302458ms)
✔ pending filenames cannot hide data in clone memory, workspace or artifact directories (1100.990417ms)
✔ one interrupted publication at the entries boundary can resume with its safe pending file (10032.516458ms)
✔ one interrupted publication at the bytes boundary can resume with its safe pending file (580.2595ms)
✔ explicit engine registration is idempotent and rejects wrong digests or overlapping registry paths without writes (415.213375ms)
✔ a pin selects its exact installation path and never borrows another same-byte directory registration (702.727209ms)
✔ same-byte installation directory replacement is rejected without replacing the original registration (510.153667ms)
✔ selection preserves and rejects foreign pin owners, broken history, and nested agent paths (601.375667ms)
✔ a changed registry record is rejected on resolve and is not silently repaired by register (464.429833ms)
✔ selection rechecks the original registration after the actual release read and refuses a mid-read record change (418.084417ms)
✔ the actual lifecycle CLI installs and automatically registers a metadata release in an isolated host registry (688.417292ms)
✔ registration failure after CLI installation preserves the installation for explicit registration without reinstalling (673.391625ms)
✔ agent setup preserves files, creates private identity/config and reopens without a model (162.483167ms)
✔ status and invalid initialization options do not create files (6.686208ms)
✔ separate directories get distinct IDs and moving a directory preserves its identity (301.376458ms)
✔ initialization can finish after a process stops between identity and config publication (228.442167ms)
✔ missing identity uses explicit repair with the existing config; missing completed config is not reset (214.621792ms)
✔ completed layout repairs missing directories only with explicit repair and preserves existing state (211.839334ms)
✔ unknown data without identity is not assigned a new ID (6.961375ms)
✔ config identity mismatch, unsupported versions and malformed documents are preserved (152.183ms)
✔ metadata symlinks and external hard links cannot be used for setup (147.048375ms)
✔ managed directory links and writable/public metadata are rejected without changing permissions (137.346083ms)
✔ engine overlap and nested agent registration are rejected (131.459542ms)
✔ CLI first call, status, version and invalid commands expose readiness without claiming runtime execution (671.9215ms)
✔ separate CLI processes initializing concurrently settle on exactly one identity (770.357292ms)
✔ setup mutations: a new private root syncs its unchanged 0755 parent before publishing ownership (213.627292ms)
✔ setup mutations: a failed new-root parent barrier reports creation uncertainty and a retry finishes the existing directory (238.79725ms)
✔ setup mutations: write-failure before identity publication preserves the original I/O cause and resumes the same operation (272.301333ms)
✔ setup mutations: file-sync-failure before identity publication preserves the original I/O cause and resumes the same operation (269.496625ms)
✔ setup mutations: link-after-failure reports published uncertainty with the original cause and can re-observe the same identity (254.263875ms)
✔ setup mutations: unlink-failure reports published uncertainty with the original cause and can re-observe the same identity (252.905667ms)
✔ setup mutations: directory-sync-failure reports published uncertainty with the original cause and can re-observe the same identity (252.527334ms)
✔ setup mutations: swap-parent after a candidate fsync rejects substitution without cleaning foreign names (129.016584ms)
✔ setup mutations: swap-root after a candidate fsync rejects substitution without cleaning foreign names (116.005791ms)
✔ setup mutations: swap-metadata after a candidate fsync rejects substitution without cleaning foreign names (116.984ms)
✔ setup mutations: the engine boundary rejects before any mutation scope can create a target (70.215375ms)
✔ setup mutations: actual SIGKILL at kill-identity-synced preserves the published operation and resumes without reallocating identity (247.574375ms)
✔ setup mutations: actual SIGKILL at kill-config-linked preserves the published operation and resumes without reallocating identity (248.273208ms)
✔ setup mutations: actual SIGKILL at kill-receipt-linked preserves the published operation and resumes without reallocating identity (256.551459ms)
✔ sqlite initialization recovers after actual termination at before-profile (673.564917ms)
✔ sqlite initialization recovers after actual termination at published-profile (678.0715ms)
✔ file-journal initialization recovers after actual termination at before-profile (729.767666ms)
✔ file-journal initialization recovers after actual termination at published-profile (715.105ms)
✔ assignment permits recovery of the empty runtime.sqlite left by actual termination (559.900666ms)
✔ assignment permits recovery of the empty memory.sqlite left by actual termination (585.726667ms)
✔ assignment permits recovery of the empty channel.sqlite left by actual termination (601.343ms)
✔ an empty preexisting state database without assignment is not adopted (181.019542ms)
✔ an empty preexisting memory database without assignment is not adopted (193.191458ms)
✔ an empty preexisting channel database without assignment is not adopted (203.892125ms)
✔ a valid assignment cannot adopt a database with unknown application data (387.342666ms)
✔ competing backend snapshots publish one choice and cannot create both stores (471.200875ms)
ℹ tests 64
ℹ suites 0
ℹ pass 64
ℹ fail 0
ℹ cancelled 0
ℹ skipped 0
ℹ todo 0
ℹ duration_ms 35110.039833
