✔ agent CLI shared options preserve route defaults and standalone work selection (0.895209ms)
✔ agent launcher selects ordinary routes with the same directory option and last duplicate (0.682792ms)
✔ agent launcher uses parsed values rather than option-shaped text and token scanning (0.265958ms)
✔ agent launcher preserves option terminators and the CLI first-token route boundary (0.117583ms)
✔ agent launcher leaves bootstrap management and invalid parsers to the existing CLI (0.609291ms)
✔ agent launcher does not adopt a standalone data directory as an agent root (0.106208ms)
✔ one unchanged CLI entry selects each agent pinned registered engine, preserves the saved work on resume and refuses unregistered or modified installations (139733.563625ms)
✔ agent setup preserves files, creates private identity/config and reopens without a model (197.711084ms)
✔ status and invalid initialization options do not create files (6.608291ms)
✔ separate directories get distinct IDs and moving a directory preserves its identity (566.869583ms)
✔ initialization can finish after a process stops between identity and config publication (416.267667ms)
✔ missing identity uses explicit repair with the existing config; missing completed config is not reset (392.635917ms)
✔ completed layout repairs missing directories only with explicit repair and preserves existing state (440.434666ms)
✔ unknown data without identity is not assigned a new ID (28.029542ms)
✔ config identity mismatch, unsupported versions and malformed documents are preserved (233.41475ms)
✔ metadata symlinks and external hard links cannot be used for setup (316.653083ms)
✔ managed directory links and writable/public metadata are rejected without changing permissions (324.6235ms)
✔ engine overlap and nested agent registration are rejected (276.754833ms)
✔ CLI first call, status, version and invalid commands expose readiness without claiming runtime execution (1104.447084ms)
✔ separate CLI processes initializing concurrently settle on exactly one identity (975.041583ms)
✔ chat failure status shows only delivered current restrictions without executing or changing stored work (9085.461833ms)
✔ chat failure status withholds earlier reason and generation deliveries until a current failure is delivered (6990.636042ms)
✔ chat failure status retains its snapshot only for a knowledge projection change and propagates access denial (2984.015667ms)
✔ chat uses the trusted identity registry and retains the default registered model (2528.423917ms)
✔ sqlite: installed chat CLI accepts a plain request, resumes its session and carries actual X replies into Y (4284.163083ms)
✔ file-journal: installed chat CLI accepts a plain request, resumes its session and carries actual X replies into Y (21525.643ms)
✔ chat fast path plans one real fixture read and synthesizes a sourced answer without a graph replan (2712.5485ms)
✔ chat followup distinguishes more input from resolving a question and preserves the original requirement (4751.732083ms)
✔ chat step-limited execution resumes in another process without accepting another request (16978.52425ms)
✔ chat session selection prevents displaying or mutating a work from another session or agent (4377.22425ms)
✔ chat requires an explicit provider before creating a profile and prints only concise user-facing messages (1194.410333ms)
✔ sqlite: generic correction survives repeated compact as an exact assistant citation and a later command-backed answer (2734.949625ms)
✔ file-journal: generic correction survives repeated compact as an exact assistant citation and a later command-backed answer (34224.329834ms)
✔ CLI resumes across processes, keeps conversation/work identities and separates disconnect, pause and cancel (2853.673792ms)
✔ CLI human output is reception plus result, with no internal events or ANSI: documents-simple (421.76ms)
✔ CLI human output is reception plus result, with no internal events or ANSI: observations-simple (435.548417ms)
✔ CLI goal changes require an explicit revision and failures have no success JSON on stdout (734.759792ms)
✔ CLI checkpoint is a derived reference and an old resume file does not reverse a paused work (1697.262042ms)
✔ extension API: declared compatibility checks engine API and required capabilities independently of provider versions (1.180625ms)
✔ extension API: legacy inventory and legacy release support stay unverified, while host strict policy refuses omissions (0.196125ms)
✔ extension API: captured declarations preserve semantic ordering and refuse later changes or removal (0.17575ms)
✔ extension API: every registered factory family rejects unsupported declarations without invoking its callback (0.674625ms)
✔ extension API: a selected model declaration change is rejected before its captured factory runs (68.223209ms)
✔ extension API: general profile opens declared selected adapters; feature-off registrations are never inspected (197.177084ms)
✔ extension API: strict profile refuses undeclared adapters before stores and callbacks; legacy open reports unverified (173.538083ms)
✔ extension API: declaration changes during earlier acquisition stop the later model and close acquired resources (203.540208ms)
✔ extension API: enabled optional registration incompatibility stops general profile before any store or open (332.833875ms)
✔ extension API: local release check, pin and real update share declared host checks; PG rejects before connecting (76045.561417ms)
✔ migration preserves compacted session, profile bytes and receipts; ordinary memory edits continue on documents (2671.630084ms)
✔ management CLI rejects unconfirmed or stale previews without creating an operation, then activates the fixed request (1828.610417ms)
✔ activation loss gates ordinary opening; same-operation resume restores routing and a damaged target never falls back (1599.610416ms)
✔ preview does not adopt an invalid original personal-memory assignment or conflicting ready marker (602.753917ms)
✔ lost migration metadata cannot reopen a fenced source or create replacement state and channel stores (1466.920042ms)
✔ actual SIGKILL before-activation resumes the same agent and migration (1979.07325ms)
✔ actual SIGKILL after-activation resumes the same agent and migration (1767.944167ms)
ℹ tests 55
ℹ suites 0
ℹ pass 55
ℹ fail 0
ℹ cancelled 0
ℹ skipped 0
ℹ todo 0
ℹ duration_ms 203373.377667
