✔ sqlite: a verified local restore needs explicit rebind before stores reopen with all original records (1769.580209ms)
✔ file-journal: a verified local restore needs explicit rebind before stores reopen with all original records (2161.632417ms)
✔ rebind rejects the wrong expected head, backup, operation, and missing offline confirmation without changing registration (1471.04075ms)
✔ a pending restore marker prevents rebind even when a matching completion marker exists (996.024375ms)
✔ an older restore without a completion marker is preserved and cannot manufacture rebind authority (788.847292ms)
✔ a real live runtime lease blocks restore rebind and is neither deleted nor taken over (791.2915ms)
✔ same-operation rebind retry is idempotent and does not authorize another copy or the preserved old object (981.521167ms)
✔ changed restored bytes are not accepted solely on the completion marker (822.583292ms)
✔ changed archive originals are rejected and retained instead of trusting only the saved digest field (469.417458ms)
✔ an older pre-write backup remains blocked after identity rebind when the actual external history contains an unaccounted effect (2412.847708ms)
✔ an accounted-effect backup requires verified external reconciliation before the ordinary workflow answers without writing again (3824.295084ms)
✔ publication failure keeps a provisional receipt blocked and retries only the unchanged original proof (2109.093875ms)
✔ the same backup has a new restore occurrence and cannot reuse copied clearance; new backups omit clearance (2301.546625ms)
✔ a synchronous source that starves the timer cannot publish beyond the shared deadline (1440.322542ms)
✔ restore reconciliation CLI requires offline confirmation before profile access (1.495291ms)
✔ restore reconciliation CLI requires host sources before profile access (0.118416ms)
✔ restore reconciliation CLI rejects an empty host source registration (0.094625ms)
✔ restore reconciliation rejects absent sources and reports without matching identity, basis, or original evidence (1371.19075ms)
✔ an unresolved source preserves its findings and keeps restore startup blocked (1284.897917ms)
✔ a source that changes before verification cannot publish restore clearance (1376.475542ms)
✔ changing a restored original during source inspection invalidates the captured basis (1369.996959ms)
✔ a timed out reader is aborted and its later consistent report cannot issue clearance (1018.198334ms)
✔ every registered source must inspect and verify before restore clearance is published (829.392417ms)
✔ source functions and registration are captured before an awaited reader permits host replacement (874.104167ms)
✔ an active maintenance owner blocks source inspection and retains its own lease (831.592959ms)
✔ repeating a matching restore clearance preserves its receipt and does not re-read completed sources (814.281125ms)
ℹ tests 26
ℹ suites 0
ℹ pass 26
ℹ fail 0
ℹ cancelled 0
ℹ skipped 0
ℹ todo 0
ℹ duration_ms 10356.297417
