{
  "checkpoint": 403,
  "platform": "linux",
  "arch": "x64",
  "node": "v24.20.0",
  "addonPath": "/home/shaneee/secumon-c10-403.A0DpgL/native/secumon_windows_files.node",
  "addonBytes": 10175072,
  "addonSha256": "eb0f943124d58f30db813351948699165c4c4419265889454a996e3cf1cbcf7f",
  "sourceFiles": 15,
  "cargoLockSha256": "c0bf4517433316a076351bf9dcb2e3a23f69b4bf04c3c8314d3e5dc8663a0ad7",
  "sourceStillMatches": true,
  "files": {
    "platform": "linux",
    "win32BackendCompiled": false,
    "runtimeDispatchConnected": false,
    "namespaceBarrier": "unsupported",
    "policy": "process-crash-only; native validation required before deployment",
    "maximumBytes": 4194304,
    "maximumStreamBytes": 1073741824,
    "hostFilesApiVersion": 4
  },
  "retirement": {
    "apiVersion": 1,
    "platform": "linux",
    "noReplace": true
  },
  "requiredFunctionsPresent": true,
  "actualLoad": "passed",
  "directoryRetirementSyscallTested": false
}
