✔ an unchanged A entry dispatches B-only options and carries an actual compacted SQLite session, explicit memory and adopted unfinished work across the installed release transition (92472.687208ms)
✔ one unchanged CLI entry selects each agent pinned registered engine, preserves the saved work on resume and refuses unregistered or modified installations (82298.28725ms)
✔ engine update sqlite: backup and runtime boundaries preserve data, and rollback changes only the engine pin (3887.22825ms)
✔ engine update file-journal: backup and runtime boundaries preserve data, and rollback changes only the engine pin (3913.365291ms)
✔ compatible full offline engine releases update an existing SQLite agent and resume its original adopted read with identity, session, memory and receipts preserved (78809.011625ms)
✔ extension API: declared compatibility checks engine API and required capabilities independently of provider versions (1.117542ms)
✔ extension API: legacy inventory and legacy release support stay unverified, while host strict policy refuses omissions (0.183084ms)
✔ extension API: captured declarations preserve semantic ordering and refuse later changes or removal (0.158167ms)
✔ extension API: every registered factory family rejects unsupported declarations without invoking its callback (0.611667ms)
✔ extension API: a selected model declaration change is rejected before its captured factory runs (111.482584ms)
✔ extension API: general profile opens declared selected adapters; feature-off registrations are never inspected (212.751375ms)
✔ extension API: strict profile refuses undeclared adapters before stores and callbacks; legacy open reports unverified (202.894416ms)
✔ extension API: declaration changes during earlier acquisition stop the later model and close acquired resources (178.80475ms)
✔ extension API: enabled optional registration incompatibility stops general profile before any store or open (417.957458ms)
✔ extension API: local release check, pin and real update share declared host checks; PG rejects before connecting (74097.71775ms)
ℹ tests 15
ℹ suites 0
ℹ pass 15
ℹ fail 0
ℹ cancelled 0
ℹ skipped 0
ℹ todo 0
ℹ duration_ms 410634.093125
