TAP version 13
# Subtest: sqlite: full agent backup restores pruned command receipts and event segments before original replay and redelivery
ok 1 - sqlite: full agent backup restores pruned command receipts and event segments before original replay and redelivery
  ---
  duration_ms: 1446.166333
  type: 'test'
  ...
# {"backend":"sqlite","backupEntries":42,"backupFiles":37,"backupFileBytes":569284,"backupMs":201.99962500000004,"restoreMs":194.14237500000002,"rebindMs":48.400292000000036,"reconciliationMs":65.38629199999991,"retainedPublications":9,"currentResidentArtifactRefs":1,"currentMissionArtifactRefs":3,"historicEventDigests":512,"actualIntakeEvents":32,"postRestoreSourcePolls":2,"newModelCalls":0,"duplicateUsageRecords":0,"measurement":"Local synthetic fixture file bytes, entry counts and elapsed milliseconds; not operational capacity, physical I/O or external-service reconciliation."}
# Subtest: file-journal: full agent backup restores pruned command receipts and event segments before original replay and redelivery
ok 2 - file-journal: full agent backup restores pruned command receipts and event segments before original replay and redelivery
  ---
  duration_ms: 1749.521875
  type: 'test'
  ...
# {"backend":"file-journal","backupEntries":58,"backupFiles":50,"backupFileBytes":458147,"backupMs":250.43233400000008,"restoreMs":252.695334,"rebindMs":49.13704199999984,"reconciliationMs":67.38524999999981,"retainedPublications":9,"currentResidentArtifactRefs":1,"currentMissionArtifactRefs":3,"historicEventDigests":512,"actualIntakeEvents":32,"postRestoreSourcePolls":2,"newModelCalls":0,"duplicateUsageRecords":0,"measurement":"Local synthetic fixture file bytes, entry counts and elapsed milliseconds; not operational capacity, physical I/O or external-service reconciliation."}
1..2
# tests 2
# suites 0
# pass 2
# fail 0
# cancelled 0
# skipped 0
# todo 0
# duration_ms 3322.359125
