✔ restore recovery apply CLI requires offline confirmation before profile access (0.749167ms)
✔ restore recovery apply CLI requires a selected package and its exact digest before profile access (0.170333ms)
✔ restore recovery apply status CLI requires the selected package before profile access (0.067167ms)
✔ applying the newer full originals requires fresh reconciliation before the original work answers without repeating its external effect (2290.712917ms)
✔ same-operation apply resumes after an injected original_preserved callback failure without replacing originals or executing work (1658.258083ms)
✖ same-operation apply resumes after an injected restored callback failure without replacing originals or executing work (1613.842042ms)
✖ same-operation apply resumes after an injected identity_rebound callback failure without replacing originals or executing work (1654.248042ms)
✔ apply refuses missing offline confirmation or a different package digest before publishing an operation (1237.991458ms)
✔ a prepared package cannot retire current originals changed after preparation (1250.224125ms)
✔ unrelated occupied retirement and operation directories are preserved and never adopted for apply (2213.716083ms)
✔ same-operation apply preserves a real partially copied file and restores from the untouched archive into a fresh root (2684.116958ms)
✔ directory retirement moves the exact native object and repeated retirement preserves a newly restored source (451.826875ms)
✔ directory retirement and its native entry reject occupied destinations without overwriting either object (11.054625ms)
✔ directory retirement rejects wrong source or parent identity and forbidden or nonsibling destinations before mutation (4.093958ms)
ℹ tests 14
ℹ suites 0
ℹ pass 12
ℹ fail 2
ℹ cancelled 0
ℹ skipped 0
ℹ todo 0
ℹ duration_ms 14744.331875

✖ failing tests:

test at dist/tests/agent-restore-recovery-apply.test.js:133:5
✖ same-operation apply resumes after an injected restored callback failure without replacing originals or executing work (1613.842042ms)
  AssertionError [ERR_ASSERTION]: all selected files, including DBs, raw artifacts, session originals and resource receipts, are restored unchanged
  + actual - expected
  ... Skipped lines
  
    [
      {
        kind: 'directory',
        path: '.secumon'
      },
  ...
      {
  +     bytes: 32768,
  +     executable: false,
  +     kind: 'file',
  +     path: '.secumon/channel.sqlite-shm',
  +     sha256: 'fd4c9fda9cd3f9ae7c962b0ddf37232294d55580e1aa165aa06129b8549389eb'
  +   },
  +   {
        bytes: 0,
        executable: false,
        kind: 'file',
        path: '.secumon/channel.sqlite-wal',
        sha256: 'e3b0c44298fc1c149afbf4c8996fb92427ae41e4649b934ca495991b7852b855'
  ...
      {
  +     bytes: 32768,
  +     executable: false,
  +     kind: 'file',
  +     path: '.secumon/runtime.sqlite-shm',
  +     sha256: 'fd4c9fda9cd3f9ae7c962b0ddf37232294d55580e1aa165aa06129b8549389eb'
  +   },
  +   {
        bytes: 0,
        executable: false,
        kind: 'file',
        path: '.secumon/runtime.sqlite-wal',
        sha256: 'e3b0c44298fc1c149afbf4c8996fb92427ae41e4649b934ca495991b7852b855'
  
      at Object.restored (file:///Users/seunghanee/Documents/secumon/runtime/dist/tests/agent-restore-recovery-apply.test.js:55:16)
      at TestContext.<anonymous> (file:///Users/seunghanee/Documents/secumon/runtime/dist/tests/agent-restore-recovery-apply.test.js:156:11)
      at async Test.run (node:internal/test_runner/test:1404:7)
      at async Test.processPendingSubtests (node:internal/test_runner/test:969:7) {
    generatedMessage: false,
    code: 'ERR_ASSERTION',
    actual: [ { kind: 'directory', path: '.secumon' }, { kind: 'directory', path: '.secumon/artifacts' }, { kind: 'file', path: '.secumon/artifacts/17846523c22e0d2d21d7ecd4ed2af36da7476dfffd96e5e6fbedda15e0368736.blob', bytes: 528, sha256: '556ca5bea14d6b39e8b20693c1cc3041ed1b71f85c772b65f51d05c1f24d2ff1', executable: false }, { kind: 'file', path: '.secumon/artifacts/17846523c22e0d2d21d7ecd4ed2af36da7476dfffd96e5e6fbedda15e0368736.json', bytes: 238, sha256: 'bf54f4c6d1b2b45f68f4fd14accac707b62485efcabc29e14918f5f5ff8fc487', executable: false }, { kind: 'file', path: '.secumon/artifacts/36fd0fd769d9da0489e616fed63db47abf0e47d0557f3fe848a61ca1b346d156.blob', bytes: 1770, sha256: '1ccb66c09e28e0a0f7e48f0eafafc80a7fdb3b19f15e462858596a6295e9f426', executable: false }, { kind: 'file', path: '.secumon/artifacts/36fd0fd769d9da0489e616fed63db47abf0e47d0557f3fe848a61ca1b346d156.json', bytes: 239, sha256: '4baa14564fee764d96709c3ca21b57fd6d2d11ec9d9f40e771f6dc804258a033', executable: false }, { kind: 'file', path: '.secumon/artifacts/59089dd9d512489fe81485e36a4af314f0b4aa66f47d933711479f89679f6cc3.blob', bytes: 208, sha256: 'c9aebc538c3f7b4e2e210a4501906d24a3414420c91eb4b207c24307c423bb8c', executable: false }, { kind: 'file', path: '.secumon/artifacts/59089dd9d512489fe81485e36a4af314f0b4aa66f47d933711479f89679f6cc3.json', bytes: 238, sha256: '75102d850e4637d80f9a39c3c8837516568493bde3d865537ce7aa4cd96c222b', executable: false }, { kind: 'file', path: '.secumon/artifacts/a5030ac58b4d07cc918dd66a376673055b80855e2b91c71a8327fce9b328397c.blob', bytes: 14621, sha256: '51e8da13abe8bafd16f95d67f725ffc1b769dd6cfac8bf9930e7dcfb696c373e', executable: false }, { kind: 'file', path: '.secumon/artifacts/a5030ac58b4d07cc918dd66a376673055b80855e2b91c71a8327fce9b328397c.json', bytes: 240, sha256: '86e6f15ec1dea0e17d34ef7202da147771649fe7ec31ecb43a8c61880b6cc945', executable: false }, { kind: 'file', path: '.secumon/artifacts/b01815f3eb819309e930a129901425a269c685751cf91c19c856a98c37edcf1c.blob', bytes: 5453, sha256: '45cf11a179a2e2aeea13d45a5d062a48fdba6a12c5b1fc09a06b24f987ff7663', executable: false }, { kind: 'file', path: '.secumon/artifacts/b01815f3eb819309e930a129901425a269c685751cf91c19c856a98c37edcf1c.json', bytes: 239, sha256: '4c824a026879811ee355805c479fa1fcbaca7a392c6c82137cfab8a6a63a65f4', executable: false }, { kind: 'file', path: '.secumon/artifacts/df2c3de5a6ed6c4f109937339cba89495134e422c645855026f0509daf725b0c.blob', bytes: 18344, sha256: 'e83e1288c769ce9f4878ab71eb69fe58cfd519517d1125283f13cb22028436c5', executable: false }, { kind: 'file', path: '.secumon/artifacts/df2c3de5a6ed6c4f109937339cba89495134e422c645855026f0509daf725b0c.json', bytes: 240, sha256: '99457e173e51021cfaff841634d7a4e7034942c1ab9d14c7de085b5817d51ddc', executable: false }, { kind: 'file', path: '.secumon/channel.sqlite', bytes: 90112, sha256: '30c62e9df89af043f731ca54bc55be090a52ec0930037497fb02cc381b057fee', executable: false }, { kind: 'file', path: '.secumon/channel.sqlite-shm', bytes: 32768, sha256: 'fd4c9fda9cd3f9ae7c962b0ddf37232294d55580e1aa165aa06129b8549389eb', executable: false }, { kind: 'file', path: '.secumon/channel.sqlite-wal', bytes: 0, sha256: 'e3b0c44298fc1c149afbf4c8996fb92427ae41e4649b934ca495991b7852b855', executable: false }, { kind: 'file', path: '.secumon/identity.json', bytes: 108, sha256: '6c41811e955749f9846a4ce7e8a297e4d43981acb17a50be8060ce374ab5c681', executable: false }, { kind: 'file', path: '.secumon/personal-memory-profile.json', bytes: 101, sha256: '019198ea160fa4e78b92e4d913dff334e26d4cf1ead2daacf519d2372f8fbdff', executable: false }, { kind: 'file', path: '.secumon/runtime.sqlite', bytes: 163840, sha256: '09c8d74d30ccf029f05b4d53f47fb22c8c08e02e5d500cbc0adea62fbcec45ec', executable: false }, { kind: 'file', path: '.secumon/runtime.sqlite-shm', bytes: 32768, sha256: 'fd4c9fda9cd3f9ae7c962b0ddf37232294d55580e1aa165aa06129b8549389eb', executable: false }, { kind: 'file', path: '.secumon/runtime.sqlite-wal', bytes: 0, sha256: 'e3b0c44298fc1c149afbf4c8996fb92427ae41e4649b934ca495991b7852b855', executable: false }, { kind: 'file', path: '.secumon/setup-operation.json', bytes: 265, sha256: 'ca57ea5c46ce27d593e025f585ea7289ad8f32ff1e8cab0e76f26f36d2de7681', executable: false }, { kind: 'file', path: '.secumon/setup.json', bytes: 78, sha256: '4c68bef0df2c93f6cd6bbe3e81c22813ba3deae695dfa58bb8a5a5eaae4031b5', executable: false }, { kind: 'file', path: '.secumon/state-profile.json', bytes: 106, sha256: '38cb6d8173f81251399d795e9d88174554f3e3a92825f92153e4e6aad52ce0ed', executable: false }, { kind: 'file', path: '.secumon/storage-selection.json', bytes: 98, sha256: 'e21ec5d72663923e752d6e33ad09567675833e1502b3613980c851d9b9a6748e', executable: false }, { kind: 'file', path: 'config.json', bytes: 336, sha256: '1607f0b0bbc03fe3891713e444138d70b6e6435e0614abd277c69c2a11b5bcfe', executable: false }, { kind: 'directory', path: 'memory' }, { kind: 'file', path: 'memory/memory.sqlite', bytes: 53248, sha256: '5708e5d8164346f399c74a07d2c6789f104653ae91515055460f118eb3ec2761', executable: false }, { kind: 'file', path: 'memory/memory.sqlite-wal', bytes: 0, sha256: 'e3b0c44298fc1c149afbf4c8996fb92427ae41e4649b934ca495991b7852b855', executable: false }, { kind: 'file', path: 'recovery-original.txt', bytes: 73, sha256: '6a5bf16a78a733bd6744242ce8d40b6e14fbb062309c81cd5c58200dcf21bee2', executable: false }, { kind: 'directory', path: 'skills' }, { kind: 'directory', path: 'workspace' } ],
    expected: [ { kind: 'directory', path: '.secumon' }, { kind: 'directory', path: '.secumon/artifacts' }, { kind: 'file', path: '.secumon/artifacts/17846523c22e0d2d21d7ecd4ed2af36da7476dfffd96e5e6fbedda15e0368736.blob', bytes: 528, sha256: '556ca5bea14d6b39e8b20693c1cc3041ed1b71f85c772b65f51d05c1f24d2ff1', executable: false }, { kind: 'file', path: '.secumon/artifacts/17846523c22e0d2d21d7ecd4ed2af36da7476dfffd96e5e6fbedda15e0368736.json', bytes: 238, sha256: 'bf54f4c6d1b2b45f68f4fd14accac707b62485efcabc29e14918f5f5ff8fc487', executable: false }, { kind: 'file', path: '.secumon/artifacts/36fd0fd769d9da0489e616fed63db47abf0e47d0557f3fe848a61ca1b346d156.blob', bytes: 1770, sha256: '1ccb66c09e28e0a0f7e48f0eafafc80a7fdb3b19f15e462858596a6295e9f426', executable: false }, { kind: 'file', path: '.secumon/artifacts/36fd0fd769d9da0489e616fed63db47abf0e47d0557f3fe848a61ca1b346d156.json', bytes: 239, sha256: '4baa14564fee764d96709c3ca21b57fd6d2d11ec9d9f40e771f6dc804258a033', executable: false }, { kind: 'file', path: '.secumon/artifacts/59089dd9d512489fe81485e36a4af314f0b4aa66f47d933711479f89679f6cc3.blob', bytes: 208, sha256: 'c9aebc538c3f7b4e2e210a4501906d24a3414420c91eb4b207c24307c423bb8c', executable: false }, { kind: 'file', path: '.secumon/artifacts/59089dd9d512489fe81485e36a4af314f0b4aa66f47d933711479f89679f6cc3.json', bytes: 238, sha256: '75102d850e4637d80f9a39c3c8837516568493bde3d865537ce7aa4cd96c222b', executable: false }, { kind: 'file', path: '.secumon/artifacts/a5030ac58b4d07cc918dd66a376673055b80855e2b91c71a8327fce9b328397c.blob', bytes: 14621, sha256: '51e8da13abe8bafd16f95d67f725ffc1b769dd6cfac8bf9930e7dcfb696c373e', executable: false }, { kind: 'file', path: '.secumon/artifacts/a5030ac58b4d07cc918dd66a376673055b80855e2b91c71a8327fce9b328397c.json', bytes: 240, sha256: '86e6f15ec1dea0e17d34ef7202da147771649fe7ec31ecb43a8c61880b6cc945', executable: false }, { kind: 'file', path: '.secumon/artifacts/b01815f3eb819309e930a129901425a269c685751cf91c19c856a98c37edcf1c.blob', bytes: 5453, sha256: '45cf11a179a2e2aeea13d45a5d062a48fdba6a12c5b1fc09a06b24f987ff7663', executable: false }, { kind: 'file', path: '.secumon/artifacts/b01815f3eb819309e930a129901425a269c685751cf91c19c856a98c37edcf1c.json', bytes: 239, sha256: '4c824a026879811ee355805c479fa1fcbaca7a392c6c82137cfab8a6a63a65f4', executable: false }, { kind: 'file', path: '.secumon/artifacts/df2c3de5a6ed6c4f109937339cba89495134e422c645855026f0509daf725b0c.blob', bytes: 18344, sha256: 'e83e1288c769ce9f4878ab71eb69fe58cfd519517d1125283f13cb22028436c5', executable: false }, { kind: 'file', path: '.secumon/artifacts/df2c3de5a6ed6c4f109937339cba89495134e422c645855026f0509daf725b0c.json', bytes: 240, sha256: '99457e173e51021cfaff841634d7a4e7034942c1ab9d14c7de085b5817d51ddc', executable: false }, { kind: 'file', path: '.secumon/channel.sqlite', bytes: 90112, sha256: '30c62e9df89af043f731ca54bc55be090a52ec0930037497fb02cc381b057fee', executable: false }, { kind: 'file', path: '.secumon/channel.sqlite-wal', bytes: 0, sha256: 'e3b0c44298fc1c149afbf4c8996fb92427ae41e4649b934ca495991b7852b855', executable: false }, { kind: 'file', path: '.secumon/identity.json', bytes: 108, sha256: '6c41811e955749f9846a4ce7e8a297e4d43981acb17a50be8060ce374ab5c681', executable: false }, { kind: 'file', path: '.secumon/personal-memory-profile.json', bytes: 101, sha256: '019198ea160fa4e78b92e4d913dff334e26d4cf1ead2daacf519d2372f8fbdff', executable: false }, { kind: 'file', path: '.secumon/runtime.sqlite', bytes: 163840, sha256: '09c8d74d30ccf029f05b4d53f47fb22c8c08e02e5d500cbc0adea62fbcec45ec', executable: false }, { kind: 'file', path: '.secumon/runtime.sqlite-wal', bytes: 0, sha256: 'e3b0c44298fc1c149afbf4c8996fb92427ae41e4649b934ca495991b7852b855', executable: false }, { kind: 'file', path: '.secumon/setup-operation.json', bytes: 265, sha256: 'ca57ea5c46ce27d593e025f585ea7289ad8f32ff1e8cab0e76f26f36d2de7681', executable: false }, { kind: 'file', path: '.secumon/setup.json', bytes: 78, sha256: '4c68bef0df2c93f6cd6bbe3e81c22813ba3deae695dfa58bb8a5a5eaae4031b5', executable: false }, { kind: 'file', path: '.secumon/state-profile.json', bytes: 106, sha256: '38cb6d8173f81251399d795e9d88174554f3e3a92825f92153e4e6aad52ce0ed', executable: false }, { kind: 'file', path: '.secumon/storage-selection.json', bytes: 98, sha256: 'e21ec5d72663923e752d6e33ad09567675833e1502b3613980c851d9b9a6748e', executable: false }, { kind: 'file', path: 'config.json', bytes: 336, sha256: '1607f0b0bbc03fe3891713e444138d70b6e6435e0614abd277c69c2a11b5bcfe', executable: false }, { kind: 'directory', path: 'memory' }, { kind: 'file', path: 'memory/memory.sqlite', bytes: 53248, sha256: '5708e5d8164346f399c74a07d2c6789f104653ae91515055460f118eb3ec2761', executable: false }, { kind: 'file', path: 'memory/memory.sqlite-wal', bytes: 0, sha256: 'e3b0c44298fc1c149afbf4c8996fb92427ae41e4649b934ca495991b7852b855', executable: false }, { kind: 'file', path: 'recovery-original.txt', bytes: 73, sha256: '6a5bf16a78a733bd6744242ce8d40b6e14fbb062309c81cd5c58200dcf21bee2', executable: false }, { kind: 'directory', path: 'skills' }, { kind: 'directory', path: 'workspace' } ],
    operator: 'deepStrictEqual',
    diff: 'simple'
  }

test at dist/tests/agent-restore-recovery-apply.test.js:133:5
✖ same-operation apply resumes after an injected identity_rebound callback failure without replacing originals or executing work (1654.248042ms)
  AssertionError [ERR_ASSERTION]: all selected files, including DBs, raw artifacts, session originals and resource receipts, are restored unchanged
  + actual - expected
  ... Skipped lines
  
    [
      {
        kind: 'directory',
        path: '.secumon'
      },
  ...
      {
  +     bytes: 32768,
  +     executable: false,
  +     kind: 'file',
  +     path: '.secumon/channel.sqlite-shm',
  +     sha256: 'fd4c9fda9cd3f9ae7c962b0ddf37232294d55580e1aa165aa06129b8549389eb'
  +   },
  +   {
        bytes: 0,
        executable: false,
        kind: 'file',
        path: '.secumon/channel.sqlite-wal',
        sha256: 'e3b0c44298fc1c149afbf4c8996fb92427ae41e4649b934ca495991b7852b855'
  ...
      {
  +     bytes: 32768,
  +     executable: false,
  +     kind: 'file',
  +     path: '.secumon/runtime.sqlite-shm',
  +     sha256: 'fd4c9fda9cd3f9ae7c962b0ddf37232294d55580e1aa165aa06129b8549389eb'
  +   },
  +   {
        bytes: 0,
        executable: false,
        kind: 'file',
        path: '.secumon/runtime.sqlite-wal',
        sha256: 'e3b0c44298fc1c149afbf4c8996fb92427ae41e4649b934ca495991b7852b855'
  
      at Object.restored (file:///Users/seunghanee/Documents/secumon/runtime/dist/tests/agent-restore-recovery-apply.test.js:55:16)
      at TestContext.<anonymous> (file:///Users/seunghanee/Documents/secumon/runtime/dist/tests/agent-restore-recovery-apply.test.js:156:11)
      at async Test.run (node:internal/test_runner/test:1404:7)
      at async Test.processPendingSubtests (node:internal/test_runner/test:969:7) {
    generatedMessage: false,
    code: 'ERR_ASSERTION',
    actual: [ { kind: 'directory', path: '.secumon' }, { kind: 'directory', path: '.secumon/artifacts' }, { kind: 'file', path: '.secumon/artifacts/0d10814b6502640a5c90187d2f910111a0785f0121e1b1ab9dcdf72ec4a19f4c.blob', bytes: 208, sha256: 'af25ecac800871fe7faf9712b799a79f80f1d020997cc37b1124ab9b3a32cf6a', executable: false }, { kind: 'file', path: '.secumon/artifacts/0d10814b6502640a5c90187d2f910111a0785f0121e1b1ab9dcdf72ec4a19f4c.json', bytes: 238, sha256: 'e1ab7c809184a26bad67f9f638911636adecc1cba4c6db807350a640de645c68', executable: false }, { kind: 'file', path: '.secumon/artifacts/0d364ae9fffb6ca036ccbf6d42c4b767dd9a8db9b7479e5559b5d934141f41d2.blob', bytes: 5453, sha256: 'b74e5e361ca3a2559a73dc8057e04301a65b05ca356111512ff7a779cdca40d2', executable: false }, { kind: 'file', path: '.secumon/artifacts/0d364ae9fffb6ca036ccbf6d42c4b767dd9a8db9b7479e5559b5d934141f41d2.json', bytes: 239, sha256: '5fed0d60cbbfd92863527ee0d514fa98f209d4c64e544fd5778472ded32f07b5', executable: false }, { kind: 'file', path: '.secumon/artifacts/17846523c22e0d2d21d7ecd4ed2af36da7476dfffd96e5e6fbedda15e0368736.blob', bytes: 528, sha256: '556ca5bea14d6b39e8b20693c1cc3041ed1b71f85c772b65f51d05c1f24d2ff1', executable: false }, { kind: 'file', path: '.secumon/artifacts/17846523c22e0d2d21d7ecd4ed2af36da7476dfffd96e5e6fbedda15e0368736.json', bytes: 238, sha256: 'bf54f4c6d1b2b45f68f4fd14accac707b62485efcabc29e14918f5f5ff8fc487', executable: false }, { kind: 'file', path: '.secumon/artifacts/33df7216418621a8f6d9deee48eb715ee6566ba7ca0f922cc6c8bb0158c8edc9.blob', bytes: 14621, sha256: '6d907bc3eb939f5190ea2d898441f97bffb42991bfbc4ab7ddc6a172b05535ba', executable: false }, { kind: 'file', path: '.secumon/artifacts/33df7216418621a8f6d9deee48eb715ee6566ba7ca0f922cc6c8bb0158c8edc9.json', bytes: 240, sha256: 'bf27dbb5179e74ac9b69074d6feeb5615467a49cb9924f9c17844b4d19bb9097', executable: false }, { kind: 'file', path: '.secumon/artifacts/47871dc001f7b4a5ff9584a146fa31ed28dcdb964491e8508946897d4ed38205.blob', bytes: 18344, sha256: 'e8376896559a282f4f44feb04aae82bb2520151f8f7da28a421de28479197014', executable: false }, { kind: 'file', path: '.secumon/artifacts/47871dc001f7b4a5ff9584a146fa31ed28dcdb964491e8508946897d4ed38205.json', bytes: 240, sha256: '649f7c33186d679949decb9c1694486d819af282a0c27b2c46f9af3fb7f61c84', executable: false }, { kind: 'file', path: '.secumon/artifacts/d729b7ac77dc84585fd1234308b4ab7b5e2bccb547af9c195af1ca005990b805.blob', bytes: 1770, sha256: 'bde03bd48b703a1c93f94d9f9cbef2a175135b07b59a2e0c47d87d51eb7d2030', executable: false }, { kind: 'file', path: '.secumon/artifacts/d729b7ac77dc84585fd1234308b4ab7b5e2bccb547af9c195af1ca005990b805.json', bytes: 239, sha256: 'a09411cc6a2f0bca36d2b9cbc29f0343668247cfe8ad90f2cd489eee78c59616', executable: false }, { kind: 'file', path: '.secumon/channel.sqlite', bytes: 90112, sha256: '002d4cdd2771c66315c1d239708341a57cd5402c56a29a2dd5188d6cc3b93f5f', executable: false }, { kind: 'file', path: '.secumon/channel.sqlite-shm', bytes: 32768, sha256: 'fd4c9fda9cd3f9ae7c962b0ddf37232294d55580e1aa165aa06129b8549389eb', executable: false }, { kind: 'file', path: '.secumon/channel.sqlite-wal', bytes: 0, sha256: 'e3b0c44298fc1c149afbf4c8996fb92427ae41e4649b934ca495991b7852b855', executable: false }, { kind: 'file', path: '.secumon/identity.json', bytes: 108, sha256: '827bb848dbd36bedb37143af91393cb6a4bd9abeb06b188f59c13d255a79bbc2', executable: false }, { kind: 'file', path: '.secumon/personal-memory-profile.json', bytes: 101, sha256: 'f300d3ef3c6119ba93bb812a75d380b494c5f1c8cec85b153eb8ebaf5b1fbd91', executable: false }, { kind: 'file', path: '.secumon/runtime.sqlite', bytes: 163840, sha256: 'd1436b758946028ff110f302143be2159459d9627a019bccbfe5e2c1a175c482', executable: false }, { kind: 'file', path: '.secumon/runtime.sqlite-shm', bytes: 32768, sha256: 'fd4c9fda9cd3f9ae7c962b0ddf37232294d55580e1aa165aa06129b8549389eb', executable: false }, { kind: 'file', path: '.secumon/runtime.sqlite-wal', bytes: 0, sha256: 'e3b0c44298fc1c149afbf4c8996fb92427ae41e4649b934ca495991b7852b855', executable: false }, { kind: 'file', path: '.secumon/setup-operation.json', bytes: 265, sha256: '24024f3ff6dd08d9eb671af79c186ab603574c416d2af8a3fb106e43a2ed2ebf', executable: false }, { kind: 'file', path: '.secumon/setup.json', bytes: 78, sha256: '1b04d1a8a655090369a8be7f33ac502be119f37d7afa8b501995d3e27e59aa4d', executable: false }, { kind: 'file', path: '.secumon/state-profile.json', bytes: 106, sha256: '295efb7f0aa5a497e1b3b3f4467a00abab5337e4fcb001b16f40a3365cbb1160', executable: false }, { kind: 'file', path: '.secumon/storage-selection.json', bytes: 98, sha256: '9d1841a8b339ada30fd97615c8a2513633e7c14b23fbdb9d42f17b9e4b5a0969', executable: false }, { kind: 'file', path: 'config.json', bytes: 336, sha256: '83be8e0cb6205fa26ffa9311f1de0c58b47b52e69eb5c4998dfdd7cc72c1fc8e', executable: false }, { kind: 'directory', path: 'memory' }, { kind: 'file', path: 'memory/memory.sqlite', bytes: 53248, sha256: '6068d1680ee7735fbbd4d03b30d4d5030a6d3a24a247173da7fd64aea34990d2', executable: false }, { kind: 'file', path: 'memory/memory.sqlite-wal', bytes: 0, sha256: 'e3b0c44298fc1c149afbf4c8996fb92427ae41e4649b934ca495991b7852b855', executable: false }, { kind: 'file', path: 'recovery-original.txt', bytes: 73, sha256: '6a5bf16a78a733bd6744242ce8d40b6e14fbb062309c81cd5c58200dcf21bee2', executable: false }, { kind: 'directory', path: 'skills' }, { kind: 'directory', path: 'workspace' } ],
    expected: [ { kind: 'directory', path: '.secumon' }, { kind: 'directory', path: '.secumon/artifacts' }, { kind: 'file', path: '.secumon/artifacts/0d10814b6502640a5c90187d2f910111a0785f0121e1b1ab9dcdf72ec4a19f4c.blob', bytes: 208, sha256: 'af25ecac800871fe7faf9712b799a79f80f1d020997cc37b1124ab9b3a32cf6a', executable: false }, { kind: 'file', path: '.secumon/artifacts/0d10814b6502640a5c90187d2f910111a0785f0121e1b1ab9dcdf72ec4a19f4c.json', bytes: 238, sha256: 'e1ab7c809184a26bad67f9f638911636adecc1cba4c6db807350a640de645c68', executable: false }, { kind: 'file', path: '.secumon/artifacts/0d364ae9fffb6ca036ccbf6d42c4b767dd9a8db9b7479e5559b5d934141f41d2.blob', bytes: 5453, sha256: 'b74e5e361ca3a2559a73dc8057e04301a65b05ca356111512ff7a779cdca40d2', executable: false }, { kind: 'file', path: '.secumon/artifacts/0d364ae9fffb6ca036ccbf6d42c4b767dd9a8db9b7479e5559b5d934141f41d2.json', bytes: 239, sha256: '5fed0d60cbbfd92863527ee0d514fa98f209d4c64e544fd5778472ded32f07b5', executable: false }, { kind: 'file', path: '.secumon/artifacts/17846523c22e0d2d21d7ecd4ed2af36da7476dfffd96e5e6fbedda15e0368736.blob', bytes: 528, sha256: '556ca5bea14d6b39e8b20693c1cc3041ed1b71f85c772b65f51d05c1f24d2ff1', executable: false }, { kind: 'file', path: '.secumon/artifacts/17846523c22e0d2d21d7ecd4ed2af36da7476dfffd96e5e6fbedda15e0368736.json', bytes: 238, sha256: 'bf54f4c6d1b2b45f68f4fd14accac707b62485efcabc29e14918f5f5ff8fc487', executable: false }, { kind: 'file', path: '.secumon/artifacts/33df7216418621a8f6d9deee48eb715ee6566ba7ca0f922cc6c8bb0158c8edc9.blob', bytes: 14621, sha256: '6d907bc3eb939f5190ea2d898441f97bffb42991bfbc4ab7ddc6a172b05535ba', executable: false }, { kind: 'file', path: '.secumon/artifacts/33df7216418621a8f6d9deee48eb715ee6566ba7ca0f922cc6c8bb0158c8edc9.json', bytes: 240, sha256: 'bf27dbb5179e74ac9b69074d6feeb5615467a49cb9924f9c17844b4d19bb9097', executable: false }, { kind: 'file', path: '.secumon/artifacts/47871dc001f7b4a5ff9584a146fa31ed28dcdb964491e8508946897d4ed38205.blob', bytes: 18344, sha256: 'e8376896559a282f4f44feb04aae82bb2520151f8f7da28a421de28479197014', executable: false }, { kind: 'file', path: '.secumon/artifacts/47871dc001f7b4a5ff9584a146fa31ed28dcdb964491e8508946897d4ed38205.json', bytes: 240, sha256: '649f7c33186d679949decb9c1694486d819af282a0c27b2c46f9af3fb7f61c84', executable: false }, { kind: 'file', path: '.secumon/artifacts/d729b7ac77dc84585fd1234308b4ab7b5e2bccb547af9c195af1ca005990b805.blob', bytes: 1770, sha256: 'bde03bd48b703a1c93f94d9f9cbef2a175135b07b59a2e0c47d87d51eb7d2030', executable: false }, { kind: 'file', path: '.secumon/artifacts/d729b7ac77dc84585fd1234308b4ab7b5e2bccb547af9c195af1ca005990b805.json', bytes: 239, sha256: 'a09411cc6a2f0bca36d2b9cbc29f0343668247cfe8ad90f2cd489eee78c59616', executable: false }, { kind: 'file', path: '.secumon/channel.sqlite', bytes: 90112, sha256: '002d4cdd2771c66315c1d239708341a57cd5402c56a29a2dd5188d6cc3b93f5f', executable: false }, { kind: 'file', path: '.secumon/channel.sqlite-wal', bytes: 0, sha256: 'e3b0c44298fc1c149afbf4c8996fb92427ae41e4649b934ca495991b7852b855', executable: false }, { kind: 'file', path: '.secumon/identity.json', bytes: 108, sha256: '827bb848dbd36bedb37143af91393cb6a4bd9abeb06b188f59c13d255a79bbc2', executable: false }, { kind: 'file', path: '.secumon/personal-memory-profile.json', bytes: 101, sha256: 'f300d3ef3c6119ba93bb812a75d380b494c5f1c8cec85b153eb8ebaf5b1fbd91', executable: false }, { kind: 'file', path: '.secumon/runtime.sqlite', bytes: 163840, sha256: 'd1436b758946028ff110f302143be2159459d9627a019bccbfe5e2c1a175c482', executable: false }, { kind: 'file', path: '.secumon/runtime.sqlite-wal', bytes: 0, sha256: 'e3b0c44298fc1c149afbf4c8996fb92427ae41e4649b934ca495991b7852b855', executable: false }, { kind: 'file', path: '.secumon/setup-operation.json', bytes: 265, sha256: '24024f3ff6dd08d9eb671af79c186ab603574c416d2af8a3fb106e43a2ed2ebf', executable: false }, { kind: 'file', path: '.secumon/setup.json', bytes: 78, sha256: '1b04d1a8a655090369a8be7f33ac502be119f37d7afa8b501995d3e27e59aa4d', executable: false }, { kind: 'file', path: '.secumon/state-profile.json', bytes: 106, sha256: '295efb7f0aa5a497e1b3b3f4467a00abab5337e4fcb001b16f40a3365cbb1160', executable: false }, { kind: 'file', path: '.secumon/storage-selection.json', bytes: 98, sha256: '9d1841a8b339ada30fd97615c8a2513633e7c14b23fbdb9d42f17b9e4b5a0969', executable: false }, { kind: 'file', path: 'config.json', bytes: 336, sha256: '83be8e0cb6205fa26ffa9311f1de0c58b47b52e69eb5c4998dfdd7cc72c1fc8e', executable: false }, { kind: 'directory', path: 'memory' }, { kind: 'file', path: 'memory/memory.sqlite', bytes: 53248, sha256: '6068d1680ee7735fbbd4d03b30d4d5030a6d3a24a247173da7fd64aea34990d2', executable: false }, { kind: 'file', path: 'memory/memory.sqlite-wal', bytes: 0, sha256: 'e3b0c44298fc1c149afbf4c8996fb92427ae41e4649b934ca495991b7852b855', executable: false }, { kind: 'file', path: 'recovery-original.txt', bytes: 73, sha256: '6a5bf16a78a733bd6744242ce8d40b6e14fbb062309c81cd5c58200dcf21bee2', executable: false }, { kind: 'directory', path: 'skills' }, { kind: 'directory', path: 'workspace' } ],
    operator: 'deepStrictEqual',
    diff: 'simple'
  }
