TAP version 13
# Subtest: full POSIX source and historical release without the native asset are rejected before installation
ok 1 - full POSIX source and historical release without the native asset are rejected before installation
  ---
  duration_ms: 7.716042
  type: 'test'
  ...
# Subtest: native source and installed copies load through a fixed child without candidate JS or inherited Node preloads
ok 2 - native source and installed copies load through a fixed child without candidate JS or inherited Node preloads
  ---
  duration_ms: 977.527542
  type: 'test'
  ...
# Subtest: metadata inspection and wrong digest do not load native code; trusted install and registration reject incompatible binaries
ok 3 - metadata inspection and wrong digest do not load native code; trusted install and registration reject incompatible binaries
  ---
  duration_ms: 217.479542
  type: 'test'
  ...
# Subtest: replacing a previously verified native pathname cannot reuse the earlier process load
ok 4 - replacing a previously verified native pathname cannot reuse the earlier process load
  ---
  duration_ms: 247.761167
  type: 'test'
  ...
# Subtest: preparation creates a real verified bundle, installation and selector without changing source or agent files
ok 5 - preparation creates a real verified bundle, installation and selector without changing source or agent files
  ---
  duration_ms: 929.993584
  type: 'test'
  ...
# Subtest: two agents reuse the identical prepared source installation and its original selector and registration
ok 6 - two agents reuse the identical prepared source installation and its original selector and registration
  ---
  duration_ms: 972.465
  type: 'test'
  ...
# Subtest: changing actual source executable bytes prepares a new digest while preserving the prior selected installation
ok 7 - changing actual source executable bytes prepares a new digest while preserving the prior selected installation
  ---
  duration_ms: 1607.503375
  type: 'test'
  ...
# Subtest: a selected missing or corrupted engine is rejected without selecting a substitute or rewriting the selector
ok 8 - a selected missing or corrupted engine is rejected without selecting a substitute or rewriting the selector
  ---
  duration_ms: 1043.691125
  type: 'test'
  ...
# Subtest: registry failure preserves the actual complete installation and retry registers that same engine without reinstalling
ok 9 - registry failure preserves the actual complete installation and retry registers that same engine without reinstalling
  ---
  duration_ms: 978.535084
  type: 'test'
  ...
# Subtest: SIGKILL before the installed manifest publication retains the partial attempt and a later preparation uses a new attempt
ok 10 - SIGKILL before the installed manifest publication retains the partial attempt and a later preparation uses a new attempt
  ---
  duration_ms: 1512.7995
  type: 'test'
  ...
# Subtest: SIGKILL after the installed manifest link preserves both original hardlinks and retry selects a new completed attempt
ok 11 - SIGKILL after the installed manifest link preserves both original hardlinks and retry selects a new completed attempt
  ---
  duration_ms: 1547.940542
  type: 'test'
  ...
# Subtest: two real preparing processes publish competing complete candidates but converge on one original no-replace selector
ok 12 - two real preparing processes publish competing complete candidates but converge on one original no-replace selector
  ---
  duration_ms: 1275.645666
  type: 'test'
  ...
# Subtest: explicit engine registration is idempotent and rejects wrong digests or overlapping registry paths without writes
ok 13 - explicit engine registration is idempotent and rejects wrong digests or overlapping registry paths without writes
  ---
  duration_ms: 959.7705
  type: 'test'
  ...
# Subtest: a pin selects its exact installation path and never borrows another same-byte directory registration
ok 14 - a pin selects its exact installation path and never borrows another same-byte directory registration
  ---
  duration_ms: 1171.781584
  type: 'test'
  ...
# Subtest: same-byte installation directory replacement is rejected without replacing the original registration
ok 15 - same-byte installation directory replacement is rejected without replacing the original registration
  ---
  duration_ms: 972.711667
  type: 'test'
  ...
# Subtest: selection preserves and rejects foreign pin owners, broken history, and nested agent paths
ok 16 - selection preserves and rejects foreign pin owners, broken history, and nested agent paths
  ---
  duration_ms: 885.228584
  type: 'test'
  ...
# Subtest: a changed registry record is rejected on resolve and is not silently repaired by register
ok 17 - a changed registry record is rejected on resolve and is not silently repaired by register
  ---
  duration_ms: 925.11075
  type: 'test'
  ...
# Subtest: selection rechecks the original registration after the actual release read and refuses a mid-read record change
ok 18 - selection rechecks the original registration after the actual release read and refuses a mid-read record change
  ---
  duration_ms: 840.300834
  type: 'test'
  ...
# Subtest: the actual lifecycle CLI installs and automatically registers a metadata release in an isolated host registry
ok 19 - the actual lifecycle CLI installs and automatically registers a metadata release in an isolated host registry
  ---
  duration_ms: 1370.866584
  type: 'test'
  ...
# Subtest: registration failure after CLI installation preserves the installation for explicit registration without reinstalling
ok 20 - registration failure after CLI installation preserves the installation for explicit registration without reinstalling
  ---
  duration_ms: 1319.716875
  type: 'test'
  ...
# Subtest: initial setup schema 3 fixes first-pin lineage and owner while retaining explicit storage selections
ok 21 - initial setup schema 3 fixes first-pin lineage and owner while retaining explicit storage selections
  ---
  duration_ms: 2.317
  type: 'test'
  ...
# Subtest: initial receipt and optional setup support preserve legacy receipt and release bytes
ok 22 - initial receipt and optional setup support preserve legacy receipt and release bytes
  ---
  duration_ms: 1.682875
  type: 'test'
  ...
# Subtest: raw setup compatibility sees unfinished operation 3 and refuses malformed or unsupported records
ok 23 - raw setup compatibility sees unfinished operation 3 and refuses malformed or unsupported records
  ---
  duration_ms: 2.852584
  type: 'test'
  ...
# Subtest: runtime setup compatibility rejects legacy releases even before the initial pin is published
ok 24 - runtime setup compatibility rejects legacy releases even before the initial pin is published
  ---
  duration_ms: 9.594334
  type: 'test'
  ...
# Subtest: runtime pinned schema 3 checks setup support in addition to the exact release digest
ok 25 - runtime pinned schema 3 checks setup support in addition to the exact release digest
  ---
  duration_ms: 10.744292
  type: 'test'
  ...
# Subtest: local and all-Postgres lifecycle purposes reject unsupported setup before reading physical stores
not ok 26 - local and all-Postgres lifecycle purposes reject unsupported setup before reading physical stores
  ---
  duration_ms: 1.308625
  type: 'test'
  location: '/Users/seunghanee/Documents/secumon/runtime/dist/tests/agent-initial-compatibility.test.js:150:1'
  failureType: 'testCodeFailure'
  error: |-
    Expected values to be strictly deep-equal:
    + actual - expected
    
      {
        config: 1,
        knowledge: null,
        personalMemory: 'postgres',
        session: null,
    +   sessionCompact: null,
        state: null,
        stateBackend: 'sqlite'
      }
    
  code: 'ERR_ASSERTION'
  name: 'AssertionError'
  expected:
    config: 1
    stateBackend: 'sqlite'
    state: ~
    knowledge: ~
    session: ~
    personalMemory: 'postgres'
  actual:
    config: 1
    stateBackend: 'sqlite'
    state: ~
    knowledge: ~
    session: ~
    sessionCompact: ~
    personalMemory: 'postgres'
  operator: 'deepStrictEqual'
  stack: |-
    TestContext.<anonymous> (file:///Users/seunghanee/Documents/secumon/runtime/dist/tests/agent-initial-compatibility.test.js:166:12)
    Test.runInAsyncScope (node:async_hooks:227:14)
    Test.run (node:internal/test_runner/test:1397:25)
    Test.processPendingSubtests (node:internal/test_runner/test:969:18)
    Test.postRun (node:internal/test_runner/test:1537:19)
    Test.run (node:internal/test_runner/test:1462:12)
    async Test.processPendingSubtests (node:internal/test_runner/test:969:7)
  ...
# Subtest: a fresh profile from an installed release publishes one original operation-linked registration, pin and receipt
ok 27 - a fresh profile from an installed release publishes one original operation-linked registration, pin and receipt
  ---
  duration_ms: 925.551041
  type: 'test'
  ...
# Subtest: development, already initialized unpinned, and cloned profiles are not silently adopted by an installed release
ok 28 - development, already initialized unpinned, and cloned profiles are not silently adopted by an installed release
  ---
  duration_ms: 1084.527041
  type: 'test'
  ...
# Subtest: completed initial-engine proofs preserve the original selection while refusing missing operation or pin and altered proof bodies
ok 29 - completed initial-engine proofs preserve the original selection while refusing missing operation or pin and altered proof bodies
  ---
  duration_ms: 1008.307625
  type: 'test'
  ...
# Subtest: SIGKILL after operation-linked resumes the exact original initial-engine publication
ok 30 - SIGKILL after operation-linked resumes the exact original initial-engine publication
  ---
  duration_ms: 959.175834
  type: 'test'
  ...
# Subtest: SIGKILL after pin-linked resumes the exact original initial-engine publication
ok 31 - SIGKILL after pin-linked resumes the exact original initial-engine publication
  ---
  duration_ms: 953.665125
  type: 'test'
  ...
# Subtest: SIGKILL after receipt-linked resumes the exact original initial-engine publication
ok 32 - SIGKILL after receipt-linked resumes the exact original initial-engine publication
  ---
  duration_ms: 944.416958
  type: 'test'
  ...
# Subtest: a pin-linked SIGKILL followed by loss of its original operation cannot create a legacy setup around the retained pin
ok 33 - a pin-linked SIGKILL followed by loss of its original operation cannot create a legacy setup around the retained pin
  ---
  duration_ms: 939.645458
  type: 'test'
  ...
# Subtest: SIGKILL before the initial pin link resumes the exact single-link orphan without selecting a new engine
ok 34 - SIGKILL before the initial pin link resumes the exact single-link orphan without selecting a new engine
  ---
  duration_ms: 1024.099584
  type: 'test'
  ...
# Subtest: an initial pin orphan with a different body is refused while its operation and candidate are preserved
ok 35 - an initial pin orphan with a different body is refused while its operation and candidate are preserved
  ---
  duration_ms: 867.268
  type: 'test'
  ...
# Subtest: exact initial pin bytes linked to an external file do not qualify as the local pending publication
ok 36 - exact initial pin bytes linked to an external file do not qualify as the local pending publication
  ---
  duration_ms: 893.748208
  type: 'test'
  ...
# Subtest: concurrent initializers converge on one original operation and a different engine cannot adopt the winner work
    # Subtest: same installed release
    ok 1 - same installed release
      ---
      duration_ms: 943.726875
      type: 'test'
      ...
    # Subtest: different installed releases
    ok 2 - different installed releases
      ---
      duration_ms: 1578.058083
      type: 'test'
      ...
    1..2
ok 37 - concurrent initializers converge on one original operation and a different engine cannot adopt the winner work
  ---
  duration_ms: 2522.28125
  type: 'test'
  ...
# Subtest: a full installed CLI automatically pins a new SQLite agent before open and the ordinary synthetic tool loop
ok 38 - a full installed CLI automatically pins a new SQLite agent before open and the ordinary synthetic tool loop
  ---
  duration_ms: 35842.551
  type: 'test'
  ...
# Subtest: installation original npm package supports cached offline global bin setup and preserves work across reinstall
ok 39 - installation original npm package supports cached offline global bin setup and preserves work across reinstall
  ---
  duration_ms: 42229.114458
  type: 'test'
  ...
# Subtest: installation bundled engine uses its returned offline command and consumes packaged assets
ok 40 - installation bundled engine uses its returned offline command and consumes packaged assets
  ---
  duration_ms: 45924.736791
  type: 'test'
  ...
# Subtest: restore recovery apply CLI requires offline confirmation before profile access
ok 41 - restore recovery apply CLI requires offline confirmation before profile access
  ---
  duration_ms: 0.859625
  type: 'test'
  ...
# Subtest: restore recovery apply CLI requires a selected package and its exact digest before profile access
ok 42 - restore recovery apply CLI requires a selected package and its exact digest before profile access
  ---
  duration_ms: 0.193125
  type: 'test'
  ...
# Subtest: restore recovery apply status CLI requires the selected package before profile access
ok 43 - restore recovery apply status CLI requires the selected package before profile access
  ---
  duration_ms: 0.075958
  type: 'test'
  ...
# Subtest: applying the newer full originals requires fresh reconciliation before the original work answers without repeating its external effect
ok 44 - applying the newer full originals requires fresh reconciliation before the original work answers without repeating its external effect
  ---
  duration_ms: 2337.493125
  type: 'test'
  ...
# Subtest: same-operation apply resumes after an injected original_preserved callback failure without replacing originals or executing work
ok 45 - same-operation apply resumes after an injected original_preserved callback failure without replacing originals or executing work
  ---
  duration_ms: 1704.6
  type: 'test'
  ...
# Subtest: same-operation apply resumes after an injected restored callback failure without replacing originals or executing work
ok 46 - same-operation apply resumes after an injected restored callback failure without replacing originals or executing work
  ---
  duration_ms: 1763.481291
  type: 'test'
  ...
# Subtest: same-operation apply resumes after an injected identity_rebound callback failure without replacing originals or executing work
ok 47 - same-operation apply resumes after an injected identity_rebound callback failure without replacing originals or executing work
  ---
  duration_ms: 1743.827416
  type: 'test'
  ...
# Subtest: apply refuses missing offline confirmation or a different package digest before publishing an operation
ok 48 - apply refuses missing offline confirmation or a different package digest before publishing an operation
  ---
  duration_ms: 1244.174084
  type: 'test'
  ...
# Subtest: a prepared package cannot retire current originals changed after preparation
ok 49 - a prepared package cannot retire current originals changed after preparation
  ---
  duration_ms: 1240.826458
  type: 'test'
  ...
# Subtest: unrelated occupied retirement and operation directories are preserved and never adopted for apply
ok 50 - unrelated occupied retirement and operation directories are preserved and never adopted for apply
  ---
  duration_ms: 1561.6125
  type: 'test'
  ...
# Subtest: same-operation apply preserves a real partially copied file and restores from the untouched archive into a fresh root
ok 51 - same-operation apply preserves a real partially copied file and restores from the untouched archive into a fresh root
  ---
  duration_ms: 1753.029875
  type: 'test'
  ...
# Subtest: initial apply resumes across intent staging and publication while retaining an unclaimed staging directory
ok 52 - initial apply resumes across intent staging and publication while retaining an unclaimed staging directory
  ---
  duration_ms: 1714.032417
  type: 'test'
  ...
# Subtest: initial apply resumes the exact original gate after a real POSIX link and an injected publication exception
ok 53 - initial apply resumes the exact original gate after a real POSIX link and an injected publication exception
  ---
  duration_ms: 1704.040875
  type: 'test'
  ...
# Subtest: initial apply retains pre-nonce seeds and resumes the published exact seed with its original restoration nonce
ok 54 - initial apply retains pre-nonce seeds and resumes the published exact seed with its original restoration nonce
  ---
  duration_ms: 1782.298084
  type: 'test'
  ...
# Subtest: initial apply refuses an unrelated replacement root with no marker or copied seed bytes without changing either object
ok 55 - initial apply refuses an unrelated replacement root with no marker or copied seed bytes without changing either object
  ---
  duration_ms: 1501.878375
  type: 'test'
  ...
# Subtest: initial apply refuses same-byte replacement of the recorded gate object and retains the original gate
ok 56 - initial apply refuses same-byte replacement of the recorded gate object and retains the original gate
  ---
  duration_ms: 1351.434083
  type: 'test'
  ...
# Subtest: sqlite: full agent backup restores pruned command receipts and event segments before original replay and redelivery
not ok 57 - sqlite: full agent backup restores pruned command receipts and event segments before original replay and redelivery
  ---
  duration_ms: 1175.091708
  type: 'test'
  location: '/Users/seunghanee/Documents/secumon/runtime/dist/tests/agent-retained-history.test.js:5:5'
  failureType: 'testCodeFailure'
  error: |-
    Expected values to be strictly equal:
    + actual - expected
    
    + 'unresolved'
    - 'reconciled'
    
  code: 'ERR_ASSERTION'
  name: 'AssertionError'
  expected: 'reconciled'
  actual: 'unresolved'
  operator: 'strictEqual'
  stack: |-
    retainedHistoryRestoreFixture (file:///Users/seunghanee/Documents/secumon/runtime/dist/tests/agent-retained-history-fixture.js:160:12)
    async TestContext.<anonymous> (file:///Users/seunghanee/Documents/secumon/runtime/dist/tests/agent-retained-history.test.js:6:19)
    async Test.run (node:internal/test_runner/test:1404:7)
    async startSubtestAfterBootstrap (node:internal/test_runner/harness:387:3)
  ...
# Subtest: file-journal: full agent backup restores pruned command receipts and event segments before original replay and redelivery
not ok 58 - file-journal: full agent backup restores pruned command receipts and event segments before original replay and redelivery
  ---
  duration_ms: 1557.989167
  type: 'test'
  location: '/Users/seunghanee/Documents/secumon/runtime/dist/tests/agent-retained-history.test.js:5:5'
  failureType: 'testCodeFailure'
  error: |-
    Expected values to be strictly equal:
    + actual - expected
    
    + 'unresolved'
    - 'reconciled'
    
  code: 'ERR_ASSERTION'
  name: 'AssertionError'
  expected: 'reconciled'
  actual: 'unresolved'
  operator: 'strictEqual'
  stack: |-
    retainedHistoryRestoreFixture (file:///Users/seunghanee/Documents/secumon/runtime/dist/tests/agent-retained-history-fixture.js:160:12)
    async TestContext.<anonymous> (file:///Users/seunghanee/Documents/secumon/runtime/dist/tests/agent-retained-history.test.js:6:19)
    async Test.run (node:internal/test_runner/test:1404:7)
    async Test.processPendingSubtests (node:internal/test_runner/test:969:7)
  ...
# Subtest: storage preflight rejects unsupported knowledge before committing the older state migration
ok 59 - storage preflight rejects unsupported knowledge before committing the older state migration
  ---
  duration_ms: 211.1715
  type: 'test'
  ...
# Subtest: storage preflight rejects unsupported session before committing the older state migration
ok 60 - storage preflight rejects unsupported session before committing the older state migration
  ---
  duration_ms: 218.434625
  type: 'test'
  ...
# Subtest: storage preflight refuses ambiguous knowledge version rows before changing original state
ok 61 - storage preflight refuses ambiguous knowledge version rows before changing original state
  ---
  duration_ms: 225.057959
  type: 'test'
  ...
# Subtest: storage preflight checks the physical compact format before migrating work state
ok 62 - storage preflight checks the physical compact format before migrating work state
  ---
  duration_ms: 219.118625
  type: 'test'
  ...
# Subtest: storage preflight refuses a partial compact schema while preserving the original summary and work
ok 63 - storage preflight refuses a partial compact schema while preserving the original summary and work
  ---
  duration_ms: 212.53125
  type: 'test'
  ...
# Subtest: lifecycle checks inherited compact version one support and explicit omission without changing the old state
ok 64 - lifecycle checks inherited compact version one support and explicit omission without changing the old state
  ---
  duration_ms: 215.854167
  type: 'test'
  ...
# Subtest: storage preflight refuses an unsupported document memory format before migrating original work
ok 65 - storage preflight refuses an unsupported document memory format before migrating original work
  ---
  duration_ms: 249.074958
  type: 'test'
  ...
# Subtest: storage preflight recovers assigned owner-only databases with legacy channel false
ok 66 - storage preflight recovers assigned owner-only databases with legacy channel false
  ---
  duration_ms: 206.723042
  type: 'test'
  ...
# Subtest: storage preflight recovers assigned owner-only databases with legacy channel true
ok 67 - storage preflight recovers assigned owner-only databases with legacy channel true
  ---
  duration_ms: 188.713125
  type: 'test'
  ...
1..67
# tests 69
# suites 0
# pass 66
# fail 3
# cancelled 0
# skipped 0
# todo 0
# duration_ms 182954.761
