✔ unregistered inspection creates neither registry parents nor an agent registration (170.308667ms)
✔ claim and same-object reopen preserve original data and the immutable registration (252.274792ms)
✔ renaming the same directory permits a new claim while invalidating the old path claim (354.923875ms)
✔ a full folder copy can inspect the old head but cannot claim it or alter either source (339.143083ms)
✔ two processes claiming the same unregistered object share the one actual CAS winner (381.307791ms)
✔ two processes claiming copied objects admit only the actual no-replace winner (425.445709ms)
✔ a stalled publication and a corrupted registration are preserved and rejected (1306.578375ms)
✔ a missing sequence is rejected without repairing or adopting the remaining record (260.313625ms)
✔ replacing the held registration object with identical bytes fails its current check (274.117792ms)
✔ replacing the held identity file with identical bytes cannot retain its source binding (288.042083ms)
✔ the same agent ID with a different creation identity cannot reuse an existing registration (374.504542ms)
✔ registry, agent and engine overlap is rejected in either direction before a write (206.980334ms)
✔ the real clone operation receives a new ID and an independent first registration (417.843708ms)
✔ storage preflight rejects unsupported knowledge before committing the older state migration (750.695125ms)
✔ storage preflight rejects unsupported session before committing the older state migration (656.131875ms)
✔ storage preflight refuses ambiguous knowledge version rows before changing original state (762.498916ms)
✔ storage preflight checks the physical compact format before migrating work state (576.696666ms)
✔ storage preflight refuses a partial compact schema while preserving the original summary and work (687.943875ms)
✔ lifecycle checks inherited compact version one support and explicit omission without changing the old state (976.42025ms)
✔ storage preflight refuses an unsupported document memory format before migrating original work (678.897291ms)
✔ storage preflight recovers assigned owner-only databases with legacy channel false (471.776125ms)
✔ storage preflight recovers assigned owner-only databases with legacy channel true (480.805125ms)
✔ two agent stores reuse existing adapters while separating identical work/memory IDs and preserving reopen (1330.962542ms)
✔ agent work files cannot traverse into engine or another agent and remain separate (1027.473625ms)
✔ copying another agents database is detected by its durable owner before runtime access (804.829292ms)
✔ unowned existing databases are not silently adopted (475.33775ms)
✔ symlink database and sidecar destinations cannot overwrite another file (535.238041ms)
✔ changing config after SQLite initialization cannot replace it with an empty journal (704.851625ms)
✔ sqlite: SIGKILL after reconciliation reservation preserves its owner and refunds only on expiry before an explicit new command (1267.079167ms)
✔ sqlite: SIGKILL during dispatched lookup retains unknown usage and never reissues that command across expiry (1237.872541ms)
✔ sqlite: SIGKILL after received reconciliation settles the stored timely response after lease expiry with no new lookup or input (1071.181291ms)
✔ sqlite: SIGKILL after settlement reopens a current separate proof and duplicate commands remain read-only (1217.603542ms)
✔ file-journal: SIGKILL after reconciliation reservation preserves its owner and refunds only on expiry before an explicit new command (2548.630042ms)
✔ file-journal: SIGKILL during dispatched lookup retains unknown usage and never reissues that command across expiry (2373.781667ms)
✔ file-journal: SIGKILL after received reconciliation settles the stored timely response after lease expiry with no new lookup or input (1585.771875ms)
✔ file-journal: SIGKILL after settlement reopens a current separate proof and duplicate commands remain read-only (1485.514292ms)
✔ sqlite: registered write CLI executes once and retains proof across same-session replay (3252.839041ms)
✔ sqlite: registered write HTTP runs through the shared host and reconnects without repeating input (2057.39975ms)
✔ sqlite: registered computer CLI executes once and retains proof across same-session replay (2787.257375ms)
✔ sqlite: registered computer HTTP runs through the shared host and reconnects without repeating input (1872.484209ms)
✔ file-journal: registered write CLI executes once and retains proof across same-session replay (3122.124292ms)
✔ file-journal: registered write HTTP runs through the shared host and reconnects without repeating input (1573.63675ms)
✔ file-journal: registered computer CLI executes once and retains proof across same-session replay (3809.680208ms)
✔ file-journal: registered computer HTTP runs through the shared host and reconnects without repeating input (3217.829541ms)
✔ registered write with read-only authority never performs a physical input (503.603333ms)
✔ registered computer with read-only authority never performs a physical input (706.215542ms)
ℹ tests 46
ℹ suites 0
ℹ pass 46
ℹ fail 0
ℹ cancelled 0
ℹ skipped 0
ℹ todo 0
ℹ duration_ms 23068.53375
