✔ default SQLite personal selection stays bound on restart without creating a document store (230.340166ms)
✔ a completed document store cannot disappear and silently return an empty SQLite personal partition (295.082333ms)
✔ registration completion can resume after the owner was created without discarding a committed memory (372.885167ms)
✔ documents cannot be assigned over an existing SQLite store without a migration (144.6275ms)
✔ replacing the config with a legacy default cannot reroute an assigned document partition (239.578375ms)
✔ a missing assignment behind an existing completion does not create a new owner (268.704708ms)
✔ moving the whole document-backed agent keeps its owner, receipts and revision transitions (441.739834ms)
✔ personal repository errors do not fall back and closing still releases both repositories (0.176833ms)
✔ storage preflight rejects unsupported knowledge before committing the older state migration (217.147208ms)
✔ storage preflight rejects unsupported session before committing the older state migration (212.593292ms)
✔ storage preflight refuses ambiguous knowledge version rows before changing original state (229.155292ms)
✔ storage preflight checks the physical compact format before migrating work state (246.997792ms)
✔ storage preflight refuses a partial compact schema while preserving the original summary and work (215.09175ms)
✔ lifecycle checks inherited compact version one support and explicit omission without changing the old state (219.015916ms)
✔ storage preflight refuses an unsupported document memory format before migrating original work (270.779583ms)
✔ storage preflight recovers assigned owner-only databases with legacy channel false (213.131792ms)
✔ storage preflight recovers assigned owner-only databases with legacy channel true (227.378625ms)
ℹ tests 17
ℹ suites 0
ℹ pass 17
ℹ fail 0
ℹ cancelled 0
ℹ skipped 0
ℹ todo 0
ℹ duration_ms 4206.070791
