{
  "status": "passed",
  "backend": "file-journal",
  "personalMemory": "documents",
  "scope": "actual local file effect, complete original journal/document-layout snapshot, public CLI prepare/status and preserved gate",
  "changes": {
    "added": 23,
    "removed": 1,
    "changed": 1,
    "unchanged": 23
  },
  "counts": {
    "modelCalls": 1,
    "writes": 1
  },
  "activation": "not_applied",
  "sourceArchiveUnchanged": true,
  "restoredAgentUnchanged": true,
  "preparedArchiveExact": true,
  "ordinaryExecution": "still_blocked",
  "actualModelApi": "not_run",
  "installedBinary": "not_run"
}
