✔ initial setup schema 3 fixes first-pin lineage and owner while retaining explicit storage selections (2.974458ms)
✔ initial receipt and optional setup support preserve legacy receipt and release bytes (1.093792ms)
✔ raw setup compatibility sees unfinished operation 3 and refuses malformed or unsupported records (2.794292ms)
✔ runtime setup compatibility rejects legacy releases even before the initial pin is published (3.112667ms)
✔ runtime pinned schema 3 checks setup support in addition to the exact release digest (6.907625ms)
✔ local and all-Postgres lifecycle purposes reject unsupported setup before reading physical stores (0.992292ms)
✔ a fresh profile from an installed release publishes one original operation-linked registration, pin and receipt (194.746334ms)
✔ development, already initialized unpinned, and cloned profiles are not silently adopted by an installed release (346.272209ms)
✔ completed initial-engine proofs preserve the original selection while refusing missing operation or pin and altered proof bodies (250.63275ms)
✔ SIGKILL after operation-linked resumes the exact original initial-engine publication (258.364083ms)
✔ SIGKILL after pin-linked resumes the exact original initial-engine publication (275.554375ms)
✔ SIGKILL after receipt-linked resumes the exact original initial-engine publication (258.321417ms)
✔ a pin-linked SIGKILL followed by loss of its original operation cannot create a legacy setup around the retained pin (241.188875ms)
✔ SIGKILL before the initial pin link resumes the exact single-link orphan without selecting a new engine (276.7605ms)
✔ an initial pin orphan with a different body is refused while its operation and candidate are preserved (189.432125ms)
✔ exact initial pin bytes linked to an external file do not qualify as the local pending publication (192.689ms)
▶ concurrent initializers converge on one original operation and a different engine cannot adopt the winner work
  ✔ same installed release (295.919167ms)
  ✔ different installed releases (362.310292ms)
✔ concurrent initializers converge on one original operation and a different engine cannot adopt the winner work (658.579583ms)
✔ a full installed CLI automatically pins a new SQLite agent before open and the ordinary synthetic tool loop (34414.627458ms)
ℹ tests 20
ℹ suites 0
ℹ pass 20
ℹ fail 0
ℹ cancelled 0
ℹ skipped 0
ℹ todo 0
ℹ duration_ms 37711.292667
