✔ sqlite: chat goal retains work and auto mode, answers at the next revision and never executes an old replay (5326.156209ms)
✔ file-journal: chat goal retains work and auto mode, answers at the next revision and never executes an old replay (21873.308042ms)
✔ chat goal with omitted mode retains fast and completes within the same work call limit (2631.321708ms)
✔ chat goal preserves exhausted fast usage; explicit auto spends only the remaining original work budget (4187.438625ms)
✔ chat goal supersedes the old question and prints intake before the new answer; status exposes both revisions (3390.77625ms)
✔ chat goal refuses invalid or missing revision and unsupported options before profile creation (1078.666708ms)
✔ chat goal preserves selected session and channel authority and rejects stale or conflicting commands (5310.099875ms)
✔ chat goal replays an intake interrupted after receipt without model execution; explicit resume continues the new goal (3825.873125ms)
✔ agent setup preserves files, creates private identity/config and reopens without a model (202.606334ms)
✔ status and invalid initialization options do not create files (7.420333ms)
✔ separate directories get distinct IDs and moving a directory preserves its identity (363.780959ms)
✔ initialization can finish after a process stops between identity and config publication (290.73675ms)
✔ missing identity uses explicit repair with the existing config; missing completed config is not reset (284.959ms)
✔ completed layout repairs missing directories only with explicit repair and preserves existing state (251.491625ms)
✔ unknown data without identity is not assigned a new ID (7.870167ms)
✔ config identity mismatch, unsupported versions and malformed documents are preserved (157.972208ms)
✔ metadata symlinks and external hard links cannot be used for setup (174.7545ms)
✔ managed directory links and writable/public metadata are rejected without changing permissions (180.947458ms)
✔ engine overlap and nested agent registration are rejected (149.004792ms)
✔ CLI first call, status, version and invalid commands expose readiness without claiming runtime execution (742.402416ms)
✔ separate CLI processes initializing concurrently settle on exactly one identity (790.555208ms)
✔ chat failure status shows only delivered current restrictions without executing or changing stored work (6401.583083ms)
✔ chat failure status withholds earlier reason and generation deliveries until a current failure is delivered (4966.599417ms)
✔ chat failure status retains its snapshot only for a knowledge projection change and propagates access denial (2182.85825ms)
✔ chat uses the trusted identity registry and retains the default registered model (1823.7035ms)
✔ sqlite: installed chat CLI accepts a plain request, resumes its session and carries actual X replies into Y (3279.281375ms)
✔ file-journal: installed chat CLI accepts a plain request, resumes its session and carries actual X replies into Y (10992.530708ms)
✔ chat fast path plans one real fixture read and synthesizes a sourced answer without a graph replan (1867.497292ms)
✔ chat followup distinguishes more input from resolving a question and preserves the original requirement (3060.093708ms)
✔ chat step-limited execution resumes in another process without accepting another request (8744.446416ms)
✔ chat session selection prevents displaying or mutating a work from another session or agent (4329.979417ms)
✔ chat requires an explicit provider before creating a profile and prints only concise user-facing messages (1330.939209ms)
✔ generic profile never silently selects a model provider or initializes an absent directory (5.424417ms)
✔ skills off bypasses invalid skill files, preserves C01 profile purpose, and keeps runtime authority host-owned (462.652166ms)
✔ file-journal plus document memory uses the same generic intake and reopens the original applied conversation (759.767833ms)
✔ explicit synthetic compact delegates the existing rules under the single combined provider identity (425.334375ms)
✔ native HTTP general intake acknowledges without inference; explicit execution, reconnect and same-session follow-up preserve the real answer (1593.316708ms)
✔ native HTTP reading request uses the real task executor once and projects its generated evidence-backed answer (1140.364417ms)
✔ native HTTP question, explicit original clarification and run resume the same work without pretending the question completed it (1287.516875ms)
✔ native HTTP another selected conversation cannot read or run a work from the original session (519.557792ms)
✔ native HTTP general requests retain strict actor/policy/scenario rejection and the existing CSRF gate (517.445958ms)
✔ native HTTP explicit goal replacement supersedes an old question, acknowledges without inference, then executes the new goal once (1611.940166ms)
✔ native HTTP general goal editor rejects stale inputs and authority injection while preserving received rejection originals (437.949833ms)
✔ native HTTP command identity survives goal-intent interruption, rejects run collisions and retains legacy session retries (1481.937417ms)
✔ native HTTP run and goal from separate coordinators race on one durable command receipt (1001.795834ms)
✔ budget tools entry: observed recipient allocation and actual execution settle once across separate SQLite profiles without copying source or memory (4293.731292ms)
✔ budget tools entry: allocation permission alone executes nothing and the same owner addresses resume the original grant after reopen (3525.713042ms)
✔ budget tools entry: continued execution denial stops after the two declared attempts and preserves recipient escrow without new planning (2731.052833ms)
✔ budget tools entry: a recipient request exposes only numeric need and explicit increase preserves the sponsor limit before continuation (5104.347333ms)
✔ budget tools entry: a locally injected lost model reply retains unknown usage through revoke, repeated reconciliation and reopen (3414.090125ms)
✔ budget tools entry: an observed recipient cannot over-allocate the sponsor original hard limit or execute the unfunded pending child (1836.923417ms)
✔ CLI resumes across processes, keeps conversation/work identities and separates disconnect, pause and cancel (3326.213667ms)
✔ CLI human output is reception plus result, with no internal events or ANSI: documents-simple (675.01675ms)
✔ CLI human output is reception plus result, with no internal events or ANSI: observations-simple (651.450667ms)
✔ CLI goal changes require an explicit revision and failures have no success JSON on stdout (917.684875ms)
✔ CLI checkpoint is a derived reference and an old resume file does not reverse a paused work (2184.413292ms)
✔ execution mode CLI sqlite: fast reception survives process exit and repeated status is read-only (983.334833ms)
✔ execution mode CLI sqlite: mode command is durable and idempotent while stale revisions do not change state (1292.895166ms)
✔ execution mode CLI sqlite: a pending mode change is visible after exit and preserves the reserved attempt (1225.57275ms)
✔ execution mode CLI sqlite: enum, both revisions and an explicit nonblank reason are required (1339.086375ms)
✔ execution mode CLI sqlite: irrelevant mode options are rejected before opening a profile (743.434875ms)
✔ execution mode CLI sqlite documents-simple: changing mode preserves the goal, original source and completed work (1394.105375ms)
✔ execution mode CLI sqlite observations-simple: changing mode preserves the goal, original source and completed work (1329.666542ms)
✔ execution mode CLI file-journal: fast reception survives process exit and repeated status is read-only (1520.585875ms)
✔ execution mode CLI file-journal: mode command is durable and idempotent while stale revisions do not change state (1581.55075ms)
✔ execution mode CLI file-journal: a pending mode change is visible after exit and preserves the reserved attempt (1507.204958ms)
✔ execution mode CLI file-journal: enum, both revisions and an explicit nonblank reason are required (1697.008167ms)
✔ execution mode CLI file-journal: irrelevant mode options are rejected before opening a profile (836.501625ms)
✔ execution mode CLI file-journal documents-simple: changing mode preserves the goal, original source and completed work (2033.568709ms)
✔ execution mode CLI file-journal observations-simple: changing mode preserves the goal, original source and completed work (1924.768708ms)
✔ A2A registration: off never selects either host capability and the ordinary session survives reopen (1184.616875ms)
✔ A2A registration: enabled without either explicit capability fails before tool or model resources open (71.303125ms)
✔ A2A registration: inbound-only opens a caller-bound handler without outbound tools and closes retained handlers (250.7105ms)
✔ A2A registration: default get and explicit send cancel grants still require the current execution actor and policy (686.964875ms)
✔ A2A registration: actor metadata open and provider methods are captured once with their original receivers (59.721666ms)
✔ A2A registration: failed opens preserve their error and invalid acquired registrations close once including cleanup errors (189.044375ms)
✔ A2A registration: cancellation while the source is opening cleans the acquired lease and returns no live capability (89.931833ms)
✔ A2A registration: close fences tool entries and late reads while preserving a returned write acknowledgement (68.825208ms)
✔ A2A registration: retained peer and mission source cannot start callbacks after the registered host closes (91.588958ms)
✔ A2A registration: wrong task IDs in custom get and cancel replies cannot be accepted for the original request (85.53ms)
✔ collaboration registration: disabled factories stay unopened while the ordinary CLI keeps a usable persistent session (2255.117542ms)
✔ collaboration registration: enabled board or archive without a host registration fails before providers open (182.989917ms)
✔ collaboration registration: board write permission enables only the explicitly selected board tools (589.859709ms)
✔ collaboration registration: archive capability and explicit host write grant remain separate in the ordinary profile (873.125833ms)
✔ collaboration registration: board actor identity is current and explicit shared scopes survive policy intersection (261.005166ms)
✔ collaboration registration: board selection metadata and bound provider methods are captured once (57.99525ms)
✔ collaboration registration: archive captures descriptor and provider receiver while rejecting foreign actors (55.983333ms)
✔ collaboration registration: close rejects new and in-flight reads and closes each acquired provider once (60.023584ms)
✔ collaboration registration: factory and acquired-provider failures preserve errors and close unrelated owned resources (331.070625ms)
✔ mission registration: off never selects the host and on requires explicit registration without starting work (316.64725ms)
✔ mission registration: enabled read-only events tool checks the current invocation identity policy and authority (217.899583ms)
✔ mission registration: source metadata callback receivers assembly and scheduled options are captured without merging stores (221.961209ms)
✔ mission registration: raw exported sources enforce current authorization and caller cancellation before invoking the host (173.700709ms)
✔ mission registration: closing rejects retained raw sources and tools plus late in-flight results and closes one lease (267.101375ms)
✔ mission registration: duplicate sources failed opens and interrupted registration preserve errors and clean acquired leases (299.758916ms)
✔ host registration resolves one exact name and captures its method and execution before map changes (2.456667ms)
✔ absent, foreign-shaped and malformed registrations never trigger a factory or module lookup (0.585125ms)
✔ factory receives only the frozen prompt profile and opened metadata and methods are captured without mutating the host object (0.649917ms)
✔ prompt identity, fixed instructions, capabilities and input reservation failures close the acquired lease (2.077208ms)
✔ compact requires both methods and captured methods keep their host receiver (0.762334ms)
✔ factory errors retain their original object and validation plus cleanup failures retain both causes (0.404916ms)
✔ resource cleanup attempts every closer and preserves single or multiple original failures (0.117833ms)
✔ peer registration: disabled selection is never read and the generic session remains usable (893.267167ms)
✔ peer registration: enabled profile requires a registration and exposes only selected peer operations (296.172083ms)
✔ peer registration: metadata and callbacks are captured once while source object mutation cannot change the opened registry (84.519125ms)
✔ peer registration: close immediately rejects new calls and a delayed in-flight reply even while provider cleanup waits (78.331959ms)
✔ peer registration: cancelled acquisition and a malformed later peer release the acquired provider exactly once (282.7065ms)
✔ peer registration: caller abort prevents callbacks and a later profile failure closes already opened peer resources (222.507583ms)
✔ sqlite: a host-wired CLI executes a non-fixture tool and reopens the same raw session without another read (1786.900042ms)
✔ file-journal: a host-wired CLI executes a non-fixture tool and reopens the same raw session without another read (6708.107417ms)
✔ sqlite: native HTTP keeps host registration out of requests and connects one read through evidence and reconnect (1471.422791ms)
✔ file-journal: native HTTP keeps host registration out of requests and connects one read through evidence and reconnect (7362.556417ms)
✔ a new CLI request cannot invoke a registered tool outside the host policy (1013.46625ms)
✔ one host gives SQLite and journal agents distinct sources without mixing sessions, results or lease ownership (13833.881917ms)
✔ an explicit empty host tool list supports a direct answer and never falls back to the built-in synthetic read source (1330.385875ms)
✔ the host explicitly chooses core permissions while skills off removes guidance without reading its invalid catalog (554.967416ms)
✔ reopening with narrower tools, labels, destinations or a different user rejects old work without resetting its policy and usage (2304.52575ms)
✔ a tool factory failure preserves the original exception, closes acquired stores and never opens a model fallback (442.809208ms)
✔ a model factory failure still closes the acquired host tools and preserves their independent cleanup error (467.158083ms)
✔ composition failure preserves its parse error and closes model, tools and stores even when both host cleanups fail (446.867542ms)
✔ repeated profile close shares one failure, invokes each host closer once and closes the stores (445.350416ms)
✔ host evidence from another scope is rejected rather than relabelled into the current agent (769.42375ms)
✔ only an undefined host tool registration is absent; malformed registrations and getters retain errors (0.518625ms)
✔ registration captures its one getter and bound factory before later host changes (2.116875ms)
✔ factory gets only a frozen context copy captured before its asynchronous wait (0.550417ms)
✔ invalid context or its clone failure prevents the factory from acquiring resources (0.557167ms)
✔ opened tool metadata and methods are copied without freezing or expanding the host policy (0.293792ms)
✔ optional proof and response custody callbacks keep their receiver and are not lost at registration (0.366458ms)
✔ write effects, core namespace, duplicate identity and missing proof callbacks reject and close once (1.043625ms)
✔ policy and work limit failures close an acquired lease without silently repairing metadata (0.761958ms)
✔ empty tools and different versions preserve exact policies and compile only at the existing consumer (17.152167ms)
✔ factory exceptions retain the original error object and are not treated as missing registration (0.204583ms)
✔ metadata getter and clone failures occur inside acquired cleanup and preserve their original cause (0.17725ms)
✔ validation plus close failure retain both causes and a successful lease close never retries a failure (0.246333ms)
✔ sqlite: Knox acknowledges before execution and preserves a quiet persistent session across redelivery and reopen (2886.39325ms)
✔ sqlite: Knox unknown delivery is reconciled explicitly without status side effects or duplicate transcript entries (1853.340084ms)
✔ file-journal: Knox acknowledges before execution and preserves a quiet persistent session across redelivery and reopen (20073.084833ms)
✔ file-journal: Knox unknown delivery is reconciled explicitly without status side effects or duplicate transcript entries (6837.33825ms)
✔ Knox run rejects an unbound work before applying pending commands from its own session (1200.822458ms)
✔ Knox lookup absent retries only on a later flush with idempotentSend=false (546.528917ms)
✔ Knox lookup absent retries only on a later flush with idempotentSend=true (797.007208ms)
✔ Knox binds work operations to the authenticated agent, recipient, conversation and session (1538.538542ms)
✔ Knox control, followup and goal change preserve explicit versions and original messages without implicit execution (711.314875ms)
✔ Knox can resume its own durable request when intake stopped before creating the work (1403.488667ms)
✔ Knox rejects a simultaneous run and releases the local reservation when it finishes (1072.434167ms)
✔ Knox rejects new inbound work from the start of close before stores finish draining (621.257042ms)
✔ migration preserves compacted session, profile bytes and receipts; ordinary memory edits continue on documents (3923.584541ms)
✔ management CLI rejects unconfirmed or stale previews without creating an operation, then activates the fixed request (2236.753542ms)
✔ activation loss gates ordinary opening; same-operation resume restores routing and a damaged target never falls back (1866.440125ms)
✔ preview does not adopt an invalid original personal-memory assignment or conflicting ready marker (677.120416ms)
✔ lost migration metadata cannot reopen a fenced source or create replacement state and channel stores (1901.862625ms)
✔ actual SIGKILL before-activation resumes the same agent and migration (2530.903166ms)
✔ actual SIGKILL after-activation resumes the same agent and migration (2307.420792ms)
✔ registered profile preserves C01 v1 and passes explicit model limits through composition (705.993333ms)
✔ registered profile preserves C01 v2 and passes explicit model limits through composition (708.49075ms)
✔ registered selection requires an exact existing C01 name and host registration before opening databases (687.175125ms)
✔ registered compact overrides are refused and explicit synthetic remains independent of the stored model name (562.973708ms)
✔ factory failure closes acquired stores and keeps the original exception object (626.358334ms)
✔ post-factory composition failure retains the original parse error plus model cleanup failure and closes stores (627.513ms)
✔ agent stores retain every actual close failure (595.311708ms)
✔ agent stores retain every actual close failure together with the opening error (563.508584ms)
ℹ tests 161
ℹ suites 0
ℹ pass 161
ℹ fail 0
ℹ cancelled 0
ℹ skipped 0
ℹ todo 0
ℹ duration_ms 143589.204792
