TAP version 13
# Subtest: installation original npm package supports cached offline global bin setup and preserves work across reinstall
not ok 1 - installation original npm package supports cached offline global bin setup and preserves work across reinstall
  ---
  duration_ms: 2651.576841
  type: 'test'
  location: '/home/shaneee/secumon-c10-403.A0DpgL/runtime/dist/tests/agent-installation.test.js:98:1'
  failureType: 'testCodeFailure'
  error: |-
    offline installation requires pre-existing package metadata for @modelcontextprotocol/client
    
    false !== true
    
  code: 'ERR_ASSERTION'
  name: 'AssertionError'
  expected: true
  actual: false
  operator: 'strictEqual'
  stack: |-
    copyDependencyCache (file:///home/shaneee/secumon-c10-403.A0DpgL/runtime/dist/tests/agent-installation.test.js:93:16)
    async TestContext.<anonymous> (file:///home/shaneee/secumon-c10-403.A0DpgL/runtime/dist/tests/agent-installation.test.js:130:9)
    async Test.run (node:internal/test_runner/test:1404:7)
    async startSubtestAfterBootstrap (node:internal/test_runner/harness:387:3)
  ...
# Subtest: sqlite: full agent backup restores pruned command receipts and event segments before original replay and redelivery
ok 2 - sqlite: full agent backup restores pruned command receipts and event segments before original replay and redelivery
  ---
  duration_ms: 762.354927
  type: 'test'
  ...
# {"backend":"sqlite","backupEntries":42,"backupFiles":37,"backupFileBytes":569284,"backupMs":17.004205999999954,"restoreMs":17.581559999999968,"rebindMs":31.348792000000003,"reconciliationMs":54.37902799999995,"retainedPublications":9,"currentResidentArtifactRefs":1,"currentMissionArtifactRefs":3,"historicEventDigests":512,"actualIntakeEvents":32,"postRestoreSourcePolls":2,"newModelCalls":0,"duplicateUsageRecords":0,"measurement":"Local synthetic fixture file bytes, entry counts and elapsed milliseconds; not operational capacity, physical I/O or external-service reconciliation."}
# Subtest: file-journal: full agent backup restores pruned command receipts and event segments before original replay and redelivery
ok 3 - file-journal: full agent backup restores pruned command receipts and event segments before original replay and redelivery
  ---
  duration_ms: 914.308713
  type: 'test'
  ...
# {"backend":"file-journal","backupEntries":58,"backupFiles":50,"backupFileBytes":458147,"backupMs":13.773922999999968,"restoreMs":39.14491900000007,"rebindMs":65.29515500000002,"reconciliationMs":75.17291699999987,"retainedPublications":9,"currentResidentArtifactRefs":1,"currentMissionArtifactRefs":3,"historicEventDigests":512,"actualIntakeEvents":32,"postRestoreSourcePolls":2,"newModelCalls":0,"duplicateUsageRecords":0,"measurement":"Local synthetic fixture file bytes, entry counts and elapsed milliseconds; not operational capacity, physical I/O or external-service reconciliation."}
1..3
# tests 3
# suites 0
# pass 2
# fail 1
# cancelled 0
# skipped 0
# todo 0
# duration_ms 4795.650582
