✔ sqlite: a verified local restore needs explicit rebind before stores reopen with all original records (2748.804917ms)
✔ file-journal: a verified local restore needs explicit rebind before stores reopen with all original records (3304.494417ms)
✔ rebind rejects the wrong expected head, backup, operation, and missing offline confirmation without changing registration (2223.772167ms)
✔ a pending restore marker prevents rebind even when a matching completion marker exists (1715.678834ms)
✔ an older restore without a completion marker is preserved and cannot manufacture rebind authority (1787.406375ms)
✔ a real live runtime lease blocks restore rebind and is neither deleted nor taken over (1662.334584ms)
✔ same-operation rebind retry is idempotent and does not authorize another copy or the preserved old object (1773.094709ms)
✔ changed restored bytes are not accepted solely on the completion marker (1224.7615ms)
✔ changed archive originals are rejected and retained instead of trusting only the saved digest field (1197.878541ms)
✔ an older pre-write backup remains blocked after identity rebind when the actual external history contains an unaccounted effect (3773.018375ms)
✔ an accounted-effect backup requires verified external reconciliation before the ordinary workflow answers without writing again (5887.215209ms)
✔ publication failure keeps a provisional receipt blocked and retries only the unchanged original proof (3277.566459ms)
✔ the same backup has a new restore occurrence and cannot reuse copied clearance; new backups omit clearance (3511.323ms)
✔ a synchronous source that starves the timer cannot publish beyond the shared deadline (2077.315416ms)
✔ restore reconciliation CLI requires offline confirmation before profile access (2.869084ms)
✔ restore reconciliation CLI requires host sources before profile access (0.560125ms)
✔ restore reconciliation CLI rejects an empty host source registration (0.328834ms)
✔ restore reconciliation rejects absent sources and reports without matching identity, basis, or original evidence (2117.828291ms)
✔ an unresolved source preserves its findings and keeps restore startup blocked (1938.500042ms)
✔ a source that changes before verification cannot publish restore clearance (2156.669875ms)
✔ changing a restored original during source inspection invalidates the captured basis (2014.983334ms)
✔ a timed out reader is aborted and its later consistent report cannot issue clearance (1708.322958ms)
✔ every registered source must inspect and verify before restore clearance is published (1676.422792ms)
✔ source functions and registration are captured before an awaited reader permits host replacement (1604.121792ms)
✔ an active maintenance owner blocks source inspection and retains its own lease (1459.030459ms)
✔ repeating a matching restore clearance preserves its receipt and does not re-read completed sources (1445.956083ms)
✔ restore recovery prepare CLI requires offline confirmation before profile access (1.629875ms)
✔ restore recovery prepare CLI requires the selected backup, destination, and bindings before profile access (0.56025ms)
✔ restore recovery status CLI requires the selected recovery package before profile access (10.896875ms)
✔ preparing recovery from a complete newer backup preserves the lost real dispatch, effect, session and usage without activating them (5430.5935ms)
✔ recovery preparation requires explicit offline input and the exact current identity head and selected backup digest (4354.459209ms)
✔ a foreign agent archive or a self-consistent archive naming another original root cannot become this agents recovery candidate (4808.19975ms)
✔ recovery preparation refuses an occupied destination and source or current-root overlap without overwriting either tree (2628.098209ms)
✔ recovery inspection rejects changed preserved originals and changed selected archive copies while retaining both failed candidates (2328.722958ms)
✔ a missing or changed candidate manifest cannot be inspected as a completed recovery preparation (2448.269667ms)
✔ a current original changed after both copies prevents manifest publication and leaves the incomplete recovery package (2040.795875ms)
✔ a archive original changed after both copies prevents manifest publication and leaves the incomplete recovery package (1949.132667ms)
✔ two agent stores reuse existing adapters while separating identical work/memory IDs and preserving reopen (2244.646917ms)
✔ agent work files cannot traverse into engine or another agent and remain separate (1984.804291ms)
✔ copying another agents database is detected by its durable owner before runtime access (1807.814166ms)
✔ unowned existing databases are not silently adopted (656.99775ms)
✔ symlink database and sidecar destinations cannot overwrite another file (694.332583ms)
✔ changing config after SQLite initialization cannot replace it with an empty journal (1064.505ms)
ℹ tests 43
ℹ suites 0
ℹ pass 43
ℹ fail 0
ℹ cancelled 0
ℹ skipped 0
ℹ todo 0
ℹ duration_ms 26285.095125
