TAP version 13
# Subtest: budget runtime sqlite: child execution settles once across duplicate creation, reconciliation and reopen without copying evidence
ok 1 - budget runtime sqlite: child execution settles once across duplicate creation, reconciliation and reopen without copying evidence
  ---
  duration_ms: 62.166833
  type: 'test'
  ...
# Subtest: budget runtime sqlite: parent remaining calls execute while escrow prevents parent and sibling over-allocation
ok 2 - budget runtime sqlite: parent remaining calls execute while escrow prevents parent and sibling over-allocation
  ---
  duration_ms: 34.50975
  type: 'test'
  ...
# Subtest: budget runtime sqlite: concurrent sibling grants cannot oversubscribe one parent's remaining budget
ok 3 - budget runtime sqlite: concurrent sibling grants cannot oversubscribe one parent's remaining budget
  ---
  duration_ms: 6.797666
  type: 'test'
  ...
# Subtest: budget runtime sqlite: a child's last logical tool call is consumed by an actual dispatch and cannot be minted by a new task ID
ok 4 - budget runtime sqlite: a child's last logical tool call is consumed by an actual dispatch and cannot be minted by a new task ID
  ---
  duration_ms: 32.853958
  type: 'test'
  ...
# Subtest: budget runtime sqlite: actual model dispatch and reported tokens remain charged when its plan is rejected
ok 5 - budget runtime sqlite: actual model dispatch and reported tokens remain charged when its plan is rejected
  ---
  duration_ms: 69.073125
  type: 'test'
  ...
# Subtest: budget runtime sqlite: a child token cap below the estimated reservation prevents durable model allocation and transport
ok 6 - budget runtime sqlite: a child token cap below the estimated reservation prevents durable model allocation and transport
  ---
  duration_ms: 24.089042
  type: 'test'
  ...
# Subtest: budget runtime sqlite: revoking an unsent tool reservation fences the child and returns only unused escrow
ok 7 - budget runtime sqlite: revoking an unsent tool reservation fences the child and returns only unused escrow
  ---
  duration_ms: 11.728125
  type: 'test'
  ...
# Subtest: budget runtime sqlite: revoking an unsent model reservation fences the child and returns only unused escrow
ok 8 - budget runtime sqlite: revoking an unsent model reservation fences the child and returns only unused escrow
  ---
  duration_ms: 41.925375
  type: 'test'
  ...
# Subtest: budget runtime sqlite: revoke retains an active model's unknown usage, then late accounting settles once without adopting its plan
ok 9 - budget runtime sqlite: revoke retains an active model's unknown usage, then late accounting settles once without adopting its plan
  ---
  duration_ms: 67.832
  type: 'test'
  ...
# Subtest: budget runtime sqlite: unknown write effects keep the grant outstanding after revoke and restart
ok 10 - budget runtime sqlite: unknown write effects keep the grant outstanding after revoke and restart
  ---
  duration_ms: 33.480208
  type: 'test'
  ...
# Subtest: budget runtime sqlite: reported model overage is charged to the parent without clamping and prevents further funding
ok 11 - budget runtime sqlite: reported model overage is charged to the parent without clamping and prevents further funding
  ---
  duration_ms: 63.195792
  type: 'test'
  ...
# Subtest: budget runtime sqlite: reducing limits preserves committed charges and child deadlines while blocking new grants
ok 12 - budget runtime sqlite: reducing limits preserves committed charges and child deadlines while blocking new grants
  ---
  duration_ms: 31.987667
  type: 'test'
  ...
# Subtest: budget runtime sqlite: pending genesis cannot execute before funding
ok 13 - budget runtime sqlite: pending genesis cannot execute before funding
  ---
  duration_ms: 25.262291
  type: 'test'
  ...
# Subtest: budget runtime sqlite: pending genesis cannot execute before funding and parent cancellation wins activation
ok 14 - budget runtime sqlite: pending genesis cannot execute before funding and parent cancellation wins activation
  ---
  duration_ms: 5.822417
  type: 'test'
  ...
# Subtest: budget runtime sqlite: child funding rejects broader authority, altered duplicate commands and work ID reattachment
ok 15 - budget runtime sqlite: child funding rejects broader authority, altered duplicate commands and work ID reattachment
  ---
  duration_ms: 5.798083
  type: 'test'
  ...
# Subtest: budget runtime sqlite: grant commit ACK loss resumes the same grant and child without another allocation
ok 16 - budget runtime sqlite: grant commit ACK loss resumes the same grant and child without another allocation
  ---
  duration_ms: 6.528542
  type: 'test'
  ...
# Subtest: budget runtime sqlite: activation commit ACK loss resumes the same grant and child without another allocation
ok 17 - budget runtime sqlite: activation commit ACK loss resumes the same grant and child without another allocation
  ---
  duration_ms: 5.561458
  type: 'test'
  ...
# Subtest: budget runtime sqlite: revocation during child activation installs a fence that the stale activation cannot overwrite
ok 18 - budget runtime sqlite: revocation during child activation installs a fence that the stale activation cannot overwrite
  ---
  duration_ms: 5.365292
  type: 'test'
  ...
# Subtest: budget runtime sqlite: revoke after tool dispatch and before entry prevents transport while keeping the logical dispatch charge
ok 19 - budget runtime sqlite: revoke after tool dispatch and before entry prevents transport while keeping the logical dispatch charge
  ---
  duration_ms: 30.693458
  type: 'test'
  ...
# Subtest: budget runtime sqlite: revoke after model dispatch and before entry prevents transport while keeping the logical dispatch charge
ok 20 - budget runtime sqlite: revoke after model dispatch and before entry prevents transport while keeping the logical dispatch charge
  ---
  duration_ms: 54.70475
  type: 'test'
  ...
# Subtest: budget runtime sqlite: actual replan adoption spends the child's delegated replan allowance once
ok 21 - budget runtime sqlite: actual replan adoption spends the child's delegated replan allowance once
  ---
  duration_ms: 50.381292
  type: 'test'
  ...
# Subtest: budget runtime sqlite: nested child execution reconciles through both grants without double charging or copying originals
ok 22 - budget runtime sqlite: nested child execution reconciles through both grants without double charging or copying originals
  ---
  duration_ms: 34.153959
  type: 'test'
  ...
# Subtest: budget runtime sqlite: an unfunded pending child cannot turn resume or a new goal into execution authority
ok 23 - budget runtime sqlite: an unfunded pending child cannot turn resume or a new goal into execution authority
  ---
  duration_ms: 6.888167
  type: 'test'
  ...
# Subtest: budget runtime sqlite: a parent goal change fences a child's previously reserved tool before entry
ok 24 - budget runtime sqlite: a parent goal change fences a child's previously reserved tool before entry
  ---
  duration_ms: 9.132333
  type: 'test'
  ...
# Subtest: budget runtime sqlite: a parent policy change fences a child's previously reserved tool before entry
ok 25 - budget runtime sqlite: a parent policy change fences a child's previously reserved tool before entry
  ---
  duration_ms: 9.721041
  type: 'test'
  ...
# Subtest: budget runtime sqlite: a parent deadline change fences a child's previously reserved tool before entry
ok 26 - budget runtime sqlite: a parent deadline change fences a child's previously reserved tool before entry
  ---
  duration_ms: 7.853708
  type: 'test'
  ...
# Subtest: budget runtime sqlite: a partially reported model response retains known tokens and unknown reservation after revoke and reopen
ok 27 - budget runtime sqlite: a partially reported model response retains known tokens and unknown reservation after revoke and reopen
  ---
  duration_ms: 60.565791
  type: 'test'
  ...
# Subtest: budget runtime file-journal: child execution settles once across duplicate creation, reconciliation and reopen without copying evidence
ok 28 - budget runtime file-journal: child execution settles once across duplicate creation, reconciliation and reopen without copying evidence
  ---
  duration_ms: 410.555334
  type: 'test'
  ...
# Subtest: budget runtime file-journal: parent remaining calls execute while escrow prevents parent and sibling over-allocation
ok 29 - budget runtime file-journal: parent remaining calls execute while escrow prevents parent and sibling over-allocation
  ---
  duration_ms: 361.057916
  type: 'test'
  ...
# Subtest: budget runtime file-journal: concurrent sibling grants cannot oversubscribe one parent's remaining budget
ok 30 - budget runtime file-journal: concurrent sibling grants cannot oversubscribe one parent's remaining budget
  ---
  duration_ms: 166.348416
  type: 'test'
  ...
# Subtest: budget runtime file-journal: a child's last logical tool call is consumed by an actual dispatch and cannot be minted by a new task ID
ok 31 - budget runtime file-journal: a child's last logical tool call is consumed by an actual dispatch and cannot be minted by a new task ID
  ---
  duration_ms: 419.406583
  type: 'test'
  ...
# Subtest: budget runtime file-journal: actual model dispatch and reported tokens remain charged when its plan is rejected
ok 32 - budget runtime file-journal: actual model dispatch and reported tokens remain charged when its plan is rejected
  ---
  duration_ms: 303.358125
  type: 'test'
  ...
# Subtest: budget runtime file-journal: a child token cap below the estimated reservation prevents durable model allocation and transport
ok 33 - budget runtime file-journal: a child token cap below the estimated reservation prevents durable model allocation and transport
  ---
  duration_ms: 135.188291
  type: 'test'
  ...
# Subtest: budget runtime file-journal: revoking an unsent tool reservation fences the child and returns only unused escrow
ok 34 - budget runtime file-journal: revoking an unsent tool reservation fences the child and returns only unused escrow
  ---
  duration_ms: 241.012917
  type: 'test'
  ...
# Subtest: budget runtime file-journal: revoking an unsent model reservation fences the child and returns only unused escrow
ok 35 - budget runtime file-journal: revoking an unsent model reservation fences the child and returns only unused escrow
  ---
  duration_ms: 290.630333
  type: 'test'
  ...
# Subtest: budget runtime file-journal: revoke retains an active model's unknown usage, then late accounting settles once without adopting its plan
ok 36 - budget runtime file-journal: revoke retains an active model's unknown usage, then late accounting settles once without adopting its plan
  ---
  duration_ms: 624.490875
  type: 'test'
  ...
# Subtest: budget runtime file-journal: unknown write effects keep the grant outstanding after revoke and restart
ok 37 - budget runtime file-journal: unknown write effects keep the grant outstanding after revoke and restart
  ---
  duration_ms: 471.005834
  type: 'test'
  ...
# Subtest: budget runtime file-journal: reported model overage is charged to the parent without clamping and prevents further funding
ok 38 - budget runtime file-journal: reported model overage is charged to the parent without clamping and prevents further funding
  ---
  duration_ms: 288.9925
  type: 'test'
  ...
# Subtest: budget runtime file-journal: reducing limits preserves committed charges and child deadlines while blocking new grants
ok 39 - budget runtime file-journal: reducing limits preserves committed charges and child deadlines while blocking new grants
  ---
  duration_ms: 453.966584
  type: 'test'
  ...
# Subtest: budget runtime file-journal: pending genesis cannot execute before funding
ok 40 - budget runtime file-journal: pending genesis cannot execute before funding
  ---
  duration_ms: 520.70875
  type: 'test'
  ...
# Subtest: budget runtime file-journal: pending genesis cannot execute before funding and parent cancellation wins activation
ok 41 - budget runtime file-journal: pending genesis cannot execute before funding and parent cancellation wins activation
  ---
  duration_ms: 93.927584
  type: 'test'
  ...
# Subtest: budget runtime file-journal: child funding rejects broader authority, altered duplicate commands and work ID reattachment
ok 42 - budget runtime file-journal: child funding rejects broader authority, altered duplicate commands and work ID reattachment
  ---
  duration_ms: 87.076541
  type: 'test'
  ...
# Subtest: budget runtime file-journal: grant commit ACK loss resumes the same grant and child without another allocation
ok 43 - budget runtime file-journal: grant commit ACK loss resumes the same grant and child without another allocation
  ---
  duration_ms: 137.071084
  type: 'test'
  ...
# Subtest: budget runtime file-journal: activation commit ACK loss resumes the same grant and child without another allocation
ok 44 - budget runtime file-journal: activation commit ACK loss resumes the same grant and child without another allocation
  ---
  duration_ms: 103.062958
  type: 'test'
  ...
# Subtest: budget runtime file-journal: revocation during child activation installs a fence that the stale activation cannot overwrite
ok 45 - budget runtime file-journal: revocation during child activation installs a fence that the stale activation cannot overwrite
  ---
  duration_ms: 127.28675
  type: 'test'
  ...
# Subtest: budget runtime file-journal: revoke after tool dispatch and before entry prevents transport while keeping the logical dispatch charge
ok 46 - budget runtime file-journal: revoke after tool dispatch and before entry prevents transport while keeping the logical dispatch charge
  ---
  duration_ms: 400.279708
  type: 'test'
  ...
# Subtest: budget runtime file-journal: revoke after model dispatch and before entry prevents transport while keeping the logical dispatch charge
ok 47 - budget runtime file-journal: revoke after model dispatch and before entry prevents transport while keeping the logical dispatch charge
  ---
  duration_ms: 352.495792
  type: 'test'
  ...
# Subtest: budget runtime file-journal: actual replan adoption spends the child's delegated replan allowance once
ok 48 - budget runtime file-journal: actual replan adoption spends the child's delegated replan allowance once
  ---
  duration_ms: 722.401292
  type: 'test'
  ...
# Subtest: budget runtime file-journal: nested child execution reconciles through both grants without double charging or copying originals
ok 49 - budget runtime file-journal: nested child execution reconciles through both grants without double charging or copying originals
  ---
  duration_ms: 642.148458
  type: 'test'
  ...
# Subtest: budget runtime file-journal: an unfunded pending child cannot turn resume or a new goal into execution authority
ok 50 - budget runtime file-journal: an unfunded pending child cannot turn resume or a new goal into execution authority
  ---
  duration_ms: 82.640125
  type: 'test'
  ...
# Subtest: budget runtime file-journal: a parent goal change fences a child's previously reserved tool before entry
ok 51 - budget runtime file-journal: a parent goal change fences a child's previously reserved tool before entry
  ---
  duration_ms: 197.013083
  type: 'test'
  ...
# Subtest: budget runtime file-journal: a parent policy change fences a child's previously reserved tool before entry
ok 52 - budget runtime file-journal: a parent policy change fences a child's previously reserved tool before entry
  ---
  duration_ms: 167.759
  type: 'test'
  ...
# Subtest: budget runtime file-journal: a parent deadline change fences a child's previously reserved tool before entry
ok 53 - budget runtime file-journal: a parent deadline change fences a child's previously reserved tool before entry
  ---
  duration_ms: 155.618458
  type: 'test'
  ...
# Subtest: budget runtime file-journal: a partially reported model response retains known tokens and unknown reservation after revoke and reopen
ok 54 - budget runtime file-journal: a partially reported model response retains known tokens and unknown reservation after revoke and reopen
  ---
  duration_ms: 254.334792
  type: 'test'
  ...
# Subtest: budget exposure: own usage and reservations add each dimension without charging elapsed time or unknown counts as tokens
ok 55 - budget exposure: own usage and reservations add each dimension without charging elapsed time or unknown counts as tokens
  ---
  duration_ms: 0.64475
  type: 'test'
  ...
# Subtest: budget exposure: active and draining escrow count once even when the same child usage has already been observed
ok 56 - budget exposure: active and draining escrow count once even when the same child usage has already been observed
  ---
  duration_ms: 0.20375
  type: 'test'
  ...
# Subtest: budget exposure: usage above allocation and outstanding reservations remain visible in independent dimensions
ok 57 - budget exposure: usage above allocation and outstanding reservations remain visible in independent dimensions
  ---
  duration_ms: 0.069458
  type: 'test'
  ...
# Subtest: budget exposure: settling replaces escrow with accounted plus reserved amounts and repeated reads cannot refund twice
ok 58 - budget exposure: settling replaces escrow with accounted plus reserved amounts and repeated reads cannot refund twice
  ---
  duration_ms: 0.080208
  type: 'test'
  ...
# Subtest: budget exposure: unknown and partially reported model usage keeps reserved tokens even on a settled summary
ok 59 - budget exposure: unknown and partially reported model usage keeps reserved tokens even on a settled summary
  ---
  duration_ms: 1.208584
  type: 'test'
  ...
# Subtest: budget exposure: a lower parent limit preserves actual costs and reports each excess without negative remaining values
ok 60 - budget exposure: a lower parent limit preserves actual costs and reports each excess without negative remaining values
  ---
  duration_ms: 0.117833
  type: 'test'
  ...
# Subtest: budget exposure: separate grants sum but duplicate IDs and duplicate child funding records are rejected
ok 61 - budget exposure: separate grants sum but duplicate IDs and duplicate child funding records are rejected
  ---
  duration_ms: 0.572833
  type: 'test'
  ...
# Subtest: budget exposure: zero-funded grants remain explicit and cannot hide a later reported expense
ok 62 - budget exposure: zero-funded grants remain explicit and cannot hide a later reported expense
  ---
  duration_ms: 0.058791
  type: 'test'
  ...
# Subtest: budget exposure: max-safe totals are exact and overflow in local, grant, aggregate or combined arithmetic fails closed
ok 63 - budget exposure: max-safe totals are exact and overflow in local, grant, aggregate or combined arithmetic fails closed
  ---
  duration_ms: 0.251917
  type: 'test'
  ...
# Subtest: budget exposure: fractional, negative, nonfinite, unsafe and missing values never become zero
ok 64 - budget exposure: fractional, negative, nonfinite, unsafe and missing values never become zero
  ---
  duration_ms: 0.423042
  type: 'test'
  ...
# Subtest: budget exposure: grant schema keeps authority identity strict and requires a state revision for observed or settled accounting
ok 65 - budget exposure: grant schema keeps authority identity strict and requires a state revision for observed or settled accounting
  ---
  duration_ms: 0.697041
  type: 'test'
  ...
# Subtest: budget exposure: parent links preserve pending, active and draining as different stored phases without conferring allocation authority
ok 66 - budget exposure: parent links preserve pending, active and draining as different stored phases without conferring allocation authority
  ---
  duration_ms: 0.383166
  type: 'test'
  ...
# Subtest: budget exposure: empty and absent grant lists are equivalent while malformed and over-cap lists are rejected
ok 67 - budget exposure: empty and absent grant lists are equivalent while malformed and over-cap lists are rejected
  ---
  duration_ms: 29.202291
  type: 'test'
  ...
# Subtest: budget exposure: projections and strict schema copies share no mutable vectors with the ledger
ok 68 - budget exposure: projections and strict schema copies share no mutable vectors with the ledger
  ---
  duration_ms: 0.113209
  type: 'test'
  ...
1..68
# tests 68
# suites 0
# pass 68
# fail 0
# cancelled 0
# skipped 0
# todo 0
# duration_ms 9085.950584
