✔ sqlite: restricted work reaches neither external estimator nor model even without an evidence body (28.5765ms)
✔ sqlite: authorized internal model retains the floor through a forced compact and stored request (45.034667ms)
✔ sqlite: disclosure revoked during source assembly stops the estimator before it receives prose (18.060333ms)
✔ sqlite: revoked model disclosure cancels a stored request before adapter entry (18.41825ms)
✔ sqlite: disclosure revoked during stored model input read stops the final transport (20.523542ms)
✔ sqlite: tool access labels cannot authorize restricted task inputs to an external tool (29.378959ms)
✔ sqlite: read permission narrowing does not relabel old task prose as public (28.939583ms)
✔ sqlite: authorized internal tool receives one invocation after current disclosure check (28.509542ms)
✔ sqlite: changed disclosure during asynchronous tool preflight stops adapter entry (47.40675ms)
✔ sqlite: denied channel cannot receive even a queued acknowledgement from restricted work (40.410125ms)
✔ sqlite: disclosure revocation preserves unknown delivery and prevents full-body lookup (49.241ms)
✔ sqlite: still-authorized unknown delivery uses lookup without resending (49.29875ms)
✔ sqlite: policy changed during artifact check stops an unknown question lookup (74.069041ms)
✔ sqlite: child budget cannot omit or expand parent disclosure policy (36.616625ms)
✔ sqlite: child read-scope narrowing inherits the parent prose floor and blocks model export (60.780292ms)
✔ sqlite: legacy parent cannot classify copied work prose by creating a boundary-enabled child (38.318458ms)
✔ sqlite: floor and active policy cannot be removed by a direct state commit (38.892125ms)
✔ sqlite: classifying a preexisting legacy work requires explicit migration (26.853042ms)
✔ file-journal: restricted work reaches neither external estimator nor model even without an evidence body (107.951666ms)
✔ file-journal: authorized internal model retains the floor through a forced compact and stored request (174.839458ms)
✔ file-journal: disclosure revoked during source assembly stops the estimator before it receives prose (135.861959ms)
✔ file-journal: revoked model disclosure cancels a stored request before adapter entry (144.717042ms)
✔ file-journal: disclosure revoked during stored model input read stops the final transport (188.012083ms)
✔ file-journal: tool access labels cannot authorize restricted task inputs to an external tool (177.792416ms)
✔ file-journal: read permission narrowing does not relabel old task prose as public (197.233792ms)
✔ file-journal: authorized internal tool receives one invocation after current disclosure check (143.010291ms)
✔ file-journal: changed disclosure during asynchronous tool preflight stops adapter entry (141.61225ms)
✔ file-journal: denied channel cannot receive even a queued acknowledgement from restricted work (238.185208ms)
✔ file-journal: disclosure revocation preserves unknown delivery and prevents full-body lookup (358.851959ms)
✔ file-journal: still-authorized unknown delivery uses lookup without resending (215.982417ms)
✔ file-journal: policy changed during artifact check stops an unknown question lookup (338.917166ms)
✔ file-journal: child budget cannot omit or expand parent disclosure policy (52.963542ms)
✔ file-journal: child read-scope narrowing inherits the parent prose floor and blocks model export (306.883084ms)
✔ file-journal: legacy parent cannot classify copied work prose by creating a boundary-enabled child (94.05025ms)
✔ file-journal: floor and active policy cannot be removed by a direct state commit (102.097792ms)
✔ file-journal: classifying a preexisting legacy work requires explicit migration (126.65575ms)
✔ memory state adapter applies the same floor transition guard as persistent adapters (0.780708ms)
✔ direct structured adapter denies estimation and transport using the retained context floor (1.805083ms)
✔ disclosure comparison: twelve A/B/C transport cases use two fixture families and reopened persistent stores (4306.589917ms)
✔ disclosure comparison: independent scoring rejects injected outbound originals even with rewritten measurement claims (104.003541ms)
✔ disclosure comparison: empty release, missing raw checks and advisory authority cannot become passing zero-leak samples (242.461583ms)
✔ destination rules combine read authority, destination, surface and labels (0.697208ms)
✔ duplicate destinations and rules with arbitrary output keys or ambiguous mappings are rejected (1.815625ms)
✔ child policies cannot remove destination restrictions or increase release budgets (0.100292ms)
✔ sqlite: release keeps only finite mapped facts and preserves immutable internal source proof (38.625708ms)
✔ sqlite: retry and reopen reuse the recorded release without resetting its budget (31.094709ms)
✔ sqlite: lineage aliases count repeated copies as the same source (32.663709ms)
✔ sqlite: release does not accept data-supplied policy, an unknown field value, or missing evidence (25.040833ms)
✔ sqlite: restrict invalidates a stored release and preserves prior disclosure usage (27.946709ms)
✔ sqlite: retract invalidates a stored release and preserves prior disclosure usage (24.454292ms)
✔ sqlite: supersede invalidates a stored release and preserves prior disclosure usage (36.340209ms)
✔ sqlite: delete invalidates a stored release and preserves prior disclosure usage (53.7255ms)
✔ sqlite: policy invalidates a stored release and preserves prior disclosure usage (69.834541ms)
✔ sqlite: goal invalidates a stored release and preserves prior disclosure usage (54.971125ms)
✔ sqlite: current read restrictions and wrong actor prevent release and later read (48.263ms)
✔ sqlite: policy revocation during original read prevents publication (50.856ms)
✔ sqlite: raw source gates cover every export surface without reclassifying the source (66.163666ms)
✔ sqlite: accumulated bytes and request identity remain binding (61.466708ms)
✔ sqlite: concurrent release publication does not overspend a one-release budget (60.427084ms)
✔ sqlite: release proof and cumulative history cannot be deleted or rewritten (59.294875ms)
✔ file-journal: release keeps only finite mapped facts and preserves immutable internal source proof (115.955542ms)
✔ file-journal: retry and reopen reuse the recorded release without resetting its budget (301.172125ms)
✔ file-journal: lineage aliases count repeated copies as the same source (145.466625ms)
✔ file-journal: release does not accept data-supplied policy, an unknown field value, or missing evidence (83.660958ms)
✔ file-journal: restrict invalidates a stored release and preserves prior disclosure usage (116.993916ms)
✔ file-journal: retract invalidates a stored release and preserves prior disclosure usage (214.043291ms)
✔ file-journal: supersede invalidates a stored release and preserves prior disclosure usage (150.100709ms)
✔ file-journal: delete invalidates a stored release and preserves prior disclosure usage (150.604958ms)
✔ file-journal: policy invalidates a stored release and preserves prior disclosure usage (189.300625ms)
✔ file-journal: goal invalidates a stored release and preserves prior disclosure usage (323.866375ms)
✔ file-journal: current read restrictions and wrong actor prevent release and later read (167.294875ms)
✔ file-journal: policy revocation during original read prevents publication (99.44275ms)
✔ file-journal: raw source gates cover every export surface without reclassifying the source (289.062333ms)
✔ file-journal: accumulated bytes and request identity remain binding (132.153292ms)
✔ file-journal: concurrent release publication does not overspend a one-release budget (194.181292ms)
✔ file-journal: release proof and cumulative history cannot be deleted or rewritten (239.895958ms)
✔ sqlite: a generic artifact reference cannot bypass its connected evidence restriction (85.883292ms)
✔ sqlite: changed or unavailable memory dependencies stop release and raw views (89.596792ms)
✔ sqlite: a new lineage on derived evidence does not create a new independent root (121.869166ms)
✔ sqlite: a lost commit response cannot erase a disclosure or give its budget back (69.322708ms)
✔ sqlite: an unclassified new work cannot opt in with an empty label floor (55.047375ms)
✔ file-journal: a generic artifact reference cannot bypass its connected evidence restriction (72.519375ms)
✔ file-journal: changed or unavailable memory dependencies stop release and raw views (137.475667ms)
✔ file-journal: a new lineage on derived evidence does not create a new independent root (217.5565ms)
✔ file-journal: a lost commit response cannot erase a disclosure or give its budget back (85.409584ms)
✔ file-journal: an unclassified new work cannot opt in with an empty label floor (41.120083ms)
ℹ tests 86
ℹ suites 0
ℹ pass 86
ℹ fail 0
ℹ cancelled 0
ℹ skipped 0
ℹ todo 0
ℹ duration_ms 4749.986791
