TAP version 13
# Subtest: budget crash sqlite: SIGKILL after durable child-genesis resumes one grant without Tool or Planner entry
ok 1 - budget crash sqlite: SIGKILL after durable child-genesis resumes one grant without Tool or Planner entry
  ---
  duration_ms: 327.323917
  type: 'test'
  ...
# Subtest: budget crash sqlite: SIGKILL after durable parent-grant resumes one grant without Tool or Planner entry
ok 2 - budget crash sqlite: SIGKILL after durable parent-grant resumes one grant without Tool or Planner entry
  ---
  duration_ms: 296.111875
  type: 'test'
  ...
# Subtest: budget crash sqlite: SIGKILL after durable child-activation resumes one grant without Tool or Planner entry
ok 3 - budget crash sqlite: SIGKILL after durable child-activation resumes one grant without Tool or Planner entry
  ---
  duration_ms: 322.377541
  type: 'test'
  ...
# Subtest: budget crash sqlite: SIGKILL after parent-draining retains consumed usage and cancels unsent tool once
ok 4 - budget crash sqlite: SIGKILL after parent-draining retains consumed usage and cancels unsent tool once
  ---
  duration_ms: 533.163125
  type: 'test'
  ...
# Subtest: budget crash sqlite: SIGKILL after child-fence retains consumed usage and cancels unsent tool once
ok 5 - budget crash sqlite: SIGKILL after child-fence retains consumed usage and cancels unsent tool once
  ---
  duration_ms: 522.000917
  type: 'test'
  ...
# Subtest: budget crash sqlite: SIGKILL after parent-settlement retains consumed usage and cancels unsent tool once
ok 6 - budget crash sqlite: SIGKILL after parent-settlement retains consumed usage and cancels unsent tool once
  ---
  duration_ms: 540.775458
  type: 'test'
  ...
# Subtest: budget crash sqlite: SIGKILL after parent-draining retains consumed usage and cancels unsent model once
ok 7 - budget crash sqlite: SIGKILL after parent-draining retains consumed usage and cancels unsent model once
  ---
  duration_ms: 587.200833
  type: 'test'
  ...
# Subtest: budget crash sqlite: SIGKILL after child-fence retains consumed usage and cancels unsent model once
ok 8 - budget crash sqlite: SIGKILL after child-fence retains consumed usage and cancels unsent model once
  ---
  duration_ms: 593.080792
  type: 'test'
  ...
# Subtest: budget crash sqlite: SIGKILL after parent-settlement retains consumed usage and cancels unsent model once
ok 9 - budget crash sqlite: SIGKILL after parent-settlement retains consumed usage and cancels unsent model once
  ---
  duration_ms: 568.508667
  type: 'test'
  ...
# Subtest: budget crash file-journal: SIGKILL after durable child-genesis resumes one grant without Tool or Planner entry
ok 10 - budget crash file-journal: SIGKILL after durable child-genesis resumes one grant without Tool or Planner entry
  ---
  duration_ms: 443.806792
  type: 'test'
  ...
# Subtest: budget crash file-journal: SIGKILL after durable parent-grant resumes one grant without Tool or Planner entry
ok 11 - budget crash file-journal: SIGKILL after durable parent-grant resumes one grant without Tool or Planner entry
  ---
  duration_ms: 476.160791
  type: 'test'
  ...
# Subtest: budget crash file-journal: SIGKILL after durable child-activation resumes one grant without Tool or Planner entry
ok 12 - budget crash file-journal: SIGKILL after durable child-activation resumes one grant without Tool or Planner entry
  ---
  duration_ms: 464.217208
  type: 'test'
  ...
# Subtest: budget crash file-journal: SIGKILL after parent-draining retains consumed usage and cancels unsent tool once
ok 13 - budget crash file-journal: SIGKILL after parent-draining retains consumed usage and cancels unsent tool once
  ---
  duration_ms: 1403.949041
  type: 'test'
  ...
# Subtest: budget crash file-journal: SIGKILL after child-fence retains consumed usage and cancels unsent tool once
ok 14 - budget crash file-journal: SIGKILL after child-fence retains consumed usage and cancels unsent tool once
  ---
  duration_ms: 1455.009417
  type: 'test'
  ...
# Subtest: budget crash file-journal: SIGKILL after parent-settlement retains consumed usage and cancels unsent tool once
ok 15 - budget crash file-journal: SIGKILL after parent-settlement retains consumed usage and cancels unsent tool once
  ---
  duration_ms: 1455.33075
  type: 'test'
  ...
# Subtest: budget crash file-journal: SIGKILL after parent-draining retains consumed usage and cancels unsent model once
ok 16 - budget crash file-journal: SIGKILL after parent-draining retains consumed usage and cancels unsent model once
  ---
  duration_ms: 910.67775
  type: 'test'
  ...
# Subtest: budget crash file-journal: SIGKILL after child-fence retains consumed usage and cancels unsent model once
ok 17 - budget crash file-journal: SIGKILL after child-fence retains consumed usage and cancels unsent model once
  ---
  duration_ms: 873.553834
  type: 'test'
  ...
# Subtest: budget crash file-journal: SIGKILL after parent-settlement retains consumed usage and cancels unsent model once
ok 18 - budget crash file-journal: SIGKILL after parent-settlement retains consumed usage and cancels unsent model once
  ---
  duration_ms: 872.103375
  type: 'test'
  ...
# Subtest: budget runtime sqlite: child execution settles once across duplicate creation, reconciliation and reopen without copying evidence
ok 19 - budget runtime sqlite: child execution settles once across duplicate creation, reconciliation and reopen without copying evidence
  ---
  duration_ms: 71.91125
  type: 'test'
  ...
# Subtest: budget runtime sqlite: parent remaining calls execute while escrow prevents parent and sibling over-allocation
ok 20 - budget runtime sqlite: parent remaining calls execute while escrow prevents parent and sibling over-allocation
  ---
  duration_ms: 37.199333
  type: 'test'
  ...
# Subtest: budget runtime sqlite: concurrent sibling grants cannot oversubscribe one parent's remaining budget
ok 21 - budget runtime sqlite: concurrent sibling grants cannot oversubscribe one parent's remaining budget
  ---
  duration_ms: 9.149
  type: 'test'
  ...
# Subtest: budget runtime sqlite: a child's last logical tool call is consumed by an actual dispatch and cannot be minted by a new task ID
ok 22 - budget runtime sqlite: a child's last logical tool call is consumed by an actual dispatch and cannot be minted by a new task ID
  ---
  duration_ms: 35.267958
  type: 'test'
  ...
# Subtest: budget runtime sqlite: actual model dispatch and reported tokens remain charged when its plan is rejected
ok 23 - budget runtime sqlite: actual model dispatch and reported tokens remain charged when its plan is rejected
  ---
  duration_ms: 73.074417
  type: 'test'
  ...
# Subtest: budget runtime sqlite: a child token cap below the estimated reservation prevents durable model allocation and transport
ok 24 - budget runtime sqlite: a child token cap below the estimated reservation prevents durable model allocation and transport
  ---
  duration_ms: 26.888625
  type: 'test'
  ...
# Subtest: budget runtime sqlite: revoking an unsent tool reservation fences the child and returns only unused escrow
ok 25 - budget runtime sqlite: revoking an unsent tool reservation fences the child and returns only unused escrow
  ---
  duration_ms: 11.743875
  type: 'test'
  ...
# Subtest: budget runtime sqlite: revoking an unsent model reservation fences the child and returns only unused escrow
ok 26 - budget runtime sqlite: revoking an unsent model reservation fences the child and returns only unused escrow
  ---
  duration_ms: 44.8235
  type: 'test'
  ...
# Subtest: budget runtime sqlite: revoke retains an active model's unknown usage, then late accounting settles once without adopting its plan
ok 27 - budget runtime sqlite: revoke retains an active model's unknown usage, then late accounting settles once without adopting its plan
  ---
  duration_ms: 63.054083
  type: 'test'
  ...
# Subtest: budget runtime sqlite: unknown write effects keep the grant outstanding after revoke and restart
ok 28 - budget runtime sqlite: unknown write effects keep the grant outstanding after revoke and restart
  ---
  duration_ms: 34.647
  type: 'test'
  ...
# Subtest: budget runtime sqlite: reported model overage is charged to the parent without clamping and prevents further funding
ok 29 - budget runtime sqlite: reported model overage is charged to the parent without clamping and prevents further funding
  ---
  duration_ms: 58.552292
  type: 'test'
  ...
# Subtest: budget runtime sqlite: reducing limits preserves committed charges and child deadlines while blocking new grants
ok 30 - budget runtime sqlite: reducing limits preserves committed charges and child deadlines while blocking new grants
  ---
  duration_ms: 33.519416
  type: 'test'
  ...
# Subtest: budget runtime sqlite: pending genesis cannot execute before funding
ok 31 - budget runtime sqlite: pending genesis cannot execute before funding
  ---
  duration_ms: 27.349084
  type: 'test'
  ...
# Subtest: budget runtime sqlite: pending genesis cannot execute before funding and parent cancellation wins activation
ok 32 - budget runtime sqlite: pending genesis cannot execute before funding and parent cancellation wins activation
  ---
  duration_ms: 7.29475
  type: 'test'
  ...
# Subtest: budget runtime sqlite: child funding rejects broader authority, altered duplicate commands and work ID reattachment
ok 33 - budget runtime sqlite: child funding rejects broader authority, altered duplicate commands and work ID reattachment
  ---
  duration_ms: 6.593541
  type: 'test'
  ...
# Subtest: budget runtime sqlite: grant commit ACK loss resumes the same grant and child without another allocation
ok 34 - budget runtime sqlite: grant commit ACK loss resumes the same grant and child without another allocation
  ---
  duration_ms: 7.713167
  type: 'test'
  ...
# Subtest: budget runtime sqlite: activation commit ACK loss resumes the same grant and child without another allocation
ok 35 - budget runtime sqlite: activation commit ACK loss resumes the same grant and child without another allocation
  ---
  duration_ms: 6.697458
  type: 'test'
  ...
# Subtest: budget runtime sqlite: revocation during child activation installs a fence that the stale activation cannot overwrite
ok 36 - budget runtime sqlite: revocation during child activation installs a fence that the stale activation cannot overwrite
  ---
  duration_ms: 6.854958
  type: 'test'
  ...
# Subtest: budget runtime sqlite: revoke after tool dispatch and before entry prevents transport while keeping the logical dispatch charge
ok 37 - budget runtime sqlite: revoke after tool dispatch and before entry prevents transport while keeping the logical dispatch charge
  ---
  duration_ms: 32.321334
  type: 'test'
  ...
# Subtest: budget runtime sqlite: revoke after model dispatch and before entry prevents transport while keeping the logical dispatch charge
ok 38 - budget runtime sqlite: revoke after model dispatch and before entry prevents transport while keeping the logical dispatch charge
  ---
  duration_ms: 58.830542
  type: 'test'
  ...
# Subtest: budget runtime sqlite: actual replan adoption spends the child's delegated replan allowance once
ok 39 - budget runtime sqlite: actual replan adoption spends the child's delegated replan allowance once
  ---
  duration_ms: 51.740584
  type: 'test'
  ...
# Subtest: budget runtime sqlite: nested child execution reconciles through both grants without double charging or copying originals
ok 40 - budget runtime sqlite: nested child execution reconciles through both grants without double charging or copying originals
  ---
  duration_ms: 37.210542
  type: 'test'
  ...
# Subtest: budget runtime sqlite: an unfunded pending child cannot turn resume or a new goal into execution authority
ok 41 - budget runtime sqlite: an unfunded pending child cannot turn resume or a new goal into execution authority
  ---
  duration_ms: 7.921834
  type: 'test'
  ...
# Subtest: budget runtime sqlite: a parent goal change fences a child's previously reserved tool before entry
ok 42 - budget runtime sqlite: a parent goal change fences a child's previously reserved tool before entry
  ---
  duration_ms: 9.530375
  type: 'test'
  ...
# Subtest: budget runtime sqlite: a parent policy change fences a child's previously reserved tool before entry
ok 43 - budget runtime sqlite: a parent policy change fences a child's previously reserved tool before entry
  ---
  duration_ms: 9.85025
  type: 'test'
  ...
# Subtest: budget runtime sqlite: a parent deadline change fences a child's previously reserved tool before entry
ok 44 - budget runtime sqlite: a parent deadline change fences a child's previously reserved tool before entry
  ---
  duration_ms: 10.070875
  type: 'test'
  ...
# Subtest: budget runtime sqlite: a partially reported model response retains known tokens and unknown reservation after revoke and reopen
ok 45 - budget runtime sqlite: a partially reported model response retains known tokens and unknown reservation after revoke and reopen
  ---
  duration_ms: 64.56875
  type: 'test'
  ...
# Subtest: budget runtime sqlite: sibling overage received during a tool dispatch ACK delay prevents its actual entry despite stale parent accounting
ok 46 - budget runtime sqlite: sibling overage received during a tool dispatch ACK delay prevents its actual entry despite stale parent accounting
  ---
  duration_ms: 82.257917
  type: 'test'
  ...
# Subtest: budget runtime sqlite: sibling overage received during a model dispatch ACK delay prevents its actual entry despite stale parent accounting
ok 47 - budget runtime sqlite: sibling overage received during a model dispatch ACK delay prevents its actual entry despite stale parent accounting
  ---
  duration_ms: 126.908666
  type: 'test'
  ...
# Subtest: budget runtime file-journal: child execution settles once across duplicate creation, reconciliation and reopen without copying evidence
ok 48 - budget runtime file-journal: child execution settles once across duplicate creation, reconciliation and reopen without copying evidence
  ---
  duration_ms: 443.34375
  type: 'test'
  ...
# Subtest: budget runtime file-journal: parent remaining calls execute while escrow prevents parent and sibling over-allocation
ok 49 - budget runtime file-journal: parent remaining calls execute while escrow prevents parent and sibling over-allocation
  ---
  duration_ms: 396.079083
  type: 'test'
  ...
# Subtest: budget runtime file-journal: concurrent sibling grants cannot oversubscribe one parent's remaining budget
ok 50 - budget runtime file-journal: concurrent sibling grants cannot oversubscribe one parent's remaining budget
  ---
  duration_ms: 108.902834
  type: 'test'
  ...
# Subtest: budget runtime file-journal: a child's last logical tool call is consumed by an actual dispatch and cannot be minted by a new task ID
ok 51 - budget runtime file-journal: a child's last logical tool call is consumed by an actual dispatch and cannot be minted by a new task ID
  ---
  duration_ms: 475.819166
  type: 'test'
  ...
# Subtest: budget runtime file-journal: actual model dispatch and reported tokens remain charged when its plan is rejected
ok 52 - budget runtime file-journal: actual model dispatch and reported tokens remain charged when its plan is rejected
  ---
  duration_ms: 428.336292
  type: 'test'
  ...
# Subtest: budget runtime file-journal: a child token cap below the estimated reservation prevents durable model allocation and transport
ok 53 - budget runtime file-journal: a child token cap below the estimated reservation prevents durable model allocation and transport
  ---
  duration_ms: 122.439334
  type: 'test'
  ...
# Subtest: budget runtime file-journal: revoking an unsent tool reservation fences the child and returns only unused escrow
ok 54 - budget runtime file-journal: revoking an unsent tool reservation fences the child and returns only unused escrow
  ---
  duration_ms: 264.959542
  type: 'test'
  ...
# Subtest: budget runtime file-journal: revoking an unsent model reservation fences the child and returns only unused escrow
ok 55 - budget runtime file-journal: revoking an unsent model reservation fences the child and returns only unused escrow
  ---
  duration_ms: 289.424083
  type: 'test'
  ...
# Subtest: budget runtime file-journal: revoke retains an active model's unknown usage, then late accounting settles once without adopting its plan
ok 56 - budget runtime file-journal: revoke retains an active model's unknown usage, then late accounting settles once without adopting its plan
  ---
  duration_ms: 495.282334
  type: 'test'
  ...
# Subtest: budget runtime file-journal: unknown write effects keep the grant outstanding after revoke and restart
ok 57 - budget runtime file-journal: unknown write effects keep the grant outstanding after revoke and restart
  ---
  duration_ms: 341.151792
  type: 'test'
  ...
# Subtest: budget runtime file-journal: reported model overage is charged to the parent without clamping and prevents further funding
ok 58 - budget runtime file-journal: reported model overage is charged to the parent without clamping and prevents further funding
  ---
  duration_ms: 279.662
  type: 'test'
  ...
# Subtest: budget runtime file-journal: reducing limits preserves committed charges and child deadlines while blocking new grants
ok 59 - budget runtime file-journal: reducing limits preserves committed charges and child deadlines while blocking new grants
  ---
  duration_ms: 389.909375
  type: 'test'
  ...
# Subtest: budget runtime file-journal: pending genesis cannot execute before funding
ok 60 - budget runtime file-journal: pending genesis cannot execute before funding
  ---
  duration_ms: 255.549958
  type: 'test'
  ...
# Subtest: budget runtime file-journal: pending genesis cannot execute before funding and parent cancellation wins activation
ok 61 - budget runtime file-journal: pending genesis cannot execute before funding and parent cancellation wins activation
  ---
  duration_ms: 73.476791
  type: 'test'
  ...
# Subtest: budget runtime file-journal: child funding rejects broader authority, altered duplicate commands and work ID reattachment
ok 62 - budget runtime file-journal: child funding rejects broader authority, altered duplicate commands and work ID reattachment
  ---
  duration_ms: 67.809125
  type: 'test'
  ...
# Subtest: budget runtime file-journal: grant commit ACK loss resumes the same grant and child without another allocation
ok 63 - budget runtime file-journal: grant commit ACK loss resumes the same grant and child without another allocation
  ---
  duration_ms: 83.797125
  type: 'test'
  ...
# Subtest: budget runtime file-journal: activation commit ACK loss resumes the same grant and child without another allocation
ok 64 - budget runtime file-journal: activation commit ACK loss resumes the same grant and child without another allocation
  ---
  duration_ms: 60.694375
  type: 'test'
  ...
# Subtest: budget runtime file-journal: revocation during child activation installs a fence that the stale activation cannot overwrite
ok 65 - budget runtime file-journal: revocation during child activation installs a fence that the stale activation cannot overwrite
  ---
  duration_ms: 154.823375
  type: 'test'
  ...
# Subtest: budget runtime file-journal: revoke after tool dispatch and before entry prevents transport while keeping the logical dispatch charge
ok 66 - budget runtime file-journal: revoke after tool dispatch and before entry prevents transport while keeping the logical dispatch charge
  ---
  duration_ms: 407.233666
  type: 'test'
  ...
# Subtest: budget runtime file-journal: revoke after model dispatch and before entry prevents transport while keeping the logical dispatch charge
ok 67 - budget runtime file-journal: revoke after model dispatch and before entry prevents transport while keeping the logical dispatch charge
  ---
  duration_ms: 354.764833
  type: 'test'
  ...
# Subtest: budget runtime file-journal: actual replan adoption spends the child's delegated replan allowance once
ok 68 - budget runtime file-journal: actual replan adoption spends the child's delegated replan allowance once
  ---
  duration_ms: 513.084625
  type: 'test'
  ...
# Subtest: budget runtime file-journal: nested child execution reconciles through both grants without double charging or copying originals
ok 69 - budget runtime file-journal: nested child execution reconciles through both grants without double charging or copying originals
  ---
  duration_ms: 733.968334
  type: 'test'
  ...
# Subtest: budget runtime file-journal: an unfunded pending child cannot turn resume or a new goal into execution authority
ok 70 - budget runtime file-journal: an unfunded pending child cannot turn resume or a new goal into execution authority
  ---
  duration_ms: 72.141667
  type: 'test'
  ...
# Subtest: budget runtime file-journal: a parent goal change fences a child's previously reserved tool before entry
ok 71 - budget runtime file-journal: a parent goal change fences a child's previously reserved tool before entry
  ---
  duration_ms: 247.588833
  type: 'test'
  ...
# Subtest: budget runtime file-journal: a parent policy change fences a child's previously reserved tool before entry
ok 72 - budget runtime file-journal: a parent policy change fences a child's previously reserved tool before entry
  ---
  duration_ms: 201.202125
  type: 'test'
  ...
# Subtest: budget runtime file-journal: a parent deadline change fences a child's previously reserved tool before entry
ok 73 - budget runtime file-journal: a parent deadline change fences a child's previously reserved tool before entry
  ---
  duration_ms: 162.993
  type: 'test'
  ...
# Subtest: budget runtime file-journal: a partially reported model response retains known tokens and unknown reservation after revoke and reopen
ok 74 - budget runtime file-journal: a partially reported model response retains known tokens and unknown reservation after revoke and reopen
  ---
  duration_ms: 401.478708
  type: 'test'
  ...
# Subtest: budget runtime file-journal: sibling overage received during a tool dispatch ACK delay prevents its actual entry despite stale parent accounting
ok 75 - budget runtime file-journal: sibling overage received during a tool dispatch ACK delay prevents its actual entry despite stale parent accounting
  ---
  duration_ms: 682.182542
  type: 'test'
  ...
# Subtest: budget runtime file-journal: sibling overage received during a model dispatch ACK delay prevents its actual entry despite stale parent accounting
ok 76 - budget runtime file-journal: sibling overage received during a model dispatch ACK delay prevents its actual entry despite stale parent accounting
  ---
  duration_ms: 438.242917
  type: 'test'
  ...
# Subtest: budget exposure: own usage and reservations add each dimension without charging elapsed time or unknown counts as tokens
ok 77 - budget exposure: own usage and reservations add each dimension without charging elapsed time or unknown counts as tokens
  ---
  duration_ms: 0.733542
  type: 'test'
  ...
# Subtest: budget exposure: active and draining escrow count once even when the same child usage has already been observed
ok 78 - budget exposure: active and draining escrow count once even when the same child usage has already been observed
  ---
  duration_ms: 0.238416
  type: 'test'
  ...
# Subtest: budget exposure: usage above allocation and outstanding reservations remain visible in independent dimensions
ok 79 - budget exposure: usage above allocation and outstanding reservations remain visible in independent dimensions
  ---
  duration_ms: 0.068708
  type: 'test'
  ...
# Subtest: budget exposure: settling replaces escrow with accounted plus reserved amounts and repeated reads cannot refund twice
ok 80 - budget exposure: settling replaces escrow with accounted plus reserved amounts and repeated reads cannot refund twice
  ---
  duration_ms: 0.083459
  type: 'test'
  ...
# Subtest: budget exposure: unknown and partially reported model usage keeps reserved tokens even on a settled summary
ok 81 - budget exposure: unknown and partially reported model usage keeps reserved tokens even on a settled summary
  ---
  duration_ms: 1.398209
  type: 'test'
  ...
# Subtest: budget exposure: a lower parent limit preserves actual costs and reports each excess without negative remaining values
ok 82 - budget exposure: a lower parent limit preserves actual costs and reports each excess without negative remaining values
  ---
  duration_ms: 0.162208
  type: 'test'
  ...
# Subtest: budget exposure: separate grants sum but duplicate IDs and duplicate child funding records are rejected
ok 83 - budget exposure: separate grants sum but duplicate IDs and duplicate child funding records are rejected
  ---
  duration_ms: 1.118
  type: 'test'
  ...
# Subtest: budget exposure: zero-funded grants remain explicit and cannot hide a later reported expense
ok 84 - budget exposure: zero-funded grants remain explicit and cannot hide a later reported expense
  ---
  duration_ms: 0.215167
  type: 'test'
  ...
# Subtest: budget exposure: max-safe totals are exact and overflow in local, grant, aggregate or combined arithmetic fails closed
ok 85 - budget exposure: max-safe totals are exact and overflow in local, grant, aggregate or combined arithmetic fails closed
  ---
  duration_ms: 0.419417
  type: 'test'
  ...
# Subtest: budget exposure: fractional, negative, nonfinite, unsafe and missing values never become zero
ok 86 - budget exposure: fractional, negative, nonfinite, unsafe and missing values never become zero
  ---
  duration_ms: 0.481584
  type: 'test'
  ...
# Subtest: budget exposure: grant schema keeps authority identity strict and requires a state revision for observed or settled accounting
ok 87 - budget exposure: grant schema keeps authority identity strict and requires a state revision for observed or settled accounting
  ---
  duration_ms: 0.439916
  type: 'test'
  ...
# Subtest: budget exposure: parent links preserve pending, active and draining as different stored phases without conferring allocation authority
ok 88 - budget exposure: parent links preserve pending, active and draining as different stored phases without conferring allocation authority
  ---
  duration_ms: 0.374333
  type: 'test'
  ...
# Subtest: budget exposure: empty and absent grant lists are equivalent while malformed and over-cap lists are rejected
ok 89 - budget exposure: empty and absent grant lists are equivalent while malformed and over-cap lists are rejected
  ---
  duration_ms: 38.630792
  type: 'test'
  ...
# Subtest: budget exposure: projections and strict schema copies share no mutable vectors with the ledger
ok 90 - budget exposure: projections and strict schema copies share no mutable vectors with the ledger
  ---
  duration_ms: 0.196292
  type: 'test'
  ...
1..90
# tests 90
# suites 0
# pass 90
# fail 0
# cancelled 0
# skipped 0
# todo 0
# duration_ms 12714.094875
