{"verificationRuntime":"v24.20.0","executable":"/Users/seunghanee/Documents/secumon/runtime/.tools/node-v24.20.0-darwin-arm64/bin/node"}

> long-horizon-runtime@0.1.0 verify
> npm test && npm run typecheck:core && npm run check:architecture && npm run fixtures


> long-horizon-runtime@0.1.0 test
> npm run build && node --test dist/tests/*.test.js


> long-horizon-runtime@0.1.0 build
> tsc -p tsconfig.json

✔ content, metadata and permissions survive artifact store restart (57.870459ms)
✔ same bytes under different tenant/labels never share an accessible reference (140.059416ms)
✔ corrupt bytes, missing originals, path traversal and symlink substitution are rejected (70.254958ms)
✔ artifact stored before failed state commit is reused after reopening, without dangling references (129.014375ms)
✔ execution intent and unadopted result persist independently of evidence acceptance (153.535792ms)
✔ CLI resumes across processes, keeps conversation/work identities and separates disconnect, pause and cancel (3652.36925ms)
✔ CLI human output is reception plus result, with no internal events or ANSI: documents-simple (859.477583ms)
✔ CLI human output is reception plus result, with no internal events or ANSI: observations-simple (904.410083ms)
✔ CLI goal changes require an explicit revision and failures have no success JSON on stdout (1086.333625ms)
✔ CLI checkpoint is a derived reference and an old resume file does not reverse a paused work (2193.442875ms)
✔ context compiler sqlite/documents-complex: five published working sets retain counterevidence and rediscover an early original (2031.643958ms)
✔ context compiler sqlite/observations-complex: five published working sets retain counterevidence and rediscover an early original (1605.413041ms)
✔ context compiler file-journal/documents-complex: five published working sets retain counterevidence and rediscover an early original (9583.40225ms)
✔ context compiler file-journal/observations-complex: five published working sets retain counterevidence and rediscover an early original (8093.046875ms)
✔ context compiler sqlite: five compactions preserve canonical unknown effect and timed response obligations (252.772125ms)
✔ context compiler file-journal: five compactions preserve canonical unknown effect and timed response obligations (773.685375ms)
✔ context compiler sqlite: selected schemas reduce the actual structured transport request and preserve precise byte accounting (104.802542ms)
ℹ {"backend":"sqlite","baselinePacketBytes":4451,"baselineToolBytes":516137,"packetBytes":2222,"toolBytes":33277,"envelopeBytes":35577,"requestBytes":39952,"selectedToolCount":13,"catalogTotal":81}
✔ context compiler file-journal: selected schemas reduce the actual structured transport request and preserve precise byte accounting (137.155875ms)
ℹ {"backend":"file-journal","baselinePacketBytes":4451,"baselineToolBytes":516137,"packetBytes":2222,"toolBytes":33277,"envelopeBytes":35577,"requestBytes":39952,"selectedToolCount":13,"catalogTotal":81}
✔ context compiler sqlite: an oversized mandatory goal fails before candidate storage or transport (61.118042ms)
✔ context compiler file-journal: an oversized mandatory goal fails before candidate storage or transport (73.24725ms)
✔ context copy: a canonical two-level invocation copy cannot restore guidance body after its catalog version is replaced (67.688666ms)
✔ context copy: two nested call results stop exposing a tool body when original tool permission is revoked (18.91275ms)
✔ context dispatch sqlite: persisted reservation does not send removed registration (269.223875ms)
✔ context dispatch sqlite: persisted reservation does not send replacement version (262.156459ms)
✔ context dispatch sqlite: persisted reservation does not send changed input schema under the same ID and version (354.246083ms)
✔ context dispatch sqlite: persisted reservation does not send changed allowed labels under the same ID and version (330.180709ms)
✔ context dispatch sqlite: persisted reservation does not send changed allowed destination under the same ID and version (275.852875ms)
✔ context dispatch file-journal: persisted reservation does not send removed registration (887.513875ms)
✔ context dispatch file-journal: persisted reservation does not send replacement version (787.229792ms)
✔ context dispatch file-journal: persisted reservation does not send changed input schema under the same ID and version (846.89575ms)
✔ context dispatch file-journal: persisted reservation does not send changed allowed labels under the same ID and version (856.379584ms)
✔ context dispatch file-journal: persisted reservation does not send changed allowed destination under the same ID and version (869.325708ms)
✔ context dispatch sqlite: persisted guidance required-rules change is checked before transport (392.526209ms)
✔ context dispatch sqlite: persisted guidance version change is checked before transport (354.319792ms)
✔ context dispatch file-journal: persisted guidance required-rules change is checked before transport (1464.62625ms)
✔ context dispatch file-journal: persisted guidance version change is checked before transport (1490.151042ms)
✔ context dispatch sqlite: unchanged tool and trusted guidance contracts resume the stored request once (400.976625ms)
✔ context dispatch file-journal: unchanged tool and trusted guidance contracts resume the stored request once (1488.877ms)
✔ context guidance: trusted required rules, exact version and hash survive published body eviction (48.08475ms)
✔ context guidance: a manifest without required rules keeps the full original and fails a smaller input budget (23.251583ms)
✔ context guidance: result-provided rules cannot replace an absent trusted manifest rule set (10.135834ms)
✔ context guidance: current label revocation prevents a previously published original from reappearing (11.436375ms)
✔ context guidance: a missing original cannot be recovered from its copied tool result or prior frame (11.51325ms)
✔ context guidance: replacing the catalog version does not expose the superseded loaded body (11.866083ms)
✔ context guidance: replacing trusted bytes under the same version rejects the old manifest and body (6.610459ms)
✔ context guidance: a stored result with a mismatched attemptId is rejected (7.041125ms)
✔ context guidance: a stored result with a mismatched resultId is rejected (5.863459ms)
✔ context guidance: the actual dispatch receipt must match the adopted attempt task digest (6.671541ms)
✔ sqlite/model_call_reserved: publishing requires the derived blob, later loss permits commits and regeneration while original loss blocks both (182.303208ms)
✔ sqlite/context_compacted: publishing requires the derived blob, later loss permits commits and regeneration while original loss blocks both (196.276958ms)
✔ sqlite: publishing detects a context head reference conflict before committing (160.126333ms)
✔ sqlite: a blocked context candidate cannot be newly published even when its bytes remain (208.593ms)
✔ sqlite/retract: lifecycle retires the context head and access removal also blocks its retained artifact (176.81575ms)
✔ sqlite/correct: lifecycle retires the context head and access removal also blocks its retained artifact (214.198083ms)
✔ sqlite/restrict: lifecycle retires the context head and access removal also blocks its retained artifact (224.877208ms)
✔ sqlite/delete: lifecycle retires the context head and access removal also blocks its retained artifact (216.701583ms)
✔ sqlite/dependency_changed: lifecycle retires the context head and access removal also blocks its retained artifact (216.186834ms)
✔ file-journal/model_call_reserved: publishing requires the derived blob, later loss permits commits and regeneration while original loss blocks both (587.979708ms)
✔ file-journal/context_compacted: publishing requires the derived blob, later loss permits commits and regeneration while original loss blocks both (583.607875ms)
✔ file-journal: publishing detects a context head reference conflict before committing (183.972ms)
✔ file-journal: a blocked context candidate cannot be newly published even when its bytes remain (185.950583ms)
✔ file-journal/retract: lifecycle retires the context head and access removal also blocks its retained artifact (337.982ms)
✔ file-journal/correct: lifecycle retires the context head and access removal also blocks its retained artifact (376.322375ms)
✔ file-journal/restrict: lifecycle retires the context head and access removal also blocks its retained artifact (386.877125ms)
✔ file-journal/delete: lifecycle retires the context head and access removal also blocks its retained artifact (366.025167ms)
✔ file-journal/dependency_changed: lifecycle retires the context head and access removal also blocks its retained artifact (384.010042ms)
✔ sqlite: source deletion during the context head exists check prevents reservation and head publication (437.290875ms)
✔ sqlite: source deletion inside repository commit retires the published head and cancels the model reservation before returning (583.685958ms)
✔ sqlite: losing the prior frame does not turn an old catalog request into a conflict with the current task version (488.322917ms)
✔ file-journal: source deletion during the context head exists check prevents reservation and head publication (5447.571875ms)
✔ file-journal: source deletion inside repository commit retires the published head and cancels the model reservation before returning (5602.892459ms)
✔ file-journal: losing the prior frame does not turn an old catalog request into a conflict with the current task version (1591.011ms)
✔ required full and reference information survives optional content pressure (4.11575ms)
✔ a full value cheaper than its required reference satisfies the minimum without overflow (0.381416ms)
✔ a required reference cap rejects contradictory bounds and never substitutes a cheaper full payload (0.674541ms)
✔ optional reference caps consume only reference bytes and remain omitted when that representation does not fit (0.456458ms)
✔ a reference cap overrides full residency and new use without counting references as full reloads (1.091625ms)
✔ high and low watermarks retain compact mode until the lower boundary is crossed (2.60525ms)
✔ mere inclusion is not actual use and an idle full value does not automatically reload (5.609042ms)
✔ a new actual use marker refreshes usage and reloads the same digest once (1.014875ms)
✔ minimum residency delays idle eviction for two cycles while the hard budget still wins (0.926541ms)
✔ five changing working sets preserve old counterevidence, pending and unknown references (2.833084ms)
✔ removed authority and changed digests cannot be revived by resident or use history (0.451584ms)
✔ decisions are stable by minimum, priority, real use, recency, residence and key (0.183292ms)
✔ recently evicted content waits through cooldown unless actual use or a minimum requires it (0.098916ms)
✔ memo storage is bounded and prioritizes selected residents without changing decisions (0.580166ms)
✔ inputs and previous memo stay immutable and byte sums match selected representations (0.430458ms)
✔ duplicate keys, malformed items, invalid budgets and inconsistent memo are rejected (3.983ms)
✔ context store stages an immutable frame without publishing it and reads the installed basis N from revision N+1 (89.151791ms)
✔ context store sqlite: derived frame and installed head survive separate reopened instances (119.572292ms)
✔ context store file-journal: derived frame and installed head survive separate reopened instances (366.492625ms)
✔ context store regenerates a missing derived frame without editing the authoritative head (82.296625ms)
✔ context store regenerates a corrupt derived frame without editing the authoritative head (56.192875ms)
✔ context store regenerates a invalid-json derived frame without editing the authoritative head (114.749791ms)
✔ context store regenerates a invalid-schema derived frame without editing the authoritative head (116.770041ms)
✔ context store excludes a foreign-work previous head or frame (121.053333ms)
✔ context store excludes a foreign-tenant previous head or frame (73.19ms)
✔ context store excludes a cycle previous head or frame (72.114833ms)
✔ context store excludes a basis previous head or frame (61.478625ms)
✔ context store excludes a unpublished previous head or frame (76.052917ms)
✔ context store excludes a policy previous head or frame (49.349291ms)
✔ context store excludes a goal previous head or frame (53.458375ms)
✔ context store excludes a generation previous head or frame (53.017541ms)
✔ context store excludes a blocked previous head or frame (70.42325ms)
✔ context store excludes a underlabelled previous head or frame (130.438833ms)
✔ context store checks stale frame basis and forbidden packet policy before writing any candidate (5.9555ms)
✔ context store previous rejects goal changes during artifact I/O (57.854708ms)
✔ context store previous rejects policy changes during artifact I/O (61.075333ms)
✔ context store previous rejects generation changes during artifact I/O (68.055291ms)
✔ context store previous rejects source changes during artifact I/O (54.91275ms)
✔ context store put rejects goal changes during artifact I/O (47.792083ms)
✔ context store put rejects policy changes during artifact I/O (56.869959ms)
✔ context store put rejects generation changes during artifact I/O (71.953875ms)
✔ context store put rejects source changes during artifact I/O (58.110208ms)
✔ context store readback rejects goal changes during artifact I/O (68.658584ms)
✔ context store readback rejects policy changes during artifact I/O (65.17875ms)
✔ context store readback rejects generation changes during artifact I/O (65.114916ms)
✔ context store readback rejects source changes during artifact I/O (60.861458ms)
✔ context store never turns state or source failure during a missing-frame read into successful regeneration (57.745542ms)
✔ context store refuses unavailable knowledge even when there is no previous head (7.898375ms)
✔ context store leaves the previous head intact when candidate storage fails (62.990166ms)
✔ context store rejects a relabelled put receipt or altered readback bytes and never publishes a head (44.361459ms)
✔ context store applies byte limits before writing or loading a derived frame (53.551875ms)
✔ canonical state has explicit nulls, bounded revisions and no provider/SQL objects (1.898334ms)
✔ goal validation cannot silently drop unknown authorization fields or empty completion rules (0.345625ms)
✔ partial result is distinct from complete result and API errors are not evidence of absence (0.54475ms)
✔ plan and context explicitly bind state and goal revisions (1.220417ms)
✔ invalid provider content is not included in validation error text (0.160417ms)
✔ a late counterexample prevents a previously delivered answer from being displayed as the current result (560.848125ms)
✔ a public snapshot retries a goal change during artifact verification (610.877125ms)
✔ conversation view keeps message selection and public status on the same revision (654.99775ms)
✔ cancelled work displays its status rather than its historical delivered result (564.473709ms)
✔ request acceptance is atomic, duplicate input is stable and each conversation can bind several works (16.548625ms)
✔ failed acceptance commit creates neither a work nor a reception acknowledgment (48.78525ms)
✔ analysis, response preparation, delivery and completion are distinct; retransmission never collects evidence again (17.510333ms)
✔ analysis-only completion does not pretend that its result was prepared or delivered (6.012834ms)
✔ pending questions are grouped once and resolving a question cannot waive required result delivery (5.655083ms)
✔ independent dispatchers claim once and receipt reconciliation after restart does not send again (72.654459ms)
✔ ambiguous delivery with no idempotency stays unknown, including repeated and timed-out lookup (10.413458ms)
✔ idempotent absent receipt permits only a bounded later retry and permanent failure stays visible (4.109625ms)
✔ goal before delivery prevents an obsolete or unauthorized result from being sent (4.677625ms)
✔ cancel before delivery prevents an obsolete or unauthorized result from being sent (4.804291ms)
✔ labels before delivery prevents an obsolete or unauthorized result from being sent (4.292042ms)
✔ destination before delivery prevents an obsolete or unauthorized result from being sent (4.8415ms)
✔ pause preserves pending delivery and resume can complete it without another source call (5.4875ms)
✔ late confirmed delivery is historical and cannot satisfy a revised goal (5.095459ms)
✔ an uncertain old-goal delivery retains its uncertainty when superseded by a new goal (4.729875ms)
✔ SIGKILL between channel commit and outbox settlement recovers from two reopened databases without another send (305.639625ms)
✔ a never-dispatched response can be prepared after permission restoration, and large questions retain their full artifact (12.971917ms)
✔ sqlite/documents-simple: delete blocks derived copies and pending result; restart preserves tombstone and cancellation works after bytes are absent (551.645041ms)
✔ sqlite/observations-simple: delete blocks derived copies and pending result; restart preserves tombstone and cancellation works after bytes are absent (460.846792ms)
✔ file-journal/documents-simple: delete blocks derived copies and pending result; restart preserves tombstone and cancellation works after bytes are absent (2225.135458ms)
✔ file-journal/observations-simple: delete blocks derived copies and pending result; restart preserves tombstone and cancellation works after bytes are absent (2205.937917ms)
✔ sqlite: lifecycle ownership, concurrent generation and command identity are enforced (221.005ms)
✔ sqlite: a question prepared before access removal is superseded without sending its text (232.705209ms)
✔ sqlite: data removal preserves an already dispatched write as an unresolved effect (243.089667ms)
✔ sqlite: tool reply is revalidated after lifecycle change during artifact storage (248.889542ms)
✔ sqlite: model reply is revalidated after lifecycle change during artifact storage (345.910541ms)
✔ sqlite: validity retraction allows labelled historical inspection and correction uses a new immutable evidence ID (231.592375ms)
✔ sqlite: a stored core.calls.get copy cannot expose deleted source content (296.055541ms)
✔ sqlite: evidence read rechecks a lifecycle change during artifact I/O (196.690583ms)
✔ sqlite: original read rechecks a lifecycle change during artifact I/O (189.202458ms)
✔ sqlite: result read rechecks a lifecycle change during artifact I/O (276.114458ms)
✔ sqlite: old dispatched tool reply after deletion is stored only as a sanitized failure (161.884833ms)
✔ sqlite: late model reply after deletion retains measured usage without retaining forbidden proposal text (281.774583ms)
✔ file-journal: lifecycle ownership, concurrent generation and command identity are enforced (1076.012167ms)
✔ file-journal: a question prepared before access removal is superseded without sending its text (1522.729ms)
✔ file-journal: data removal preserves an already dispatched write as an unresolved effect (916.286042ms)
✔ file-journal: tool reply is revalidated after lifecycle change during artifact storage (775.611166ms)
✔ file-journal: model reply is revalidated after lifecycle change during artifact storage (944.500917ms)
✔ file-journal: validity retraction allows labelled historical inspection and correction uses a new immutable evidence ID (981.685417ms)
✔ file-journal: a stored core.calls.get copy cannot expose deleted source content (1348.582084ms)
✔ file-journal: evidence read rechecks a lifecycle change during artifact I/O (792.251917ms)
✔ file-journal: original read rechecks a lifecycle change during artifact I/O (770.860584ms)
✔ file-journal: result read rechecks a lifecycle change during artifact I/O (698.243208ms)
✔ file-journal: old dispatched tool reply after deletion is stored only as a sanitized failure (715.66425ms)
✔ file-journal: late model reply after deletion retains measured usage without retaining forbidden proposal text (727.002125ms)
✔ inject all local ports without a database or channel SDK: documents-simple (6.223125ms)
✔ inject all local ports without a database or channel SDK: observations-simple (0.528375ms)
✔ scripted planner honors cancellation and cannot mutate caller state (0.291417ms)
✔ fake sink exposes delivery uncertainty and deduplicates only matching content (0.095ms)
✔ forgotten evidence is rediscovered by ID, source, locator or facts without returning fact bodies (24.596ms)
✔ hidden, retracted, superseded and parent-retracted evidence never contributes cards or hasMore (8.439291ms)
✔ Korean NFC and NFD clues and English case variants find the same current evidence (6.250083ms)
✔ the evidence discovery tool preserves bounded current-card and partial-call semantics (5.203083ms)
✔ locator truncation preserves the exact evidence ID and reports partial coverage without inventing more matches (5.464917ms)
✔ different owners, tenants and narrower caller labels cannot inspect evidence discovery cards (5.542ms)
✔ retained knowledge failure at validation 1 blocks cards before return (5.641208ms)
✔ retained knowledge failure at validation 2 blocks cards before return (4.686625ms)
✔ a work retaining knowledge cannot discover derived evidence without its current validator (4.243334ms)
✔ a goal change while the final source-state read waits prevents returning earlier-scope cards (6.676709ms)
✔ caller permission narrowing during the knowledge gate is detected even without a work revision change (5.045125ms)
✔ strict discovery arguments reject extra authority, excessive query length and invalid limits (4.153ms)
✔ instructions in source facts remain data and discovery changes no facts, goal, plan or authority (4.442292ms)
✔ pre-aborted discovery uses the common read wrapper without reading the work (4.129ms)
✔ current and historical views enforce own access, tenant, scope and artifact labels while omitted access stays available (0.77375ms)
✔ two generations of derived evidence lose current validity when an ancestor is retracted or superseded, while history stays readable (0.124292ms)
✔ ancestor restriction, deletion, missing reference or revoked labels blocks current and historical descendants (0.091666ms)
✔ a correction remains a monotonic supersession after retraction, restriction, deletion or permission loss (0.124667ms)
✔ supersession uses the full valid version chain and is independent of record ordering (0.060708ms)
✔ foreign tenant, scope, source, lineage and invalid time cannot suppress a valid original (0.080875ms)
✔ a replacement does not depend on a superseded body being current or present in a selected view (0.0525ms)
✔ cyclic, missing and ambiguous derived references fail closed without removing independent evidence (0.045542ms)
✔ deep derived chains are evaluated without recursive call-stack growth and do not become independent sources (8.109125ms)
✔ record intake accepts parents and descendants in either order and preserves caller objects (2.325375ms)
✔ record intake requires inherited labels on both derivation and replacement edges (0.508125ms)
✔ record intake requires artifact labels to cover the evidence and rejects artifacts outside policy (0.355625ms)
✔ new records inherit transitive dependency labels even if a legacy intermediate record was under-labelled (0.160333ms)
✔ shared ancestry across multiple parents is not mistaken for a cycle (0.063375ms)
✔ derived intake refuses historical or inaccessible ancestors and checks validity after the whole incoming batch (0.370084ms)
✔ replacement intake permits an accessible retracted target but never an inaccessible historical target (0.121459ms)
✔ record intake rejects missing references and invalid tenant, scope, source, lineage or time on replacements (0.279375ms)
✔ record intake rejects self, indirect and mixed cycles before accepting partial lineage (0.10825ms)
✔ omitted and explicit available access are idempotently equivalent but content or access changes cannot overwrite an ID (0.430958ms)
✔ tool-result validation preserves effect, error and artifact guards while using the shared record intake (0.183584ms)
✔ documents-simple: validated plan executes to verified completion without additional planner calls (19.857833ms)
✔ observations-simple: validated plan executes to verified completion without additional planner calls (6.62325ms)
✔ invalid plans fail before budget or execution: stale, cyclic, missing deps, schema, effects, permission and IDs (4.827583ms)
✔ plan commands deduplicate after later state changes; task IDs cannot hide changed inputs (4.396292ms)
✔ discarded unexecuted task ID still cannot acquire a different contract (3.326917ms)
✔ scripted planner proposal enters the real validator and executor only when control requests a plan (3.909917ms)
✔ dependencies execute in order; partial observations require another source, not false completion (5.194041ms)
✔ empty queue is replan; wake conditions, tool budget, deadline and cancellation produce distinct controls (4.191625ms)
✔ only authorized current-goal commands mutate state; duplicate cancellation is stable (4.235917ms)
✔ competing executors cannot both reserve or replay dispatch (4.823042ms)
✔ late tool result after cancel is recorded without adopting or reversing the command (4.786083ms)
✔ late tool result after goal is recorded without adopting or reversing the command (3.218167ms)
✔ expired dispatched read has bounded retry or explicit unknown effect (3.00625ms)
✔ expired dispatched write has bounded retry or explicit unknown effect (2.712125ms)
✔ invalid result identity, labels, references and output cannot become accepted evidence (20.154291ms)
✔ stored received result resumes in reopened SQLite and artifact stores without invoking tool again (269.891708ms)
✔ tool JSON schema validation compiles once, rejects unsupported schema and preserves inputs (2.64425ms)
✔ successful dependency chain follows DAG order even when task array is reversed (4.198917ms)
✔ pause before dispatch releases reservation; resume and repeated old pause do not cancel new execution (4.151833ms)
✔ tool failures retry only within attempt budget and repeated empty replans exhaust their own budget (4.151208ms)
✔ unconfirmed write is unknown and cannot satisfy the goal or be retried by a renamed task (4.077708ms)
✔ lease timeout yields even for a tool that ignores cancellation; late result cannot finish the goal (24.556209ms)
✔ permission revocation after reservation is rechecked before dispatch and durably blocks execution (3.554458ms)
✔ memory: waiting execution wakes only for expired lease or received result (9.021083ms)
✔ sqlite: waiting execution wakes only for expired lease or received result (215.835584ms)
✔ baseline documents-complex (2.491583ms)
✔ baseline documents-simple (0.204959ms)
✔ baseline observations-complex (0.195958ms)
✔ baseline observations-simple (0.089292ms)
✔ both domains use the same schema and include simple/complex baselines (0.285208ms)
✔ fixture oracle rejects missing references and duplicated evidence IDs (0.565416ms)
✔ repetition and permutation cannot create independent sources (0.120791ms)
✔ completed facts do not discharge an unrelated pending obligation (0.060375ms)
✔ invocation copies: two real canonical copies expose the still-authorized original without executing it again (30.30275ms)
✔ invocation copies: retaining only calls.get permission does not restore a revoked source tool (14.425291ms)
✔ invocation copies: current guidance version replacement blocks the copied earlier guide (15.98125ms)
✔ invocation copies: same-version manifest replacement and new guidance labels also block nested bodies (7.729708ms)
✔ invocation copies: catalog target permission is rechecked through both copies (9.403458ms)
✔ invocation copies: catalog target version is rechecked through both copies (14.386583ms)
✔ invocation copies: catalog target definition is rechecked through both copies (12.762375ms)
✔ invocation copies: a missing canonical source receipt is rejected (7.654209ms)
✔ invocation copies: a foreign-owner canonical source receipt is rejected (6.917334ms)
✔ invocation copies: a foreign-tenant canonical source receipt is rejected (7.498542ms)
✔ invocation copies: a foreign-work canonical source receipt is rejected (7.433917ms)
✔ invocation copies: a input-digest canonical source receipt is rejected (7.725458ms)
✔ invocation copies: missing source artifacts invalidate copied bodies even when copy artifacts remain readable (6.337417ms)
✔ invocation copies: a modified copied body must still equal its canonical source result (6.526875ms)
✔ invocation copies: source knowledge is validated and propagated even if an older copy omitted its dependency metadata (7.5285ms)
✔ invocation copies: permission changes during a source receipt read prevent returning the already-read copy (6.302875ms)
✔ invocation copies: a canonical input cycle is rejected before following the same receipt twice (7.222625ms)
✔ invocation copies: the 64-node source boundary accepts 63 copies and rejects one further copy (346.515708ms)
✔ file journal: exception at candidate_synced preserves the publication boundary and retry identity (244.577208ms)
✔ file journal: actual SIGKILL at candidate_synced reopens a whole commit or no commit (276.498542ms)
✔ file journal: exception at published preserves the publication boundary and retry identity (207.009625ms)
✔ file journal: actual SIGKILL at published reopens a whole commit or no commit (286.077375ms)
✔ file journal: exception at directory_synced preserves the publication boundary and retry identity (233.805209ms)
✔ file journal: actual SIGKILL at directory_synced reopens a whole commit or no commit (278.245167ms)
✔ file journal: a reader and duplicate retry observe a whole published record while its writer is pending (262.448417ms)
✔ file journal: directory sync failure prevents reads and duplicate acknowledgements without rolling back publication (140.378666ms)
✔ file journal: listing retries the first record when publication follows its initial ENOENT (141.345708ms)
✔ file journal: checksum corruption blocks reads and subsequent commits without overwriting the damaged record (82.005459ms)
✔ file journal: an intact record checksum does not hide a broken previous-hash link (152.125042ms)
✔ file journal: deleting a middle revision rejects the incomplete prefix (202.056333ms)
✔ file journal: changing store identity is rejected by an open instance and by replay after reopening (95.860292ms)
✔ file journal: a missing format header does not initialize a populated store as empty (87.010292ms)
✔ file journal: existing root, work and record symlinks are rejected without following their contents (237.69325ms)
✔ file journal: group or other permissions on the root and records are rejected (164.278584ms)
✔ file journal: an observed root or work directory replacement cannot reset the open repository (175.897333ms)
✔ file journal: record size limits reject both publication and oversized persisted input (151.811708ms)
✔ file journal: closed instances reject every repository operation while reopening retains data (136.229542ms)
✔ file journal: revision zero is invalid layout and cannot be silently ignored (79.772958ms)
✔ sqlite: same-work recall survives dispatch, receipt and unrelated revision bookkeeping (306.362125ms)
✔ sqlite: cross-work memory copy keeps custody across a goal change and blocks a prepared result after source deletion (719.385167ms)
✔ sqlite: source deletion after a cross-goal copied memory cancels a reserved effect before invocation (513.963167ms)
✔ sqlite: stored model input contains recalled bodies while hiding internal custody metadata (530.795375ms)
✔ sqlite: reopening without a knowledge validator blocks retained originals and reserved effects (622.391333ms)
✔ sqlite: deleting another work's source while adopt commit waits quarantines the copied evidence before return (493.924875ms)
✔ file-journal: same-work recall survives dispatch, receipt and unrelated revision bookkeeping (3622.615458ms)
✔ file-journal: cross-work memory copy keeps custody across a goal change and blocks a prepared result after source deletion (10319.648334ms)
✔ file-journal: source deletion after a cross-goal copied memory cancels a reserved effect before invocation (2246.490583ms)
✔ file-journal: stored model input contains recalled bodies while hiding internal custody metadata (2011.957458ms)
✔ file-journal: reopening without a knowledge validator blocks retained originals and reserved effects (1086.921875ms)
✔ file-journal: deleting another work's source while adopt commit waits quarantines the copied evidence before return (708.085833ms)
✔ memory tools expose read cards, internal dependencies and schema-valid results (sqlite) (194.032084ms)
✔ memory tool authority intersects destination, caller and fresh trusted identity (sqlite) (202.487125ms)
✔ memory reads constrain IDs and searches to the current goal scope (sqlite) (179.006083ms)
✔ memory tools expose read cards, internal dependencies and schema-valid results (file-journal) (1975.012584ms)
✔ memory tool authority intersects destination, caller and fresh trusted identity (file-journal) (576.586708ms)
✔ memory reads constrain IDs and searches to the current goal scope (file-journal) (839.353875ms)
✔ memory tools report bounded references without bodies, including multibyte oversized references (186.598083ms)
✔ memory search distinguishes result truncation and index errors from complete absence (201.967625ms)
✔ memory tools discard a copied card when trusted-owner changes during a repository wait (164.792166ms)
✔ memory tools discard a copied card when work-owner changes during a repository wait (180.221792ms)
✔ memory tools discard a copied card when caller-labels changes during a repository wait (110.13475ms)
✔ memory tools discard a copied card when work-labels changes during a repository wait (131.616291ms)
✔ memory tools discard a copied card when goal changes during a repository wait (152.882417ms)
✔ memory tools discard a copied card when generation changes during a repository wait (146.161417ms)
✔ memory tools discard a copied card when cancel changes during a repository wait (159.821125ms)
✔ each fresh trusted actor lookup must match the work owner, including the final return check (168.172125ms)
✔ dependency validation uses current source, record and caller permissions without a stale service cache (207.037166ms)
✔ memory adapters do not mutate the caller policy and normalize invalid input and pre-abort (95.823875ms)
✔ knowledge exact lookup precedes index, Korean/English and conditional search use current sources (sqlite) (179.396041ms)
✔ knowledge exact lookup precedes index, Korean/English and conditional search use current sources (file-journal) (595.59725ms)
✔ private memory needs explicit submission and another reviewer of the exact content revision (153.933125ms)
✔ source retracted prevents direct, cached lexical and dependency reuse (165.670792ms)
✔ source restricted prevents direct, cached lexical and dependency reuse (137.941958ms)
✔ source deleted prevents direct, cached lexical and dependency reuse (169.209917ms)
✔ source corrected prevents direct, cached lexical and dependency reuse (149.811167ms)
✔ source policy prevents direct, cached lexical and dependency reuse (169.631625ms)
✔ source generation prevents direct, cached lexical and dependency reuse (184.051334ms)
✔ ancestor changes and derived memories retain source identity without inflating independent provenance (208.130791ms)
✔ review CAS prevents a reviewed draft from being silently replaced or shared after editing (182.718209ms)
✔ source or actor changes while source reads wait cannot return stale memory content (110.521292ms)
✔ a delayed candidate cache fill rechecks namespace authority before returning cards or counts (135.195583ms)
✔ index errors remain distinct from absence and rebuild never resurrects deleted or expired content (175.664625ms)
✔ SQLite reopen retains memory, review, cursor and receipts; competing writers use revision CAS (136.716375ms)
✔ source and knowledge stores close and reopen with reviewed memory and index intact (199.877334ms)
✔ bounded results report truncation only after current visibility filtering (240.905333ms)
✔ deletion while a repeated source check waits is noticed before returning the memory card (108.8725ms)
✔ source deletion after the second source snapshot cannot return its old card (96.90825ms)
✔ batch dependency fences notice an earlier card source changing while a later card is checked (139.657959ms)
✔ retracted memory can subsequently be deleted while preserving the revision and idempotency rules (184.123125ms)
✔ a pruned limited search stays partial when an unread matching candidate remains (239.235666ms)
✔ unrelated work revisions preserve semantic dependencies while changed source content does not (150.803417ms)
✔ dependency contracts reject forged fields, unsafe revisions, malformed hashes and duplicate references (184.965167ms)
✔ continuously changing coherent-read revisions stop after a bounded number of fences (221.68925ms)
✔ sqlite: local memory tools and workspace checkpoints remain usable after profile reopen (880.72275ms)
✔ sqlite: workspace initialization failure closes state, channel and knowledge stores (238.380625ms)
✔ file-journal: local memory tools and workspace checkpoints remain usable after profile reopen (5537.957625ms)
✔ file-journal: workspace initialization failure closes state, channel and knowledge stores (169.023ms)
✔ composition without optional memory or workspace keeps the prior tool configuration usable (197.255666ms)
✔ profile close still closes databases after a workspace close failure (209.88375ms)
✔ cancel during input artifact read prevents transport invocation and releases the known unused token reservation (20.717917ms)
✔ goal during input artifact read prevents transport invocation and releases the known unused token reservation (7.494417ms)
✔ destination during input artifact read prevents transport invocation and releases the known unused token reservation (5.127958ms)
✔ labels during input artifact read prevents transport invocation and releases the known unused token reservation (4.846125ms)
✔ cancelling an active model sends its signal, yields promptly and settles late usage once without adopting the old plan (6.056959ms)
✔ input byte limit rejects before a durable reservation or transport call (3.769125ms)
✔ token budget rejects before a durable reservation or transport call (4.287792ms)
✔ model call budget rejects before a durable reservation or transport call (3.175417ms)
✔ model context capacity and destination policy reject input without invoking the planner (7.869292ms)
✔ concurrent reservations have one winner and duplicate execution performs one dispatch and one transport call (5.662292ms)
✔ a replacement owner waits for a reserved lease, then releases it and creates a fresh intent without repeating a transport call (7.372541ms)
✔ a recovered running lease retains uncertain cost and accepts only late accounting, never its expired plan (4.68375ms)
✔ a reply without usage keeps its reservation and prevents a further model call after rejection (4.472125ms)
✔ verified facts remain visible while hypothesis review prevents response readiness and preparation (21.802792ms)
✔ reserved, running and stored model replies cannot produce a result; accepted review resumes preparation (23.358334ms)
✔ pending model work suppresses question preparation while preserving existing obligation blockers (10.920167ms)
✔ an already prepared result is withheld during review and can be prepared again after accepted model assessment (12.264708ms)
✔ documents-simple: one model plan executes to completion with usage and no extra hypothesis call (28.1085ms)
✔ observations-simple: one model plan executes to completion with usage and no extra hypothesis call (10.145833ms)
✔ late counterevidence revises the hypothesis and only the changed graph consumes a replan (30.423083ms)
✔ strict structured transport adapter feeds the same validator and execution loop without a provider SDK (6.843042ms)
✔ invalid or truncated responses cannot replace an executable plan or fabricate zero usage (5.547834ms)
✔ rejected model plans still charge exactly one call and preserve their raw response for an authorized read (4.06975ms)
✔ bookkeeping changes do not stale a response but goal and evidence changes do (8.739792ms)
✔ received model result resumes after SQLite and artifact reopen with no additional model call (396.235208ms)
✔ a new scope archives the old hypothesis in prior events and permits a fresh plan (9.003791ms)
✔ unsupported hypotheses and erased counterevidence are rejected without changing the current assessment (6.894042ms)
✔ validator feedback reaches the next model proposal and invalid plans never dispatch their tools (7.683583ms)
✔ permission revocation during reply storage preserves usage but never downgrades the model body (4.379792ms)
✔ sqlite/documents-simple: same model/tool/evidence/conversation workflow resumes on persistent state without a new model call for the stored reply (732.347ms)
✔ sqlite/documents-complex: same model/tool/evidence/conversation workflow resumes on persistent state without a new model call for the stored reply (1298.661ms)
✔ sqlite/observations-simple: same model/tool/evidence/conversation workflow resumes on persistent state without a new model call for the stored reply (533.968833ms)
✔ sqlite/observations-complex: same model/tool/evidence/conversation workflow resumes on persistent state without a new model call for the stored reply (977.725834ms)
✔ file-journal/documents-simple: same model/tool/evidence/conversation workflow resumes on persistent state without a new model call for the stored reply (4158.004ms)
✔ file-journal/documents-complex: same model/tool/evidence/conversation workflow resumes on persistent state without a new model call for the stored reply (6299.5005ms)
✔ file-journal/observations-simple: same model/tool/evidence/conversation workflow resumes on persistent state without a new model call for the stored reply (799.196167ms)
✔ file-journal/observations-complex: same model/tool/evidence/conversation workflow resumes on persistent state without a new model call for the stored reply (2064.650833ms)
✔ state-based packet retains counterevidence, obligations and original references without raw history or a state mutation (26.921458ms)
✔ old and forged packets cannot reverse a goal change, cancellation or budget (8.068833ms)
✔ separate SQLite/artifact instances reconstruct packets and regenerate missing or corrupt derived blobs (304.552708ms)
✔ missing original is reported by id and cannot be hidden by a valid prior packet (5.923583ms)
✔ reconstruction rechecks a goal change committed while the packet is being saved (4.948833ms)
✔ snapshot retries mixed state/event/outbox revisions and rejects broken event history (4.458833ms)
✔ untrusted packet dimensions, tool revision changes and a foreign work packet never authorize reuse (7.862959ms)
✔ resume requires the work owner and full runtime view; revoked history is never relabelled (3.803542ms)
✔ packet size limit refuses the whole projection without dropping obligations or writing a partial packet (3.709041ms)
✔ model context restores task attempts and budget but excludes model ledger and delivery bodies (4.878625ms)
✔ model context cannot relabel a revoked attempt result reference under the current policy (6.516875ms)
✔ model context refuses assessment references whose evidence metadata is no longer permitted (3.524333ms)
✔ catalog filters before ranking, bounds cards, separates providers and loads only an exact schema (21.460334ms)
✔ registration snapshots reject namespace/duplicates and cannot be mutated through adapters or catalog results (5.258375ms)
✔ documents-simple: discovery and selected guidance share the execution ledger without adding evidence or permissions (30.517833ms)
✔ observations-simple: discovery and selected guidance share the execution ledger without adding evidence or permissions (12.474ms)
✔ simple direct lookup does not load optional guidance or run a hypothesis review (6.537375ms)
✔ method selection follows contradiction, independence and response needs without model calls (5.921917ms)
✔ guidance metadata/limits do not read bodies and wrong version, tenant or applicability are rejected (4.779958ms)
✔ evidence readers distinguish protected/missing, superseded and retracted records; limits preserve provenance (5.580959ms)
✔ call result lookup stays historical after retraction and does not restore it to current evidence (5.897875ms)
✔ broker rejects calls without a committed dispatch or with another owner before reaching a tool (4.460375ms)
✔ in-flight output is not downgraded to a less restricted artifact when labels are revoked (5.57475ms)
✔ revocation after result storage settles without reading protected bytes or repeatedly getting stuck (4.588584ms)
✔ stored guidance and invocation results can be read after SQLite/artifact/source restart without source execution (361.127292ms)
✔ guidance source rejects altered content, path escape and symlink replacement (55.961334ms)
✔ model-facing evidence and call readers use the common budget without reexecuting a source or completing a changed goal (12.650292ms)
✔ sqlite: one commit and reopen retain state, all ordered events, deliveries and historical receipts (62.726083ms)
✔ sqlite: duplicate and idempotency conflict precede revision conflict and preserve the first receipt (49.526083ms)
✔ sqlite: malformed commits leave all four collections unchanged, even on duplicate commands (105.037334ms)
✔ sqlite: caller mutations and mutable returned snapshots cannot rewrite persisted history (108.815625ms)
✔ sqlite: work, tenant, principal, channel and conversation identifiers remain separate (161.033542ms)
✔ sqlite: event cursors are exclusive and sequence numbers are local to each work (68.924125ms)
✔ sqlite: runnable respects exact deadline, obligation, tool and model recovery boundaries after reopen (270.012ms)
✔ sqlite: two separate processes race on revision with exactly one atomic winning commit (141.933542ms)
✔ sqlite: two separate processes race on same-command with exactly one atomic winning commit (146.029375ms)
✔ sqlite: two separate processes race on different-digest with exactly one atomic winning commit (164.700291ms)
✔ sqlite: acknowledged commit survives SIGKILL without close and reopening replays its receipt without duplicate records (233.011708ms)
✔ file-journal: one commit and reopen retain state, all ordered events, deliveries and historical receipts (255.9215ms)
✔ file-journal: duplicate and idempotency conflict precede revision conflict and preserve the first receipt (312.910875ms)
✔ file-journal: malformed commits leave all four collections unchanged, even on duplicate commands (640.851375ms)
✔ file-journal: caller mutations and mutable returned snapshots cannot rewrite persisted history (170.154459ms)
✔ file-journal: work, tenant, principal, channel and conversation identifiers remain separate (942.71025ms)
✔ file-journal: event cursors are exclusive and sequence numbers are local to each work (296.0455ms)
✔ file-journal: runnable respects exact deadline, obligation, tool and model recovery boundaries after reopen (2621.898625ms)
✔ file-journal: two separate processes race on revision with exactly one atomic winning commit (250.229708ms)
✔ file-journal: two separate processes race on same-command with exactly one atomic winning commit (215.836958ms)
✔ file-journal: two separate processes race on different-digest with exactly one atomic winning commit (256.521083ms)
✔ file-journal: acknowledged commit survives SIGKILL without close and reopening replays its receipt without duplicate records (522.271834ms)
✔ sqlite: profile closes the opened state repository when channel initialization fails (67.223834ms)
✔ file-journal: profile closes the opened state repository when channel initialization fails (81.886792ms)
✔ sqlite/documents-simple: CLI persists backend choice across processes and prevents an accidental switch (1101.16525ms)
✔ sqlite/observations-simple: CLI persists backend choice across processes and prevents an accidental switch (1140.483542ms)
✔ file-journal/documents-simple: CLI persists backend choice across processes and prevents an accidental switch (3853.980167ms)
✔ file-journal/observations-simple: CLI persists backend choice across processes and prevents an accidental switch (3583.57025ms)
✔ legacy SQLite profile acquires metadata without losing its work or accepting a backend switch (334.008792ms)
✔ two processes choosing different backends create only one accepted profile (412.535125ms)
✔ invalid or linked profile metadata is rejected without opening a new backend (19.7185ms)
✔ one atomic commit stores state, events, outbox and idempotency receipt (67.024958ms)
✔ injected failure between state and event writes rolls back every record (62.174625ms)
✔ waiting state and wake obligation survive process termination after commit (231.324666ms)
✔ two independent processes cannot commit from the same stale revision (172.021125ms)
✔ structured planner accepts one strict JSON proposal and forwards identity, options and source-boundary instructions once (3.643166ms)
✔ configuration and request snapshots cannot be rewritten by caller or transport mutation (0.467917ms)
✔ input estimation includes the exact transport request and schema without invoking the transport or claiming measured usage (0.336125ms)
✔ input estimation uses the same policy and size gates as transport requests (0.533125ms)
✔ finish reasons remain distinct and never expose provider failure content or run hidden retries (0.469834ms)
✔ invalid JSON, schema, response fields and missing proposal fail without repair calls (0.766125ms)
✔ usage omission is unknown rather than zero; only independently valid safe integer fields survive invalid envelopes (0.980375ms)
✔ provider and model identity mismatch cannot masquerade as the configured adapter (0.1915ms)
✔ missing options, denied destinations and unauthorized tool schemas never reach the transport (0.356458ms)
✔ request and response limits use UTF-8 bytes and preserve valid usage on oversized responses (0.24075ms)
✔ transport exceptions become fixed errors with unknown usage and no implicit retry (0.162584ms)
✔ pre-call cancellation has no transport effect; late cancellation preserves returned usage without accepting a proposal (0.177125ms)
✔ abort-related transport rejection is cancellation with unmeasured usage (0.119458ms)
✔ invalid configurations fail with a fixed message before transport registration (0.106417ms)
✔ structured transport rejects incomplete observation pairs and reference bodies before invocation (0.939834ms)
✔ sqlite/documents-simple: SIGKILL at before-execution resumes from reopened stores with 1 source call(s) and one result send (870.929458ms)
✔ sqlite/documents-simple: SIGKILL at response-before-store resumes from reopened stores with 2 source call(s) and one result send (895.46175ms)
✔ sqlite/documents-simple: SIGKILL at response-stored resumes from reopened stores with 1 source call(s) and one result send (1004.873542ms)
✔ sqlite/documents-simple: SIGKILL at receiver-committed resumes from reopened stores with 1 source call(s) and one result send (961.993125ms)
✔ sqlite/observations-simple: SIGKILL at before-execution resumes from reopened stores with 1 source call(s) and one result send (811.682709ms)
✔ sqlite/observations-simple: SIGKILL at response-before-store resumes from reopened stores with 2 source call(s) and one result send (932.478291ms)
✔ sqlite/observations-simple: SIGKILL at response-stored resumes from reopened stores with 1 source call(s) and one result send (882.003875ms)
✔ sqlite/observations-simple: SIGKILL at receiver-committed resumes from reopened stores with 1 source call(s) and one result send (861.386833ms)
✔ sqlite: SIGKILL after a synthetic write effect but before response storage preserves unknown and never repeats the write or claims completion (697.459667ms)
✔ file-journal/documents-simple: SIGKILL at before-execution resumes from reopened stores with 1 source call(s) and one result send (1698.986583ms)
✔ file-journal/documents-simple: SIGKILL at response-before-store resumes from reopened stores with 2 source call(s) and one result send (1569.603166ms)
✔ file-journal/documents-simple: SIGKILL at response-stored resumes from reopened stores with 1 source call(s) and one result send (1227.912792ms)
✔ file-journal/documents-simple: SIGKILL at receiver-committed resumes from reopened stores with 1 source call(s) and one result send (1130.533291ms)
✔ file-journal/observations-simple: SIGKILL at before-execution resumes from reopened stores with 1 source call(s) and one result send (797.387083ms)
✔ file-journal/observations-simple: SIGKILL at response-before-store resumes from reopened stores with 2 source call(s) and one result send (744.912958ms)
✔ file-journal/observations-simple: SIGKILL at response-stored resumes from reopened stores with 1 source call(s) and one result send (660.875667ms)
✔ file-journal/observations-simple: SIGKILL at receiver-committed resumes from reopened stores with 1 source call(s) and one result send (660.541291ms)
✔ file-journal: SIGKILL after a synthetic write effect but before response storage preserves unknown and never repeats the write or claims completion (592.807625ms)
✔ documents-simple: restarted workflow adopts a stored model response and reaches delivered completion without another planner call (42.506375ms)
✔ observations-simple: restarted workflow adopts a stored model response and reaches delivered completion without another planner call (16.339958ms)
✔ an unknown result delivery causes bounded waiting and only one receipt lookup on the next explicit run (11.463458ms)
✔ a workflow without a planner returns a planning requirement and does not create an inferred plan (3.902292ms)
✔ workflow entry requires the full persisted execution policy rather than a narrower read-only view (3.887875ms)
✔ user cancellation between workflow steps preserves terminal state and cancels an unsent model reservation (5.416875ms)
✔ scoped actors cannot enter execution even when their current limits equal the work policy (3.39975ms)
✔ final checkpoint cannot report old completion when a goal change arrives during checkpoint storage (10.026125ms)
✔ workspace: missing or denying memory validators block file operations before workspace I/O (210.965666ms)
✔ workspace: stage rechecks memory custody after its asynchronous I/O (277.330375ms)
✔ workspace: read rechecks memory custody after its asynchronous I/O (233.594ms)
✔ workspace: checkpoint rechecks memory custody after its asynchronous I/O (234.062417ms)
✔ workspace: restore rechecks memory custody after its asynchronous I/O (140.352916ms)
✔ workspace: cleanup rechecks memory custody after its asynchronous I/O (206.33275ms)
✔ workspace: sqlite checkpoint and byte-for-byte restore survive new state, artifact and workspace instances (495.938292ms)
✔ workspace: file-journal checkpoint and byte-for-byte restore survive new state, artifact and workspace instances (639.592625ms)
✔ workspace: identical paths are isolated by both work and attempt and ownership is checked before file access (238.201958ms)
✔ workspace: traversal, absolute, ambiguous and platform-specific paths cannot be staged (32.476125ms)
✔ workspace: repeated identical staging is idempotent and different content cannot overwrite it (98.388333ms)
✔ workspace: caller mutations after starting stage cannot change the bytes being staged (61.032583ms)
✔ workspace: two processes cannot overwrite the same staged path with different bytes (194.073875ms)
✔ workspace: artifact saved during a state change remains uncommitted and cannot replace the authoritative revision (162.225917ms)
✔ workspace: narrower actor grants never replace the stored work policy during checkpoint commit (137.747709ms)
✔ workspace: policy change during file read prevents returning previously read bytes (85.064166ms)
✔ workspace: generation change during file read prevents returning previously read bytes (123.695917ms)
✔ workspace: policy change during staging prevents a successful stale response and preserves the local file (83.19575ms)
✔ workspace: generation change during staging prevents a successful stale response and preserves the local file (102.621375ms)
✔ workspace: generation changes block even source-free checkpoints and preserve their staged files (154.129667ms)
✔ workspace: restricted is checked when restoring a checkpoint even without a generation change (201.638416ms)
✔ workspace: deleted is checked when restoring a checkpoint even without a generation change (200.162042ms)
✔ workspace: labels is checked when restoring a checkpoint even without a generation change (262.005917ms)
✔ workspace: artifact is checked when restoring a checkpoint even without a generation change (141.182625ms)
✔ workspace: lifecycle changes during artifact restore prevent files from being staged (187.747083ms)
✔ workspace: cleanup preserves files while active (140.111667ms)
✔ workspace: cleanup preserves files while unknown (172.895791ms)
✔ workspace: cleanup preserves files while obligation (134.098417ms)
✔ workspace: cleanup preserves files while uncheckpointed (126.487084ms)
✔ workspace: a file staged after cleanup inspection causes manifest conflict and remains preserved (245.498ms)
✔ workspace: missing checkpoint content prevents cleanup of the surviving staged file (155.676584ms)
✔ workspace: a remaining lock is never stolen by staging or cleanup (188.053375ms)
✔ workspace: symlink files and replaced roots are rejected instead of reading or overwriting them (110.885375ms)
✔ workspace: content corruption and configured byte or file capacity limits fail without silent truncation (157.9835ms)
ℹ tests 521
ℹ suites 0
ℹ pass 521
ℹ fail 0
ℹ cancelled 0
ℹ skipped 0
ℹ todo 0
ℹ duration_ms 29175.164041

> long-horizon-runtime@0.1.0 typecheck:core
> tsc -p tsconfig.core.json


> long-horizon-runtime@0.1.0 check:architecture
> node scripts/check-architecture.mjs

{"inspected":52,"failures":[]}

> long-horizon-runtime@0.1.0 fixtures
> node dist/presentation/fixtures.js

{
  "createdAt": "2026-09-05T10:19:58.087Z",
  "node": "v24.20.0",
  "evaluation": "deterministic_contract_baseline",
  "passed": true,
  "scenarios": 4,
  "checkpoints": 22,
  "elapsedMs": 8.265707999999997,
  "actualModelCalls": 0,
  "actualToolCalls": 0,
  "actualTokenUsage": null,
  "results": [
    {
      "id": "documents-complex",
      "checks": 9,
      "passed": true
    },
    {
      "id": "documents-simple",
      "checks": 3,
      "passed": true
    },
    {
      "id": "observations-complex",
      "checks": 7,
      "passed": true
    },
    {
      "id": "observations-simple",
      "checks": 3,
      "passed": true
    }
  ]
}
