{"node":"v24.20.0","executable":"/Users/seunghanee/Documents/secumon/runtime/.tools/node-v24.20.0-darwin-arm64/bin/node"}

> long-horizon-runtime@0.1.0 verify
> npm test && npm run typecheck:core && npm run check:architecture && npm run fixtures


> long-horizon-runtime@0.1.0 test
> npm run build && node --test dist/tests/*.test.js


> long-horizon-runtime@0.1.0 build
> tsc -p tsconfig.json

✔ content, metadata and permissions survive artifact store restart (45.204667ms)
✔ same bytes under different tenant/labels never share an accessible reference (139.639667ms)
✔ corrupt bytes, missing originals, path traversal and symlink substitution are rejected (53.996083ms)
✔ artifact stored before failed state commit is reused after reopening, without dangling references (121.082458ms)
✔ execution intent and unadopted result persist independently of evidence acceptance (200.788333ms)
✔ CLI resumes across processes, keeps conversation/work identities and separates disconnect, pause and cancel (3999.861917ms)
✔ CLI human output is reception plus result, with no internal events or ANSI: documents-simple (1065.391417ms)
✔ CLI human output is reception plus result, with no internal events or ANSI: observations-simple (780.97325ms)
✔ CLI goal changes require an explicit revision and failures have no success JSON on stdout (1112.013625ms)
✔ CLI checkpoint is a derived reference and an old resume file does not reverse a paused work (2435.777334ms)
✔ context compiler sqlite/documents-complex: five published working sets retain counterevidence and rediscover an early original (1955.905083ms)
✔ context compiler sqlite/observations-complex: five published working sets retain counterevidence and rediscover an early original (1717.128125ms)
✔ context compiler file-journal/documents-complex: five published working sets retain counterevidence and rediscover an early original (9887.801083ms)
✔ context compiler file-journal/observations-complex: five published working sets retain counterevidence and rediscover an early original (10059.379417ms)
✔ context compiler sqlite: five compactions preserve canonical unknown effect and timed response obligations (606.975625ms)
✔ context compiler file-journal: five compactions preserve canonical unknown effect and timed response obligations (2418.835125ms)
✔ context compiler sqlite: selected schemas reduce the actual structured transport request and preserve precise byte accounting (203.154791ms)
ℹ {"backend":"sqlite","baselinePacketBytes":4472,"baselineToolBytes":516593,"packetBytes":2243,"toolBytes":33733,"envelopeBytes":36054,"requestBytes":40776,"selectedToolCount":13,"catalogTotal":81}
✔ context compiler file-journal: selected schemas reduce the actual structured transport request and preserve precise byte accounting (382.93225ms)
ℹ {"backend":"file-journal","baselinePacketBytes":4472,"baselineToolBytes":516593,"packetBytes":2243,"toolBytes":33733,"envelopeBytes":36054,"requestBytes":40776,"selectedToolCount":13,"catalogTotal":81}
✔ context compiler sqlite: an oversized mandatory goal fails before candidate storage or transport (135.869084ms)
✔ context compiler file-journal: an oversized mandatory goal fails before candidate storage or transport (178.255417ms)
✔ context copy: a canonical two-level invocation copy cannot restore guidance body after its catalog version is replaced (73.610708ms)
✔ context copy: two nested call results stop exposing a tool body when original tool permission is revoked (28.894125ms)
✔ context dispatch sqlite: persisted reservation does not send removed registration (248.424625ms)
✔ context dispatch sqlite: persisted reservation does not send replacement version (298.790916ms)
✔ context dispatch sqlite: persisted reservation does not send changed input schema under the same ID and version (351.386667ms)
✔ context dispatch sqlite: persisted reservation does not send changed allowed labels under the same ID and version (262.756167ms)
✔ context dispatch sqlite: persisted reservation does not send changed allowed destination under the same ID and version (350.20075ms)
✔ context dispatch file-journal: persisted reservation does not send removed registration (967.657916ms)
✔ context dispatch file-journal: persisted reservation does not send replacement version (939.171709ms)
✔ context dispatch file-journal: persisted reservation does not send changed input schema under the same ID and version (868.44025ms)
✔ context dispatch file-journal: persisted reservation does not send changed allowed labels under the same ID and version (935.72875ms)
✔ context dispatch file-journal: persisted reservation does not send changed allowed destination under the same ID and version (767.484167ms)
✔ context dispatch sqlite: persisted guidance required-rules change is checked before transport (416.52025ms)
✔ context dispatch sqlite: persisted guidance version change is checked before transport (510.745875ms)
✔ context dispatch file-journal: persisted guidance required-rules change is checked before transport (1577.700209ms)
✔ context dispatch file-journal: persisted guidance version change is checked before transport (1542.074833ms)
✔ context dispatch sqlite: unchanged tool and trusted guidance contracts resume the stored request once (414.909875ms)
✔ context dispatch file-journal: unchanged tool and trusted guidance contracts resume the stored request once (1595.653334ms)
✔ context guidance: trusted required rules, exact version and hash survive published body eviction (63.72525ms)
✔ context guidance: a manifest without required rules keeps the full original and fails a smaller input budget (26.452166ms)
✔ context guidance: result-provided rules cannot replace an absent trusted manifest rule set (11.632709ms)
✔ context guidance: current label revocation prevents a previously published original from reappearing (12.935542ms)
✔ context guidance: a missing original cannot be recovered from its copied tool result or prior frame (12.933208ms)
✔ context guidance: replacing the catalog version does not expose the superseded loaded body (16.51025ms)
✔ context guidance: replacing trusted bytes under the same version rejects the old manifest and body (8.522791ms)
✔ context guidance: a stored result with a mismatched attemptId is rejected (7.2135ms)
✔ context guidance: a stored result with a mismatched resultId is rejected (9.956208ms)
✔ context guidance: the actual dispatch receipt must match the adopted attempt task digest (9.119792ms)
✔ sqlite/model_call_reserved: publishing requires the derived blob, later loss permits commits and regeneration while original loss blocks both (184.521625ms)
✔ sqlite/context_compacted: publishing requires the derived blob, later loss permits commits and regeneration while original loss blocks both (221.770125ms)
✔ sqlite: publishing detects a context head reference conflict before committing (151.007959ms)
✔ sqlite: a blocked context candidate cannot be newly published even when its bytes remain (213.47275ms)
✔ sqlite/retract: lifecycle retires the context head and access removal also blocks its retained artifact (125.092084ms)
✔ sqlite/correct: lifecycle retires the context head and access removal also blocks its retained artifact (177.232375ms)
✔ sqlite/restrict: lifecycle retires the context head and access removal also blocks its retained artifact (199.856416ms)
✔ sqlite/delete: lifecycle retires the context head and access removal also blocks its retained artifact (193.129042ms)
✔ sqlite/dependency_changed: lifecycle retires the context head and access removal also blocks its retained artifact (200.793125ms)
✔ file-journal/model_call_reserved: publishing requires the derived blob, later loss permits commits and regeneration while original loss blocks both (666.113625ms)
✔ file-journal/context_compacted: publishing requires the derived blob, later loss permits commits and regeneration while original loss blocks both (643.614833ms)
✔ file-journal: publishing detects a context head reference conflict before committing (201.844541ms)
✔ file-journal: a blocked context candidate cannot be newly published even when its bytes remain (218.994834ms)
✔ file-journal/retract: lifecycle retires the context head and access removal also blocks its retained artifact (377.617208ms)
✔ file-journal/correct: lifecycle retires the context head and access removal also blocks its retained artifact (307.25575ms)
✔ file-journal/restrict: lifecycle retires the context head and access removal also blocks its retained artifact (401.982834ms)
✔ file-journal/delete: lifecycle retires the context head and access removal also blocks its retained artifact (397.851333ms)
✔ file-journal/dependency_changed: lifecycle retires the context head and access removal also blocks its retained artifact (372.758083ms)
✔ sqlite: source deletion during the context head exists check prevents reservation and head publication (332.093334ms)
✔ sqlite: source deletion inside repository commit retires the published head and cancels the model reservation before returning (522.4745ms)
✔ sqlite: losing the prior frame does not turn an old catalog request into a conflict with the current task version (432.157917ms)
✔ file-journal: source deletion during the context head exists check prevents reservation and head publication (5811.987083ms)
✔ file-journal: source deletion inside repository commit retires the published head and cancels the model reservation before returning (5971.645417ms)
✔ file-journal: losing the prior frame does not turn an old catalog request into a conflict with the current task version (2032.056042ms)
✔ required full and reference information survives optional content pressure (4.411958ms)
✔ a full value cheaper than its required reference satisfies the minimum without overflow (0.235708ms)
✔ a required reference cap rejects contradictory bounds and never substitutes a cheaper full payload (0.345083ms)
✔ optional reference caps consume only reference bytes and remain omitted when that representation does not fit (0.196625ms)
✔ a reference cap overrides full residency and new use without counting references as full reloads (0.566458ms)
✔ high and low watermarks retain compact mode until the lower boundary is crossed (0.138125ms)
✔ mere inclusion is not actual use and an idle full value does not automatically reload (0.760541ms)
✔ a new actual use marker refreshes usage and reloads the same digest once (0.216916ms)
✔ minimum residency delays idle eviction for two cycles while the hard budget still wins (0.155542ms)
✔ five changing working sets preserve old counterevidence, pending and unknown references (1.702708ms)
✔ removed authority and changed digests cannot be revived by resident or use history (0.800083ms)
✔ decisions are stable by minimum, priority, real use, recency, residence and key (0.405541ms)
✔ recently evicted content waits through cooldown unless actual use or a minimum requires it (0.2275ms)
✔ memo storage is bounded and prioritizes selected residents without changing decisions (1.635792ms)
✔ inputs and previous memo stay immutable and byte sums match selected representations (0.328208ms)
✔ duplicate keys, malformed items, invalid budgets and inconsistent memo are rejected (1.343459ms)
✔ context store stages an immutable frame without publishing it and reads the installed basis N from revision N+1 (63.905958ms)
✔ context store sqlite: derived frame and installed head survive separate reopened instances (105.64725ms)
✔ context store file-journal: derived frame and installed head survive separate reopened instances (368.314667ms)
✔ context store regenerates a missing derived frame without editing the authoritative head (79.003625ms)
✔ context store regenerates a corrupt derived frame without editing the authoritative head (81.186ms)
✔ context store regenerates a invalid-json derived frame without editing the authoritative head (79.395667ms)
✔ context store regenerates a invalid-schema derived frame without editing the authoritative head (91.438042ms)
✔ context store excludes a foreign-work previous head or frame (104.4195ms)
✔ context store excludes a foreign-tenant previous head or frame (52.772166ms)
✔ context store excludes a cycle previous head or frame (60.976125ms)
✔ context store excludes a basis previous head or frame (57.69ms)
✔ context store excludes a unpublished previous head or frame (58.847209ms)
✔ context store excludes a policy previous head or frame (73.111584ms)
✔ context store excludes a goal previous head or frame (49.2055ms)
✔ context store excludes a generation previous head or frame (72.544083ms)
✔ context store excludes a blocked previous head or frame (57.709042ms)
✔ context store excludes a underlabelled previous head or frame (124.313084ms)
✔ context store checks stale frame basis and forbidden packet policy before writing any candidate (8.451417ms)
✔ context store previous rejects goal changes during artifact I/O (61.680209ms)
✔ context store previous rejects policy changes during artifact I/O (75.823584ms)
✔ context store previous rejects generation changes during artifact I/O (77.83325ms)
✔ context store previous rejects source changes during artifact I/O (71.989708ms)
✔ context store put rejects goal changes during artifact I/O (64.506375ms)
✔ context store put rejects policy changes during artifact I/O (58.177083ms)
✔ context store put rejects generation changes during artifact I/O (57.770208ms)
✔ context store put rejects source changes during artifact I/O (75.08875ms)
✔ context store readback rejects goal changes during artifact I/O (59.137709ms)
✔ context store readback rejects policy changes during artifact I/O (49.839042ms)
✔ context store readback rejects generation changes during artifact I/O (57.871459ms)
✔ context store readback rejects source changes during artifact I/O (82.129625ms)
✔ context store never turns state or source failure during a missing-frame read into successful regeneration (91.092375ms)
✔ context store refuses unavailable knowledge even when there is no previous head (10.477583ms)
✔ context store leaves the previous head intact when candidate storage fails (70.532709ms)
✔ context store rejects a relabelled put receipt or altered readback bytes and never publishes a head (56.603208ms)
✔ context store applies byte limits before writing or loading a derived frame (72.889292ms)
✔ canonical state has explicit nulls, bounded revisions and no provider/SQL objects (4.073333ms)
✔ goal validation cannot silently drop unknown authorization fields or empty completion rules (0.248958ms)
✔ partial result is distinct from complete result and API errors are not evidence of absence (0.611833ms)
✔ plan and context explicitly bind state and goal revisions (2.260625ms)
✔ invalid provider content is not included in validation error text (0.261625ms)
✔ a late counterexample prevents a previously delivered answer from being displayed as the current result (642.055875ms)
✔ a public snapshot retries a goal change during artifact verification (629.15675ms)
✔ conversation view keeps message selection and public status on the same revision (699.24875ms)
✔ cancelled work displays its status rather than its historical delivered result (711.093208ms)
✔ request acceptance is atomic, duplicate input is stable and each conversation can bind several works (16.700792ms)
✔ failed acceptance commit creates neither a work nor a reception acknowledgment (43.562209ms)
✔ analysis, response preparation, delivery and completion are distinct; retransmission never collects evidence again (19.176167ms)
✔ analysis-only completion does not pretend that its result was prepared or delivered (7.222375ms)
✔ pending questions are grouped once and resolving a question cannot waive required result delivery (4.777042ms)
✔ independent dispatchers claim once and receipt reconciliation after restart does not send again (80.709041ms)
✔ ambiguous delivery with no idempotency stays unknown, including repeated and timed-out lookup (13.173375ms)
✔ idempotent absent receipt permits only a bounded later retry and permanent failure stays visible (3.899084ms)
✔ goal before delivery prevents an obsolete or unauthorized result from being sent (5.657542ms)
✔ cancel before delivery prevents an obsolete or unauthorized result from being sent (5.008041ms)
✔ labels before delivery prevents an obsolete or unauthorized result from being sent (5.15975ms)
✔ destination before delivery prevents an obsolete or unauthorized result from being sent (4.340292ms)
✔ pause preserves pending delivery and resume can complete it without another source call (5.513709ms)
✔ late confirmed delivery is historical and cannot satisfy a revised goal (4.758291ms)
✔ an uncertain old-goal delivery retains its uncertainty when superseded by a new goal (4.917125ms)
✔ SIGKILL between channel commit and outbox settlement recovers from two reopened databases without another send (284.833125ms)
✔ a never-dispatched response can be prepared after permission restoration, and large questions retain their full artifact (16.009791ms)
✔ sqlite/documents-simple: delete blocks derived copies and pending result; restart preserves tombstone and cancellation works after bytes are absent (572.438208ms)
✔ sqlite/observations-simple: delete blocks derived copies and pending result; restart preserves tombstone and cancellation works after bytes are absent (557.677875ms)
✔ file-journal/documents-simple: delete blocks derived copies and pending result; restart preserves tombstone and cancellation works after bytes are absent (2326.894416ms)
✔ file-journal/observations-simple: delete blocks derived copies and pending result; restart preserves tombstone and cancellation works after bytes are absent (2224.905916ms)
✔ sqlite: lifecycle ownership, concurrent generation and command identity are enforced (289.560625ms)
✔ sqlite: a question prepared before access removal is superseded without sending its text (350.196208ms)
✔ sqlite: data removal preserves an already dispatched write as an unresolved effect (293.337792ms)
✔ sqlite: tool reply is revalidated after lifecycle change during artifact storage (322.4105ms)
✔ sqlite: model reply is revalidated after lifecycle change during artifact storage (376.210041ms)
✔ sqlite: validity retraction allows labelled historical inspection and correction uses a new immutable evidence ID (187.508875ms)
✔ sqlite: a stored core.calls.get copy cannot expose deleted source content (352.423334ms)
✔ sqlite: evidence read rechecks a lifecycle change during artifact I/O (255.453875ms)
✔ sqlite: original read rechecks a lifecycle change during artifact I/O (288.239208ms)
✔ sqlite: result read rechecks a lifecycle change during artifact I/O (255.626542ms)
✔ sqlite: old dispatched tool reply after deletion is stored only as a sanitized failure (202.406875ms)
✔ sqlite: late model reply after deletion retains measured usage without retaining forbidden proposal text (359.650625ms)
✔ file-journal: lifecycle ownership, concurrent generation and command identity are enforced (1078.206292ms)
✔ file-journal: a question prepared before access removal is superseded without sending its text (1589.866084ms)
✔ file-journal: data removal preserves an already dispatched write as an unresolved effect (986.266125ms)
✔ file-journal: tool reply is revalidated after lifecycle change during artifact storage (962.849958ms)
✔ file-journal: model reply is revalidated after lifecycle change during artifact storage (1122.88675ms)
✔ file-journal: validity retraction allows labelled historical inspection and correction uses a new immutable evidence ID (1039.741542ms)
✔ file-journal: a stored core.calls.get copy cannot expose deleted source content (1840.879792ms)
✔ file-journal: evidence read rechecks a lifecycle change during artifact I/O (847.925583ms)
✔ file-journal: original read rechecks a lifecycle change during artifact I/O (949.791125ms)
✔ file-journal: result read rechecks a lifecycle change during artifact I/O (884.976125ms)
✔ file-journal: old dispatched tool reply after deletion is stored only as a sanitized failure (755.018166ms)
✔ file-journal: late model reply after deletion retains measured usage without retaining forbidden proposal text (1090.152291ms)
✔ inject all local ports without a database or channel SDK: documents-simple (5.94175ms)
✔ inject all local ports without a database or channel SDK: observations-simple (1.596167ms)
✔ scripted planner honors cancellation and cannot mutate caller state (0.50625ms)
✔ fake sink exposes delivery uncertainty and deduplicates only matching content (0.116333ms)
✔ forgotten evidence is rediscovered by ID, source, locator or facts without returning fact bodies (21.764375ms)
✔ hidden, retracted, superseded and parent-retracted evidence never contributes cards or hasMore (8.793042ms)
✔ Korean NFC and NFD clues and English case variants find the same current evidence (6.094833ms)
✔ the evidence discovery tool preserves bounded current-card and partial-call semantics (5.522292ms)
✔ locator truncation preserves the exact evidence ID and reports partial coverage without inventing more matches (5.760542ms)
✔ different owners, tenants and narrower caller labels cannot inspect evidence discovery cards (5.642708ms)
✔ retained knowledge failure at validation 1 blocks cards before return (7.486916ms)
✔ retained knowledge failure at validation 2 blocks cards before return (4.550583ms)
✔ a work retaining knowledge cannot discover derived evidence without its current validator (4.732458ms)
✔ a goal change while the final source-state read waits prevents returning earlier-scope cards (4.530875ms)
✔ caller permission narrowing during the knowledge gate is detected even without a work revision change (5.075375ms)
✔ strict discovery arguments reject extra authority, excessive query length and invalid limits (5.138333ms)
✔ instructions in source facts remain data and discovery changes no facts, goal, plan or authority (5.059834ms)
✔ pre-aborted discovery uses the common read wrapper without reading the work (6.544542ms)
✔ current and historical views enforce own access, tenant, scope and artifact labels while omitted access stays available (0.7405ms)
✔ two generations of derived evidence lose current validity when an ancestor is retracted or superseded, while history stays readable (0.130458ms)
✔ ancestor restriction, deletion, missing reference or revoked labels blocks current and historical descendants (0.088125ms)
✔ a correction remains a monotonic supersession after retraction, restriction, deletion or permission loss (0.140541ms)
✔ supersession uses the full valid version chain and is independent of record ordering (0.066ms)
✔ foreign tenant, scope, source, lineage and invalid time cannot suppress a valid original (0.095417ms)
✔ a replacement does not depend on a superseded body being current or present in a selected view (0.03875ms)
✔ cyclic, missing and ambiguous derived references fail closed without removing independent evidence (0.095584ms)
✔ deep derived chains are evaluated without recursive call-stack growth and do not become independent sources (10.815875ms)
✔ record intake accepts parents and descendants in either order and preserves caller objects (3.202459ms)
✔ record intake requires inherited labels on both derivation and replacement edges (0.638083ms)
✔ record intake requires artifact labels to cover the evidence and rejects artifacts outside policy (0.651375ms)
✔ new records inherit transitive dependency labels even if a legacy intermediate record was under-labelled (0.19875ms)
✔ shared ancestry across multiple parents is not mistaken for a cycle (0.077167ms)
✔ derived intake refuses historical or inaccessible ancestors and checks validity after the whole incoming batch (0.386542ms)
✔ replacement intake permits an accessible retracted target but never an inaccessible historical target (0.143167ms)
✔ record intake rejects missing references and invalid tenant, scope, source, lineage or time on replacements (0.23925ms)
✔ record intake rejects self, indirect and mixed cycles before accepting partial lineage (0.12025ms)
✔ omitted and explicit available access are idempotently equivalent but content or access changes cannot overwrite an ID (0.498625ms)
✔ tool-result validation preserves effect, error and artifact guards while using the shared record intake (0.203958ms)
✔ sqlite: two local callers join one real execution and preserve owner, lease, deadline and one budget charge (191.88075ms)
✔ sqlite: cancelling the initiating caller and another joined caller detaches only their waits (266.815417ms)
✔ sqlite: an already aborted caller cannot create an execution (139.404333ms)
✔ sqlite: another facade observes durable running and settled states without claiming local promise ownership (241.262417ms)
✔ sqlite: a different owner and an expired reservation remain explicit waits without lease renewal or automatic recovery (140.141958ms)
✔ sqlite: reopening a dispatched write never replays it and explicit recovery retains the unknown effect obligation (162.130709ms)
✔ sqlite: reopening after a stored result reports received without executing or adopting it again (325.273833ms)
✔ sqlite: state changes during receipt lookup are reread before the facade decides to execute (150.260333ms)
✔ sqlite: a reporting read error after successful execution is shared as an error and retry only observes the durable result (168.129833ms)
✔ file-journal: two local callers join one real execution and preserve owner, lease, deadline and one budget charge (749.83575ms)
✔ file-journal: cancelling the initiating caller and another joined caller detaches only their waits (650.271458ms)
✔ file-journal: an already aborted caller cannot create an execution (336.788666ms)
✔ file-journal: another facade observes durable running and settled states without claiming local promise ownership (715.80325ms)
✔ file-journal: a different owner and an expired reservation remain explicit waits without lease renewal or automatic recovery (481.065125ms)
✔ file-journal: reopening a dispatched write never replays it and explicit recovery retains the unknown effect obligation (623.103125ms)
✔ file-journal: reopening after a stored result reports received without executing or adopting it again (738.647542ms)
✔ file-journal: state changes during receipt lookup are reread before the facade decides to execute (449.904584ms)
✔ file-journal: a reporting read error after successful execution is shared as an error and retry only observes the durable result (674.05175ms)
✔ documents-simple: validated plan executes to verified completion without additional planner calls (18.496541ms)
✔ observations-simple: validated plan executes to verified completion without additional planner calls (7.233041ms)
✔ invalid plans fail before budget or execution: stale, cyclic, missing deps, schema, effects, permission and IDs (4.018041ms)
✔ plan commands deduplicate after later state changes; task IDs cannot hide changed inputs (4.193458ms)
✔ discarded unexecuted task ID still cannot acquire a different contract (3.257ms)
✔ scripted planner proposal enters the real validator and executor only when control requests a plan (5.440209ms)
✔ dependencies execute in order; partial observations require another source, not false completion (8.15025ms)
✔ empty queue is replan; wake conditions, tool budget, deadline and cancellation produce distinct controls (4.538625ms)
✔ only authorized current-goal commands mutate state; duplicate cancellation is stable (3.208209ms)
✔ competing executors cannot both reserve or replay dispatch (3.8135ms)
✔ late tool result after cancel is recorded without adopting or reversing the command (3.784417ms)
✔ late tool result after goal is recorded without adopting or reversing the command (4.328417ms)
✔ expired dispatched read has bounded retry or explicit unknown effect (3.121709ms)
✔ expired dispatched write has bounded retry or explicit unknown effect (2.842708ms)
✔ invalid result identity, labels, references and output cannot become accepted evidence (21.85225ms)
✔ stored received result resumes in reopened SQLite and artifact stores without invoking tool again (188.860208ms)
✔ tool JSON schema validation compiles once, rejects unsupported schema and preserves inputs (3.376125ms)
✔ successful dependency chain follows DAG order even when task array is reversed (5.5085ms)
✔ pause before dispatch releases reservation; resume and repeated old pause do not cancel new execution (4.151042ms)
✔ tool failures retry only within attempt budget and repeated empty replans exhaust their own budget (4.579708ms)
✔ unconfirmed write is unknown and cannot satisfy the goal or be retried by a renamed task (3.6235ms)
✔ lease timeout yields even for a tool that ignores cancellation; late result cannot finish the goal (23.104625ms)
✔ permission revocation after reservation is rechecked before dispatch and durably blocks execution (3.546ms)
✔ memory: waiting execution wakes only for expired lease or received result (8.8375ms)
✔ sqlite: waiting execution wakes only for expired lease or received result (183.815125ms)
✔ baseline documents-complex (2.684167ms)
✔ baseline documents-simple (0.187583ms)
✔ baseline observations-complex (0.200959ms)
✔ baseline observations-simple (0.08525ms)
✔ both domains use the same schema and include simple/complex baselines (0.2845ms)
✔ fixture oracle rejects missing references and duplicated evidence IDs (0.570708ms)
✔ repetition and permutation cannot create independent sources (0.118916ms)
✔ completed facts do not discharge an unrelated pending obligation (0.064709ms)
✔ sqlite: valid original guidance remains readable through two historical copies and records actual file probe bytes (507.290958ms)
✔ sqlite: body-edited without refresh invalidates original guidance history and two stored copies (369.404416ms)
✔ sqlite: body-deleted without refresh invalidates original guidance history and two stored copies (480.574875ms)
✔ sqlite: catalog-rules-changed without refresh invalidates original guidance history and two stored copies (609.04775ms)
✔ file-journal: valid original guidance remains readable through two historical copies and records actual file probe bytes (2632.4ms)
✔ file-journal: body-edited without refresh invalidates original guidance history and two stored copies (2574.357792ms)
✔ file-journal: body-deleted without refresh invalidates original guidance history and two stored copies (2562.733417ms)
✔ file-journal: catalog-rules-changed without refresh invalidates original guidance history and two stored copies (2838.170875ms)
✔ guidance refresh stages every provider page and only then replaces the complete snapshot (11.090708ms)
✔ guidance failure listing leaves the previous snapshot usable (0.737625ms)
✔ guidance mixed listing leaves the previous snapshot usable (0.402708ms)
✔ guidance duplicate listing leaves the previous snapshot usable (0.417625ms)
✔ guidance cycle listing leaves the previous snapshot usable (0.332333ms)
✔ guidance page-bound listing leaves the previous snapshot usable (0.243375ms)
✔ guidance entry-bound listing leaves the previous snapshot usable (0.229666ms)
✔ guidance byte-bound listing leaves the previous snapshot usable (0.201333ms)
✔ guidance abort and late completion cannot replace a published listing (0.415042ms)
✔ guidance concurrent refresh rejects an earlier listing and a complete empty snapshot retires entries (0.493584ms)
✔ legacy list/load remains compatible and missing source validation disables body reuse (1.3305ms)
✔ guidance pages reach beyond 20 and preserve item and whole UTF-8 page bounds (6.040542ms)
✔ guidance cursor binds kind, owner, permission and snapshot and hides unauthorized counts (1.769375ms)
✔ hot guidance reuses only body/artifact while rules, selection reason and method are current (0.592834ms)
✔ guidance body cache cannot bypass current tenant, label or work-kind restrictions (0.414708ms)
✔ guidance cache obeys entry/byte bounds, evicts unused bodies and isolates artifact stores (1.010125ms)
✔ a body larger than the cache byte budget is read and decoded on every load (0.61425ms)
✔ a pending hot load cannot exceed cache bounds when another body evicts its old entry (0.815375ms)
✔ a cold legacy-source load rechecks its manifest after artifact persistence (0.326667ms)
✔ source changes during an artifact check are caught by the final probe (0.287417ms)
✔ manifest refresh during final validation rejects a hot result from the previous rules (0.30475ms)
✔ load cancellation cannot publish a cache entry after an ignored-signal provider returns (0.25475ms)
✔ file guidance reports actual cold/hot original I/O separately from put/decode reuse (48.160208ms)
ℹ {"coldOriginalReads":2,"hotOriginalReads":1,"coldOriginalBytes":48,"hotOriginalBytes":24,"source":{"catalogReads":7,"catalogBytes":2702,"bodyReads":3,"bodyBytes":72,"readCalls":1,"validateCalls":2},"catalog":{"sourceReadCalls":1,"sourceReadBytes":24,"sourceValidateCalls":2,"artifactPutCalls":1,"artifactCheckCalls":1,"bodyDecodes":1,"cacheHits":1,"cacheMisses":1,"cachedBodies":1,"cachedBytes":24},"artifactPuts":1,"artifactChecks":1}
✔ file guidance cache never bypasses a deleted original source (29.651042ms)
✔ file guidance cache never bypasses a modified original source (39.204292ms)
✔ file guidance cache never bypasses a manifest original source (52.691958ms)
✔ file guidance refresh observes a new catalog, preserves same-body cache and rejects invalid replacements (38.086667ms)
✔ guidance resources documents-simple: cold and hot runtime loads retain provenance and report original I/O separately (34.115083ms)
ℹ {"family":"documents-simple","coldOriginalBytes":58,"hotOriginalBytes":29,"coldMetrics":{"sourceReadCalls":1,"sourceReadBytes":29,"sourceValidateCalls":1,"artifactPutCalls":1,"artifactCheckCalls":0,"bodyDecodes":1,"cacheHits":0,"cacheMisses":1,"cachedBodies":1,"cachedBytes":29},"hotMetrics":{"sourceReadCalls":1,"sourceReadBytes":29,"sourceValidateCalls":2,"artifactPutCalls":1,"artifactCheckCalls":1,"bodyDecodes":1,"cacheHits":1,"cacheMisses":1,"cachedBodies":1,"cachedBytes":29}}
✔ guidance resources documents-simple: policy revocation during a hot validation suppresses the cached body (9.81425ms)
✔ guidance resources documents-simple: a goal change while the source read waits cannot return the previous selection (5.761959ms)
✔ guidance resources documents-simple: a refreshed version cannot be replaced by an in-flight older load (5.927541ms)
✔ guidance resources documents-simple: cancellation reaches a pending source and returns no late body (5.562625ms)
✔ guidance resources observations-simple: cold and hot runtime loads retain provenance and report original I/O separately (8.70875ms)
ℹ {"family":"observations-simple","coldOriginalBytes":58,"hotOriginalBytes":29,"coldMetrics":{"sourceReadCalls":1,"sourceReadBytes":29,"sourceValidateCalls":1,"artifactPutCalls":1,"artifactCheckCalls":0,"bodyDecodes":1,"cacheHits":0,"cacheMisses":1,"cachedBodies":1,"cachedBytes":29},"hotMetrics":{"sourceReadCalls":1,"sourceReadBytes":29,"sourceValidateCalls":2,"artifactPutCalls":1,"artifactCheckCalls":1,"bodyDecodes":1,"cacheHits":1,"cacheMisses":1,"cachedBodies":1,"cachedBytes":29}}
✔ guidance resources observations-simple: policy revocation during a hot validation suppresses the cached body (5.142417ms)
✔ guidance resources observations-simple: a goal change while the source read waits cannot return the previous selection (4.937042ms)
✔ guidance resources observations-simple: a refreshed version cannot be replaced by an in-flight older load (5.025166ms)
✔ guidance resources observations-simple: cancellation reaches a pending source and returns no late body (4.461083ms)
✔ guidance resources: paginated cards respect the complete output byte budget and never read guidance bodies (10.358416ms)
✔ guidance resources: cursors cannot cross kind, caller labels, owner or a refreshed listing (5.299375ms)
✔ guidance resources: legacy discovery keeps its original shape and current method in both work families (9.438208ms)
✔ guidance resources: optional paging fields are strict and pre-aborted discovery performs no original reads (4.183584ms)
✔ legacy current validation reads original bytes and a fresh listing and accounts for each cost (3.658625ms)
✔ legacy cold load compares a fresh manifest without duplicating the original read (0.636542ms)
✔ a cancelled current probe makes no original read and a failed fresh listing is not accepted (0.384334ms)
✔ sqlite: context compilation refuses delete in an original guidance source (344.267291ms)
✔ sqlite: context compilation refuses modify in an original guidance source (399.390792ms)
✔ sqlite: context compilation refuses rules in an original guidance source (369.520709ms)
✔ sqlite: restarted stored model input cannot send a deleted original guide (391.76125ms)
✔ sqlite: restarted stored model input cannot send a modifyd original guide (399.894042ms)
✔ sqlite: policy during original-source validation stops transport and settles zero usage (367.984666ms)
✔ sqlite: goal during original-source validation stops transport and settles zero usage (506.936417ms)
✔ sqlite: cancel during original-source validation stops transport and settles zero usage (457.031208ms)
✔ sqlite: manifest refresh after the source probe is caught after final state lookup (440.516125ms)
✔ sqlite: an ignored-signal original probe is stopped by the remaining model lease (659.279125ms)
✔ sqlite: stored guidance loss during source probe blocks transport and prevents settlement until repair (452.903167ms)
✔ sqlite: unchanged original guidance sends the exact stored request once after restart (492.760458ms)
✔ file-journal: context compilation refuses delete in an original guidance source (1030.350416ms)
✔ file-journal: context compilation refuses modify in an original guidance source (1111.903583ms)
✔ file-journal: context compilation refuses rules in an original guidance source (992.616791ms)
✔ file-journal: restarted stored model input cannot send a deleted original guide (1612.156042ms)
✔ file-journal: restarted stored model input cannot send a modifyd original guide (1743.919834ms)
✔ file-journal: policy during original-source validation stops transport and settles zero usage (1664.096417ms)
✔ file-journal: goal during original-source validation stops transport and settles zero usage (1676.73375ms)
✔ file-journal: cancel during original-source validation stops transport and settles zero usage (1716.104042ms)
✔ file-journal: manifest refresh after the source probe is caught after final state lookup (1470.011709ms)
✔ file-journal: an ignored-signal original probe is stopped by the remaining model lease (1697.837875ms)
✔ file-journal: stored guidance loss during source probe blocks transport and prevents settlement until repair (1726.76075ms)
✔ file-journal: unchanged original guidance sends the exact stored request once after restart (1402.916666ms)
✔ invocation copies: two real canonical copies expose the still-authorized original without executing it again (33.931667ms)
✔ invocation copies: retaining only calls.get permission does not restore a revoked source tool (14.693167ms)
✔ invocation copies: current guidance version replacement blocks the copied earlier guide (18.9705ms)
✔ invocation copies: same-version manifest replacement and new guidance labels also block nested bodies (11.023083ms)
✔ invocation copies: catalog target permission is rechecked through both copies (10.413083ms)
✔ invocation copies: catalog target version is rechecked through both copies (13.693042ms)
✔ invocation copies: catalog target definition is rechecked through both copies (13.075458ms)
✔ invocation copies: a missing canonical source receipt is rejected (8.515584ms)
✔ invocation copies: a foreign-owner canonical source receipt is rejected (7.292333ms)
✔ invocation copies: a foreign-tenant canonical source receipt is rejected (7.903ms)
✔ invocation copies: a foreign-work canonical source receipt is rejected (7.723ms)
✔ invocation copies: a input-digest canonical source receipt is rejected (6.839084ms)
✔ invocation copies: missing source artifacts invalidate copied bodies even when copy artifacts remain readable (7.38125ms)
✔ invocation copies: a modified copied body must still equal its canonical source result (7.6185ms)
✔ invocation copies: source knowledge is validated and propagated even if an older copy omitted its dependency metadata (8.635334ms)
✔ invocation copies: permission changes during a source receipt read prevent returning the already-read copy (8.402125ms)
✔ invocation copies: a canonical input cycle is rejected before following the same receipt twice (8.024084ms)
✔ invocation copies: the 64-node source boundary accepts 63 copies and rejects one further copy (480.487792ms)
✔ sqlite: two invocation copies recheck remove registry change after source artifact read (537.601916ms)
✔ sqlite: two invocation copies recheck labels registry change after source artifact read (495.81375ms)
✔ sqlite: two invocation copies recheck description registry change after source artifact read (474.085708ms)
✔ sqlite: two invocation copies recheck unrelated registry change after source artifact read (432.645917ms)
✔ sqlite: an executed third calls.get stores no private body when source is removed during its read (463.967209ms)
✔ sqlite: catalog target pin is rechecked after final asynchronous state validation (429.1055ms)
✔ sqlite: a same-version guidance manifest change cannot survive copied body verification (491.59475ms)
✔ file-journal: two invocation copies recheck remove registry change after source artifact read (2428.133334ms)
✔ file-journal: two invocation copies recheck labels registry change after source artifact read (2475.282417ms)
✔ file-journal: two invocation copies recheck description registry change after source artifact read (2545.730459ms)
✔ file-journal: two invocation copies recheck unrelated registry change after source artifact read (2546.824625ms)
✔ file-journal: an executed third calls.get stores no private body when source is removed during its read (2776.524292ms)
✔ file-journal: catalog target pin is rechecked after final asynchronous state validation (2139.440042ms)
✔ file-journal: a same-version guidance manifest change cannot survive copied body verification (2267.989375ms)
✔ file journal: exception at candidate_synced preserves the publication boundary and retry identity (239.60175ms)
✔ file journal: actual SIGKILL at candidate_synced reopens a whole commit or no commit (284.742542ms)
✔ file journal: exception at published preserves the publication boundary and retry identity (229.820875ms)
✔ file journal: actual SIGKILL at published reopens a whole commit or no commit (249.828125ms)
✔ file journal: exception at directory_synced preserves the publication boundary and retry identity (211.6515ms)
✔ file journal: actual SIGKILL at directory_synced reopens a whole commit or no commit (273.094291ms)
✔ file journal: a reader and duplicate retry observe a whole published record while its writer is pending (232.14325ms)
✔ file journal: directory sync failure prevents reads and duplicate acknowledgements without rolling back publication (154.826416ms)
✔ file journal: listing retries the first record when publication follows its initial ENOENT (161.075166ms)
✔ file journal: checksum corruption blocks reads and subsequent commits without overwriting the damaged record (78.109583ms)
✔ file journal: an intact record checksum does not hide a broken previous-hash link (125.758334ms)
✔ file journal: deleting a middle revision rejects the incomplete prefix (184.927625ms)
✔ file journal: changing store identity is rejected by an open instance and by replay after reopening (104.64ms)
✔ file journal: a missing format header does not initialize a populated store as empty (76.38625ms)
✔ file journal: existing root, work and record symlinks are rejected without following their contents (305.875ms)
✔ file journal: group or other permissions on the root and records are rejected (158.883042ms)
✔ file journal: an observed root or work directory replacement cannot reset the open repository (172.24875ms)
✔ file journal: record size limits reject both publication and oversized persisted input (159.957541ms)
✔ file journal: closed instances reject every repository operation while reopening retains data (142.887083ms)
✔ file journal: revision zero is invalid layout and cannot be silently ignored (68.358834ms)
✔ sqlite: same-work recall survives dispatch, receipt and unrelated revision bookkeeping (362.241166ms)
✔ sqlite: cross-work memory copy keeps custody across a goal change and blocks a prepared result after source deletion (753.697ms)
✔ sqlite: source deletion after a cross-goal copied memory cancels a reserved effect before invocation (545.445167ms)
✔ sqlite: stored model input contains recalled bodies while hiding internal custody metadata (579.429792ms)
✔ sqlite: reopening without a knowledge validator blocks retained originals and reserved effects (475.783291ms)
✔ sqlite: deleting another work's source while adopt commit waits quarantines the copied evidence before return (451.651459ms)
✔ file-journal: same-work recall survives dispatch, receipt and unrelated revision bookkeeping (3667.312625ms)
✔ file-journal: cross-work memory copy keeps custody across a goal change and blocks a prepared result after source deletion (11599.432917ms)
✔ file-journal: source deletion after a cross-goal copied memory cancels a reserved effect before invocation (6003.709709ms)
✔ file-journal: stored model input contains recalled bodies while hiding internal custody metadata (8976.014666ms)
✔ file-journal: reopening without a knowledge validator blocks retained originals and reserved effects (3342.61425ms)
✔ file-journal: deleting another work's source while adopt commit waits quarantines the copied evidence before return (1884.073042ms)
✔ memory tools expose read cards, internal dependencies and schema-valid results (sqlite) (149.483458ms)
✔ memory tool authority intersects destination, caller and fresh trusted identity (sqlite) (193.448375ms)
✔ memory reads constrain IDs and searches to the current goal scope (sqlite) (162.129792ms)
✔ memory tools expose read cards, internal dependencies and schema-valid results (file-journal) (2046.178458ms)
✔ memory tool authority intersects destination, caller and fresh trusted identity (file-journal) (627.265125ms)
✔ memory reads constrain IDs and searches to the current goal scope (file-journal) (756.3175ms)
✔ memory tools report bounded references without bodies, including multibyte oversized references (145.135333ms)
✔ memory search distinguishes result truncation and index errors from complete absence (275.793333ms)
✔ memory tools discard a copied card when trusted-owner changes during a repository wait (161.964375ms)
✔ memory tools discard a copied card when work-owner changes during a repository wait (167.811791ms)
✔ memory tools discard a copied card when caller-labels changes during a repository wait (218.974917ms)
✔ memory tools discard a copied card when work-labels changes during a repository wait (210.748875ms)
✔ memory tools discard a copied card when goal changes during a repository wait (168.932459ms)
✔ memory tools discard a copied card when generation changes during a repository wait (215.723542ms)
✔ memory tools discard a copied card when cancel changes during a repository wait (214.116833ms)
✔ each fresh trusted actor lookup must match the work owner, including the final return check (150.727167ms)
✔ dependency validation uses current source, record and caller permissions without a stale service cache (199.277333ms)
✔ memory adapters do not mutate the caller policy and normalize invalid input and pre-abort (207.999333ms)
✔ knowledge exact lookup precedes index, Korean/English and conditional search use current sources (sqlite) (133.104333ms)
✔ knowledge exact lookup precedes index, Korean/English and conditional search use current sources (file-journal) (567.985334ms)
✔ private memory needs explicit submission and another reviewer of the exact content revision (165.597458ms)
✔ source retracted prevents direct, cached lexical and dependency reuse (156.035166ms)
✔ source restricted prevents direct, cached lexical and dependency reuse (177.144625ms)
✔ source deleted prevents direct, cached lexical and dependency reuse (168.186833ms)
✔ source corrected prevents direct, cached lexical and dependency reuse (161.755167ms)
✔ source policy prevents direct, cached lexical and dependency reuse (243.9895ms)
✔ source generation prevents direct, cached lexical and dependency reuse (280.731625ms)
✔ ancestor changes and derived memories retain source identity without inflating independent provenance (265.843333ms)
✔ review CAS prevents a reviewed draft from being silently replaced or shared after editing (254.956875ms)
✔ source or actor changes while source reads wait cannot return stale memory content (229.726042ms)
✔ a delayed candidate cache fill rechecks namespace authority before returning cards or counts (227.418791ms)
✔ index errors remain distinct from absence and rebuild never resurrects deleted or expired content (156.3935ms)
✔ SQLite reopen retains memory, review, cursor and receipts; competing writers use revision CAS (131.881292ms)
✔ source and knowledge stores close and reopen with reviewed memory and index intact (259.72875ms)
✔ bounded results report truncation only after current visibility filtering (130.685916ms)
✔ deletion while a repeated source check waits is noticed before returning the memory card (119.999375ms)
✔ source deletion after the second source snapshot cannot return its old card (102.48075ms)
✔ batch dependency fences notice an earlier card source changing while a later card is checked (148.021709ms)
✔ retracted memory can subsequently be deleted while preserving the revision and idempotency rules (275.889667ms)
✔ a pruned limited search stays partial when an unread matching candidate remains (201.11275ms)
✔ unrelated work revisions preserve semantic dependencies while changed source content does not (157.718166ms)
✔ dependency contracts reject forged fields, unsafe revisions, malformed hashes and duplicate references (200.692541ms)
✔ continuously changing coherent-read revisions stop after a bounded number of fences (247.049083ms)
✔ sqlite: local memory tools and workspace checkpoints remain usable after profile reopen (803.378167ms)
✔ sqlite: workspace initialization failure closes state, channel and knowledge stores (132.194917ms)
✔ file-journal: local memory tools and workspace checkpoints remain usable after profile reopen (5924.728583ms)
✔ file-journal: workspace initialization failure closes state, channel and knowledge stores (147.334ms)
✔ composition without optional memory or workspace keeps the prior tool configuration usable (215.635ms)
✔ profile close still closes databases after a workspace close failure (294.725334ms)
✔ cancel during input artifact read prevents transport invocation and releases the known unused token reservation (20.22375ms)
✔ goal during input artifact read prevents transport invocation and releases the known unused token reservation (7.196084ms)
✔ destination during input artifact read prevents transport invocation and releases the known unused token reservation (5.472875ms)
✔ labels during input artifact read prevents transport invocation and releases the known unused token reservation (6.206084ms)
✔ cancelling an active model sends its signal, yields promptly and settles late usage once without adopting the old plan (6.670708ms)
✔ input byte limit rejects before a durable reservation or transport call (3.607875ms)
✔ token budget rejects before a durable reservation or transport call (3.543292ms)
✔ model call budget rejects before a durable reservation or transport call (3.245833ms)
✔ model context capacity and destination policy reject input without invoking the planner (6.385542ms)
✔ concurrent reservations have one winner and duplicate execution performs one dispatch and one transport call (5.790291ms)
✔ a replacement owner waits for a reserved lease, then releases it and creates a fresh intent without repeating a transport call (6.643166ms)
✔ a recovered running lease retains uncertain cost and accepts only late accounting, never its expired plan (4.078667ms)
✔ a reply without usage keeps its reservation and prevents a further model call after rejection (4.089417ms)
✔ verified facts remain visible while hypothesis review prevents response readiness and preparation (21.994125ms)
✔ reserved, running and stored model replies cannot produce a result; accepted review resumes preparation (23.969792ms)
✔ pending model work suppresses question preparation while preserving existing obligation blockers (10.165208ms)
✔ an already prepared result is withheld during review and can be prepared again after accepted model assessment (11.541125ms)
✔ documents-simple: one model plan executes to completion with usage and no extra hypothesis call (29.797541ms)
✔ observations-simple: one model plan executes to completion with usage and no extra hypothesis call (10.880917ms)
✔ late counterevidence revises the hypothesis and only the changed graph consumes a replan (34.061709ms)
✔ strict structured transport adapter feeds the same validator and execution loop without a provider SDK (8.345917ms)
✔ invalid or truncated responses cannot replace an executable plan or fabricate zero usage (4.426791ms)
✔ rejected model plans still charge exactly one call and preserve their raw response for an authorized read (4.357333ms)
✔ bookkeeping changes do not stale a response but goal and evidence changes do (8.717375ms)
✔ received model result resumes after SQLite and artifact reopen with no additional model call (429.973708ms)
✔ a new scope archives the old hypothesis in prior events and permits a fresh plan (11.324333ms)
✔ unsupported hypotheses and erased counterevidence are rejected without changing the current assessment (8.403167ms)
✔ validator feedback reaches the next model proposal and invalid plans never dispatch their tools (10.3045ms)
✔ permission revocation during reply storage preserves usage but never downgrades the model body (5.643917ms)
✔ sqlite/documents-simple: same model/tool/evidence/conversation workflow resumes on persistent state without a new model call for the stored reply (733.812167ms)
✔ sqlite/documents-complex: same model/tool/evidence/conversation workflow resumes on persistent state without a new model call for the stored reply (1590.525292ms)
✔ sqlite/observations-simple: same model/tool/evidence/conversation workflow resumes on persistent state without a new model call for the stored reply (789.08875ms)
✔ sqlite/observations-complex: same model/tool/evidence/conversation workflow resumes on persistent state without a new model call for the stored reply (1226.353666ms)
✔ file-journal/documents-simple: same model/tool/evidence/conversation workflow resumes on persistent state without a new model call for the stored reply (4475.181125ms)
✔ file-journal/documents-complex: same model/tool/evidence/conversation workflow resumes on persistent state without a new model call for the stored reply (9183.714ms)
✔ file-journal/observations-simple: same model/tool/evidence/conversation workflow resumes on persistent state without a new model call for the stored reply (4331.502875ms)
✔ file-journal/observations-complex: same model/tool/evidence/conversation workflow resumes on persistent state without a new model call for the stored reply (6040.703166ms)
✔ read checkpoint sqlite: a complete checkpoint survives outer-result loss and resumes without another fetch (655.967792ms)
✔ read checkpoint sqlite: projection preserves original evidence and charges only the successor's raw response (910.874625ms)
✔ read checkpoint sqlite: missing proof and altered payload are denied while ordinary failures remain valid (859.735084ms)
✔ read checkpoint sqlite: an indexed forged merged page cannot replace its accepted raw response (813.950166ms)
✔ read checkpoint sqlite: an unchanged original body cannot authorize a changed request identity (810.087666ms)
✔ read checkpoint sqlite: losing raw-response blocks result history and copied history (818.696917ms)
✔ read checkpoint sqlite: losing source-artifact blocks result history and copied history (855.5545ms)
✔ read checkpoint sqlite: severing the parent's exclusive successor claim rejects the child (850.466959ms)
✔ read checkpoint file-journal: a complete checkpoint survives outer-result loss and resumes without another fetch (3165.481584ms)
✔ read checkpoint file-journal: projection preserves original evidence and charges only the successor's raw response (4223.140875ms)
✔ read checkpoint file-journal: missing proof and altered payload are denied while ordinary failures remain valid (3617.385834ms)
✔ read checkpoint file-journal: an indexed forged merged page cannot replace its accepted raw response (4058.940125ms)
✔ read checkpoint file-journal: an unchanged original body cannot authorize a changed request identity (3319.718417ms)
✔ read checkpoint file-journal: losing raw-response blocks result history and copied history (3309.039625ms)
✔ read checkpoint file-journal: losing source-artifact blocks result history and copied history (2398.961875ms)
✔ read checkpoint file-journal: severing the parent's exclusive successor claim rejects the child (1199.541666ms)
✔ read collection context: only visible current goal and scope tips survive; complete unadopted tips remain resumable (2.9375ms)
✔ read collection context: the common packet removes denied head metadata from both execution and resume projections (2.574583ms)
✔ read collection context sqlite: five compactions and reopen retain partial resume metadata without page bodies (672.183958ms)
✔ read collection context sqlite: five compactions and reopen retain complete orphan resume metadata without page bodies (661.056084ms)
✔ read collection context file-journal: five compactions and reopen retain partial resume metadata without page bodies (3025.964916ms)
✔ read collection context file-journal: five compactions and reopen retain complete orphan resume metadata without page bodies (2958.24525ms)
✔ read collection context sqlite: lost derived frame regenerates while lost original raw response blocks context and recovery (337.702166ms)
✔ read collection context file-journal: lost derived frame regenerates while lost original raw response blocks context and recovery (1588.491917ms)
✔ read collection context sqlite: source gate rejects omitted, altered, and canonically inconsistent resume metadata (211.260459ms)
✔ read collection context file-journal: source gate rejects omitted, altered, and canonically inconsistent resume metadata (1018.198417ms)
✔ read collection context sqlite: resume metadata is mandatory input and cannot be evicted to satisfy a smaller byte budget (221.7935ms)
✔ read collection context file-journal: resume metadata is mandatory input and cannot be evicted to satisfy a smaller byte budget (803.704125ms)
✔ read collection context sqlite: source lifecycle change during checkpoint read prevents staged frame publication (217.886458ms)
✔ read collection context file-journal: source lifecycle change during checkpoint read prevents staged frame publication (443.769125ms)
✔ read collection context sqlite: contract change during derived resume put is checked before return (276.405083ms)
✔ read collection context sqlite: original change during derived resume put is checked before return (276.352792ms)
✔ read collection context file-journal: contract change during derived resume put is checked before return (737.204625ms)
✔ read collection context file-journal: original change during derived resume put is checked before return (778.055875ms)
✔ read collection context sqlite: completed adopted output retains original proof requirements after leaving the resume list (315.783375ms)
✔ read collection context file-journal: completed adopted output retains original proof requirements after leaving the resume list (1639.323333ms)
✔ read collection context sqlite: raw loss during frame staging suppresses completed adopted copies (308.714875ms)
✔ read collection context file-journal: raw loss during frame staging suppresses completed adopted copies (1392.173708ms)
✔ read collection: bounded batch keeps original observations and input objects independent (3.977333ms)
✔ read collection: explicit retries request every unfinished key and advance only when the original page is complete (2.9135ms)
✔ read collection: extra cannot satisfy a trusted batch manifest (0.344208ms)
✔ read collection: missing cannot satisfy a trusted batch manifest (0.143166ms)
✔ read collection: wrong-digest cannot satisfy a trusted batch manifest (0.131167ms)
✔ read collection: duplicate-expected cannot satisfy a trusted batch manifest (0.097167ms)
✔ read collection: duplicate-item cannot satisfy a trusted batch manifest (0.092541ms)
✔ read collection: retry rejects successful-item instead of overwriting successful observations (0.371709ms)
✔ read collection: retry rejects missing-unfinished instead of overwriting successful observations (0.302708ms)
✔ read collection: retry rejects changed-digest instead of overwriting successful observations (0.408459ms)
✔ read collection: pending retry binds snapshot to its original source page (0.268083ms)
✔ read collection: pending retry binds cursor to its original source page (0.293791ms)
✔ read collection: pending retry binds nextCursor to its original source page (0.263208ms)
✔ read collection: pending retry binds totalItems to its original source page (0.510958ms)
✔ read collection: pending retry binds exhausted to its original source page (0.283292ms)
✔ read collection: pending retry binds requestId to its original source page (0.236708ms)
✔ read collection: an explicit retry cannot omit a key in the request or reuse the last request identity (0.264416ms)
✔ read collection: accepted request history survives replaced pending IDs and is checked on restore (0.494416ms)
✔ read collection: a nonretryable error preserves the pending observations but forbids resume (0.188208ms)
✔ read collection: retries consume the operation call limit without advancing page count (0.64525ms)
✔ read collection: declared totals count unique logical items and may become known on the final page (0.219958ms)
✔ read collection: a known total stays binding when a later response omits it (0.220583ms)
✔ read collection: repeated IDs cannot create another item even with a different digest (0.128334ms)
✔ read collection: cursor loops and snapshot changes are rejected across finalized pages (0.260292ms)
✔ read collection: empty pages may progress with new cursors and a complete empty collection is valid (0.128ms)
✔ read collection: page, item and batch bounds stop further requests without truncation (0.175792ms)
✔ read collection: response and checkpoint limits use exact UTF-8 byte lengths (0.187125ms)
✔ read collection: each raw retry is byte-bounded while the merged logical page uses the checkpoint bound (0.162ms)
✔ read collection: restored projection corruption is rejected before producing a request (0.121709ms)
✔ read collection: restored cursor-chain corruption is rejected before producing a request (0.091042ms)
✔ read collection: restored calls corruption is rejected before producing a request (0.090375ms)
✔ read collection: restored completed-pending corruption is rejected before producing a request (0.102625ms)
✔ read collection: restored manifest corruption is rejected before producing a request (0.112416ms)
✔ read collection: strict schemas reject false completion, fabricated not-run output and invalid budgets (0.477375ms)
✔ read collection: usage overflow and dependency overflow fail without dropping earlier accounting or custody (1.22475ms)
✔ durable collections sqlite: a process crash after intent becomes an unknown call on explicit resume (724.7315ms)
✔ durable collections sqlite: a batch retries only unfinished manifest items after reopening (808.248083ms)
✔ durable collections sqlite: source failures consume the persisted call budget across explicit retries (969.183875ms)
✔ durable collections sqlite: a source that answers after cancellation cannot commit its late page (232.92725ms)
✔ durable collections sqlite: policy revocation while the source waits suppresses the response (257.647333ms)
✔ durable collections file-journal: a process crash after intent becomes an unknown call on explicit resume (3265.827209ms)
✔ durable collections file-journal: a batch retries only unfinished manifest items after reopening (3332.278333ms)
✔ durable collections file-journal: source failures consume the persisted call budget across explicit retries (5579.775417ms)
✔ durable collections file-journal: a source that answers after cancellation cannot commit its late page (1191.943125ms)
✔ durable collections file-journal: policy revocation while the source waits suppresses the response (1009.102791ms)
✔ durable collections: query cannot resume a checkpoint under a changed contract (298.493875ms)
✔ durable collections: fresh cannot resume a checkpoint under a changed contract (240.4955ms)
✔ durable collections: same-task-id cannot resume a checkpoint under a changed contract (305.915166ms)
✔ durable collections: policy cannot resume a checkpoint under a changed contract (389.627958ms)
✔ durable collections: goal cannot resume a checkpoint under a changed contract (367.065792ms)
✔ durable collections: generation cannot resume a checkpoint under a changed contract (387.849375ms)
✔ durable collections sqlite documents-simple: complete pages advance automatically and survive reopening (611.884208ms)
✔ durable collections sqlite documents-simple: partial stops until a new task explicitly resumes after reopening (843.932166ms)
✔ durable collections sqlite observations-simple: complete pages advance automatically and survive reopening (529.175708ms)
✔ durable collections sqlite observations-simple: partial stops until a new task explicitly resumes after reopening (718.715666ms)
✔ durable collections file-journal documents-simple: complete pages advance automatically and survive reopening (1566.437458ms)
✔ durable collections file-journal documents-simple: partial stops until a new task explicitly resumes after reopening (2164.197916ms)
✔ durable collections file-journal observations-simple: complete pages advance automatically and survive reopening (775.910708ms)
✔ durable collections file-journal observations-simple: partial stops until a new task explicitly resumes after reopening (1154.033416ms)
✔ state-based packet retains counterevidence, obligations and original references without raw history or a state mutation (29.555125ms)
✔ old and forged packets cannot reverse a goal change, cancellation or budget (8.629375ms)
✔ separate SQLite/artifact instances reconstruct packets and regenerate missing or corrupt derived blobs (307.030667ms)
✔ missing original is reported by id and cannot be hidden by a valid prior packet (4.846959ms)
✔ reconstruction rechecks a goal change committed while the packet is being saved (4.447916ms)
✔ snapshot retries mixed state/event/outbox revisions and rejects broken event history (3.580625ms)
✔ untrusted packet dimensions, tool revision changes and a foreign work packet never authorize reuse (7.224042ms)
✔ resume requires the work owner and full runtime view; revoked history is never relabelled (3.491125ms)
✔ packet size limit refuses the whole projection without dropping obligations or writing a partial packet (3.506458ms)
✔ model context restores task attempts and budget but excludes model ledger and delivery bodies (5.078208ms)
✔ model context cannot relabel a revoked attempt result reference under the current policy (7.479791ms)
✔ model context refuses assessment references whose evidence metadata is no longer permitted (2.783708ms)
✔ catalog filters before ranking, bounds cards, separates providers and loads only an exact schema (22.268583ms)
✔ registration snapshots reject namespace/duplicates and cannot be mutated through adapters or catalog results (5.488958ms)
✔ documents-simple: discovery and selected guidance share the execution ledger without adding evidence or permissions (39.595709ms)
✔ observations-simple: discovery and selected guidance share the execution ledger without adding evidence or permissions (16.434125ms)
✔ simple direct lookup does not load optional guidance or run a hypothesis review (6.528208ms)
✔ method selection follows contradiction, independence and response needs without model calls (6.560709ms)
✔ guidance metadata/limits do not read bodies and wrong version, tenant or applicability are rejected (6.125833ms)
✔ evidence readers distinguish protected/missing, superseded and retracted records; limits preserve provenance (5.403417ms)
✔ call result lookup stays historical after retraction and does not restore it to current evidence (6.600208ms)
✔ broker rejects calls without a committed dispatch or with another owner before reaching a tool (5.315083ms)
✔ in-flight output is not downgraded to a less restricted artifact when labels are revoked (5.470208ms)
✔ revocation after result storage settles without reading protected bytes or repeatedly getting stuck (5.162958ms)
✔ stored guidance and invocation results can be read after SQLite/artifact/source restart without source execution (457.022084ms)
✔ guidance source rejects altered content, path escape and symlink replacement (90.826458ms)
✔ model-facing evidence and call readers use the common budget without reexecuting a source or completing a changed goal (13.906291ms)
✔ sqlite: one commit and reopen retain state, all ordered events, deliveries and historical receipts (99.216292ms)
✔ sqlite: duplicate and idempotency conflict precede revision conflict and preserve the first receipt (83.823958ms)
✔ sqlite: malformed commits leave all four collections unchanged, even on duplicate commands (106.307917ms)
✔ sqlite: caller mutations and mutable returned snapshots cannot rewrite persisted history (110.053167ms)
✔ sqlite: work, tenant, principal, channel and conversation identifiers remain separate (125.773166ms)
✔ sqlite: event cursors are exclusive and sequence numbers are local to each work (109.661667ms)
✔ sqlite: runnable respects exact deadline, obligation, tool and model recovery boundaries after reopen (381.042792ms)
✔ sqlite: two separate processes race on revision with exactly one atomic winning commit (157.882ms)
✔ sqlite: two separate processes race on same-command with exactly one atomic winning commit (139.094417ms)
✔ sqlite: two separate processes race on different-digest with exactly one atomic winning commit (131.787583ms)
✔ sqlite: acknowledged commit survives SIGKILL without close and reopening replays its receipt without duplicate records (269.8715ms)
✔ file-journal: one commit and reopen retain state, all ordered events, deliveries and historical receipts (245.94975ms)
✔ file-journal: duplicate and idempotency conflict precede revision conflict and preserve the first receipt (275.2895ms)
✔ file-journal: malformed commits leave all four collections unchanged, even on duplicate commands (671.445042ms)
✔ file-journal: caller mutations and mutable returned snapshots cannot rewrite persisted history (288.009125ms)
✔ file-journal: work, tenant, principal, channel and conversation identifiers remain separate (1111.528583ms)
✔ file-journal: event cursors are exclusive and sequence numbers are local to each work (238.47025ms)
✔ file-journal: runnable respects exact deadline, obligation, tool and model recovery boundaries after reopen (2514.292375ms)
✔ file-journal: two separate processes race on revision with exactly one atomic winning commit (235.84775ms)
✔ file-journal: two separate processes race on same-command with exactly one atomic winning commit (201.081959ms)
✔ file-journal: two separate processes race on different-digest with exactly one atomic winning commit (183.746708ms)
✔ file-journal: acknowledged commit survives SIGKILL without close and reopening replays its receipt without duplicate records (402.7105ms)
✔ sqlite: profile closes the opened state repository when channel initialization fails (100.727667ms)
✔ file-journal: profile closes the opened state repository when channel initialization fails (66.797583ms)
✔ sqlite/documents-simple: CLI persists backend choice across processes and prevents an accidental switch (1142.565375ms)
✔ sqlite/observations-simple: CLI persists backend choice across processes and prevents an accidental switch (1203.164708ms)
✔ file-journal/documents-simple: CLI persists backend choice across processes and prevents an accidental switch (3456.691541ms)
✔ file-journal/observations-simple: CLI persists backend choice across processes and prevents an accidental switch (3981.216959ms)
✔ legacy SQLite profile acquires metadata without losing its work or accepting a backend switch (483.964292ms)
✔ two processes choosing different backends create only one accepted profile (863.038125ms)
✔ invalid or linked profile metadata is rejected without opening a new backend (36.698416ms)
✔ one atomic commit stores state, events, outbox and idempotency receipt (126.698125ms)
✔ injected failure between state and event writes rolls back every record (68.517625ms)
✔ waiting state and wake obligation survive process termination after commit (203.713459ms)
✔ two independent processes cannot commit from the same stale revision (190.925792ms)
✔ structured planner accepts one strict JSON proposal and forwards identity, options and source-boundary instructions once (2.745416ms)
✔ configuration and request snapshots cannot be rewritten by caller or transport mutation (0.448125ms)
✔ input estimation includes the exact transport request and schema without invoking the transport or claiming measured usage (0.349625ms)
✔ input estimation uses the same policy and size gates as transport requests (0.563417ms)
✔ finish reasons remain distinct and never expose provider failure content or run hidden retries (0.853625ms)
✔ invalid JSON, schema, response fields and missing proposal fail without repair calls (1.022542ms)
✔ usage omission is unknown rather than zero; only independently valid safe integer fields survive invalid envelopes (1.00425ms)
✔ provider and model identity mismatch cannot masquerade as the configured adapter (0.199959ms)
✔ missing options, denied destinations and unauthorized tool schemas never reach the transport (0.677792ms)
✔ request and response limits use UTF-8 bytes and preserve valid usage on oversized responses (0.300167ms)
✔ transport exceptions become fixed errors with unknown usage and no implicit retry (0.1655ms)
✔ pre-call cancellation has no transport effect; late cancellation preserves returned usage without accepting a proposal (0.201458ms)
✔ abort-related transport rejection is cancellation with unmeasured usage (0.137959ms)
✔ invalid configurations fail with a fixed message before transport registration (0.126083ms)
✔ structured transport rejects incomplete observation pairs and reference bodies before invocation (1.025791ms)
✔ sqlite: broker rechecks source knowledge after a real reuse lookup misses (136.914625ms)
✔ sqlite: legacy attempt rejects a destination replacement during beforeInvoke (92.433ms)
✔ sqlite: legacy attempt rejects a labels replacement during beforeInvoke (94.715958ms)
✔ sqlite: legacy attempt rejects a effect replacement during beforeInvoke (98.074041ms)
✔ sqlite: legacy attempt rejects a destination replacement during reuse (169.022417ms)
✔ sqlite: legacy attempt rejects a labels replacement during reuse (144.07925ms)
✔ sqlite: legacy attempt rejects a effect replacement during reuse (102.942208ms)
✔ sqlite: an unchanged legacy attempt invokes once after asynchronous guards and a reuse miss (119.7175ms)
✔ file-journal: broker rechecks source knowledge after a real reuse lookup misses (580.148ms)
✔ file-journal: legacy attempt rejects a destination replacement during beforeInvoke (462.352167ms)
✔ file-journal: legacy attempt rejects a labels replacement during beforeInvoke (425.379292ms)
✔ file-journal: legacy attempt rejects a effect replacement during beforeInvoke (342.016583ms)
✔ file-journal: legacy attempt rejects a destination replacement during reuse (467.083125ms)
✔ file-journal: legacy attempt rejects a labels replacement during reuse (419.994625ms)
✔ file-journal: legacy attempt rejects a effect replacement during reuse (372.487375ms)
✔ file-journal: an unchanged legacy attempt invokes once after asynchronous guards and a reuse miss (354.145625ms)
✔ provider pages become visible in one publication and keep unrelated providers (14.994541ms)
✔ only a complete empty provider listing retires that provider (4.899084ms)
✔ provider partial transport failure preserves the previously published snapshot (3.587459ms)
✔ provider mixed provider revisions preserves the previously published snapshot (3.5005ms)
✔ provider cross-page duplicate preserves the previously published snapshot (2.865208ms)
✔ provider pagination cycle preserves the previously published snapshot (2.324125ms)
✔ provider wrong provider namespace preserves the previously published snapshot (2.966834ms)
✔ provider invalid namespace definition preserves the previously published snapshot (2.769625ms)
✔ provider invalid JSON schema preserves the previously published snapshot (3.262542ms)
✔ provider missing completeness cursor preserves the previously published snapshot (2.407459ms)
✔ provider undeclared partial flag preserves the previously published snapshot (2.58875ms)
✔ provider page bound preserves the previously published snapshot (2.593042ms)
✔ provider tool bound preserves the previously published snapshot (2.104375ms)
✔ provider definition byte bound preserves the previously published snapshot (2.62975ms)
✔ provider pre-cancellation makes no listing call (2.046542ms)
✔ provider abort ends an ignored-signal wait and late listing cannot publish (2.602792ms)
✔ provider abort during schema compilation still prevents publication (2.309292ms)
✔ concurrent same-provider refresh refuses an older listing after a newer publication (2.502166ms)
✔ concurrent unrelated provider refreshes both publish without reverting each other (2.47025ms)
✔ provider staging snapshots metadata and callbacks before awaiting another page (2.513042ms)
✔ catalog cursor pages reach every permitted result after 20 without duplicate or missing cards (14.661167ms)
✔ catalog cursor replay returns the same cards while allowing a smaller per-page item limit (8.248834ms)
✔ catalog cursor is bound to current query (11.004334ms)
✔ catalog cursor is bound to current tenant (7.254458ms)
✔ catalog cursor is bound to current principal (6.355208ms)
✔ catalog cursor is bound to current tools (6.552625ms)
✔ catalog cursor is bound to current labels (6.114583ms)
✔ catalog cursor is bound to current destinations (5.916833ms)
✔ catalog cursor is bound to current writes (5.17275ms)
✔ catalog cursor rejects unpublished, stale, and restarted lookup state (9.988792ms)
✔ catalog cursor expires by injected clock and bounded index eviction requires a fresh search (7.1755ms)
✔ catalog applies permissions before rank, total page size, and hasMore (6.246041ms)
✔ catalog page budgets count Unicode and the entire response envelope (2.721875ms)
✔ catalog rejects invalid bounds and keeps punctuation-only search bounded and empty (4.13925ms)
✔ catalog reuses immutable definition digests across cursor pages and refreshes after registry replacement (9.11325ms)
✔ sqlite/documents-simple: durable reuse keeps evidence identity and charges source costs once after reopen (510.824041ms)
✔ sqlite/observations-simple: durable reuse keeps evidence identity and charges source costs once after reopen (375.7405ms)
✔ file-journal/documents-simple: durable reuse keeps evidence identity and charges source costs once after reopen (3130.615042ms)
✔ file-journal/observations-simple: durable reuse keeps evidence identity and charges source costs once after reopen (3322.954375ms)
✔ sqlite: default deny and fresh request perform actual reads, unreported adapter costs stay unknown (521.346125ms)
✔ sqlite: TTL boundary makes a new read and adoption after expiry rejects an already-stored hit (412.324709ms)
✔ sqlite: a changed principal cannot reuse a result obtained under the old policy (273.919583ms)
✔ sqlite: contract changes before dispatch fail without invoking; unrelated registry changes keep a selected contract usable (276.753166ms)
✔ sqlite: a reuse clone cannot survive source custody removal in history, copies, or context (227.48425ms)
✔ sqlite: original artifact is rechecked at the adoption commit boundary (221.482958ms)
✔ sqlite: a dispatched call without a received measurement remains unknown after reopen (109.028542ms)
✔ sqlite: unsent cancellation and legacy reservation expiry do not create unknown execution costs (154.183916ms)
✔ sqlite: emitted observation source contracts are checked even when that tool schema is not selected (304.811083ms)
✔ sqlite: registry removal while a context frame is staged prevents returning the prepared input (204.194ms)
✔ file-journal: default deny and fresh request perform actual reads, unreported adapter costs stay unknown (1818.793ms)
✔ file-journal: TTL boundary makes a new read and adoption after expiry rejects an already-stored hit (2096.027917ms)
✔ file-journal: a changed principal cannot reuse a result obtained under the old policy (970.779208ms)
✔ file-journal: contract changes before dispatch fail without invoking; unrelated registry changes keep a selected contract usable (717.243917ms)
✔ file-journal: a reuse clone cannot survive source custody removal in history, copies, or context (1405.443209ms)
✔ file-journal: original artifact is rechecked at the adoption commit boundary (732.349084ms)
✔ file-journal: a dispatched call without a received measurement remains unknown after reopen (161.985ms)
✔ file-journal: unsent cancellation and legacy reservation expiry do not create unknown execution costs (184.83825ms)
✔ file-journal: emitted observation source contracts are checked even when that tool schema is not selected (1014.06175ms)
✔ file-journal: registry removal while a context frame is staged prevents returning the prepared input (309.697709ms)
✔ adapter-supplied reuse metadata cannot claim an invocation was avoided (111.036583ms)
✔ a write tool cannot declare reuse and changing freshness changes the immutable task digest (0.694917ms)
✔ tool reuse: trusted immutable defaults reuse across task IDs while preserving exact original evidence, timing and nullable usage (36.824917ms)
✔ tool reuse: untrusted-default always misses (12.756833ms)
✔ tool reuse: untrusted-request always misses (6.929125ms)
✔ tool reuse: fresh always misses (7.100209ms)
✔ tool reuse: TTL begins at original start, expires at the exact boundary, and is rechecked before adoption (8.899333ms)
✔ tool reuse: retracted source evidence is never reused (10.829583ms)
✔ tool reuse: deleted source evidence is never reused (10.368792ms)
✔ tool reuse: restricted source evidence is never reused (8.217042ms)
✔ tool reuse: corrected source evidence is never reused (9.245875ms)
✔ tool reuse: superseded source evidence is never reused (8.025958ms)
✔ tool reuse: missing source evidence is never reused (9.474292ms)
✔ tool reuse: contract-stamp original attempt cannot establish a cache hit (6.619708ms)
✔ tool reuse: execution-proof original attempt cannot establish a cache hit (5.724084ms)
✔ tool reuse: reused original attempt cannot establish a cache hit (5.901084ms)
✔ tool reuse: not-invoked original attempt cannot establish a cache hit (5.829792ms)
✔ tool reuse: partial original attempt cannot establish a cache hit (6.059958ms)
✔ tool reuse: unknown original attempt cannot establish a cache hit (5.5965ms)
✔ tool reuse: unadopted original attempt cannot establish a cache hit (6.437958ms)
✔ tool reuse: future original attempt cannot establish a cache hit (5.172291ms)
✔ tool reuse: full goal context changes invalidate the old key (6.178042ms)
✔ tool reuse: full goal-revision context changes invalidate the old key (5.345708ms)
✔ tool reuse: full scope context changes invalidate the old key (5.733708ms)
✔ tool reuse: full owner context changes invalidate the old key (6.067ms)
✔ tool reuse: full labels context changes invalidate the old key (7.759959ms)
✔ tool reuse: full permission context changes invalidate the old key (6.71375ms)
✔ tool reuse: changed immutable sourceVersion or schema under the same tool version invalidates pinned contracts (10.237375ms)
✔ tool reuse: a different canonical input under the same trusted definition is a cache miss (5.994875ms)
✔ tool reuse: parent retraction invalidates an unchanged derived evidence payload (8.926666ms)
✔ tool reuse: missing or damaged original bytes and oversized results are conservative misses (12.760834ms)
✔ tool reuse: a partial canonical result is not an original complete observation (6.664041ms)
✔ tool reuse: a cursor canonical result is not an original complete observation (6.298833ms)
✔ tool reuse: a reused canonical result is not an original complete observation (7.153084ms)
✔ tool reuse: a identity canonical result is not an original complete observation (7.276ms)
✔ tool reuse: forged payloads, evidence timing, consumer identity, source stamps and accounting reports fail validation (9.80925ms)
✔ tool reuse: current source knowledge must validate and travels with the reused result (7.509375ms)
✔ tool reuse: source authority changes while canonical receipt lookup waits prevent a stale hit (5.506416ms)
✔ tool reuse: find-remove during the final state read invalidates the registry pin (6.439291ms)
✔ tool reuse: validate-source-version during the final state read invalidates the registry pin (10.05225ms)
✔ tool reuse: validate-labels during the final state read invalidates the registry pin (8.199583ms)
✔ sqlite/documents-simple: SIGKILL at before-execution resumes from reopened stores with 1 source call(s) and one result send (890.720333ms)
✔ sqlite/documents-simple: SIGKILL at response-before-store resumes from reopened stores with 2 source call(s) and one result send (966.693834ms)
✔ sqlite/documents-simple: SIGKILL at response-stored resumes from reopened stores with 1 source call(s) and one result send (862.09175ms)
✔ sqlite/documents-simple: SIGKILL at receiver-committed resumes from reopened stores with 1 source call(s) and one result send (1007.75225ms)
✔ sqlite/observations-simple: SIGKILL at before-execution resumes from reopened stores with 1 source call(s) and one result send (896.880791ms)
✔ sqlite/observations-simple: SIGKILL at response-before-store resumes from reopened stores with 2 source call(s) and one result send (955.249334ms)
✔ sqlite/observations-simple: SIGKILL at response-stored resumes from reopened stores with 1 source call(s) and one result send (896.686917ms)
✔ sqlite/observations-simple: SIGKILL at receiver-committed resumes from reopened stores with 1 source call(s) and one result send (957.903833ms)
✔ sqlite: SIGKILL after a synthetic write effect but before response storage preserves unknown and never repeats the write or claims completion (665.03925ms)
✔ file-journal/documents-simple: SIGKILL at before-execution resumes from reopened stores with 1 source call(s) and one result send (3725.807541ms)
✔ file-journal/documents-simple: SIGKILL at response-before-store resumes from reopened stores with 2 source call(s) and one result send (2433.585416ms)
✔ file-journal/documents-simple: SIGKILL at response-stored resumes from reopened stores with 1 source call(s) and one result send (1687.600375ms)
✔ file-journal/documents-simple: SIGKILL at receiver-committed resumes from reopened stores with 1 source call(s) and one result send (1244.610458ms)
✔ file-journal/observations-simple: SIGKILL at before-execution resumes from reopened stores with 1 source call(s) and one result send (1023.535125ms)
✔ file-journal/observations-simple: SIGKILL at response-before-store resumes from reopened stores with 2 source call(s) and one result send (747.144541ms)
✔ file-journal/observations-simple: SIGKILL at response-stored resumes from reopened stores with 1 source call(s) and one result send (666.11975ms)
✔ file-journal/observations-simple: SIGKILL at receiver-committed resumes from reopened stores with 1 source call(s) and one result send (674.55075ms)
✔ file-journal: SIGKILL after a synthetic write effect but before response storage preserves unknown and never repeats the write or claims completion (599.431458ms)
✔ documents-simple: restarted workflow adopts a stored model response and reaches delivered completion without another planner call (49.601708ms)
✔ observations-simple: restarted workflow adopts a stored model response and reaches delivered completion without another planner call (17.1645ms)
✔ an unknown result delivery causes bounded waiting and only one receipt lookup on the next explicit run (16.307958ms)
✔ a workflow without a planner returns a planning requirement and does not create an inferred plan (5.720416ms)
✔ workflow entry requires the full persisted execution policy rather than a narrower read-only view (4.035583ms)
✔ user cancellation between workflow steps preserves terminal state and cancels an unsent model reservation (7.906833ms)
✔ scoped actors cannot enter execution even when their current limits equal the work policy (3.761334ms)
✔ final checkpoint cannot report old completion when a goal change arrives during checkpoint storage (12.203917ms)
✔ workspace: missing or denying memory validators block file operations before workspace I/O (223.436333ms)
✔ workspace: stage rechecks memory custody after its asynchronous I/O (202.489834ms)
✔ workspace: read rechecks memory custody after its asynchronous I/O (209.105792ms)
✔ workspace: checkpoint rechecks memory custody after its asynchronous I/O (222.833375ms)
✔ workspace: restore rechecks memory custody after its asynchronous I/O (197.255625ms)
✔ workspace: cleanup rechecks memory custody after its asynchronous I/O (246.38725ms)
✔ workspace: sqlite checkpoint and byte-for-byte restore survive new state, artifact and workspace instances (440.408417ms)
✔ workspace: file-journal checkpoint and byte-for-byte restore survive new state, artifact and workspace instances (833.897ms)
✔ workspace: identical paths are isolated by both work and attempt and ownership is checked before file access (296.717375ms)
✔ workspace: traversal, absolute, ambiguous and platform-specific paths cannot be staged (65.097542ms)
✔ workspace: repeated identical staging is idempotent and different content cannot overwrite it (148.328417ms)
✔ workspace: caller mutations after starting stage cannot change the bytes being staged (101.173625ms)
✔ workspace: two processes cannot overwrite the same staged path with different bytes (174.416ms)
✔ workspace: artifact saved during a state change remains uncommitted and cannot replace the authoritative revision (151.33625ms)
✔ workspace: narrower actor grants never replace the stored work policy during checkpoint commit (151.319125ms)
✔ workspace: policy change during file read prevents returning previously read bytes (101.188959ms)
✔ workspace: generation change during file read prevents returning previously read bytes (110.706542ms)
✔ workspace: policy change during staging prevents a successful stale response and preserves the local file (120.128792ms)
✔ workspace: generation change during staging prevents a successful stale response and preserves the local file (99.058958ms)
✔ workspace: generation changes block even source-free checkpoints and preserve their staged files (192.026959ms)
✔ workspace: restricted is checked when restoring a checkpoint even without a generation change (240.6135ms)
✔ workspace: deleted is checked when restoring a checkpoint even without a generation change (247.54175ms)
✔ workspace: labels is checked when restoring a checkpoint even without a generation change (249.308625ms)
✔ workspace: artifact is checked when restoring a checkpoint even without a generation change (244.289291ms)
✔ workspace: lifecycle changes during artifact restore prevent files from being staged (240.681458ms)
✔ workspace: cleanup preserves files while active (122.966916ms)
✔ workspace: cleanup preserves files while unknown (177.047875ms)
✔ workspace: cleanup preserves files while obligation (135.627709ms)
✔ workspace: cleanup preserves files while uncheckpointed (79.417541ms)
✔ workspace: a file staged after cleanup inspection causes manifest conflict and remains preserved (192.982916ms)
✔ workspace: missing checkpoint content prevents cleanup of the surviving staged file (223.61475ms)
✔ workspace: a remaining lock is never stolen by staging or cleanup (183.024542ms)
✔ workspace: symlink files and replaced roots are rejected instead of reading or overwriting them (56.835125ms)
✔ workspace: content corruption and configured byte or file capacity limits fail without silent truncation (177.495167ms)
ℹ tests 842
ℹ suites 0
ℹ pass 842
ℹ fail 0
ℹ cancelled 0
ℹ skipped 0
ℹ todo 0
ℹ duration_ms 53427.537458

> long-horizon-runtime@0.1.0 typecheck:core
> tsc -p tsconfig.core.json


> long-horizon-runtime@0.1.0 check:architecture
> node scripts/check-architecture.mjs

{"inspected":64,"failures":[]}

> long-horizon-runtime@0.1.0 fixtures
> node dist/presentation/fixtures.js

{
  "createdAt": "2026-09-05T12:20:49.798Z",
  "node": "v24.20.0",
  "evaluation": "deterministic_contract_baseline",
  "passed": true,
  "scenarios": 4,
  "checkpoints": 22,
  "elapsedMs": 6.867291000000002,
  "actualModelCalls": 0,
  "actualToolCalls": 0,
  "actualTokenUsage": null,
  "results": [
    {
      "id": "documents-complex",
      "checks": 9,
      "passed": true
    },
    {
      "id": "documents-simple",
      "checks": 3,
      "passed": true
    },
    {
      "id": "observations-complex",
      "checks": 7,
      "passed": true
    },
    {
      "id": "observations-simple",
      "checks": 3,
      "passed": true
    }
  ]
}
