
> long-horizon-runtime@0.1.0 verify
> npm test && npm run typecheck:core && npm run check:architecture && npm run fixtures


> long-horizon-runtime@0.1.0 test
> npm run build && node --test dist/tests/*.test.js


> long-horizon-runtime@0.1.0 build
> tsc -p tsconfig.json

✔ content, metadata and permissions survive artifact store restart (35.25425ms)
✔ same bytes under different tenant/labels never share an accessible reference (144.094916ms)
✔ corrupt bytes, missing originals, path traversal and symlink substitution are rejected (60.311416ms)
✔ artifact stored before failed state commit is reused after reopening, without dangling references (145.088958ms)
✔ execution intent and unadopted result persist independently of evidence acceptance (180.621292ms)
✔ CLI resumes across processes, keeps conversation/work identities and separates disconnect, pause and cancel (3763.639708ms)
✔ CLI human output is reception plus result, with no internal events or ANSI: documents-simple (889.412916ms)
✔ CLI human output is reception plus result, with no internal events or ANSI: observations-simple (896.500917ms)
✔ CLI goal changes require an explicit revision and failures have no success JSON on stdout (1039.283084ms)
✔ CLI checkpoint is a derived reference and an old resume file does not reverse a paused work (2333.062167ms)
✔ context compiler sqlite/documents-complex: five published working sets retain counterevidence and rediscover an early original (1912.519042ms)
✔ context compiler sqlite/observations-complex: five published working sets retain counterevidence and rediscover an early original (1727.726542ms)
✔ context compiler file-journal/documents-complex: five published working sets retain counterevidence and rediscover an early original (9964.068791ms)
✔ context compiler file-journal/observations-complex: five published working sets retain counterevidence and rediscover an early original (8762.59725ms)
✔ context compiler sqlite: five compactions preserve canonical unknown effect and timed response obligations (419.845791ms)
✔ context compiler file-journal: five compactions preserve canonical unknown effect and timed response obligations (2157.043792ms)
✔ context compiler sqlite: selected schemas reduce the actual structured transport request and preserve precise byte accounting (160.009917ms)
ℹ {"backend":"sqlite","baselinePacketBytes":4451,"baselineToolBytes":516361,"packetBytes":2222,"toolBytes":33501,"envelopeBytes":35801,"requestBytes":40249,"selectedToolCount":13,"catalogTotal":81}
✔ context compiler file-journal: selected schemas reduce the actual structured transport request and preserve precise byte accounting (335.980917ms)
ℹ {"backend":"file-journal","baselinePacketBytes":4451,"baselineToolBytes":516361,"packetBytes":2222,"toolBytes":33501,"envelopeBytes":35801,"requestBytes":40249,"selectedToolCount":13,"catalogTotal":81}
✔ context compiler sqlite: an oversized mandatory goal fails before candidate storage or transport (141.862ms)
✔ context compiler file-journal: an oversized mandatory goal fails before candidate storage or transport (164.701708ms)
✔ context copy: a canonical two-level invocation copy cannot restore guidance body after its catalog version is replaced (59.640458ms)
✔ context copy: two nested call results stop exposing a tool body when original tool permission is revoked (32.127958ms)
✔ context dispatch sqlite: persisted reservation does not send removed registration (330.388ms)
✔ context dispatch sqlite: persisted reservation does not send replacement version (285.912541ms)
✔ context dispatch sqlite: persisted reservation does not send changed input schema under the same ID and version (362.663209ms)
✔ context dispatch sqlite: persisted reservation does not send changed allowed labels under the same ID and version (330.773541ms)
✔ context dispatch sqlite: persisted reservation does not send changed allowed destination under the same ID and version (304.165625ms)
✔ context dispatch file-journal: persisted reservation does not send removed registration (954.58475ms)
✔ context dispatch file-journal: persisted reservation does not send replacement version (799.458084ms)
✔ context dispatch file-journal: persisted reservation does not send changed input schema under the same ID and version (870.845625ms)
✔ context dispatch file-journal: persisted reservation does not send changed allowed labels under the same ID and version (896.75625ms)
✔ context dispatch file-journal: persisted reservation does not send changed allowed destination under the same ID and version (859.168541ms)
✔ context dispatch sqlite: persisted guidance required-rules change is checked before transport (444.915834ms)
✔ context dispatch sqlite: persisted guidance version change is checked before transport (440.412875ms)
✔ context dispatch file-journal: persisted guidance required-rules change is checked before transport (1459.906041ms)
✔ context dispatch file-journal: persisted guidance version change is checked before transport (1467.523542ms)
✔ context dispatch sqlite: unchanged tool and trusted guidance contracts resume the stored request once (410.964458ms)
✔ context dispatch file-journal: unchanged tool and trusted guidance contracts resume the stored request once (1564.890542ms)
✔ context guidance: trusted required rules, exact version and hash survive published body eviction (48.203041ms)
✔ context guidance: a manifest without required rules keeps the full original and fails a smaller input budget (21.311958ms)
✔ context guidance: result-provided rules cannot replace an absent trusted manifest rule set (13.242ms)
✔ context guidance: current label revocation prevents a previously published original from reappearing (13.167625ms)
✔ context guidance: a missing original cannot be recovered from its copied tool result or prior frame (13.717209ms)
✔ context guidance: replacing the catalog version does not expose the superseded loaded body (16.303334ms)
✔ context guidance: replacing trusted bytes under the same version rejects the old manifest and body (6.551583ms)
✔ context guidance: a stored result with a mismatched attemptId is rejected (6.466583ms)
✔ context guidance: a stored result with a mismatched resultId is rejected (6.722166ms)
✔ context guidance: the actual dispatch receipt must match the adopted attempt task digest (6.6685ms)
✔ sqlite/model_call_reserved: publishing requires the derived blob, later loss permits commits and regeneration while original loss blocks both (208.142042ms)
✔ sqlite/context_compacted: publishing requires the derived blob, later loss permits commits and regeneration while original loss blocks both (185.699208ms)
✔ sqlite: publishing detects a context head reference conflict before committing (200.991542ms)
✔ sqlite: a blocked context candidate cannot be newly published even when its bytes remain (172.719125ms)
✔ sqlite/retract: lifecycle retires the context head and access removal also blocks its retained artifact (201.114167ms)
✔ sqlite/correct: lifecycle retires the context head and access removal also blocks its retained artifact (198.911458ms)
✔ sqlite/restrict: lifecycle retires the context head and access removal also blocks its retained artifact (175.089667ms)
✔ sqlite/delete: lifecycle retires the context head and access removal also blocks its retained artifact (262.818959ms)
✔ sqlite/dependency_changed: lifecycle retires the context head and access removal also blocks its retained artifact (203.373375ms)
✔ file-journal/model_call_reserved: publishing requires the derived blob, later loss permits commits and regeneration while original loss blocks both (651.903334ms)
✔ file-journal/context_compacted: publishing requires the derived blob, later loss permits commits and regeneration while original loss blocks both (615.555709ms)
✔ file-journal: publishing detects a context head reference conflict before committing (178.586542ms)
✔ file-journal: a blocked context candidate cannot be newly published even when its bytes remain (163.296667ms)
✔ file-journal/retract: lifecycle retires the context head and access removal also blocks its retained artifact (355.785791ms)
✔ file-journal/correct: lifecycle retires the context head and access removal also blocks its retained artifact (364.222708ms)
✔ file-journal/restrict: lifecycle retires the context head and access removal also blocks its retained artifact (374.736959ms)
✔ file-journal/delete: lifecycle retires the context head and access removal also blocks its retained artifact (391.075084ms)
✔ file-journal/dependency_changed: lifecycle retires the context head and access removal also blocks its retained artifact (361.798125ms)
✔ sqlite: source deletion during the context head exists check prevents reservation and head publication (380.344125ms)
✔ sqlite: source deletion inside repository commit retires the published head and cancels the model reservation before returning (448.972166ms)
✔ sqlite: losing the prior frame does not turn an old catalog request into a conflict with the current task version (517.367083ms)
✔ file-journal: source deletion during the context head exists check prevents reservation and head publication (5638.458333ms)
✔ file-journal: source deletion inside repository commit retires the published head and cancels the model reservation before returning (5807.827583ms)
✔ file-journal: losing the prior frame does not turn an old catalog request into a conflict with the current task version (1720.065667ms)
✔ required full and reference information survives optional content pressure (5.311583ms)
✔ a full value cheaper than its required reference satisfies the minimum without overflow (0.915208ms)
✔ a required reference cap rejects contradictory bounds and never substitutes a cheaper full payload (0.991167ms)
✔ optional reference caps consume only reference bytes and remain omitted when that representation does not fit (0.752334ms)
✔ a reference cap overrides full residency and new use without counting references as full reloads (2.772416ms)
✔ high and low watermarks retain compact mode until the lower boundary is crossed (0.184875ms)
✔ mere inclusion is not actual use and an idle full value does not automatically reload (0.844042ms)
✔ a new actual use marker refreshes usage and reloads the same digest once (0.551917ms)
✔ minimum residency delays idle eviction for two cycles while the hard budget still wins (0.379417ms)
✔ five changing working sets preserve old counterevidence, pending and unknown references (1.256292ms)
✔ removed authority and changed digests cannot be revived by resident or use history (0.673584ms)
✔ decisions are stable by minimum, priority, real use, recency, residence and key (0.210667ms)
✔ recently evicted content waits through cooldown unless actual use or a minimum requires it (0.3885ms)
✔ memo storage is bounded and prioritizes selected residents without changing decisions (0.986959ms)
✔ inputs and previous memo stay immutable and byte sums match selected representations (0.455292ms)
✔ duplicate keys, malformed items, invalid budgets and inconsistent memo are rejected (1.206375ms)
✔ context store stages an immutable frame without publishing it and reads the installed basis N from revision N+1 (91.304ms)
✔ context store sqlite: derived frame and installed head survive separate reopened instances (103.38125ms)
✔ context store file-journal: derived frame and installed head survive separate reopened instances (361.015417ms)
✔ context store regenerates a missing derived frame without editing the authoritative head (73.977625ms)
✔ context store regenerates a corrupt derived frame without editing the authoritative head (75.995917ms)
✔ context store regenerates a invalid-json derived frame without editing the authoritative head (98.280166ms)
✔ context store regenerates a invalid-schema derived frame without editing the authoritative head (102.854666ms)
✔ context store excludes a foreign-work previous head or frame (70.02475ms)
✔ context store excludes a foreign-tenant previous head or frame (79.393458ms)
✔ context store excludes a cycle previous head or frame (60.883875ms)
✔ context store excludes a basis previous head or frame (51.927583ms)
✔ context store excludes a unpublished previous head or frame (77.583208ms)
✔ context store excludes a policy previous head or frame (23.532417ms)
✔ context store excludes a goal previous head or frame (54.994167ms)
✔ context store excludes a generation previous head or frame (78.5115ms)
✔ context store excludes a blocked previous head or frame (78.115792ms)
✔ context store excludes a underlabelled previous head or frame (93.933583ms)
✔ context store checks stale frame basis and forbidden packet policy before writing any candidate (6.766375ms)
✔ context store previous rejects goal changes during artifact I/O (74.535875ms)
✔ context store previous rejects policy changes during artifact I/O (55.674458ms)
✔ context store previous rejects generation changes during artifact I/O (65.298291ms)
✔ context store previous rejects source changes during artifact I/O (85.922708ms)
✔ context store put rejects goal changes during artifact I/O (71.73775ms)
✔ context store put rejects policy changes during artifact I/O (63.979ms)
✔ context store put rejects generation changes during artifact I/O (62.800167ms)
✔ context store put rejects source changes during artifact I/O (55.823666ms)
✔ context store readback rejects goal changes during artifact I/O (62.405875ms)
✔ context store readback rejects policy changes during artifact I/O (70.906375ms)
✔ context store readback rejects generation changes during artifact I/O (68.099458ms)
✔ context store readback rejects source changes during artifact I/O (64.583625ms)
✔ context store never turns state or source failure during a missing-frame read into successful regeneration (77.943167ms)
✔ context store refuses unavailable knowledge even when there is no previous head (10.209625ms)
✔ context store leaves the previous head intact when candidate storage fails (70.818292ms)
✔ context store rejects a relabelled put receipt or altered readback bytes and never publishes a head (64.051667ms)
✔ context store applies byte limits before writing or loading a derived frame (61.000125ms)
✔ canonical state has explicit nulls, bounded revisions and no provider/SQL objects (2.085125ms)
✔ goal validation cannot silently drop unknown authorization fields or empty completion rules (0.117958ms)
✔ partial result is distinct from complete result and API errors are not evidence of absence (0.518125ms)
✔ plan and context explicitly bind state and goal revisions (1.27ms)
✔ invalid provider content is not included in validation error text (0.113625ms)
✔ a late counterexample prevents a previously delivered answer from being displayed as the current result (614.405917ms)
✔ a public snapshot retries a goal change during artifact verification (654.284583ms)
✔ conversation view keeps message selection and public status on the same revision (667.700292ms)
✔ cancelled work displays its status rather than its historical delivered result (659.9975ms)
✔ request acceptance is atomic, duplicate input is stable and each conversation can bind several works (18.727625ms)
✔ failed acceptance commit creates neither a work nor a reception acknowledgment (94.396958ms)
✔ analysis, response preparation, delivery and completion are distinct; retransmission never collects evidence again (20.062333ms)
✔ analysis-only completion does not pretend that its result was prepared or delivered (6.799375ms)
✔ pending questions are grouped once and resolving a question cannot waive required result delivery (5.374792ms)
✔ independent dispatchers claim once and receipt reconciliation after restart does not send again (91.831708ms)
✔ ambiguous delivery with no idempotency stays unknown, including repeated and timed-out lookup (11.2625ms)
✔ idempotent absent receipt permits only a bounded later retry and permanent failure stays visible (3.953375ms)
✔ goal before delivery prevents an obsolete or unauthorized result from being sent (5.383708ms)
✔ cancel before delivery prevents an obsolete or unauthorized result from being sent (4.472042ms)
✔ labels before delivery prevents an obsolete or unauthorized result from being sent (4.8265ms)
✔ destination before delivery prevents an obsolete or unauthorized result from being sent (4.261625ms)
✔ pause preserves pending delivery and resume can complete it without another source call (6.062708ms)
✔ late confirmed delivery is historical and cannot satisfy a revised goal (4.853709ms)
✔ an uncertain old-goal delivery retains its uncertainty when superseded by a new goal (5.258667ms)
✔ SIGKILL between channel commit and outbox settlement recovers from two reopened databases without another send (292.353916ms)
✔ a never-dispatched response can be prepared after permission restoration, and large questions retain their full artifact (12.044625ms)
✔ sqlite/documents-simple: delete blocks derived copies and pending result; restart preserves tombstone and cancellation works after bytes are absent (527.44525ms)
✔ sqlite/observations-simple: delete blocks derived copies and pending result; restart preserves tombstone and cancellation works after bytes are absent (613.983875ms)
✔ file-journal/documents-simple: delete blocks derived copies and pending result; restart preserves tombstone and cancellation works after bytes are absent (2266.082083ms)
✔ file-journal/observations-simple: delete blocks derived copies and pending result; restart preserves tombstone and cancellation works after bytes are absent (2293.926667ms)
✔ sqlite: lifecycle ownership, concurrent generation and command identity are enforced (271.617375ms)
✔ sqlite: a question prepared before access removal is superseded without sending its text (370.154625ms)
✔ sqlite: data removal preserves an already dispatched write as an unresolved effect (274.643458ms)
✔ sqlite: tool reply is revalidated after lifecycle change during artifact storage (257.923042ms)
✔ sqlite: model reply is revalidated after lifecycle change during artifact storage (334.281959ms)
✔ sqlite: validity retraction allows labelled historical inspection and correction uses a new immutable evidence ID (219.383333ms)
✔ sqlite: a stored core.calls.get copy cannot expose deleted source content (294.205875ms)
✔ sqlite: evidence read rechecks a lifecycle change during artifact I/O (242.199541ms)
✔ sqlite: original read rechecks a lifecycle change during artifact I/O (175.458417ms)
✔ sqlite: result read rechecks a lifecycle change during artifact I/O (187.804291ms)
✔ sqlite: old dispatched tool reply after deletion is stored only as a sanitized failure (207.530917ms)
✔ sqlite: late model reply after deletion retains measured usage without retaining forbidden proposal text (396.396458ms)
✔ file-journal: lifecycle ownership, concurrent generation and command identity are enforced (1093.384583ms)
✔ file-journal: a question prepared before access removal is superseded without sending its text (1573.972708ms)
✔ file-journal: data removal preserves an already dispatched write as an unresolved effect (976.894334ms)
✔ file-journal: tool reply is revalidated after lifecycle change during artifact storage (849.1695ms)
✔ file-journal: model reply is revalidated after lifecycle change during artifact storage (968.720459ms)
✔ file-journal: validity retraction allows labelled historical inspection and correction uses a new immutable evidence ID (992.799875ms)
✔ file-journal: a stored core.calls.get copy cannot expose deleted source content (1574.405667ms)
✔ file-journal: evidence read rechecks a lifecycle change during artifact I/O (727.31875ms)
✔ file-journal: original read rechecks a lifecycle change during artifact I/O (637.453958ms)
✔ file-journal: result read rechecks a lifecycle change during artifact I/O (498.767ms)
✔ file-journal: old dispatched tool reply after deletion is stored only as a sanitized failure (576.69275ms)
✔ file-journal: late model reply after deletion retains measured usage without retaining forbidden proposal text (860.167917ms)
✔ inject all local ports without a database or channel SDK: documents-simple (5.755125ms)
✔ inject all local ports without a database or channel SDK: observations-simple (0.541458ms)
✔ scripted planner honors cancellation and cannot mutate caller state (0.294583ms)
✔ fake sink exposes delivery uncertainty and deduplicates only matching content (0.105291ms)
✔ forgotten evidence is rediscovered by ID, source, locator or facts without returning fact bodies (22.996792ms)
✔ hidden, retracted, superseded and parent-retracted evidence never contributes cards or hasMore (8.7635ms)
✔ Korean NFC and NFD clues and English case variants find the same current evidence (5.952458ms)
✔ the evidence discovery tool preserves bounded current-card and partial-call semantics (5.229542ms)
✔ locator truncation preserves the exact evidence ID and reports partial coverage without inventing more matches (5.188417ms)
✔ different owners, tenants and narrower caller labels cannot inspect evidence discovery cards (5.637333ms)
✔ retained knowledge failure at validation 1 blocks cards before return (7.689458ms)
✔ retained knowledge failure at validation 2 blocks cards before return (7.891292ms)
✔ a work retaining knowledge cannot discover derived evidence without its current validator (7.340416ms)
✔ a goal change while the final source-state read waits prevents returning earlier-scope cards (6.130292ms)
✔ caller permission narrowing during the knowledge gate is detected even without a work revision change (4.323041ms)
✔ strict discovery arguments reject extra authority, excessive query length and invalid limits (4.900125ms)
✔ instructions in source facts remain data and discovery changes no facts, goal, plan or authority (3.87425ms)
✔ pre-aborted discovery uses the common read wrapper without reading the work (4.2465ms)
✔ current and historical views enforce own access, tenant, scope and artifact labels while omitted access stays available (0.774ms)
✔ two generations of derived evidence lose current validity when an ancestor is retracted or superseded, while history stays readable (0.128291ms)
✔ ancestor restriction, deletion, missing reference or revoked labels blocks current and historical descendants (0.086583ms)
✔ a correction remains a monotonic supersession after retraction, restriction, deletion or permission loss (0.133042ms)
✔ supersession uses the full valid version chain and is independent of record ordering (0.068542ms)
✔ foreign tenant, scope, source, lineage and invalid time cannot suppress a valid original (0.086333ms)
✔ a replacement does not depend on a superseded body being current or present in a selected view (0.043208ms)
✔ cyclic, missing and ambiguous derived references fail closed without removing independent evidence (0.049541ms)
✔ deep derived chains are evaluated without recursive call-stack growth and do not become independent sources (8.638791ms)
✔ record intake accepts parents and descendants in either order and preserves caller objects (2.293416ms)
✔ record intake requires inherited labels on both derivation and replacement edges (0.453958ms)
✔ record intake requires artifact labels to cover the evidence and rejects artifacts outside policy (0.346ms)
✔ new records inherit transitive dependency labels even if a legacy intermediate record was under-labelled (0.136834ms)
✔ shared ancestry across multiple parents is not mistaken for a cycle (0.070542ms)
✔ derived intake refuses historical or inaccessible ancestors and checks validity after the whole incoming batch (0.463292ms)
✔ replacement intake permits an accessible retracted target but never an inaccessible historical target (0.191417ms)
✔ record intake rejects missing references and invalid tenant, scope, source, lineage or time on replacements (0.28875ms)
✔ record intake rejects self, indirect and mixed cycles before accepting partial lineage (0.115667ms)
✔ omitted and explicit available access are idempotently equivalent but content or access changes cannot overwrite an ID (0.481125ms)
✔ tool-result validation preserves effect, error and artifact guards while using the shared record intake (0.199375ms)
✔ sqlite: two local callers join one real execution and preserve owner, lease, deadline and one budget charge (275.927416ms)
✔ sqlite: cancelling the initiating caller and another joined caller detaches only their waits (222.496541ms)
✔ sqlite: an already aborted caller cannot create an execution (164.618042ms)
✔ sqlite: another facade observes durable running and settled states without claiming local promise ownership (263.992625ms)
✔ sqlite: a different owner and an expired reservation remain explicit waits without lease renewal or automatic recovery (113.913458ms)
✔ sqlite: reopening a dispatched write never replays it and explicit recovery retains the unknown effect obligation (241.909583ms)
✔ sqlite: reopening after a stored result reports received without executing or adopting it again (258.93175ms)
✔ sqlite: state changes during receipt lookup are reread before the facade decides to execute (79.022375ms)
✔ sqlite: a reporting read error after successful execution is shared as an error and retry only observes the durable result (194.071209ms)
✔ file-journal: two local callers join one real execution and preserve owner, lease, deadline and one budget charge (667.857ms)
✔ file-journal: cancelling the initiating caller and another joined caller detaches only their waits (743.533583ms)
✔ file-journal: an already aborted caller cannot create an execution (311.460875ms)
✔ file-journal: another facade observes durable running and settled states without claiming local promise ownership (770.683708ms)
✔ file-journal: a different owner and an expired reservation remain explicit waits without lease renewal or automatic recovery (506.633208ms)
✔ file-journal: reopening a dispatched write never replays it and explicit recovery retains the unknown effect obligation (626.521792ms)
✔ file-journal: reopening after a stored result reports received without executing or adopting it again (750.609417ms)
✔ file-journal: state changes during receipt lookup are reread before the facade decides to execute (464.237833ms)
✔ file-journal: a reporting read error after successful execution is shared as an error and retry only observes the durable result (605.029292ms)
✔ documents-simple: validated plan executes to verified completion without additional planner calls (20.253ms)
✔ observations-simple: validated plan executes to verified completion without additional planner calls (7.066041ms)
✔ invalid plans fail before budget or execution: stale, cyclic, missing deps, schema, effects, permission and IDs (4.576583ms)
✔ plan commands deduplicate after later state changes; task IDs cannot hide changed inputs (4.325167ms)
✔ discarded unexecuted task ID still cannot acquire a different contract (2.939916ms)
✔ scripted planner proposal enters the real validator and executor only when control requests a plan (4.29725ms)
✔ dependencies execute in order; partial observations require another source, not false completion (4.875458ms)
✔ empty queue is replan; wake conditions, tool budget, deadline and cancellation produce distinct controls (4.3505ms)
✔ only authorized current-goal commands mutate state; duplicate cancellation is stable (6.832375ms)
✔ competing executors cannot both reserve or replay dispatch (4.630666ms)
✔ late tool result after cancel is recorded without adopting or reversing the command (4.387292ms)
✔ late tool result after goal is recorded without adopting or reversing the command (4.444875ms)
✔ expired dispatched read has bounded retry or explicit unknown effect (3.396ms)
✔ expired dispatched write has bounded retry or explicit unknown effect (3.084291ms)
✔ invalid result identity, labels, references and output cannot become accepted evidence (22.747208ms)
✔ stored received result resumes in reopened SQLite and artifact stores without invoking tool again (198.327792ms)
✔ tool JSON schema validation compiles once, rejects unsupported schema and preserves inputs (2.76325ms)
✔ successful dependency chain follows DAG order even when task array is reversed (5.305625ms)
✔ pause before dispatch releases reservation; resume and repeated old pause do not cancel new execution (3.663041ms)
✔ tool failures retry only within attempt budget and repeated empty replans exhaust their own budget (5.790458ms)
✔ unconfirmed write is unknown and cannot satisfy the goal or be retried by a renamed task (3.58375ms)
✔ lease timeout yields even for a tool that ignores cancellation; late result cannot finish the goal (24.928375ms)
✔ permission revocation after reservation is rechecked before dispatch and durably blocks execution (3.34825ms)
✔ memory: waiting execution wakes only for expired lease or received result (8.157875ms)
✔ sqlite: waiting execution wakes only for expired lease or received result (145.005833ms)
✔ baseline documents-complex (2.5505ms)
✔ baseline documents-simple (0.259416ms)
✔ baseline observations-complex (0.401542ms)
✔ baseline observations-simple (0.11625ms)
✔ both domains use the same schema and include simple/complex baselines (0.306542ms)
✔ fixture oracle rejects missing references and duplicated evidence IDs (0.613083ms)
✔ repetition and permutation cannot create independent sources (0.141167ms)
✔ completed facts do not discharge an unrelated pending obligation (0.060709ms)
✔ invocation copies: two real canonical copies expose the still-authorized original without executing it again (34.21125ms)
✔ invocation copies: retaining only calls.get permission does not restore a revoked source tool (12.816917ms)
✔ invocation copies: current guidance version replacement blocks the copied earlier guide (18.377208ms)
✔ invocation copies: same-version manifest replacement and new guidance labels also block nested bodies (10.562916ms)
✔ invocation copies: catalog target permission is rechecked through both copies (10.617958ms)
✔ invocation copies: catalog target version is rechecked through both copies (13.506292ms)
✔ invocation copies: catalog target definition is rechecked through both copies (13.417042ms)
✔ invocation copies: a missing canonical source receipt is rejected (8.369583ms)
✔ invocation copies: a foreign-owner canonical source receipt is rejected (8.225667ms)
✔ invocation copies: a foreign-tenant canonical source receipt is rejected (7.73625ms)
✔ invocation copies: a foreign-work canonical source receipt is rejected (7.739292ms)
✔ invocation copies: a input-digest canonical source receipt is rejected (7.612417ms)
✔ invocation copies: missing source artifacts invalidate copied bodies even when copy artifacts remain readable (7.394125ms)
✔ invocation copies: a modified copied body must still equal its canonical source result (7.496584ms)
✔ invocation copies: source knowledge is validated and propagated even if an older copy omitted its dependency metadata (10.55325ms)
✔ invocation copies: permission changes during a source receipt read prevent returning the already-read copy (8.163917ms)
✔ invocation copies: a canonical input cycle is rejected before following the same receipt twice (7.511333ms)
✔ invocation copies: the 64-node source boundary accepts 63 copies and rejects one further copy (475.379708ms)
✔ sqlite: two invocation copies recheck remove registry change after source artifact read (421.164084ms)
✔ sqlite: two invocation copies recheck labels registry change after source artifact read (470.406ms)
✔ sqlite: two invocation copies recheck description registry change after source artifact read (485.925167ms)
✔ sqlite: two invocation copies recheck unrelated registry change after source artifact read (460.921416ms)
✔ sqlite: an executed third calls.get stores no private body when source is removed during its read (511.838209ms)
✔ sqlite: catalog target pin is rechecked after final asynchronous state validation (382.117958ms)
✔ sqlite: a same-version guidance manifest change cannot survive copied body verification (492.745125ms)
✔ file-journal: two invocation copies recheck remove registry change after source artifact read (2397.739292ms)
✔ file-journal: two invocation copies recheck labels registry change after source artifact read (2443.86925ms)
✔ file-journal: two invocation copies recheck description registry change after source artifact read (2402.456167ms)
✔ file-journal: two invocation copies recheck unrelated registry change after source artifact read (2398.942584ms)
✔ file-journal: an executed third calls.get stores no private body when source is removed during its read (2497.872166ms)
✔ file-journal: catalog target pin is rechecked after final asynchronous state validation (1488.927208ms)
✔ file-journal: a same-version guidance manifest change cannot survive copied body verification (1872.87575ms)
✔ file journal: exception at candidate_synced preserves the publication boundary and retry identity (261.171ms)
✔ file journal: actual SIGKILL at candidate_synced reopens a whole commit or no commit (325.746167ms)
✔ file journal: exception at published preserves the publication boundary and retry identity (188.052208ms)
✔ file journal: actual SIGKILL at published reopens a whole commit or no commit (288.683791ms)
✔ file journal: exception at directory_synced preserves the publication boundary and retry identity (239.942042ms)
✔ file journal: actual SIGKILL at directory_synced reopens a whole commit or no commit (305.870208ms)
✔ file journal: a reader and duplicate retry observe a whole published record while its writer is pending (252.660792ms)
✔ file journal: directory sync failure prevents reads and duplicate acknowledgements without rolling back publication (162.406208ms)
✔ file journal: listing retries the first record when publication follows its initial ENOENT (156.894958ms)
✔ file journal: checksum corruption blocks reads and subsequent commits without overwriting the damaged record (77.9015ms)
✔ file journal: an intact record checksum does not hide a broken previous-hash link (112.902292ms)
✔ file journal: deleting a middle revision rejects the incomplete prefix (181.743084ms)
✔ file journal: changing store identity is rejected by an open instance and by replay after reopening (90.217042ms)
✔ file journal: a missing format header does not initialize a populated store as empty (70.794875ms)
✔ file journal: existing root, work and record symlinks are rejected without following their contents (302.904584ms)
✔ file journal: group or other permissions on the root and records are rejected (168.166ms)
✔ file journal: an observed root or work directory replacement cannot reset the open repository (165.879375ms)
✔ file journal: record size limits reject both publication and oversized persisted input (158.885833ms)
✔ file journal: closed instances reject every repository operation while reopening retains data (145.681875ms)
✔ file journal: revision zero is invalid layout and cannot be silently ignored (83.100042ms)
✔ sqlite: same-work recall survives dispatch, receipt and unrelated revision bookkeeping (373.682791ms)
✔ sqlite: cross-work memory copy keeps custody across a goal change and blocks a prepared result after source deletion (778.580167ms)
✔ sqlite: source deletion after a cross-goal copied memory cancels a reserved effect before invocation (600.996709ms)
✔ sqlite: stored model input contains recalled bodies while hiding internal custody metadata (572.854ms)
✔ sqlite: reopening without a knowledge validator blocks retained originals and reserved effects (485.837709ms)
✔ sqlite: deleting another work's source while adopt commit waits quarantines the copied evidence before return (451.299083ms)
✔ file-journal: same-work recall survives dispatch, receipt and unrelated revision bookkeeping (3593.258667ms)
✔ file-journal: cross-work memory copy keeps custody across a goal change and blocks a prepared result after source deletion (10365.379542ms)
✔ file-journal: source deletion after a cross-goal copied memory cancels a reserved effect before invocation (5058.153959ms)
✔ file-journal: stored model input contains recalled bodies while hiding internal custody metadata (3226.361041ms)
✔ file-journal: reopening without a knowledge validator blocks retained originals and reserved effects (1192.705333ms)
✔ file-journal: deleting another work's source while adopt commit waits quarantines the copied evidence before return (664.886083ms)
✔ memory tools expose read cards, internal dependencies and schema-valid results (sqlite) (194.710792ms)
✔ memory tool authority intersects destination, caller and fresh trusted identity (sqlite) (185.566208ms)
✔ memory reads constrain IDs and searches to the current goal scope (sqlite) (146.526583ms)
✔ memory tools expose read cards, internal dependencies and schema-valid results (file-journal) (1975.404167ms)
✔ memory tool authority intersects destination, caller and fresh trusted identity (file-journal) (554.189333ms)
✔ memory reads constrain IDs and searches to the current goal scope (file-journal) (780.475416ms)
✔ memory tools report bounded references without bodies, including multibyte oversized references (153.748667ms)
✔ memory search distinguishes result truncation and index errors from complete absence (153.970167ms)
✔ memory tools discard a copied card when trusted-owner changes during a repository wait (160.248542ms)
✔ memory tools discard a copied card when work-owner changes during a repository wait (115.606083ms)
✔ memory tools discard a copied card when caller-labels changes during a repository wait (84.691791ms)
✔ memory tools discard a copied card when work-labels changes during a repository wait (94.453375ms)
✔ memory tools discard a copied card when goal changes during a repository wait (130.778333ms)
✔ memory tools discard a copied card when generation changes during a repository wait (196.106834ms)
✔ memory tools discard a copied card when cancel changes during a repository wait (134.735334ms)
✔ each fresh trusted actor lookup must match the work owner, including the final return check (112.906375ms)
✔ dependency validation uses current source, record and caller permissions without a stale service cache (129.392833ms)
✔ memory adapters do not mutate the caller policy and normalize invalid input and pre-abort (166.380291ms)
✔ knowledge exact lookup precedes index, Korean/English and conditional search use current sources (sqlite) (185.47275ms)
✔ knowledge exact lookup precedes index, Korean/English and conditional search use current sources (file-journal) (563.813791ms)
✔ private memory needs explicit submission and another reviewer of the exact content revision (216.144791ms)
✔ source retracted prevents direct, cached lexical and dependency reuse (183.329916ms)
✔ source restricted prevents direct, cached lexical and dependency reuse (122.539291ms)
✔ source deleted prevents direct, cached lexical and dependency reuse (154.844166ms)
✔ source corrected prevents direct, cached lexical and dependency reuse (174.32525ms)
✔ source policy prevents direct, cached lexical and dependency reuse (151.703708ms)
✔ source generation prevents direct, cached lexical and dependency reuse (112.977417ms)
✔ ancestor changes and derived memories retain source identity without inflating independent provenance (173.793875ms)
✔ review CAS prevents a reviewed draft from being silently replaced or shared after editing (147.575375ms)
✔ source or actor changes while source reads wait cannot return stale memory content (144.308708ms)
✔ a delayed candidate cache fill rechecks namespace authority before returning cards or counts (133.738458ms)
✔ index errors remain distinct from absence and rebuild never resurrects deleted or expired content (189.63925ms)
✔ SQLite reopen retains memory, review, cursor and receipts; competing writers use revision CAS (154.193334ms)
✔ source and knowledge stores close and reopen with reviewed memory and index intact (150.894834ms)
✔ bounded results report truncation only after current visibility filtering (144.128125ms)
✔ deletion while a repeated source check waits is noticed before returning the memory card (163.827709ms)
✔ source deletion after the second source snapshot cannot return its old card (118.515625ms)
✔ batch dependency fences notice an earlier card source changing while a later card is checked (112.153417ms)
✔ retracted memory can subsequently be deleted while preserving the revision and idempotency rules (113.943791ms)
✔ a pruned limited search stays partial when an unread matching candidate remains (165.262167ms)
✔ unrelated work revisions preserve semantic dependencies while changed source content does not (170.548083ms)
✔ dependency contracts reject forged fields, unsafe revisions, malformed hashes and duplicate references (137.10625ms)
✔ continuously changing coherent-read revisions stop after a bounded number of fences (144.076916ms)
✔ sqlite: local memory tools and workspace checkpoints remain usable after profile reopen (883.378417ms)
✔ sqlite: workspace initialization failure closes state, channel and knowledge stores (195.501792ms)
✔ file-journal: local memory tools and workspace checkpoints remain usable after profile reopen (5695.7165ms)
✔ file-journal: workspace initialization failure closes state, channel and knowledge stores (143.732875ms)
✔ composition without optional memory or workspace keeps the prior tool configuration usable (194.199792ms)
✔ profile close still closes databases after a workspace close failure (180.788791ms)
✔ cancel during input artifact read prevents transport invocation and releases the known unused token reservation (20.256125ms)
✔ goal during input artifact read prevents transport invocation and releases the known unused token reservation (7.317667ms)
✔ destination during input artifact read prevents transport invocation and releases the known unused token reservation (5.21275ms)
✔ labels during input artifact read prevents transport invocation and releases the known unused token reservation (4.651292ms)
✔ cancelling an active model sends its signal, yields promptly and settles late usage once without adopting the old plan (6.223375ms)
✔ input byte limit rejects before a durable reservation or transport call (3.07625ms)
✔ token budget rejects before a durable reservation or transport call (5.986125ms)
✔ model call budget rejects before a durable reservation or transport call (2.875417ms)
✔ model context capacity and destination policy reject input without invoking the planner (5.8945ms)
✔ concurrent reservations have one winner and duplicate execution performs one dispatch and one transport call (5.847584ms)
✔ a replacement owner waits for a reserved lease, then releases it and creates a fresh intent without repeating a transport call (6.788083ms)
✔ a recovered running lease retains uncertain cost and accepts only late accounting, never its expired plan (4.149834ms)
✔ a reply without usage keeps its reservation and prevents a further model call after rejection (3.999041ms)
✔ verified facts remain visible while hypothesis review prevents response readiness and preparation (21.93625ms)
✔ reserved, running and stored model replies cannot produce a result; accepted review resumes preparation (22.84875ms)
✔ pending model work suppresses question preparation while preserving existing obligation blockers (10.7905ms)
✔ an already prepared result is withheld during review and can be prepared again after accepted model assessment (11.548542ms)
✔ documents-simple: one model plan executes to completion with usage and no extra hypothesis call (29.107875ms)
✔ observations-simple: one model plan executes to completion with usage and no extra hypothesis call (8.900458ms)
✔ late counterevidence revises the hypothesis and only the changed graph consumes a replan (33.620708ms)
✔ strict structured transport adapter feeds the same validator and execution loop without a provider SDK (6.844542ms)
✔ invalid or truncated responses cannot replace an executable plan or fabricate zero usage (4.949625ms)
✔ rejected model plans still charge exactly one call and preserve their raw response for an authorized read (6.141917ms)
✔ bookkeeping changes do not stale a response but goal and evidence changes do (9.259959ms)
✔ received model result resumes after SQLite and artifact reopen with no additional model call (365.477875ms)
✔ a new scope archives the old hypothesis in prior events and permits a fresh plan (8.067084ms)
✔ unsupported hypotheses and erased counterevidence are rejected without changing the current assessment (6.382125ms)
✔ validator feedback reaches the next model proposal and invalid plans never dispatch their tools (8.579375ms)
✔ permission revocation during reply storage preserves usage but never downgrades the model body (4.280167ms)
✔ sqlite/documents-simple: same model/tool/evidence/conversation workflow resumes on persistent state without a new model call for the stored reply (647.841792ms)
✔ sqlite/documents-complex: same model/tool/evidence/conversation workflow resumes on persistent state without a new model call for the stored reply (1359.405625ms)
✔ sqlite/observations-simple: same model/tool/evidence/conversation workflow resumes on persistent state without a new model call for the stored reply (549.82525ms)
✔ sqlite/observations-complex: same model/tool/evidence/conversation workflow resumes on persistent state without a new model call for the stored reply (1055.952166ms)
✔ file-journal/documents-simple: same model/tool/evidence/conversation workflow resumes on persistent state without a new model call for the stored reply (3573.026791ms)
✔ file-journal/documents-complex: same model/tool/evidence/conversation workflow resumes on persistent state without a new model call for the stored reply (7981.324ms)
✔ file-journal/observations-simple: same model/tool/evidence/conversation workflow resumes on persistent state without a new model call for the stored reply (1512.714833ms)
✔ file-journal/observations-complex: same model/tool/evidence/conversation workflow resumes on persistent state without a new model call for the stored reply (2542.504042ms)
✔ state-based packet retains counterevidence, obligations and original references without raw history or a state mutation (26.174292ms)
✔ old and forged packets cannot reverse a goal change, cancellation or budget (8.18975ms)
✔ separate SQLite/artifact instances reconstruct packets and regenerate missing or corrupt derived blobs (240.5585ms)
✔ missing original is reported by id and cannot be hidden by a valid prior packet (4.873833ms)
✔ reconstruction rechecks a goal change committed while the packet is being saved (4.161958ms)
✔ snapshot retries mixed state/event/outbox revisions and rejects broken event history (3.282167ms)
✔ untrusted packet dimensions, tool revision changes and a foreign work packet never authorize reuse (7.331583ms)
✔ resume requires the work owner and full runtime view; revoked history is never relabelled (4.450875ms)
✔ packet size limit refuses the whole projection without dropping obligations or writing a partial packet (3.516167ms)
✔ model context restores task attempts and budget but excludes model ledger and delivery bodies (6.798292ms)
✔ model context cannot relabel a revoked attempt result reference under the current policy (7.153666ms)
✔ model context refuses assessment references whose evidence metadata is no longer permitted (2.764083ms)
✔ catalog filters before ranking, bounds cards, separates providers and loads only an exact schema (20.60025ms)
✔ registration snapshots reject namespace/duplicates and cannot be mutated through adapters or catalog results (5.860417ms)
✔ documents-simple: discovery and selected guidance share the execution ledger without adding evidence or permissions (34.082417ms)
✔ observations-simple: discovery and selected guidance share the execution ledger without adding evidence or permissions (16.033834ms)
✔ simple direct lookup does not load optional guidance or run a hypothesis review (7.406042ms)
✔ method selection follows contradiction, independence and response needs without model calls (7.017583ms)
✔ guidance metadata/limits do not read bodies and wrong version, tenant or applicability are rejected (5.980083ms)
✔ evidence readers distinguish protected/missing, superseded and retracted records; limits preserve provenance (6.038ms)
✔ call result lookup stays historical after retraction and does not restore it to current evidence (6.702583ms)
✔ broker rejects calls without a committed dispatch or with another owner before reaching a tool (6.325667ms)
✔ in-flight output is not downgraded to a less restricted artifact when labels are revoked (6.285958ms)
✔ revocation after result storage settles without reading protected bytes or repeatedly getting stuck (6.04525ms)
✔ stored guidance and invocation results can be read after SQLite/artifact/source restart without source execution (360.742625ms)
✔ guidance source rejects altered content, path escape and symlink replacement (64.69275ms)
✔ model-facing evidence and call readers use the common budget without reexecuting a source or completing a changed goal (15.942208ms)
✔ sqlite: one commit and reopen retain state, all ordered events, deliveries and historical receipts (91.815458ms)
✔ sqlite: duplicate and idempotency conflict precede revision conflict and preserve the first receipt (100.211417ms)
✔ sqlite: malformed commits leave all four collections unchanged, even on duplicate commands (102.867792ms)
✔ sqlite: caller mutations and mutable returned snapshots cannot rewrite persisted history (97.945416ms)
✔ sqlite: work, tenant, principal, channel and conversation identifiers remain separate (106.543375ms)
✔ sqlite: event cursors are exclusive and sequence numbers are local to each work (91.027334ms)
✔ sqlite: runnable respects exact deadline, obligation, tool and model recovery boundaries after reopen (324.696833ms)
✔ sqlite: two separate processes race on revision with exactly one atomic winning commit (193.140167ms)
✔ sqlite: two separate processes race on same-command with exactly one atomic winning commit (203.8185ms)
✔ sqlite: two separate processes race on different-digest with exactly one atomic winning commit (134.771583ms)
✔ sqlite: acknowledged commit survives SIGKILL without close and reopening replays its receipt without duplicate records (256.479042ms)
✔ file-journal: one commit and reopen retain state, all ordered events, deliveries and historical receipts (241.354042ms)
✔ file-journal: duplicate and idempotency conflict precede revision conflict and preserve the first receipt (363.535584ms)
✔ file-journal: malformed commits leave all four collections unchanged, even on duplicate commands (767.626792ms)
✔ file-journal: caller mutations and mutable returned snapshots cannot rewrite persisted history (205.86325ms)
✔ file-journal: work, tenant, principal, channel and conversation identifiers remain separate (1002.804ms)
✔ file-journal: event cursors are exclusive and sequence numbers are local to each work (259.417084ms)
✔ file-journal: runnable respects exact deadline, obligation, tool and model recovery boundaries after reopen (1959.472541ms)
✔ file-journal: two separate processes race on revision with exactly one atomic winning commit (245.977583ms)
✔ file-journal: two separate processes race on same-command with exactly one atomic winning commit (217.295167ms)
✔ file-journal: two separate processes race on different-digest with exactly one atomic winning commit (182.818125ms)
✔ file-journal: acknowledged commit survives SIGKILL without close and reopening replays its receipt without duplicate records (491.898042ms)
✔ sqlite: profile closes the opened state repository when channel initialization fails (88.622041ms)
✔ file-journal: profile closes the opened state repository when channel initialization fails (70.371542ms)
✔ sqlite/documents-simple: CLI persists backend choice across processes and prevents an accidental switch (1129.032417ms)
✔ sqlite/observations-simple: CLI persists backend choice across processes and prevents an accidental switch (1143.08675ms)
✔ file-journal/documents-simple: CLI persists backend choice across processes and prevents an accidental switch (3452.896375ms)
✔ file-journal/observations-simple: CLI persists backend choice across processes and prevents an accidental switch (3507.955875ms)
✔ legacy SQLite profile acquires metadata without losing its work or accepting a backend switch (413.800667ms)
✔ two processes choosing different backends create only one accepted profile (893.825125ms)
✔ invalid or linked profile metadata is rejected without opening a new backend (35.235167ms)
✔ one atomic commit stores state, events, outbox and idempotency receipt (40.072417ms)
✔ injected failure between state and event writes rolls back every record (85.609917ms)
✔ waiting state and wake obligation survive process termination after commit (191.862167ms)
✔ two independent processes cannot commit from the same stale revision (184.03425ms)
✔ structured planner accepts one strict JSON proposal and forwards identity, options and source-boundary instructions once (2.835208ms)
✔ configuration and request snapshots cannot be rewritten by caller or transport mutation (0.404292ms)
✔ input estimation includes the exact transport request and schema without invoking the transport or claiming measured usage (0.322166ms)
✔ input estimation uses the same policy and size gates as transport requests (0.523375ms)
✔ finish reasons remain distinct and never expose provider failure content or run hidden retries (0.487834ms)
✔ invalid JSON, schema, response fields and missing proposal fail without repair calls (0.761583ms)
✔ usage omission is unknown rather than zero; only independently valid safe integer fields survive invalid envelopes (1.011417ms)
✔ provider and model identity mismatch cannot masquerade as the configured adapter (0.2105ms)
✔ missing options, denied destinations and unauthorized tool schemas never reach the transport (0.385708ms)
✔ request and response limits use UTF-8 bytes and preserve valid usage on oversized responses (0.29325ms)
✔ transport exceptions become fixed errors with unknown usage and no implicit retry (0.168666ms)
✔ pre-call cancellation has no transport effect; late cancellation preserves returned usage without accepting a proposal (0.186833ms)
✔ abort-related transport rejection is cancellation with unmeasured usage (0.116917ms)
✔ invalid configurations fail with a fixed message before transport registration (0.113875ms)
✔ structured transport rejects incomplete observation pairs and reference bodies before invocation (1.027834ms)
✔ sqlite: broker rechecks source knowledge after a real reuse lookup misses (154.983083ms)
✔ sqlite: legacy attempt rejects a destination replacement during beforeInvoke (119.829083ms)
✔ sqlite: legacy attempt rejects a labels replacement during beforeInvoke (163.566584ms)
✔ sqlite: legacy attempt rejects a effect replacement during beforeInvoke (116.007083ms)
✔ sqlite: legacy attempt rejects a destination replacement during reuse (97.993625ms)
✔ sqlite: legacy attempt rejects a labels replacement during reuse (123.623916ms)
✔ sqlite: legacy attempt rejects a effect replacement during reuse (122.468584ms)
✔ sqlite: an unchanged legacy attempt invokes once after asynchronous guards and a reuse miss (93.675542ms)
✔ file-journal: broker rechecks source knowledge after a real reuse lookup misses (530.914125ms)
✔ file-journal: legacy attempt rejects a destination replacement during beforeInvoke (447.149708ms)
✔ file-journal: legacy attempt rejects a labels replacement during beforeInvoke (500.455542ms)
✔ file-journal: legacy attempt rejects a effect replacement during beforeInvoke (451.301625ms)
✔ file-journal: legacy attempt rejects a destination replacement during reuse (417.002458ms)
✔ file-journal: legacy attempt rejects a labels replacement during reuse (404.993333ms)
✔ file-journal: legacy attempt rejects a effect replacement during reuse (303.709375ms)
✔ file-journal: an unchanged legacy attempt invokes once after asynchronous guards and a reuse miss (314.0725ms)
✔ provider pages become visible in one publication and keep unrelated providers (12.725541ms)
✔ only a complete empty provider listing retires that provider (4.750667ms)
✔ provider partial transport failure preserves the previously published snapshot (3.334958ms)
✔ provider mixed provider revisions preserves the previously published snapshot (2.903708ms)
✔ provider cross-page duplicate preserves the previously published snapshot (2.733542ms)
✔ provider pagination cycle preserves the previously published snapshot (2.238167ms)
✔ provider wrong provider namespace preserves the previously published snapshot (2.589792ms)
✔ provider invalid namespace definition preserves the previously published snapshot (2.508583ms)
✔ provider invalid JSON schema preserves the previously published snapshot (2.638958ms)
✔ provider missing completeness cursor preserves the previously published snapshot (2.386125ms)
✔ provider undeclared partial flag preserves the previously published snapshot (2.066542ms)
✔ provider page bound preserves the previously published snapshot (2.102625ms)
✔ provider tool bound preserves the previously published snapshot (1.726667ms)
✔ provider definition byte bound preserves the previously published snapshot (2.203917ms)
✔ provider pre-cancellation makes no listing call (2.313291ms)
✔ provider abort ends an ignored-signal wait and late listing cannot publish (1.988667ms)
✔ provider abort during schema compilation still prevents publication (2.329459ms)
✔ concurrent same-provider refresh refuses an older listing after a newer publication (2.408125ms)
✔ concurrent unrelated provider refreshes both publish without reverting each other (2.679583ms)
✔ provider staging snapshots metadata and callbacks before awaiting another page (2.331125ms)
✔ catalog cursor pages reach every permitted result after 20 without duplicate or missing cards (14.152708ms)
✔ catalog cursor replay returns the same cards while allowing a smaller per-page item limit (6.875417ms)
✔ catalog cursor is bound to current query (6.663917ms)
✔ catalog cursor is bound to current tenant (8.003208ms)
✔ catalog cursor is bound to current principal (6.118125ms)
✔ catalog cursor is bound to current tools (5.674833ms)
✔ catalog cursor is bound to current labels (5.278875ms)
✔ catalog cursor is bound to current destinations (5.280541ms)
✔ catalog cursor is bound to current writes (4.7895ms)
✔ catalog cursor rejects unpublished, stale, and restarted lookup state (9.083416ms)
✔ catalog cursor expires by injected clock and bounded index eviction requires a fresh search (6.1615ms)
✔ catalog applies permissions before rank, total page size, and hasMore (5.420666ms)
✔ catalog page budgets count Unicode and the entire response envelope (2.775875ms)
✔ catalog rejects invalid bounds and keeps punctuation-only search bounded and empty (3.863459ms)
✔ catalog reuses immutable definition digests across cursor pages and refreshes after registry replacement (8.398375ms)
✔ sqlite/documents-simple: durable reuse keeps evidence identity and charges source costs once after reopen (456.368541ms)
✔ sqlite/observations-simple: durable reuse keeps evidence identity and charges source costs once after reopen (466.601458ms)
✔ file-journal/documents-simple: durable reuse keeps evidence identity and charges source costs once after reopen (3010.409375ms)
✔ file-journal/observations-simple: durable reuse keeps evidence identity and charges source costs once after reopen (3111.231583ms)
✔ sqlite: default deny and fresh request perform actual reads, unreported adapter costs stay unknown (488.255459ms)
✔ sqlite: TTL boundary makes a new read and adoption after expiry rejects an already-stored hit (435.833417ms)
✔ sqlite: a changed principal cannot reuse a result obtained under the old policy (226.657042ms)
✔ sqlite: contract changes before dispatch fail without invoking; unrelated registry changes keep a selected contract usable (194.1255ms)
✔ sqlite: a reuse clone cannot survive source custody removal in history, copies, or context (210.700292ms)
✔ sqlite: original artifact is rechecked at the adoption commit boundary (212.926084ms)
✔ sqlite: a dispatched call without a received measurement remains unknown after reopen (105.133833ms)
✔ sqlite: unsent cancellation and legacy reservation expiry do not create unknown execution costs (105.216125ms)
✔ sqlite: emitted observation source contracts are checked even when that tool schema is not selected (256.523708ms)
✔ sqlite: registry removal while a context frame is staged prevents returning the prepared input (157.023333ms)
✔ file-journal: default deny and fresh request perform actual reads, unreported adapter costs stay unknown (1305.697042ms)
✔ file-journal: TTL boundary makes a new read and adoption after expiry rejects an already-stored hit (987.861875ms)
✔ file-journal: a changed principal cannot reuse a result obtained under the old policy (426.159083ms)
✔ file-journal: contract changes before dispatch fail without invoking; unrelated registry changes keep a selected contract usable (241.153375ms)
✔ file-journal: a reuse clone cannot survive source custody removal in history, copies, or context (645.252292ms)
✔ file-journal: original artifact is rechecked at the adoption commit boundary (526.652709ms)
✔ file-journal: a dispatched call without a received measurement remains unknown after reopen (108.909667ms)
✔ file-journal: unsent cancellation and legacy reservation expiry do not create unknown execution costs (133.391458ms)
✔ file-journal: emitted observation source contracts are checked even when that tool schema is not selected (673.904166ms)
✔ file-journal: registry removal while a context frame is staged prevents returning the prepared input (327.030667ms)
✔ adapter-supplied reuse metadata cannot claim an invocation was avoided (74.779625ms)
✔ a write tool cannot declare reuse and changing freshness changes the immutable task digest (0.522208ms)
✔ tool reuse: trusted immutable defaults reuse across task IDs while preserving exact original evidence, timing and nullable usage (35.165083ms)
✔ tool reuse: untrusted-default always misses (12.59675ms)
✔ tool reuse: untrusted-request always misses (7.572875ms)
✔ tool reuse: fresh always misses (7.095708ms)
✔ tool reuse: TTL begins at original start, expires at the exact boundary, and is rechecked before adoption (8.392417ms)
✔ tool reuse: retracted source evidence is never reused (8.757583ms)
✔ tool reuse: deleted source evidence is never reused (7.317625ms)
✔ tool reuse: restricted source evidence is never reused (7.302375ms)
✔ tool reuse: corrected source evidence is never reused (7.087041ms)
✔ tool reuse: superseded source evidence is never reused (6.888583ms)
✔ tool reuse: missing source evidence is never reused (7.2645ms)
✔ tool reuse: contract-stamp original attempt cannot establish a cache hit (5.031041ms)
✔ tool reuse: execution-proof original attempt cannot establish a cache hit (5.314958ms)
✔ tool reuse: reused original attempt cannot establish a cache hit (6.183166ms)
✔ tool reuse: not-invoked original attempt cannot establish a cache hit (5.208083ms)
✔ tool reuse: partial original attempt cannot establish a cache hit (5.4515ms)
✔ tool reuse: unknown original attempt cannot establish a cache hit (5.809041ms)
✔ tool reuse: unadopted original attempt cannot establish a cache hit (4.928166ms)
✔ tool reuse: future original attempt cannot establish a cache hit (5.501167ms)
✔ tool reuse: full goal context changes invalidate the old key (6.234083ms)
✔ tool reuse: full goal-revision context changes invalidate the old key (5.998459ms)
✔ tool reuse: full scope context changes invalidate the old key (5.05125ms)
✔ tool reuse: full owner context changes invalidate the old key (8.865166ms)
✔ tool reuse: full labels context changes invalidate the old key (6.98125ms)
✔ tool reuse: full permission context changes invalidate the old key (7.129083ms)
✔ tool reuse: changed immutable sourceVersion or schema under the same tool version invalidates pinned contracts (12.3765ms)
✔ tool reuse: a different canonical input under the same trusted definition is a cache miss (4.742583ms)
✔ tool reuse: parent retraction invalidates an unchanged derived evidence payload (6.694833ms)
✔ tool reuse: missing or damaged original bytes and oversized results are conservative misses (11.886417ms)
✔ tool reuse: a partial canonical result is not an original complete observation (6.1475ms)
✔ tool reuse: a cursor canonical result is not an original complete observation (6.109833ms)
✔ tool reuse: a reused canonical result is not an original complete observation (7.0185ms)
✔ tool reuse: a identity canonical result is not an original complete observation (6.384125ms)
✔ tool reuse: forged payloads, evidence timing, consumer identity, source stamps and accounting reports fail validation (9.035792ms)
✔ tool reuse: current source knowledge must validate and travels with the reused result (7.219875ms)
✔ tool reuse: source authority changes while canonical receipt lookup waits prevent a stale hit (4.955625ms)
✔ tool reuse: find-remove during the final state read invalidates the registry pin (6.167ms)
✔ tool reuse: validate-source-version during the final state read invalidates the registry pin (6.008792ms)
✔ tool reuse: validate-labels during the final state read invalidates the registry pin (5.801458ms)
✔ sqlite/documents-simple: SIGKILL at before-execution resumes from reopened stores with 1 source call(s) and one result send (820.353417ms)
✔ sqlite/documents-simple: SIGKILL at response-before-store resumes from reopened stores with 2 source call(s) and one result send (872.534833ms)
✔ sqlite/documents-simple: SIGKILL at response-stored resumes from reopened stores with 1 source call(s) and one result send (789.055375ms)
✔ sqlite/documents-simple: SIGKILL at receiver-committed resumes from reopened stores with 1 source call(s) and one result send (754.333625ms)
✔ sqlite/observations-simple: SIGKILL at before-execution resumes from reopened stores with 1 source call(s) and one result send (853.828208ms)
✔ sqlite/observations-simple: SIGKILL at response-before-store resumes from reopened stores with 2 source call(s) and one result send (868.464458ms)
✔ sqlite/observations-simple: SIGKILL at response-stored resumes from reopened stores with 1 source call(s) and one result send (864.109458ms)
✔ sqlite/observations-simple: SIGKILL at receiver-committed resumes from reopened stores with 1 source call(s) and one result send (766.776875ms)
✔ sqlite: SIGKILL after a synthetic write effect but before response storage preserves unknown and never repeats the write or claims completion (556.268375ms)
✔ file-journal/documents-simple: SIGKILL at before-execution resumes from reopened stores with 1 source call(s) and one result send (1932.0455ms)
✔ file-journal/documents-simple: SIGKILL at response-before-store resumes from reopened stores with 2 source call(s) and one result send (1629.842666ms)
✔ file-journal/documents-simple: SIGKILL at response-stored resumes from reopened stores with 1 source call(s) and one result send (1335.617042ms)
✔ file-journal/documents-simple: SIGKILL at receiver-committed resumes from reopened stores with 1 source call(s) and one result send (880.719041ms)
✔ file-journal/observations-simple: SIGKILL at before-execution resumes from reopened stores with 1 source call(s) and one result send (736.002083ms)
✔ file-journal/observations-simple: SIGKILL at response-before-store resumes from reopened stores with 2 source call(s) and one result send (737.490125ms)
✔ file-journal/observations-simple: SIGKILL at response-stored resumes from reopened stores with 1 source call(s) and one result send (654.062083ms)
✔ file-journal/observations-simple: SIGKILL at receiver-committed resumes from reopened stores with 1 source call(s) and one result send (686.52375ms)
✔ file-journal: SIGKILL after a synthetic write effect but before response storage preserves unknown and never repeats the write or claims completion (596.119458ms)
✔ documents-simple: restarted workflow adopts a stored model response and reaches delivered completion without another planner call (47.892083ms)
✔ observations-simple: restarted workflow adopts a stored model response and reaches delivered completion without another planner call (18.462292ms)
✔ an unknown result delivery causes bounded waiting and only one receipt lookup on the next explicit run (14.807834ms)
✔ a workflow without a planner returns a planning requirement and does not create an inferred plan (4.420291ms)
✔ workflow entry requires the full persisted execution policy rather than a narrower read-only view (4.241125ms)
✔ user cancellation between workflow steps preserves terminal state and cancels an unsent model reservation (5.697375ms)
✔ scoped actors cannot enter execution even when their current limits equal the work policy (3.504959ms)
✔ final checkpoint cannot report old completion when a goal change arrives during checkpoint storage (10.76225ms)
✔ workspace: missing or denying memory validators block file operations before workspace I/O (177.992208ms)
✔ workspace: stage rechecks memory custody after its asynchronous I/O (187.538459ms)
✔ workspace: read rechecks memory custody after its asynchronous I/O (213.001208ms)
✔ workspace: checkpoint rechecks memory custody after its asynchronous I/O (119.738375ms)
✔ workspace: restore rechecks memory custody after its asynchronous I/O (109.267042ms)
✔ workspace: cleanup rechecks memory custody after its asynchronous I/O (182.721375ms)
✔ workspace: sqlite checkpoint and byte-for-byte restore survive new state, artifact and workspace instances (360.113459ms)
✔ workspace: file-journal checkpoint and byte-for-byte restore survive new state, artifact and workspace instances (821.175167ms)
✔ workspace: identical paths are isolated by both work and attempt and ownership is checked before file access (192.957292ms)
✔ workspace: traversal, absolute, ambiguous and platform-specific paths cannot be staged (55.584792ms)
✔ workspace: repeated identical staging is idempotent and different content cannot overwrite it (137.113667ms)
✔ workspace: caller mutations after starting stage cannot change the bytes being staged (83.708292ms)
✔ workspace: two processes cannot overwrite the same staged path with different bytes (177.248125ms)
✔ workspace: artifact saved during a state change remains uncommitted and cannot replace the authoritative revision (191.717541ms)
✔ workspace: narrower actor grants never replace the stored work policy during checkpoint commit (148.116583ms)
✔ workspace: policy change during file read prevents returning previously read bytes (110.209083ms)
✔ workspace: generation change during file read prevents returning previously read bytes (106.694292ms)
✔ workspace: policy change during staging prevents a successful stale response and preserves the local file (96.064292ms)
✔ workspace: generation change during staging prevents a successful stale response and preserves the local file (100.180209ms)
✔ workspace: generation changes block even source-free checkpoints and preserve their staged files (196.632083ms)
✔ workspace: restricted is checked when restoring a checkpoint even without a generation change (203.25775ms)
✔ workspace: deleted is checked when restoring a checkpoint even without a generation change (239.565667ms)
✔ workspace: labels is checked when restoring a checkpoint even without a generation change (234.097542ms)
✔ workspace: artifact is checked when restoring a checkpoint even without a generation change (233.679125ms)
✔ workspace: lifecycle changes during artifact restore prevent files from being staged (205.235875ms)
✔ workspace: cleanup preserves files while active (144.997709ms)
✔ workspace: cleanup preserves files while unknown (148.88475ms)
✔ workspace: cleanup preserves files while obligation (139.811958ms)
✔ workspace: cleanup preserves files while uncheckpointed (62.076833ms)
✔ workspace: a file staged after cleanup inspection causes manifest conflict and remains preserved (173.084459ms)
✔ workspace: missing checkpoint content prevents cleanup of the surviving staged file (111.848458ms)
✔ workspace: a remaining lock is never stolen by staging or cleanup (114.7795ms)
✔ workspace: symlink files and replaced roots are rejected instead of reading or overwriting them (82.674417ms)
✔ workspace: content corruption and configured byte or file capacity limits fail without silent truncation (116.53975ms)
ℹ tests 669
ℹ suites 0
ℹ pass 669
ℹ fail 0
ℹ cancelled 0
ℹ skipped 0
ℹ todo 0
ℹ duration_ms 36446.201333

> long-horizon-runtime@0.1.0 typecheck:core
> tsc -p tsconfig.core.json


> long-horizon-runtime@0.1.0 check:architecture
> node scripts/check-architecture.mjs

{"inspected":57,"failures":[]}

> long-horizon-runtime@0.1.0 fixtures
> node dist/presentation/fixtures.js

{
  "createdAt": "2026-09-05T10:55:19.293Z",
  "node": "v24.20.0",
  "evaluation": "deterministic_contract_baseline",
  "passed": true,
  "scenarios": 4,
  "checkpoints": 22,
  "elapsedMs": 6.822625000000002,
  "actualModelCalls": 0,
  "actualToolCalls": 0,
  "actualTokenUsage": null,
  "results": [
    {
      "id": "documents-complex",
      "checks": 9,
      "passed": true
    },
    {
      "id": "documents-simple",
      "checks": 3,
      "passed": true
    },
    {
      "id": "observations-complex",
      "checks": 7,
      "passed": true
    },
    {
      "id": "observations-simple",
      "checks": 3,
      "passed": true
    }
  ]
}
