TAP version 13
# Subtest: invocation copies: two real canonical copies expose the still-authorized original without executing it again
ok 1 - invocation copies: two real canonical copies expose the still-authorized original without executing it again
  ---
  duration_ms: 51.708167
  type: 'test'
  ...
# Subtest: invocation copies: retaining only calls.get permission does not restore a revoked source tool
ok 2 - invocation copies: retaining only calls.get permission does not restore a revoked source tool
  ---
  duration_ms: 19.684417
  type: 'test'
  ...
# Subtest: invocation copies: current guidance version replacement blocks the copied earlier guide
ok 3 - invocation copies: current guidance version replacement blocks the copied earlier guide
  ---
  duration_ms: 24.637625
  type: 'test'
  ...
# Subtest: invocation copies: same-version manifest replacement and new guidance labels also block nested bodies
ok 4 - invocation copies: same-version manifest replacement and new guidance labels also block nested bodies
  ---
  duration_ms: 15.488083
  type: 'test'
  ...
# Subtest: invocation copies: catalog target permission is rechecked through both copies
ok 5 - invocation copies: catalog target permission is rechecked through both copies
  ---
  duration_ms: 13.035833
  type: 'test'
  ...
# Subtest: invocation copies: catalog target version is rechecked through both copies
ok 6 - invocation copies: catalog target version is rechecked through both copies
  ---
  duration_ms: 19.44525
  type: 'test'
  ...
# Subtest: invocation copies: catalog target definition is rechecked through both copies
ok 7 - invocation copies: catalog target definition is rechecked through both copies
  ---
  duration_ms: 17.702875
  type: 'test'
  ...
# Subtest: invocation copies: a missing canonical source receipt is rejected
ok 8 - invocation copies: a missing canonical source receipt is rejected
  ---
  duration_ms: 12.310125
  type: 'test'
  ...
# Subtest: invocation copies: a foreign-owner canonical source receipt is rejected
ok 9 - invocation copies: a foreign-owner canonical source receipt is rejected
  ---
  duration_ms: 11.416875
  type: 'test'
  ...
# Subtest: invocation copies: a foreign-tenant canonical source receipt is rejected
ok 10 - invocation copies: a foreign-tenant canonical source receipt is rejected
  ---
  duration_ms: 10.292375
  type: 'test'
  ...
# Subtest: invocation copies: a foreign-work canonical source receipt is rejected
ok 11 - invocation copies: a foreign-work canonical source receipt is rejected
  ---
  duration_ms: 10.222584
  type: 'test'
  ...
# Subtest: invocation copies: a input-digest canonical source receipt is rejected
ok 12 - invocation copies: a input-digest canonical source receipt is rejected
  ---
  duration_ms: 9.900292
  type: 'test'
  ...
# Subtest: invocation copies: missing source artifacts invalidate copied bodies even when copy artifacts remain readable
ok 13 - invocation copies: missing source artifacts invalidate copied bodies even when copy artifacts remain readable
  ---
  duration_ms: 9.601875
  type: 'test'
  ...
# Subtest: invocation copies: a modified copied body must still equal its canonical source result
ok 14 - invocation copies: a modified copied body must still equal its canonical source result
  ---
  duration_ms: 9.808541
  type: 'test'
  ...
# Subtest: invocation copies: source knowledge is validated and propagated even if an older copy omitted its dependency metadata
ok 15 - invocation copies: source knowledge is validated and propagated even if an older copy omitted its dependency metadata
  ---
  duration_ms: 11.384625
  type: 'test'
  ...
# Subtest: invocation copies: permission changes during a source receipt read prevent returning the already-read copy
ok 16 - invocation copies: permission changes during a source receipt read prevent returning the already-read copy
  ---
  duration_ms: 9.818625
  type: 'test'
  ...
# Subtest: invocation copies: a canonical input cycle is rejected before following the same receipt twice
ok 17 - invocation copies: a canonical input cycle is rejected before following the same receipt twice
  ---
  duration_ms: 9.744458
  type: 'test'
  ...
# Subtest: invocation copies: the 64-node source boundary accepts 63 copies and rejects one further copy
ok 18 - invocation copies: the 64-node source boundary accepts 63 copies and rejects one further copy
  ---
  duration_ms: 587.671708
  type: 'test'
  ...
# Subtest: sqlite: two invocation copies recheck remove registry change after source artifact read
ok 19 - sqlite: two invocation copies recheck remove registry change after source artifact read
  ---
  duration_ms: 191.025167
  type: 'test'
  ...
# Subtest: sqlite: two invocation copies recheck labels registry change after source artifact read
ok 20 - sqlite: two invocation copies recheck labels registry change after source artifact read
  ---
  duration_ms: 173.444083
  type: 'test'
  ...
# Subtest: sqlite: two invocation copies recheck description registry change after source artifact read
ok 21 - sqlite: two invocation copies recheck description registry change after source artifact read
  ---
  duration_ms: 128.606375
  type: 'test'
  ...
# Subtest: sqlite: two invocation copies recheck unrelated registry change after source artifact read
ok 22 - sqlite: two invocation copies recheck unrelated registry change after source artifact read
  ---
  duration_ms: 141.968875
  type: 'test'
  ...
# Subtest: sqlite: an executed third calls.get stores no private body when source is removed during its read
ok 23 - sqlite: an executed third calls.get stores no private body when source is removed during its read
  ---
  duration_ms: 164.725667
  type: 'test'
  ...
# Subtest: sqlite: catalog target pin is rechecked after final asynchronous state validation
ok 24 - sqlite: catalog target pin is rechecked after final asynchronous state validation
  ---
  duration_ms: 129.776375
  type: 'test'
  ...
# Subtest: sqlite: a same-version guidance manifest change cannot survive copied body verification
ok 25 - sqlite: a same-version guidance manifest change cannot survive copied body verification
  ---
  duration_ms: 187.522875
  type: 'test'
  ...
# Subtest: file-journal: two invocation copies recheck remove registry change after source artifact read
ok 26 - file-journal: two invocation copies recheck remove registry change after source artifact read
  ---
  duration_ms: 549.409458
  type: 'test'
  ...
# Subtest: file-journal: two invocation copies recheck labels registry change after source artifact read
ok 27 - file-journal: two invocation copies recheck labels registry change after source artifact read
  ---
  duration_ms: 619.654708
  type: 'test'
  ...
# Subtest: file-journal: two invocation copies recheck description registry change after source artifact read
ok 28 - file-journal: two invocation copies recheck description registry change after source artifact read
  ---
  duration_ms: 559.412
  type: 'test'
  ...
# Subtest: file-journal: two invocation copies recheck unrelated registry change after source artifact read
ok 29 - file-journal: two invocation copies recheck unrelated registry change after source artifact read
  ---
  duration_ms: 585.376042
  type: 'test'
  ...
# Subtest: file-journal: an executed third calls.get stores no private body when source is removed during its read
ok 30 - file-journal: an executed third calls.get stores no private body when source is removed during its read
  ---
  duration_ms: 725.131042
  type: 'test'
  ...
# Subtest: file-journal: catalog target pin is rechecked after final asynchronous state validation
ok 31 - file-journal: catalog target pin is rechecked after final asynchronous state validation
  ---
  duration_ms: 406.228458
  type: 'test'
  ...
# Subtest: file-journal: a same-version guidance manifest change cannot survive copied body verification
ok 32 - file-journal: a same-version guidance manifest change cannot survive copied body verification
  ---
  duration_ms: 370.564125
  type: 'test'
  ...
# Subtest: resource progress: legacy and paged catalog cards share a stable preparation key independent of query and cursor metadata
ok 33 - resource progress: legacy and paged catalog cards share a stable preparation key independent of query and cursor metadata
  ---
  duration_ms: 5.05275
  type: 'test'
  ...
# Subtest: resource progress: exact schema loading earns a distinct credit and also records discovery so reverse-order searches add none
ok 34 - resource progress: exact schema loading earns a distinct credit and also records discovery so reverse-order searches add none
  ---
  duration_ms: 2.743084
  type: 'test'
  ...
# Subtest: resource progress: forged, mismatched or denied tool metadata and too-large responses do not earn preparation credit
ok 35 - resource progress: forged, mismatched or denied tool metadata and too-large responses do not earn preparation credit
  ---
  duration_ms: 1.756541
  type: 'test'
  ...
# Subtest: resource progress: guidance listing metadata does not reset progress and exact body loading subsumes the card
ok 36 - resource progress: guidance listing metadata does not reset progress and exact body loading subsumes the card
  ---
  duration_ms: 1.449458
  type: 'test'
  ...
# Subtest: resource progress: guidance body credit requires permitted manifest, matching indexed original and canonical selection identity
ok 37 - resource progress: guidance body credit requires permitted manifest, matching indexed original and canonical selection identity
  ---
  duration_ms: 1.067542
  type: 'test'
  ...
# Subtest: resource progress: empty results, history/evidence reads and arbitrary new artifacts cannot fabricate preparation
ok 38 - resource progress: empty results, history/evidence reads and arbitrary new artifacts cannot fabricate preparation
  ---
  duration_ms: 1.762833
  type: 'test'
  ...
# Subtest: resource progress: replayed, reused and unadopted resource results cannot earn a new preparation key
ok 39 - resource progress: replayed, reused and unadopted resource results cannot earn a new preparation key
  ---
  duration_ms: 0.725541
  type: 'test'
  ...
# Subtest: resource progress sqlite/documents-simple: default no-progress policy allows discovery, schemas and guidance before the real source
ok 40 - resource progress sqlite/documents-simple: default no-progress policy allows discovery, schemas and guidance before the real source
  ---
  duration_ms: 255.970167
  type: 'test'
  ...
# Subtest: resource progress sqlite/observations-simple: default no-progress policy allows discovery, schemas and guidance before the real source
ok 41 - resource progress sqlite/observations-simple: default no-progress policy allows discovery, schemas and guidance before the real source
  ---
  duration_ms: 211.027791
  type: 'test'
  ...
# Subtest: resource progress sqlite: repeated identical catalog preparation stops after the first credit and three empty steps
ok 42 - resource progress sqlite: repeated identical catalog preparation stops after the first credit and three empty steps
  ---
  duration_ms: 148.094208
  type: 'test'
  ...
# Subtest: resource progress sqlite: repeated identical guidance preparation stops after the first credit and three empty steps
ok 43 - resource progress sqlite: repeated identical guidance preparation stops after the first credit and three empty steps
  ---
  duration_ms: 167.766958
  type: 'test'
  ...
# Subtest: resource progress sqlite: empty searches with different query and task IDs stop at the default limit
ok 44 - resource progress sqlite: empty searches with different query and task IDs stop at the default limit
  ---
  duration_ms: 113.962791
  type: 'test'
  ...
# Subtest: resource progress file-journal/documents-simple: default no-progress policy allows discovery, schemas and guidance before the real source
ok 45 - resource progress file-journal/documents-simple: default no-progress policy allows discovery, schemas and guidance before the real source
  ---
  duration_ms: 870.818791
  type: 'test'
  ...
# Subtest: resource progress file-journal/observations-simple: default no-progress policy allows discovery, schemas and guidance before the real source
ok 46 - resource progress file-journal/observations-simple: default no-progress policy allows discovery, schemas and guidance before the real source
  ---
  duration_ms: 805.268791
  type: 'test'
  ...
# Subtest: resource progress file-journal: repeated identical catalog preparation stops after the first credit and three empty steps
ok 47 - resource progress file-journal: repeated identical catalog preparation stops after the first credit and three empty steps
  ---
  duration_ms: 603.624083
  type: 'test'
  ...
# Subtest: resource progress file-journal: repeated identical guidance preparation stops after the first credit and three empty steps
ok 48 - resource progress file-journal: repeated identical guidance preparation stops after the first credit and three empty steps
  ---
  duration_ms: 665.610708
  type: 'test'
  ...
# Subtest: resource progress file-journal: empty searches with different query and task IDs stop at the default limit
ok 49 - resource progress file-journal: empty searches with different query and task IDs stop at the default limit
  ---
  duration_ms: 455.921208
  type: 'test'
  ...
# Subtest: catalog filters before ranking, bounds cards, separates providers and loads only an exact schema
ok 50 - catalog filters before ranking, bounds cards, separates providers and loads only an exact schema
  ---
  duration_ms: 31.757209
  type: 'test'
  ...
# Subtest: registration snapshots reject namespace/duplicates and cannot be mutated through adapters or catalog results
ok 51 - registration snapshots reject namespace/duplicates and cannot be mutated through adapters or catalog results
  ---
  duration_ms: 8.999375
  type: 'test'
  ...
# Subtest: documents-simple: discovery and selected guidance share the execution ledger without adding evidence or permissions
ok 52 - documents-simple: discovery and selected guidance share the execution ledger without adding evidence or permissions
  ---
  duration_ms: 46.703375
  type: 'test'
  ...
# Subtest: observations-simple: discovery and selected guidance share the execution ledger without adding evidence or permissions
ok 53 - observations-simple: discovery and selected guidance share the execution ledger without adding evidence or permissions
  ---
  duration_ms: 24.0135
  type: 'test'
  ...
# Subtest: simple direct lookup does not load optional guidance or run a hypothesis review
ok 54 - simple direct lookup does not load optional guidance or run a hypothesis review
  ---
  duration_ms: 10.30025
  type: 'test'
  ...
# Subtest: method selection follows contradiction, independence and response needs without model calls
ok 55 - method selection follows contradiction, independence and response needs without model calls
  ---
  duration_ms: 8.302625
  type: 'test'
  ...
# Subtest: guidance metadata/limits do not read bodies and wrong version, tenant or applicability are rejected
ok 56 - guidance metadata/limits do not read bodies and wrong version, tenant or applicability are rejected
  ---
  duration_ms: 8.1995
  type: 'test'
  ...
# Subtest: evidence readers distinguish protected/missing, superseded and retracted records; limits preserve provenance
ok 57 - evidence readers distinguish protected/missing, superseded and retracted records; limits preserve provenance
  ---
  duration_ms: 6.654042
  type: 'test'
  ...
# Subtest: call result lookup stays historical after retraction and does not restore it to current evidence
ok 58 - call result lookup stays historical after retraction and does not restore it to current evidence
  ---
  duration_ms: 9.345834
  type: 'test'
  ...
# Subtest: broker rejects calls without a committed dispatch or with another owner before reaching a tool
ok 59 - broker rejects calls without a committed dispatch or with another owner before reaching a tool
  ---
  duration_ms: 7.16875
  type: 'test'
  ...
# Subtest: in-flight output is not downgraded to a less restricted artifact when labels are revoked
ok 60 - in-flight output is not downgraded to a less restricted artifact when labels are revoked
  ---
  duration_ms: 8.405041
  type: 'test'
  ...
# Subtest: revocation after result storage settles without reading protected bytes or repeatedly getting stuck
ok 61 - revocation after result storage settles without reading protected bytes or repeatedly getting stuck
  ---
  duration_ms: 7.0775
  type: 'test'
  ...
# Subtest: stored guidance and invocation results can be read after SQLite/artifact/source restart without source execution
ok 62 - stored guidance and invocation results can be read after SQLite/artifact/source restart without source execution
  ---
  duration_ms: 139.639958
  type: 'test'
  ...
# Subtest: guidance source rejects altered content, path escape and symlink replacement
ok 63 - guidance source rejects altered content, path escape and symlink replacement
  ---
  duration_ms: 29.3455
  type: 'test'
  ...
# Subtest: model-facing evidence and call readers use the common budget without reexecuting a source or completing a changed goal
ok 64 - model-facing evidence and call readers use the common budget without reexecuting a source or completing a changed goal
  ---
  duration_ms: 15.37925
  type: 'test'
  ...
1..64
# tests 64
# suites 0
# pass 64
# fail 0
# cancelled 0
# skipped 0
# todo 0
# duration_ms 5037.550084
