✔ execution mode CLI sqlite: fast reception survives process exit and repeated status is read-only (753.925917ms)
✔ execution mode CLI sqlite: mode command is durable and idempotent while stale revisions do not change state (979.655ms)
✔ execution mode CLI sqlite: a pending mode change is visible after exit and preserves the reserved attempt (872.202542ms)
✔ execution mode CLI sqlite: enum, both revisions and an explicit nonblank reason are required (1029.575875ms)
✔ execution mode CLI sqlite: irrelevant mode options are rejected before opening a profile (569.303875ms)
✔ execution mode CLI sqlite documents-simple: changing mode preserves the goal, original source and completed work (1020.7755ms)
✔ execution mode CLI sqlite observations-simple: changing mode preserves the goal, original source and completed work (989.296875ms)
✔ execution mode CLI file-journal: fast reception survives process exit and repeated status is read-only (859.700334ms)
✔ execution mode CLI file-journal: mode command is durable and idempotent while stale revisions do not change state (1066.795208ms)
✔ execution mode CLI file-journal: a pending mode change is visible after exit and preserves the reserved attempt (1211.8665ms)
✔ execution mode CLI file-journal: enum, both revisions and an explicit nonblank reason are required (1043.6935ms)
✔ execution mode CLI file-journal: irrelevant mode options are rejected before opening a profile (573.427417ms)
✔ execution mode CLI file-journal documents-simple: changing mode preserves the goal, original source and completed work (1331.514625ms)
✔ execution mode CLI file-journal observations-simple: changing mode preserves the goal, original source and completed work (1472.19925ms)
✔ sqlite/documents-simple/auto: one necessary plan and observation complete with no extra investigation (205.706458ms)
✔ sqlite/documents-simple/fast: one necessary plan and observation complete with no extra investigation (143.544708ms)
✔ sqlite/documents-simple/deep: one necessary plan and observation complete with no extra investigation (146.206583ms)
✔ sqlite/observations-simple/auto: one necessary plan and observation complete with no extra investigation (143.43225ms)
✔ sqlite/observations-simple/fast: one necessary plan and observation complete with no extra investigation (139.883ms)
✔ sqlite/observations-simple/deep: one necessary plan and observation complete with no extra investigation (139.244375ms)
✔ sqlite/documents-complex/auto: complex scope is either validated for investigation or rejected without false completion (189.381292ms)
✔ sqlite/documents-complex/fast: complex scope is either validated for investigation or rejected without false completion (77.608375ms)
✔ sqlite/documents-complex/deep: complex scope is either validated for investigation or rejected without false completion (173.112458ms)
✔ sqlite/observations-complex/auto: complex scope is either validated for investigation or rejected without false completion (141.577667ms)
✔ sqlite/observations-complex/fast: complex scope is either validated for investigation or rejected without false completion (62.465125ms)
✔ sqlite/observations-complex/deep: complex scope is either validated for investigation or rejected without false completion (146.346417ms)
✔ sqlite: mode commands enforce owner and both revisions, remain idempotent, and preserve goal and costs (15.575666ms)
✔ sqlite: lowering to fast after two paid reads cannot reset usage or oversubscribe the next reservation (68.357666ms)
✔ sqlite: explicit model cap and fast cap include reservations and do not reopen paid capacity (173.381292ms)
✔ sqlite: a running model keeps its pending mode request and late reply accounting until the next safe boundary (117.351417ms)
✔ sqlite: a pending mode survives reserved model restart without invalidating its stored input (158.21975ms)
✔ sqlite: cancel overrides a pending mode without discarding late measured model costs (68.706666ms)
✔ sqlite: deep to fast retains original goal, completed tasks, checkpoint and result reuse after reopen (102.72225ms)
✔ sqlite: fast keeps mandatory review of existing hypotheses and cannot replace it with premature completion (119.936333ms)
✖ sqlite: auto mode change and reopen preserve a partial collection's original goal and explicit resume chain (4.027417ms)
✔ file-journal/documents-simple/auto: one necessary plan and observation complete with no extra investigation (490.040708ms)
✔ file-journal/documents-simple/fast: one necessary plan and observation complete with no extra investigation (370.154833ms)
✔ file-journal/documents-simple/deep: one necessary plan and observation complete with no extra investigation (375.217625ms)
✔ file-journal/observations-simple/auto: one necessary plan and observation complete with no extra investigation (355.32825ms)
✔ file-journal/observations-simple/fast: one necessary plan and observation complete with no extra investigation (455.6985ms)
✔ file-journal/observations-simple/deep: one necessary plan and observation complete with no extra investigation (541.03825ms)
✔ file-journal/documents-complex/auto: complex scope is either validated for investigation or rejected without false completion (822.105125ms)
✔ file-journal/documents-complex/fast: complex scope is either validated for investigation or rejected without false completion (170.415542ms)
✔ file-journal/documents-complex/deep: complex scope is either validated for investigation or rejected without false completion (699.34975ms)
✔ file-journal/observations-complex/auto: complex scope is either validated for investigation or rejected without false completion (598.418083ms)
✔ file-journal/observations-complex/fast: complex scope is either validated for investigation or rejected without false completion (164.524667ms)
✔ file-journal/observations-complex/deep: complex scope is either validated for investigation or rejected without false completion (520.369583ms)
✔ file-journal: mode commands enforce owner and both revisions, remain idempotent, and preserve goal and costs (59.76025ms)
✔ file-journal: lowering to fast after two paid reads cannot reset usage or oversubscribe the next reservation (293.244375ms)
✔ file-journal: explicit model cap and fast cap include reservations and do not reopen paid capacity (423.981083ms)
✔ file-journal: a running model keeps its pending mode request and late reply accounting until the next safe boundary (372.177708ms)
✔ file-journal: a pending mode survives reserved model restart without invalidating its stored input (438.553ms)
✔ file-journal: cancel overrides a pending mode without discarding late measured model costs (176.086333ms)
✔ file-journal: deep to fast retains original goal, completed tasks, checkpoint and result reuse after reopen (307.760084ms)
✔ file-journal: fast keeps mandatory review of existing hypotheses and cannot replace it with premature completion (372.189709ms)
✖ file-journal: auto mode change and reopen preserve a partial collection's original goal and explicit resume chain (15.881666ms)
✔ local versioned defaults select direct auto/fast and investigate deep without allocating work (2.550625ms)
✔ new controls snapshot caller policy and never expose the default policy for mutation (0.077333ms)
✔ legacy goals supply initial mode while a saved control overrides it without mutating state (2.249417ms)
✔ effective fast limits are absolute work caps and retain token/time limits (0.347042ms)
✔ auto starts direct while retaining the user work limits before evidence or strategy expansion (0.373375ms)
✔ explicit work caps beat mode policy and mode changes cannot grant a fresh allowance (0.205166ms)
✔ investigate strategies retain explicit work limits and pending mode requests have no effect yet (0.399084ms)
✔ fast allows completed history plus one pending task and counts only current adopted successes (3.028666ms)
✔ fast rejects an oversized pending graph or hypotheses without mutating or silently escalating (0.388042ms)
✔ fast preserves and reviews existing hypotheses while rejecting new optional hypotheses (0.196041ms)
✔ policy-specific scope limits are used instead of hard coded local defaults (0.145916ms)
✔ auto expands only validated plan scope and preserves investigate strategy on smaller subsequent plans (0.431583ms)
✔ deep permits a simple or empty plan without manufacturing tasks or hypotheses (0.253375ms)
✔ automatic expansion requires available relevant new evidence and an unmet criterion (0.459458ms)
✔ irrelevant, inaccessible, retracted and another-scope facts cannot justify expansion (0.67375ms)
✔ current counterevidence justifies investigation even if it has already been assessed (0.210583ms)
✔ current hypotheses allow review but sufficiently assessed completed goals do not expand (0.220584ms)
✔ permission failure, empty responses and exhausted budgets are not independent escalation evidence (0.526ms)
✔ pending obligations, active calls, terminal states and explicit modes suppress automatic expansion (0.768959ms)
✔ delivery waiting does not manufacture completion or suppress investigation of unmet criteria (0.3185ms)
✔ a reserved, running or received model prevents expansion until its existing call is settled (0.43475ms)
✔ policy contracts reject unknown fields, unsafe counts and blank versions while allowing explicit zero caps (1.336709ms)
✔ control contracts enforce current mode strategy and preserve distinct pending requests (0.41025ms)
✔ progress: a unique committed operation contributes once and returned state has no mutable aliases (1.211542ms)
✔ progress: permutations, repeated known keys and new operation IDs cannot fabricate productive steps (2.590459ms)
✔ progress: explicit goal epochs reset only the current streak and preserve deduplication and the original retry window (0.721709ms)
✔ progress: processed capacity saturates without evicting prior records or resetting on a new goal (0.533959ms)
✔ progress: knownKeys capacity saturates without evicting prior records or resetting on a new goal (0.296083ms)
✔ progress: repeated failures retain their first deadline and use the current backoff without extending the retry window (4.669125ms)
✔ progress: retry gate respects the work deadline and specific repeated-failure limits (0.528333ms)
✔ progress: policies remain pinned and invalid counters, times, keys or schema fields fail closed (0.993792ms)
✔ capture: a new negative observation is productive while aliases, timestamps and duplicate originals are not (6.125791ms)
✔ capture: changed facts, coverage and an authenticated original version can each carry new information (0.743ms)
✔ capture: derived copies do not add progress or independent completion credit (0.674791ms)
✔ capture: tenant evidence cannot earn progress (0.26475ms)
✔ capture: scope evidence cannot earn progress (0.149625ms)
✔ capture: labels evidence cannot earn progress (0.146667ms)
✔ capture: retracted evidence cannot earn progress (0.127166ms)
✔ capture: deleted evidence cannot earn progress (0.106417ms)
✔ capture: blocked-artifact evidence cannot earn progress (0.131875ms)
✔ capture: a hypothesis assessment is credited once per semantic evidence basis, not per hypothesis text or evidence ID (0.396125ms)
✔ capture: no evidence or a stale hypothesis assessment earns a fresh reasoning credit (0.1625ms)
✔ capture: only satisfied obligations contribute and identity or explanation rewrites cannot repeat the credit (0.125416ms)
✔ capture: plan, task, revision, mode, usage and replay changes cannot reset a stalled work (0.144458ms)
✔ capture: trusted explicit item progress and returned state copies follow the same deduplication contract (0.351625ms)
✔ progress sqlite: reopen and duplicate commit preserve settlement counts and the first retry deadline (15.715584ms)
✔ progress file-journal: reopen and duplicate commit preserve settlement counts and the first retry deadline (49.723584ms)
ℹ tests 103
ℹ suites 0
ℹ pass 101
ℹ fail 2
ℹ cancelled 0
ℹ skipped 0
ℹ todo 0
ℹ duration_ms 13868.189208

✖ failing tests:

test at dist/tests/execution-mode-runtime.test.js:344:5
✖ sqlite: auto mode change and reopen preserve a partial collection's original goal and explicit resume chain (4.027417ms)
  Error: invalid_contract
      at parseContract (file:///Users/seunghanee/Documents/secumon/runtime/dist/application/contracts.js:128:15)
      at createReadCollectionTool (file:///Users/seunghanee/Documents/secumon/runtime/dist/application/read-collections.js:16:31)
      at file:///Users/seunghanee/Documents/secumon/runtime/dist/application/compose-runtime.js:30:74
      at Array.map (<anonymous>)
      at composeRuntime (file:///Users/seunghanee/Documents/secumon/runtime/dist/application/compose-runtime.js:30:59)
      at async setup (file:///Users/seunghanee/Documents/secumon/runtime/dist/tests/execution-mode-runtime.test.js:70:19)
      at async TestContext.<anonymous> (file:///Users/seunghanee/Documents/secumon/runtime/dist/tests/execution-mode-runtime.test.js:362:19)
      at async Test.run (node:internal/test_runner/test:1404:7)
      at async Test.processPendingSubtests (node:internal/test_runner/test:969:7) {
    code: 'invalid_contract',
    paths: [ '' ]
  }

test at dist/tests/execution-mode-runtime.test.js:344:5
✖ file-journal: auto mode change and reopen preserve a partial collection's original goal and explicit resume chain (15.881666ms)
  Error: invalid_contract
      at parseContract (file:///Users/seunghanee/Documents/secumon/runtime/dist/application/contracts.js:128:15)
      at createReadCollectionTool (file:///Users/seunghanee/Documents/secumon/runtime/dist/application/read-collections.js:16:31)
      at file:///Users/seunghanee/Documents/secumon/runtime/dist/application/compose-runtime.js:30:74
      at Array.map (<anonymous>)
      at composeRuntime (file:///Users/seunghanee/Documents/secumon/runtime/dist/application/compose-runtime.js:30:59)
      at async setup (file:///Users/seunghanee/Documents/secumon/runtime/dist/tests/execution-mode-runtime.test.js:70:19)
      at async TestContext.<anonymous> (file:///Users/seunghanee/Documents/secumon/runtime/dist/tests/execution-mode-runtime.test.js:362:19)
      at async Test.run (node:internal/test_runner/test:1404:7)
      at async Test.processPendingSubtests (node:internal/test_runner/test:969:7) {
    code: 'invalid_contract',
    paths: [ '' ]
  }
