TAP version 13
# Subtest: execution mode CLI sqlite: fast reception survives process exit and repeated status is read-only
ok 1 - execution mode CLI sqlite: fast reception survives process exit and repeated status is read-only
  ---
  duration_ms: 750.184375
  type: 'test'
  ...
# Subtest: execution mode CLI sqlite: mode command is durable and idempotent while stale revisions do not change state
ok 2 - execution mode CLI sqlite: mode command is durable and idempotent while stale revisions do not change state
  ---
  duration_ms: 956.693417
  type: 'test'
  ...
# Subtest: execution mode CLI sqlite: a pending mode change is visible after exit and preserves the reserved attempt
ok 3 - execution mode CLI sqlite: a pending mode change is visible after exit and preserves the reserved attempt
  ---
  duration_ms: 918.376
  type: 'test'
  ...
# Subtest: execution mode CLI sqlite: enum, both revisions and an explicit nonblank reason are required
ok 4 - execution mode CLI sqlite: enum, both revisions and an explicit nonblank reason are required
  ---
  duration_ms: 990.430125
  type: 'test'
  ...
# Subtest: execution mode CLI sqlite: irrelevant mode options are rejected before opening a profile
ok 5 - execution mode CLI sqlite: irrelevant mode options are rejected before opening a profile
  ---
  duration_ms: 561.713416
  type: 'test'
  ...
# Subtest: execution mode CLI sqlite documents-simple: changing mode preserves the goal, original source and completed work
ok 6 - execution mode CLI sqlite documents-simple: changing mode preserves the goal, original source and completed work
  ---
  duration_ms: 1103.269209
  type: 'test'
  ...
# Subtest: execution mode CLI sqlite observations-simple: changing mode preserves the goal, original source and completed work
ok 7 - execution mode CLI sqlite observations-simple: changing mode preserves the goal, original source and completed work
  ---
  duration_ms: 1068.854208
  type: 'test'
  ...
# Subtest: execution mode CLI file-journal: fast reception survives process exit and repeated status is read-only
ok 8 - execution mode CLI file-journal: fast reception survives process exit and repeated status is read-only
  ---
  duration_ms: 883.661167
  type: 'test'
  ...
# Subtest: execution mode CLI file-journal: mode command is durable and idempotent while stale revisions do not change state
ok 9 - execution mode CLI file-journal: mode command is durable and idempotent while stale revisions do not change state
  ---
  duration_ms: 1196.109083
  type: 'test'
  ...
# Subtest: execution mode CLI file-journal: a pending mode change is visible after exit and preserves the reserved attempt
ok 10 - execution mode CLI file-journal: a pending mode change is visible after exit and preserves the reserved attempt
  ---
  duration_ms: 1113.978833
  type: 'test'
  ...
# Subtest: execution mode CLI file-journal: enum, both revisions and an explicit nonblank reason are required
ok 11 - execution mode CLI file-journal: enum, both revisions and an explicit nonblank reason are required
  ---
  duration_ms: 1101.173875
  type: 'test'
  ...
# Subtest: execution mode CLI file-journal: irrelevant mode options are rejected before opening a profile
ok 12 - execution mode CLI file-journal: irrelevant mode options are rejected before opening a profile
  ---
  duration_ms: 561.582666
  type: 'test'
  ...
# Subtest: execution mode CLI file-journal documents-simple: changing mode preserves the goal, original source and completed work
ok 13 - execution mode CLI file-journal documents-simple: changing mode preserves the goal, original source and completed work
  ---
  duration_ms: 1364.17625
  type: 'test'
  ...
# Subtest: execution mode CLI file-journal observations-simple: changing mode preserves the goal, original source and completed work
ok 14 - execution mode CLI file-journal observations-simple: changing mode preserves the goal, original source and completed work
  ---
  duration_ms: 1088.60275
  type: 'test'
  ...
# Subtest: sqlite/documents-simple/auto: one necessary plan and observation complete with no extra investigation
ok 15 - sqlite/documents-simple/auto: one necessary plan and observation complete with no extra investigation
  ---
  duration_ms: 215.013375
  type: 'test'
  ...
# Subtest: sqlite/documents-simple/fast: one necessary plan and observation complete with no extra investigation
ok 16 - sqlite/documents-simple/fast: one necessary plan and observation complete with no extra investigation
  ---
  duration_ms: 146.396208
  type: 'test'
  ...
# Subtest: sqlite/documents-simple/deep: one necessary plan and observation complete with no extra investigation
ok 17 - sqlite/documents-simple/deep: one necessary plan and observation complete with no extra investigation
  ---
  duration_ms: 144.579083
  type: 'test'
  ...
# Subtest: sqlite/observations-simple/auto: one necessary plan and observation complete with no extra investigation
ok 18 - sqlite/observations-simple/auto: one necessary plan and observation complete with no extra investigation
  ---
  duration_ms: 135.260583
  type: 'test'
  ...
# Subtest: sqlite/observations-simple/fast: one necessary plan and observation complete with no extra investigation
ok 19 - sqlite/observations-simple/fast: one necessary plan and observation complete with no extra investigation
  ---
  duration_ms: 130.697208
  type: 'test'
  ...
# Subtest: sqlite/observations-simple/deep: one necessary plan and observation complete with no extra investigation
ok 20 - sqlite/observations-simple/deep: one necessary plan and observation complete with no extra investigation
  ---
  duration_ms: 149.034083
  type: 'test'
  ...
# Subtest: sqlite/documents-complex/auto: complex scope is either validated for investigation or rejected without false completion
ok 21 - sqlite/documents-complex/auto: complex scope is either validated for investigation or rejected without false completion
  ---
  duration_ms: 179.642208
  type: 'test'
  ...
# Subtest: sqlite/documents-complex/fast: complex scope is either validated for investigation or rejected without false completion
ok 22 - sqlite/documents-complex/fast: complex scope is either validated for investigation or rejected without false completion
  ---
  duration_ms: 68.943917
  type: 'test'
  ...
# Subtest: sqlite/documents-complex/deep: complex scope is either validated for investigation or rejected without false completion
ok 23 - sqlite/documents-complex/deep: complex scope is either validated for investigation or rejected without false completion
  ---
  duration_ms: 170.942583
  type: 'test'
  ...
# Subtest: sqlite/observations-complex/auto: complex scope is either validated for investigation or rejected without false completion
ok 24 - sqlite/observations-complex/auto: complex scope is either validated for investigation or rejected without false completion
  ---
  duration_ms: 143.57475
  type: 'test'
  ...
# Subtest: sqlite/observations-complex/fast: complex scope is either validated for investigation or rejected without false completion
ok 25 - sqlite/observations-complex/fast: complex scope is either validated for investigation or rejected without false completion
  ---
  duration_ms: 68.725
  type: 'test'
  ...
# Subtest: sqlite/observations-complex/deep: complex scope is either validated for investigation or rejected without false completion
ok 26 - sqlite/observations-complex/deep: complex scope is either validated for investigation or rejected without false completion
  ---
  duration_ms: 145.270791
  type: 'test'
  ...
# Subtest: sqlite: mode commands enforce owner and both revisions, remain idempotent, and preserve goal and costs
ok 27 - sqlite: mode commands enforce owner and both revisions, remain idempotent, and preserve goal and costs
  ---
  duration_ms: 16.501958
  type: 'test'
  ...
# Subtest: sqlite: lowering to fast after two paid reads cannot reset usage or oversubscribe the next reservation
ok 28 - sqlite: lowering to fast after two paid reads cannot reset usage or oversubscribe the next reservation
  ---
  duration_ms: 69.469208
  type: 'test'
  ...
# Subtest: sqlite: explicit model cap and fast cap include reservations and do not reopen paid capacity
ok 29 - sqlite: explicit model cap and fast cap include reservations and do not reopen paid capacity
  ---
  duration_ms: 206.772917
  type: 'test'
  ...
# Subtest: sqlite: a running model keeps its pending mode request and late reply accounting until the next safe boundary
ok 30 - sqlite: a running model keeps its pending mode request and late reply accounting until the next safe boundary
  ---
  duration_ms: 120.252291
  type: 'test'
  ...
# Subtest: sqlite: a pending mode survives reserved model restart without invalidating its stored input
ok 31 - sqlite: a pending mode survives reserved model restart without invalidating its stored input
  ---
  duration_ms: 154.324667
  type: 'test'
  ...
# Subtest: sqlite: cancel overrides a pending mode without discarding late measured model costs
ok 32 - sqlite: cancel overrides a pending mode without discarding late measured model costs
  ---
  duration_ms: 59.328833
  type: 'test'
  ...
# Subtest: sqlite: deep to fast retains original goal, completed tasks, checkpoint and result reuse after reopen
ok 33 - sqlite: deep to fast retains original goal, completed tasks, checkpoint and result reuse after reopen
  ---
  duration_ms: 103.468833
  type: 'test'
  ...
# Subtest: sqlite: fast keeps mandatory review of existing hypotheses and cannot replace it with premature completion
ok 34 - sqlite: fast keeps mandatory review of existing hypotheses and cannot replace it with premature completion
  ---
  duration_ms: 129.275042
  type: 'test'
  ...
# Subtest: sqlite: auto mode change and reopen preserve a partial collection's original goal and explicit resume chain
not ok 35 - sqlite: auto mode change and reopen preserve a partial collection's original goal and explicit resume chain
  ---
  duration_ms: 3.4465
  type: 'test'
  location: '/Users/seunghanee/Documents/secumon/runtime/dist/tests/execution-mode-runtime.test.js:344:5'
  failureType: 'testCodeFailure'
  error: 'invalid_contract'
  code: 'invalid_contract'
  stack: |-
    parseContract (file:///Users/seunghanee/Documents/secumon/runtime/dist/application/contracts.js:128:15)
    createReadCollectionTool (file:///Users/seunghanee/Documents/secumon/runtime/dist/application/read-collections.js:16:31)
    file:///Users/seunghanee/Documents/secumon/runtime/dist/application/compose-runtime.js:30:74
    Array.map (<anonymous>)
    composeRuntime (file:///Users/seunghanee/Documents/secumon/runtime/dist/application/compose-runtime.js:30:59)
    async setup (file:///Users/seunghanee/Documents/secumon/runtime/dist/tests/execution-mode-runtime.test.js:70:19)
    async TestContext.<anonymous> (file:///Users/seunghanee/Documents/secumon/runtime/dist/tests/execution-mode-runtime.test.js:362:19)
    async Test.run (node:internal/test_runner/test:1404:7)
    async Test.processPendingSubtests (node:internal/test_runner/test:969:7)
  ...
# Subtest: file-journal/documents-simple/auto: one necessary plan and observation complete with no extra investigation
ok 36 - file-journal/documents-simple/auto: one necessary plan and observation complete with no extra investigation
  ---
  duration_ms: 431.004042
  type: 'test'
  ...
# Subtest: file-journal/documents-simple/fast: one necessary plan and observation complete with no extra investigation
ok 37 - file-journal/documents-simple/fast: one necessary plan and observation complete with no extra investigation
  ---
  duration_ms: 371.907833
  type: 'test'
  ...
# Subtest: file-journal/documents-simple/deep: one necessary plan and observation complete with no extra investigation
ok 38 - file-journal/documents-simple/deep: one necessary plan and observation complete with no extra investigation
  ---
  duration_ms: 378.321167
  type: 'test'
  ...
# Subtest: file-journal/observations-simple/auto: one necessary plan and observation complete with no extra investigation
ok 39 - file-journal/observations-simple/auto: one necessary plan and observation complete with no extra investigation
  ---
  duration_ms: 358.281625
  type: 'test'
  ...
# Subtest: file-journal/observations-simple/fast: one necessary plan and observation complete with no extra investigation
ok 40 - file-journal/observations-simple/fast: one necessary plan and observation complete with no extra investigation
  ---
  duration_ms: 1908.660584
  type: 'test'
  ...
# Subtest: file-journal/observations-simple/deep: one necessary plan and observation complete with no extra investigation
ok 41 - file-journal/observations-simple/deep: one necessary plan and observation complete with no extra investigation
  ---
  duration_ms: 654.078042
  type: 'test'
  ...
# Subtest: file-journal/documents-complex/auto: complex scope is either validated for investigation or rejected without false completion
ok 42 - file-journal/documents-complex/auto: complex scope is either validated for investigation or rejected without false completion
  ---
  duration_ms: 742.585166
  type: 'test'
  ...
# Subtest: file-journal/documents-complex/fast: complex scope is either validated for investigation or rejected without false completion
ok 43 - file-journal/documents-complex/fast: complex scope is either validated for investigation or rejected without false completion
  ---
  duration_ms: 155.088583
  type: 'test'
  ...
# Subtest: file-journal/documents-complex/deep: complex scope is either validated for investigation or rejected without false completion
ok 44 - file-journal/documents-complex/deep: complex scope is either validated for investigation or rejected without false completion
  ---
  duration_ms: 801.801541
  type: 'test'
  ...
# Subtest: file-journal/observations-complex/auto: complex scope is either validated for investigation or rejected without false completion
ok 45 - file-journal/observations-complex/auto: complex scope is either validated for investigation or rejected without false completion
  ---
  duration_ms: 619.341125
  type: 'test'
  ...
# Subtest: file-journal/observations-complex/fast: complex scope is either validated for investigation or rejected without false completion
ok 46 - file-journal/observations-complex/fast: complex scope is either validated for investigation or rejected without false completion
  ---
  duration_ms: 159.346209
  type: 'test'
  ...
# Subtest: file-journal/observations-complex/deep: complex scope is either validated for investigation or rejected without false completion
ok 47 - file-journal/observations-complex/deep: complex scope is either validated for investigation or rejected without false completion
  ---
  duration_ms: 607.316875
  type: 'test'
  ...
# Subtest: file-journal: mode commands enforce owner and both revisions, remain idempotent, and preserve goal and costs
ok 48 - file-journal: mode commands enforce owner and both revisions, remain idempotent, and preserve goal and costs
  ---
  duration_ms: 78.041375
  type: 'test'
  ...
# Subtest: file-journal: lowering to fast after two paid reads cannot reset usage or oversubscribe the next reservation
ok 49 - file-journal: lowering to fast after two paid reads cannot reset usage or oversubscribe the next reservation
  ---
  duration_ms: 221.419459
  type: 'test'
  ...
# Subtest: file-journal: explicit model cap and fast cap include reservations and do not reopen paid capacity
ok 50 - file-journal: explicit model cap and fast cap include reservations and do not reopen paid capacity
  ---
  duration_ms: 384.585958
  type: 'test'
  ...
# Subtest: file-journal: a running model keeps its pending mode request and late reply accounting until the next safe boundary
ok 51 - file-journal: a running model keeps its pending mode request and late reply accounting until the next safe boundary
  ---
  duration_ms: 330.659083
  type: 'test'
  ...
# Subtest: file-journal: a pending mode survives reserved model restart without invalidating its stored input
ok 52 - file-journal: a pending mode survives reserved model restart without invalidating its stored input
  ---
  duration_ms: 335.601
  type: 'test'
  ...
# Subtest: file-journal: cancel overrides a pending mode without discarding late measured model costs
ok 53 - file-journal: cancel overrides a pending mode without discarding late measured model costs
  ---
  duration_ms: 177.245542
  type: 'test'
  ...
# Subtest: file-journal: deep to fast retains original goal, completed tasks, checkpoint and result reuse after reopen
ok 54 - file-journal: deep to fast retains original goal, completed tasks, checkpoint and result reuse after reopen
  ---
  duration_ms: 399.162083
  type: 'test'
  ...
# Subtest: file-journal: fast keeps mandatory review of existing hypotheses and cannot replace it with premature completion
ok 55 - file-journal: fast keeps mandatory review of existing hypotheses and cannot replace it with premature completion
  ---
  duration_ms: 495.626792
  type: 'test'
  ...
# Subtest: file-journal: auto mode change and reopen preserve a partial collection's original goal and explicit resume chain
not ok 56 - file-journal: auto mode change and reopen preserve a partial collection's original goal and explicit resume chain
  ---
  duration_ms: 15.763833
  type: 'test'
  location: '/Users/seunghanee/Documents/secumon/runtime/dist/tests/execution-mode-runtime.test.js:344:5'
  failureType: 'testCodeFailure'
  error: 'invalid_contract'
  code: 'invalid_contract'
  stack: |-
    parseContract (file:///Users/seunghanee/Documents/secumon/runtime/dist/application/contracts.js:128:15)
    createReadCollectionTool (file:///Users/seunghanee/Documents/secumon/runtime/dist/application/read-collections.js:16:31)
    file:///Users/seunghanee/Documents/secumon/runtime/dist/application/compose-runtime.js:30:74
    Array.map (<anonymous>)
    composeRuntime (file:///Users/seunghanee/Documents/secumon/runtime/dist/application/compose-runtime.js:30:59)
    async setup (file:///Users/seunghanee/Documents/secumon/runtime/dist/tests/execution-mode-runtime.test.js:70:19)
    async TestContext.<anonymous> (file:///Users/seunghanee/Documents/secumon/runtime/dist/tests/execution-mode-runtime.test.js:362:19)
    async Test.run (node:internal/test_runner/test:1404:7)
    async Test.processPendingSubtests (node:internal/test_runner/test:969:7)
  ...
# Subtest: local versioned defaults select direct auto/fast and investigate deep without allocating work
ok 57 - local versioned defaults select direct auto/fast and investigate deep without allocating work
  ---
  duration_ms: 2.251708
  type: 'test'
  ...
# Subtest: new controls snapshot caller policy and never expose the default policy for mutation
ok 58 - new controls snapshot caller policy and never expose the default policy for mutation
  ---
  duration_ms: 0.063125
  type: 'test'
  ...
# Subtest: legacy goals supply initial mode while a saved control overrides it without mutating state
ok 59 - legacy goals supply initial mode while a saved control overrides it without mutating state
  ---
  duration_ms: 3.010709
  type: 'test'
  ...
# Subtest: effective fast limits are absolute work caps and retain token/time limits
ok 60 - effective fast limits are absolute work caps and retain token/time limits
  ---
  duration_ms: 0.244667
  type: 'test'
  ...
# Subtest: auto starts direct while retaining the user work limits before evidence or strategy expansion
ok 61 - auto starts direct while retaining the user work limits before evidence or strategy expansion
  ---
  duration_ms: 0.483875
  type: 'test'
  ...
# Subtest: explicit work caps beat mode policy and mode changes cannot grant a fresh allowance
ok 62 - explicit work caps beat mode policy and mode changes cannot grant a fresh allowance
  ---
  duration_ms: 0.213167
  type: 'test'
  ...
# Subtest: investigate strategies retain explicit work limits and pending mode requests have no effect yet
ok 63 - investigate strategies retain explicit work limits and pending mode requests have no effect yet
  ---
  duration_ms: 0.138792
  type: 'test'
  ...
# Subtest: fast allows completed history plus one pending task and counts only current adopted successes
ok 64 - fast allows completed history plus one pending task and counts only current adopted successes
  ---
  duration_ms: 2.664417
  type: 'test'
  ...
# Subtest: fast rejects an oversized pending graph or hypotheses without mutating or silently escalating
ok 65 - fast rejects an oversized pending graph or hypotheses without mutating or silently escalating
  ---
  duration_ms: 0.557584
  type: 'test'
  ...
# Subtest: fast preserves and reviews existing hypotheses while rejecting new optional hypotheses
ok 66 - fast preserves and reviews existing hypotheses while rejecting new optional hypotheses
  ---
  duration_ms: 0.376333
  type: 'test'
  ...
# Subtest: policy-specific scope limits are used instead of hard coded local defaults
ok 67 - policy-specific scope limits are used instead of hard coded local defaults
  ---
  duration_ms: 0.284208
  type: 'test'
  ...
# Subtest: auto expands only validated plan scope and preserves investigate strategy on smaller subsequent plans
ok 68 - auto expands only validated plan scope and preserves investigate strategy on smaller subsequent plans
  ---
  duration_ms: 0.35625
  type: 'test'
  ...
# Subtest: deep permits a simple or empty plan without manufacturing tasks or hypotheses
ok 69 - deep permits a simple or empty plan without manufacturing tasks or hypotheses
  ---
  duration_ms: 0.172583
  type: 'test'
  ...
# Subtest: automatic expansion requires available relevant new evidence and an unmet criterion
ok 70 - automatic expansion requires available relevant new evidence and an unmet criterion
  ---
  duration_ms: 0.359167
  type: 'test'
  ...
# Subtest: irrelevant, inaccessible, retracted and another-scope facts cannot justify expansion
ok 71 - irrelevant, inaccessible, retracted and another-scope facts cannot justify expansion
  ---
  duration_ms: 0.340459
  type: 'test'
  ...
# Subtest: current counterevidence justifies investigation even if it has already been assessed
ok 72 - current counterevidence justifies investigation even if it has already been assessed
  ---
  duration_ms: 0.079375
  type: 'test'
  ...
# Subtest: current hypotheses allow review but sufficiently assessed completed goals do not expand
ok 73 - current hypotheses allow review but sufficiently assessed completed goals do not expand
  ---
  duration_ms: 0.098625
  type: 'test'
  ...
# Subtest: permission failure, empty responses and exhausted budgets are not independent escalation evidence
ok 74 - permission failure, empty responses and exhausted budgets are not independent escalation evidence
  ---
  duration_ms: 0.06425
  type: 'test'
  ...
# Subtest: pending obligations, active calls, terminal states and explicit modes suppress automatic expansion
ok 75 - pending obligations, active calls, terminal states and explicit modes suppress automatic expansion
  ---
  duration_ms: 0.219458
  type: 'test'
  ...
# Subtest: delivery waiting does not manufacture completion or suppress investigation of unmet criteria
ok 76 - delivery waiting does not manufacture completion or suppress investigation of unmet criteria
  ---
  duration_ms: 0.06475
  type: 'test'
  ...
# Subtest: a reserved, running or received model prevents expansion until its existing call is settled
ok 77 - a reserved, running or received model prevents expansion until its existing call is settled
  ---
  duration_ms: 0.468875
  type: 'test'
  ...
# Subtest: policy contracts reject unknown fields, unsafe counts and blank versions while allowing explicit zero caps
ok 78 - policy contracts reject unknown fields, unsafe counts and blank versions while allowing explicit zero caps
  ---
  duration_ms: 1.506417
  type: 'test'
  ...
# Subtest: control contracts enforce current mode strategy and preserve distinct pending requests
ok 79 - control contracts enforce current mode strategy and preserve distinct pending requests
  ---
  duration_ms: 0.965875
  type: 'test'
  ...
# Subtest: progress: a unique committed operation contributes once and returned state has no mutable aliases
ok 80 - progress: a unique committed operation contributes once and returned state has no mutable aliases
  ---
  duration_ms: 1.089583
  type: 'test'
  ...
# Subtest: progress: permutations, repeated known keys and new operation IDs cannot fabricate productive steps
ok 81 - progress: permutations, repeated known keys and new operation IDs cannot fabricate productive steps
  ---
  duration_ms: 2.16625
  type: 'test'
  ...
# Subtest: progress: explicit goal epochs reset only the current streak and preserve deduplication and the original retry window
ok 82 - progress: explicit goal epochs reset only the current streak and preserve deduplication and the original retry window
  ---
  duration_ms: 0.634208
  type: 'test'
  ...
# Subtest: progress: processed capacity saturates without evicting prior records or resetting on a new goal
ok 83 - progress: processed capacity saturates without evicting prior records or resetting on a new goal
  ---
  duration_ms: 0.636417
  type: 'test'
  ...
# Subtest: progress: knownKeys capacity saturates without evicting prior records or resetting on a new goal
ok 84 - progress: knownKeys capacity saturates without evicting prior records or resetting on a new goal
  ---
  duration_ms: 0.135541
  type: 'test'
  ...
# Subtest: progress: repeated failures retain their first deadline and use the current backoff without extending the retry window
ok 85 - progress: repeated failures retain their first deadline and use the current backoff without extending the retry window
  ---
  duration_ms: 2.101791
  type: 'test'
  ...
# Subtest: progress: retry gate respects the work deadline and specific repeated-failure limits
ok 86 - progress: retry gate respects the work deadline and specific repeated-failure limits
  ---
  duration_ms: 0.310416
  type: 'test'
  ...
# Subtest: progress: policies remain pinned and invalid counters, times, keys or schema fields fail closed
ok 87 - progress: policies remain pinned and invalid counters, times, keys or schema fields fail closed
  ---
  duration_ms: 0.702458
  type: 'test'
  ...
# Subtest: capture: a new negative observation is productive while aliases, timestamps and duplicate originals are not
ok 88 - capture: a new negative observation is productive while aliases, timestamps and duplicate originals are not
  ---
  duration_ms: 4.229458
  type: 'test'
  ...
# Subtest: capture: changed facts, coverage and an authenticated original version can each carry new information
ok 89 - capture: changed facts, coverage and an authenticated original version can each carry new information
  ---
  duration_ms: 0.953292
  type: 'test'
  ...
# Subtest: capture: derived copies do not add progress or independent completion credit
ok 90 - capture: derived copies do not add progress or independent completion credit
  ---
  duration_ms: 0.291209
  type: 'test'
  ...
# Subtest: capture: tenant evidence cannot earn progress
ok 91 - capture: tenant evidence cannot earn progress
  ---
  duration_ms: 0.203
  type: 'test'
  ...
# Subtest: capture: scope evidence cannot earn progress
ok 92 - capture: scope evidence cannot earn progress
  ---
  duration_ms: 0.171417
  type: 'test'
  ...
# Subtest: capture: labels evidence cannot earn progress
ok 93 - capture: labels evidence cannot earn progress
  ---
  duration_ms: 0.191541
  type: 'test'
  ...
# Subtest: capture: retracted evidence cannot earn progress
ok 94 - capture: retracted evidence cannot earn progress
  ---
  duration_ms: 0.111416
  type: 'test'
  ...
# Subtest: capture: deleted evidence cannot earn progress
ok 95 - capture: deleted evidence cannot earn progress
  ---
  duration_ms: 0.40575
  type: 'test'
  ...
# Subtest: capture: blocked-artifact evidence cannot earn progress
ok 96 - capture: blocked-artifact evidence cannot earn progress
  ---
  duration_ms: 0.300584
  type: 'test'
  ...
# Subtest: capture: a hypothesis assessment is credited once per semantic evidence basis, not per hypothesis text or evidence ID
ok 97 - capture: a hypothesis assessment is credited once per semantic evidence basis, not per hypothesis text or evidence ID
  ---
  duration_ms: 0.82725
  type: 'test'
  ...
# Subtest: capture: no evidence or a stale hypothesis assessment earns a fresh reasoning credit
ok 98 - capture: no evidence or a stale hypothesis assessment earns a fresh reasoning credit
  ---
  duration_ms: 0.312792
  type: 'test'
  ...
# Subtest: capture: only satisfied obligations contribute and identity or explanation rewrites cannot repeat the credit
ok 99 - capture: only satisfied obligations contribute and identity or explanation rewrites cannot repeat the credit
  ---
  duration_ms: 1.2185
  type: 'test'
  ...
# Subtest: capture: plan, task, revision, mode, usage and replay changes cannot reset a stalled work
ok 100 - capture: plan, task, revision, mode, usage and replay changes cannot reset a stalled work
  ---
  duration_ms: 0.347209
  type: 'test'
  ...
# Subtest: capture: trusted explicit item progress and returned state copies follow the same deduplication contract
ok 101 - capture: trusted explicit item progress and returned state copies follow the same deduplication contract
  ---
  duration_ms: 0.157042
  type: 'test'
  ...
# Subtest: progress sqlite: reopen and duplicate commit preserve settlement counts and the first retry deadline
ok 102 - progress sqlite: reopen and duplicate commit preserve settlement counts and the first retry deadline
  ---
  duration_ms: 11.847417
  type: 'test'
  ...
# Subtest: progress file-journal: reopen and duplicate commit preserve settlement counts and the first retry deadline
ok 103 - progress file-journal: reopen and duplicate commit preserve settlement counts and the first retry deadline
  ---
  duration_ms: 46.272375
  type: 'test'
  ...
1..103
# tests 103
# suites 0
# pass 101
# fail 2
# cancelled 0
# skipped 0
# todo 0
# duration_ms 13738.679666
