✔ continuation context sqlite: protected claim and canonical v1 originals survive five compactions and reopen (2572.337708ms)
✔ continuation context sqlite: late malformed parent receive cannot rewrite a claimed source (1372.939542ms)
✔ continuation context sqlite: missing head fences an otherwise unchanged claim (1461.356166ms)
✔ continuation context sqlite: missing result fences an otherwise unchanged claim (1652.413334ms)
✔ continuation context sqlite: missing observation fences an otherwise unchanged claim (1596.548541ms)
✔ continuation context sqlite: corrupt v1 parent data and invalid bounded decode never produce a resume (1281.736042ms)
✔ continuation context sqlite: original loss during model_context storage is checked before return (1339.836417ms)
✔ continuation context sqlite: original loss during runtime_resume storage is checked before return (1287.11825ms)
✔ continuation context sqlite: visibility hides a claim while obligations remain and undeclared raw fields are discarded (1243.787791ms)
✔ continuation context sqlite: unavailable continuation proof readers fail closed even without reconciliation records (1199.097792ms)
✔ continuation context file-journal: protected claim and canonical v1 originals survive five compactions and reopen (8055.812292ms)
✔ continuation context file-journal: late malformed parent receive cannot rewrite a claimed source (2843.822625ms)
✔ continuation context file-journal: missing head fences an otherwise unchanged claim (3363.182667ms)
✔ continuation context file-journal: missing result fences an otherwise unchanged claim (4581.6075ms)
✔ continuation context file-journal: missing observation fences an otherwise unchanged claim (3477.262167ms)
✔ continuation context file-journal: corrupt v1 parent data and invalid bounded decode never produce a resume (2805.639292ms)
✔ continuation context file-journal: original loss during model_context storage is checked before return (1930.038958ms)
✔ continuation context file-journal: original loss during runtime_resume storage is checked before return (2318.743333ms)
✔ continuation context file-journal: visibility hides a claim while obligations remain and undeclared raw fields are discarded (1897.322ms)
✔ continuation context file-journal: unavailable continuation proof readers fail closed even without reconciliation records (2226.885667ms)
✔ computer continuation contract: optional fields leave legacy state, context and task digests unchanged (8.303084ms)
✔ computer continuation contract: control metadata cannot carry raw actions, offsets or two resume mechanisms (0.817834ms)
✔ computer continuation contract: counters, depth and mode cannot revive the action window or exceed inherited limits (29.227708ms)
✔ computer continuation planning: exact parent and proof participate in task identity, including historical plans (43.184459ms)
✔ computer continuation tools: proof metadata is mandatory and refresh cannot install an invalid or cacheable adapter (24.953459ms)
✔ computer continuation tools: resume is required exactly for marked tools and verify needs no write permission (8.163959ms)
✔ computer continuation transition: claim and a new reserved attempt plus budget must be committed together (5.13275ms)
✔ computer continuation transition: a claimed parent cannot be replaced, removed or assigned a second sibling (0.959958ms)
✔ computer continuation transition: source result, checkpoint and task identity stay immutable while the child progresses (1.23625ms)
✔ computer continuation transition: an unknown parent requires the exact settled proof and source basis (0.973875ms)
✔ computer continuation transition: a later generation inherits root limits and cannot reset counters, depth or the action deadline (0.609834ms)
✔ memory: continuation CAS admits one sibling, preserves its receipt on retry and rejects history edits atomically (8.287917ms)
✔ sqlite: continuation CAS admits one sibling, preserves its receipt on retry and rejects history edits atomically (118.472958ms)
✔ file-journal: continuation CAS admits one sibling, preserves its receipt on retry and rejects history edits atomically (752.046625ms)
✔ sqlite: structurally valid continue and verify plans fail before acceptance or cost (97.107375ms)
✔ sqlite: a stored continuation plan cannot create a new attempt or budget reservation (251.665209ms)
✔ sqlite: a stored continuation reservation cannot dispatch or enter through execute (382.010584ms)
✔ sqlite: even an existing dispatch receipt cannot invoke a continuation adapter or its reuse hook (368.373ms)
✔ file-journal: structurally valid continue and verify plans fail before acceptance or cost (751.334291ms)
✔ file-journal: a stored continuation plan cannot create a new attempt or budget reservation (1097.285625ms)
✔ file-journal: a stored continuation reservation cannot dispatch or enter through execute (979.12075ms)
✔ file-journal: even an existing dispatch receipt cannot invoke a continuation adapter or its reuse hook (853.168125ms)
✔ sqlite: lost receive ACK preserves the committed reconciliation response and settles without another lookup (1722.557ms)
✔ sqlite: pause during an actual driver lookup fences its late receipt while retaining the read charge and effect obligation (1567.552208ms)
✔ sqlite: goal during an actual driver lookup fences its late receipt while retaining the read charge and effect obligation (1436.999666ms)
✔ file-journal: lost receive ACK preserves the committed reconciliation response and settles without another lookup (7398.86725ms)
✔ file-journal: pause during an actual driver lookup fences its late receipt while retaining the read charge and effect obligation (5248.005667ms)
✔ file-journal: goal during an actual driver lookup fences its late receipt while retaining the read charge and effect obligation (4061.634875ms)
✔ reconciliation context sqlite: reserved metadata and original refs survive compaction and repository reopen (1995.928708ms)
✔ reconciliation context sqlite: settled metadata and original refs survive compaction and repository reopen (2447.723292ms)
✔ reconciliation context sqlite: missing proof rejects source reuse, compaction and restore (1828.986084ms)
✔ reconciliation context sqlite: corrupt proof rejects source reuse, compaction and restore (2130.987ms)
✔ reconciliation context sqlite: proof loss during model_context staging is rejected before return (1566.691458ms)
✔ reconciliation context sqlite: proof loss during runtime_resume staging is rejected before return (1615.191917ms)
✔ reconciliation context sqlite: lifecycle and read permission changes hide the index and prevent resume without dropping the pending obligation (1599.874916ms)
✔ reconciliation context sqlite: a runtime without an effect proof reader rejects settled metadata (1494.1685ms)
✔ reconciliation context file-journal: reserved metadata and original refs survive compaction and repository reopen (5927.699792ms)
✔ reconciliation context file-journal: settled metadata and original refs survive compaction and repository reopen (10520.46025ms)
✔ reconciliation context file-journal: missing proof rejects source reuse, compaction and restore (6371.37175ms)
✔ reconciliation context file-journal: corrupt proof rejects source reuse, compaction and restore (4356.196208ms)
✔ reconciliation context file-journal: proof loss during model_context staging is rejected before return (3554.806ms)
✔ reconciliation context file-journal: proof loss during runtime_resume staging is rejected before return (3161.110416ms)
✔ reconciliation context file-journal: lifecycle and read permission changes hide the index and prevent resume without dropping the pending obligation (1702.506084ms)
✔ reconciliation context file-journal: a runtime without an effect proof reader rejects settled metadata (1261.786208ms)
✔ computer reconciliation contract: optional index preserves legacy states and contexts without adding empty metadata (12.3845ms)
✔ computer reconciliation contract: metadata remains strict and bounded without accepting raw action or duplicate ids (24.723167ms)
✔ computer reconciliation contract: received and settled require different proof stages and a timed response (0.338125ms)
✔ computer reconciliation contract: lookup outcome does not erase an earlier applied prefix or invent a known absence (0.128625ms)
✔ computer reconciliation transition: intent identity and the first response, proof, and timestamps cannot be replaced (1.68425ms)
✔ computer reconciliation transition: new records cannot skip dispatch and existing records cannot disappear or restart (0.897459ms)
✔ computer reconciliation transition: known claims remain historical even when the proof is invalidated (4.477667ms)
✔ computer reconciliation transition: original task identity, result, and checkpoint remain fixed across late updates (0.968125ms)
✔ memory: reconciliation CAS retains original results, rejects rollback atomically, and preserves historical receipts (9.810875ms)
✔ sqlite: reconciliation CAS retains original results, rejects rollback atomically, and preserves historical receipts (13.451583ms)
✔ file-journal: reconciliation CAS retains original results, rejects rollback atomically, and preserves historical receipts (1260.225583ms)
✔ sqlite: receipt identity and driver mismatches cannot close an effect and retain the measured read (3025.397583ms)
✔ sqlite: a lease acquisition that ignores abort cannot hold cancellation or enter lookup later (1368.7185ms)
✔ sqlite: a reconciled expired input keeps its intent head and null result when the original runner returns late (1142.763084ms)
✔ sqlite: revoking a parent grant refunds an unused query and prevents a fresh lookup allowance (1723.204291ms)
✔ file-journal: receipt identity and driver mismatches cannot close an effect and retain the measured read (10564.641208ms)
✔ file-journal: a lease acquisition that ignores abort cannot hold cancellation or enter lookup later (3583.167333ms)
✔ file-journal: a reconciled expired input keeps its intent head and null result when the original runner returns late (3693.866375ms)
✔ file-journal: revoking a parent grant refunds an unused query and prevents a fresh lookup allowance (5421.982084ms)
✔ reconciliation outbox sqlite: current proof permits one result send and delivery obligation settlement (2175.123875ms)
✔ reconciliation outbox sqlite: narrowed tool authority preserves proof validation while channel restrictions still apply (3998.264708ms)
✔ reconciliation outbox sqlite: proof loss at the same revision prevents any result transport (2076.865208ms)
✔ reconciliation outbox sqlite: proof loss defers lookup of an already sent uncertain result (1758.260583ms)
✔ reconciliation outbox sqlite: proof loss after the send claim is checked before entering the sink (1665.813625ms)
✔ reconciliation outbox sqlite: proof loss in the pre-lookup artifact await prevents receipt lookup (1743.941125ms)
✔ reconciliation outbox sqlite: proof loss during send keeps the delivery unadopted without resending (1614.608ms)
✔ reconciliation outbox sqlite: proof loss during receipt lookup cannot close the delivery obligation (1425.96875ms)
✔ reconciliation outbox sqlite: the commit guard rechecks proof after awaited artifact validation (1178.122375ms)
✔ reconciliation outbox file-journal: current proof permits one result send and delivery obligation settlement (7060.984666ms)
✔ reconciliation outbox file-journal: narrowed tool authority preserves proof validation while channel restrictions still apply (13557.635708ms)
✔ reconciliation outbox file-journal: proof loss at the same revision prevents any result transport (4048.920875ms)
✔ reconciliation outbox file-journal: proof loss defers lookup of an already sent uncertain result (4412.168042ms)
✔ reconciliation outbox file-journal: proof loss after the send claim is checked before entering the sink (2942.830958ms)
✔ reconciliation outbox file-journal: proof loss in the pre-lookup artifact await prevents receipt lookup (1693.303459ms)
✔ reconciliation outbox file-journal: proof loss during send keeps the delivery unadopted without resending (1048.249333ms)
✔ reconciliation outbox file-journal: proof loss during receipt lookup cannot close the delivery obligation (1090.758833ms)
✔ reconciliation outbox file-journal: the commit guard rechecks proof after awaited artifact validation (1027.59225ms)
✔ sqlite: reserve command receipt is required to authenticate an otherwise intact reconciliation proof (1858.300334ms)
✔ sqlite: dispatch command receipt is required to authenticate an otherwise intact reconciliation proof (1796.145042ms)
✔ sqlite: receive command receipt is required to authenticate an otherwise intact reconciliation proof (1809.589208ms)
✔ sqlite: settle command receipt is required to authenticate an otherwise intact reconciliation proof (1809.274709ms)
✔ sqlite: concurrent identical reserve, execute, and settle calls retain one intent, one lookup charge, and one proof (1666.91875ms)
✔ file-journal: reserve command receipt is required to authenticate an otherwise intact reconciliation proof (7282.961ms)
✔ file-journal: dispatch command receipt is required to authenticate an otherwise intact reconciliation proof (5701.759416ms)
✔ file-journal: receive command receipt is required to authenticate an otherwise intact reconciliation proof (5236.2095ms)
✔ file-journal: settle command receipt is required to authenticate an otherwise intact reconciliation proof (5772.843334ms)
✔ file-journal: concurrent identical reserve, execute, and settle calls retain one intent, one lookup charge, and one proof (4817.188375ms)
✔ sqlite: SIGKILL after reconciliation reservation preserves its owner and refunds only on expiry before an explicit new command (2250.473375ms)
✔ sqlite: SIGKILL during dispatched lookup retains unknown usage and never reissues that command across expiry (2101.66825ms)
✔ sqlite: SIGKILL after received reconciliation settles the stored timely response after lease expiry with no new lookup or input (2070.165167ms)
✔ sqlite: SIGKILL after settlement reopens a current separate proof and duplicate commands remain read-only (1882.682208ms)
✔ file-journal: SIGKILL after reconciliation reservation preserves its owner and refunds only on expiry before an explicit new command (7821.714167ms)
✔ file-journal: SIGKILL during dispatched lookup retains unknown usage and never reissues that command across expiry (6884.775958ms)
✔ file-journal: SIGKILL after received reconciliation settles the stored timely response after lease expiry with no new lookup or input (4878.579708ms)
✔ file-journal: SIGKILL after settlement reopens a current separate proof and duplicate commands remain read-only (7130.745708ms)
✔ sqlite: screen result depends on the live reconciliation proof even when the state revision and previous cursor are unchanged (2143.639917ms)
✔ sqlite: proof loss during diagnostics projection withholds an already prepared result before returning a cursor (1909.442584ms)
✔ sqlite: a reader without the effect verifier cannot treat stored settled metadata as current proof (2000.343416ms)
✔ file-journal: screen result depends on the live reconciliation proof even when the state revision and previous cursor are unchanged (10556.241875ms)
✔ file-journal: proof loss during diagnostics projection withholds an already prepared result before returning a cursor (6624.872125ms)
✔ file-journal: a reader without the effect verifier cannot treat stored settled metadata as current proof (5792.890042ms)
✔ sqlite: explicit reconciliation records a read response and separate effect proof without adopting or changing the original input (1787.289917ms)
✔ sqlite: recorded not-applied receipts resolve only the unknown step and preserve a prior applied prefix (2842.078708ms)
✔ sqlite: a missing driver receipt remains unresolved and repeating the same request neither repeats input nor lookup (969.290708ms)
✔ sqlite: duplicate command and execution charge one lookup while changed payload conflicts (1540.94125ms)
✔ sqlite: exhausted lookup budget refuses reservation without a driver call or a stored intent (1252.123791ms)
✔ sqlite: receipt lookup requires current read authority but does not require permission to issue another input (1430.321ms)
✔ sqlite: an expired unused reconciliation reservation is released and the same request never dispatches later (1057.437708ms)
✔ sqlite: loss of a settled proof reopens the effect obligation while preserving the old receipt, claim, and original head (1106.491083ms)
✔ file-journal: explicit reconciliation records a read response and separate effect proof without adopting or changing the original input (5582.547834ms)
✔ file-journal: recorded not-applied receipts resolve only the unknown step and preserve a prior applied prefix (7868.688208ms)
✔ file-journal: a missing driver receipt remains unresolved and repeating the same request neither repeats input nor lookup (4722.903292ms)
✔ file-journal: duplicate command and execution charge one lookup while changed payload conflicts (4816.402958ms)
✔ file-journal: exhausted lookup budget refuses reservation without a driver call or a stored intent (1797.36ms)
✔ file-journal: receipt lookup requires current read authority but does not require permission to issue another input (3039.534458ms)
✔ file-journal: an expired unused reconciliation reservation is released and the same request never dispatches later (2159.250666ms)
✔ file-journal: loss of a settled proof reopens the effect obligation while preserving the old receipt, claim, and original head (2571.941375ms)
✔ sqlite: injected invalid retained proof blocks every pending ack, question and failure before transport (213.0875ms)
✔ sqlite: retained failed proof blocks receipt lookup and settlement for uncertain ack, question and failure (219.710041ms)
✔ sqlite: settled-to-failed transition during send cannot adopt an already returned channel receipt (543.72325ms)
✔ sqlite: failed-only retained proof is checked again at the final delivery commit after an artifact await (473.565375ms)
✔ file-journal: injected invalid retained proof blocks every pending ack, question and failure before transport (1191.066084ms)
✔ file-journal: retained failed proof blocks receipt lookup and settlement for uncertain ack, question and failure (391.977417ms)
✔ file-journal: settled-to-failed transition during send cannot adopt an already returned channel receipt (1997.876ms)
✔ file-journal: failed-only retained proof is checked again at the final delivery commit after an artifact await (1836.983792ms)
✔ effect proofs: a legacy work uses neither the optional checker nor any refresh mutation (17.131084ms)
✔ effect proofs: settled claims require a checker and checker failures stay unavailable (9.163416ms)
✔ effect proofs: missing checker reopens the original obligation and cancels ordinary reservations once without rewriting proof history (6.369417ms)
✔ effect proofs: expired reserved lookup releases only an undispatched reservation and preserves measured uncertainty (4.863167ms)
✔ effect proofs: expired running lookup releases only an undispatched reservation and preserves measured uncertainty (4.033416ms)
✔ effect proofs: lifecycle deletion reopens a settled effect and quarantines all linked references without changing received facts or timestamps (6.595834ms)
✔ effect proofs: a committed tool dispatch with missing proof authority cannot silently bypass the broker (7.189375ms)
✔ effect proofs: a committed tool dispatch with invalid proof authority cannot silently bypass the broker (4.449625ms)
✔ effect proofs: a committed tool dispatch with valid proof authority cannot silently bypass the broker (4.699542ms)
✔ effect proofs: a reuse await that loses proof validity is checked before implementation entry (4.571625ms)
✔ effect proofs: invalid proof prevents new model reservation before compiling input (4.01375ms)
✔ effect proofs: losing proof during model input read prevents actual planner entry and still settles the dispatched call (8.6425ms)
✔ effect proofs: loss during adoption artifact checks rejects a stored model proposal while preserving usage (8.684208ms)
✔ effect proofs: a valid checker permits one model invocation and adoption with the historical proof unchanged (5.060542ms)
✔ effect proofs: proof loss during result body storage prevents response publication (5.553ms)
✔ effect proofs: a same-revision snapshot suppresses an existing result when its proof becomes unavailable during the read (4.571041ms)
✔ sqlite: work resource bodies and metadata use canonical effect proof with a narrowed caller and fail without a checker (429.600875ms)
✔ sqlite: proof invalidation during original or stored result I/O cannot return the already read body (428.458625ms)
✔ sqlite: disclosure release, saved payload, raw read and receiver entry all retain current source effect proof (479.023125ms)
✔ sqlite: private, derived and cached shared memory cannot outlive the original work effect proof (481.382875ms)
✔ sqlite: source proof authentication does not recursively validate memory copied into that same work (1145.305834ms)
✖ sqlite: a failed historical effect proof stays required after refresh and reopen until the same source is explicitly proved again (1756.304625ms)
✔ file-journal: work resource bodies and metadata use canonical effect proof with a narrowed caller and fail without a checker (1477.843584ms)
✔ file-journal: proof invalidation during original or stored result I/O cannot return the already read body (1129.095625ms)
✔ file-journal: disclosure release, saved payload, raw read and receiver entry all retain current source effect proof (1156.798917ms)
✔ file-journal: private, derived and cached shared memory cannot outlive the original work effect proof (1474.027708ms)
✔ file-journal: source proof authentication does not recursively validate memory copied into that same work (4462.751208ms)
✖ file-journal: a failed historical effect proof stays required after refresh and reopen until the same source is explicitly proved again (6015.852625ms)
✔ sqlite: custody-free reads keep their original I/O path and a W to M to W custody cycle remains finite (135.225083ms)
✖ sqlite: external K revise blocks direct, derived and cached M before W is refreshed (222.35475ms)
✖ sqlite: external K retract blocks direct, derived and cached M before W is refreshed (267.945209ms)
✔ sqlite: external K expire blocks direct, derived and cached M before W is refreshed (201.501917ms)
✔ sqlite: external K generation blocks direct, derived and cached M before W is refreshed (166.290917ms)
✔ sqlite: a shared reader uses current M authority without impersonating its owner's private K actor (177.215958ms)
✔ sqlite: custody does not reconstruct an unconfirmed reviewer-only permission (175.723ms)
✔ sqlite: custody entry and byte limits fail closed before reading unbounded knowledge records (1417.953292ms)
✔ sqlite: a derivedFrom cycle remains invalid even when its work custody graph is finite (140.137625ms)
✔ sqlite: external memory changed during closure collection cannot survive the stable snapshot (171.502ms)
✔ file-journal: custody-free reads keep their original I/O path and a W to M to W custody cycle remains finite (454.419833ms)
✖ file-journal: external K revise blocks direct, derived and cached M before W is refreshed (1072.373084ms)
✖ file-journal: external K retract blocks direct, derived and cached M before W is refreshed (884.647792ms)
✔ file-journal: external K expire blocks direct, derived and cached M before W is refreshed (756.261833ms)
✔ file-journal: external K generation blocks direct, derived and cached M before W is refreshed (630.189167ms)
✔ file-journal: a shared reader uses current M authority without impersonating its owner's private K actor (597.402791ms)
✔ file-journal: custody does not reconstruct an unconfirmed reviewer-only permission (354.168042ms)
✔ file-journal: custody entry and byte limits fail closed before reading unbounded knowledge records (391.301042ms)
✔ file-journal: a derivedFrom cycle remains invalid even when its work custody graph is finite (465.785167ms)
✔ file-journal: external memory changed during closure collection cannot survive the stable snapshot (473.019625ms)
ℹ tests 197
ℹ suites 0
ℹ pass 191
ℹ fail 6
ℹ cancelled 0
ℹ skipped 0
ℹ todo 0
ℹ duration_ms 54688.809833

✖ failing tests:

test at dist/tests/effect-source-consumers.test.js:288:5
✖ sqlite: a failed historical effect proof stays required after refresh and reopen until the same source is explicitly proved again (1756.304625ms)
  AssertionError [ERR_ASSERTION]: explicit receipt lookup performs no synthetic input
  + actual - expected
  ... Skipped lines
  
    {
      elements: [
        {
          enabled: true,
          name: 'Query',
  ...
      epoch: 33562396492182,
  +   fence: 2,
  -   fence: 0,
      focusRevision: 0,
      focused: true,
      inputCount: 2,
      invocations: [],
      invocationsOmitted: 0,
  ...
      sessionCalls: {
  +     acquire: 1,
  +     release: 1
  -     acquire: 0,
  -     release: 0
      },
      sessionId: 'synthetic-document',
      surfaceId: 'synthetic-document-window',
      usage: {
        imageBytes: 0,
  +     internalOperations: 1,
  +     transportCalls: 1,
  -     internalOperations: 0,
  -     transportCalls: 0,
        waitMs: 0
      },
      viewRevision: 0
    }
  
      at TestContext.<anonymous> (file:///Users/seunghanee/Documents/secumon/runtime/dist/tests/effect-source-consumers.test.js:391:16)
      at async Test.run (node:internal/test_runner/test:1404:7)
      at async Test.processPendingSubtests (node:internal/test_runner/test:969:7) {
    generatedMessage: false,
    code: 'ERR_ASSERTION',
    actual: { query: '', note: 'reviewed', resultsReady: false, savedNote: 'reviewed', saveCount: 1, inputCount: 2, sessionId: 'synthetic-document', epoch: 33562396492182, surfaceId: 'synthetic-document-window', viewRevision: 0, focusRevision: 0, focused: true, fence: 2, owner: 'available', lease: null, usage: { transportCalls: 1, internalOperations: 1, imageBytes: 0, waitMs: 0 }, sessionCalls: { acquire: 1, release: 1 }, invocations: [], invocationsOmitted: 0, elements: [ [Object], [Object], [Object], [Object] ] },
    expected: { query: '', note: 'reviewed', resultsReady: false, savedNote: 'reviewed', saveCount: 1, inputCount: 2, sessionId: 'synthetic-document', epoch: 33562396492182, surfaceId: 'synthetic-document-window', viewRevision: 0, focusRevision: 0, focused: true, fence: 0, owner: 'available', lease: null, usage: { transportCalls: 0, internalOperations: 0, imageBytes: 0, waitMs: 0 }, sessionCalls: { acquire: 0, release: 0 }, invocations: [], invocationsOmitted: 0, elements: [ [Object], [Object], [Object], [Object] ] },
    operator: 'deepStrictEqual',
    diff: 'simple'
  }

test at dist/tests/effect-source-consumers.test.js:288:5
✖ file-journal: a failed historical effect proof stays required after refresh and reopen until the same source is explicitly proved again (6015.852625ms)
  AssertionError [ERR_ASSERTION]: explicit receipt lookup performs no synthetic input
  + actual - expected
  ... Skipped lines
  
    {
      elements: [
        {
          enabled: true,
          name: 'Query',
  ...
      epoch: 153803338638570,
  +   fence: 2,
  -   fence: 0,
      focusRevision: 0,
      focused: true,
      inputCount: 2,
      invocations: [],
      invocationsOmitted: 0,
  ...
      sessionCalls: {
  +     acquire: 1,
  +     release: 1
  -     acquire: 0,
  -     release: 0
      },
      sessionId: 'synthetic-document',
      surfaceId: 'synthetic-document-window',
      usage: {
        imageBytes: 0,
  +     internalOperations: 1,
  +     transportCalls: 1,
  -     internalOperations: 0,
  -     transportCalls: 0,
        waitMs: 0
      },
      viewRevision: 0
    }
  
      at TestContext.<anonymous> (file:///Users/seunghanee/Documents/secumon/runtime/dist/tests/effect-source-consumers.test.js:391:16)
      at async Test.run (node:internal/test_runner/test:1404:7)
      at async Test.processPendingSubtests (node:internal/test_runner/test:969:7) {
    generatedMessage: false,
    code: 'ERR_ASSERTION',
    actual: { query: '', note: 'reviewed', resultsReady: false, savedNote: 'reviewed', saveCount: 1, inputCount: 2, sessionId: 'synthetic-document', epoch: 153803338638570, surfaceId: 'synthetic-document-window', viewRevision: 0, focusRevision: 0, focused: true, fence: 2, owner: 'available', lease: null, usage: { transportCalls: 1, internalOperations: 1, imageBytes: 0, waitMs: 0 }, sessionCalls: { acquire: 1, release: 1 }, invocations: [], invocationsOmitted: 0, elements: [ [Object], [Object], [Object], [Object] ] },
    expected: { query: '', note: 'reviewed', resultsReady: false, savedNote: 'reviewed', saveCount: 1, inputCount: 2, sessionId: 'synthetic-document', epoch: 153803338638570, surfaceId: 'synthetic-document-window', viewRevision: 0, focusRevision: 0, focused: true, fence: 0, owner: 'available', lease: null, usage: { transportCalls: 0, internalOperations: 0, imageBytes: 0, waitMs: 0 }, sessionCalls: { acquire: 0, release: 0 }, invocations: [], invocationsOmitted: 0, elements: [ [Object], [Object], [Object], [Object] ] },
    operator: 'deepStrictEqual',
    diff: 'simple'
  }

test at dist/tests/knowledge-effect-custody.test.js:89:9
✖ sqlite: external K revise blocks direct, derived and cached M before W is refreshed (222.35475ms)
  AssertionError [ERR_ASSERTION]: Expected values to be strictly equal:
  
  false !== true
  
      at TestContext.<anonymous> (file:///Users/seunghanee/Documents/secumon/runtime/dist/tests/knowledge-effect-custody.test.js:112:20)
      at async Test.run (node:internal/test_runner/test:1404:7)
      at async Test.processPendingSubtests (node:internal/test_runner/test:969:7) {
    generatedMessage: true,
    code: 'ERR_ASSERTION',
    actual: false,
    expected: true,
    operator: 'strictEqual',
    diff: 'simple'
  }

test at dist/tests/knowledge-effect-custody.test.js:89:9
✖ sqlite: external K retract blocks direct, derived and cached M before W is refreshed (267.945209ms)
  AssertionError [ERR_ASSERTION]: Expected values to be strictly equal:
  
  false !== true
  
      at TestContext.<anonymous> (file:///Users/seunghanee/Documents/secumon/runtime/dist/tests/knowledge-effect-custody.test.js:112:20)
      at async Test.run (node:internal/test_runner/test:1404:7)
      at async Test.processPendingSubtests (node:internal/test_runner/test:969:7) {
    generatedMessage: true,
    code: 'ERR_ASSERTION',
    actual: false,
    expected: true,
    operator: 'strictEqual',
    diff: 'simple'
  }

test at dist/tests/knowledge-effect-custody.test.js:89:9
✖ file-journal: external K revise blocks direct, derived and cached M before W is refreshed (1072.373084ms)
  AssertionError [ERR_ASSERTION]: Expected values to be strictly equal:
  
  false !== true
  
      at TestContext.<anonymous> (file:///Users/seunghanee/Documents/secumon/runtime/dist/tests/knowledge-effect-custody.test.js:112:20)
      at async Test.run (node:internal/test_runner/test:1404:7)
      at async Test.processPendingSubtests (node:internal/test_runner/test:969:7) {
    generatedMessage: true,
    code: 'ERR_ASSERTION',
    actual: false,
    expected: true,
    operator: 'strictEqual',
    diff: 'simple'
  }

test at dist/tests/knowledge-effect-custody.test.js:89:9
✖ file-journal: external K retract blocks direct, derived and cached M before W is refreshed (884.647792ms)
  AssertionError [ERR_ASSERTION]: Expected values to be strictly equal:
  
  false !== true
  
      at TestContext.<anonymous> (file:///Users/seunghanee/Documents/secumon/runtime/dist/tests/knowledge-effect-custody.test.js:112:20)
      at async Test.run (node:internal/test_runner/test:1404:7)
      at async Test.processPendingSubtests (node:internal/test_runner/test:969:7) {
    generatedMessage: true,
    code: 'ERR_ASSERTION',
    actual: false,
    expected: true,
    operator: 'strictEqual',
    diff: 'simple'
  }
