✔ continuation context sqlite: protected claim and canonical v1 originals survive five compactions and reopen (2549.346666ms)
✔ continuation context sqlite: late malformed parent receive cannot rewrite a claimed source (1490.473458ms)
✔ continuation context sqlite: missing head fences an otherwise unchanged claim (1393.831667ms)
✔ continuation context sqlite: missing result fences an otherwise unchanged claim (1581.98425ms)
✔ continuation context sqlite: missing observation fences an otherwise unchanged claim (1452.08ms)
✔ continuation context sqlite: corrupt v1 parent data and invalid bounded decode never produce a resume (1184.892958ms)
✔ continuation context sqlite: original loss during model_context storage is checked before return (1282.792625ms)
✔ continuation context sqlite: original loss during runtime_resume storage is checked before return (1216.158666ms)
✔ continuation context sqlite: visibility hides a claim while obligations remain and undeclared raw fields are discarded (1079.980875ms)
✔ continuation context sqlite: unavailable continuation proof readers fail closed even without reconciliation records (1180.703125ms)
✔ continuation context file-journal: protected claim and canonical v1 originals survive five compactions and reopen (7681.851708ms)
✔ continuation context file-journal: late malformed parent receive cannot rewrite a claimed source (3718.964875ms)
✔ continuation context file-journal: missing head fences an otherwise unchanged claim (4219.189583ms)
✔ continuation context file-journal: missing result fences an otherwise unchanged claim (3226.416667ms)
✔ continuation context file-journal: missing observation fences an otherwise unchanged claim (2442.054916ms)
✔ continuation context file-journal: corrupt v1 parent data and invalid bounded decode never produce a resume (1993.135625ms)
✔ continuation context file-journal: original loss during model_context storage is checked before return (1710.203666ms)
✔ continuation context file-journal: original loss during runtime_resume storage is checked before return (1982.020333ms)
✔ continuation context file-journal: visibility hides a claim while obligations remain and undeclared raw fields are discarded (1551.671084ms)
✔ continuation context file-journal: unavailable continuation proof readers fail closed even without reconciliation records (1966.302666ms)
✔ computer continuation contract: optional fields leave legacy state, context and task digests unchanged (6.687833ms)
✔ computer continuation contract: control metadata cannot carry raw actions, offsets or two resume mechanisms (0.739ms)
✔ computer continuation contract: counters, depth and mode cannot revive the action window or exceed inherited limits (30.372542ms)
✔ computer continuation planning: exact parent and proof participate in task identity, including historical plans (14.805166ms)
✔ computer continuation tools: proof metadata is mandatory and refresh cannot install an invalid or cacheable adapter (23.322167ms)
✔ computer continuation tools: resume is required exactly for marked tools and verify needs no write permission (3.73075ms)
✔ computer continuation transition: claim and a new reserved attempt plus budget must be committed together (1.109792ms)
✔ computer continuation transition: a claimed parent cannot be replaced, removed or assigned a second sibling (1.0245ms)
✔ computer continuation transition: source result, checkpoint and task identity stay immutable while the child progresses (0.473334ms)
✔ computer continuation transition: an unknown parent requires the exact settled proof and source basis (0.587375ms)
✔ computer continuation transition: a later generation inherits root limits and cannot reset counters, depth or the action deadline (9.264792ms)
✔ memory: continuation CAS admits one sibling, preserves its receipt on retry and rejects history edits atomically (13.870792ms)
✔ sqlite: continuation CAS admits one sibling, preserves its receipt on retry and rejects history edits atomically (24.274833ms)
✔ file-journal: continuation CAS admits one sibling, preserves its receipt on retry and rejects history edits atomically (746.393834ms)
✔ sqlite: structurally valid continue and verify plans fail before acceptance or cost (83.055417ms)
✔ sqlite: a stored continuation plan cannot create a new attempt or budget reservation (295.870333ms)
✔ sqlite: a stored continuation reservation cannot dispatch or enter through execute (403.182667ms)
✔ sqlite: even an existing dispatch receipt cannot invoke a continuation adapter or its reuse hook (342.67675ms)
✔ file-journal: structurally valid continue and verify plans fail before acceptance or cost (734.820709ms)
✔ file-journal: a stored continuation plan cannot create a new attempt or budget reservation (1050.330708ms)
✔ file-journal: a stored continuation reservation cannot dispatch or enter through execute (1027.704292ms)
✔ file-journal: even an existing dispatch receipt cannot invoke a continuation adapter or its reuse hook (803.708959ms)
✔ sqlite: lost receive ACK preserves the committed reconciliation response and settles without another lookup (1895.343375ms)
✔ sqlite: pause during an actual driver lookup fences its late receipt while retaining the read charge and effect obligation (1446.189209ms)
✔ sqlite: goal during an actual driver lookup fences its late receipt while retaining the read charge and effect obligation (1499.626875ms)
✔ file-journal: lost receive ACK preserves the committed reconciliation response and settles without another lookup (7206.72825ms)
✔ file-journal: pause during an actual driver lookup fences its late receipt while retaining the read charge and effect obligation (5135.860708ms)
✔ file-journal: goal during an actual driver lookup fences its late receipt while retaining the read charge and effect obligation (3795.859458ms)
✔ reconciliation context sqlite: reserved metadata and original refs survive compaction and repository reopen (2185.7075ms)
✔ reconciliation context sqlite: settled metadata and original refs survive compaction and repository reopen (2449.135292ms)
✔ reconciliation context sqlite: missing proof rejects source reuse, compaction and restore (1797.899792ms)
✔ reconciliation context sqlite: corrupt proof rejects source reuse, compaction and restore (1802.998708ms)
✔ reconciliation context sqlite: proof loss during model_context staging is rejected before return (1500.008458ms)
✔ reconciliation context sqlite: proof loss during runtime_resume staging is rejected before return (1546.010916ms)
✖ reconciliation context sqlite: lifecycle and read permission changes hide the index without dropping the pending obligation (1486.713ms)
✔ reconciliation context sqlite: a runtime without an effect proof reader rejects settled metadata (1445.94225ms)
✔ reconciliation context file-journal: reserved metadata and original refs survive compaction and repository reopen (5753.0085ms)
✔ reconciliation context file-journal: settled metadata and original refs survive compaction and repository reopen (11086.97925ms)
✔ reconciliation context file-journal: missing proof rejects source reuse, compaction and restore (4486.84175ms)
✔ reconciliation context file-journal: corrupt proof rejects source reuse, compaction and restore (3488.107958ms)
✔ reconciliation context file-journal: proof loss during model_context staging is rejected before return (2984.14925ms)
✔ reconciliation context file-journal: proof loss during runtime_resume staging is rejected before return (2861.84ms)
✖ reconciliation context file-journal: lifecycle and read permission changes hide the index without dropping the pending obligation (1737.178125ms)
✔ reconciliation context file-journal: a runtime without an effect proof reader rejects settled metadata (1403.951875ms)
✔ computer reconciliation contract: optional index preserves legacy states and contexts without adding empty metadata (9.967292ms)
✔ computer reconciliation contract: metadata remains strict and bounded without accepting raw action or duplicate ids (33.1845ms)
✔ computer reconciliation contract: received and settled require different proof stages and a timed response (0.625417ms)
✔ computer reconciliation contract: lookup outcome does not erase an earlier applied prefix or invent a known absence (0.380083ms)
✔ computer reconciliation transition: intent identity and the first response, proof, and timestamps cannot be replaced (2.784958ms)
✔ computer reconciliation transition: new records cannot skip dispatch and existing records cannot disappear or restart (0.523625ms)
✔ computer reconciliation transition: known claims remain historical even when the proof is invalidated (1.387458ms)
✔ computer reconciliation transition: original task identity, result, and checkpoint remain fixed across late updates (1.400167ms)
✔ memory: reconciliation CAS retains original results, rejects rollback atomically, and preserves historical receipts (20.041708ms)
✔ sqlite: reconciliation CAS retains original results, rejects rollback atomically, and preserves historical receipts (37.413875ms)
✔ file-journal: reconciliation CAS retains original results, rejects rollback atomically, and preserves historical receipts (1314.341917ms)
✔ sqlite: receipt identity and driver mismatches cannot close an effect and retain the measured read (3126.201833ms)
✔ sqlite: a lease acquisition that ignores abort cannot hold cancellation or enter lookup later (1412.441958ms)
✔ sqlite: a reconciled expired input keeps its intent head and null result when the original runner returns late (998.911875ms)
✔ sqlite: revoking a parent grant refunds an unused query and prevents a fresh lookup allowance (1559.932417ms)
✔ file-journal: receipt identity and driver mismatches cannot close an effect and retain the measured read (10410.749167ms)
✔ file-journal: a lease acquisition that ignores abort cannot hold cancellation or enter lookup later (3422.6785ms)
✔ file-journal: a reconciled expired input keeps its intent head and null result when the original runner returns late (3692.082208ms)
✔ file-journal: revoking a parent grant refunds an unused query and prevents a fresh lookup allowance (6086.295416ms)
✔ reconciliation outbox sqlite: current proof permits one result send and delivery obligation settlement (2314.400709ms)
✔ reconciliation outbox sqlite: narrowed tool authority preserves proof validation while channel restrictions still apply (3943.908208ms)
✔ reconciliation outbox sqlite: proof loss at the same revision prevents any result transport (1882.364917ms)
✔ reconciliation outbox sqlite: proof loss defers lookup of an already sent uncertain result (1671.654792ms)
✔ reconciliation outbox sqlite: proof loss after the send claim is checked before entering the sink (1730.732833ms)
✔ reconciliation outbox sqlite: proof loss in the pre-lookup artifact await prevents receipt lookup (1609.587959ms)
✔ reconciliation outbox sqlite: proof loss during send keeps the delivery unadopted without resending (1452.160208ms)
✔ reconciliation outbox sqlite: proof loss during receipt lookup cannot close the delivery obligation (1325.944041ms)
✔ reconciliation outbox sqlite: the commit guard rechecks proof after awaited artifact validation (1191.784875ms)
✔ reconciliation outbox file-journal: current proof permits one result send and delivery obligation settlement (7216.2285ms)
✔ reconciliation outbox file-journal: narrowed tool authority preserves proof validation while channel restrictions still apply (12129.064459ms)
✔ reconciliation outbox file-journal: proof loss at the same revision prevents any result transport (3178.665042ms)
✔ reconciliation outbox file-journal: proof loss defers lookup of an already sent uncertain result (3975.99875ms)
✔ reconciliation outbox file-journal: proof loss after the send claim is checked before entering the sink (2541.202125ms)
✔ reconciliation outbox file-journal: proof loss in the pre-lookup artifact await prevents receipt lookup (1851.631ms)
✔ reconciliation outbox file-journal: proof loss during send keeps the delivery unadopted without resending (1042.364916ms)
✔ reconciliation outbox file-journal: proof loss during receipt lookup cannot close the delivery obligation (1119.739417ms)
✔ reconciliation outbox file-journal: the commit guard rechecks proof after awaited artifact validation (1083.291958ms)
✔ sqlite: reserve command receipt is required to authenticate an otherwise intact reconciliation proof (1930.046958ms)
✔ sqlite: dispatch command receipt is required to authenticate an otherwise intact reconciliation proof (1728.054833ms)
✔ sqlite: receive command receipt is required to authenticate an otherwise intact reconciliation proof (1698.297834ms)
✔ sqlite: settle command receipt is required to authenticate an otherwise intact reconciliation proof (1818.181958ms)
✔ sqlite: concurrent identical reserve, execute, and settle calls retain one intent, one lookup charge, and one proof (1613.951458ms)
✔ file-journal: reserve command receipt is required to authenticate an otherwise intact reconciliation proof (7017.576208ms)
✔ file-journal: dispatch command receipt is required to authenticate an otherwise intact reconciliation proof (5442.984375ms)
✔ file-journal: receive command receipt is required to authenticate an otherwise intact reconciliation proof (6045.13375ms)
✔ file-journal: settle command receipt is required to authenticate an otherwise intact reconciliation proof (5599.365292ms)
✔ file-journal: concurrent identical reserve, execute, and settle calls retain one intent, one lookup charge, and one proof (3337.807083ms)
✔ sqlite: SIGKILL after reconciliation reservation preserves its owner and refunds only on expiry before an explicit new command (2110.7185ms)
✔ sqlite: SIGKILL during dispatched lookup retains unknown usage and never reissues that command across expiry (2018.632375ms)
✔ sqlite: SIGKILL after received reconciliation settles the stored timely response after lease expiry with no new lookup or input (1969.903875ms)
✔ sqlite: SIGKILL after settlement reopens a current separate proof and duplicate commands remain read-only (1890.677167ms)
✔ file-journal: SIGKILL after reconciliation reservation preserves its owner and refunds only on expiry before an explicit new command (7803.624458ms)
✔ file-journal: SIGKILL during dispatched lookup retains unknown usage and never reissues that command across expiry (7026.270333ms)
✔ file-journal: SIGKILL after received reconciliation settles the stored timely response after lease expiry with no new lookup or input (6150.027208ms)
✔ file-journal: SIGKILL after settlement reopens a current separate proof and duplicate commands remain read-only (5111.623625ms)
✔ sqlite: screen result depends on the live reconciliation proof even when the state revision and previous cursor are unchanged (2066.264458ms)
✔ sqlite: proof loss during diagnostics projection withholds an already prepared result before returning a cursor (1854.983042ms)
✔ sqlite: a reader without the effect verifier cannot treat stored settled metadata as current proof (1919.123083ms)
✔ file-journal: screen result depends on the live reconciliation proof even when the state revision and previous cursor are unchanged (10319.017708ms)
✔ file-journal: proof loss during diagnostics projection withholds an already prepared result before returning a cursor (6703.483458ms)
✔ file-journal: a reader without the effect verifier cannot treat stored settled metadata as current proof (6581.254167ms)
✔ sqlite: explicit reconciliation records a read response and separate effect proof without adopting or changing the original input (1854.244041ms)
✔ sqlite: recorded not-applied receipts resolve only the unknown step and preserve a prior applied prefix (2710.333542ms)
✔ sqlite: a missing driver receipt remains unresolved and repeating the same request neither repeats input nor lookup (1011.046041ms)
✔ sqlite: duplicate command and execution charge one lookup while changed payload conflicts (1427.521292ms)
✔ sqlite: exhausted lookup budget refuses reservation without a driver call or a stored intent (1121.496917ms)
✔ sqlite: receipt lookup requires current read authority but does not require permission to issue another input (1273.59775ms)
✔ sqlite: an expired unused reconciliation reservation is released and the same request never dispatches later (1000.717458ms)
✔ sqlite: loss of a settled proof reopens the effect obligation while preserving the old receipt, claim, and original head (1080.009209ms)
✔ file-journal: explicit reconciliation records a read response and separate effect proof without adopting or changing the original input (5039.815333ms)
✔ file-journal: recorded not-applied receipts resolve only the unknown step and preserve a prior applied prefix (9314.837667ms)
✔ file-journal: a missing driver receipt remains unresolved and repeating the same request neither repeats input nor lookup (3188.321334ms)
✔ file-journal: duplicate command and execution charge one lookup while changed payload conflicts (3524.424792ms)
✔ file-journal: exhausted lookup budget refuses reservation without a driver call or a stored intent (1564.0445ms)
✔ file-journal: receipt lookup requires current read authority but does not require permission to issue another input (2762.613792ms)
✔ file-journal: an expired unused reconciliation reservation is released and the same request never dispatches later (1833.241ms)
✔ file-journal: loss of a settled proof reopens the effect obligation while preserving the old receipt, claim, and original head (2373.090667ms)
✔ effect proofs: a legacy work uses neither the optional checker nor any refresh mutation (19.39675ms)
✔ effect proofs: settled claims require a checker and checker failures stay unavailable (11.185667ms)
✔ effect proofs: missing checker reopens the original obligation and cancels ordinary reservations once without rewriting proof history (6.079292ms)
✔ effect proofs: expired reserved lookup releases only an undispatched reservation and preserves measured uncertainty (5.88075ms)
✔ effect proofs: expired running lookup releases only an undispatched reservation and preserves measured uncertainty (4.353209ms)
✔ effect proofs: lifecycle deletion reopens a settled effect and quarantines all linked references without changing received facts or timestamps (6.765708ms)
✔ effect proofs: a committed tool dispatch with missing proof authority cannot silently bypass the broker (8.680833ms)
✔ effect proofs: a committed tool dispatch with invalid proof authority cannot silently bypass the broker (4.351458ms)
✔ effect proofs: a committed tool dispatch with valid proof authority cannot silently bypass the broker (4.657084ms)
✔ effect proofs: a reuse await that loses proof validity is checked before implementation entry (6.545333ms)
✔ effect proofs: invalid proof prevents new model reservation before compiling input (4.319958ms)
✔ effect proofs: losing proof during model input read prevents actual planner entry and still settles the dispatched call (9.497125ms)
✔ effect proofs: loss during adoption artifact checks rejects a stored model proposal while preserving usage (7.262084ms)
✔ effect proofs: a valid checker permits one model invocation and adoption with the historical proof unchanged (6.267917ms)
✔ effect proofs: proof loss during result body storage prevents response publication (4.306583ms)
✔ effect proofs: a same-revision snapshot suppresses an existing result when its proof becomes unavailable during the read (4.765708ms)
✔ sqlite: work resource bodies and metadata use canonical effect proof with a narrowed caller and fail without a checker (535.142875ms)
✔ sqlite: proof invalidation during original or stored result I/O cannot return the already read body (669.748209ms)
✔ sqlite: disclosure release, saved payload, raw read and receiver entry all retain current source effect proof (496.633042ms)
✔ sqlite: private, derived and cached shared memory cannot outlive the original work effect proof (508.248458ms)
✔ sqlite: source proof authentication does not recursively validate memory copied into that same work (1168.657375ms)
✖ sqlite: a failed historical effect proof stays required after refresh and reopen until the same source is explicitly proved again (163.675792ms)
✔ file-journal: work resource bodies and metadata use canonical effect proof with a narrowed caller and fail without a checker (1446.982292ms)
✔ file-journal: proof invalidation during original or stored result I/O cannot return the already read body (1499.8ms)
✔ file-journal: disclosure release, saved payload, raw read and receiver entry all retain current source effect proof (1722.107167ms)
✔ file-journal: private, derived and cached shared memory cannot outlive the original work effect proof (1767.112875ms)
✔ file-journal: source proof authentication does not recursively validate memory copied into that same work (4642.022334ms)
✖ file-journal: a failed historical effect proof stays required after refresh and reopen until the same source is explicitly proved again (173.516542ms)
ℹ tests 169
ℹ suites 0
ℹ pass 165
ℹ fail 4
ℹ cancelled 0
ℹ skipped 0
ℹ todo 0
ℹ duration_ms 51415.086041

✖ failing tests:

test at dist/tests/computer-reconciliation-context.test.js:179:5
✖ reconciliation context sqlite: lifecycle and read permission changes hide the index without dropping the pending obligation (1486.713ms)
  Error: resume_effect_proof_changed
      at ContextRecovery.snapshot (file:///Users/seunghanee/Documents/secumon/runtime/dist/application/context-recovery.js:90:23)
      at async ContextRecovery.restore (file:///Users/seunghanee/Documents/secumon/runtime/dist/application/context-recovery.js:171:27)
      at async TestContext.<anonymous> (file:///Users/seunghanee/Documents/secumon/runtime/dist/tests/computer-reconciliation-context.test.js:205:26)
      at async Test.run (node:internal/test_runner/test:1404:7)
      at async Test.processPendingSubtests (node:internal/test_runner/test:969:7) {
    code: 'resume_effect_proof_changed',
    referenceIds: []
  }

test at dist/tests/computer-reconciliation-context.test.js:179:5
✖ reconciliation context file-journal: lifecycle and read permission changes hide the index without dropping the pending obligation (1737.178125ms)
  Error: resume_effect_proof_changed
      at ContextRecovery.snapshot (file:///Users/seunghanee/Documents/secumon/runtime/dist/application/context-recovery.js:90:23)
      at async ContextRecovery.restore (file:///Users/seunghanee/Documents/secumon/runtime/dist/application/context-recovery.js:171:27)
      at async TestContext.<anonymous> (file:///Users/seunghanee/Documents/secumon/runtime/dist/tests/computer-reconciliation-context.test.js:205:26)
      at async Test.run (node:internal/test_runner/test:1404:7)
      at async Test.processPendingSubtests (node:internal/test_runner/test:969:7) {
    code: 'resume_effect_proof_changed',
    referenceIds: []
  }

test at dist/tests/effect-source-consumers.test.js:288:5
✖ sqlite: a failed historical effect proof stays required after refresh and reopen until the same source is explicitly proved again (163.675792ms)
  Error: disclosure_history_unclassified
      at validateStateTransition (file:///Users/seunghanee/Documents/secumon/runtime/dist/application/store-contract.js:27:15)
      at SqliteStateRepository.commit (file:///Users/seunghanee/Documents/secumon/runtime/dist/infrastructure/sqlite-state.js:120:13)
      at mutateComputer (file:///Users/seunghanee/Documents/secumon/runtime/dist/tests/computer-use-helpers.js:82:19)
      at async TestContext.<anonymous> (file:///Users/seunghanee/Documents/secumon/runtime/dist/tests/effect-source-consumers.test.js:294:9)
      at async Test.run (node:internal/test_runner/test:1404:7)
      at async Test.processPendingSubtests (node:internal/test_runner/test:969:7)

test at dist/tests/effect-source-consumers.test.js:288:5
✖ file-journal: a failed historical effect proof stays required after refresh and reopen until the same source is explicitly proved again (173.516542ms)
  Error: disclosure_history_unclassified
      at validateStateTransition (file:///Users/seunghanee/Documents/secumon/runtime/dist/application/store-contract.js:27:15)
      at FileJournalStateRepository.commit (file:///Users/seunghanee/Documents/secumon/runtime/dist/infrastructure/file-journal-state.js:366:9)
      at mutateComputer (file:///Users/seunghanee/Documents/secumon/runtime/dist/tests/computer-use-helpers.js:82:19)
      at async TestContext.<anonymous> (file:///Users/seunghanee/Documents/secumon/runtime/dist/tests/effect-source-consumers.test.js:294:9)
      at async Test.run (node:internal/test_runner/test:1404:7)
      at async Test.processPendingSubtests (node:internal/test_runner/test:969:7)
