✔ computer continuation contract: optional fields leave legacy state, context and task digests unchanged (7.248083ms)
✔ computer continuation contract: control metadata cannot carry raw actions, offsets or two resume mechanisms (0.780375ms)
✔ computer continuation contract: counters, depth and mode cannot revive the action window or exceed inherited limits (18.398583ms)
✔ computer continuation planning: exact parent and proof participate in task identity, including historical plans (15.229583ms)
✔ computer continuation tools: proof metadata is mandatory and refresh cannot install an invalid or cacheable adapter (8.884458ms)
✔ computer continuation tools: resume is required exactly for marked tools and verify needs no write permission (3.815542ms)
✔ computer continuation transition: claim and a new reserved attempt plus budget must be committed together (0.724792ms)
✔ computer continuation transition: a claimed parent cannot be replaced, removed or assigned a second sibling (0.922291ms)
✔ computer continuation transition: source result, checkpoint and task identity stay immutable while the child progresses (0.480084ms)
✔ computer continuation transition: an unknown parent requires the exact settled proof and source basis (0.468875ms)
✔ computer continuation transition: a later generation inherits root limits and cannot reset counters, depth or the action deadline (2.22075ms)
✔ memory: continuation CAS admits one sibling, preserves its receipt on retry and rejects history edits atomically (6.210125ms)
✔ sqlite: continuation CAS admits one sibling, preserves its receipt on retry and rejects history edits atomically (6.621209ms)
✔ file-journal: continuation CAS admits one sibling, preserves its receipt on retry and rejects history edits atomically (486.015916ms)
✔ sqlite: structurally valid continue and verify plans fail before acceptance or cost (51.754834ms)
✔ sqlite: a stored continuation plan cannot create a new attempt or budget reservation (21.487125ms)
✔ sqlite: a stored continuation reservation cannot dispatch or enter through execute (54.897208ms)
✔ sqlite: even an existing dispatch receipt cannot invoke a continuation adapter or its reuse hook (89.013667ms)
✔ file-journal: structurally valid continue and verify plans fail before acceptance or cost (443.533333ms)
✔ file-journal: a stored continuation plan cannot create a new attempt or budget reservation (337.088792ms)
✔ file-journal: a stored continuation reservation cannot dispatch or enter through execute (420.871041ms)
✔ file-journal: even an existing dispatch receipt cannot invoke a continuation adapter or its reuse hook (152.003875ms)
✔ effect proofs: a legacy work uses neither the optional checker nor any refresh mutation (21.6225ms)
✔ effect proofs: settled claims require a checker and checker failures stay unavailable (12.686875ms)
✔ effect proofs: missing checker reopens the original obligation and cancels ordinary reservations once without rewriting proof history (7.1ms)
✔ effect proofs: expired reserved lookup releases only an undispatched reservation and preserves measured uncertainty (6.1655ms)
✔ effect proofs: expired running lookup releases only an undispatched reservation and preserves measured uncertainty (4.123084ms)
✔ effect proofs: lifecycle deletion reopens a settled effect and quarantines all linked references without changing received facts or timestamps (8.804334ms)
✔ effect proofs: a committed tool dispatch with missing proof authority cannot silently bypass the broker (8.231333ms)
✔ effect proofs: a committed tool dispatch with invalid proof authority cannot silently bypass the broker (4.723959ms)
✔ effect proofs: a committed tool dispatch with valid proof authority cannot silently bypass the broker (5.049916ms)
✔ effect proofs: a reuse await that loses proof validity is checked before implementation entry (4.97725ms)
✔ effect proofs: invalid proof prevents new model reservation before compiling input (4.230625ms)
✔ effect proofs: losing proof during model input read prevents actual planner entry and still settles the dispatched call (8.485916ms)
✔ effect proofs: loss during adoption artifact checks rejects a stored model proposal while preserving usage (7.27425ms)
✔ effect proofs: a valid checker permits one model invocation and adoption with the historical proof unchanged (6.002458ms)
✔ effect proofs: proof loss during result body storage prevents response publication (4.606459ms)
✔ effect proofs: a same-revision snapshot suppresses an existing result when its proof becomes unavailable during the read (4.470208ms)
✔ sqlite: work resource bodies and metadata use canonical effect proof with a narrowed caller and fail without a checker (302.373791ms)
✔ sqlite: proof invalidation during original or stored result I/O cannot return the already read body (344.285833ms)
✔ sqlite: disclosure release, saved payload, raw read and receiver entry all retain current source effect proof (268.285084ms)
✔ sqlite: private, derived and cached shared memory cannot outlive the original work effect proof (362.632666ms)
✔ sqlite: source proof authentication does not recursively validate memory copied into that same work (536.758625ms)
✔ file-journal: work resource bodies and metadata use canonical effect proof with a narrowed caller and fail without a checker (273.179333ms)
✔ file-journal: proof invalidation during original or stored result I/O cannot return the already read body (255.461834ms)
✔ file-journal: disclosure release, saved payload, raw read and receiver entry all retain current source effect proof (351.801416ms)
✔ file-journal: private, derived and cached shared memory cannot outlive the original work effect proof (337.376333ms)
✔ file-journal: source proof authentication does not recursively validate memory copied into that same work (945.776417ms)
ℹ tests 48
ℹ suites 0
ℹ pass 48
ℹ fail 0
ℹ cancelled 0
ℹ skipped 0
ℹ todo 0
ℹ duration_ms 4071.586666
