✔ computer context sqlite: five compactions and restart preserve running input metadata (386.348667ms)
✔ computer context sqlite: five compactions and restart preserve unknown input metadata (361.325625ms)
✔ computer context file-journal: five compactions and restart preserve running input metadata (1889.156083ms)
✔ computer context file-journal: five compactions and restart preserve unknown input metadata (1656.181417ms)
✔ computer context sqlite: deleted head blocks compaction, source fence and restore (159.64575ms)
✔ computer context sqlite: modified head blocks compaction, source fence and restore (164.080167ms)
✔ computer context file-journal: deleted head blocks compaction, source fence and restore (434.602ms)
✔ computer context file-journal: modified head blocks compaction, source fence and restore (581.90925ms)
✔ computer context sqlite: mandatory input metadata cannot be evicted, altered or reassigned to a later goal (177.531209ms)
✔ computer context file-journal: mandatory input metadata cannot be evicted, altered or reassigned to a later goal (748.697667ms)
✔ computer context sqlite: head loss during model_context staging is checked before return (156.799584ms)
✔ computer context sqlite: head loss during runtime_resume staging is checked before return (151.999ms)
✔ computer context file-journal: head loss during model_context staging is checked before return (404.702ms)
✔ computer context file-journal: head loss during runtime_resume staging is checked before return (278.173166ms)
✔ computer context sqlite: current knowledge, source lifecycle and read permissions still fence metadata (82.82625ms)
✔ computer context file-journal: current knowledge, source lifecycle and read permissions still fence metadata (222.717ms)
✔ computer contracts: tool inputs cannot select a driver address, add hidden actions or exceed a short batch (20.026916ms)
✔ computer contracts: malformed observations cannot acquire trustworthy refs or silently omit their usage (1.908667ms)
✔ computer contracts: a name match is insufficient when another hidden target shares that name (0.187334ms)
✔ computer contracts: a truncated view cannot prove a unique target or element condition (0.167625ms)
✔ computer contracts: byte limits count UTF-8 bytes and successful validation detaches the source (0.2505ms)
✔ computer contracts: observations cannot move backwards or switch sessions behind the same task (0.226959ms)
✔ computer contracts: conditions require explicit own values and never use prototype facts or coercion (0.080125ms)
✔ computer contracts: intent, application and observation verification cannot be collapsed into complete (2.232042ms)
✔ sqlite: SIGKILL after Save leaves committed intent unknown across recovery, goal change and cancellation without replay (694.081792ms)
✖ sqlite: SIGKILL after received result permits one adoption and rejects an old-epoch observation for a new input (852.451041ms)
✔ file-journal: SIGKILL after Save leaves committed intent unknown across recovery, goal change and cancellation without replay (2506.681625ms)
✖ file-journal: SIGKILL after received result permits one adoption and rejects an old-epoch observation for a new input (3060.88ms)
✔ sqlite: registered computer tools observe, apply, prove and adopt a completed synthetic note (635.020166ms)
✔ sqlite: rerendered or restarted observations stop before the first input (441.583334ms)
✔ sqlite: a copied observation from another work remains foreign even when its artifact bytes are present (347.2385ms)
✔ sqlite: ambiguous and partial observations cannot select a target for the batch (677.035917ms)
✔ sqlite: step two not-applied preserves the confirmed first input without claiming batch completion (546.605666ms)
✔ sqlite: applied-unknown save creates a reconciliation block and neither execute replay nor replanning adds an input (562.373208ms)
✔ sqlite: goal, policy and cancellation changes across an awaited response prevent the next input (923.196917ms)
✔ sqlite: late readiness is observed through bounded waits before subsequent note inputs (875.9235ms)
✔ sqlite: another runtime revoking writes during the driver's own input delay prevents every input (366.697417ms)
✔ sqlite: false or too-late conditions consume one deadline and cannot reset time or continue to Save (1011.128666ms)
✔ sqlite: stored successful result can be read and adopted after reopening without replaying app input (729.381959ms)
✔ sqlite: strict action contracts reject injected script fields while document text has no command authority (495.071083ms)
✔ file-journal: registered computer tools observe, apply, prove and adopt a completed synthetic note (789.965208ms)
✔ file-journal: rerendered or restarted observations stop before the first input (566.7515ms)
✔ file-journal: a copied observation from another work remains foreign even when its artifact bytes are present (319.38425ms)
✔ file-journal: ambiguous and partial observations cannot select a target for the batch (781.43425ms)
✔ file-journal: step two not-applied preserves the confirmed first input without claiming batch completion (579.344792ms)
✔ file-journal: applied-unknown save creates a reconciliation block and neither execute replay nor replanning adds an input (591.004208ms)
✔ file-journal: goal, policy and cancellation changes across an awaited response prevent the next input (1244.700292ms)
✔ file-journal: late readiness is observed through bounded waits before subsequent note inputs (909.687334ms)
✔ file-journal: another runtime revoking writes during the driver's own input delay prevents every input (409.706083ms)
✔ file-journal: false or too-late conditions consume one deadline and cannot reset time or continue to Save (1086.148625ms)
✔ file-journal: stored successful result can be read and adopted after reopening without replaying app input (691.939583ms)
✔ file-journal: strict action contracts reject injected script fields while document text has no command authority (641.724583ms)
✔ synthetic document inputs produce independently observed app facts and separate session/call usage (3.684459ms)
✔ every lease identity dimension is checked at input and a forged grant applies no input (0.941667ms)
✔ stale observation identity and focus are rejected with zero input (0.535166ms)
✔ current target uniqueness, ref, role, name, visibility and enabled state gate the actual target (0.397458ms)
✔ an expired delayed input cannot reach a new owner and old release cannot release the new lease (0.433084ms)
✔ human handoff interrupts pending input, invalidates old views and remains owned after agent release (0.167583ms)
✔ cancellation and shared deadline are rechecked after a driver delay without injecting late input (0.230708ms)
✔ wait observes late readiness using virtual condition changes and a single remaining deadline (0.365125ms)
✔ applied-but-unknown save retains its effect and exact operation replay never saves twice (0.176458ms)
✔ concurrent identical operations join while timeout injection and hook failure apply zero input (0.180167ms)
✔ bounded partial observations never expose omitted targets for action or silently exceed bytes (0.10925ms)
✔ durable synthetic contents and input counts survive reconstruction while leases and observations do not (51.889292ms)
✔ authority is required after delay and host hook, and focus is rechecked after asynchronous authorization (0.549709ms)
✔ synthetic fill accepts the shared 8192-character limit and rejects an oversized value before input (0.136666ms)
ℹ tests 66
ℹ suites 0
ℹ pass 64
ℹ fail 2
ℹ cancelled 0
ℹ skipped 0
ℹ todo 0
ℹ duration_ms 16323.861333

✖ failing tests:

test at dist/tests/computer-use-recovery.test.js:137:5
✖ sqlite: SIGKILL after received result permits one adoption and rejects an old-epoch observation for a new input (852.451041ms)
  AssertionError [ERR_ASSERTION]: Expected values to be strictly equal:
  + actual - expected
  
  + undefined
  - false
  
      at TestContext.<anonymous> (file:///Users/seunghanee/Documents/secumon/runtime/dist/tests/computer-use-recovery.test.js:152:16)
      at async Test.run (node:internal/test_runner/test:1404:7)
      at async Test.processPendingSubtests (node:internal/test_runner/test:969:7) {
    generatedMessage: true,
    code: 'ERR_ASSERTION',
    actual: undefined,
    expected: false,
    operator: 'strictEqual',
    diff: 'simple'
  }

test at dist/tests/computer-use-recovery.test.js:137:5
✖ file-journal: SIGKILL after received result permits one adoption and rejects an old-epoch observation for a new input (3060.88ms)
  AssertionError [ERR_ASSERTION]: Expected values to be strictly equal:
  + actual - expected
  
  + undefined
  - false
  
      at TestContext.<anonymous> (file:///Users/seunghanee/Documents/secumon/runtime/dist/tests/computer-use-recovery.test.js:152:16)
      at async Test.run (node:internal/test_runner/test:1404:7)
      at async Test.processPendingSubtests (node:internal/test_runner/test:969:7) {
    generatedMessage: true,
    code: 'ERR_ASSERTION',
    actual: undefined,
    expected: false,
    operator: 'strictEqual',
    diff: 'simple'
  }
