✔ computer contracts: tool inputs cannot select a driver address, add hidden actions or exceed a short batch (16.359917ms)
✔ computer contracts: malformed observations cannot acquire trustworthy refs or silently omit their usage (1.967ms)
✔ computer contracts: a name match is insufficient when another hidden target shares that name (0.18025ms)
✔ computer contracts: a truncated view cannot prove a unique target or element condition (0.14975ms)
✔ computer contracts: byte limits count UTF-8 bytes and successful validation detaches the source (0.2475ms)
✔ computer contracts: observations cannot move backwards or switch sessions behind the same task (0.227917ms)
✔ computer contracts: conditions require explicit own values and never use prototype facts or coercion (0.076916ms)
✔ computer contracts: intent, application and observation verification cannot be collapsed into complete (1.428625ms)
✔ sqlite: registered computer tools observe, apply, prove and adopt a completed synthetic note (363.876083ms)
✔ sqlite: rerendered or restarted observations stop before the first input (220.713875ms)
✔ sqlite: a copied observation from another work remains foreign even when its artifact bytes are present (118.379917ms)
✔ sqlite: ambiguous and partial observations cannot select a target for the batch (296.3395ms)
✔ sqlite: step two not-applied preserves the confirmed first input without claiming batch completion (264.777833ms)
✔ sqlite: applied-unknown save creates a reconciliation block and neither execute replay nor replanning adds an input (255.94125ms)
✖ sqlite: goal, policy and cancellation changes across an awaited response prevent the next input (142.240458ms)
✔ sqlite: late readiness is observed through bounded waits before subsequent note inputs (405.976083ms)
✔ sqlite: another runtime revoking writes during the driver's own input delay prevents every input (160.347375ms)
✖ sqlite: false or too-late conditions consume one deadline and cannot reset time or continue to Save (210.668625ms)
✔ sqlite: stored successful result can be read and adopted after reopening without replaying app input (304.513542ms)
✔ sqlite: strict action contracts reject injected script fields while document text has no command authority (286.789625ms)
✔ file-journal: registered computer tools observe, apply, prove and adopt a completed synthetic note (662.587917ms)
✔ file-journal: rerendered or restarted observations stop before the first input (582.050917ms)
✔ file-journal: a copied observation from another work remains foreign even when its artifact bytes are present (345.899833ms)
✔ file-journal: ambiguous and partial observations cannot select a target for the batch (749.635959ms)
✔ file-journal: step two not-applied preserves the confirmed first input without claiming batch completion (582.706208ms)
✔ file-journal: applied-unknown save creates a reconciliation block and neither execute replay nor replanning adds an input (610.61975ms)
✖ file-journal: goal, policy and cancellation changes across an awaited response prevent the next input (417.053041ms)
✔ file-journal: late readiness is observed through bounded waits before subsequent note inputs (811.607958ms)
✔ file-journal: another runtime revoking writes during the driver's own input delay prevents every input (382.709125ms)
✖ file-journal: false or too-late conditions consume one deadline and cannot reset time or continue to Save (432.650583ms)
✔ file-journal: stored successful result can be read and adopted after reopening without replaying app input (648.117542ms)
✔ file-journal: strict action contracts reject injected script fields while document text has no command authority (646.152375ms)
✔ synthetic document inputs produce independently observed app facts and separate session/call usage (1.842ms)
✔ every lease identity dimension is checked at input and a forged grant applies no input (0.434083ms)
✔ stale observation identity and focus are rejected with zero input (0.442416ms)
✔ current target uniqueness, ref, role, name, visibility and enabled state gate the actual target (0.639708ms)
✔ an expired delayed input cannot reach a new owner and old release cannot release the new lease (0.495292ms)
✔ human handoff interrupts pending input, invalidates old views and remains owned after agent release (0.183709ms)
✔ cancellation and shared deadline are rechecked after a driver delay without injecting late input (0.250167ms)
✔ wait observes late readiness using virtual condition changes and a single remaining deadline (0.360458ms)
✔ applied-but-unknown save retains its effect and exact operation replay never saves twice (0.181709ms)
✔ concurrent identical operations join while timeout injection and hook failure apply zero input (0.186ms)
✔ bounded partial observations never expose omitted targets for action or silently exceed bytes (0.113458ms)
✔ durable synthetic contents and input counts survive reconstruction while leases and observations do not (55.072ms)
✔ authority is required after delay and host hook, and focus is rechecked after asynchronous authorization (0.537292ms)
✔ synthetic fill accepts the shared 8192-character limit and rejects an oversized value before input (0.243917ms)
ℹ tests 46
ℹ suites 0
ℹ pass 42
ℹ fail 4
ℹ cancelled 0
ℹ skipped 0
ℹ todo 0
ℹ duration_ms 9989.048833

✖ failing tests:

test at dist/tests/computer-use.test.js:181:5
✖ sqlite: goal, policy and cancellation changes across an awaited response prevent the next input (142.240458ms)
  AssertionError [ERR_ASSERTION]: Expected values to be strictly equal:
  + actual - expected
  
  + 'confirmed'
  - 'unknown'
  
      at TestContext.<anonymous> (file:///Users/seunghanee/Documents/secumon/runtime/dist/tests/computer-use.test.js:206:20)
      at async Test.run (node:internal/test_runner/test:1404:7)
      at async Test.processPendingSubtests (node:internal/test_runner/test:969:7) {
    generatedMessage: true,
    code: 'ERR_ASSERTION',
    actual: 'confirmed',
    expected: 'unknown',
    operator: 'strictEqual',
    diff: 'simple'
  }

test at dist/tests/computer-use.test.js:287:5
✖ sqlite: false or too-late conditions consume one deadline and cannot reset time or continue to Save (210.668625ms)
  AssertionError [ERR_ASSERTION]: Expected values to be strictly equal:
  
  'partial' !== 'error'
  
      at TestContext.<anonymous> (file:///Users/seunghanee/Documents/secumon/runtime/dist/tests/computer-use.test.js:302:20)
      at async Test.run (node:internal/test_runner/test:1404:7)
      at async Test.processPendingSubtests (node:internal/test_runner/test:969:7) {
    generatedMessage: true,
    code: 'ERR_ASSERTION',
    actual: 'partial',
    expected: 'error',
    operator: 'strictEqual',
    diff: 'simple'
  }

test at dist/tests/computer-use.test.js:181:5
✖ file-journal: goal, policy and cancellation changes across an awaited response prevent the next input (417.053041ms)
  AssertionError [ERR_ASSERTION]: Expected values to be strictly equal:
  + actual - expected
  
  + 'confirmed'
  - 'unknown'
  
      at TestContext.<anonymous> (file:///Users/seunghanee/Documents/secumon/runtime/dist/tests/computer-use.test.js:206:20)
      at async Test.run (node:internal/test_runner/test:1404:7)
      at async Test.processPendingSubtests (node:internal/test_runner/test:969:7) {
    generatedMessage: true,
    code: 'ERR_ASSERTION',
    actual: 'confirmed',
    expected: 'unknown',
    operator: 'strictEqual',
    diff: 'simple'
  }

test at dist/tests/computer-use.test.js:287:5
✖ file-journal: false or too-late conditions consume one deadline and cannot reset time or continue to Save (432.650583ms)
  AssertionError [ERR_ASSERTION]: Expected values to be strictly equal:
  
  'partial' !== 'error'
  
      at TestContext.<anonymous> (file:///Users/seunghanee/Documents/secumon/runtime/dist/tests/computer-use.test.js:302:20)
      at async Test.run (node:internal/test_runner/test:1404:7)
      at async Test.processPendingSubtests (node:internal/test_runner/test:969:7) {
    generatedMessage: true,
    code: 'ERR_ASSERTION',
    actual: 'partial',
    expected: 'error',
    operator: 'strictEqual',
    diff: 'simple'
  }
