✔ computer operation contract: identity binds the requested input without copying the observed screen or mutable lease (1.979792ms)
✔ computer operation contract: every routing and action component distinguishes an otherwise reused operation id (0.803375ms)
✔ computer operation contract: strict identity retains the bounded typed-action boundary (1.59825ms)
✔ computer operation contract: receipts record a decision and never treat an unknown response as a negative effect (2.80675ms)
✔ computer operation contract: lookup cannot claim found without a receipt or turn an absent proof into not_applied (1.122125ms)
✔ SIGKILL after durable Save permits exact original receipt lookup in a new epoch without replaying input (220.210209ms)
✔ SIGKILL before Save leaves an absent receipt unknown rather than inventing a not-applied receipt (161.416333ms)
✔ computer context sqlite: five compactions and restart preserve running input metadata (692.778916ms)
✔ computer context sqlite: five compactions and restart preserve unknown input metadata (416.770625ms)
✔ computer context file-journal: five compactions and restart preserve running input metadata (2684.346ms)
✔ computer context file-journal: five compactions and restart preserve unknown input metadata (2610.239834ms)
✔ computer context sqlite: deleted head blocks compaction, source fence and restore (203.786834ms)
✔ computer context sqlite: modified head blocks compaction, source fence and restore (184.741583ms)
✔ computer context file-journal: deleted head blocks compaction, source fence and restore (617.553417ms)
✔ computer context file-journal: modified head blocks compaction, source fence and restore (723.831417ms)
✔ computer context sqlite: mandatory input metadata cannot be evicted, altered or reassigned to a later goal (237.870708ms)
✔ computer context file-journal: mandatory input metadata cannot be evicted, altered or reassigned to a later goal (755.68625ms)
✔ computer context sqlite: head loss during model_context staging is checked before return (196.160792ms)
✔ computer context sqlite: head loss during runtime_resume staging is checked before return (173.549416ms)
✔ computer context file-journal: head loss during model_context staging is checked before return (344.744708ms)
✔ computer context file-journal: head loss during runtime_resume staging is checked before return (361.341375ms)
✔ computer context sqlite: current knowledge, source lifecycle and read permissions still fence metadata (172.060167ms)
✔ computer context file-journal: current knowledge, source lifecycle and read permissions still fence metadata (363.78175ms)
✔ computer contracts: tool inputs cannot select a driver address, add hidden actions or exceed a short batch (33.586916ms)
✔ computer contracts: malformed observations cannot acquire trustworthy refs or silently omit their usage (2.749375ms)
✔ computer contracts: a name match is insufficient when another hidden target shares that name (0.202792ms)
✔ computer contracts: a truncated view cannot prove a unique target or element condition (0.174083ms)
✔ computer contracts: byte limits count UTF-8 bytes and successful validation detaches the source (0.256625ms)
✔ computer contracts: observations cannot move backwards or switch sessions behind the same task (0.209042ms)
✔ computer contracts: conditions require explicit own values and never use prototype facts or coercion (0.084458ms)
✔ computer contracts: intent, application and observation verification cannot be collapsed into complete (1.437042ms)
✔ sqlite: a failed observation artifact write retains the driver's measured call (244.583792ms)
✔ sqlite: intent persistence failure proves no driver entry and keeps the failed step diagnostic (540.615208ms)
✔ sqlite: cancellation before driver entry settles no-input and proof revoked=false fences adoption (349.543084ms)
✔ sqlite: cancellation before driver entry settles no-input and proof revoked=true fences adoption (514.521584ms)
✔ sqlite: a failure cannot downgrade the committed unknown effect or measured usage prefix (609.999833ms)
✔ sqlite: removing the proof provider at the receive commit fence cannot accept a no-effect result (481.796666ms)
✔ sqlite: provider removal between no-effect validation and adoption cannot skip the captured proof fence (486.764042ms)
✔ sqlite: completion must match the checkpoint and only explicitly confirmed facts become evidence (766.954125ms)
✔ sqlite: losing the checkpoint original between receive and adopt prevents completion (757.957625ms)
✔ sqlite: losing the observation original between receive and adopt prevents completion (790.6445ms)
✔ sqlite: diagnostic reads recheck retained knowledge before and after original IO (707.968834ms)
✔ file-journal: a failed observation artifact write retains the driver's measured call (672.650791ms)
✔ file-journal: intent persistence failure proves no driver entry and keeps the failed step diagnostic (1977.292916ms)
✔ file-journal: cancellation before driver entry settles no-input and proof revoked=false fences adoption (1588.993958ms)
✔ file-journal: cancellation before driver entry settles no-input and proof revoked=true fences adoption (778.93225ms)
✔ file-journal: a failure cannot downgrade the committed unknown effect or measured usage prefix (1038.175292ms)
✔ file-journal: removing the proof provider at the receive commit fence cannot accept a no-effect result (805.754709ms)
✔ file-journal: provider removal between no-effect validation and adoption cannot skip the captured proof fence (739.990542ms)
✔ file-journal: completion must match the checkpoint and only explicitly confirmed facts become evidence (1477.073042ms)
✔ file-journal: losing the checkpoint original between receive and adopt prevents completion (1095.689583ms)
✔ file-journal: losing the observation original between receive and adopt prevents completion (1026.714042ms)
✔ file-journal: diagnostic reads recheck retained knowledge before and after original IO (1018.530292ms)
✔ sqlite: SIGKILL after Save leaves committed intent unknown across recovery, goal change and cancellation without replay (921.411667ms)
✔ sqlite: SIGKILL after received result permits one adoption and rejects an old-epoch observation for a new input (1026.8435ms)
✔ file-journal: SIGKILL after Save leaves committed intent unknown across recovery, goal change and cancellation without replay (3970.406209ms)
✔ file-journal: SIGKILL after received result permits one adoption and rejects an old-epoch observation for a new input (4212.200583ms)
✔ sqlite: registered computer tools observe, apply, prove and adopt a completed synthetic note (984.188209ms)
✔ sqlite: rerendered or restarted observations stop before the first input (600.377125ms)
✔ sqlite: a copied observation from another work remains foreign even when its artifact bytes are present (352.2795ms)
✔ sqlite: ambiguous and partial observations cannot select a target for the batch (741.206417ms)
✔ sqlite: step two not-applied preserves the confirmed first input without claiming batch completion (680.090625ms)
✔ sqlite: applied-unknown save creates a reconciliation block and neither execute replay nor replanning adds an input (671.383083ms)
✔ sqlite: goal, policy and cancellation changes across an awaited response prevent the next input (1358.173542ms)
✔ sqlite: late readiness is observed through bounded waits before subsequent note inputs (974.499834ms)
✔ sqlite: another runtime revoking writes during the driver's own input delay prevents every input (432.570333ms)
✔ sqlite: false or too-late conditions consume one deadline and cannot reset time or continue to Save (1047.332125ms)
✔ sqlite: stored successful result can be read and adopted after reopening without replaying app input (845.660958ms)
✔ sqlite: strict action contracts reject injected script fields while document text has no command authority (723.330542ms)
✔ file-journal: registered computer tools observe, apply, prove and adopt a completed synthetic note (1739.598625ms)
✔ file-journal: rerendered or restarted observations stop before the first input (994.98175ms)
✔ file-journal: a copied observation from another work remains foreign even when its artifact bytes are present (487.930167ms)
✔ file-journal: ambiguous and partial observations cannot select a target for the batch (1347.701875ms)
✔ file-journal: step two not-applied preserves the confirmed first input without claiming batch completion (1427.258167ms)
✔ file-journal: applied-unknown save creates a reconciliation block and neither execute replay nor replanning adds an input (1056.068708ms)
✔ file-journal: goal, policy and cancellation changes across an awaited response prevent the next input (2063.206208ms)
✔ file-journal: late readiness is observed through bounded waits before subsequent note inputs (907.368042ms)
✔ file-journal: another runtime revoking writes during the driver's own input delay prevents every input (416.872416ms)
✔ file-journal: false or too-late conditions consume one deadline and cannot reset time or continue to Save (1078.082083ms)
✔ file-journal: stored successful result can be read and adopted after reopening without replaying app input (691.090834ms)
✔ file-journal: strict action contracts reject injected script fields while document text has no command authority (657.436458ms)
✔ synthetic document inputs produce independently observed app facts and separate session/call usage (15.145166ms)
✔ every lease identity dimension is checked at input and a forged grant applies no input (1.424041ms)
✔ stale observation identity and focus are rejected with zero input (5.896166ms)
✔ current target uniqueness, ref, role, name, visibility and enabled state gate the actual target (1.900208ms)
✔ an expired delayed input cannot reach a new owner and old release cannot release the new lease (0.712708ms)
✔ human handoff interrupts pending input, invalidates old views and remains owned after agent release (0.393709ms)
✔ cancellation and shared deadline are rechecked after a driver delay without injecting late input (0.362708ms)
✔ wait observes late readiness using virtual condition changes and a single remaining deadline (0.64775ms)
✔ applied-but-unknown save retains its effect and exact operation replay never saves twice (1.283584ms)
✔ concurrent identical operations join while timeout injection and hook failure apply zero input (0.964458ms)
✔ bounded partial observations never expose omitted targets for action or silently exceed bytes (0.448ms)
✔ durable synthetic contents and input counts survive reconstruction while leases and observations do not (141.370042ms)
✔ authority is required after delay and host hook, and focus is rechecked after asynchronous authorization (0.687042ms)
✔ synthetic fill accepts the shared 8192-character limit and rejects an oversized value before input (0.513167ms)
✔ synthetic receipts: applied and explicitly not-applied records are durable before response and lookup changes no app bytes (74.599625ms)
✔ synthetic receipts: applied-unknown and negative receipts remain queryable by their original epoch after restart (123.57275ms)
✔ synthetic receipts: missing identities and changed action, target, view or focus never inherit another receipt (1.964083ms)
✔ synthetic receipts: another work cannot read an original receipt even with a valid current session grant (0.745375ms)
✔ synthetic receipts: denied or missing read authority, cancelled signals and expired grants disclose no receipt (0.999542ms)
✔ synthetic receipts: cancellation, expiry and owner replacement during read authorization are checked again (1.886666ms)
✔ synthetic receipts: a pending input lookup returns unknown without joining or executing the action (0.624875ms)
✔ synthetic receipts: legacy app contents migrate without inventing operation proofs from saved values or counts (43.635583ms)
✔ synthetic receipts: a full bounded ledger rejects new input, keeps old proofs and remains full after reopen (109.053666ms)
✔ synthetic receipts: hundreds of distinct refused operations keep diagnostics bounded and preserve the original proof (67.533125ms)
✔ synthetic receipts: pending operation memory caps authorization waits and retains the first response without duplicate input (126.695ms)
✔ synthetic receipts: delayed concurrent operations cannot overfill a one-record ledger (35.482875ms)
✔ synthetic receipts: malformed, duplicate and oversized persisted receipt sets fail before replacing the file (107.436416ms)
✔ synthetic receipts: an older instance cannot overwrite the newer epoch or its existing receipt file (68.351542ms)
✔ synthetic receipts: mutable lookup inputs and returned receipts cannot change the pinned identity or cached proof (0.438083ms)
✔ synthetic computer storage: reopening prevents the stale owner from publishing its old app as a fresh observation (84.443542ms)
✔ synthetic computer storage: stale delayed search interrupts waiters without throwing or overwriting the reopened file (120.006917ms)
✔ synthetic computer storage: lost directory-sync acknowledgement preserves an applied receipt while blocking new inputs (80.777916ms)
✔ tool result validation: proof requirement is part of the contract and missing callbacks reject registration atomically (13.3945ms)
✔ tool result validation: assigning new fields or callback on the original adapter cannot alter a registered proof (8.463375ms)
✔ tool result validation: provider callback receives detached state and result values (3.885583ms)
✔ tool result validation: same-version replacement while awaiting a proof invalidates the pending answer (3.614459ms)
✔ tool result validation: removal or unrelated provider refresh has the correct registration scope (6.997791ms)
✔ tool result validation: legacy tools retain optional validation and rejected or malformed proofs fail closed (16.600916ms)
ℹ tests 119
ℹ suites 0
ℹ pass 119
ℹ fail 0
ℹ cancelled 0
ℹ skipped 0
ℹ todo 0
ℹ duration_ms 22436.582333
