✔ computer operation contract: identity binds the requested input without copying the observed screen or mutable lease (4.502875ms)
✔ computer operation contract: every routing and action component distinguishes an otherwise reused operation id (0.858958ms)
✔ computer operation contract: strict identity retains the bounded typed-action boundary (1.312334ms)
✔ computer operation contract: receipts record a decision and never treat an unknown response as a negative effect (5.167625ms)
✔ computer operation contract: lookup cannot claim found without a receipt or turn an absent proof into not_applied (1.159792ms)
✔ SIGKILL after durable Save permits exact original receipt lookup in a new epoch without replaying input (188.157667ms)
✔ SIGKILL before Save leaves an absent receipt unknown rather than inventing a not-applied receipt (136.44525ms)
✔ computer context sqlite: five compactions and restart preserve running input metadata (638.771791ms)
✔ computer context sqlite: five compactions and restart preserve unknown input metadata (407.495ms)
✔ computer context file-journal: five compactions and restart preserve running input metadata (2723.935416ms)
✔ computer context file-journal: five compactions and restart preserve unknown input metadata (2633.452041ms)
✔ computer context sqlite: deleted head blocks compaction, source fence and restore (198.234709ms)
✔ computer context sqlite: modified head blocks compaction, source fence and restore (201.344708ms)
✔ computer context file-journal: deleted head blocks compaction, source fence and restore (707.785625ms)
✔ computer context file-journal: modified head blocks compaction, source fence and restore (749.405458ms)
✔ computer context sqlite: mandatory input metadata cannot be evicted, altered or reassigned to a later goal (215.591083ms)
✔ computer context file-journal: mandatory input metadata cannot be evicted, altered or reassigned to a later goal (697.703ms)
✔ computer context sqlite: head loss during model_context staging is checked before return (187.985583ms)
✔ computer context sqlite: head loss during runtime_resume staging is checked before return (180.687209ms)
✔ computer context file-journal: head loss during model_context staging is checked before return (353.68925ms)
✔ computer context file-journal: head loss during runtime_resume staging is checked before return (316.918666ms)
✔ computer context sqlite: current knowledge, source lifecycle and read permissions still fence metadata (134.004292ms)
✔ computer context file-journal: current knowledge, source lifecycle and read permissions still fence metadata (370.526625ms)
✔ computer contracts: tool inputs cannot select a driver address, add hidden actions or exceed a short batch (34.224042ms)
✔ computer contracts: malformed observations cannot acquire trustworthy refs or silently omit their usage (3.639041ms)
✔ computer contracts: a name match is insufficient when another hidden target shares that name (0.20775ms)
✔ computer contracts: a truncated view cannot prove a unique target or element condition (0.178125ms)
✔ computer contracts: byte limits count UTF-8 bytes and successful validation detaches the source (0.249917ms)
✔ computer contracts: observations cannot move backwards or switch sessions behind the same task (0.21ms)
✔ computer contracts: conditions require explicit own values and never use prototype facts or coercion (0.085167ms)
✔ computer contracts: intent, application and observation verification cannot be collapsed into complete (2.507875ms)
✔ sqlite: a failed observation artifact write retains the driver's measured call (202.4425ms)
✔ sqlite: intent persistence failure proves no driver entry and keeps the failed step diagnostic (499.434417ms)
✔ sqlite: cancellation before driver entry settles no-input and proof revoked=false fences adoption (372.867292ms)
✔ sqlite: cancellation before driver entry settles no-input and proof revoked=true fences adoption (472.16625ms)
✔ sqlite: a failure cannot downgrade the committed unknown effect or measured usage prefix (617.024875ms)
✔ sqlite: removing the proof provider at the receive commit fence cannot accept a no-effect result (492.646583ms)
✔ sqlite: provider removal between no-effect validation and adoption cannot skip the captured proof fence (470.227542ms)
✔ sqlite: completion must match the checkpoint and only explicitly confirmed facts become evidence (765.983708ms)
✔ sqlite: losing the checkpoint original between receive and adopt prevents completion (807.07275ms)
✔ sqlite: losing the observation original between receive and adopt prevents completion (719.312708ms)
✔ sqlite: diagnostic reads recheck retained knowledge before and after original IO (738.927042ms)
✔ file-journal: a failed observation artifact write retains the driver's measured call (661.188458ms)
✔ file-journal: intent persistence failure proves no driver entry and keeps the failed step diagnostic (2035.218708ms)
✔ file-journal: cancellation before driver entry settles no-input and proof revoked=false fences adoption (1561.969334ms)
✔ file-journal: cancellation before driver entry settles no-input and proof revoked=true fences adoption (842.037042ms)
✔ file-journal: a failure cannot downgrade the committed unknown effect or measured usage prefix (1044.941916ms)
✔ file-journal: removing the proof provider at the receive commit fence cannot accept a no-effect result (745.481708ms)
✔ file-journal: provider removal between no-effect validation and adoption cannot skip the captured proof fence (747.096167ms)
✔ file-journal: completion must match the checkpoint and only explicitly confirmed facts become evidence (1056.635125ms)
✔ file-journal: losing the checkpoint original between receive and adopt prevents completion (1116.296958ms)
✔ file-journal: losing the observation original between receive and adopt prevents completion (1061.211375ms)
✔ file-journal: diagnostic reads recheck retained knowledge before and after original IO (1050.445959ms)
✔ sqlite: SIGKILL after Save leaves committed intent unknown across recovery, goal change and cancellation without replay (861.480417ms)
✔ sqlite: SIGKILL after received result permits one adoption and rejects an old-epoch observation for a new input (1041.686291ms)
✔ file-journal: SIGKILL after Save leaves committed intent unknown across recovery, goal change and cancellation without replay (3958.750208ms)
✔ file-journal: SIGKILL after received result permits one adoption and rejects an old-epoch observation for a new input (4066.878167ms)
✔ sqlite: registered computer tools observe, apply, prove and adopt a completed synthetic note (836.916709ms)
✔ sqlite: rerendered or restarted observations stop before the first input (578.915334ms)
✔ sqlite: a copied observation from another work remains foreign even when its artifact bytes are present (364.62125ms)
✔ sqlite: ambiguous and partial observations cannot select a target for the batch (740.490459ms)
✔ sqlite: step two not-applied preserves the confirmed first input without claiming batch completion (669.116209ms)
✔ sqlite: applied-unknown save creates a reconciliation block and neither execute replay nor replanning adds an input (709.762583ms)
✔ sqlite: goal, policy and cancellation changes across an awaited response prevent the next input (1361.108584ms)
✔ sqlite: late readiness is observed through bounded waits before subsequent note inputs (968.439083ms)
✔ sqlite: another runtime revoking writes during the driver's own input delay prevents every input (389.617833ms)
✔ sqlite: false or too-late conditions consume one deadline and cannot reset time or continue to Save (1117.247875ms)
✔ sqlite: stored successful result can be read and adopted after reopening without replaying app input (765.30625ms)
✔ sqlite: strict action contracts reject injected script fields while document text has no command authority (713.012291ms)
✔ file-journal: registered computer tools observe, apply, prove and adopt a completed synthetic note (1889.151792ms)
✔ file-journal: rerendered or restarted observations stop before the first input (1017.12275ms)
✔ file-journal: a copied observation from another work remains foreign even when its artifact bytes are present (540.771958ms)
✔ file-journal: ambiguous and partial observations cannot select a target for the batch (1302.483875ms)
✔ file-journal: step two not-applied preserves the confirmed first input without claiming batch completion (976.040625ms)
✔ file-journal: applied-unknown save creates a reconciliation block and neither execute replay nor replanning adds an input (1061.458291ms)
✔ file-journal: goal, policy and cancellation changes across an awaited response prevent the next input (2121.725083ms)
✔ file-journal: late readiness is observed through bounded waits before subsequent note inputs (869.296875ms)
✔ file-journal: another runtime revoking writes during the driver's own input delay prevents every input (425.538208ms)
✔ file-journal: false or too-late conditions consume one deadline and cannot reset time or continue to Save (1187.620416ms)
✔ file-journal: stored successful result can be read and adopted after reopening without replaying app input (789.360917ms)
✔ file-journal: strict action contracts reject injected script fields while document text has no command authority (674.411125ms)
✔ synthetic document inputs produce independently observed app facts and separate session/call usage (8.928708ms)
✔ every lease identity dimension is checked at input and a forged grant applies no input (3.497167ms)
✔ stale observation identity and focus are rejected with zero input (2.558584ms)
✔ current target uniqueness, ref, role, name, visibility and enabled state gate the actual target (1.615625ms)
✔ an expired delayed input cannot reach a new owner and old release cannot release the new lease (1.370875ms)
✔ human handoff interrupts pending input, invalidates old views and remains owned after agent release (1.082667ms)
✔ cancellation and shared deadline are rechecked after a driver delay without injecting late input (0.969333ms)
✔ wait observes late readiness using virtual condition changes and a single remaining deadline (3.459542ms)
✔ applied-but-unknown save retains its effect and exact operation replay never saves twice (0.311125ms)
✔ concurrent identical operations join while timeout injection and hook failure apply zero input (0.336708ms)
✔ bounded partial observations never expose omitted targets for action or silently exceed bytes (0.164875ms)
✔ durable synthetic contents and input counts survive reconstruction while leases and observations do not (138.68325ms)
✔ authority is required after delay and host hook, and focus is rechecked after asynchronous authorization (0.80225ms)
✔ synthetic fill accepts the shared 8192-character limit and rejects an oversized value before input (0.622667ms)
✔ synthetic receipts: applied and explicitly not-applied records are durable before response and lookup changes no app bytes (80.605291ms)
✔ synthetic receipts: applied-unknown and negative receipts remain queryable by their original epoch after restart (94.630958ms)
✔ synthetic receipts: missing identities and changed action, target, view or focus never inherit another receipt (0.94375ms)
✔ synthetic receipts: another work cannot read an original receipt even with a valid current session grant (0.283292ms)
✔ synthetic receipts: denied or missing read authority, cancelled signals and expired grants disclose no receipt (0.632583ms)
✔ synthetic receipts: cancellation, expiry and owner replacement during read authorization are checked again (0.460125ms)
✔ synthetic receipts: a pending input lookup returns unknown without joining or executing the action (0.349667ms)
✔ synthetic receipts: legacy app contents migrate without inventing operation proofs from saved values or counts (20.98075ms)
✔ synthetic receipts: a full bounded ledger rejects new input, keeps old proofs and remains full after reopen (85.795292ms)
✔ synthetic receipts: hundreds of distinct refused operations keep diagnostics bounded and preserve the original proof (58.2245ms)
✔ synthetic receipts: delayed concurrent operations cannot overfill a one-record ledger (40.694625ms)
✔ synthetic receipts: malformed, duplicate and oversized persisted receipt sets fail before replacing the file (92.907ms)
✔ synthetic receipts: an older instance cannot overwrite the newer epoch or its existing receipt file (62.880292ms)
✔ synthetic receipts: mutable lookup inputs and returned receipts cannot change the pinned identity or cached proof (0.729583ms)
✔ tool result validation: proof requirement is part of the contract and missing callbacks reject registration atomically (15.152625ms)
✔ tool result validation: assigning new fields or callback on the original adapter cannot alter a registered proof (9.107458ms)
✔ tool result validation: provider callback receives detached state and result values (5.149ms)
✔ tool result validation: same-version replacement while awaiting a proof invalidates the pending answer (5.623542ms)
✔ tool result validation: removal or unrelated provider refresh has the correct registration scope (6.462333ms)
✔ tool result validation: legacy tools retain optional validation and rejected or malformed proofs fail closed (16.664458ms)
ℹ tests 115
ℹ suites 0
ℹ pass 115
ℹ fail 0
ℹ cancelled 0
ℹ skipped 0
ℹ todo 0
ℹ duration_ms 22264.275833
