✔ sqlite: source-head changing inside final input authorization prevents the successor input (2925.0295ms)
✔ sqlite: reconciliation-proof changing inside final input authorization prevents the successor input (2739.171875ms)
✔ sqlite: pause changing inside final input authorization prevents the successor input (2599.175583ms)
✔ sqlite: goal changing inside final input authorization prevents the successor input (2521.830208ms)
✔ sqlite: losing a parent proof after a successful child result blocks adoption, proof consumption and compaction (3322.065208ms)
✔ sqlite: a child acquires a fresh epoch and rechecks conditions without replaying the old field input (2491.020083ms)
✔ file-journal: source-head changing inside final input authorization prevents the successor input (11197.761334ms)
✖ file-journal: reconciliation-proof changing inside final input authorization prevents the successor input (17841.034834ms)
✔ file-journal: pause changing inside final input authorization prevents the successor input (9941.716459ms)
✔ file-journal: goal changing inside final input authorization prevents the successor input (8217.91375ms)
✔ file-journal: losing a parent proof after a successful child result blocks adoption, proof consumption and compaction (14771.833833ms)
✔ file-journal: a child acquires a fresh epoch and rechecks conditions without replaying the old field input (2513.006709ms)
✔ sqlite: lost receive ACK preserves the committed reconciliation response and settles without another lookup (2259.108167ms)
✔ sqlite: pause during an actual driver lookup fences its late receipt while retaining the read charge and effect obligation (1710.007667ms)
✔ sqlite: goal during an actual driver lookup fences its late receipt while retaining the read charge and effect obligation (1690.350792ms)
✔ file-journal: lost receive ACK preserves the committed reconciliation response and settles without another lookup (8900.875791ms)
✔ file-journal: pause during an actual driver lookup fences its late receipt while retaining the read charge and effect obligation (5400.977125ms)
✔ file-journal: goal during an actual driver lookup fences its late receipt while retaining the read charge and effect obligation (4480.626125ms)
✔ reconciliation context sqlite: reserved metadata and original refs survive compaction and repository reopen (2597.5505ms)
✔ reconciliation context sqlite: settled metadata and original refs survive compaction and repository reopen (2693.874333ms)
✔ reconciliation context sqlite: missing proof rejects source reuse, compaction and restore (2184.831792ms)
✔ reconciliation context sqlite: corrupt proof rejects source reuse, compaction and restore (2128.678667ms)
✔ reconciliation context sqlite: proof loss during model_context staging is rejected before return (1818.878166ms)
✔ reconciliation context sqlite: proof loss during runtime_resume staging is rejected before return (1610.173292ms)
✔ reconciliation context sqlite: lifecycle and read permission changes hide the index and prevent resume without dropping the pending obligation (1634.742292ms)
✔ reconciliation context sqlite: a runtime without an effect proof reader rejects settled metadata (1597.660958ms)
✔ reconciliation context file-journal: reserved metadata and original refs survive compaction and repository reopen (6031.341083ms)
✔ reconciliation context file-journal: settled metadata and original refs survive compaction and repository reopen (13047.296292ms)
✔ reconciliation context file-journal: missing proof rejects source reuse, compaction and restore (9418.817375ms)
✔ reconciliation context file-journal: corrupt proof rejects source reuse, compaction and restore (7128.489417ms)
✔ reconciliation context file-journal: proof loss during model_context staging is rejected before return (4763.17275ms)
✔ reconciliation context file-journal: proof loss during runtime_resume staging is rejected before return (4553.584958ms)
✔ reconciliation context file-journal: lifecycle and read permission changes hide the index and prevent resume without dropping the pending obligation (4662.353666ms)
✔ reconciliation context file-journal: a runtime without an effect proof reader rejects settled metadata (3887.421ms)
✔ computer reconciliation contract: optional index preserves legacy states and contexts without adding empty metadata (10.675959ms)
✔ computer reconciliation contract: metadata remains strict and bounded without accepting raw action or duplicate ids (36.899958ms)
✔ computer reconciliation contract: received and settled require different proof stages and a timed response (0.718083ms)
✔ computer reconciliation contract: lookup outcome does not erase an earlier applied prefix or invent a known absence (0.134333ms)
✔ computer reconciliation transition: intent identity and the first response, proof, and timestamps cannot be replaced (3.658042ms)
✔ computer reconciliation transition: new records cannot skip dispatch and existing records cannot disappear or restart (0.551541ms)
✔ computer reconciliation transition: known claims remain historical even when the proof is invalidated (0.509ms)
✔ computer reconciliation transition: original task identity, result, and checkpoint remain fixed across late updates (0.959834ms)
✔ memory: reconciliation CAS retains original results, rejects rollback atomically, and preserves historical receipts (19.094792ms)
✔ sqlite: reconciliation CAS retains original results, rejects rollback atomically, and preserves historical receipts (38.084666ms)
✔ file-journal: reconciliation CAS retains original results, rejects rollback atomically, and preserves historical receipts (1210.508333ms)
✔ sqlite: receipt identity and driver mismatches cannot close an effect and retain the measured read (3717.492208ms)
✔ sqlite: a lease acquisition that ignores abort cannot hold cancellation or enter lookup later (1599.533709ms)
✔ sqlite: a reconciled expired input keeps its intent head and null result when the original runner returns late (1293.8915ms)
✔ sqlite: revoking a parent grant refunds an unused query and prevents a fresh lookup allowance (1759.068ms)
✔ file-journal: receipt identity and driver mismatches cannot close an effect and retain the measured read (11918.652625ms)
✔ file-journal: a lease acquisition that ignores abort cannot hold cancellation or enter lookup later (3993.907209ms)
✔ file-journal: a reconciled expired input keeps its intent head and null result when the original runner returns late (3846.034333ms)
✔ file-journal: revoking a parent grant refunds an unused query and prevents a fresh lookup allowance (6059.766583ms)
✔ reconciliation outbox sqlite: current proof permits one result send and delivery obligation settlement (2601.435125ms)
✔ reconciliation outbox sqlite: narrowed tool authority preserves proof validation while channel restrictions still apply (4520.128209ms)
✔ reconciliation outbox sqlite: proof loss at the same revision prevents any result transport (2205.927583ms)
✔ reconciliation outbox sqlite: proof loss defers lookup of an already sent uncertain result (2023.931167ms)
✔ reconciliation outbox sqlite: proof loss after the send claim is checked before entering the sink (1686.07425ms)
✔ reconciliation outbox sqlite: proof loss in the pre-lookup artifact await prevents receipt lookup (1823.720917ms)
✔ reconciliation outbox sqlite: proof loss during send keeps the delivery unadopted without resending (1609.89625ms)
✔ reconciliation outbox sqlite: proof loss during receipt lookup cannot close the delivery obligation (1630.76175ms)
✔ reconciliation outbox sqlite: the commit guard rechecks proof after awaited artifact validation (1442.138ms)
✔ reconciliation outbox file-journal: current proof permits one result send and delivery obligation settlement (8038.232208ms)
✔ reconciliation outbox file-journal: narrowed tool authority preserves proof validation while channel restrictions still apply (19138.906792ms)
✔ reconciliation outbox file-journal: proof loss at the same revision prevents any result transport (5969.062708ms)
✔ reconciliation outbox file-journal: proof loss defers lookup of an already sent uncertain result (6721.597333ms)
✔ reconciliation outbox file-journal: proof loss after the send claim is checked before entering the sink (5029.115666ms)
✔ reconciliation outbox file-journal: proof loss in the pre-lookup artifact await prevents receipt lookup (5153.140042ms)
✔ reconciliation outbox file-journal: proof loss during send keeps the delivery unadopted without resending (2764.017709ms)
✔ reconciliation outbox file-journal: proof loss during receipt lookup cannot close the delivery obligation (3112.952583ms)
✔ reconciliation outbox file-journal: the commit guard rechecks proof after awaited artifact validation (2139.752709ms)
✔ sqlite: reserve command receipt is required to authenticate an otherwise intact reconciliation proof (2255.475209ms)
✔ sqlite: dispatch command receipt is required to authenticate an otherwise intact reconciliation proof (1904.7155ms)
✔ sqlite: receive command receipt is required to authenticate an otherwise intact reconciliation proof (2082.750458ms)
✔ sqlite: settle command receipt is required to authenticate an otherwise intact reconciliation proof (2072.451708ms)
✔ sqlite: concurrent identical reserve, execute, and settle calls retain one intent, one lookup charge, and one proof (1948.888125ms)
✔ file-journal: reserve command receipt is required to authenticate an otherwise intact reconciliation proof (8264.802916ms)
✔ file-journal: dispatch command receipt is required to authenticate an otherwise intact reconciliation proof (6460.067208ms)
✔ file-journal: receive command receipt is required to authenticate an otherwise intact reconciliation proof (6118.81425ms)
✔ file-journal: settle command receipt is required to authenticate an otherwise intact reconciliation proof (7020.779ms)
✔ file-journal: concurrent identical reserve, execute, and settle calls retain one intent, one lookup charge, and one proof (7320.590875ms)
✔ sqlite: SIGKILL after reconciliation reservation preserves its owner and refunds only on expiry before an explicit new command (2955.950791ms)
✔ sqlite: SIGKILL during dispatched lookup retains unknown usage and never reissues that command across expiry (2493.298875ms)
✔ sqlite: SIGKILL after received reconciliation settles the stored timely response after lease expiry with no new lookup or input (2374.74825ms)
✔ sqlite: SIGKILL after settlement reopens a current separate proof and duplicate commands remain read-only (2192.941916ms)
✔ file-journal: SIGKILL after reconciliation reservation preserves its owner and refunds only on expiry before an explicit new command (8877.726041ms)
✔ file-journal: SIGKILL during dispatched lookup retains unknown usage and never reissues that command across expiry (7578.933584ms)
✔ file-journal: SIGKILL after received reconciliation settles the stored timely response after lease expiry with no new lookup or input (6517.21825ms)
✔ file-journal: SIGKILL after settlement reopens a current separate proof and duplicate commands remain read-only (8490.790167ms)
✔ sqlite: screen result depends on the live reconciliation proof even when the state revision and previous cursor are unchanged (2799.692333ms)
✔ sqlite: proof loss during diagnostics projection withholds an already prepared result before returning a cursor (2154.204666ms)
✔ sqlite: a reader without the effect verifier cannot treat stored settled metadata as current proof (2174.689042ms)
✔ file-journal: screen result depends on the live reconciliation proof even when the state revision and previous cursor are unchanged (12981.477417ms)
✔ file-journal: proof loss during diagnostics projection withholds an already prepared result before returning a cursor (7768.054916ms)
✔ file-journal: a reader without the effect verifier cannot treat stored settled metadata as current proof (7448.726583ms)
✔ sqlite: explicit reconciliation records a read response and separate effect proof without adopting or changing the original input (2248.481416ms)
✔ sqlite: recorded not-applied receipts resolve only the unknown step and preserve a prior applied prefix (3351.306917ms)
✔ sqlite: a missing driver receipt remains unresolved and repeating the same request neither repeats input nor lookup (1298.461291ms)
✔ sqlite: duplicate command and execution charge one lookup while changed payload conflicts (2003.395208ms)
✔ sqlite: exhausted lookup budget refuses reservation without a driver call or a stored intent (1393.568875ms)
✔ sqlite: receipt lookup requires current read authority but does not require permission to issue another input (1462.062958ms)
✔ sqlite: an expired unused reconciliation reservation is released and the same request never dispatches later (1309.043ms)
✔ sqlite: loss of a settled proof reopens the effect obligation while preserving the old receipt, claim, and original head (1612.747792ms)
✔ file-journal: explicit reconciliation records a read response and separate effect proof without adopting or changing the original input (6673.532458ms)
✔ file-journal: recorded not-applied receipts resolve only the unknown step and preserve a prior applied prefix (9025.683667ms)
✔ file-journal: a missing driver receipt remains unresolved and repeating the same request neither repeats input nor lookup (4606.462541ms)
✔ file-journal: duplicate command and execution charge one lookup while changed payload conflicts (8512.352417ms)
✔ file-journal: exhausted lookup budget refuses reservation without a driver call or a stored intent (4215.438083ms)
✔ file-journal: receipt lookup requires current read authority but does not require permission to issue another input (4138.887041ms)
✔ file-journal: an expired unused reconciliation reservation is released and the same request never dispatches later (3154.254416ms)
✔ file-journal: loss of a settled proof reopens the effect obligation while preserving the old receipt, claim, and original head (4544.073625ms)
✔ computer context sqlite: five compactions and restart preserve running input metadata (594.9915ms)
✔ computer context sqlite: five compactions and restart preserve unknown input metadata (481.81825ms)
✔ computer context file-journal: five compactions and restart preserve running input metadata (1679.786542ms)
✔ computer context file-journal: five compactions and restart preserve unknown input metadata (2516.269917ms)
✔ computer context sqlite: deleted head blocks compaction, source fence and restore (274.906542ms)
✔ computer context sqlite: modified head blocks compaction, source fence and restore (227.632458ms)
✔ computer context file-journal: deleted head blocks compaction, source fence and restore (536.935833ms)
✔ computer context file-journal: modified head blocks compaction, source fence and restore (640.772417ms)
✔ computer context sqlite: mandatory input metadata cannot be evicted, altered or reassigned to a later goal (231.363958ms)
✔ computer context file-journal: mandatory input metadata cannot be evicted, altered or reassigned to a later goal (563.78425ms)
✔ computer context sqlite: head loss during model_context staging is checked before return (224.1325ms)
✔ computer context sqlite: head loss during runtime_resume staging is checked before return (195.95625ms)
✔ computer context file-journal: head loss during model_context staging is checked before return (631.771208ms)
✔ computer context file-journal: head loss during runtime_resume staging is checked before return (445.794041ms)
✔ computer context sqlite: current knowledge, source lifecycle and read permissions still fence metadata (190.099667ms)
✔ computer context file-journal: current knowledge, source lifecycle and read permissions still fence metadata (462.81875ms)
✔ computer contracts: tool inputs cannot select a driver address, add hidden actions or exceed a short batch (18.042833ms)
✔ computer contracts: malformed observations cannot acquire trustworthy refs or silently omit their usage (2.122041ms)
✔ computer contracts: a name match is insufficient when another hidden target shares that name (0.20075ms)
✔ computer contracts: a truncated view cannot prove a unique target or element condition (0.177459ms)
✔ computer contracts: byte limits count UTF-8 bytes and successful validation detaches the source (0.259875ms)
✔ computer contracts: observations cannot move backwards or switch sessions behind the same task (0.250875ms)
✔ computer contracts: conditions require explicit own values and never use prototype facts or coercion (0.083042ms)
✔ computer contracts: intent, application and observation verification cannot be collapsed into complete (2.1855ms)
✔ sqlite: a failed observation artifact write retains the driver's measured call (159.336333ms)
✔ sqlite: intent persistence failure proves no driver entry and keeps the failed step diagnostic (522.762792ms)
✔ sqlite: cancellation before driver entry settles no-input and proof revoked=false fences adoption (714.635ms)
✔ sqlite: cancellation before driver entry settles no-input and proof revoked=true fences adoption (765.166166ms)
✔ sqlite: a failure cannot downgrade the committed unknown effect or measured usage prefix (1141.872416ms)
✔ sqlite: removing the proof provider at the receive commit fence cannot accept a no-effect result (839.567083ms)
✔ sqlite: provider removal between no-effect validation and adoption cannot skip the captured proof fence (767.164875ms)
✔ sqlite: completion must match the checkpoint and only explicitly confirmed facts become evidence (1312.129625ms)
✔ sqlite: losing the checkpoint original between receive and adopt prevents completion (1237.92775ms)
✔ sqlite: losing the observation original between receive and adopt prevents completion (1204.777417ms)
✔ sqlite: diagnostic reads recheck retained knowledge before and after original IO (1209.1335ms)
✔ file-journal: a failed observation artifact write retains the driver's measured call (665.533292ms)
✔ file-journal: intent persistence failure proves no driver entry and keeps the failed step diagnostic (2991.050916ms)
✔ file-journal: cancellation before driver entry settles no-input and proof revoked=false fences adoption (2568.136625ms)
✔ file-journal: cancellation before driver entry settles no-input and proof revoked=true fences adoption (1518.978458ms)
✔ file-journal: a failure cannot downgrade the committed unknown effect or measured usage prefix (2648.957542ms)
✔ file-journal: removing the proof provider at the receive commit fence cannot accept a no-effect result (1651.798916ms)
✔ file-journal: provider removal between no-effect validation and adoption cannot skip the captured proof fence (2068.098917ms)
✔ file-journal: completion must match the checkpoint and only explicitly confirmed facts become evidence (2800.882375ms)
✔ file-journal: losing the checkpoint original between receive and adopt prevents completion (2517.537625ms)
✔ file-journal: losing the observation original between receive and adopt prevents completion (2706.513ms)
✔ file-journal: diagnostic reads recheck retained knowledge before and after original IO (2373.7385ms)
✔ sqlite: SIGKILL after Save leaves committed intent unknown across recovery, goal change and cancellation without replay (1180.1045ms)
✔ sqlite: SIGKILL after received result permits one adoption and rejects an old-epoch observation for a new input (1745.4265ms)
✔ file-journal: SIGKILL after Save leaves committed intent unknown across recovery, goal change and cancellation without replay (5360.288875ms)
✔ file-journal: SIGKILL after received result permits one adoption and rejects an old-epoch observation for a new input (6338.69375ms)
✔ sqlite: registered computer tools observe, apply, prove and adopt a completed synthetic note (1471.849ms)
✖ sqlite: rerendered or restarted observations stop before the first input (695.395459ms)
✔ sqlite: a copied observation from another work remains foreign even when its artifact bytes are present (595.919458ms)
✔ sqlite: ambiguous and partial observations cannot select a target for the batch (1390.146042ms)
✔ sqlite: step two not-applied preserves the confirmed first input without claiming batch completion (1047.568958ms)
✔ sqlite: applied-unknown save creates a reconciliation block and neither execute replay nor replanning adds an input (1063.804541ms)
✔ sqlite: goal, policy and cancellation changes across an awaited response prevent the next input (1827.161375ms)
✔ sqlite: late readiness is observed through bounded waits before subsequent note inputs (1789.01825ms)
✔ sqlite: another runtime revoking writes during the driver's own input delay prevents every input (673.669291ms)
✔ sqlite: false or too-late conditions consume one deadline and cannot reset time or continue to Save (2099.964625ms)
✔ sqlite: stored successful result can be read and adopted after reopening without replaying app input (1103.946917ms)
✔ sqlite: strict action contracts reject injected script fields while document text has no command authority (909.851708ms)
✔ file-journal: registered computer tools observe, apply, prove and adopt a completed synthetic note (2620.097666ms)
✖ file-journal: rerendered or restarted observations stop before the first input (1914.586959ms)
✔ file-journal: a copied observation from another work remains foreign even when its artifact bytes are present (1129.000875ms)
✔ file-journal: ambiguous and partial observations cannot select a target for the batch (3598.416333ms)
✔ file-journal: step two not-applied preserves the confirmed first input without claiming batch completion (2415.438ms)
✔ file-journal: applied-unknown save creates a reconciliation block and neither execute replay nor replanning adds an input (2185.013917ms)
✔ file-journal: goal, policy and cancellation changes across an awaited response prevent the next input (4708.183833ms)
✔ file-journal: late readiness is observed through bounded waits before subsequent note inputs (2372.334459ms)
✔ file-journal: another runtime revoking writes during the driver's own input delay prevents every input (647.268959ms)
✔ file-journal: false or too-late conditions consume one deadline and cannot reset time or continue to Save (2438.342042ms)
✔ file-journal: stored successful result can be read and adopted after reopening without replaying app input (1224.509ms)
✔ file-journal: strict action contracts reject injected script fields while document text has no command authority (1649.764125ms)
ℹ tests 185
ℹ suites 0
ℹ pass 182
ℹ fail 3
ℹ cancelled 0
ℹ skipped 0
ℹ todo 0
ℹ duration_ms 81253.201708

✖ failing tests:

test at dist/tests/computer-continuation-authority.test.js:106:9
✖ file-journal: reconciliation-proof changing inside final input authorization prevents the successor input (17841.034834ms)
  AssertionError [ERR_ASSERTION]: the change happens inside the driver callback, after the input intent was stored
  
  0 !== 1
  
      at TestContext.<anonymous> (file:///Users/seunghanee/Documents/secumon/runtime/dist/tests/computer-continuation-authority.test.js:125:20)
      at async Test.run (node:internal/test_runner/test:1404:7)
      at async Test.processPendingSubtests (node:internal/test_runner/test:969:7) {
    generatedMessage: false,
    code: 'ERR_ASSERTION',
    actual: 0,
    expected: 1,
    operator: 'strictEqual',
    diff: 'simple'
  }

test at dist/tests/computer-use.test.js:70:5
✖ sqlite: rerendered or restarted observations stop before the first input (695.395459ms)
  AssertionError [ERR_ASSERTION]: Expected values to be strictly equal:
  + actual - expected
  
  + {
  +   completedSteps: 0,
  +   head: {
  +     byteLength: 1742,
  +     id: 'afbd33fec92948c79866fd36b05e0f314bfbb241f67b0696e8274d491f869d75',
  +     labels: [
  +       'public'
  +     ],
  +     mediaType: 'application/json',
  +     sha256: '3dd99752ba175d4358fc269292ad0d4915ca582809752529ff7d4ad39f41d190',
  +     tenantId: 'synthetic'
  +   },
  +   pendingOperationId: null,
  +   phase: 'partial'
  + }
  - undefined
  
      at TestContext.<anonymous> (file:///Users/seunghanee/Documents/secumon/runtime/dist/tests/computer-use.test.js:87:20)
      at async Test.run (node:internal/test_runner/test:1404:7)
      at async Test.processPendingSubtests (node:internal/test_runner/test:969:7) {
    generatedMessage: true,
    code: 'ERR_ASSERTION',
    actual: { head: { id: 'afbd33fec92948c79866fd36b05e0f314bfbb241f67b0696e8274d491f869d75', sha256: '3dd99752ba175d4358fc269292ad0d4915ca582809752529ff7d4ad39f41d190', byteLength: 1742, mediaType: 'application/json', tenantId: 'synthetic', labels: [Array] }, phase: 'partial', completedSteps: 0, pendingOperationId: null },
    expected: undefined,
    operator: 'strictEqual',
    diff: 'simple'
  }

test at dist/tests/computer-use.test.js:70:5
✖ file-journal: rerendered or restarted observations stop before the first input (1914.586959ms)
  AssertionError [ERR_ASSERTION]: Expected values to be strictly equal:
  + actual - expected
  
  + {
  +   completedSteps: 0,
  +   head: {
  +     byteLength: 1742,
  +     id: 'ab68072a0605bff1501cff0b953334da088a559dbf34af47fe1d951835932fa2',
  +     labels: [
  +       'public'
  +     ],
  +     mediaType: 'application/json',
  +     sha256: 'f6a59e82fa8a7e0675e3cf7dac10ea8d9c425c01afd93ef52bade78d2a0c834d',
  +     tenantId: 'synthetic'
  +   },
  +   pendingOperationId: null,
  +   phase: 'partial'
  + }
  - undefined
  
      at TestContext.<anonymous> (file:///Users/seunghanee/Documents/secumon/runtime/dist/tests/computer-use.test.js:87:20)
      at async Test.run (node:internal/test_runner/test:1404:7)
      at async Test.processPendingSubtests (node:internal/test_runner/test:969:7) {
    generatedMessage: true,
    code: 'ERR_ASSERTION',
    actual: { head: { id: 'ab68072a0605bff1501cff0b953334da088a559dbf34af47fe1d951835932fa2', sha256: 'f6a59e82fa8a7e0675e3cf7dac10ea8d9c425c01afd93ef52bade78d2a0c834d', byteLength: 1742, mediaType: 'application/json', tenantId: 'synthetic', labels: [Array] }, phase: 'partial', completedSteps: 0, pendingOperationId: null },
    expected: undefined,
    operator: 'strictEqual',
    diff: 'simple'
  }
