✔ checkpoint v2: v1 retains its exact serialized shape and rejects v2 fields (9.299917ms)
✔ checkpoint v2: an initial head preserves historical refs before any fresh observation (3.940167ms)
✔ checkpoint v2: fresh observation and input intent each require their retained reservation (1.130208ms)
✔ checkpoint v2: root identity, lifetime and bounded counters cannot be reset or enlarged (0.600083ms)
✔ checkpoint v2: a child binds its own task and policy basis to the immutable claim (0.571125ms)
✔ checkpoint v2: child actions use local indexes and cannot prepend the parent prefix or skip intent accounting (0.331541ms)
✔ checkpoint v2: inherited conditions must be observed before a successor can issue an input (0.215042ms)
✔ checkpoint v2: only verification may get a fresh read deadline after the root input deadline (0.193125ms)
✔ checkpoint v2: completing a suffix requires every own input and every condition to be confirmed (0.588834ms)
✔ checkpoint v2: zero-input completion requires a fully applied parent and fresh inheritance verification (0.54225ms)
✔ checkpoint v2: strict parsing detaches the lineage and claim without silently accepting extra capabilities (3.184291ms)
✔ sqlite: source loss during the awaited knowledge check is caught by the second resolution before input (2079.155875ms)
✔ sqlite: source-head changing inside final input authorization prevents the successor input (1740.570708ms)
✔ sqlite: reconciliation-proof changing inside final input authorization prevents the successor input (1682.336625ms)
✔ sqlite: pause changing inside final input authorization prevents the successor input (1575.403166ms)
✔ sqlite: goal changing inside final input authorization prevents the successor input (1613.800083ms)
✔ sqlite: losing a parent proof after a successful child result blocks adoption, proof consumption and compaction (2544.174667ms)
✔ sqlite: a child acquires a fresh epoch and rechecks conditions without replaying the old field input (1769.887708ms)
✔ file-journal: source loss during the awaited knowledge check is caught by the second resolution before input (8752.379792ms)
✔ file-journal: source-head changing inside final input authorization prevents the successor input (8605.408417ms)
✔ file-journal: reconciliation-proof changing inside final input authorization prevents the successor input (9099.984958ms)
✔ file-journal: pause changing inside final input authorization prevents the successor input (4751.629875ms)
✔ file-journal: goal changing inside final input authorization prevents the successor input (3332.763792ms)
✔ file-journal: losing a parent proof after a successful child result blocks adoption, proof consumption and compaction (7339.754458ms)
✔ file-journal: a child acquires a fresh epoch and rechecks conditions without replaying the old field input (2853.125125ms)
✔ continuation context sqlite: contract-seeded claim and latest parent originals survive five compactions and reopen (2274.68275ms)
✔ continuation context sqlite: a final v2 child preserves historical, entry and inherited observations through compact and reopen (1729.742667ms)
✔ continuation context sqlite: missing v2 entry reference invalidates an unchanged final child (1221.677041ms)
✔ continuation context sqlite: missing v2 inherited reference invalidates an unchanged final child (1218.170167ms)
✔ continuation context sqlite: v2 child rejects a forged canonical claim, unrelated initial basis and foreign observation owner (1239.911667ms)
✔ continuation context sqlite: v2 inherited observation loss during model_context staging prevents return (1221.535125ms)
✔ continuation context sqlite: v2 inherited observation loss during runtime_resume staging prevents return (1153.307084ms)
✔ continuation context sqlite: late malformed parent receive cannot rewrite a claimed source (831.730375ms)
✔ continuation context sqlite: missing head fences an otherwise unchanged claim (962.749166ms)
✔ continuation context sqlite: missing result fences an otherwise unchanged claim (924.245ms)
✔ continuation context sqlite: missing observation fences an otherwise unchanged claim (949.758292ms)
✔ continuation context sqlite: corrupt parent data and invalid bounded decode never produce a resume (898.143208ms)
✔ continuation context sqlite: original loss during model_context storage is checked before return (940.827458ms)
✔ continuation context sqlite: original loss during runtime_resume storage is checked before return (873.361834ms)
✔ continuation context sqlite: visibility hides a claim while obligations remain and undeclared raw fields are discarded (827.726959ms)
✔ continuation context sqlite: unavailable continuation proof readers fail closed even without reconciliation records (880.900375ms)
✔ continuation context file-journal: contract-seeded claim and latest parent originals survive five compactions and reopen (4489.821459ms)
✔ continuation context file-journal: a final v2 child preserves historical, entry and inherited observations through compact and reopen (4880.207917ms)
✔ continuation context file-journal: missing v2 entry reference invalidates an unchanged final child (3839.698292ms)
✔ continuation context file-journal: missing v2 inherited reference invalidates an unchanged final child (2080.181958ms)
✔ continuation context file-journal: v2 child rejects a forged canonical claim, unrelated initial basis and foreign observation owner (1784.760625ms)
✔ continuation context file-journal: v2 inherited observation loss during model_context staging prevents return (1667.905583ms)
✔ continuation context file-journal: v2 inherited observation loss during runtime_resume staging prevents return (1571.866708ms)
✔ continuation context file-journal: late malformed parent receive cannot rewrite a claimed source (1604.266208ms)
✔ continuation context file-journal: missing head fences an otherwise unchanged claim (1810.818083ms)
✔ continuation context file-journal: missing result fences an otherwise unchanged claim (1652.394208ms)
✔ continuation context file-journal: missing observation fences an otherwise unchanged claim (1267.045958ms)
✔ continuation context file-journal: corrupt parent data and invalid bounded decode never produce a resume (935.811667ms)
✔ continuation context file-journal: original loss during model_context storage is checked before return (917.958666ms)
✔ continuation context file-journal: original loss during runtime_resume storage is checked before return (1006.380625ms)
✔ continuation context file-journal: visibility hides a claim while obligations remain and undeclared raw fields are discarded (1083.036875ms)
✔ continuation context file-journal: unavailable continuation proof readers fail closed even without reconciliation records (1102.40675ms)
✔ computer continuation contract: optional fields leave legacy state, context and task digests unchanged (9.346083ms)
✔ computer continuation contract: control metadata cannot carry raw actions, offsets or two resume mechanisms (0.736416ms)
✔ computer continuation contract: counters, depth and mode cannot revive the action window or exceed inherited limits (29.522125ms)
✔ computer continuation planning: exact parent and proof participate in task identity, including historical plans (23.453ms)
✔ computer continuation tools: proof metadata is mandatory and refresh cannot install an invalid or cacheable adapter (17.053417ms)
✔ computer continuation tools: resume is required exactly for marked tools and verify needs no write permission (10.815792ms)
✔ computer continuation transition: claim and a new reserved attempt plus budget must be committed together (1.305ms)
✔ computer continuation transition: a claimed parent cannot be replaced, removed or assigned a second sibling (2.802792ms)
✔ computer continuation transition: source result, checkpoint and task identity stay immutable while the child progresses (0.520125ms)
✔ computer continuation transition: an unknown parent requires the exact settled proof and source basis (0.454625ms)
✔ computer continuation transition: a later generation inherits root limits and cannot reset counters, depth or the action deadline (0.487125ms)
✔ memory: continuation CAS admits one sibling, preserves its receipt on retry and rejects history edits atomically (9.66875ms)
✔ sqlite: continuation CAS admits one sibling, preserves its receipt on retry and rejects history edits atomically (17.765ms)
✔ file-journal: continuation CAS admits one sibling, preserves its receipt on retry and rejects history edits atomically (677.9605ms)
✔ sqlite: SIGKILL after continuation reservation preserves one claim and executes only the existing child after restart (2903.70575ms)
✔ sqlite: SIGKILL after child observation reservation preserves spent lineage budget without replaying an unreceived observation (1525.039ms)
✖ sqlite: SIGKILL after child Save reconciles its durable receipt and verifies depth two without repeating applied input (2228.516833ms)
✔ file-journal: SIGKILL after continuation reservation preserves one claim and executes only the existing child after restart (15906.774458ms)
✔ file-journal: SIGKILL after child observation reservation preserves spent lineage budget without replaying an unreceived observation (7968.454584ms)
✖ file-journal: SIGKILL after child Save reconciles its durable receipt and verifies depth two without repeating applied input (9870.541167ms)
✔ sqlite: an applied-unknown prefix is reconciled once and only the two remaining inputs run (3791.37575ms)
✔ sqlite: an unknown saved input is verified after the old action deadline without saving twice (2225.418667ms)
✔ sqlite: a known not-applied input may be retried once while its applied prefix remains immutable (1844.906958ms)
✔ sqlite: a later value supersedes the same field's earlier condition at the continuation frontier (2249.742417ms)
✔ sqlite: changed inherited conditions stop a successor without repeating or extending the applied prefix (1844.719625ms)
✔ sqlite: concurrent reservations create at most one successor and consume one work reservation (1770.645375ms)
✔ sqlite: lineage observation and input budgets stay spent across failed successors (2217.723666ms)
✔ sqlite: a new successor cannot reset the original action deadline (866.121791ms)
✔ file-journal: an applied-unknown prefix is reconciled once and only the two remaining inputs run (24814.616084ms)
✔ file-journal: an unknown saved input is verified after the old action deadline without saving twice (7966.38875ms)
✔ file-journal: a known not-applied input may be retried once while its applied prefix remains immutable (2674.503875ms)
✔ file-journal: a later value supersedes the same field's earlier condition at the continuation frontier (2744.740458ms)
✔ file-journal: changed inherited conditions stop a successor without repeating or extending the applied prefix (3428.168625ms)
✔ file-journal: concurrent reservations create at most one successor and consume one work reservation (2098.256959ms)
✔ file-journal: lineage observation and input budgets stay spent across failed successors (2304.693167ms)
✔ file-journal: a new successor cannot reset the original action deadline (660.491541ms)
✔ sqlite: structurally valid continue and verify plans fail before acceptance or cost (73.217209ms)
✔ sqlite: a stored continuation plan cannot create a new attempt or budget reservation (26.331375ms)
✔ sqlite: a stored continuation reservation cannot dispatch or enter through execute (158.669833ms)
✔ sqlite: even an existing dispatch receipt cannot invoke a continuation adapter or its reuse hook (212.116542ms)
✔ file-journal: structurally valid continue and verify plans fail before acceptance or cost (719.770167ms)
✔ file-journal: a stored continuation plan cannot create a new attempt or budget reservation (956.9525ms)
✔ file-journal: a stored continuation reservation cannot dispatch or enter through execute (936.007875ms)
✔ file-journal: even an existing dispatch receipt cannot invoke a continuation adapter or its reuse hook (741.317375ms)
✔ sqlite: continuation prepare pins only the unperformed suffix and preserves canonical state and driver input (1310.86275ms)
✔ sqlite: continuation prepare refuses legacy checkpoint counters without upgrading or resetting the original deadline (1146.788916ms)
✔ sqlite: continuation preparation rechecks canonical state after original checkpoint I/O (1112.899625ms)
✔ sqlite: continuation resolve authenticates the canonical reservation receipt and never inspects the child's checkpoint (941.560458ms)
✔ sqlite: invalid claim graph is rejected before recursive original reads and raw proof checks never call knowledge (945.974375ms)
✔ sqlite: missing originals install a durable blocking obligation, cancel reservations, and recover without rewriting claims (946.408083ms)
✔ file-journal: continuation prepare pins only the unperformed suffix and preserves canonical state and driver input (4461.724541ms)
✔ file-journal: continuation prepare refuses legacy checkpoint counters without upgrading or resetting the original deadline (4352.066125ms)
✔ file-journal: continuation preparation rechecks canonical state after original checkpoint I/O (3561.969292ms)
✔ file-journal: continuation resolve authenticates the canonical reservation receipt and never inspects the child's checkpoint (2201.624125ms)
✔ file-journal: invalid claim graph is rejected before recursive original reads and raw proof checks never call knowledge (2214.994542ms)
✔ file-journal: missing originals install a durable blocking obligation, cancel reservations, and recover without rewriting claims (3395.303208ms)
✔ sqlite: registered computer tools observe, apply, prove and adopt a completed synthetic note (1482.424083ms)
✔ sqlite: rerendered or restarted observations stop before the first input (1144.102542ms)
✔ sqlite: a copied observation from another work remains foreign even when its artifact bytes are present (597.278584ms)
✔ sqlite: ambiguous and partial observations cannot select a target for the batch (1210.890541ms)
✔ sqlite: step two not-applied preserves the confirmed first input without claiming batch completion (922.246417ms)
✔ sqlite: applied-unknown save creates a reconciliation block and neither execute replay nor replanning adds an input (887.548ms)
✔ sqlite: goal, policy and cancellation changes across an awaited response prevent the next input (1685.953625ms)
✔ sqlite: late readiness is observed through bounded waits before subsequent note inputs (1521.002542ms)
✔ sqlite: another runtime revoking writes during the driver's own input delay prevents every input (574.930458ms)
✔ sqlite: false or too-late conditions consume one deadline and cannot reset time or continue to Save (1413.846709ms)
✔ sqlite: stored successful result can be read and adopted after reopening without replaying app input (1024.10025ms)
✔ sqlite: strict action contracts reject injected script fields while document text has no command authority (961.833583ms)
✔ file-journal: registered computer tools observe, apply, prove and adopt a completed synthetic note (4228.900959ms)
✔ file-journal: rerendered or restarted observations stop before the first input (2452.219375ms)
✔ file-journal: a copied observation from another work remains foreign even when its artifact bytes are present (663.737167ms)
✔ file-journal: ambiguous and partial observations cannot select a target for the batch (2590.0325ms)
✔ file-journal: step two not-applied preserves the confirmed first input without claiming batch completion (2051.828375ms)
✔ file-journal: applied-unknown save creates a reconciliation block and neither execute replay nor replanning adds an input (4484.747917ms)
✔ file-journal: goal, policy and cancellation changes across an awaited response prevent the next input (3648.998667ms)
✔ file-journal: late readiness is observed through bounded waits before subsequent note inputs (2271.166ms)
✔ file-journal: another runtime revoking writes during the driver's own input delay prevents every input (1007.037708ms)
✔ file-journal: false or too-late conditions consume one deadline and cannot reset time or continue to Save (2872.790417ms)
✔ file-journal: stored successful result can be read and adopted after reopening without replaying app input (1751.400166ms)
✔ file-journal: strict action contracts reject injected script fields while document text has no command authority (1692.994042ms)
ℹ tests 137
ℹ suites 0
ℹ pass 135
ℹ fail 2
ℹ cancelled 0
ℹ skipped 0
ℹ todo 0
ℹ duration_ms 63668.905625

✖ failing tests:

test at dist/tests/computer-continuation-recovery.test.js:170:5
✖ sqlite: SIGKILL after child Save reconciles its durable receipt and verifies depth two without repeating applied input (2228.516833ms)
  Error: task_not_ready
      at file:///Users/seunghanee/Documents/secumon/runtime/dist/application/execution-runtime.js:250:23
      at transact (file:///Users/seunghanee/Documents/secumon/runtime/dist/application/work-transactions.js:18:28)
      at async ExecutionRuntime.reserve (file:///Users/seunghanee/Documents/secumon/runtime/dist/application/execution-runtime.js:244:24)
      at async TestContext.<anonymous> (file:///Users/seunghanee/Documents/secumon/runtime/dist/tests/computer-continuation-recovery.test.js:201:24)
      at async Test.run (node:internal/test_runner/test:1404:7)
      at async Test.processPendingSubtests (node:internal/test_runner/test:969:7)

test at dist/tests/computer-continuation-recovery.test.js:170:5
✖ file-journal: SIGKILL after child Save reconciles its durable receipt and verifies depth two without repeating applied input (9870.541167ms)
  Error: task_not_ready
      at file:///Users/seunghanee/Documents/secumon/runtime/dist/application/execution-runtime.js:250:23
      at transact (file:///Users/seunghanee/Documents/secumon/runtime/dist/application/work-transactions.js:18:28)
      at async ExecutionRuntime.reserve (file:///Users/seunghanee/Documents/secumon/runtime/dist/application/execution-runtime.js:244:24)
      at async TestContext.<anonymous> (file:///Users/seunghanee/Documents/secumon/runtime/dist/tests/computer-continuation-recovery.test.js:201:24)
      at async Test.run (node:internal/test_runner/test:1404:7)
      at async Test.processPendingSubtests (node:internal/test_runner/test:969:7)
