✔ computer operation contract: identity binds the requested input without copying the observed screen or mutable lease (4.203333ms)
✔ computer operation contract: every routing and action component distinguishes an otherwise reused operation id (0.653458ms)
✔ computer operation contract: strict identity retains the bounded typed-action boundary (0.81875ms)
✔ computer operation contract: receipts record a decision and never treat an unknown response as a negative effect (3.202833ms)
✔ computer operation contract: lookup cannot claim found without a receipt or turn an absent proof into not_applied (2.054125ms)
✔ SIGKILL after durable Save permits exact original receipt lookup in a new epoch without replaying input (235.979459ms)
✔ SIGKILL before Save leaves an absent receipt unknown rather than inventing a not-applied receipt (164.485875ms)
✔ computer context sqlite: five compactions and restart preserve running input metadata (681.204666ms)
✔ computer context sqlite: five compactions and restart preserve unknown input metadata (468.555041ms)
✔ computer context file-journal: five compactions and restart preserve running input metadata (2788.254125ms)
✔ computer context file-journal: five compactions and restart preserve unknown input metadata (2604.547291ms)
✔ computer context sqlite: deleted head blocks compaction, source fence and restore (202.5075ms)
✔ computer context sqlite: modified head blocks compaction, source fence and restore (205.616167ms)
✔ computer context file-journal: deleted head blocks compaction, source fence and restore (671.526125ms)
✔ computer context file-journal: modified head blocks compaction, source fence and restore (713.176125ms)
✔ computer context sqlite: mandatory input metadata cannot be evicted, altered or reassigned to a later goal (202.637208ms)
✔ computer context file-journal: mandatory input metadata cannot be evicted, altered or reassigned to a later goal (716.070875ms)
✔ computer context sqlite: head loss during model_context staging is checked before return (173.362333ms)
✔ computer context sqlite: head loss during runtime_resume staging is checked before return (166.211958ms)
✔ computer context file-journal: head loss during model_context staging is checked before return (384.812ms)
✔ computer context file-journal: head loss during runtime_resume staging is checked before return (353.340959ms)
✔ computer context sqlite: current knowledge, source lifecycle and read permissions still fence metadata (132.948875ms)
✔ computer context file-journal: current knowledge, source lifecycle and read permissions still fence metadata (355.861375ms)
✔ computer contracts: tool inputs cannot select a driver address, add hidden actions or exceed a short batch (41.540292ms)
✔ computer contracts: malformed observations cannot acquire trustworthy refs or silently omit their usage (2.542125ms)
✔ computer contracts: a name match is insufficient when another hidden target shares that name (0.211917ms)
✔ computer contracts: a truncated view cannot prove a unique target or element condition (0.19275ms)
✔ computer contracts: byte limits count UTF-8 bytes and successful validation detaches the source (0.290792ms)
✔ computer contracts: observations cannot move backwards or switch sessions behind the same task (0.244ms)
✔ computer contracts: conditions require explicit own values and never use prototype facts or coercion (0.081792ms)
✔ computer contracts: intent, application and observation verification cannot be collapsed into complete (2.353667ms)
✔ sqlite: a failed observation artifact write retains the driver's measured call (243.676584ms)
✔ sqlite: intent persistence failure proves no driver entry and keeps the failed step diagnostic (542.868167ms)
✔ sqlite: cancellation before driver entry settles no-input and proof revoked=false fences adoption (369.030458ms)
✔ sqlite: cancellation before driver entry settles no-input and proof revoked=true fences adoption (415.69875ms)
✔ sqlite: a failure cannot downgrade the committed unknown effect or measured usage prefix (628.687125ms)
✔ sqlite: removing the proof provider at the receive commit fence cannot accept a no-effect result (469.217291ms)
✔ sqlite: provider removal between no-effect validation and adoption cannot skip the captured proof fence (471.4205ms)
✔ sqlite: completion must match the checkpoint and only explicitly confirmed facts become evidence (781.64375ms)
✔ sqlite: losing the checkpoint original between receive and adopt prevents completion (748.931625ms)
✔ sqlite: losing the observation original between receive and adopt prevents completion (769.651875ms)
✔ sqlite: diagnostic reads recheck retained knowledge before and after original IO (732.478ms)
✔ file-journal: a failed observation artifact write retains the driver's measured call (728.117667ms)
✔ file-journal: intent persistence failure proves no driver entry and keeps the failed step diagnostic (1976.19775ms)
✔ file-journal: cancellation before driver entry settles no-input and proof revoked=false fences adoption (1595.182375ms)
✔ file-journal: cancellation before driver entry settles no-input and proof revoked=true fences adoption (806.888333ms)
✔ file-journal: a failure cannot downgrade the committed unknown effect or measured usage prefix (1068.629ms)
✔ file-journal: removing the proof provider at the receive commit fence cannot accept a no-effect result (756.19225ms)
✔ file-journal: provider removal between no-effect validation and adoption cannot skip the captured proof fence (715.33625ms)
✔ file-journal: completion must match the checkpoint and only explicitly confirmed facts become evidence (1233.898667ms)
✔ file-journal: losing the checkpoint original between receive and adopt prevents completion (1081.386917ms)
✔ file-journal: losing the observation original between receive and adopt prevents completion (1098.331042ms)
✔ file-journal: diagnostic reads recheck retained knowledge before and after original IO (1139.193416ms)
✔ sqlite: SIGKILL after Save leaves committed intent unknown across recovery, goal change and cancellation without replay (980.65975ms)
✔ sqlite: SIGKILL after received result permits one adoption and rejects an old-epoch observation for a new input (1039.656292ms)
✔ file-journal: SIGKILL after Save leaves committed intent unknown across recovery, goal change and cancellation without replay (3970.060084ms)
✔ file-journal: SIGKILL after received result permits one adoption and rejects an old-epoch observation for a new input (4154.974125ms)
✔ sqlite: registered computer tools observe, apply, prove and adopt a completed synthetic note (942.488209ms)
✔ sqlite: rerendered or restarted observations stop before the first input (494.583667ms)
✔ sqlite: a copied observation from another work remains foreign even when its artifact bytes are present (389.124333ms)
✔ sqlite: ambiguous and partial observations cannot select a target for the batch (802.006834ms)
✔ sqlite: step two not-applied preserves the confirmed first input without claiming batch completion (663.991583ms)
✔ sqlite: applied-unknown save creates a reconciliation block and neither execute replay nor replanning adds an input (662.328ms)
✔ sqlite: goal, policy and cancellation changes across an awaited response prevent the next input (1366.784417ms)
✔ sqlite: late readiness is observed through bounded waits before subsequent note inputs (970.422209ms)
✔ sqlite: another runtime revoking writes during the driver's own input delay prevents every input (425.840125ms)
✔ sqlite: false or too-late conditions consume one deadline and cannot reset time or continue to Save (1066.791ms)
✔ sqlite: stored successful result can be read and adopted after reopening without replaying app input (782.163834ms)
✔ sqlite: strict action contracts reject injected script fields while document text has no command authority (708.441834ms)
✔ file-journal: registered computer tools observe, apply, prove and adopt a completed synthetic note (1844.361792ms)
✔ file-journal: rerendered or restarted observations stop before the first input (1032.612042ms)
✔ file-journal: a copied observation from another work remains foreign even when its artifact bytes are present (490.813167ms)
✔ file-journal: ambiguous and partial observations cannot select a target for the batch (1261.381209ms)
✔ file-journal: step two not-applied preserves the confirmed first input without claiming batch completion (1082.048958ms)
✔ file-journal: applied-unknown save creates a reconciliation block and neither execute replay nor replanning adds an input (1065.778708ms)
✔ file-journal: goal, policy and cancellation changes across an awaited response prevent the next input (2195.029666ms)
✔ file-journal: late readiness is observed through bounded waits before subsequent note inputs (966.690583ms)
✔ file-journal: another runtime revoking writes during the driver's own input delay prevents every input (420.5795ms)
✔ file-journal: false or too-late conditions consume one deadline and cannot reset time or continue to Save (1073.967625ms)
✔ file-journal: stored successful result can be read and adopted after reopening without replaying app input (720.601666ms)
✔ file-journal: strict action contracts reject injected script fields while document text has no command authority (640.596209ms)
✔ synthetic document inputs produce independently observed app facts and separate session/call usage (12.816583ms)
✔ every lease identity dimension is checked at input and a forged grant applies no input (1.379875ms)
✔ stale observation identity and focus are rejected with zero input (1.734125ms)
✔ current target uniqueness, ref, role, name, visibility and enabled state gate the actual target (0.666ms)
✔ an expired delayed input cannot reach a new owner and old release cannot release the new lease (1.140583ms)
✔ human handoff interrupts pending input, invalidates old views and remains owned after agent release (0.94425ms)
✔ cancellation and shared deadline are rechecked after a driver delay without injecting late input (1.498792ms)
✔ wait observes late readiness using virtual condition changes and a single remaining deadline (1.696709ms)
✔ applied-but-unknown save retains its effect and exact operation replay never saves twice (0.731708ms)
✔ concurrent identical operations join while timeout injection and hook failure apply zero input (1.093875ms)
✔ bounded partial observations never expose omitted targets for action or silently exceed bytes (0.710542ms)
✔ durable synthetic contents and input counts survive reconstruction while leases and observations do not (123.162708ms)
✔ authority is required after delay and host hook, and focus is rechecked after asynchronous authorization (0.820958ms)
✔ synthetic fill accepts the shared 8192-character limit and rejects an oversized value before input (0.428917ms)
✔ synthetic receipts: applied and explicitly not-applied records are durable before response and lookup changes no app bytes (77.758ms)
✔ synthetic receipts: applied-unknown and negative receipts remain queryable by their original epoch after restart (89.191208ms)
✔ synthetic receipts: missing identities and changed action, target, view or focus never inherit another receipt (1.041084ms)
✔ synthetic receipts: another work cannot read an original receipt even with a valid current session grant (0.302875ms)
✔ synthetic receipts: denied or missing read authority, cancelled signals and expired grants disclose no receipt (0.826458ms)
✔ synthetic receipts: cancellation, expiry and owner replacement during read authorization are checked again (1.170375ms)
✔ synthetic receipts: a pending input lookup returns unknown without joining or executing the action (0.583167ms)
✔ synthetic receipts: legacy app contents migrate without inventing operation proofs from saved values or counts (43.782292ms)
✔ synthetic receipts: a full bounded ledger rejects new input, keeps old proofs and remains full after reopen (83.797ms)
✔ synthetic receipts: a reopened full ledger cannot relabel an old applied command as not-applied (73.839583ms)
✔ synthetic receipts: hundreds of distinct refused operations keep diagnostics bounded and preserve the original proof (69.007458ms)
✔ synthetic receipts: pending operation memory caps authorization waits and retains the first response without duplicate input (133.132167ms)
✔ synthetic receipts: delayed concurrent operations cannot overfill a one-record ledger (50.865125ms)
✔ synthetic receipts: malformed, duplicate and oversized persisted receipt sets fail before replacing the file (96.528834ms)
✔ synthetic receipts: an older instance cannot overwrite the newer epoch or its existing receipt file (55.064417ms)
✔ synthetic receipts: mutable lookup inputs and returned receipts cannot change the pinned identity or cached proof (0.479625ms)
✔ synthetic computer storage: reopening prevents the stale owner from publishing its old app as a fresh observation (71.912541ms)
✔ synthetic computer storage: stale delayed search interrupts waiters without throwing or overwriting the reopened file (113.817375ms)
✔ synthetic computer storage: lost directory-sync acknowledgement preserves an applied receipt while blocking new inputs (66.051209ms)
✔ tool result validation: proof requirement is part of the contract and missing callbacks reject registration atomically (16.082917ms)
✔ tool result validation: assigning new fields or callback on the original adapter cannot alter a registered proof (7.77325ms)
✔ tool result validation: provider callback receives detached state and result values (4.62725ms)
✔ tool result validation: same-version replacement while awaiting a proof invalidates the pending answer (4.151875ms)
✔ tool result validation: removal or unrelated provider refresh has the correct registration scope (6.503459ms)
✔ tool result validation: legacy tools retain optional validation and rejected or malformed proofs fail closed (13.005416ms)
ℹ tests 120
ℹ suites 0
ℹ pass 120
ℹ fail 0
ℹ cancelled 0
ℹ skipped 0
ℹ todo 0
ℹ duration_ms 22274.144
