✔ computer context sqlite: five compactions and restart preserve running input metadata (524.40975ms)
✔ computer context sqlite: five compactions and restart preserve unknown input metadata (477.896167ms)
✔ computer context file-journal: five compactions and restart preserve running input metadata (2690.295416ms)
✔ computer context file-journal: five compactions and restart preserve unknown input metadata (2678.798667ms)
✔ computer context sqlite: deleted head blocks compaction, source fence and restore (222.033041ms)
✔ computer context sqlite: modified head blocks compaction, source fence and restore (201.693416ms)
✔ computer context file-journal: deleted head blocks compaction, source fence and restore (689.143875ms)
✔ computer context file-journal: modified head blocks compaction, source fence and restore (757.063458ms)
✔ computer context sqlite: mandatory input metadata cannot be evicted, altered or reassigned to a later goal (198.152583ms)
✔ computer context file-journal: mandatory input metadata cannot be evicted, altered or reassigned to a later goal (691.8265ms)
✔ computer context sqlite: head loss during model_context staging is checked before return (205.837125ms)
✔ computer context sqlite: head loss during runtime_resume staging is checked before return (152.598417ms)
✔ computer context file-journal: head loss during model_context staging is checked before return (311.26375ms)
✔ computer context file-journal: head loss during runtime_resume staging is checked before return (368.469458ms)
✔ computer context sqlite: current knowledge, source lifecycle and read permissions still fence metadata (146.126958ms)
✔ computer context file-journal: current knowledge, source lifecycle and read permissions still fence metadata (358.1555ms)
✔ computer contracts: tool inputs cannot select a driver address, add hidden actions or exceed a short batch (30.269167ms)
✔ computer contracts: malformed observations cannot acquire trustworthy refs or silently omit their usage (5.31675ms)
✔ computer contracts: a name match is insufficient when another hidden target shares that name (0.504458ms)
✔ computer contracts: a truncated view cannot prove a unique target or element condition (0.252875ms)
✔ computer contracts: byte limits count UTF-8 bytes and successful validation detaches the source (0.439458ms)
✔ computer contracts: observations cannot move backwards or switch sessions behind the same task (0.248708ms)
✔ computer contracts: conditions require explicit own values and never use prototype facts or coercion (0.093375ms)
✔ computer contracts: intent, application and observation verification cannot be collapsed into complete (3.012916ms)
✔ sqlite: a failed observation artifact write retains the driver's measured call (131.150709ms)
✔ sqlite: intent persistence failure proves no driver entry and keeps the failed step diagnostic (473.052166ms)
✔ sqlite: cancellation before driver entry settles no-input and proof revoked=false fences adoption (432.943625ms)
✔ sqlite: cancellation before driver entry settles no-input and proof revoked=true fences adoption (432.5305ms)
✔ sqlite: a failure cannot downgrade the committed unknown effect or measured usage prefix (639.748125ms)
✔ sqlite: removing the proof provider at the receive commit fence cannot accept a no-effect result (417.166125ms)
✔ sqlite: provider removal between no-effect validation and adoption cannot skip the captured proof fence (480.441875ms)
✔ sqlite: completion must match the checkpoint and only explicitly confirmed facts become evidence (739.309917ms)
✔ sqlite: losing the checkpoint original between receive and adopt prevents completion (790.646125ms)
✔ sqlite: losing the observation original between receive and adopt prevents completion (770.36425ms)
✔ sqlite: diagnostic reads recheck retained knowledge before and after original IO (775.718417ms)
✔ file-journal: a failed observation artifact write retains the driver's measured call (640.333666ms)
✔ file-journal: intent persistence failure proves no driver entry and keeps the failed step diagnostic (1984.22075ms)
✔ file-journal: cancellation before driver entry settles no-input and proof revoked=false fences adoption (1629.840125ms)
✔ file-journal: cancellation before driver entry settles no-input and proof revoked=true fences adoption (782.554958ms)
✔ file-journal: a failure cannot downgrade the committed unknown effect or measured usage prefix (1018.057417ms)
✔ file-journal: removing the proof provider at the receive commit fence cannot accept a no-effect result (725.749792ms)
✔ file-journal: provider removal between no-effect validation and adoption cannot skip the captured proof fence (736.694541ms)
✔ file-journal: completion must match the checkpoint and only explicitly confirmed facts become evidence (1046.507833ms)
✔ file-journal: losing the checkpoint original between receive and adopt prevents completion (1070.860208ms)
✔ file-journal: losing the observation original between receive and adopt prevents completion (1040.951375ms)
✔ file-journal: diagnostic reads recheck retained knowledge before and after original IO (1000.658208ms)
✔ sqlite: SIGKILL after Save leaves committed intent unknown across recovery, goal change and cancellation without replay (921.951625ms)
✔ sqlite: SIGKILL after received result permits one adoption and rejects an old-epoch observation for a new input (1045.394458ms)
✔ file-journal: SIGKILL after Save leaves committed intent unknown across recovery, goal change and cancellation without replay (4060.287291ms)
✔ file-journal: SIGKILL after received result permits one adoption and rejects an old-epoch observation for a new input (4084.009292ms)
✔ sqlite: registered computer tools observe, apply, prove and adopt a completed synthetic note (892.989042ms)
✔ sqlite: rerendered or restarted observations stop before the first input (557.449292ms)
✔ sqlite: a copied observation from another work remains foreign even when its artifact bytes are present (381.395292ms)
✔ sqlite: ambiguous and partial observations cannot select a target for the batch (729.272542ms)
✔ sqlite: step two not-applied preserves the confirmed first input without claiming batch completion (681.61575ms)
✔ sqlite: applied-unknown save creates a reconciliation block and neither execute replay nor replanning adds an input (684.744292ms)
✔ sqlite: goal, policy and cancellation changes across an awaited response prevent the next input (1329.750167ms)
✔ sqlite: late readiness is observed through bounded waits before subsequent note inputs (993.943375ms)
✔ sqlite: another runtime revoking writes during the driver's own input delay prevents every input (423.991666ms)
✔ sqlite: false or too-late conditions consume one deadline and cannot reset time or continue to Save (1021.266666ms)
✔ sqlite: stored successful result can be read and adopted after reopening without replaying app input (810.188625ms)
✔ sqlite: strict action contracts reject injected script fields while document text has no command authority (788.795541ms)
✔ file-journal: registered computer tools observe, apply, prove and adopt a completed synthetic note (1760.78075ms)
✔ file-journal: rerendered or restarted observations stop before the first input (984.644541ms)
✔ file-journal: a copied observation from another work remains foreign even when its artifact bytes are present (508.143ms)
✔ file-journal: ambiguous and partial observations cannot select a target for the batch (1279.67325ms)
✔ file-journal: step two not-applied preserves the confirmed first input without claiming batch completion (986.859ms)
✔ file-journal: applied-unknown save creates a reconciliation block and neither execute replay nor replanning adds an input (990.510167ms)
✔ file-journal: goal, policy and cancellation changes across an awaited response prevent the next input (2023.113375ms)
✔ file-journal: late readiness is observed through bounded waits before subsequent note inputs (872.077625ms)
✔ file-journal: another runtime revoking writes during the driver's own input delay prevents every input (416.366125ms)
✔ file-journal: false or too-late conditions consume one deadline and cannot reset time or continue to Save (1048.010625ms)
✔ file-journal: stored successful result can be read and adopted after reopening without replaying app input (656.250625ms)
✔ file-journal: strict action contracts reject injected script fields while document text has no command authority (640.373458ms)
✔ synthetic document inputs produce independently observed app facts and separate session/call usage (3.351333ms)
✔ every lease identity dimension is checked at input and a forged grant applies no input (0.447084ms)
✔ stale observation identity and focus are rejected with zero input (0.416041ms)
✔ current target uniqueness, ref, role, name, visibility and enabled state gate the actual target (0.345541ms)
✔ an expired delayed input cannot reach a new owner and old release cannot release the new lease (0.484417ms)
✔ human handoff interrupts pending input, invalidates old views and remains owned after agent release (0.202459ms)
✔ cancellation and shared deadline are rechecked after a driver delay without injecting late input (2.637167ms)
✔ wait observes late readiness using virtual condition changes and a single remaining deadline (1.094208ms)
✔ applied-but-unknown save retains its effect and exact operation replay never saves twice (0.538167ms)
✔ concurrent identical operations join while timeout injection and hook failure apply zero input (0.256334ms)
✔ bounded partial observations never expose omitted targets for action or silently exceed bytes (0.152292ms)
✔ durable synthetic contents and input counts survive reconstruction while leases and observations do not (66.1555ms)
✔ authority is required after delay and host hook, and focus is rechecked after asynchronous authorization (0.479667ms)
✔ synthetic fill accepts the shared 8192-character limit and rejects an oversized value before input (0.148292ms)
✔ tool result validation: proof requirement is part of the contract and missing callbacks reject registration atomically (26.819916ms)
✔ tool result validation: assigning new fields or callback on the original adapter cannot alter a registered proof (15.67975ms)
✔ tool result validation: provider callback receives detached state and result values (9.371166ms)
✔ tool result validation: same-version replacement while awaiting a proof invalidates the pending answer (5.590291ms)
✔ tool result validation: removal or unrelated provider refresh has the correct registration scope (12.104833ms)
✔ tool result validation: legacy tools retain optional validation and rejected or malformed proofs fail closed (18.584292ms)
ℹ tests 94
ℹ suites 0
ℹ pass 94
ℹ fail 0
ℹ cancelled 0
ℹ skipped 0
ℹ todo 0
ℹ duration_ms 21612.998125
