✔ checkpoint v2: v1 retains its exact serialized shape and rejects v2 fields (8.608083ms)
✔ checkpoint v2: an initial head preserves historical refs before any fresh observation (6.087916ms)
✔ checkpoint v2: fresh observation and input intent each require their retained reservation (0.404417ms)
✔ checkpoint v2: root identity, lifetime and bounded counters cannot be reset or enlarged (0.338292ms)
✔ checkpoint v2: a child binds its own task and policy basis to the immutable claim (0.505916ms)
✔ checkpoint v2: child actions use local indexes and cannot prepend the parent prefix or skip intent accounting (0.317084ms)
✔ checkpoint v2: inherited conditions must be observed before a successor can issue an input (0.209959ms)
✔ checkpoint v2: only verification may get a fresh read deadline after the root input deadline (0.17675ms)
✔ checkpoint v2: completing a suffix requires every own input and every condition to be confirmed (5.946708ms)
✔ checkpoint v2: zero-input completion requires a fully applied parent and fresh inheritance verification (0.5545ms)
✔ checkpoint v2: strict parsing detaches the lineage and claim without silently accepting extra capabilities (1.055041ms)
✔ sqlite: source loss during the awaited knowledge check is caught by the second resolution before input (2371.182416ms)
✔ sqlite: source-head changing inside final input authorization prevents the successor input (1653.969083ms)
✔ sqlite: reconciliation-proof changing inside final input authorization prevents the successor input (1781.178167ms)
✔ sqlite: pause changing inside final input authorization prevents the successor input (1711.106708ms)
✔ sqlite: goal changing inside final input authorization prevents the successor input (1558.777292ms)
✔ sqlite: losing a parent proof after a successful child result blocks adoption, proof consumption and compaction (2639.12425ms)
✔ sqlite: a child acquires a fresh epoch and rechecks conditions without replaying the old field input (1957.016708ms)
✔ file-journal: source loss during the awaited knowledge check is caught by the second resolution before input (8974.361459ms)
✔ file-journal: source-head changing inside final input authorization prevents the successor input (5887.603125ms)
✔ file-journal: reconciliation-proof changing inside final input authorization prevents the successor input (9581.904167ms)
✔ file-journal: pause changing inside final input authorization prevents the successor input (4920.78125ms)
✔ file-journal: goal changing inside final input authorization prevents the successor input (3909.687833ms)
✔ file-journal: losing a parent proof after a successful child result blocks adoption, proof consumption and compaction (9547.261958ms)
✔ file-journal: a child acquires a fresh epoch and rechecks conditions without replaying the old field input (3322.75575ms)
✔ continuation context sqlite: contract-seeded claim and latest parent originals survive five compactions and reopen (2347.493459ms)
✔ continuation context sqlite: a final v2 child preserves historical, entry and inherited observations through compact and reopen (1650.129292ms)
✔ continuation context sqlite: missing v2 entry reference invalidates an unchanged final child (1201.798917ms)
✔ continuation context sqlite: missing v2 inherited reference invalidates an unchanged final child (1341.886125ms)
✔ continuation context sqlite: v2 child rejects a forged canonical claim, unrelated initial basis and foreign observation owner (1386.24875ms)
✔ continuation context sqlite: v2 inherited observation loss during model_context staging prevents return (1322.938833ms)
✔ continuation context sqlite: v2 inherited observation loss during runtime_resume staging prevents return (1217.668459ms)
✔ continuation context sqlite: late malformed parent receive cannot rewrite a claimed source (890.36875ms)
✔ continuation context sqlite: missing head fences an otherwise unchanged claim (1051.932041ms)
✔ continuation context sqlite: missing result fences an otherwise unchanged claim (1156.963459ms)
✔ continuation context sqlite: missing observation fences an otherwise unchanged claim (977.529084ms)
✔ continuation context sqlite: corrupt parent data and invalid bounded decode never produce a resume (907.581584ms)
✔ continuation context sqlite: original loss during model_context storage is checked before return (931.867666ms)
✔ continuation context sqlite: original loss during runtime_resume storage is checked before return (991.820917ms)
✔ continuation context sqlite: visibility hides a claim while obligations remain and undeclared raw fields are discarded (872.143917ms)
✔ continuation context sqlite: unavailable continuation proof readers fail closed even without reconciliation records (839.777875ms)
✔ continuation context file-journal: contract-seeded claim and latest parent originals survive five compactions and reopen (4518.982375ms)
✔ continuation context file-journal: a final v2 child preserves historical, entry and inherited observations through compact and reopen (3662.957792ms)
✔ continuation context file-journal: missing v2 entry reference invalidates an unchanged final child (1978.962958ms)
✔ continuation context file-journal: missing v2 inherited reference invalidates an unchanged final child (2435.716333ms)
✔ continuation context file-journal: v2 child rejects a forged canonical claim, unrelated initial basis and foreign observation owner (1663.917708ms)
✔ continuation context file-journal: v2 inherited observation loss during model_context staging prevents return (1786.944167ms)
✔ continuation context file-journal: v2 inherited observation loss during runtime_resume staging prevents return (1657.156125ms)
✔ continuation context file-journal: late malformed parent receive cannot rewrite a claimed source (1421.786125ms)
✔ continuation context file-journal: missing head fences an otherwise unchanged claim (1996.172333ms)
✔ continuation context file-journal: missing result fences an otherwise unchanged claim (1766.354708ms)
✔ continuation context file-journal: missing observation fences an otherwise unchanged claim (1249.556792ms)
✔ continuation context file-journal: corrupt parent data and invalid bounded decode never produce a resume (1149.862875ms)
✔ continuation context file-journal: original loss during model_context storage is checked before return (1083.020917ms)
✔ continuation context file-journal: original loss during runtime_resume storage is checked before return (1063.348292ms)
✔ continuation context file-journal: visibility hides a claim while obligations remain and undeclared raw fields are discarded (1312.738916ms)
✔ continuation context file-journal: unavailable continuation proof readers fail closed even without reconciliation records (1155.757167ms)
✔ computer continuation contract: optional fields leave legacy state, context and task digests unchanged (12.869583ms)
✔ computer continuation contract: control metadata cannot carry raw actions, offsets or two resume mechanisms (1.93625ms)
✔ computer continuation contract: counters, depth and mode cannot revive the action window or exceed inherited limits (24.708375ms)
✔ computer continuation planning: exact parent and proof participate in task identity, including historical plans (21.274792ms)
✔ computer continuation tools: proof metadata is mandatory and refresh cannot install an invalid or cacheable adapter (21.404167ms)
✔ computer continuation tools: resume is required exactly for marked tools and verify needs no write permission (15.581208ms)
✔ computer continuation transition: claim and a new reserved attempt plus budget must be committed together (0.65425ms)
✔ computer continuation transition: a claimed parent cannot be replaced, removed or assigned a second sibling (0.89675ms)
✔ computer continuation transition: source result, checkpoint and task identity stay immutable while the child progresses (0.457792ms)
✔ computer continuation transition: an unknown parent requires the exact settled proof and source basis (0.433167ms)
✔ computer continuation transition: a later generation inherits root limits and cannot reset counters, depth or the action deadline (0.503458ms)
✔ memory: continuation CAS admits one sibling, preserves its receipt on retry and rejects history edits atomically (27.87925ms)
✔ sqlite: continuation CAS admits one sibling, preserves its receipt on retry and rejects history edits atomically (12.645875ms)
✔ file-journal: continuation CAS admits one sibling, preserves its receipt on retry and rejects history edits atomically (697.490708ms)
✔ sqlite: SIGKILL after continuation reservation preserves one claim and executes only the existing child after restart (3038.648417ms)
✔ sqlite: SIGKILL after child observation reservation preserves spent lineage budget without replaying an unreceived observation (1573.272167ms)
✔ sqlite: SIGKILL after child Save reconciles its durable receipt and verifies depth two without repeating applied input (4453.544083ms)
✔ file-journal: SIGKILL after continuation reservation preserves one claim and executes only the existing child after restart (15236.065625ms)
✔ file-journal: SIGKILL after child observation reservation preserves spent lineage budget without replaying an unreceived observation (5041.185833ms)
✔ file-journal: SIGKILL after child Save reconciles its durable receipt and verifies depth two without repeating applied input (26042.31025ms)
✔ sqlite: an applied-unknown prefix is reconciled once and only the two remaining inputs run (3847.827125ms)
✔ sqlite: an unknown saved input is verified after the old action deadline without saving twice (2347.189792ms)
✔ sqlite: a known not-applied input may be retried once while its applied prefix remains immutable (2035.380167ms)
✔ sqlite: a later value supersedes the same field's earlier condition at the continuation frontier (2294.78525ms)
✔ sqlite: changed inherited conditions stop a successor without repeating or extending the applied prefix (2005.626542ms)
✔ sqlite: concurrent reservations create at most one successor and consume one work reservation (1951.20625ms)
✔ sqlite: lineage observation and input budgets stay spent across failed successors (2217.645792ms)
✔ sqlite: a new successor cannot reset the original action deadline (944.571625ms)
✔ file-journal: an applied-unknown prefix is reconciled once and only the two remaining inputs run (22677.752583ms)
✔ file-journal: an unknown saved input is verified after the old action deadline without saving twice (8590.020833ms)
✔ file-journal: a known not-applied input may be retried once while its applied prefix remains immutable (3524.559958ms)
✔ file-journal: a later value supersedes the same field's earlier condition at the continuation frontier (3881.916416ms)
✔ file-journal: changed inherited conditions stop a successor without repeating or extending the applied prefix (4237.056584ms)
✔ file-journal: concurrent reservations create at most one successor and consume one work reservation (2090.785208ms)
✔ file-journal: lineage observation and input budgets stay spent across failed successors (2426.657209ms)
✔ file-journal: a new successor cannot reset the original action deadline (671.640584ms)
✔ sqlite: structurally valid continue and verify plans fail before acceptance or cost (103.525625ms)
✔ sqlite: a stored continuation plan cannot create a new attempt or budget reservation (19.871334ms)
✔ sqlite: a stored continuation reservation cannot dispatch or enter through execute (22.721666ms)
✔ sqlite: even an existing dispatch receipt cannot invoke a continuation adapter or its reuse hook (192.496667ms)
✔ file-journal: structurally valid continue and verify plans fail before acceptance or cost (760.876375ms)
✔ file-journal: a stored continuation plan cannot create a new attempt or budget reservation (1003.62175ms)
✔ file-journal: a stored continuation reservation cannot dispatch or enter through execute (889.01375ms)
✔ file-journal: even an existing dispatch receipt cannot invoke a continuation adapter or its reuse hook (701.123ms)
✔ sqlite: continuation prepare pins only the unperformed suffix and preserves canonical state and driver input (1553.888791ms)
✔ sqlite: continuation prepare refuses legacy checkpoint counters without upgrading or resetting the original deadline (1086.395708ms)
✔ sqlite: continuation preparation rechecks canonical state after original checkpoint I/O (1041.692083ms)
✔ sqlite: continuation resolve authenticates the canonical reservation receipt and never inspects the child's checkpoint (970.045875ms)
✔ sqlite: invalid claim graph is rejected before recursive original reads and raw proof checks never call knowledge (895.696167ms)
✔ sqlite: missing originals install a durable blocking obligation, cancel reservations, and recover without rewriting claims (1120.910167ms)
✔ file-journal: continuation prepare pins only the unperformed suffix and preserves canonical state and driver input (4650.004125ms)
✔ file-journal: continuation prepare refuses legacy checkpoint counters without upgrading or resetting the original deadline (4565.144875ms)
✔ file-journal: continuation preparation rechecks canonical state after original checkpoint I/O (3651.768ms)
✔ file-journal: continuation resolve authenticates the canonical reservation receipt and never inspects the child's checkpoint (2289.972166ms)
✔ file-journal: invalid claim graph is rejected before recursive original reads and raw proof checks never call knowledge (2134.100375ms)
✔ file-journal: missing originals install a durable blocking obligation, cancel reservations, and recover without rewriting claims (2746.956917ms)
✔ sqlite: first verified effect settlement clears the no-progress gate and permits a read-only verification without creating evidence itself (5446.228125ms)
✔ sqlite: duplicate settle and replay of the same reconciliation command add no progress, lookup or budget use (2262.346959ms)
✔ sqlite: re-proving the same source operation after proof-read invalidation cannot earn a second progress credit (2618.816167ms)
✔ file-journal: first verified effect settlement clears the no-progress gate and permits a read-only verification without creating evidence itself (40315.360292ms)
✔ file-journal: duplicate settle and replay of the same reconciliation command add no progress, lookup or budget use (4225.506959ms)
✔ file-journal: re-proving the same source operation after proof-read invalidation cannot earn a second progress credit (5078.578833ms)
✔ sqlite: registered computer tools observe, apply, prove and adopt a completed synthetic note (1644.8925ms)
✔ sqlite: rerendered or restarted observations stop before the first input (1110.285333ms)
✔ sqlite: a copied observation from another work remains foreign even when its artifact bytes are present (588.865042ms)
✔ sqlite: ambiguous and partial observations cannot select a target for the batch (1197.627459ms)
✔ sqlite: step two not-applied preserves the confirmed first input without claiming batch completion (870.584125ms)
✔ sqlite: applied-unknown save creates a reconciliation block and neither execute replay nor replanning adds an input (970.574167ms)
✔ sqlite: goal, policy and cancellation changes across an awaited response prevent the next input (1877.788459ms)
✔ sqlite: late readiness is observed through bounded waits before subsequent note inputs (1516.080125ms)
✔ sqlite: another runtime revoking writes during the driver's own input delay prevents every input (622.675875ms)
✔ sqlite: false or too-late conditions consume one deadline and cannot reset time or continue to Save (1721.318792ms)
✔ sqlite: stored successful result can be read and adopted after reopening without replaying app input (1257.83175ms)
✔ sqlite: strict action contracts reject injected script fields while document text has no command authority (962.88625ms)
✔ file-journal: registered computer tools observe, apply, prove and adopt a completed synthetic note (4405.630708ms)
✔ file-journal: rerendered or restarted observations stop before the first input (2349.104583ms)
✔ file-journal: a copied observation from another work remains foreign even when its artifact bytes are present (671.86825ms)
✔ file-journal: ambiguous and partial observations cannot select a target for the batch (2569.073875ms)
✔ file-journal: step two not-applied preserves the confirmed first input without claiming batch completion (2000.275792ms)
✔ file-journal: applied-unknown save creates a reconciliation block and neither execute replay nor replanning adds an input (1308.560917ms)
✔ file-journal: goal, policy and cancellation changes across an awaited response prevent the next input (3848.748041ms)
✔ file-journal: late readiness is observed through bounded waits before subsequent note inputs (2355.163125ms)
✔ file-journal: another runtime revoking writes during the driver's own input delay prevents every input (1038.2175ms)
✔ file-journal: false or too-late conditions consume one deadline and cannot reset time or continue to Save (2757.922125ms)
✔ file-journal: stored successful result can be read and adopted after reopening without replaying app input (1878.8685ms)
✔ file-journal: strict action contracts reject injected script fields while document text has no command authority (1634.066375ms)
ℹ tests 143
ℹ suites 0
ℹ pass 143
ℹ fail 0
ℹ cancelled 0
ℹ skipped 0
ℹ todo 0
ℹ duration_ms 65902.853875
