✔ checkpoint v2: v1 retains its exact serialized shape and rejects v2 fields (9.758417ms)
✔ checkpoint v2: an initial head preserves historical refs before any fresh observation (5.853083ms)
✔ checkpoint v2: fresh observation and input intent each require their retained reservation (1.179458ms)
✔ checkpoint v2: root identity, lifetime and bounded counters cannot be reset or enlarged (0.813875ms)
✔ checkpoint v2: a child binds its own task and policy basis to the immutable claim (1.4465ms)
✔ checkpoint v2: child actions use local indexes and cannot prepend the parent prefix or skip intent accounting (0.793042ms)
✔ checkpoint v2: inherited conditions must be observed before a successor can issue an input (0.535417ms)
✔ checkpoint v2: only verification may get a fresh read deadline after the root input deadline (0.43025ms)
✔ checkpoint v2: completing a suffix requires every own input and every condition to be confirmed (2.24825ms)
✔ checkpoint v2: zero-input completion requires a fully applied parent and fresh inheritance verification (0.414458ms)
✔ checkpoint v2: strict parsing detaches the lineage and claim without silently accepting extra capabilities (5.0015ms)
✔ sqlite: source loss during the awaited knowledge check is caught by the second resolution before input (2254.091917ms)
✔ sqlite: source-head changing inside final input authorization prevents the successor input (1668.140458ms)
✔ sqlite: reconciliation-proof changing inside final input authorization prevents the successor input (2002.570417ms)
✔ sqlite: pause changing inside final input authorization prevents the successor input (1754.32ms)
✔ sqlite: goal changing inside final input authorization prevents the successor input (1644.193083ms)
✔ sqlite: losing a parent proof after a successful child result blocks adoption, proof consumption and compaction (2626.652334ms)
✔ sqlite: a child acquires a fresh epoch and rechecks conditions without replaying the old field input (1927.943958ms)
✔ file-journal: source loss during the awaited knowledge check is caught by the second resolution before input (8949.060791ms)
✔ file-journal: source-head changing inside final input authorization prevents the successor input (5644.585042ms)
✔ file-journal: reconciliation-proof changing inside final input authorization prevents the successor input (9334.742292ms)
✔ file-journal: pause changing inside final input authorization prevents the successor input (4790.812042ms)
✔ file-journal: goal changing inside final input authorization prevents the successor input (3971.798625ms)
✔ file-journal: losing a parent proof after a successful child result blocks adoption, proof consumption and compaction (9529.547375ms)
✔ file-journal: a child acquires a fresh epoch and rechecks conditions without replaying the old field input (3257.93125ms)
✔ continuation context sqlite: contract-seeded claim and latest parent originals survive five compactions and reopen (2361.917625ms)
✔ continuation context sqlite: a final v2 child preserves historical, entry and inherited observations through compact and reopen (1688.106333ms)
✔ continuation context sqlite: missing v2 entry reference invalidates an unchanged final child (1327.460583ms)
✔ continuation context sqlite: missing v2 inherited reference invalidates an unchanged final child (1354.627042ms)
✔ continuation context sqlite: v2 child rejects a forged canonical claim, unrelated initial basis and foreign observation owner (1235.750541ms)
✔ continuation context sqlite: v2 inherited observation loss during model_context staging prevents return (1242.434ms)
✔ continuation context sqlite: v2 inherited observation loss during runtime_resume staging prevents return (1311.574208ms)
✔ continuation context sqlite: late malformed parent receive cannot rewrite a claimed source (947.993375ms)
✔ continuation context sqlite: missing head fences an otherwise unchanged claim (953.968167ms)
✔ continuation context sqlite: missing result fences an otherwise unchanged claim (1139.984583ms)
✔ continuation context sqlite: missing observation fences an otherwise unchanged claim (909.067ms)
✔ continuation context sqlite: corrupt parent data and invalid bounded decode never produce a resume (888.412208ms)
✔ continuation context sqlite: original loss during model_context storage is checked before return (878.38275ms)
✔ continuation context sqlite: original loss during runtime_resume storage is checked before return (875.972875ms)
✔ continuation context sqlite: visibility hides a claim while obligations remain and undeclared raw fields are discarded (957.985125ms)
✔ continuation context sqlite: unavailable continuation proof readers fail closed even without reconciliation records (869.900208ms)
✔ continuation context file-journal: contract-seeded claim and latest parent originals survive five compactions and reopen (4521.141042ms)
✔ continuation context file-journal: a final v2 child preserves historical, entry and inherited observations through compact and reopen (3603.919625ms)
✔ continuation context file-journal: missing v2 entry reference invalidates an unchanged final child (1936.907958ms)
✔ continuation context file-journal: missing v2 inherited reference invalidates an unchanged final child (2318.787125ms)
✔ continuation context file-journal: v2 child rejects a forged canonical claim, unrelated initial basis and foreign observation owner (1716.615333ms)
✔ continuation context file-journal: v2 inherited observation loss during model_context staging prevents return (1685.186ms)
✔ continuation context file-journal: v2 inherited observation loss during runtime_resume staging prevents return (1669.022583ms)
✔ continuation context file-journal: late malformed parent receive cannot rewrite a claimed source (1477.738541ms)
✔ continuation context file-journal: missing head fences an otherwise unchanged claim (1828.184166ms)
✔ continuation context file-journal: missing result fences an otherwise unchanged claim (1861.067542ms)
✔ continuation context file-journal: missing observation fences an otherwise unchanged claim (1201.853167ms)
✔ continuation context file-journal: corrupt parent data and invalid bounded decode never produce a resume (1248.506334ms)
✔ continuation context file-journal: original loss during model_context storage is checked before return (1091.010167ms)
✔ continuation context file-journal: original loss during runtime_resume storage is checked before return (1116.127542ms)
✔ continuation context file-journal: visibility hides a claim while obligations remain and undeclared raw fields are discarded (1238.261917ms)
✔ continuation context file-journal: unavailable continuation proof readers fail closed even without reconciliation records (1189.74525ms)
✔ computer continuation contract: optional fields leave legacy state, context and task digests unchanged (11.286125ms)
✔ computer continuation contract: control metadata cannot carry raw actions, offsets or two resume mechanisms (0.743208ms)
✔ computer continuation contract: counters, depth and mode cannot revive the action window or exceed inherited limits (27.486ms)
✔ computer continuation planning: exact parent and proof participate in task identity, including historical plans (36.451791ms)
✔ computer continuation tools: proof metadata is mandatory and refresh cannot install an invalid or cacheable adapter (12.439916ms)
✔ computer continuation tools: resume is required exactly for marked tools and verify needs no write permission (6.146875ms)
✔ computer continuation transition: claim and a new reserved attempt plus budget must be committed together (0.64575ms)
✔ computer continuation transition: a claimed parent cannot be replaced, removed or assigned a second sibling (16.463917ms)
✔ computer continuation transition: source result, checkpoint and task identity stay immutable while the child progresses (2.847625ms)
✔ computer continuation transition: an unknown parent requires the exact settled proof and source basis (0.52975ms)
✔ computer continuation transition: a later generation inherits root limits and cannot reset counters, depth or the action deadline (4.279291ms)
✔ memory: continuation CAS admits one sibling, preserves its receipt on retry and rejects history edits atomically (13.603042ms)
✔ sqlite: continuation CAS admits one sibling, preserves its receipt on retry and rejects history edits atomically (20.314417ms)
✔ file-journal: continuation CAS admits one sibling, preserves its receipt on retry and rejects history edits atomically (708.009084ms)
✔ sqlite: SIGKILL after continuation reservation preserves one claim and executes only the existing child after restart (3085.967167ms)
✔ sqlite: SIGKILL after child observation reservation preserves spent lineage budget without replaying an unreceived observation (1577.89725ms)
✔ sqlite: SIGKILL after child Save reconciles its durable receipt and verifies depth two without repeating applied input (4524.5805ms)
✔ file-journal: SIGKILL after continuation reservation preserves one claim and executes only the existing child after restart (15361.12025ms)
✔ file-journal: SIGKILL after child observation reservation preserves spent lineage budget without replaying an unreceived observation (4787.597667ms)
✔ file-journal: SIGKILL after child Save reconciles its durable receipt and verifies depth two without repeating applied input (25834.721375ms)
✔ sqlite: an applied-unknown prefix is reconciled once and only the two remaining inputs run (3687.513125ms)
✔ sqlite: an unknown saved input is verified after the old action deadline without saving twice (2490.531625ms)
✔ sqlite: a known not-applied input may be retried once while its applied prefix remains immutable (2082.319667ms)
✔ sqlite: a later value supersedes the same field's earlier condition at the continuation frontier (2369.881167ms)
✔ sqlite: changed inherited conditions stop a successor without repeating or extending the applied prefix (2071.952875ms)
✔ sqlite: concurrent reservations create at most one successor and consume one work reservation (1863.72825ms)
✔ sqlite: lineage observation and input budgets stay spent across failed successors (2143.736083ms)
✔ sqlite: a new successor cannot reset the original action deadline (922.131125ms)
✔ file-journal: an applied-unknown prefix is reconciled once and only the two remaining inputs run (22209.15775ms)
✔ file-journal: an unknown saved input is verified after the old action deadline without saving twice (8831.855666ms)
✔ file-journal: a known not-applied input may be retried once while its applied prefix remains immutable (3493.012958ms)
✔ file-journal: a later value supersedes the same field's earlier condition at the continuation frontier (3824.652041ms)
✔ file-journal: changed inherited conditions stop a successor without repeating or extending the applied prefix (4007.364458ms)
✔ file-journal: concurrent reservations create at most one successor and consume one work reservation (2071.604833ms)
✔ file-journal: lineage observation and input budgets stay spent across failed successors (2340.671666ms)
✔ file-journal: a new successor cannot reset the original action deadline (674.888083ms)
✔ sqlite: structurally valid continue and verify plans fail before acceptance or cost (80.823125ms)
✔ sqlite: a stored continuation plan cannot create a new attempt or budget reservation (22.145125ms)
✔ sqlite: a stored continuation reservation cannot dispatch or enter through execute (44.186375ms)
✔ sqlite: even an existing dispatch receipt cannot invoke a continuation adapter or its reuse hook (247.753167ms)
✔ file-journal: structurally valid continue and verify plans fail before acceptance or cost (746.946083ms)
✔ file-journal: a stored continuation plan cannot create a new attempt or budget reservation (1037.6475ms)
✔ file-journal: a stored continuation reservation cannot dispatch or enter through execute (928.036417ms)
✔ file-journal: even an existing dispatch receipt cannot invoke a continuation adapter or its reuse hook (728.570667ms)
✔ sqlite: continuation prepare pins only the unperformed suffix and preserves canonical state and driver input (1417.415375ms)
✔ sqlite: continuation prepare refuses legacy checkpoint counters without upgrading or resetting the original deadline (1185.298ms)
✔ sqlite: continuation preparation rechecks canonical state after original checkpoint I/O (984.622584ms)
✔ sqlite: continuation resolve authenticates the canonical reservation receipt and never inspects the child's checkpoint (1070.283333ms)
✔ sqlite: invalid claim graph is rejected before recursive original reads and raw proof checks never call knowledge (929.395875ms)
✔ sqlite: missing originals install a durable blocking obligation, cancel reservations, and recover without rewriting claims (1139.508ms)
✔ file-journal: continuation prepare pins only the unperformed suffix and preserves canonical state and driver input (4671.9205ms)
✔ file-journal: continuation prepare refuses legacy checkpoint counters without upgrading or resetting the original deadline (4482.659875ms)
✔ file-journal: continuation preparation rechecks canonical state after original checkpoint I/O (3683.971459ms)
✔ file-journal: continuation resolve authenticates the canonical reservation receipt and never inspects the child's checkpoint (2214.628292ms)
✔ file-journal: invalid claim graph is rejected before recursive original reads and raw proof checks never call knowledge (2079.106833ms)
✔ file-journal: missing originals install a durable blocking obligation, cancel reservations, and recover without rewriting claims (2742.147ms)
✔ sqlite: first verified effect settlement clears the no-progress gate and permits a read-only verification without creating evidence itself (5489.33025ms)
✔ sqlite: duplicate settle and replay of the same reconciliation command add no progress, lookup or budget use (2198.7195ms)
✔ sqlite: re-proving the same source operation after proof-read invalidation cannot earn a second progress credit (2613.722542ms)
✔ file-journal: first verified effect settlement clears the no-progress gate and permits a read-only verification without creating evidence itself (40006.268041ms)
✔ file-journal: duplicate settle and replay of the same reconciliation command add no progress, lookup or budget use (4201.124208ms)
✔ file-journal: re-proving the same source operation after proof-read invalidation cannot earn a second progress credit (4871.790041ms)
✔ sqlite: registered computer tools observe, apply, prove and adopt a completed synthetic note (1702.871167ms)
✔ sqlite: rerendered or restarted observations stop before the first input (1215.698125ms)
✔ sqlite: a copied observation from another work remains foreign even when its artifact bytes are present (502.241416ms)
✔ sqlite: ambiguous and partial observations cannot select a target for the batch (1290.8245ms)
✔ sqlite: step two not-applied preserves the confirmed first input without claiming batch completion (761.9535ms)
✔ sqlite: applied-unknown save creates a reconciliation block and neither execute replay nor replanning adds an input (1046.357333ms)
✔ sqlite: goal, policy and cancellation changes across an awaited response prevent the next input (1860.130375ms)
✔ sqlite: late readiness is observed through bounded waits before subsequent note inputs (1534.492ms)
✔ sqlite: another runtime revoking writes during the driver's own input delay prevents every input (630.055917ms)
✔ sqlite: false or too-late conditions consume one deadline and cannot reset time or continue to Save (1606.80875ms)
✔ sqlite: stored successful result can be read and adopted after reopening without replaying app input (1172.786083ms)
✔ sqlite: strict action contracts reject injected script fields while document text has no command authority (949.167583ms)
✔ file-journal: registered computer tools observe, apply, prove and adopt a completed synthetic note (4403.036625ms)
✔ file-journal: rerendered or restarted observations stop before the first input (2388.971458ms)
✔ file-journal: a copied observation from another work remains foreign even when its artifact bytes are present (626.675208ms)
✔ file-journal: ambiguous and partial observations cannot select a target for the batch (2512.114417ms)
✔ file-journal: step two not-applied preserves the confirmed first input without claiming batch completion (2034.861375ms)
✔ file-journal: applied-unknown save creates a reconciliation block and neither execute replay nor replanning adds an input (1261.911375ms)
✔ file-journal: goal, policy and cancellation changes across an awaited response prevent the next input (3856.911208ms)
✔ file-journal: late readiness is observed through bounded waits before subsequent note inputs (2118.187333ms)
✔ file-journal: another runtime revoking writes during the driver's own input delay prevents every input (929.718125ms)
✔ file-journal: false or too-late conditions consume one deadline and cannot reset time or continue to Save (2819.130041ms)
✔ file-journal: stored successful result can be read and adopted after reopening without replaying app input (1916.015375ms)
✔ file-journal: strict action contracts reject injected script fields while document text has no command authority (1607.905583ms)
ℹ tests 143
ℹ suites 0
ℹ pass 143
ℹ fail 0
ℹ cancelled 0
ℹ skipped 0
ℹ todo 0
ℹ duration_ms 65274.812333
