✔ computer context sqlite: five compactions and restart preserve running input metadata (493.101083ms)
✔ computer context sqlite: five compactions and restart preserve unknown input metadata (512.502541ms)
✔ computer context file-journal: five compactions and restart preserve running input metadata (2751.393125ms)
✔ computer context file-journal: five compactions and restart preserve unknown input metadata (2347.201958ms)
✔ computer context sqlite: deleted head blocks compaction, source fence and restore (178.358916ms)
✔ computer context sqlite: modified head blocks compaction, source fence and restore (190.897208ms)
✔ computer context file-journal: deleted head blocks compaction, source fence and restore (657.533458ms)
✔ computer context file-journal: modified head blocks compaction, source fence and restore (668.967208ms)
✔ computer context sqlite: mandatory input metadata cannot be evicted, altered or reassigned to a later goal (228.740542ms)
✔ computer context file-journal: mandatory input metadata cannot be evicted, altered or reassigned to a later goal (714.39975ms)
✔ computer context sqlite: head loss during model_context staging is checked before return (189.656875ms)
✔ computer context sqlite: head loss during runtime_resume staging is checked before return (179.733291ms)
✔ computer context file-journal: head loss during model_context staging is checked before return (316.187542ms)
✔ computer context file-journal: head loss during runtime_resume staging is checked before return (312.921ms)
✔ computer context sqlite: current knowledge, source lifecycle and read permissions still fence metadata (165.047042ms)
✔ computer context file-journal: current knowledge, source lifecycle and read permissions still fence metadata (336.031167ms)
✔ computer contracts: tool inputs cannot select a driver address, add hidden actions or exceed a short batch (36.438667ms)
✔ computer contracts: malformed observations cannot acquire trustworthy refs or silently omit their usage (4.754041ms)
✔ computer contracts: a name match is insufficient when another hidden target shares that name (0.325417ms)
✔ computer contracts: a truncated view cannot prove a unique target or element condition (0.663541ms)
✔ computer contracts: byte limits count UTF-8 bytes and successful validation detaches the source (0.632625ms)
✔ computer contracts: observations cannot move backwards or switch sessions behind the same task (0.6005ms)
✔ computer contracts: conditions require explicit own values and never use prototype facts or coercion (0.144416ms)
✔ computer contracts: intent, application and observation verification cannot be collapsed into complete (4.010875ms)
✔ sqlite: a failed observation artifact write retains the driver's measured call (144.2425ms)
✔ sqlite: intent persistence failure proves no driver entry and keeps the failed step diagnostic (520.557666ms)
✔ sqlite: cancellation before driver entry settles no-input and proof revoked=false fences adoption (430.426542ms)
✔ sqlite: cancellation before driver entry settles no-input and proof revoked=true fences adoption (496.645416ms)
✔ sqlite: a failure cannot downgrade the committed unknown effect or measured usage prefix (633.746125ms)
✔ sqlite: removing the proof provider at the receive commit fence cannot accept a no-effect result (449.125875ms)
✔ sqlite: completion must match the checkpoint and only explicitly confirmed facts become evidence (735.31475ms)
✔ sqlite: losing the checkpoint original between receive and adopt prevents completion (796.083084ms)
✔ sqlite: losing the observation original between receive and adopt prevents completion (715.093041ms)
✔ sqlite: diagnostic reads recheck retained knowledge before and after original IO (731.386042ms)
✔ file-journal: a failed observation artifact write retains the driver's measured call (422.174ms)
✔ file-journal: intent persistence failure proves no driver entry and keeps the failed step diagnostic (1996.432792ms)
✔ file-journal: cancellation before driver entry settles no-input and proof revoked=false fences adoption (1701.793458ms)
✔ file-journal: cancellation before driver entry settles no-input and proof revoked=true fences adoption (902.002584ms)
✔ file-journal: a failure cannot downgrade the committed unknown effect or measured usage prefix (1073.463917ms)
✔ file-journal: removing the proof provider at the receive commit fence cannot accept a no-effect result (815.115333ms)
✔ file-journal: completion must match the checkpoint and only explicitly confirmed facts become evidence (982.161042ms)
✔ file-journal: losing the checkpoint original between receive and adopt prevents completion (976.495792ms)
✔ file-journal: losing the observation original between receive and adopt prevents completion (1046.100417ms)
✔ file-journal: diagnostic reads recheck retained knowledge before and after original IO (1063.345375ms)
✔ sqlite: SIGKILL after Save leaves committed intent unknown across recovery, goal change and cancellation without replay (983.783167ms)
✔ sqlite: SIGKILL after received result permits one adoption and rejects an old-epoch observation for a new input (1052.489292ms)
✔ file-journal: SIGKILL after Save leaves committed intent unknown across recovery, goal change and cancellation without replay (3864.82525ms)
✔ file-journal: SIGKILL after received result permits one adoption and rejects an old-epoch observation for a new input (4052.669166ms)
✔ sqlite: registered computer tools observe, apply, prove and adopt a completed synthetic note (867.584ms)
✔ sqlite: rerendered or restarted observations stop before the first input (536.861292ms)
✔ sqlite: a copied observation from another work remains foreign even when its artifact bytes are present (410.642375ms)
✔ sqlite: ambiguous and partial observations cannot select a target for the batch (792.65275ms)
✔ sqlite: step two not-applied preserves the confirmed first input without claiming batch completion (630.561708ms)
✔ sqlite: applied-unknown save creates a reconciliation block and neither execute replay nor replanning adds an input (699.203083ms)
✔ sqlite: goal, policy and cancellation changes across an awaited response prevent the next input (1279.325958ms)
✔ sqlite: late readiness is observed through bounded waits before subsequent note inputs (942.008959ms)
✔ sqlite: another runtime revoking writes during the driver's own input delay prevents every input (434.878084ms)
✔ sqlite: false or too-late conditions consume one deadline and cannot reset time or continue to Save (1055.971375ms)
✔ sqlite: stored successful result can be read and adopted after reopening without replaying app input (783.059125ms)
✔ sqlite: strict action contracts reject injected script fields while document text has no command authority (727.635167ms)
✔ file-journal: registered computer tools observe, apply, prove and adopt a completed synthetic note (1634.632292ms)
✔ file-journal: rerendered or restarted observations stop before the first input (994.528542ms)
✔ file-journal: a copied observation from another work remains foreign even when its artifact bytes are present (558.866125ms)
✔ file-journal: ambiguous and partial observations cannot select a target for the batch (1236.472625ms)
✔ file-journal: step two not-applied preserves the confirmed first input without claiming batch completion (882.417833ms)
✔ file-journal: applied-unknown save creates a reconciliation block and neither execute replay nor replanning adds an input (1025.037541ms)
✔ file-journal: goal, policy and cancellation changes across an awaited response prevent the next input (1794.085666ms)
✔ file-journal: late readiness is observed through bounded waits before subsequent note inputs (877.781666ms)
✔ file-journal: another runtime revoking writes during the driver's own input delay prevents every input (545.311959ms)
✔ file-journal: false or too-late conditions consume one deadline and cannot reset time or continue to Save (1015.550042ms)
✔ file-journal: stored successful result can be read and adopted after reopening without replaying app input (687.812625ms)
✔ file-journal: strict action contracts reject injected script fields while document text has no command authority (631.63825ms)
✔ synthetic document inputs produce independently observed app facts and separate session/call usage (8.410292ms)
✔ every lease identity dimension is checked at input and a forged grant applies no input (1.127042ms)
✔ stale observation identity and focus are rejected with zero input (4.479834ms)
✔ current target uniqueness, ref, role, name, visibility and enabled state gate the actual target (0.4565ms)
✔ an expired delayed input cannot reach a new owner and old release cannot release the new lease (0.629458ms)
✔ human handoff interrupts pending input, invalidates old views and remains owned after agent release (0.198167ms)
✔ cancellation and shared deadline are rechecked after a driver delay without injecting late input (0.769875ms)
✔ wait observes late readiness using virtual condition changes and a single remaining deadline (0.424666ms)
✔ applied-but-unknown save retains its effect and exact operation replay never saves twice (0.232959ms)
✔ concurrent identical operations join while timeout injection and hook failure apply zero input (0.221292ms)
✔ bounded partial observations never expose omitted targets for action or silently exceed bytes (0.143875ms)
✔ durable synthetic contents and input counts survive reconstruction while leases and observations do not (71.32625ms)
✔ authority is required after delay and host hook, and focus is rechecked after asynchronous authorization (0.734375ms)
✔ synthetic fill accepts the shared 8192-character limit and rejects an oversized value before input (0.414708ms)
✔ tool result validation: proof requirement is part of the contract and missing callbacks reject registration atomically (20.041333ms)
✔ tool result validation: assigning new fields or callback on the original adapter cannot alter a registered proof (10.1015ms)
✔ tool result validation: provider callback receives detached state and result values (6.141708ms)
✔ tool result validation: same-version replacement while awaiting a proof invalidates the pending answer (8.385291ms)
✔ tool result validation: removal or unrelated provider refresh has the correct registration scope (12.678292ms)
✔ tool result validation: legacy tools retain optional validation and rejected or malformed proofs fail closed (22.54775ms)
ℹ tests 92
ℹ suites 0
ℹ pass 92
ℹ fail 0
ℹ cancelled 0
ℹ skipped 0
ℹ todo 0
ℹ duration_ms 21182.864167
