✔ computer operation contract: identity binds the requested input without copying the observed screen or mutable lease (7.1335ms)
✔ computer operation contract: every routing and action component distinguishes an otherwise reused operation id (0.348291ms)
✔ computer operation contract: strict identity retains the bounded typed-action boundary (1.652459ms)
✔ computer operation contract: receipts record a decision and never treat an unknown response as a negative effect (4.637ms)
✔ computer operation contract: lookup cannot claim found without a receipt or turn an absent proof into not_applied (1.093584ms)
✔ SIGKILL after durable Save permits exact original receipt lookup in a new epoch without replaying input (180.034ms)
✔ SIGKILL before Save leaves an absent receipt unknown rather than inventing a not-applied receipt (119.295958ms)
✔ computer context sqlite: five compactions and restart preserve running input metadata (538.504583ms)
✔ computer context sqlite: five compactions and restart preserve unknown input metadata (424.346208ms)
✔ computer context file-journal: five compactions and restart preserve running input metadata (2726.235375ms)
✔ computer context file-journal: five compactions and restart preserve unknown input metadata (2603.194875ms)
✔ computer context sqlite: deleted head blocks compaction, source fence and restore (197.283292ms)
✔ computer context sqlite: modified head blocks compaction, source fence and restore (202.250542ms)
✔ computer context file-journal: deleted head blocks compaction, source fence and restore (636.360125ms)
✔ computer context file-journal: modified head blocks compaction, source fence and restore (671.899ms)
✔ computer context sqlite: mandatory input metadata cannot be evicted, altered or reassigned to a later goal (229.824167ms)
✔ computer context file-journal: mandatory input metadata cannot be evicted, altered or reassigned to a later goal (658.276375ms)
✔ computer context sqlite: head loss during model_context staging is checked before return (214.900792ms)
✔ computer context sqlite: head loss during runtime_resume staging is checked before return (173.823958ms)
✔ computer context file-journal: head loss during model_context staging is checked before return (328.741041ms)
✔ computer context file-journal: head loss during runtime_resume staging is checked before return (318.9535ms)
✔ computer context sqlite: current knowledge, source lifecycle and read permissions still fence metadata (190.101792ms)
✔ computer context file-journal: current knowledge, source lifecycle and read permissions still fence metadata (347.058167ms)
✔ computer contracts: tool inputs cannot select a driver address, add hidden actions or exceed a short batch (57.320167ms)
✔ computer contracts: malformed observations cannot acquire trustworthy refs or silently omit their usage (2.509833ms)
✔ computer contracts: a name match is insufficient when another hidden target shares that name (0.2095ms)
✔ computer contracts: a truncated view cannot prove a unique target or element condition (0.192583ms)
✔ computer contracts: byte limits count UTF-8 bytes and successful validation detaches the source (0.591583ms)
✔ computer contracts: observations cannot move backwards or switch sessions behind the same task (0.662834ms)
✔ computer contracts: conditions require explicit own values and never use prototype facts or coercion (0.24025ms)
✔ computer contracts: intent, application and observation verification cannot be collapsed into complete (3.972584ms)
✔ sqlite: a failed observation artifact write retains the driver's measured call (192.914583ms)
✔ sqlite: intent persistence failure proves no driver entry and keeps the failed step diagnostic (444.170417ms)
✔ sqlite: cancellation before driver entry settles no-input and proof revoked=false fences adoption (385.457917ms)
✔ sqlite: cancellation before driver entry settles no-input and proof revoked=true fences adoption (446.662875ms)
✔ sqlite: a failure cannot downgrade the committed unknown effect or measured usage prefix (661.524042ms)
✔ sqlite: removing the proof provider at the receive commit fence cannot accept a no-effect result (463.014042ms)
✔ sqlite: provider removal between no-effect validation and adoption cannot skip the captured proof fence (490.917041ms)
✔ sqlite: completion must match the checkpoint and only explicitly confirmed facts become evidence (804.752125ms)
✔ sqlite: losing the checkpoint original between receive and adopt prevents completion (807.80225ms)
✔ sqlite: losing the observation original between receive and adopt prevents completion (730.180209ms)
✔ sqlite: diagnostic reads recheck retained knowledge before and after original IO (710.831792ms)
✔ file-journal: a failed observation artifact write retains the driver's measured call (732.035791ms)
✔ file-journal: intent persistence failure proves no driver entry and keeps the failed step diagnostic (1927.940459ms)
✔ file-journal: cancellation before driver entry settles no-input and proof revoked=false fences adoption (1560.8025ms)
✔ file-journal: cancellation before driver entry settles no-input and proof revoked=true fences adoption (683.689166ms)
✔ file-journal: a failure cannot downgrade the committed unknown effect or measured usage prefix (1025.998792ms)
✔ file-journal: removing the proof provider at the receive commit fence cannot accept a no-effect result (697.29775ms)
✔ file-journal: provider removal between no-effect validation and adoption cannot skip the captured proof fence (684.464375ms)
✔ file-journal: completion must match the checkpoint and only explicitly confirmed facts become evidence (1080.503875ms)
✔ file-journal: losing the checkpoint original between receive and adopt prevents completion (1112.940041ms)
✔ file-journal: losing the observation original between receive and adopt prevents completion (988.682542ms)
✔ file-journal: diagnostic reads recheck retained knowledge before and after original IO (1153.009459ms)
✔ sqlite: SIGKILL after Save leaves committed intent unknown across recovery, goal change and cancellation without replay (855.368ms)
✔ sqlite: SIGKILL after received result permits one adoption and rejects an old-epoch observation for a new input (1098.706792ms)
✔ file-journal: SIGKILL after Save leaves committed intent unknown across recovery, goal change and cancellation without replay (3995.181291ms)
✔ file-journal: SIGKILL after received result permits one adoption and rejects an old-epoch observation for a new input (4122.8625ms)
✔ sqlite: registered computer tools observe, apply, prove and adopt a completed synthetic note (816.74325ms)
✔ sqlite: rerendered or restarted observations stop before the first input (604.096416ms)
✔ sqlite: a copied observation from another work remains foreign even when its artifact bytes are present (374.44125ms)
✔ sqlite: ambiguous and partial observations cannot select a target for the batch (758.8595ms)
✔ sqlite: step two not-applied preserves the confirmed first input without claiming batch completion (674.30775ms)
✔ sqlite: applied-unknown save creates a reconciliation block and neither execute replay nor replanning adds an input (688.810709ms)
✔ sqlite: goal, policy and cancellation changes across an awaited response prevent the next input (1334.10875ms)
✔ sqlite: late readiness is observed through bounded waits before subsequent note inputs (932.324708ms)
✔ sqlite: another runtime revoking writes during the driver's own input delay prevents every input (438.420875ms)
✔ sqlite: false or too-late conditions consume one deadline and cannot reset time or continue to Save (1039.430375ms)
✔ sqlite: stored successful result can be read and adopted after reopening without replaying app input (789.857709ms)
✔ sqlite: strict action contracts reject injected script fields while document text has no command authority (725.950292ms)
✔ file-journal: registered computer tools observe, apply, prove and adopt a completed synthetic note (1723.698667ms)
✔ file-journal: rerendered or restarted observations stop before the first input (1006.6385ms)
✔ file-journal: a copied observation from another work remains foreign even when its artifact bytes are present (502.200958ms)
✔ file-journal: ambiguous and partial observations cannot select a target for the batch (1213.382208ms)
✔ file-journal: step two not-applied preserves the confirmed first input without claiming batch completion (986.349542ms)
✔ file-journal: applied-unknown save creates a reconciliation block and neither execute replay nor replanning adds an input (1079.596084ms)
✔ file-journal: goal, policy and cancellation changes across an awaited response prevent the next input (2156.199792ms)
✔ file-journal: late readiness is observed through bounded waits before subsequent note inputs (908.971875ms)
✔ file-journal: another runtime revoking writes during the driver's own input delay prevents every input (428.189667ms)
✔ file-journal: false or too-late conditions consume one deadline and cannot reset time or continue to Save (1053.407833ms)
✔ file-journal: stored successful result can be read and adopted after reopening without replaying app input (710.759917ms)
✔ file-journal: strict action contracts reject injected script fields while document text has no command authority (621.059083ms)
✔ synthetic document inputs produce independently observed app facts and separate session/call usage (12.388083ms)
✔ every lease identity dimension is checked at input and a forged grant applies no input (1.8415ms)
✔ stale observation identity and focus are rejected with zero input (0.9815ms)
✔ current target uniqueness, ref, role, name, visibility and enabled state gate the actual target (0.715459ms)
✔ an expired delayed input cannot reach a new owner and old release cannot release the new lease (0.577958ms)
✔ human handoff interrupts pending input, invalidates old views and remains owned after agent release (0.316625ms)
✔ cancellation and shared deadline are rechecked after a driver delay without injecting late input (0.376167ms)
✔ wait observes late readiness using virtual condition changes and a single remaining deadline (0.880167ms)
✔ applied-but-unknown save retains its effect and exact operation replay never saves twice (0.570542ms)
✔ concurrent identical operations join while timeout injection and hook failure apply zero input (0.50275ms)
✔ bounded partial observations never expose omitted targets for action or silently exceed bytes (0.230375ms)
✔ durable synthetic contents and input counts survive reconstruction while leases and observations do not (86.453708ms)
✔ authority is required after delay and host hook, and focus is rechecked after asynchronous authorization (1.438333ms)
✖ synthetic fill accepts the shared 8192-character limit and rejects an oversized value before input (1.182ms)
✔ tool result validation: proof requirement is part of the contract and missing callbacks reject registration atomically (37.405833ms)
✔ tool result validation: assigning new fields or callback on the original adapter cannot alter a registered proof (31.711125ms)
✔ tool result validation: provider callback receives detached state and result values (8.438917ms)
✔ tool result validation: same-version replacement while awaiting a proof invalidates the pending answer (6.276125ms)
✔ tool result validation: removal or unrelated provider refresh has the correct registration scope (7.521708ms)
✔ tool result validation: legacy tools retain optional validation and rejected or malformed proofs fail closed (26.222625ms)
ℹ tests 101
ℹ suites 0
ℹ pass 100
ℹ fail 1
ℹ cancelled 0
ℹ skipped 0
ℹ todo 0
ℹ duration_ms 21787.310959

✖ failing tests:

test at dist/tests/synthetic-computer-driver.test.js:295:1
✖ synthetic fill accepts the shared 8192-character limit and rejects an oversized value before input (1.182ms)
  AssertionError [ERR_ASSERTION]: Expected values to be strictly equal:
  + actual - expected
  
  + 'computer_operation_invalid'
  - 'computer_action_unsupported'
              ^
  
      at TestContext.<anonymous> (file:///Users/seunghanee/Documents/secumon/runtime/dist/tests/synthetic-computer-driver.test.js:303:12)
      at async Test.run (node:internal/test_runner/test:1404:7)
      at async Test.processPendingSubtests (node:internal/test_runner/test:969:7) {
    generatedMessage: true,
    code: 'ERR_ASSERTION',
    actual: 'computer_operation_invalid',
    expected: 'computer_action_unsupported',
    operator: 'strictEqual',
    diff: 'simple'
  }
