✔ continuation context sqlite: protected claim and canonical v1 originals survive five compactions and reopen (2529.522625ms)
✔ continuation context sqlite: late malformed parent receive cannot rewrite a claimed source (1398.390708ms)
✔ continuation context sqlite: missing head fences an otherwise unchanged claim (1597.086125ms)
✔ continuation context sqlite: missing result fences an otherwise unchanged claim (1597.994291ms)
✔ continuation context sqlite: missing observation fences an otherwise unchanged claim (1428.859333ms)
✔ continuation context sqlite: corrupt v1 parent data and invalid bounded decode never produce a resume (1266.963792ms)
✔ continuation context sqlite: original loss during model_context storage is checked before return (1372.783417ms)
✔ continuation context sqlite: original loss during runtime_resume storage is checked before return (1228.312042ms)
✔ continuation context sqlite: visibility hides a claim while obligations remain and undeclared raw fields are discarded (1186.486833ms)
✔ continuation context sqlite: unavailable continuation proof readers fail closed even without reconciliation records (1212.143167ms)
✔ continuation context file-journal: protected claim and canonical v1 originals survive five compactions and reopen (7808.859875ms)
✔ continuation context file-journal: late malformed parent receive cannot rewrite a claimed source (2856.982875ms)
✔ continuation context file-journal: missing head fences an otherwise unchanged claim (3759.699667ms)
✔ continuation context file-journal: missing result fences an otherwise unchanged claim (4435.238584ms)
✔ continuation context file-journal: missing observation fences an otherwise unchanged claim (3178.834375ms)
✔ continuation context file-journal: corrupt v1 parent data and invalid bounded decode never produce a resume (2824.949958ms)
✔ continuation context file-journal: original loss during model_context storage is checked before return (1948.798458ms)
✔ continuation context file-journal: original loss during runtime_resume storage is checked before return (2358.052292ms)
✔ continuation context file-journal: visibility hides a claim while obligations remain and undeclared raw fields are discarded (1767.996791ms)
✔ continuation context file-journal: unavailable continuation proof readers fail closed even without reconciliation records (2160.98425ms)
✔ computer continuation contract: optional fields leave legacy state, context and task digests unchanged (8.7265ms)
✔ computer continuation contract: control metadata cannot carry raw actions, offsets or two resume mechanisms (0.777458ms)
✔ computer continuation contract: counters, depth and mode cannot revive the action window or exceed inherited limits (22.376375ms)
✔ computer continuation planning: exact parent and proof participate in task identity, including historical plans (43.807666ms)
✔ computer continuation tools: proof metadata is mandatory and refresh cannot install an invalid or cacheable adapter (16.704791ms)
✔ computer continuation tools: resume is required exactly for marked tools and verify needs no write permission (4.344209ms)
✔ computer continuation transition: claim and a new reserved attempt plus budget must be committed together (0.643916ms)
✔ computer continuation transition: a claimed parent cannot be replaced, removed or assigned a second sibling (0.894166ms)
✔ computer continuation transition: source result, checkpoint and task identity stay immutable while the child progresses (0.470792ms)
✔ computer continuation transition: an unknown parent requires the exact settled proof and source basis (0.45625ms)
✔ computer continuation transition: a later generation inherits root limits and cannot reset counters, depth or the action deadline (1.461208ms)
✔ memory: continuation CAS admits one sibling, preserves its receipt on retry and rejects history edits atomically (16.150292ms)
✔ sqlite: continuation CAS admits one sibling, preserves its receipt on retry and rejects history edits atomically (211.622291ms)
✔ file-journal: continuation CAS admits one sibling, preserves its receipt on retry and rejects history edits atomically (723.788583ms)
✔ sqlite: structurally valid continue and verify plans fail before acceptance or cost (95.357ms)
✔ sqlite: a stored continuation plan cannot create a new attempt or budget reservation (220.372584ms)
✔ sqlite: a stored continuation reservation cannot dispatch or enter through execute (306.901208ms)
✔ sqlite: even an existing dispatch receipt cannot invoke a continuation adapter or its reuse hook (393.9445ms)
✔ file-journal: structurally valid continue and verify plans fail before acceptance or cost (746.605292ms)
✔ file-journal: a stored continuation plan cannot create a new attempt or budget reservation (1069.019834ms)
✔ file-journal: a stored continuation reservation cannot dispatch or enter through execute (986.985708ms)
✔ file-journal: even an existing dispatch receipt cannot invoke a continuation adapter or its reuse hook (811.081875ms)
✔ sqlite: lost receive ACK preserves the committed reconciliation response and settles without another lookup (1788.736292ms)
✔ sqlite: pause during an actual driver lookup fences its late receipt while retaining the read charge and effect obligation (1512.077833ms)
✔ sqlite: goal during an actual driver lookup fences its late receipt while retaining the read charge and effect obligation (1402.76275ms)
✔ file-journal: lost receive ACK preserves the committed reconciliation response and settles without another lookup (7217.237125ms)
✔ file-journal: pause during an actual driver lookup fences its late receipt while retaining the read charge and effect obligation (5142.792334ms)
✔ file-journal: goal during an actual driver lookup fences its late receipt while retaining the read charge and effect obligation (3910.014583ms)
✔ reconciliation context sqlite: reserved metadata and original refs survive compaction and repository reopen (1984.599042ms)
✔ reconciliation context sqlite: settled metadata and original refs survive compaction and repository reopen (2588.480875ms)
✔ reconciliation context sqlite: missing proof rejects source reuse, compaction and restore (1795.795625ms)
✔ reconciliation context sqlite: corrupt proof rejects source reuse, compaction and restore (1734.412041ms)
✔ reconciliation context sqlite: proof loss during model_context staging is rejected before return (1660.575417ms)
✔ reconciliation context sqlite: proof loss during runtime_resume staging is rejected before return (1598.880083ms)
✔ reconciliation context sqlite: lifecycle and read permission changes hide the index and prevent resume without dropping the pending obligation (1443.182459ms)
✔ reconciliation context sqlite: a runtime without an effect proof reader rejects settled metadata (1527.957666ms)
✔ reconciliation context file-journal: reserved metadata and original refs survive compaction and repository reopen (5746.760625ms)
✔ reconciliation context file-journal: settled metadata and original refs survive compaction and repository reopen (10607.144334ms)
✔ reconciliation context file-journal: missing proof rejects source reuse, compaction and restore (6221.44525ms)
✔ reconciliation context file-journal: corrupt proof rejects source reuse, compaction and restore (4439.2625ms)
✔ reconciliation context file-journal: proof loss during model_context staging is rejected before return (3487.531334ms)
✔ reconciliation context file-journal: proof loss during runtime_resume staging is rejected before return (2954.347875ms)
✔ reconciliation context file-journal: lifecycle and read permission changes hide the index and prevent resume without dropping the pending obligation (1790.571333ms)
✔ reconciliation context file-journal: a runtime without an effect proof reader rejects settled metadata (1217.517875ms)
✔ computer reconciliation contract: optional index preserves legacy states and contexts without adding empty metadata (8.474417ms)
✔ computer reconciliation contract: metadata remains strict and bounded without accepting raw action or duplicate ids (34.558125ms)
✔ computer reconciliation contract: received and settled require different proof stages and a timed response (0.306292ms)
✔ computer reconciliation contract: lookup outcome does not erase an earlier applied prefix or invent a known absence (1.009167ms)
✔ computer reconciliation transition: intent identity and the first response, proof, and timestamps cannot be replaced (2.919625ms)
✔ computer reconciliation transition: new records cannot skip dispatch and existing records cannot disappear or restart (0.542834ms)
✔ computer reconciliation transition: known claims remain historical even when the proof is invalidated (0.474708ms)
✔ computer reconciliation transition: original task identity, result, and checkpoint remain fixed across late updates (1.02825ms)
✔ memory: reconciliation CAS retains original results, rejects rollback atomically, and preserves historical receipts (11.69625ms)
✔ sqlite: reconciliation CAS retains original results, rejects rollback atomically, and preserves historical receipts (10.944959ms)
✔ file-journal: reconciliation CAS retains original results, rejects rollback atomically, and preserves historical receipts (1238.363125ms)
✔ sqlite: receipt identity and driver mismatches cannot close an effect and retain the measured read (3074.286167ms)
✔ sqlite: a lease acquisition that ignores abort cannot hold cancellation or enter lookup later (1304.639125ms)
✔ sqlite: a reconciled expired input keeps its intent head and null result when the original runner returns late (1036.685959ms)
✔ sqlite: revoking a parent grant refunds an unused query and prevents a fresh lookup allowance (1650.668709ms)
✔ file-journal: receipt identity and driver mismatches cannot close an effect and retain the measured read (10381.489875ms)
✔ file-journal: a lease acquisition that ignores abort cannot hold cancellation or enter lookup later (3424.076209ms)
✔ file-journal: a reconciled expired input keeps its intent head and null result when the original runner returns late (3378.035125ms)
✔ file-journal: revoking a parent grant refunds an unused query and prevents a fresh lookup allowance (5528.415625ms)
✔ reconciliation outbox sqlite: current proof permits one result send and delivery obligation settlement (2174.843125ms)
✔ reconciliation outbox sqlite: narrowed tool authority preserves proof validation while channel restrictions still apply (4094.530916ms)
✔ reconciliation outbox sqlite: proof loss at the same revision prevents any result transport (1799.049792ms)
✔ reconciliation outbox sqlite: proof loss defers lookup of an already sent uncertain result (1768.531ms)
✔ reconciliation outbox sqlite: proof loss after the send claim is checked before entering the sink (1647.91825ms)
✔ reconciliation outbox sqlite: proof loss in the pre-lookup artifact await prevents receipt lookup (1524.928833ms)
✔ reconciliation outbox sqlite: proof loss during send keeps the delivery unadopted without resending (1634.327417ms)
✔ reconciliation outbox sqlite: proof loss during receipt lookup cannot close the delivery obligation (1378.71175ms)
✔ reconciliation outbox sqlite: the commit guard rechecks proof after awaited artifact validation (1109.975959ms)
✔ reconciliation outbox file-journal: current proof permits one result send and delivery obligation settlement (6968.14175ms)
✔ reconciliation outbox file-journal: narrowed tool authority preserves proof validation while channel restrictions still apply (13644.95675ms)
✔ reconciliation outbox file-journal: proof loss at the same revision prevents any result transport (4072.790542ms)
✔ reconciliation outbox file-journal: proof loss defers lookup of an already sent uncertain result (4532.689209ms)
✔ reconciliation outbox file-journal: proof loss after the send claim is checked before entering the sink (2824.791875ms)
✔ reconciliation outbox file-journal: proof loss in the pre-lookup artifact await prevents receipt lookup (1624.449042ms)
✔ reconciliation outbox file-journal: proof loss during send keeps the delivery unadopted without resending (1106.31025ms)
✔ reconciliation outbox file-journal: proof loss during receipt lookup cannot close the delivery obligation (1087.695875ms)
✔ reconciliation outbox file-journal: the commit guard rechecks proof after awaited artifact validation (1017.278667ms)
✔ sqlite: reserve command receipt is required to authenticate an otherwise intact reconciliation proof (1776.35025ms)
✔ sqlite: dispatch command receipt is required to authenticate an otherwise intact reconciliation proof (1723.706958ms)
✔ sqlite: receive command receipt is required to authenticate an otherwise intact reconciliation proof (1761.177291ms)
✔ sqlite: settle command receipt is required to authenticate an otherwise intact reconciliation proof (1750.355958ms)
✔ sqlite: concurrent identical reserve, execute, and settle calls retain one intent, one lookup charge, and one proof (1644.049667ms)
✔ file-journal: reserve command receipt is required to authenticate an otherwise intact reconciliation proof (7125.594834ms)
✔ file-journal: dispatch command receipt is required to authenticate an otherwise intact reconciliation proof (5676.833916ms)
✔ file-journal: receive command receipt is required to authenticate an otherwise intact reconciliation proof (5316.018375ms)
✔ file-journal: settle command receipt is required to authenticate an otherwise intact reconciliation proof (6082.941958ms)
✔ file-journal: concurrent identical reserve, execute, and settle calls retain one intent, one lookup charge, and one proof (4470.795041ms)
✔ sqlite: SIGKILL after reconciliation reservation preserves its owner and refunds only on expiry before an explicit new command (2115.06075ms)
✔ sqlite: SIGKILL during dispatched lookup retains unknown usage and never reissues that command across expiry (2091.579583ms)
✔ sqlite: SIGKILL after received reconciliation settles the stored timely response after lease expiry with no new lookup or input (2010.211917ms)
✔ sqlite: SIGKILL after settlement reopens a current separate proof and duplicate commands remain read-only (1904.876792ms)
✔ file-journal: SIGKILL after reconciliation reservation preserves its owner and refunds only on expiry before an explicit new command (7701.832708ms)
✔ file-journal: SIGKILL during dispatched lookup retains unknown usage and never reissues that command across expiry (6623.634375ms)
✔ file-journal: SIGKILL after received reconciliation settles the stored timely response after lease expiry with no new lookup or input (5506.821375ms)
✔ file-journal: SIGKILL after settlement reopens a current separate proof and duplicate commands remain read-only (6833.218834ms)
✔ sqlite: screen result depends on the live reconciliation proof even when the state revision and previous cursor are unchanged (1989.214917ms)
✔ sqlite: proof loss during diagnostics projection withholds an already prepared result before returning a cursor (1979.343084ms)
✔ sqlite: a reader without the effect verifier cannot treat stored settled metadata as current proof (1956.059625ms)
✔ file-journal: screen result depends on the live reconciliation proof even when the state revision and previous cursor are unchanged (10338.3965ms)
✔ file-journal: proof loss during diagnostics projection withholds an already prepared result before returning a cursor (6382.945833ms)
✔ file-journal: a reader without the effect verifier cannot treat stored settled metadata as current proof (6079.528333ms)
✔ sqlite: explicit reconciliation records a read response and separate effect proof without adopting or changing the original input (1833.078917ms)
✔ sqlite: recorded not-applied receipts resolve only the unknown step and preserve a prior applied prefix (2649.2845ms)
✔ sqlite: a missing driver receipt remains unresolved and repeating the same request neither repeats input nor lookup (992.944583ms)
✔ sqlite: duplicate command and execution charge one lookup while changed payload conflicts (1493.867792ms)
✔ sqlite: exhausted lookup budget refuses reservation without a driver call or a stored intent (1114.551792ms)
✔ sqlite: receipt lookup requires current read authority but does not require permission to issue another input (1377.299083ms)
✔ sqlite: an expired unused reconciliation reservation is released and the same request never dispatches later (979.072417ms)
✔ sqlite: loss of a settled proof reopens the effect obligation while preserving the old receipt, claim, and original head (1110.512834ms)
✔ file-journal: explicit reconciliation records a read response and separate effect proof without adopting or changing the original input (5251.290791ms)
✔ file-journal: recorded not-applied receipts resolve only the unknown step and preserve a prior applied prefix (8340.752917ms)
✔ file-journal: a missing driver receipt remains unresolved and repeating the same request neither repeats input nor lookup (4609.817791ms)
✔ file-journal: duplicate command and execution charge one lookup while changed payload conflicts (4738.950125ms)
✔ file-journal: exhausted lookup budget refuses reservation without a driver call or a stored intent (1991.186916ms)
✔ file-journal: receipt lookup requires current read authority but does not require permission to issue another input (3152.783916ms)
✔ file-journal: an expired unused reconciliation reservation is released and the same request never dispatches later (2074.751666ms)
✔ file-journal: loss of a settled proof reopens the effect obligation while preserving the old receipt, claim, and original head (2511.205667ms)
✔ sqlite: injected invalid retained proof blocks every pending ack, question and failure before transport (171.76575ms)
✔ sqlite: retained failed proof blocks receipt lookup and settlement for uncertain ack, question and failure (109.611416ms)
✔ sqlite: settled-to-failed transition during send cannot adopt an already returned channel receipt (460.068458ms)
✔ sqlite: failed-only retained proof is checked again at the final delivery commit after an artifact await (397.940791ms)
✔ file-journal: injected invalid retained proof blocks every pending ack, question and failure before transport (1185.73775ms)
✔ file-journal: retained failed proof blocks receipt lookup and settlement for uncertain ack, question and failure (450.024ms)
✔ file-journal: settled-to-failed transition during send cannot adopt an already returned channel receipt (2108.058ms)
✔ file-journal: failed-only retained proof is checked again at the final delivery commit after an artifact await (2012.900167ms)
✔ effect proofs: a legacy work uses neither the optional checker nor any refresh mutation (18.776167ms)
✔ effect proofs: settled claims require a checker and checker failures stay unavailable (8.683ms)
✔ effect proofs: missing checker reopens the original obligation and cancels ordinary reservations once without rewriting proof history (6.545708ms)
✔ effect proofs: expired reserved lookup releases only an undispatched reservation and preserves measured uncertainty (4.495959ms)
✔ effect proofs: expired running lookup releases only an undispatched reservation and preserves measured uncertainty (3.7245ms)
✔ effect proofs: lifecycle deletion reopens a settled effect and quarantines all linked references without changing received facts or timestamps (6.777ms)
✔ effect proofs: a committed tool dispatch with missing proof authority cannot silently bypass the broker (6.902292ms)
✔ effect proofs: a committed tool dispatch with invalid proof authority cannot silently bypass the broker (5.434459ms)
✔ effect proofs: a committed tool dispatch with valid proof authority cannot silently bypass the broker (5.211583ms)
✔ effect proofs: a reuse await that loses proof validity is checked before implementation entry (4.054708ms)
✔ effect proofs: invalid proof prevents new model reservation before compiling input (3.820166ms)
✔ effect proofs: losing proof during model input read prevents actual planner entry and still settles the dispatched call (9.967709ms)
✔ effect proofs: loss during adoption artifact checks rejects a stored model proposal while preserving usage (5.823ms)
✔ effect proofs: a valid checker permits one model invocation and adoption with the historical proof unchanged (5.496208ms)
✔ effect proofs: proof loss during result body storage prevents response publication (4.879917ms)
✔ effect proofs: a same-revision snapshot suppresses an existing result when its proof becomes unavailable during the read (4.376458ms)
✔ sqlite: work resource bodies and metadata use canonical effect proof with a narrowed caller and fail without a checker (469.001125ms)
✔ sqlite: proof invalidation during original or stored result I/O cannot return the already read body (472.331041ms)
✔ sqlite: disclosure release, saved payload, raw read and receiver entry all retain current source effect proof (427.120333ms)
✔ sqlite: private, derived and cached shared memory cannot outlive the original work effect proof (500.066417ms)
✔ sqlite: source proof authentication does not recursively validate memory copied into that same work (1083.217166ms)
✔ sqlite: a failed historical effect proof stays required after refresh and reopen until the same source is explicitly proved again (1743.564042ms)
✔ file-journal: work resource bodies and metadata use canonical effect proof with a narrowed caller and fail without a checker (1343.463291ms)
✔ file-journal: proof invalidation during original or stored result I/O cannot return the already read body (1084.625458ms)
✔ file-journal: disclosure release, saved payload, raw read and receiver entry all retain current source effect proof (1134.840375ms)
✔ file-journal: private, derived and cached shared memory cannot outlive the original work effect proof (1527.539583ms)
✔ file-journal: source proof authentication does not recursively validate memory copied into that same work (4438.478ms)
✔ file-journal: a failed historical effect proof stays required after refresh and reopen until the same source is explicitly proved again (6107.5495ms)
✔ sqlite: custody-free reads keep their original I/O path and a W to M to W custody cycle remains finite (186.047ms)
✔ sqlite: external K revise blocks direct, derived and cached M before W is refreshed (155.495083ms)
✔ sqlite: external K retract blocks direct, derived and cached M before W is refreshed (165.254375ms)
✔ sqlite: external K expire blocks direct, derived and cached M before W is refreshed (176.418083ms)
✔ sqlite: external K generation blocks direct, derived and cached M before W is refreshed (178.393959ms)
✔ sqlite: a shared reader uses current M authority without impersonating its owner's private K actor (197.634334ms)
✔ sqlite: custody does not reconstruct an unconfirmed reviewer-only permission (151.868875ms)
✔ sqlite: custody entry and byte limits fail closed before reading unbounded knowledge records (1396.166125ms)
✔ sqlite: a derivedFrom cycle remains invalid even when its work custody graph is finite (113.181667ms)
✔ sqlite: external memory changed during closure collection cannot survive the stable snapshot (189.700791ms)
✔ file-journal: custody-free reads keep their original I/O path and a W to M to W custody cycle remains finite (456.895042ms)
✔ file-journal: external K revise blocks direct, derived and cached M before W is refreshed (913.883083ms)
✔ file-journal: external K retract blocks direct, derived and cached M before W is refreshed (991.855541ms)
✔ file-journal: external K expire blocks direct, derived and cached M before W is refreshed (873.4275ms)
✔ file-journal: external K generation blocks direct, derived and cached M before W is refreshed (615.654ms)
✔ file-journal: a shared reader uses current M authority without impersonating its owner's private K actor (561.127791ms)
✔ file-journal: custody does not reconstruct an unconfirmed reviewer-only permission (285.618ms)
✔ file-journal: custody entry and byte limits fail closed before reading unbounded knowledge records (437.889667ms)
✔ file-journal: a derivedFrom cycle remains invalid even when its work custody graph is finite (459.487875ms)
✔ file-journal: external memory changed during closure collection cannot survive the stable snapshot (492.605167ms)
ℹ tests 197
ℹ suites 0
ℹ pass 197
ℹ fail 0
ℹ cancelled 0
ℹ skipped 0
ℹ todo 0
ℹ duration_ms 54143.387083
