✔ same goal sqlite/synthetic/individual: save once through the real runtime (829.127167ms)
✔ same goal sqlite/synthetic/batch: save once through the real runtime (322.098625ms)
✔ same goal sqlite/web/individual: save once through the real runtime (639.604417ms)
✔ same goal sqlite/web/batch: save once through the real runtime (456.126208ms)
✔ same goal file-journal/synthetic/individual: save once through the real runtime (955.202375ms)
✔ same goal file-journal/synthetic/batch: save once through the real runtime (705.642333ms)
✔ same goal file-journal/web/individual: save once through the real runtime (1137.103834ms)
✔ same goal file-journal/web/batch: save once through the real runtime (859.532625ms)
✔ actual Web DOM: stale refs, lost focus, duplicate/disabled targets and partial views never send an input (747.63375ms)
✔ actual Web DOM: renderer rechecks mutations made inside current authority callback (128.688791ms)
✔ actual Web DOM: reload invalidates old lease; a current read finds the exact old receipt without input (150.842125ms)
✔ actual Web DOM: Search uses an observed change while waiting (284.022125ms)
✔ actual Web human editing: a delayed first save cannot overwrite later typed characters (236.685ms)
✔ actual Web app: closing and reopening the fixture preserves app+receipt and changes the epoch (263.768791ms)
✔ sqlite: actual Web Save response loss is reconciled and verified without saving twice (1152.953709ms)
✔ file-journal: actual Web Save response loss is reconciled and verified without saving twice (2795.429042ms)
ℹ tests 16
ℹ suites 0
ℹ pass 16
ℹ fail 0
ℹ cancelled 0
ℹ skipped 0
ℹ todo 0
ℹ duration_ms 11807.448292
