✔ computer input assurance: omission keeps the old tool shape without silently adding a default to its digest (4.969375ms)
✔ computer input assurance: renderer semantics are pinned for all four tools and cannot be changed through the original driver (0.447459ms)
✔ computer input assurance: unknown profiles and proof-free declarations are rejected before any adapter call (14.239916ms)
✔ computer input assurance: a profile declaration grants neither tool permission nor arbitrary browser commands (9.783334ms)
✔ sqlite: replacing input assurance after dispatch invalidates the pinned attempt before driver entry (204.261209ms)
✔ file-journal: replacing input assurance after dispatch invalidates the pinned attempt before driver entry (1291.99825ms)
✔ web adapter: rejected current authority sends no browser input (3.741125ms)
✔ web adapter: cancellation while authority is awaited sends no input (0.167417ms)
✔ web adapter: loss after dispatch is unknown and duplicate operation never sends again (0.237791ms)
✔ web adapter: same operation id with changed action is unknown without another transport (0.744333ms)
✔ web adapter: concurrent duplicate joins the original operation (0.536042ms)
✔ web adapter: malformed or wrong operation response is uncertain (1.250458ms)
✔ web adapter: observation from another document cannot become a current view (0.369291ms)
✔ web adapter: observation bounds apply after the remote response (0.107209ms)
✔ web adapter: missing receipt remains unknown and lookup does not send act (0.35575ms)
✔ web adapter: lookup rejects another work and altered receipt identity (0.537167ms)
✔ web adapter: navigation outside the registered loopback document is rejected before evaluation (0.162125ms)
✔ web transport: abort stops waiting but does not claim to retract a sent renderer command (2.569542ms)
✔ web adapter: caller mutations during authorization cannot change the pinned DOM command (0.2305ms)
✔ web adapter: read authorization cannot change the receipt identity or work being looked up (0.115541ms)
ℹ tests 20
ℹ suites 0
ℹ pass 20
ℹ fail 0
ℹ cancelled 0
ℹ skipped 0
ℹ todo 0
ℹ duration_ms 1648.266708
