✖ same goal sqlite/synthetic/individual: save once through the real runtime (478.818416ms)
✖ same goal sqlite/synthetic/batch: save once through the real runtime (0.227125ms)
✖ same goal sqlite/web/individual: save once through the real runtime (0.054958ms)
✖ same goal sqlite/web/batch: save once through the real runtime (0.019708ms)
✖ same goal file-journal/synthetic/individual: save once through the real runtime (0.024666ms)
✖ same goal file-journal/synthetic/batch: save once through the real runtime (0.016584ms)
✖ same goal file-journal/web/individual: save once through the real runtime (0.014208ms)
✖ same goal file-journal/web/batch: save once through the real runtime (0.016333ms)
✖ actual Web DOM: stale refs, lost focus, duplicate/disabled targets and partial views never send an input (0.028459ms)
✖ actual Web DOM: renderer rechecks mutations made inside current authority callback (0.085125ms)
✖ actual Web DOM: reload invalidates old lease; a current read finds the exact old receipt without input (0.016333ms)
✖ actual Web DOM: Search uses an observed change while waiting (0.013083ms)
✖ sqlite: actual Web Save response loss is reconciled and verified without saving twice (0.01025ms)
✖ file-journal: actual Web Save response loss is reconciled and verified without saving twice (0.012667ms)
ℹ tests 14
ℹ suites 0
ℹ pass 0
ℹ fail 14
ℹ cancelled 0
ℹ skipped 0
ℹ todo 0
ℹ duration_ms 585.811292

✖ failing tests:

test at dist/tests/local-web-computer.browser.js:82:13
✖ same goal sqlite/synthetic/individual: save once through the real runtime (478.818416ms)
  browserType.launch: Executable doesn't exist at /Users/seunghanee/Library/Caches/ms-playwright/chromium_headless_shell-1234/chrome-headless-shell-mac-arm64/chrome-headless-shell
  ╔════════════════════════════════════════════════════════════╗
  ║ Looks like Playwright was just installed or updated.       ║
  ║ Please run the following command to download new browsers: ║
  ║                                                            ║
  ║     npx playwright install                                 ║
  ║                                                            ║
  ║ <3 Playwright Team                                         ║
  ╚════════════════════════════════════════════════════════════╝
      at TestContext.<anonymous> (/Users/seunghanee/Documents/secumon/runtime/dist/tests/local-web-computer.browser.js:28:41) {
    name: 'Error',
    log: []
  }

test at dist/tests/local-web-computer.browser.js:82:13
✖ same goal sqlite/synthetic/batch: save once through the real runtime (0.227125ms)
  browserType.launch: Executable doesn't exist at /Users/seunghanee/Library/Caches/ms-playwright/chromium_headless_shell-1234/chrome-headless-shell-mac-arm64/chrome-headless-shell
  ╔════════════════════════════════════════════════════════════╗
  ║ Looks like Playwright was just installed or updated.       ║
  ║ Please run the following command to download new browsers: ║
  ║                                                            ║
  ║     npx playwright install                                 ║
  ║                                                            ║
  ║ <3 Playwright Team                                         ║
  ╚════════════════════════════════════════════════════════════╝
      at TestContext.<anonymous> (/Users/seunghanee/Documents/secumon/runtime/dist/tests/local-web-computer.browser.js:28:41) {
    name: 'Error',
    log: []
  }

test at dist/tests/local-web-computer.browser.js:82:13
✖ same goal sqlite/web/individual: save once through the real runtime (0.054958ms)
  browserType.launch: Executable doesn't exist at /Users/seunghanee/Library/Caches/ms-playwright/chromium_headless_shell-1234/chrome-headless-shell-mac-arm64/chrome-headless-shell
  ╔════════════════════════════════════════════════════════════╗
  ║ Looks like Playwright was just installed or updated.       ║
  ║ Please run the following command to download new browsers: ║
  ║                                                            ║
  ║     npx playwright install                                 ║
  ║                                                            ║
  ║ <3 Playwright Team                                         ║
  ╚════════════════════════════════════════════════════════════╝
      at TestContext.<anonymous> (/Users/seunghanee/Documents/secumon/runtime/dist/tests/local-web-computer.browser.js:28:41) {
    name: 'Error',
    log: []
  }

test at dist/tests/local-web-computer.browser.js:82:13
✖ same goal sqlite/web/batch: save once through the real runtime (0.019708ms)
  browserType.launch: Executable doesn't exist at /Users/seunghanee/Library/Caches/ms-playwright/chromium_headless_shell-1234/chrome-headless-shell-mac-arm64/chrome-headless-shell
  ╔════════════════════════════════════════════════════════════╗
  ║ Looks like Playwright was just installed or updated.       ║
  ║ Please run the following command to download new browsers: ║
  ║                                                            ║
  ║     npx playwright install                                 ║
  ║                                                            ║
  ║ <3 Playwright Team                                         ║
  ╚════════════════════════════════════════════════════════════╝
      at TestContext.<anonymous> (/Users/seunghanee/Documents/secumon/runtime/dist/tests/local-web-computer.browser.js:28:41) {
    name: 'Error',
    log: []
  }

test at dist/tests/local-web-computer.browser.js:82:13
✖ same goal file-journal/synthetic/individual: save once through the real runtime (0.024666ms)
  browserType.launch: Executable doesn't exist at /Users/seunghanee/Library/Caches/ms-playwright/chromium_headless_shell-1234/chrome-headless-shell-mac-arm64/chrome-headless-shell
  ╔════════════════════════════════════════════════════════════╗
  ║ Looks like Playwright was just installed or updated.       ║
  ║ Please run the following command to download new browsers: ║
  ║                                                            ║
  ║     npx playwright install                                 ║
  ║                                                            ║
  ║ <3 Playwright Team                                         ║
  ╚════════════════════════════════════════════════════════════╝
      at TestContext.<anonymous> (/Users/seunghanee/Documents/secumon/runtime/dist/tests/local-web-computer.browser.js:28:41) {
    name: 'Error',
    log: []
  }

test at dist/tests/local-web-computer.browser.js:82:13
✖ same goal file-journal/synthetic/batch: save once through the real runtime (0.016584ms)
  browserType.launch: Executable doesn't exist at /Users/seunghanee/Library/Caches/ms-playwright/chromium_headless_shell-1234/chrome-headless-shell-mac-arm64/chrome-headless-shell
  ╔════════════════════════════════════════════════════════════╗
  ║ Looks like Playwright was just installed or updated.       ║
  ║ Please run the following command to download new browsers: ║
  ║                                                            ║
  ║     npx playwright install                                 ║
  ║                                                            ║
  ║ <3 Playwright Team                                         ║
  ╚════════════════════════════════════════════════════════════╝
      at TestContext.<anonymous> (/Users/seunghanee/Documents/secumon/runtime/dist/tests/local-web-computer.browser.js:28:41) {
    name: 'Error',
    log: []
  }

test at dist/tests/local-web-computer.browser.js:82:13
✖ same goal file-journal/web/individual: save once through the real runtime (0.014208ms)
  browserType.launch: Executable doesn't exist at /Users/seunghanee/Library/Caches/ms-playwright/chromium_headless_shell-1234/chrome-headless-shell-mac-arm64/chrome-headless-shell
  ╔════════════════════════════════════════════════════════════╗
  ║ Looks like Playwright was just installed or updated.       ║
  ║ Please run the following command to download new browsers: ║
  ║                                                            ║
  ║     npx playwright install                                 ║
  ║                                                            ║
  ║ <3 Playwright Team                                         ║
  ╚════════════════════════════════════════════════════════════╝
      at TestContext.<anonymous> (/Users/seunghanee/Documents/secumon/runtime/dist/tests/local-web-computer.browser.js:28:41) {
    name: 'Error',
    log: []
  }

test at dist/tests/local-web-computer.browser.js:82:13
✖ same goal file-journal/web/batch: save once through the real runtime (0.016333ms)
  browserType.launch: Executable doesn't exist at /Users/seunghanee/Library/Caches/ms-playwright/chromium_headless_shell-1234/chrome-headless-shell-mac-arm64/chrome-headless-shell
  ╔════════════════════════════════════════════════════════════╗
  ║ Looks like Playwright was just installed or updated.       ║
  ║ Please run the following command to download new browsers: ║
  ║                                                            ║
  ║     npx playwright install                                 ║
  ║                                                            ║
  ║ <3 Playwright Team                                         ║
  ╚════════════════════════════════════════════════════════════╝
      at TestContext.<anonymous> (/Users/seunghanee/Documents/secumon/runtime/dist/tests/local-web-computer.browser.js:28:41) {
    name: 'Error',
    log: []
  }

test at dist/tests/local-web-computer.browser.js:121:1
✖ actual Web DOM: stale refs, lost focus, duplicate/disabled targets and partial views never send an input (0.028459ms)
  browserType.launch: Executable doesn't exist at /Users/seunghanee/Library/Caches/ms-playwright/chromium_headless_shell-1234/chrome-headless-shell-mac-arm64/chrome-headless-shell
  ╔════════════════════════════════════════════════════════════╗
  ║ Looks like Playwright was just installed or updated.       ║
  ║ Please run the following command to download new browsers: ║
  ║                                                            ║
  ║     npx playwright install                                 ║
  ║                                                            ║
  ║ <3 Playwright Team                                         ║
  ╚════════════════════════════════════════════════════════════╝
      at TestContext.<anonymous> (/Users/seunghanee/Documents/secumon/runtime/dist/tests/local-web-computer.browser.js:28:41) {
    name: 'Error',
    log: []
  }

test at dist/tests/local-web-computer.browser.js:139:1
✖ actual Web DOM: renderer rechecks mutations made inside current authority callback (0.085125ms)
  browserType.launch: Executable doesn't exist at /Users/seunghanee/Library/Caches/ms-playwright/chromium_headless_shell-1234/chrome-headless-shell-mac-arm64/chrome-headless-shell
  ╔════════════════════════════════════════════════════════════╗
  ║ Looks like Playwright was just installed or updated.       ║
  ║ Please run the following command to download new browsers: ║
  ║                                                            ║
  ║     npx playwright install                                 ║
  ║                                                            ║
  ║ <3 Playwright Team                                         ║
  ╚════════════════════════════════════════════════════════════╝
      at TestContext.<anonymous> (/Users/seunghanee/Documents/secumon/runtime/dist/tests/local-web-computer.browser.js:28:41) {
    name: 'Error',
    log: []
  }

test at dist/tests/local-web-computer.browser.js:146:1
✖ actual Web DOM: reload invalidates old lease; a current read finds the exact old receipt without input (0.016333ms)
  browserType.launch: Executable doesn't exist at /Users/seunghanee/Library/Caches/ms-playwright/chromium_headless_shell-1234/chrome-headless-shell-mac-arm64/chrome-headless-shell
  ╔════════════════════════════════════════════════════════════╗
  ║ Looks like Playwright was just installed or updated.       ║
  ║ Please run the following command to download new browsers: ║
  ║                                                            ║
  ║     npx playwright install                                 ║
  ║                                                            ║
  ║ <3 Playwright Team                                         ║
  ╚════════════════════════════════════════════════════════════╝
      at TestContext.<anonymous> (/Users/seunghanee/Documents/secumon/runtime/dist/tests/local-web-computer.browser.js:28:41) {
    name: 'Error',
    log: []
  }

test at dist/tests/local-web-computer.browser.js:163:1
✖ actual Web DOM: Search uses an observed change while waiting (0.013083ms)
  browserType.launch: Executable doesn't exist at /Users/seunghanee/Library/Caches/ms-playwright/chromium_headless_shell-1234/chrome-headless-shell-mac-arm64/chrome-headless-shell
  ╔════════════════════════════════════════════════════════════╗
  ║ Looks like Playwright was just installed or updated.       ║
  ║ Please run the following command to download new browsers: ║
  ║                                                            ║
  ║     npx playwright install                                 ║
  ║                                                            ║
  ║ <3 Playwright Team                                         ║
  ╚════════════════════════════════════════════════════════════╝
      at TestContext.<anonymous> (/Users/seunghanee/Documents/secumon/runtime/dist/tests/local-web-computer.browser.js:28:41) {
    name: 'Error',
    log: []
  }

test at dist/tests/local-web-computer.browser.js:177:5
✖ sqlite: actual Web Save response loss is reconciled and verified without saving twice (0.01025ms)
  browserType.launch: Executable doesn't exist at /Users/seunghanee/Library/Caches/ms-playwright/chromium_headless_shell-1234/chrome-headless-shell-mac-arm64/chrome-headless-shell
  ╔════════════════════════════════════════════════════════════╗
  ║ Looks like Playwright was just installed or updated.       ║
  ║ Please run the following command to download new browsers: ║
  ║                                                            ║
  ║     npx playwright install                                 ║
  ║                                                            ║
  ║ <3 Playwright Team                                         ║
  ╚════════════════════════════════════════════════════════════╝
      at TestContext.<anonymous> (/Users/seunghanee/Documents/secumon/runtime/dist/tests/local-web-computer.browser.js:28:41) {
    name: 'Error',
    log: []
  }

test at dist/tests/local-web-computer.browser.js:177:5
✖ file-journal: actual Web Save response loss is reconciled and verified without saving twice (0.012667ms)
  browserType.launch: Executable doesn't exist at /Users/seunghanee/Library/Caches/ms-playwright/chromium_headless_shell-1234/chrome-headless-shell-mac-arm64/chrome-headless-shell
  ╔════════════════════════════════════════════════════════════╗
  ║ Looks like Playwright was just installed or updated.       ║
  ║ Please run the following command to download new browsers: ║
  ║                                                            ║
  ║     npx playwright install                                 ║
  ║                                                            ║
  ║ <3 Playwright Team                                         ║
  ╚════════════════════════════════════════════════════════════╝
      at TestContext.<anonymous> (/Users/seunghanee/Documents/secumon/runtime/dist/tests/local-web-computer.browser.js:28:41) {
    name: 'Error',
    log: []
  }
