✔ same goal sqlite/synthetic/individual: save once through the real runtime (878.773709ms)
✔ same goal sqlite/synthetic/batch: save once through the real runtime (316.04925ms)
✔ same goal sqlite/web/individual: save once through the real runtime (646.445792ms)
✔ same goal sqlite/web/batch: save once through the real runtime (448.064ms)
✔ same goal file-journal/synthetic/individual: save once through the real runtime (981.541709ms)
✔ same goal file-journal/synthetic/batch: save once through the real runtime (696.493208ms)
✔ same goal file-journal/web/individual: save once through the real runtime (1120.449709ms)
✔ same goal file-journal/web/batch: save once through the real runtime (867.639625ms)
✔ actual Web DOM: stale refs, lost focus, duplicate/disabled targets and partial views never send an input (760.622292ms)
✔ actual Web DOM: renderer rechecks mutations made inside current authority callback (114.138542ms)
✔ actual Web DOM: reload invalidates old lease; a current read finds the exact old receipt without input (146.578417ms)
✔ actual Web DOM: Search uses an observed change while waiting (280.293458ms)
✖ sqlite: actual Web Save response loss is reconciled and verified without saving twice (450.849834ms)
✖ file-journal: actual Web Save response loss is reconciled and verified without saving twice (794.266ms)
ℹ tests 14
ℹ suites 0
ℹ pass 12
ℹ fail 2
ℹ cancelled 0
ℹ skipped 0
ℹ todo 0
ℹ duration_ms 8651.665

✖ failing tests:

test at dist/tests/local-web-computer.browser.js:178:5
✖ sqlite: actual Web Save response loss is reconciled and verified without saving twice (450.849834ms)
  AssertionError [ERR_ASSERTION]: Expected values to be strictly equal:
  + actual - expected
  
  + 'confirmed'
  - 'unknown'
  
      at TestContext.<anonymous> (file:///Users/seunghanee/Documents/secumon/runtime/dist/tests/local-web-computer.browser.js:185:16)
      at async Test.run (node:internal/test_runner/test:1404:7)
      at async Test.processPendingSubtests (node:internal/test_runner/test:969:7) {
    generatedMessage: true,
    code: 'ERR_ASSERTION',
    actual: 'confirmed',
    expected: 'unknown',
    operator: 'strictEqual',
    diff: 'simple'
  }

test at dist/tests/local-web-computer.browser.js:178:5
✖ file-journal: actual Web Save response loss is reconciled and verified without saving twice (794.266ms)
  AssertionError [ERR_ASSERTION]: Expected values to be strictly equal:
  + actual - expected
  
  + 'confirmed'
  - 'unknown'
  
      at TestContext.<anonymous> (file:///Users/seunghanee/Documents/secumon/runtime/dist/tests/local-web-computer.browser.js:185:16)
      at async Test.run (node:internal/test_runner/test:1404:7)
      at async Test.processPendingSubtests (node:internal/test_runner/test:969:7) {
    generatedMessage: true,
    code: 'ERR_ASSERTION',
    actual: 'confirmed',
    expected: 'unknown',
    operator: 'strictEqual',
    diff: 'simple'
  }
