✔ same goal sqlite/synthetic/individual: save once through the real runtime (827.743083ms)
✔ same goal sqlite/synthetic/batch: save once through the real runtime (304.5455ms)
✔ same goal sqlite/web/individual: save once through the real runtime (647.2245ms)
✔ same goal sqlite/web/batch: save once through the real runtime (473.013416ms)
✔ same goal file-journal/synthetic/individual: save once through the real runtime (947.983833ms)
✔ same goal file-journal/synthetic/batch: save once through the real runtime (698.225166ms)
✔ same goal file-journal/web/individual: save once through the real runtime (1079.025958ms)
✔ same goal file-journal/web/batch: save once through the real runtime (876.641084ms)
✔ actual Web DOM: stale refs, lost focus, duplicate/disabled targets and partial views never send an input (797.777916ms)
✔ actual Web DOM: renderer rechecks mutations made inside current authority callback (120.698583ms)
✔ actual Web DOM: reload invalidates old lease; a current read finds the exact old receipt without input (150.388667ms)
✔ actual Web DOM: Search uses an observed change while waiting (291.806125ms)
✔ actual Web human editing: a delayed first save cannot overwrite later typed characters (236.679458ms)
✔ actual Web form: non-pending DOM input is persisted as human editing and never receives an agent receipt (139.490958ms)
✔ actual Web app: closing and reopening the fixture preserves app+receipt and changes the epoch (250.446209ms)
✔ sqlite: actual Web Save response loss is reconciled and verified without saving twice (1135.672875ms)
✔ file-journal: actual Web Save response loss is reconciled and verified without saving twice (2975.887625ms)
ℹ tests 17
ℹ suites 0
ℹ pass 17
ℹ fail 0
ℹ cancelled 0
ℹ skipped 0
ℹ todo 0
ℹ duration_ms 12083.736208
