✔ computer input assurance: omission keeps the old tool shape without silently adding a default to its digest (4.4465ms)
✔ computer input assurance: renderer semantics are pinned for all four tools and cannot be changed through the original driver (0.429125ms)
✔ computer input assurance: unknown profiles and proof-free declarations are rejected before any adapter call (14.539417ms)
✔ computer input assurance: a profile declaration grants neither tool permission nor arbitrary browser commands (9.352959ms)
✔ sqlite: replacing input assurance after dispatch invalidates the pinned attempt before driver entry (51.224458ms)
✔ file-journal: replacing input assurance after dispatch invalidates the pinned attempt before driver entry (165.926917ms)
✔ web adapter: rejected current authority sends no browser input (3.592625ms)
✔ web adapter: cancellation while authority is awaited sends no input (0.185042ms)
✔ web adapter: loss after dispatch is unknown and duplicate operation never sends again (0.246541ms)
✔ web adapter: same operation id with changed action is unknown without another transport (0.444167ms)
✔ web adapter: concurrent duplicate joins the original operation (0.18925ms)
✔ web adapter: malformed or wrong operation response is uncertain (0.657792ms)
✔ web adapter: observation from another document cannot become a current view (0.293292ms)
✔ web adapter: observation bounds apply after the remote response (0.087708ms)
✔ web adapter: missing receipt remains unknown and lookup does not send act (0.2845ms)
✔ web adapter: lookup rejects another work and altered receipt identity (0.450166ms)
✔ web adapter: navigation outside the registered loopback document is rejected before evaluation (0.136708ms)
✔ web transport: abort stops waiting but does not claim to retract a sent renderer command (1.851833ms)
✔ web adapter: caller mutations during authorization cannot change the pinned DOM command (0.184833ms)
✔ web adapter: read authorization cannot change the receipt identity or work being looked up (0.103708ms)
ℹ tests 20
ℹ suites 0
ℹ pass 20
ℹ fail 0
ℹ cancelled 0
ℹ skipped 0
ℹ todo 0
ℹ duration_ms 333.279667
