✔ sqlite: goal change rejects a mode changed by another channel without modifying goal, control or receipts (129.01525ms)
✔ sqlite: goal control is rechecked after a commit CAS conflict and cannot overwrite the winning mode (85.588833ms)
✔ sqlite: unrelated commit contention retries the same goal request while incrementing control exactly once (99.153583ms)
✔ sqlite: successful goal replay remains idempotent after a later mode change and restart (140.475791ms)
✔ sqlite: goal mutation requires a positive safe control revision and strict fields before any receipt or state change (84.102625ms)
✔ sqlite: a legacy goal without stored execution control still requires its explicit initial revision (123.724167ms)
✔ sqlite: CLI goal changes require both explicit revisions, reject stale control and replay the saved receipt (972.101125ms)
✔ sqlite: Web strict goal input carries control revision through HTTP and rejects a newer channel mode (173.027916ms)
✔ file-journal: goal change rejects a mode changed by another channel without modifying goal, control or receipts (422.727208ms)
✔ file-journal: goal control is rechecked after a commit CAS conflict and cannot overwrite the winning mode (653.83575ms)
✔ file-journal: unrelated commit contention retries the same goal request while incrementing control exactly once (340.760917ms)
✔ file-journal: successful goal replay remains idempotent after a later mode change and restart (332.045333ms)
✔ file-journal: goal mutation requires a positive safe control revision and strict fields before any receipt or state change (216.246583ms)
✔ file-journal: a legacy goal without stored execution control still requires its explicit initial revision (215.161709ms)
✔ file-journal: CLI goal changes require both explicit revisions, reject stale control and replay the saved receipt (1119.655333ms)
✔ file-journal: Web strict goal input carries control revision through HTTP and rejects a newer channel mode (353.248709ms)
✔ Web goal schema accepts only an explicit positive safe numeric control revision (0.436917ms)
✔ memory: recent metadata is bounded at the requested revision and omits payloads without changing state (8.2525ms)
✔ memory: pages progress once per matching work across Unicode IDs and isolate the complete binding scope (5.2375ms)
✔ memory: query limits, malformed cursors and empty repositories have a defined result (1.047125ms)
✔ sqlite: recent metadata is bounded at the requested revision and omits payloads without changing state (8.563333ms)
✔ sqlite: pages progress once per matching work across Unicode IDs and isolate the complete binding scope (10.361791ms)
✔ sqlite: query limits, malformed cursors and empty repositories have a defined result (25.832167ms)
✔ file-journal: recent metadata is bounded at the requested revision and omits payloads without changing state (408.149625ms)
✔ file-journal: pages progress once per matching work across Unicode IDs and isolate the complete binding scope (742.575708ms)
✔ file-journal: query limits, malformed cursors and empty repositories have a defined result (13.73825ms)
✔ journal: each page inspects only its directory budget and a foreign-only page still advances (204.234834ms)
✔ journal: cold, warm and external append distinguish body hashing from parsed and replayed records (157.053917ms)
✔ journal: a warm query rejects same-length after caching the complete history (95.868583ms)
✔ journal: a warm query rejects middle-delete after caching the complete history (107.684625ms)
✔ journal: a warm query rejects tail-delete after caching the complete history (130.789208ms)
✔ journal: a warm query rejects replacement after caching the complete history (77.49225ms)
✔ journal: a warm query rejects symlink after caching the complete history (79.498833ms)
✔ journal: a warm query rejects mode after caching the complete history (66.306291ms)
✔ journal: a warm query rejects header after caching the complete history (86.6645ms)
✔ journal: a warm read still fails when the directory durability fence fails (99.022833ms)
✔ journal: a normal pending-link cleanup during a warm read retries the entire record once (75.079709ms)
✔ journal: repeated record changes exhaust the bounded read retry and fail closed (65.671667ms)
✔ journal: cache accounting includes historical receipt snapshots and eviction releases record identities (126.968875ms)
✔ journal: a delayed older commit acknowledgement cannot lower a newer observed head with caching disabled (94.030542ms)
✔ sqlite: transactional migration backfills query indexes and an already open legacy writer keeps them current (144.433417ms)
✔ sqlite: migration failure rolls back schema and leaves the legacy records unchanged (102.894875ms)
✔ sqlite: reopening an intermediate v2 store rebuilds stale indexes and replaces old triggers transactionally (83.767042ms)
✔ sqlite: a failed index write rolls back canonical state, events, receipt and binding changes together (39.119166ms)
✔ sqlite: bounded query SQL selects metadata and IDs without loading event or work bodies (71.9655ms)
✔ sqlite: page options cannot replace the trusted actor or conversation route (104.954583ms)
✔ sqlite: diagnostics uses metadata through the current revision and never requests full event payloads (130.257041ms)
✔ sqlite: a denied-only list page stops after one candidate page and continues after a detached anchor (807.977ms)
✔ sqlite: list cursor handles expire, stay instance scoped, and are evicted without resolving all IDs (80.769708ms)
✔ file-journal: page options cannot replace the trusted actor or conversation route (197.836708ms)
✔ file-journal: diagnostics uses metadata through the current revision and never requests full event payloads (272.443541ms)
✔ file-journal: a denied-only list page stops after one candidate page and continues after a detached anchor (4438.003041ms)
✔ file-journal: list cursor handles expire, stay instance scoped, and are evicted without resolving all IDs (30.500125ms)
ℹ tests 53
ℹ suites 0
ℹ pass 53
ℹ fail 0
ℹ cancelled 0
ℹ skipped 0
ℹ todo 0
ℹ duration_ms 6147.575333
