✔ sqlite: lost receive ACK preserves the committed reconciliation response and settles without another lookup (1804.896083ms)
✔ sqlite: pause during an actual driver lookup fences its late receipt while retaining the read charge and effect obligation (1183.52975ms)
✔ sqlite: goal during an actual driver lookup fences its late receipt while retaining the read charge and effect obligation (1257.955084ms)
✔ file-journal: lost receive ACK preserves the committed reconciliation response and settles without another lookup (6999.73475ms)
✔ file-journal: pause during an actual driver lookup fences its late receipt while retaining the read charge and effect obligation (4215.668083ms)
✔ file-journal: goal during an actual driver lookup fences its late receipt while retaining the read charge and effect obligation (3274.336667ms)
✔ reconciliation context sqlite: reserved metadata and original refs survive compaction and repository reopen (2141.12825ms)
✔ reconciliation context sqlite: settled metadata and original refs survive compaction and repository reopen (2262.75025ms)
✔ reconciliation context sqlite: missing proof rejects source reuse, compaction and restore (1712.681709ms)
✔ reconciliation context sqlite: corrupt proof rejects source reuse, compaction and restore (1520.766417ms)
✔ reconciliation context sqlite: proof loss during model_context staging is rejected before return (1353.176625ms)
✔ reconciliation context sqlite: proof loss during runtime_resume staging is rejected before return (1222.867417ms)
✔ reconciliation context sqlite: lifecycle and read permission changes hide the index without dropping the pending obligation (1377.42425ms)
✔ reconciliation context sqlite: a runtime without an effect proof reader rejects settled metadata (1156.229333ms)
✔ reconciliation context file-journal: reserved metadata and original refs survive compaction and repository reopen (4887.084917ms)
✔ reconciliation context file-journal: settled metadata and original refs survive compaction and repository reopen (7075.953833ms)
✔ reconciliation context file-journal: missing proof rejects source reuse, compaction and restore (2939.516542ms)
✔ reconciliation context file-journal: corrupt proof rejects source reuse, compaction and restore (2480.418458ms)
✔ reconciliation context file-journal: proof loss during model_context staging is rejected before return (2213.851791ms)
✔ reconciliation context file-journal: proof loss during runtime_resume staging is rejected before return (1654.467792ms)
✔ reconciliation context file-journal: lifecycle and read permission changes hide the index without dropping the pending obligation (1503.560166ms)
✔ reconciliation context file-journal: a runtime without an effect proof reader rejects settled metadata (1495.621125ms)
✔ computer reconciliation contract: optional index preserves legacy states and contexts without adding empty metadata (13.781666ms)
✔ computer reconciliation contract: metadata remains strict and bounded without accepting raw action or duplicate ids (50.12275ms)
✔ computer reconciliation contract: received and settled require different proof stages and a timed response (0.333583ms)
✔ computer reconciliation contract: lookup outcome does not erase an earlier applied prefix or invent a known absence (0.134875ms)
✔ computer reconciliation transition: intent identity and the first response, proof, and timestamps cannot be replaced (2.455292ms)
✔ computer reconciliation transition: new records cannot skip dispatch and existing records cannot disappear or restart (4.699834ms)
✔ computer reconciliation transition: known claims remain historical even when the proof is invalidated (2.57625ms)
✔ computer reconciliation transition: original task identity, result, and checkpoint remain fixed across late updates (2.087458ms)
✔ memory: reconciliation CAS retains original results, rejects rollback atomically, and preserves historical receipts (19.580792ms)
✔ sqlite: reconciliation CAS retains original results, rejects rollback atomically, and preserves historical receipts (45.499041ms)
✔ file-journal: reconciliation CAS retains original results, rejects rollback atomically, and preserves historical receipts (1296.752792ms)
✔ sqlite: receipt identity and driver mismatches cannot close an effect and retain the measured read (2877.137917ms)
✔ sqlite: a lease acquisition that ignores abort cannot hold cancellation or enter lookup later (1257.177333ms)
✔ sqlite: a reconciled expired input keeps its intent head and null result when the original runner returns late (954.946334ms)
✖ sqlite: revoking a parent grant refunds an unused query and prevents a fresh lookup allowance (1435.821041ms)
✔ file-journal: receipt identity and driver mismatches cannot close an effect and retain the measured read (9260.628584ms)
✔ file-journal: a lease acquisition that ignores abort cannot hold cancellation or enter lookup later (2989.963209ms)
✔ file-journal: a reconciled expired input keeps its intent head and null result when the original runner returns late (2318.3985ms)
✖ file-journal: revoking a parent grant refunds an unused query and prevents a fresh lookup allowance (3270.45075ms)
✔ reconciliation outbox sqlite: current proof permits one result send and delivery obligation settlement (2183.431375ms)
✔ reconciliation outbox sqlite: narrowed tool authority preserves proof validation while channel restrictions still apply (3586.991791ms)
✔ reconciliation outbox sqlite: proof loss at the same revision prevents any result transport (1662.147834ms)
✔ reconciliation outbox sqlite: proof loss defers lookup of an already sent uncertain result (1462.996542ms)
✔ reconciliation outbox sqlite: proof loss after the send claim is checked before entering the sink (1362.103459ms)
✔ reconciliation outbox sqlite: proof loss in the pre-lookup artifact await prevents receipt lookup (1415.863666ms)
✔ reconciliation outbox sqlite: proof loss during send keeps the delivery unadopted without resending (1212.016583ms)
✔ reconciliation outbox sqlite: proof loss during receipt lookup cannot close the delivery obligation (1162.878417ms)
✔ reconciliation outbox sqlite: the commit guard rechecks proof after awaited artifact validation (1109.147542ms)
✔ reconciliation outbox file-journal: current proof permits one result send and delivery obligation settlement (5439.750292ms)
✔ reconciliation outbox file-journal: narrowed tool authority preserves proof validation while channel restrictions still apply (7542.765209ms)
✔ reconciliation outbox file-journal: proof loss at the same revision prevents any result transport (2282.256833ms)
✔ reconciliation outbox file-journal: proof loss defers lookup of an already sent uncertain result (2736.047833ms)
✔ reconciliation outbox file-journal: proof loss after the send claim is checked before entering the sink (1737.24975ms)
✔ reconciliation outbox file-journal: proof loss in the pre-lookup artifact await prevents receipt lookup (1855.472291ms)
✔ reconciliation outbox file-journal: proof loss during send keeps the delivery unadopted without resending (1217.266208ms)
✔ reconciliation outbox file-journal: proof loss during receipt lookup cannot close the delivery obligation (1102.138667ms)
✔ reconciliation outbox file-journal: the commit guard rechecks proof after awaited artifact validation (1010.316334ms)
✔ sqlite: reserve command receipt is required to authenticate an otherwise intact reconciliation proof (1910.723583ms)
✔ sqlite: dispatch command receipt is required to authenticate an otherwise intact reconciliation proof (1396.508375ms)
✔ sqlite: receive command receipt is required to authenticate an otherwise intact reconciliation proof (1623.694208ms)
✔ sqlite: settle command receipt is required to authenticate an otherwise intact reconciliation proof (1460.662959ms)
✔ sqlite: concurrent identical reserve, execute, and settle calls retain one intent, one lookup charge, and one proof (1442.045333ms)
✔ file-journal: reserve command receipt is required to authenticate an otherwise intact reconciliation proof (6262.121583ms)
✔ file-journal: dispatch command receipt is required to authenticate an otherwise intact reconciliation proof (4803.836083ms)
✔ file-journal: receive command receipt is required to authenticate an otherwise intact reconciliation proof (3515.744375ms)
✔ file-journal: settle command receipt is required to authenticate an otherwise intact reconciliation proof (3093.020083ms)
✔ file-journal: concurrent identical reserve, execute, and settle calls retain one intent, one lookup charge, and one proof (2276.972917ms)
✔ sqlite: SIGKILL after reconciliation reservation preserves its owner and refunds only on expiry before an explicit new command (2202.270291ms)
✔ sqlite: SIGKILL during dispatched lookup retains unknown usage and never reissues that command across expiry (2005.901875ms)
✔ sqlite: SIGKILL after received reconciliation settles the stored timely response after lease expiry with no new lookup or input (1723.6565ms)
✔ sqlite: SIGKILL after settlement reopens a current separate proof and duplicate commands remain read-only (1732.342042ms)
✔ file-journal: SIGKILL after reconciliation reservation preserves its owner and refunds only on expiry before an explicit new command (6880.832208ms)
✔ file-journal: SIGKILL during dispatched lookup retains unknown usage and never reissues that command across expiry (5462.146916ms)
✔ file-journal: SIGKILL after received reconciliation settles the stored timely response after lease expiry with no new lookup or input (3680.569834ms)
✔ file-journal: SIGKILL after settlement reopens a current separate proof and duplicate commands remain read-only (3295.213375ms)
✔ sqlite: screen result depends on the live reconciliation proof even when the state revision and previous cursor are unchanged (2194.695917ms)
✔ sqlite: proof loss during diagnostics projection withholds an already prepared result before returning a cursor (1748.547459ms)
✔ sqlite: a reader without the effect verifier cannot treat stored settled metadata as current proof (1616.803625ms)
✔ file-journal: screen result depends on the live reconciliation proof even when the state revision and previous cursor are unchanged (9480.783916ms)
✔ file-journal: proof loss during diagnostics projection withholds an already prepared result before returning a cursor (5140.998792ms)
✔ file-journal: a reader without the effect verifier cannot treat stored settled metadata as current proof (3924.153542ms)
✔ sqlite: explicit reconciliation records a read response and separate effect proof without adopting or changing the original input (1846.386708ms)
✔ sqlite: recorded not-applied receipts resolve only the unknown step and preserve a prior applied prefix (2434.423584ms)
✔ sqlite: a missing driver receipt remains unresolved and repeating the same request neither repeats input nor lookup (1118.111ms)
✔ sqlite: duplicate command and execution charge one lookup while changed payload conflicts (1449.719375ms)
✔ sqlite: exhausted lookup budget refuses reservation without a driver call or a stored intent (1151.913291ms)
✔ sqlite: receipt lookup requires current read authority but does not require permission to issue another input (1164.881708ms)
✔ sqlite: an expired unused reconciliation reservation is released and the same request never dispatches later (1030.122875ms)
✔ sqlite: loss of a settled proof reopens the effect obligation while preserving the old receipt, claim, and original head (1288.9045ms)
✔ file-journal: explicit reconciliation records a read response and separate effect proof without adopting or changing the original input (5244.765833ms)
✔ file-journal: recorded not-applied receipts resolve only the unknown step and preserve a prior applied prefix (5984.922ms)
✔ file-journal: a missing driver receipt remains unresolved and repeating the same request neither repeats input nor lookup (2090.606584ms)
✔ file-journal: duplicate command and execution charge one lookup while changed payload conflicts (2561.288083ms)
✔ file-journal: exhausted lookup budget refuses reservation without a driver call or a stored intent (1479.342667ms)
✔ file-journal: receipt lookup requires current read authority but does not require permission to issue another input (1537.374042ms)
✔ file-journal: an expired unused reconciliation reservation is released and the same request never dispatches later (1473.497416ms)
✔ file-journal: loss of a settled proof reopens the effect obligation while preserving the old receipt, claim, and original head (1768.600291ms)
✔ effect proofs: a legacy work uses neither the optional checker nor any refresh mutation (23.265958ms)
✔ effect proofs: settled claims require a checker and checker failures stay unavailable (10.438417ms)
✔ effect proofs: missing checker reopens the original obligation and cancels ordinary reservations once without rewriting proof history (11.491375ms)
✔ effect proofs: expired reserved lookup releases only an undispatched reservation and preserves measured uncertainty (6.840417ms)
✔ effect proofs: expired running lookup releases only an undispatched reservation and preserves measured uncertainty (6.1905ms)
✔ effect proofs: lifecycle deletion reopens a settled effect and quarantines all linked references without changing received facts or timestamps (13.700125ms)
✔ effect proofs: a committed tool dispatch with missing proof authority cannot silently bypass the broker (13.01625ms)
✔ effect proofs: a committed tool dispatch with invalid proof authority cannot silently bypass the broker (7.105458ms)
✔ effect proofs: a committed tool dispatch with valid proof authority cannot silently bypass the broker (6.167125ms)
✔ effect proofs: a reuse await that loses proof validity is checked before implementation entry (7.094ms)
✔ effect proofs: invalid proof prevents new model reservation before compiling input (8.173333ms)
✔ effect proofs: losing proof during model input read prevents actual planner entry and still settles the dispatched call (14.860875ms)
✔ effect proofs: loss during adoption artifact checks rejects a stored model proposal while preserving usage (9.088709ms)
✔ effect proofs: a valid checker permits one model invocation and adoption with the historical proof unchanged (8.527542ms)
✔ effect proofs: proof loss during result body storage prevents response publication (6.849833ms)
✔ effect proofs: a same-revision snapshot suppresses an existing result when its proof becomes unavailable during the read (5.95225ms)
ℹ tests 115
ℹ suites 0
ℹ pass 113
ℹ fail 2
ℹ cancelled 0
ℹ skipped 0
ℹ todo 0
ℹ duration_ms 40285.095167

✖ failing tests:

test at dist/tests/computer-reconciliation-edges.test.js:159:5
✖ sqlite: revoking a parent grant refunds an unused query and prevents a fresh lookup allowance (1435.821041ms)
  AssertionError [ERR_ASSERTION]: The input did not match the regular expression /budget_grant_inactive/. Input:
  
  'Error: budget_child_draining'
  
      at async TestContext.<anonymous> (file:///Users/seunghanee/Documents/secumon/runtime/dist/tests/computer-reconciliation-edges.test.js:181:9)
      at async Test.run (node:internal/test_runner/test:1404:7)
      at async Test.processPendingSubtests (node:internal/test_runner/test:969:7) {
    generatedMessage: true,
    code: 'ERR_ASSERTION',
    actual: Error: budget_child_draining
        at assertBudgetAuthority (file:///Users/seunghanee/Documents/secumon/runtime/dist/application/budget-delegation.js:83:15)
        at ComputerReconciliations.reserveOnce (file:///Users/seunghanee/Documents/secumon/runtime/dist/application/computer-reconciliation.js:244:15)
        at async file:///Users/seunghanee/Documents/secumon/runtime/dist/application/computer-reconciliation.js:200:28
        at async ComputerReconciliations.single (file:///Users/seunghanee/Documents/secumon/runtime/dist/application/computer-reconciliation.js:60:20)
        at async waitForActual (node:assert:646:5)
        at async strict.rejects (node:assert:769:25)
        at async TestContext.<anonymous> (file:///Users/seunghanee/Documents/secumon/runtime/dist/tests/computer-reconciliation-edges.test.js:181:9)
        at async Test.run (node:internal/test_runner/test:1404:7)
        at async Test.processPendingSubtests (node:internal/test_runner/test:969:7),
    expected: /budget_grant_inactive/,
    operator: 'rejects',
    diff: 'simple'
  }

test at dist/tests/computer-reconciliation-edges.test.js:159:5
✖ file-journal: revoking a parent grant refunds an unused query and prevents a fresh lookup allowance (3270.45075ms)
  AssertionError [ERR_ASSERTION]: The input did not match the regular expression /budget_grant_inactive/. Input:
  
  'Error: budget_child_draining'
  
      at async TestContext.<anonymous> (file:///Users/seunghanee/Documents/secumon/runtime/dist/tests/computer-reconciliation-edges.test.js:181:9)
      at async Test.run (node:internal/test_runner/test:1404:7)
      at async Test.processPendingSubtests (node:internal/test_runner/test:969:7) {
    generatedMessage: true,
    code: 'ERR_ASSERTION',
    actual: Error: budget_child_draining
        at assertBudgetAuthority (file:///Users/seunghanee/Documents/secumon/runtime/dist/application/budget-delegation.js:83:15)
        at ComputerReconciliations.reserveOnce (file:///Users/seunghanee/Documents/secumon/runtime/dist/application/computer-reconciliation.js:244:15)
        at async file:///Users/seunghanee/Documents/secumon/runtime/dist/application/computer-reconciliation.js:200:28
        at async ComputerReconciliations.single (file:///Users/seunghanee/Documents/secumon/runtime/dist/application/computer-reconciliation.js:60:20)
        at async waitForActual (node:assert:646:5)
        at async strict.rejects (node:assert:769:25)
        at async TestContext.<anonymous> (file:///Users/seunghanee/Documents/secumon/runtime/dist/tests/computer-reconciliation-edges.test.js:181:9)
        at async Test.run (node:internal/test_runner/test:1404:7)
        at async Test.processPendingSubtests (node:internal/test_runner/test:969:7),
    expected: /budget_grant_inactive/,
    operator: 'rejects',
    diff: 'simple'
  }
