✔ reconciliation context sqlite: reserved metadata and original refs survive compaction and repository reopen (948.690041ms)
✔ reconciliation context sqlite: settled metadata and original refs survive compaction and repository reopen (903.100625ms)
✔ reconciliation context sqlite: missing proof rejects source reuse, compaction and restore (584.097958ms)
✔ reconciliation context sqlite: corrupt proof rejects source reuse, compaction and restore (625.751083ms)
✔ reconciliation context sqlite: proof loss during model_context staging is rejected before return (596.367209ms)
✔ reconciliation context sqlite: proof loss during runtime_resume staging is rejected before return (568.545542ms)
✔ reconciliation context sqlite: lifecycle and read permission changes hide the index without dropping the pending obligation (624.71575ms)
✔ reconciliation context sqlite: a runtime without an effect proof reader rejects settled metadata (600.174667ms)
✔ reconciliation context file-journal: reserved metadata and original refs survive compaction and repository reopen (1404.443833ms)
✔ reconciliation context file-journal: settled metadata and original refs survive compaction and repository reopen (2469.145333ms)
✔ reconciliation context file-journal: missing proof rejects source reuse, compaction and restore (1515.273209ms)
✔ reconciliation context file-journal: corrupt proof rejects source reuse, compaction and restore (1585.798875ms)
✔ reconciliation context file-journal: proof loss during model_context staging is rejected before return (1531.233458ms)
✔ reconciliation context file-journal: proof loss during runtime_resume staging is rejected before return (1043.80975ms)
✔ reconciliation context file-journal: lifecycle and read permission changes hide the index without dropping the pending obligation (966.6025ms)
✔ reconciliation context file-journal: a runtime without an effect proof reader rejects settled metadata (877.389834ms)
✔ computer reconciliation contract: optional index preserves legacy states and contexts without adding empty metadata (5.782792ms)
✔ computer reconciliation contract: metadata remains strict and bounded without accepting raw action or duplicate ids (20.428584ms)
✔ computer reconciliation contract: received and settled require different proof stages and a timed response (0.320625ms)
✔ computer reconciliation contract: lookup outcome does not erase an earlier applied prefix or invent a known absence (0.152625ms)
✔ computer reconciliation transition: intent identity and the first response, proof, and timestamps cannot be replaced (1.69975ms)
✔ computer reconciliation transition: new records cannot skip dispatch and existing records cannot disappear or restart (2.262125ms)
✔ computer reconciliation transition: known claims remain historical even when the proof is invalidated (1.20375ms)
✔ computer reconciliation transition: original task identity, result, and checkpoint remain fixed across late updates (1.405958ms)
✔ memory: reconciliation CAS retains original results, rejects rollback atomically, and preserves historical receipts (12.726041ms)
✔ sqlite: reconciliation CAS retains original results, rejects rollback atomically, and preserves historical receipts (23.996584ms)
✔ file-journal: reconciliation CAS retains original results, rejects rollback atomically, and preserves historical receipts (771.846459ms)
✔ sqlite: explicit reconciliation records a read response and separate effect proof without adopting or changing the original input (849.481042ms)
✔ sqlite: recorded not-applied receipts resolve only the unknown step and preserve a prior applied prefix (798.184ms)
✔ sqlite: a missing driver receipt remains unresolved and repeating the same request neither repeats input nor lookup (279.304708ms)
✔ sqlite: duplicate command and execution charge one lookup while changed payload conflicts (515.417084ms)
✔ sqlite: exhausted lookup budget refuses reservation without a driver call or a stored intent (404.605667ms)
✔ sqlite: receipt lookup requires current read authority but does not require permission to issue another input (474.571791ms)
✔ sqlite: an expired unused reconciliation reservation is released and the same request never dispatches later (409.5075ms)
✔ sqlite: loss of a settled proof reopens the effect obligation while preserving the old receipt, claim, and original head (540.919ms)
✔ file-journal: explicit reconciliation records a read response and separate effect proof without adopting or changing the original input (1732.897167ms)
✔ file-journal: recorded not-applied receipts resolve only the unknown step and preserve a prior applied prefix (2159.965083ms)
✔ file-journal: a missing driver receipt remains unresolved and repeating the same request neither repeats input nor lookup (662.358292ms)
✔ file-journal: duplicate command and execution charge one lookup while changed payload conflicts (1333.796875ms)
✔ file-journal: exhausted lookup budget refuses reservation without a driver call or a stored intent (796.540791ms)
✔ file-journal: receipt lookup requires current read authority but does not require permission to issue another input (1284.929708ms)
✔ file-journal: an expired unused reconciliation reservation is released and the same request never dispatches later (1112.233375ms)
✔ file-journal: loss of a settled proof reopens the effect obligation while preserving the old receipt, claim, and original head (1357.954458ms)
✔ effect proofs: a legacy work uses neither the optional checker nor any refresh mutation (19.691459ms)
✔ effect proofs: settled claims require a checker and checker failures stay unavailable (8.297083ms)
✔ effect proofs: missing checker reopens the original obligation and cancels ordinary reservations once without rewriting proof history (8.590584ms)
✔ effect proofs: expired reserved lookup releases only an undispatched reservation and preserves measured uncertainty (5.532959ms)
✔ effect proofs: expired running lookup releases only an undispatched reservation and preserves measured uncertainty (6.493ms)
✔ effect proofs: lifecycle deletion reopens a settled effect and quarantines all linked references without changing received facts or timestamps (6.014292ms)
✔ effect proofs: a committed tool dispatch with missing proof authority cannot silently bypass the broker (7.65075ms)
✔ effect proofs: a committed tool dispatch with invalid proof authority cannot silently bypass the broker (6.04125ms)
✔ effect proofs: a committed tool dispatch with valid proof authority cannot silently bypass the broker (5.150834ms)
✔ effect proofs: a reuse await that loses proof validity is checked before implementation entry (4.884083ms)
✔ effect proofs: invalid proof prevents new model reservation before compiling input (5.142958ms)
✔ effect proofs: losing proof during model input read prevents actual planner entry and still settles the dispatched call (8.468958ms)
✔ effect proofs: loss during adoption artifact checks rejects a stored model proposal while preserving usage (5.924042ms)
✔ effect proofs: a valid checker permits one model invocation and adoption with the historical proof unchanged (5.913875ms)
✔ effect proofs: proof loss during result body storage prevents response publication (4.647208ms)
✔ effect proofs: a same-revision snapshot suppresses an existing result when its proof becomes unavailable during the read (4.876417ms)
ℹ tests 59
ℹ suites 0
ℹ pass 59
ℹ fail 0
ℹ cancelled 0
ℹ skipped 0
ℹ todo 0
ℹ duration_ms 16945.128916
