✔ sqlite: lost receive ACK preserves the committed reconciliation response and settles without another lookup (1778.998458ms)
✔ sqlite: pause during an actual driver lookup fences its late receipt while retaining the read charge and effect obligation (1261.282ms)
✔ sqlite: goal during an actual driver lookup fences its late receipt while retaining the read charge and effect obligation (1324.17375ms)
✔ file-journal: lost receive ACK preserves the committed reconciliation response and settles without another lookup (7000.722709ms)
✔ file-journal: pause during an actual driver lookup fences its late receipt while retaining the read charge and effect obligation (4057.97375ms)
✔ file-journal: goal during an actual driver lookup fences its late receipt while retaining the read charge and effect obligation (3343.35775ms)
✔ reconciliation context sqlite: reserved metadata and original refs survive compaction and repository reopen (1997.974042ms)
✔ reconciliation context sqlite: settled metadata and original refs survive compaction and repository reopen (2129.547166ms)
✔ reconciliation context sqlite: missing proof rejects source reuse, compaction and restore (1612.33725ms)
✔ reconciliation context sqlite: corrupt proof rejects source reuse, compaction and restore (1541.783125ms)
✔ reconciliation context sqlite: proof loss during model_context staging is rejected before return (1367.683541ms)
✔ reconciliation context sqlite: proof loss during runtime_resume staging is rejected before return (1332.993792ms)
✔ reconciliation context sqlite: lifecycle and read permission changes hide the index without dropping the pending obligation (1384.182625ms)
✔ reconciliation context sqlite: a runtime without an effect proof reader rejects settled metadata (1141.905208ms)
✔ reconciliation context file-journal: reserved metadata and original refs survive compaction and repository reopen (4745.784833ms)
✔ reconciliation context file-journal: settled metadata and original refs survive compaction and repository reopen (7011.692875ms)
✔ reconciliation context file-journal: missing proof rejects source reuse, compaction and restore (3038.415334ms)
✔ reconciliation context file-journal: corrupt proof rejects source reuse, compaction and restore (2409.413042ms)
✔ reconciliation context file-journal: proof loss during model_context staging is rejected before return (1989.3705ms)
✔ reconciliation context file-journal: proof loss during runtime_resume staging is rejected before return (1810.869042ms)
✔ reconciliation context file-journal: lifecycle and read permission changes hide the index without dropping the pending obligation (1486.141625ms)
✔ reconciliation context file-journal: a runtime without an effect proof reader rejects settled metadata (1358.748834ms)
✔ computer reconciliation contract: optional index preserves legacy states and contexts without adding empty metadata (17.532125ms)
✔ computer reconciliation contract: metadata remains strict and bounded without accepting raw action or duplicate ids (25.352916ms)
✔ computer reconciliation contract: received and settled require different proof stages and a timed response (0.364791ms)
✔ computer reconciliation contract: lookup outcome does not erase an earlier applied prefix or invent a known absence (0.134625ms)
✔ computer reconciliation transition: intent identity and the first response, proof, and timestamps cannot be replaced (1.880417ms)
✔ computer reconciliation transition: new records cannot skip dispatch and existing records cannot disappear or restart (0.5765ms)
✔ computer reconciliation transition: known claims remain historical even when the proof is invalidated (2.585917ms)
✔ computer reconciliation transition: original task identity, result, and checkpoint remain fixed across late updates (0.9475ms)
✔ memory: reconciliation CAS retains original results, rejects rollback atomically, and preserves historical receipts (11.970417ms)
✔ sqlite: reconciliation CAS retains original results, rejects rollback atomically, and preserves historical receipts (42.86275ms)
✔ file-journal: reconciliation CAS retains original results, rejects rollback atomically, and preserves historical receipts (1111.479083ms)
✔ sqlite: receipt identity and driver mismatches cannot close an effect and retain the measured read (2672.214583ms)
✔ sqlite: a lease acquisition that ignores abort cannot hold cancellation or enter lookup later (1273.527625ms)
✔ sqlite: a reconciled expired input keeps its intent head and null result when the original runner returns late (966.93825ms)
✔ sqlite: revoking a parent grant refunds an unused query and prevents a fresh lookup allowance (1257.763542ms)
✔ file-journal: receipt identity and driver mismatches cannot close an effect and retain the measured read (9110.753167ms)
✔ file-journal: a lease acquisition that ignores abort cannot hold cancellation or enter lookup later (3022.946917ms)
✔ file-journal: a reconciled expired input keeps its intent head and null result when the original runner returns late (2077.708666ms)
✔ file-journal: revoking a parent grant refunds an unused query and prevents a fresh lookup allowance (3390.076167ms)
✔ reconciliation outbox sqlite: current proof permits one result send and delivery obligation settlement (2222.375167ms)
✔ reconciliation outbox sqlite: narrowed tool authority preserves proof validation while channel restrictions still apply (3633.563208ms)
✔ reconciliation outbox sqlite: proof loss at the same revision prevents any result transport (1549.319875ms)
✔ reconciliation outbox sqlite: proof loss defers lookup of an already sent uncertain result (1502.398792ms)
✔ reconciliation outbox sqlite: proof loss after the send claim is checked before entering the sink (1384.940833ms)
✔ reconciliation outbox sqlite: proof loss in the pre-lookup artifact await prevents receipt lookup (1436.128458ms)
✔ reconciliation outbox sqlite: proof loss during send keeps the delivery unadopted without resending (1158.70075ms)
✔ reconciliation outbox sqlite: proof loss during receipt lookup cannot close the delivery obligation (1138.177083ms)
✔ reconciliation outbox sqlite: the commit guard rechecks proof after awaited artifact validation (1070.64325ms)
✔ reconciliation outbox file-journal: current proof permits one result send and delivery obligation settlement (5305.111584ms)
✔ reconciliation outbox file-journal: narrowed tool authority preserves proof validation while channel restrictions still apply (7487.377042ms)
✔ reconciliation outbox file-journal: proof loss at the same revision prevents any result transport (2200.279625ms)
✔ reconciliation outbox file-journal: proof loss defers lookup of an already sent uncertain result (2713.526417ms)
✔ reconciliation outbox file-journal: proof loss after the send claim is checked before entering the sink (1769.137208ms)
✔ reconciliation outbox file-journal: proof loss in the pre-lookup artifact await prevents receipt lookup (1788.599208ms)
✔ reconciliation outbox file-journal: proof loss during send keeps the delivery unadopted without resending (1063.938209ms)
✔ reconciliation outbox file-journal: proof loss during receipt lookup cannot close the delivery obligation (1119.771125ms)
✔ reconciliation outbox file-journal: the commit guard rechecks proof after awaited artifact validation (1096.789125ms)
✔ sqlite: reserve command receipt is required to authenticate an otherwise intact reconciliation proof (1814.281292ms)
✔ sqlite: dispatch command receipt is required to authenticate an otherwise intact reconciliation proof (1490.224917ms)
✔ sqlite: receive command receipt is required to authenticate an otherwise intact reconciliation proof (1486.606166ms)
✔ sqlite: settle command receipt is required to authenticate an otherwise intact reconciliation proof (1496.719375ms)
✔ sqlite: concurrent identical reserve, execute, and settle calls retain one intent, one lookup charge, and one proof (1420.32ms)
✔ file-journal: reserve command receipt is required to authenticate an otherwise intact reconciliation proof (6232.812625ms)
✔ file-journal: dispatch command receipt is required to authenticate an otherwise intact reconciliation proof (4679.92725ms)
✔ file-journal: receive command receipt is required to authenticate an otherwise intact reconciliation proof (3434.161292ms)
✔ file-journal: settle command receipt is required to authenticate an otherwise intact reconciliation proof (3077.864958ms)
✔ file-journal: concurrent identical reserve, execute, and settle calls retain one intent, one lookup charge, and one proof (2326.823417ms)
✔ sqlite: SIGKILL after reconciliation reservation preserves its owner and refunds only on expiry before an explicit new command (2277.722083ms)
✔ sqlite: SIGKILL during dispatched lookup retains unknown usage and never reissues that command across expiry (1975.535458ms)
✔ sqlite: SIGKILL after received reconciliation settles the stored timely response after lease expiry with no new lookup or input (1821.81925ms)
✔ sqlite: SIGKILL after settlement reopens a current separate proof and duplicate commands remain read-only (1736.922792ms)
✔ file-journal: SIGKILL after reconciliation reservation preserves its owner and refunds only on expiry before an explicit new command (6818.732083ms)
✔ file-journal: SIGKILL during dispatched lookup retains unknown usage and never reissues that command across expiry (5182.294916ms)
✔ file-journal: SIGKILL after received reconciliation settles the stored timely response after lease expiry with no new lookup or input (3754.884834ms)
✔ file-journal: SIGKILL after settlement reopens a current separate proof and duplicate commands remain read-only (3210.859084ms)
✔ sqlite: screen result depends on the live reconciliation proof even when the state revision and previous cursor are unchanged (2098.154333ms)
✔ sqlite: proof loss during diagnostics projection withholds an already prepared result before returning a cursor (1748.367958ms)
✔ sqlite: a reader without the effect verifier cannot treat stored settled metadata as current proof (1678.249833ms)
✔ file-journal: screen result depends on the live reconciliation proof even when the state revision and previous cursor are unchanged (9430.976875ms)
✔ file-journal: proof loss during diagnostics projection withholds an already prepared result before returning a cursor (5021.920791ms)
✔ file-journal: a reader without the effect verifier cannot treat stored settled metadata as current proof (3908.416042ms)
✔ sqlite: explicit reconciliation records a read response and separate effect proof without adopting or changing the original input (1780.793333ms)
✔ sqlite: recorded not-applied receipts resolve only the unknown step and preserve a prior applied prefix (2495.356792ms)
✔ sqlite: a missing driver receipt remains unresolved and repeating the same request neither repeats input nor lookup (1117.670291ms)
✔ sqlite: duplicate command and execution charge one lookup while changed payload conflicts (1442.827667ms)
✔ sqlite: exhausted lookup budget refuses reservation without a driver call or a stored intent (1114.195833ms)
✔ sqlite: receipt lookup requires current read authority but does not require permission to issue another input (1139.259333ms)
✔ sqlite: an expired unused reconciliation reservation is released and the same request never dispatches later (1067.781958ms)
✔ sqlite: loss of a settled proof reopens the effect obligation while preserving the old receipt, claim, and original head (1283.541833ms)
✔ file-journal: explicit reconciliation records a read response and separate effect proof without adopting or changing the original input (5059.267542ms)
✔ file-journal: recorded not-applied receipts resolve only the unknown step and preserve a prior applied prefix (5743.98675ms)
✔ file-journal: a missing driver receipt remains unresolved and repeating the same request neither repeats input nor lookup (2110.955625ms)
✔ file-journal: duplicate command and execution charge one lookup while changed payload conflicts (2719.212875ms)
✔ file-journal: exhausted lookup budget refuses reservation without a driver call or a stored intent (1344.268125ms)
✔ file-journal: receipt lookup requires current read authority but does not require permission to issue another input (1614.3935ms)
✔ file-journal: an expired unused reconciliation reservation is released and the same request never dispatches later (1411.400042ms)
✔ file-journal: loss of a settled proof reopens the effect obligation while preserving the old receipt, claim, and original head (1774.775917ms)
✔ effect proofs: a legacy work uses neither the optional checker nor any refresh mutation (18.993416ms)
✔ effect proofs: settled claims require a checker and checker failures stay unavailable (11.205ms)
✔ effect proofs: missing checker reopens the original obligation and cancels ordinary reservations once without rewriting proof history (6.763041ms)
✔ effect proofs: expired reserved lookup releases only an undispatched reservation and preserves measured uncertainty (5.579916ms)
✔ effect proofs: expired running lookup releases only an undispatched reservation and preserves measured uncertainty (5.26725ms)
✔ effect proofs: lifecycle deletion reopens a settled effect and quarantines all linked references without changing received facts or timestamps (7.593333ms)
✔ effect proofs: a committed tool dispatch with missing proof authority cannot silently bypass the broker (8.161583ms)
✔ effect proofs: a committed tool dispatch with invalid proof authority cannot silently bypass the broker (10.67825ms)
✔ effect proofs: a committed tool dispatch with valid proof authority cannot silently bypass the broker (6.830541ms)
✔ effect proofs: a reuse await that loses proof validity is checked before implementation entry (5.5885ms)
✔ effect proofs: invalid proof prevents new model reservation before compiling input (5.023458ms)
✔ effect proofs: losing proof during model input read prevents actual planner entry and still settles the dispatched call (11.72825ms)
✔ effect proofs: loss during adoption artifact checks rejects a stored model proposal while preserving usage (6.677666ms)
✔ effect proofs: a valid checker permits one model invocation and adoption with the historical proof unchanged (6.355459ms)
✔ effect proofs: proof loss during result body storage prevents response publication (5.742083ms)
✔ effect proofs: a same-revision snapshot suppresses an existing result when its proof becomes unavailable during the read (5.306833ms)
ℹ tests 115
ℹ suites 0
ℹ pass 115
ℹ fail 0
ℹ cancelled 0
ℹ skipped 0
ℹ todo 0
ℹ duration_ms 39811.744125
