✔ sqlite: lost receive ACK preserves the committed reconciliation response and settles without another lookup (1471.485875ms)
✔ sqlite: pause during an actual driver lookup fences its late receipt while retaining the read charge and effect obligation (944.006834ms)
✔ sqlite: goal during an actual driver lookup fences its late receipt while retaining the read charge and effect obligation (988.815666ms)
✔ file-journal: lost receive ACK preserves the committed reconciliation response and settles without another lookup (6594.50675ms)
✔ file-journal: pause during an actual driver lookup fences its late receipt while retaining the read charge and effect obligation (3234.7235ms)
✔ file-journal: goal during an actual driver lookup fences its late receipt while retaining the read charge and effect obligation (2859.187292ms)
✔ reconciliation context sqlite: reserved metadata and original refs survive compaction and repository reopen (1766.076917ms)
✔ reconciliation context sqlite: settled metadata and original refs survive compaction and repository reopen (1984.955292ms)
✔ reconciliation context sqlite: missing proof rejects source reuse, compaction and restore (1318.9065ms)
✔ reconciliation context sqlite: corrupt proof rejects source reuse, compaction and restore (1260.182792ms)
✔ reconciliation context sqlite: proof loss during model_context staging is rejected before return (1160.956417ms)
✔ reconciliation context sqlite: proof loss during runtime_resume staging is rejected before return (1106.457958ms)
✔ reconciliation context sqlite: lifecycle and read permission changes hide the index without dropping the pending obligation (1114.263459ms)
✔ reconciliation context sqlite: a runtime without an effect proof reader rejects settled metadata (1050.704209ms)
✔ reconciliation context file-journal: reserved metadata and original refs survive compaction and repository reopen (3753.981708ms)
✔ reconciliation context file-journal: settled metadata and original refs survive compaction and repository reopen (5747.216708ms)
✔ reconciliation context file-journal: missing proof rejects source reuse, compaction and restore (2629.425333ms)
✔ reconciliation context file-journal: corrupt proof rejects source reuse, compaction and restore (2370.997083ms)
✔ reconciliation context file-journal: proof loss during model_context staging is rejected before return (2169.65325ms)
✔ reconciliation context file-journal: proof loss during runtime_resume staging is rejected before return (1542.959167ms)
✔ reconciliation context file-journal: lifecycle and read permission changes hide the index without dropping the pending obligation (1513.70975ms)
✔ reconciliation context file-journal: a runtime without an effect proof reader rejects settled metadata (1344.702042ms)
✔ computer reconciliation contract: optional index preserves legacy states and contexts without adding empty metadata (14.784708ms)
✔ computer reconciliation contract: metadata remains strict and bounded without accepting raw action or duplicate ids (42.322959ms)
✔ computer reconciliation contract: received and settled require different proof stages and a timed response (0.400875ms)
✔ computer reconciliation contract: lookup outcome does not erase an earlier applied prefix or invent a known absence (0.238ms)
✔ computer reconciliation transition: intent identity and the first response, proof, and timestamps cannot be replaced (4.547833ms)
✔ computer reconciliation transition: new records cannot skip dispatch and existing records cannot disappear or restart (0.568625ms)
✔ computer reconciliation transition: known claims remain historical even when the proof is invalidated (7.8995ms)
✔ computer reconciliation transition: original task identity, result, and checkpoint remain fixed across late updates (1.209792ms)
✔ memory: reconciliation CAS retains original results, rejects rollback atomically, and preserves historical receipts (18.1945ms)
✔ sqlite: reconciliation CAS retains original results, rejects rollback atomically, and preserves historical receipts (25.100041ms)
✔ file-journal: reconciliation CAS retains original results, rejects rollback atomically, and preserves historical receipts (1111.911208ms)
✔ reconciliation outbox sqlite: current proof permits one result send and delivery obligation settlement (1844.600042ms)
✔ reconciliation outbox sqlite: narrowed tool authority preserves proof validation while channel restrictions still apply (2794.082916ms)
✔ reconciliation outbox sqlite: proof loss at the same revision prevents any result transport (1288.694083ms)
✔ reconciliation outbox sqlite: proof loss defers lookup of an already sent uncertain result (1292.927333ms)
✔ reconciliation outbox sqlite: proof loss after the send claim is checked before entering the sink (1214.878458ms)
✔ reconciliation outbox sqlite: proof loss in the pre-lookup artifact await prevents receipt lookup (1192.156375ms)
✔ reconciliation outbox sqlite: proof loss during send keeps the delivery unadopted without resending (1057.572584ms)
✔ reconciliation outbox sqlite: proof loss during receipt lookup cannot close the delivery obligation (1047.329292ms)
✔ reconciliation outbox sqlite: the commit guard rechecks proof after awaited artifact validation (985.69025ms)
✔ reconciliation outbox file-journal: current proof permits one result send and delivery obligation settlement (4272.032333ms)
✔ reconciliation outbox file-journal: narrowed tool authority preserves proof validation while channel restrictions still apply (6178.960667ms)
✔ reconciliation outbox file-journal: proof loss at the same revision prevents any result transport (2263.828792ms)
✔ reconciliation outbox file-journal: proof loss defers lookup of an already sent uncertain result (2666.035875ms)
✔ reconciliation outbox file-journal: proof loss after the send claim is checked before entering the sink (1736.833375ms)
✔ reconciliation outbox file-journal: proof loss in the pre-lookup artifact await prevents receipt lookup (1755.515959ms)
✔ reconciliation outbox file-journal: proof loss during send keeps the delivery unadopted without resending (1108.943ms)
✔ reconciliation outbox file-journal: proof loss during receipt lookup cannot close the delivery obligation (1200.193584ms)
✔ reconciliation outbox file-journal: the commit guard rechecks proof after awaited artifact validation (1069.336ms)
✔ sqlite: SIGKILL after reconciliation reservation preserves its owner and refunds only on expiry before an explicit new command (1802.566166ms)
✔ sqlite: SIGKILL during dispatched lookup retains unknown usage and never reissues that command across expiry (1600.670625ms)
✔ sqlite: SIGKILL after received reconciliation settles the stored timely response after lease expiry with no new lookup or input (1427.062541ms)
✔ sqlite: SIGKILL after settlement reopens a current separate proof and duplicate commands remain read-only (1328.844541ms)
✔ file-journal: SIGKILL after reconciliation reservation preserves its owner and refunds only on expiry before an explicit new command (6326.747959ms)
✔ file-journal: SIGKILL during dispatched lookup retains unknown usage and never reissues that command across expiry (4392.91525ms)
✔ file-journal: SIGKILL after received reconciliation settles the stored timely response after lease expiry with no new lookup or input (2759.933167ms)
✔ file-journal: SIGKILL after settlement reopens a current separate proof and duplicate commands remain read-only (2907.828ms)
✔ sqlite: screen result depends on the live reconciliation proof even when the state revision and previous cursor are unchanged (1823.225459ms)
✔ sqlite: proof loss during diagnostics projection withholds an already prepared result before returning a cursor (1452.109916ms)
✔ sqlite: a reader without the effect verifier cannot treat stored settled metadata as current proof (1149.1625ms)
✔ file-journal: screen result depends on the live reconciliation proof even when the state revision and previous cursor are unchanged (8612.116542ms)
✔ file-journal: proof loss during diagnostics projection withholds an already prepared result before returning a cursor (4159.0185ms)
✔ file-journal: a reader without the effect verifier cannot treat stored settled metadata as current proof (2846.602625ms)
✔ sqlite: explicit reconciliation records a read response and separate effect proof without adopting or changing the original input (1511.255ms)
✔ sqlite: recorded not-applied receipts resolve only the unknown step and preserve a prior applied prefix (1908.602833ms)
✔ sqlite: a missing driver receipt remains unresolved and repeating the same request neither repeats input nor lookup (768.223875ms)
✔ sqlite: duplicate command and execution charge one lookup while changed payload conflicts (1189.03025ms)
✔ sqlite: exhausted lookup budget refuses reservation without a driver call or a stored intent (871.059875ms)
✔ sqlite: receipt lookup requires current read authority but does not require permission to issue another input (1067.806083ms)
✔ sqlite: an expired unused reconciliation reservation is released and the same request never dispatches later (896.814833ms)
✔ sqlite: loss of a settled proof reopens the effect obligation while preserving the old receipt, claim, and original head (1050.107208ms)
✔ file-journal: explicit reconciliation records a read response and separate effect proof without adopting or changing the original input (4357.92725ms)
✔ file-journal: recorded not-applied receipts resolve only the unknown step and preserve a prior applied prefix (4794.381708ms)
✔ file-journal: a missing driver receipt remains unresolved and repeating the same request neither repeats input nor lookup (1378.241584ms)
✔ file-journal: duplicate command and execution charge one lookup while changed payload conflicts (2442.781959ms)
✔ file-journal: exhausted lookup budget refuses reservation without a driver call or a stored intent (1142.398834ms)
✔ file-journal: receipt lookup requires current read authority but does not require permission to issue another input (1678.520042ms)
✔ file-journal: an expired unused reconciliation reservation is released and the same request never dispatches later (1537.221458ms)
✔ file-journal: loss of a settled proof reopens the effect obligation while preserving the old receipt, claim, and original head (1609.970375ms)
✔ effect proofs: a legacy work uses neither the optional checker nor any refresh mutation (77.280583ms)
✔ effect proofs: settled claims require a checker and checker failures stay unavailable (26.680458ms)
✔ effect proofs: missing checker reopens the original obligation and cancels ordinary reservations once without rewriting proof history (12.414875ms)
✔ effect proofs: expired reserved lookup releases only an undispatched reservation and preserves measured uncertainty (7.129125ms)
✔ effect proofs: expired running lookup releases only an undispatched reservation and preserves measured uncertainty (6.479292ms)
✔ effect proofs: lifecycle deletion reopens a settled effect and quarantines all linked references without changing received facts or timestamps (9.0375ms)
✔ effect proofs: a committed tool dispatch with missing proof authority cannot silently bypass the broker (9.341625ms)
✔ effect proofs: a committed tool dispatch with invalid proof authority cannot silently bypass the broker (8.181875ms)
✔ effect proofs: a committed tool dispatch with valid proof authority cannot silently bypass the broker (6.008875ms)
✔ effect proofs: a reuse await that loses proof validity is checked before implementation entry (5.193542ms)
✔ effect proofs: invalid proof prevents new model reservation before compiling input (4.532958ms)
✔ effect proofs: losing proof during model input read prevents actual planner entry and still settles the dispatched call (10.885125ms)
✔ effect proofs: loss during adoption artifact checks rejects a stored model proposal while preserving usage (6.49475ms)
✔ effect proofs: a valid checker permits one model invocation and adoption with the historical proof unchanged (7.196417ms)
✔ effect proofs: proof loss during result body storage prevents response publication (6.354041ms)
✔ effect proofs: a same-revision snapshot suppresses an existing result when its proof becomes unavailable during the read (5.845667ms)
ℹ tests 97
ℹ suites 0
ℹ pass 97
ℹ fail 0
ℹ cancelled 0
ℹ skipped 0
ℹ todo 0
ℹ duration_ms 35132.572167
