
> long-horizon-runtime@0.1.0 typecheck
> tsc -p tsconfig.json --noEmit

src/application/computer-reconciliation.ts(22,105): error TS6133: 'ComputerReconciliationResponse' is declared but its value is never read.
src/application/computer-reconciliation.ts(26,7): error TS6133: 'zero' is declared but its value is never read.
src/application/computer-reconciliation.ts(38,22): error TS18048: 'act' is possibly 'undefined'.
src/application/computer-reconciliation.ts(40,42): error TS2322: Type 'RegisteredTool | undefined' is not assignable to type 'RegisteredTool'.
  Type 'undefined' is not assignable to type 'RegisteredTool'.
src/application/computer-reconciliation.ts(40,47): error TS2322: Type 'RegisteredTool | undefined' is not assignable to type 'RegisteredTool'.
  Type 'undefined' is not assignable to type 'RegisteredTool'.
src/application/computer-reconciliation.ts(51,41): error TS18048: 'attempt' is possibly 'undefined'.
src/application/computer-reconciliation.ts(51,59): error TS18048: 'attempt' is possibly 'undefined'.
src/application/computer-reconciliation.ts(52,61): error TS18048: 'attempt' is possibly 'undefined'.
src/application/computer-reconciliation.ts(52,77): error TS18048: 'attempt' is possibly 'undefined'.
src/application/computer-reconciliation.ts(54,7): error TS18048: 'attempt' is possibly 'undefined'.
src/application/computer-reconciliation.ts(55,22): error TS18048: 'entry' is possibly 'undefined'.
src/application/computer-reconciliation.ts(56,39): error TS18048: 'entry' is possibly 'undefined'.
src/application/computer-reconciliation.ts(57,5): error TS2322: Type 'Selected | undefined' is not assignable to type 'Selected'.
  Type 'undefined' is not assignable to type 'Selected'.
src/application/computer-reconciliation.ts(95,86): error TS2345: Argument of type 'WorkState | null' is not assignable to parameter of type 'WorkState'.
  Type 'null' is not assignable to type 'WorkState'.
src/application/computer-reconciliation.ts(96,84): error TS18047: 'raw' is possibly 'null'.
src/application/computer-reconciliation.ts(97,64): error TS18047: 'raw' is possibly 'null'.
src/application/computer-reconciliation.ts(98,33): error TS18047: 'raw' is possibly 'null'.
src/application/computer-reconciliation.ts(98,90): error TS18047: 'raw' is possibly 'null'.
src/application/computer-reconciliation.ts(98,142): error TS2345: Argument of type 'WorkState | null' is not assignable to parameter of type 'WorkState'.
  Type 'null' is not assignable to type 'WorkState'.
src/application/computer-reconciliation.ts(102,48): error TS2345: Argument of type 'WorkState | null' is not assignable to parameter of type 'WorkState'.
  Type 'null' is not assignable to type 'WorkState'.
src/application/computer-reconciliation.ts(104,9): error TS18047: 'latest.raw' is possibly 'null'.
src/application/computer-reconciliation.ts(104,33): error TS18047: 'raw' is possibly 'null'.
src/application/computer-reconciliation.ts(109,5): error TS2375: Type '{ tenantId: string; principalId: string; allowedLabels?: string[] | undefined; allowedTools?: string[] | undefined; allowedDestinations?: string[] | undefined; allowWrites?: boolean | undefined; }' is not assignable to type 'WorkActor' with 'exactOptionalPropertyTypes: true'. Consider adding 'undefined' to the types of the target's properties.
  Type '{ tenantId: string; principalId: string; allowedLabels?: string[] | undefined; allowedTools?: string[] | undefined; allowedDestinations?: string[] | undefined; allowWrites?: boolean | undefined; }' is not assignable to type 'Partial<Pick<Policy, "allowedLabels" | "allowedTools" | "allowedDestinations" | "allowWrites">>' with 'exactOptionalPropertyTypes: true'. Consider adding 'undefined' to the types of the target's properties.
    Types of property 'allowedLabels' are incompatible.
      Type 'string[] | undefined' is not assignable to type 'string[]'.
        Type 'undefined' is not assignable to type 'string[]'.
src/application/computer-reconciliation.ts(109,134): error TS2345: Argument of type 'WorkState | null' is not assignable to parameter of type 'WorkState'.
  Type 'null' is not assignable to type 'WorkState'.
src/application/computer-reconciliation.ts(111,65): error TS2531: Object is possibly 'null'.
src/application/computer-reconciliation.ts(111,115): error TS18047: 'raw' is possibly 'null'.
src/application/computer-reconciliation.ts(116,5): error TS2375: Type '{ tenantId: string; principalId: string; allowedLabels?: string[] | undefined; allowedTools?: string[] | undefined; allowedDestinations?: string[] | undefined; allowWrites?: boolean | undefined; }' is not assignable to type 'WorkActor' with 'exactOptionalPropertyTypes: true'. Consider adding 'undefined' to the types of the target's properties.
  Type '{ tenantId: string; principalId: string; allowedLabels?: string[] | undefined; allowedTools?: string[] | undefined; allowedDestinations?: string[] | undefined; allowWrites?: boolean | undefined; }' is not assignable to type 'Partial<Pick<Policy, "allowedLabels" | "allowedTools" | "allowedDestinations" | "allowWrites">>' with 'exactOptionalPropertyTypes: true'. Consider adding 'undefined' to the types of the target's properties.
    Types of property 'allowedLabels' are incompatible.
      Type 'string[] | undefined' is not assignable to type 'string[]'.
        Type 'undefined' is not assignable to type 'string[]'.
src/application/computer-reconciliation.ts(119,22): error TS18047: 'raw' is possibly 'null'.
src/application/computer-reconciliation.ts(126,65): error TS18047: 'raw' is possibly 'null'.
src/application/computer-reconciliation.ts(126,109): error TS18047: 'raw' is possibly 'null'.
src/application/computer-reconciliation.ts(127,20): error TS18047: 'raw' is possibly 'null'.
src/application/computer-reconciliation.ts(129,8): error TS18047: 'raw' is possibly 'null'.
src/application/computer-reconciliation.ts(130,7): error TS18047: 'raw' is possibly 'null'.
src/application/computer-reconciliation.ts(131,7): error TS18047: 'raw' is possibly 'null'.
src/application/computer-reconciliation.ts(132,7): error TS18047: 'raw' is possibly 'null'.
src/application/computer-reconciliation.ts(133,10): error TS18047: 'raw' is possibly 'null'.
src/application/computer-reconciliation.ts(134,42): error TS18048: 'source' is possibly 'undefined'.
src/application/computer-reconciliation.ts(135,65): error TS18048: 'source' is possibly 'undefined'.
src/application/computer-reconciliation.ts(138,44): error TS2345: Argument of type 'WorkState | null' is not assignable to parameter of type 'ControlledWork'.
  Type 'null' is not assignable to type 'ControlledWork'.
    Type 'null' is not assignable to type 'WorkState'.
src/application/computer-reconciliation.ts(139,9): error TS18047: 'raw' is possibly 'null'.
src/application/computer-reconciliation.ts(139,37): error TS18047: 'raw' is possibly 'null'.
src/application/computer-reconciliation.ts(140,48): error TS2345: Argument of type 'WorkState | null' is not assignable to parameter of type 'WorkState'.
  Type 'null' is not assignable to type 'WorkState'.
src/application/computer-reconciliation.ts(141,70): error TS18047: 'raw' is possibly 'null'.
src/application/computer-reconciliation.ts(143,24): error TS18048: 'source' is possibly 'undefined'.
src/application/computer-reconciliation.ts(143,81): error TS18048: 'source' is possibly 'undefined'.
src/application/computer-reconciliation.ts(144,58): error TS18048: 'source' is possibly 'undefined'.
src/application/computer-reconciliation.ts(144,95): error TS18047: 'raw' is possibly 'null'.
src/application/computer-reconciliation.ts(144,140): error TS18047: 'raw' is possibly 'null'.
src/application/computer-reconciliation.ts(145,34): error TS2345: Argument of type 'WorkState | null' is not assignable to parameter of type 'WorkState'.
  Type 'null' is not assignable to type 'WorkState'.
src/application/computer-reconciliation.ts(147,78): error TS18048: 'source' is possibly 'undefined'.
src/application/computer-reconciliation.ts(147,113): error TS18048: 'source' is possibly 'undefined'.
src/application/computer-reconciliation.ts(148,29): error TS18048: 'source' is possibly 'undefined'.
src/application/computer-reconciliation.ts(149,49): error TS18047: 'raw' is possibly 'null'.
src/application/computer-reconciliation.ts(149,94): error TS18047: 'raw' is possibly 'null'.
src/application/computer-reconciliation.ts(149,134): error TS2345: Argument of type 'WorkState | null' is not assignable to parameter of type 'WorkState'.
  Type 'null' is not assignable to type 'WorkState'.
src/application/computer-reconciliation.ts(150,23): error TS18048: 'source' is possibly 'undefined'.
src/application/computer-reconciliation.ts(154,31): error TS18047: 'raw' is possibly 'null'.
src/application/computer-reconciliation.ts(158,13): error TS18047: 'current.raw' is possibly 'null'.
src/application/computer-reconciliation.ts(158,38): error TS18047: 'raw' is possibly 'null'.
src/application/computer-reconciliation.ts(159,37): error TS18048: 'source' is possibly 'undefined'.
src/application/computer-reconciliation.ts(159,92): error TS2345: Argument of type 'WorkState | null' is not assignable to parameter of type 'WorkState'.
  Type 'null' is not assignable to type 'WorkState'.
src/application/computer-reconciliation.ts(174,5): error TS2375: Type '{ tenantId: string; principalId: string; allowedLabels?: string[] | undefined; allowedTools?: string[] | undefined; allowedDestinations?: string[] | undefined; allowWrites?: boolean | undefined; }' is not assignable to type 'WorkActor' with 'exactOptionalPropertyTypes: true'. Consider adding 'undefined' to the types of the target's properties.
  Type '{ tenantId: string; principalId: string; allowedLabels?: string[] | undefined; allowedTools?: string[] | undefined; allowedDestinations?: string[] | undefined; allowWrites?: boolean | undefined; }' is not assignable to type 'Partial<Pick<Policy, "allowedLabels" | "allowedTools" | "allowedDestinations" | "allowWrites">>' with 'exactOptionalPropertyTypes: true'. Consider adding 'undefined' to the types of the target's properties.
    Types of property 'allowedLabels' are incompatible.
      Type 'string[] | undefined' is not assignable to type 'string[]'.
        Type 'undefined' is not assignable to type 'string[]'.
src/application/computer-reconciliation.ts(180,82): error TS2345: Argument of type 'WorkState | null' is not assignable to parameter of type 'WorkState'.
  Type 'null' is not assignable to type 'WorkState'.
src/application/computer-reconciliation.ts(188,130): error TS2345: Argument of type '{ id: string; requestArtifact: ArtifactRef; }' is not assignable to parameter of type 'Json'.
  Types of property 'requestArtifact' are incompatible.
    Type 'ArtifactRef' is not assignable to type 'Json | undefined'.
      Type 'ArtifactRef' is not assignable to type '{ [key: string]: Json; }'.
        Index signature for type 'string' is missing in type 'ArtifactRef'.
src/application/computer-reconciliation.ts(189,32): error TS18047: 'initial' is possibly 'null'.
src/application/computer-reconciliation.ts(217,132): error TS2345: Argument of type '{ id: string; responseArtifact: ArtifactRef; }' is not assignable to parameter of type 'Json'.
  Types of property 'responseArtifact' are incompatible.
    Type 'ArtifactRef' is not assignable to type 'Json | undefined'.
      Type 'ArtifactRef' is not assignable to type '{ [key: string]: Json; }'.
        Index signature for type 'string' is missing in type 'ArtifactRef'.
src/application/computer-reconciliation.ts(218,98): error TS18047: 'basis.raw' is possibly 'null'.
src/application/computer-reconciliation.ts(231,45): error TS2345: Argument of type 'ArtifactRef | null' is not assignable to parameter of type 'ArtifactRef'.
  Type 'null' is not assignable to type 'ArtifactRef'.
src/application/computer-reconciliation.ts(232,9): error TS18046: 'response' is of type 'unknown'.
src/application/computer-reconciliation.ts(232,41): error TS18046: 'response' is of type 'unknown'.
src/application/computer-reconciliation.ts(232,95): error TS18046: 'response' is of type 'unknown'.
src/application/computer-reconciliation.ts(233,7): error TS18046: 'response' is of type 'unknown'.
src/application/computer-reconciliation.ts(233,45): error TS18046: 'response' is of type 'unknown'.
src/application/computer-reconciliation.ts(233,87): error TS18046: 'response' is of type 'unknown'.
src/application/computer-reconciliation.ts(234,7): error TS18046: 'response' is of type 'unknown'.
src/application/computer-reconciliation.ts(234,55): error TS18046: 'response' is of type 'unknown'.
src/application/computer-reconciliation.ts(234,101): error TS18046: 'response' is of type 'unknown'.
src/application/computer-reconciliation.ts(234,124): error TS18047: 'record.dispatchedAt' is possibly 'null'.
src/application/computer-reconciliation.ts(235,7): error TS18046: 'response' is of type 'unknown'.
src/application/computer-reconciliation.ts(235,59): error TS18046: 'response' is of type 'unknown'.
src/application/computer-reconciliation.ts(235,142): error TS18046: 'response' is of type 'unknown'.
src/application/computer-reconciliation.ts(236,9): error TS18046: 'response' is of type 'unknown'.
src/application/computer-reconciliation.ts(237,21): error TS18046: 'response' is of type 'unknown'.
src/application/computer-reconciliation.ts(239,27): error TS18046: 'response' is of type 'unknown'.
src/application/computer-reconciliation.ts(247,5): error TS2375: Type '{ tenantId: string; principalId: string; allowedLabels?: string[] | undefined; allowedTools?: string[] | undefined; allowedDestinations?: string[] | undefined; allowWrites?: boolean | undefined; }' is not assignable to type 'WorkActor' with 'exactOptionalPropertyTypes: true'. Consider adding 'undefined' to the types of the target's properties.
  Type '{ tenantId: string; principalId: string; allowedLabels?: string[] | undefined; allowedTools?: string[] | undefined; allowedDestinations?: string[] | undefined; allowWrites?: boolean | undefined; }' is not assignable to type 'Partial<Pick<Policy, "allowedLabels" | "allowedTools" | "allowedDestinations" | "allowWrites">>' with 'exactOptionalPropertyTypes: true'. Consider adding 'undefined' to the types of the target's properties.
    Types of property 'allowedLabels' are incompatible.
      Type 'string[] | undefined' is not assignable to type 'string[]'.
        Type 'undefined' is not assignable to type 'string[]'.
src/application/computer-reconciliation.ts(252,121): error TS2345: Argument of type '{ id: string; proofArtifact: ArtifactRef; }' is not assignable to parameter of type 'Json'.
  Types of property 'proofArtifact' are incompatible.
    Type 'ArtifactRef' is not assignable to type 'Json | undefined'.
      Type 'ArtifactRef' is not assignable to type '{ [key: string]: Json; }'.
        Index signature for type 'string' is missing in type 'ArtifactRef'.
src/application/computer-reconciliation.ts(253,32): error TS18047: 'raw' is possibly 'null'.
src/application/computer-reconciliation.ts(257,78): error TS18048: 'obligation' is possibly 'undefined'.
src/application/computer-reconciliation.ts(285,42): error TS2345: Argument of type 'WorkState | null' is not assignable to parameter of type 'WorkState'.
  Type 'null' is not assignable to type 'WorkState'.
src/application/computer-reconciliation.ts(286,22): error TS18047: 'state' is possibly 'null'.
src/application/computer-reconciliation.ts(287,38): error TS2322: Type 'WorkState | null' is not assignable to type 'WorkState'.
  Type 'null' is not assignable to type 'WorkState'.
src/application/computer-reconciliation.ts(288,79): error TS18047: 'state' is possibly 'null'.
src/application/computer-reconciliation.ts(289,19): error TS18047: 'state' is possibly 'null'.
src/application/computer-reconciliation.ts(290,31): error TS18047: 'state' is possibly 'null'.
