✔ web session is one-time, per-instance, HttpOnly; reload and static reads never execute (38.914875ms)
✔ web Host, Origin, Fetch Metadata, CSRF and strict JSON reject before controller entry (12.3675ms)
✔ web exact assets, methods and cursor options do not expose files or internal errors (12.622209ms)
✔ web session expiry during body blocks mutation entry, logout blocks late view payload (26.756125ms)
✔ web bootstrap expires and authenticated request rate has a finite window (394.1625ms)
✔ web SSE emits projection changes at same revision, reconnect is readonly, denial closes (3051.115416ms)
✔ web SSE session revocation, stream cap and lifetime release resources (45.405208ms)
✖ closed SSE keeps physical read slots until completion; reconnect cannot create unbounded reads (392.343208ms)
✔ web pending run permits independent cancel and disconnect does not call cancel (22.393709ms)
ℹ tests 9
ℹ suites 0
ℹ pass 8
ℹ fail 1
ℹ cancelled 0
ℹ skipped 0
ℹ todo 0
ℹ duration_ms 4089.187667

✖ failing tests:

test at dist/tests/web-server.test.js:277:1
✖ closed SSE keeps physical read slots until completion; reconnect cannot create unbounded reads (392.343208ms)
  AssertionError [ERR_ASSERTION]: Expected values to be strictly equal:
  
  429 !== 200
  
      at eventReader (file:///Users/seunghanee/Documents/secumon/runtime/dist/tests/web-server.test.js:36:12)
      at TestContext.<anonymous> (file:///Users/seunghanee/Documents/secumon/runtime/dist/tests/web-server.test.js:287:34)
      at process.processTicksAndRejections (node:internal/process/task_queues:104:5)
      at async Test.run (node:internal/test_runner/test:1404:7)
      at async Test.processPendingSubtests (node:internal/test_runner/test:969:7) {
    generatedMessage: true,
    code: 'ERR_ASSERTION',
    actual: 429,
    expected: 200,
    operator: 'strictEqual',
    diff: 'simple'
  }
