✔ sqlite: accepted work, request replay, and queries stay separate from fixture execution (164.433584ms)
✔ sqlite: document question is atomic, actionable, and does not interpret reply text (154.709292ms)
✔ sqlite: current ownership, route, and disclosure gates apply to reads and mutations (31.192458ms)
✔ sqlite: web attachment observes an existing CLI primary without re-sending or changing it (121.370792ms)
✔ sqlite: goal and mode commands preserve optimistic revisions and durable idempotency (119.10075ms)
✔ sqlite: pause does not wait behind an active run and a replay cannot start another run (136.971209ms)
✔ sqlite: cancel does not wait behind an active run and a replay cannot start another run (52.002166ms)
✔ sqlite: an unfinished durable run is not repeated by the same request after restart (119.169042ms)
✔ sqlite: a goal changed while the old run intent is acknowledged never receives that run's plan (115.348542ms)
✔ sqlite: workflow entry rejects a stale pinned goal before recovery or execution (30.923583ms)
✔ sqlite: paged lists recheck every returned card and omit a card revoked while another is read (94.3985ms)
✔ sqlite: at most four distinct works execute concurrently and draining admits no new mutations (259.065333ms)
✔ file-journal: accepted work, request replay, and queries stay separate from fixture execution (429.141792ms)
✔ file-journal: document question is atomic, actionable, and does not interpret reply text (574.780292ms)
✔ file-journal: current ownership, route, and disclosure gates apply to reads and mutations (96.098291ms)
✔ file-journal: web attachment observes an existing CLI primary without re-sending or changing it (398.422041ms)
✔ file-journal: goal and mode commands preserve optimistic revisions and durable idempotency (468.438875ms)
✔ file-journal: pause does not wait behind an active run and a replay cannot start another run (501.59725ms)
✔ file-journal: cancel does not wait behind an active run and a replay cannot start another run (176.948334ms)
✔ file-journal: an unfinished durable run is not repeated by the same request after restart (404.3465ms)
✔ file-journal: a goal changed while the old run intent is acknowledged never receives that run's plan (417.736083ms)
✔ file-journal: workflow entry rejects a stale pinned goal before recovery or execution (98.054917ms)
✔ file-journal: paged lists recheck every returned card and omit a card revoked while another is read (1315.011583ms)
✔ file-journal: at most four distinct works execute concurrently and draining admits no new mutations (1352.522125ms)
✔ browser view: same-revision source invalidation replaces a result without sorting opaque cursors (0.603792ms)
✔ browser view: unavailable invalidates pending details and unchanged cannot resurrect revoked content (0.376792ms)
✔ browser view: an accepted stream update invalidates an older in-flight detail response (0.11125ms)
✔ browser view: work identity, level, revision and goal version cannot be mixed or reversed (0.089209ms)
✔ browser view: repeated message identities update in place while new goal versions have distinct identities (0.11475ms)
✔ browser view: snapshots clone data and invalidate other levels without mutating the previous view (0.077666ms)
✔ browser view: state and cursors remain isolated across two selected works (0.055333ms)
✔ browser view: history readers are not treated as pinned to the end of a scroll region (0.039ms)
ℹ tests 32
ℹ suites 0
ℹ pass 32
ℹ fail 0
ℹ cancelled 0
ℹ skipped 0
ℹ todo 0
ℹ duration_ms 7714.145083
