✔ sqlite: public CLI cursor survives process reconnect without executing or changing the work (1257.576125ms)
✔ sqlite: public CLI binds reconnect to the registered conversation and keeps the primary reply route (1224.04275ms)
✔ sqlite: delivered results disappear from the current CLI view after a goal change and explicit cancel (1026.491167ms)
✔ file-journal: public CLI cursor survives process reconnect without executing or changing the work (1177.302375ms)
✔ file-journal: public CLI binds reconnect to the registered conversation and keeps the primary reply route (1360.918334ms)
✔ file-journal: delivered results disappear from the current CLI view after a goal change and explicit cancel (1347.775833ms)
✔ public CLI rejects ambiguous view flags without printing a success response (304.151708ms)
✔ human work view labels prepared outputs and never turns unknown delivery into delivered or read (0.455791ms)
✔ human work view keeps stored completion separate from a currently invalid result (0.05825ms)
✔ human work view strips terminal controls and gives a bounded status reason without replaying diagnostics (0.08625ms)
✔ human work view makes observing another reply route explicit and keeps unchanged output quiet (0.364083ms)
✔ sqlite: empty accepted work reads and reopens without executing, writing, or sending (15.447125ms)
✔ sqlite: ownership, exact route, current read restriction, and diagnostics are distinct checks (8.051583ms)
✔ sqlite: legacy read labels also protect retained text (3.111625ms)
✔ sqlite: cursors bind level, route, actor rights, and work without moving the primary reply (6.997333ms)
✔ sqlite: verified prepared results remain distinct from pending and unknown delivery (16.511458ms)
✔ sqlite: missing source and corrupt response withhold a same-revision result before cursor matching (5.641958ms)
✔ sqlite: originals, goals, cancellation, and hypothesis review invalidate historical replies (9.375166ms)
✔ sqlite: only the current pending question is displayed and resolved questions disappear (14.766708ms)
✔ sqlite: a derived evidence card requires every original ancestor to remain available (4.716375ms)
✔ sqlite: knowledge changes reject current and repeated reads without refreshing state (11.181917ms)
✔ sqlite: revocation during artifact reads or final state checks prevents unchanged and snapshots (8.576417ms)
✔ sqlite: a disappearing original during projection is revalidated before returning a cached cursor (4.618959ms)
✔ sqlite: detail and diagnostic cards are bounded and omit raw inputs, outputs, event payloads, and controls (7.048208ms)
✔ file-journal: empty accepted work reads and reopens without executing, writing, or sending (39.106375ms)
✔ file-journal: ownership, exact route, current read restriction, and diagnostics are distinct checks (52.025459ms)
✔ file-journal: legacy read labels also protect retained text (29.285833ms)
✔ file-journal: cursors bind level, route, actor rights, and work without moving the primary reply (63.720625ms)
✔ file-journal: verified prepared results remain distinct from pending and unknown delivery (294.609792ms)
✔ file-journal: missing source and corrupt response withhold a same-revision result before cursor matching (66.591208ms)
✔ file-journal: originals, goals, cancellation, and hypothesis review invalidate historical replies (124.012792ms)
✔ file-journal: only the current pending question is displayed and resolved questions disappear (68.022458ms)
✔ file-journal: a derived evidence card requires every original ancestor to remain available (78.922417ms)
✔ file-journal: knowledge changes reject current and repeated reads without refreshing state (36.129958ms)
✔ file-journal: revocation during artifact reads or final state checks prevents unchanged and snapshots (107.3385ms)
✔ file-journal: a disappearing original during projection is revalidated before returning a cached cursor (78.256667ms)
✔ file-journal: detail and diagnostic cards are bounded and omit raw inputs, outputs, event payloads, and controls (73.074ms)
ℹ tests 37
ℹ suites 0
ℹ pass 37
ℹ fail 0
ℹ cancelled 0
ℹ skipped 0
ℹ todo 0
ℹ duration_ms 7752.115375
