✖ web session is one-time, per-instance, HttpOnly; reload and static reads never execute (5.019875ms)
✖ web Host, Origin, Fetch Metadata, CSRF and strict JSON reject before controller entry (1.31125ms)
✖ web exact assets, methods and cursor options do not expose files or internal errors (0.156625ms)
✖ web session expiry during body blocks mutation entry, logout blocks late view payload (0.177958ms)
✖ web bootstrap expires and authenticated request rate has a finite window (0.163208ms)
✖ web SSE emits projection changes at same revision, reconnect is readonly, denial closes (0.149458ms)
✖ web SSE session revocation, stream cap and lifetime release resources (0.157083ms)
✖ closed SSE keeps physical read slots until completion; reconnect cannot create unbounded reads (0.135458ms)
✖ web pending run permits independent cancel and disconnect does not call cancel (0.181208ms)
ℹ tests 9
ℹ suites 0
ℹ pass 0
ℹ fail 9
ℹ cancelled 0
ℹ skipped 0
ℹ todo 0
ℹ duration_ms 95.260333

✖ failing tests:

test at dist/tests/web-server.test.js:59:1
✖ web session is one-time, per-instance, HttpOnly; reload and static reads never execute (5.019875ms)
  Error: listen EPERM: operation not permitted 127.0.0.1
      at Server.setupListenHandle [as _listen2] (node:net:2302:21)
      at listenInCluster (node:net:2433:12)
      at node:net:2662:7
      at process.processTicksAndRejections (node:internal/process/task_queues:90:21) {
    code: 'EPERM',
    errno: -1,
    syscall: 'listen',
    address: '127.0.0.1'
  }

test at dist/tests/web-server.test.js:94:1
✖ web Host, Origin, Fetch Metadata, CSRF and strict JSON reject before controller entry (1.31125ms)
  Error: listen EPERM: operation not permitted 127.0.0.1
      at Server.setupListenHandle [as _listen2] (node:net:2302:21)
      at listenInCluster (node:net:2433:12)
      at node:net:2662:7
      at process.processTicksAndRejections (node:internal/process/task_queues:90:21) {
    code: 'EPERM',
    errno: -1,
    syscall: 'listen',
    address: '127.0.0.1'
  }

test at dist/tests/web-server.test.js:127:1
✖ web exact assets, methods and cursor options do not expose files or internal errors (0.156625ms)
  Error: listen EPERM: operation not permitted 127.0.0.1
      at Server.setupListenHandle [as _listen2] (node:net:2302:21)
      at listenInCluster (node:net:2433:12)
      at node:net:2662:7
      at process.processTicksAndRejections (node:internal/process/task_queues:90:21) {
    code: 'EPERM',
    errno: -1,
    syscall: 'listen',
    address: '127.0.0.1'
  }

test at dist/tests/web-server.test.js:146:1
✖ web session expiry during body blocks mutation entry, logout blocks late view payload (0.177958ms)
  Error: listen EPERM: operation not permitted 127.0.0.1
      at Server.setupListenHandle [as _listen2] (node:net:2302:21)
      at listenInCluster (node:net:2433:12)
      at node:net:2662:7
      at process.processTicksAndRejections (node:internal/process/task_queues:90:21) {
    code: 'EPERM',
    errno: -1,
    syscall: 'listen',
    address: '127.0.0.1'
  }

test at dist/tests/web-server.test.js:184:1
✖ web bootstrap expires and authenticated request rate has a finite window (0.163208ms)
  Error: listen EPERM: operation not permitted 127.0.0.1
      at Server.setupListenHandle [as _listen2] (node:net:2302:21)
      at listenInCluster (node:net:2433:12)
      at node:net:2662:7
      at process.processTicksAndRejections (node:internal/process/task_queues:90:21) {
    code: 'EPERM',
    errno: -1,
    syscall: 'listen',
    address: '127.0.0.1'
  }

test at dist/tests/web-server.test.js:209:1
✖ web SSE emits projection changes at same revision, reconnect is readonly, denial closes (0.149458ms)
  Error: listen EPERM: operation not permitted 127.0.0.1
      at Server.setupListenHandle [as _listen2] (node:net:2302:21)
      at listenInCluster (node:net:2433:12)
      at node:net:2662:7
      at process.processTicksAndRejections (node:internal/process/task_queues:90:21) {
    code: 'EPERM',
    errno: -1,
    syscall: 'listen',
    address: '127.0.0.1'
  }

test at dist/tests/web-server.test.js:239:1
✖ web SSE session revocation, stream cap and lifetime release resources (0.157083ms)
  Error: listen EPERM: operation not permitted 127.0.0.1
      at Server.setupListenHandle [as _listen2] (node:net:2302:21)
      at listenInCluster (node:net:2433:12)
      at node:net:2662:7
      at process.processTicksAndRejections (node:internal/process/task_queues:90:21) {
    code: 'EPERM',
    errno: -1,
    syscall: 'listen',
    address: '127.0.0.1'
  }

test at dist/tests/web-server.test.js:277:1
✖ closed SSE keeps physical read slots until completion; reconnect cannot create unbounded reads (0.135458ms)
  Error: listen EPERM: operation not permitted 127.0.0.1
      at Server.setupListenHandle [as _listen2] (node:net:2302:21)
      at listenInCluster (node:net:2433:12)
      at node:net:2662:7
      at process.processTicksAndRejections (node:internal/process/task_queues:90:21) {
    code: 'EPERM',
    errno: -1,
    syscall: 'listen',
    address: '127.0.0.1'
  }

test at dist/tests/web-server.test.js:301:1
✖ web pending run permits independent cancel and disconnect does not call cancel (0.181208ms)
  Error: listen EPERM: operation not permitted 127.0.0.1
      at Server.setupListenHandle [as _listen2] (node:net:2302:21)
      at listenInCluster (node:net:2433:12)
      at node:net:2662:7
      at process.processTicksAndRejections (node:internal/process/task_queues:90:21) {
    code: 'EPERM',
    errno: -1,
    syscall: 'listen',
    address: '127.0.0.1'
  }
