✔ sqlite: public CLI cursor survives process reconnect without executing or changing the work (1260.021584ms)
✔ sqlite: public CLI binds reconnect to the registered conversation and keeps the primary reply route (1238.9555ms)
✔ sqlite: delivered results disappear from the current CLI view after a goal change and explicit cancel (1034.523541ms)
✔ file-journal: public CLI cursor survives process reconnect without executing or changing the work (1187.149417ms)
✔ file-journal: public CLI binds reconnect to the registered conversation and keeps the primary reply route (1350.320833ms)
✔ file-journal: delivered results disappear from the current CLI view after a goal change and explicit cancel (1353.364166ms)
✔ public CLI rejects ambiguous view flags without printing a success response (307.210375ms)
✔ human work view labels prepared outputs and never turns unknown delivery into delivered or read (0.4785ms)
✔ human work view keeps stored completion separate from a currently invalid result (0.058584ms)
✔ human work view strips terminal controls and gives a bounded status reason without replaying diagnostics (0.217708ms)
✔ human work view makes observing another reply route explicit and keeps unchanged output quiet (0.403458ms)
✔ sqlite: empty accepted work reads and reopens without executing, writing, or sending (17.078584ms)
✔ sqlite: ownership, exact route, current read restriction, and diagnostics are distinct checks (7.897416ms)
✔ sqlite: legacy read labels also protect retained text (3.088792ms)
✔ sqlite: cursors bind level, route, actor rights, and work without moving the primary reply (7.275375ms)
✔ sqlite: verified prepared results remain distinct from pending and unknown delivery (16.309833ms)
✔ sqlite: missing source and corrupt response withhold a same-revision result before cursor matching (5.623333ms)
✔ sqlite: originals, goals, cancellation, and hypothesis review invalidate historical replies (11.79ms)
✔ sqlite: only the current pending question is displayed and resolved questions disappear (8.607708ms)
✔ sqlite: losing a separate hypothesis basis withholds the result consistently at every view level (12.861833ms)
✔ sqlite: a derived evidence card requires every original ancestor to remain available (21.763333ms)
✔ sqlite: knowledge changes reject current and repeated reads without refreshing state (4.441333ms)
✔ sqlite: revocation during artifact reads or final state checks prevents unchanged and snapshots (5.36275ms)
✔ sqlite: a disappearing original during projection is revalidated before returning a cached cursor (4.636916ms)
✔ sqlite: detail and diagnostic cards are bounded and omit raw inputs, outputs, event payloads, and controls (7.432583ms)
✔ file-journal: empty accepted work reads and reopens without executing, writing, or sending (35.636666ms)
✔ file-journal: ownership, exact route, current read restriction, and diagnostics are distinct checks (48.286167ms)
✔ file-journal: legacy read labels also protect retained text (30.226166ms)
✔ file-journal: cursors bind level, route, actor rights, and work without moving the primary reply (65.895208ms)
✔ file-journal: verified prepared results remain distinct from pending and unknown delivery (280.227166ms)
✔ file-journal: missing source and corrupt response withhold a same-revision result before cursor matching (49.494542ms)
✔ file-journal: originals, goals, cancellation, and hypothesis review invalidate historical replies (124.422583ms)
✔ file-journal: only the current pending question is displayed and resolved questions disappear (67.757708ms)
✔ file-journal: losing a separate hypothesis basis withholds the result consistently at every view level (100.438666ms)
✔ file-journal: a derived evidence card requires every original ancestor to remain available (78.158042ms)
✔ file-journal: knowledge changes reject current and repeated reads without refreshing state (47.092459ms)
✔ file-journal: revocation during artifact reads or final state checks prevents unchanged and snapshots (99.137083ms)
✔ file-journal: a disappearing original during projection is revalidated before returning a cached cursor (64.452416ms)
✔ file-journal: detail and diagnostic cards are bounded and omit raw inputs, outputs, event payloads, and controls (82.220625ms)
ℹ tests 39
ℹ suites 0
ℹ pass 39
ℹ fail 0
ℹ cancelled 0
ℹ skipped 0
ℹ todo 0
ℹ duration_ms 7786.37725
