✖ board funding sqlite/documents: allocated role reads, accepts, reasons, answers and settles without sponsor source access (1984.68975ms)
✖ board funding sqlite/observations: allocated role reads, accepts, reasons, answers and settles without sponsor source access (1800.92775ms)
✖ board funding file-journal/documents: allocated role reads, accepts, reasons, answers and settles without sponsor source access (8927.602875ms)
✖ board funding file-journal/observations: allocated role reads, accepts, reasons, answers and settles without sponsor source access (9014.585834ms)
ℹ tests 4
ℹ suites 0
ℹ pass 0
ℹ fail 4
ℹ cancelled 0
ℹ skipped 0
ℹ todo 0
ℹ duration_ms 21818.3945

✖ failing tests:

test at dist/tests/board-funding-runtime.test.js:103:9
✖ board funding sqlite/documents: allocated role reads, accepts, reasons, answers and settles without sponsor source access (1984.68975ms)
  Error: stale_plan
      at validatePlan (file:///Users/seunghanee/Documents/secumon/runtime/dist/application/plan-validator.js:16:15)
      at file:///Users/seunghanee/Documents/secumon/runtime/dist/application/execution-runtime.js:115:27
      at transact (file:///Users/seunghanee/Documents/secumon/runtime/dist/application/work-transactions.js:18:28)
      at async ExecutionRuntime.submitPlan (file:///Users/seunghanee/Documents/secumon/runtime/dist/application/execution-runtime.js:106:17)
      at async prepare (file:///Users/seunghanee/Documents/secumon/runtime/dist/tests/helpers/board-request-fixture.js:64:9)
      at async execute (file:///Users/seunghanee/Documents/secumon/runtime/dist/tests/helpers/board-request-fixture.js:69:25)
      at async Object.confirm (file:///Users/seunghanee/Documents/secumon/runtime/dist/tests/helpers/board-request-fixture.js:89:35)
      at async TestContext.<anonymous> (file:///Users/seunghanee/Documents/secumon/runtime/dist/tests/board-funding-runtime.test.js:127:13)
      at async Test.run (node:internal/test_runner/test:1404:7)
      at async startSubtestAfterBootstrap (node:internal/test_runner/harness:387:3)

test at dist/tests/board-funding-runtime.test.js:103:9
✖ board funding sqlite/observations: allocated role reads, accepts, reasons, answers and settles without sponsor source access (1800.92775ms)
  Error: stale_plan
      at validatePlan (file:///Users/seunghanee/Documents/secumon/runtime/dist/application/plan-validator.js:16:15)
      at file:///Users/seunghanee/Documents/secumon/runtime/dist/application/execution-runtime.js:115:27
      at transact (file:///Users/seunghanee/Documents/secumon/runtime/dist/application/work-transactions.js:18:28)
      at async ExecutionRuntime.submitPlan (file:///Users/seunghanee/Documents/secumon/runtime/dist/application/execution-runtime.js:106:17)
      at async prepare (file:///Users/seunghanee/Documents/secumon/runtime/dist/tests/helpers/board-request-fixture.js:64:9)
      at async execute (file:///Users/seunghanee/Documents/secumon/runtime/dist/tests/helpers/board-request-fixture.js:69:25)
      at async Object.confirm (file:///Users/seunghanee/Documents/secumon/runtime/dist/tests/helpers/board-request-fixture.js:89:35)
      at async TestContext.<anonymous> (file:///Users/seunghanee/Documents/secumon/runtime/dist/tests/board-funding-runtime.test.js:127:13)
      at async Test.run (node:internal/test_runner/test:1404:7)
      at async Test.processPendingSubtests (node:internal/test_runner/test:969:7)

test at dist/tests/board-funding-runtime.test.js:103:9
✖ board funding file-journal/documents: allocated role reads, accepts, reasons, answers and settles without sponsor source access (8927.602875ms)
  Error: stale_plan
      at validatePlan (file:///Users/seunghanee/Documents/secumon/runtime/dist/application/plan-validator.js:16:15)
      at file:///Users/seunghanee/Documents/secumon/runtime/dist/application/execution-runtime.js:115:27
      at transact (file:///Users/seunghanee/Documents/secumon/runtime/dist/application/work-transactions.js:18:28)
      at async ExecutionRuntime.submitPlan (file:///Users/seunghanee/Documents/secumon/runtime/dist/application/execution-runtime.js:106:17)
      at async prepare (file:///Users/seunghanee/Documents/secumon/runtime/dist/tests/helpers/board-request-fixture.js:64:9)
      at async execute (file:///Users/seunghanee/Documents/secumon/runtime/dist/tests/helpers/board-request-fixture.js:69:25)
      at async Object.confirm (file:///Users/seunghanee/Documents/secumon/runtime/dist/tests/helpers/board-request-fixture.js:89:35)
      at async TestContext.<anonymous> (file:///Users/seunghanee/Documents/secumon/runtime/dist/tests/board-funding-runtime.test.js:127:13)
      at async Test.run (node:internal/test_runner/test:1404:7)
      at async Test.processPendingSubtests (node:internal/test_runner/test:969:7)

test at dist/tests/board-funding-runtime.test.js:103:9
✖ board funding file-journal/observations: allocated role reads, accepts, reasons, answers and settles without sponsor source access (9014.585834ms)
  Error: stale_plan
      at validatePlan (file:///Users/seunghanee/Documents/secumon/runtime/dist/application/plan-validator.js:16:15)
      at file:///Users/seunghanee/Documents/secumon/runtime/dist/application/execution-runtime.js:115:27
      at transact (file:///Users/seunghanee/Documents/secumon/runtime/dist/application/work-transactions.js:18:28)
      at async ExecutionRuntime.submitPlan (file:///Users/seunghanee/Documents/secumon/runtime/dist/application/execution-runtime.js:106:17)
      at async prepare (file:///Users/seunghanee/Documents/secumon/runtime/dist/tests/helpers/board-request-fixture.js:64:9)
      at async execute (file:///Users/seunghanee/Documents/secumon/runtime/dist/tests/helpers/board-request-fixture.js:69:25)
      at async Object.confirm (file:///Users/seunghanee/Documents/secumon/runtime/dist/tests/helpers/board-request-fixture.js:89:35)
      at async TestContext.<anonymous> (file:///Users/seunghanee/Documents/secumon/runtime/dist/tests/board-funding-runtime.test.js:127:13)
      at async Test.run (node:internal/test_runner/test:1404:7)
      at async Test.processPendingSubtests (node:internal/test_runner/test:969:7)
