✔ sqlite/documents: two persistent roles share citations without publishing private memory or inflating sources (118.068041ms)
✔ sqlite/observations: two persistent roles share citations without publishing private memory or inflating sources (127.787208ms)
✔ sqlite: direct source sharing requires source ownership; quotes require a currently visible post (115.898917ms)
✔ sqlite: retract-post removes the claim and its quoted descendants from current views (99.917167ms)
✔ sqlite: restrict-source removes the claim and its quoted descendants from current views (101.687916ms)
✔ sqlite: change-goal removes the claim and its quoted descendants from current views (106.804625ms)
✔ sqlite: delete-original removes the claim and its quoted descendants from current views (108.787ms)
✔ sqlite: expire removes the claim and its quoted descendants from current views (108.102416ms)
✔ sqlite: an entity with the same key in a different time scope stays separate (98.981ms)
✔ sqlite: publishing a question does not assign it; acceptance, response and requester confirmation remain distinct (120.780334ms)
✔ sqlite: repeated replies and explicit cyclic waits are bounded; deadlines do not reset on reopen (124.721542ms)
✔ sqlite: exact command retry survives a lost reply; reused IDs with changed content and concurrent edits fail (107.328458ms)
✔ sqlite: authority changing during a source read cannot publish or return the delayed content (91.883ms)
✔ sqlite: a derived claim retains ancestry without becoming another independent fact source (100.111333ms)
✔ sqlite: repeated quotes share one source read within a view and a later view revalidates it (109.051042ms)
✔ sqlite: unlabelled prose inherits the author's work labels and current exchange policy (85.674ms)
✔ sqlite: a fulfilled dependency remains attached and its later retraction invalidates dependent confirmation (140.095417ms)
✔ sqlite: reply depth, total posts, total requests and repeated causes have separate limits (90.116542ms)
✔ sqlite: an advancing clock permits ordinary writes and blocks a post expiring during the final boundary check (76.728042ms)
✔ sqlite: a paused assignee cannot have its submitted answer confirmed (110.289583ms)
✔ sqlite: an actual worker SIGKILL after durable publication preserves one post and one command receipt (151.777708ms)
✔ file-journal/documents: two persistent roles share citations without publishing private memory or inflating sources (295.447583ms)
✔ file-journal/observations: two persistent roles share citations without publishing private memory or inflating sources (139.327708ms)
✔ file-journal: direct source sharing requires source ownership; quotes require a currently visible post (91.447958ms)
✔ file-journal: retract-post removes the claim and its quoted descendants from current views (106.809334ms)
✔ file-journal: restrict-source removes the claim and its quoted descendants from current views (114.369333ms)
✔ file-journal: change-goal removes the claim and its quoted descendants from current views (111.985875ms)
✔ file-journal: delete-original removes the claim and its quoted descendants from current views (102.025209ms)
✔ file-journal: expire removes the claim and its quoted descendants from current views (101.108375ms)
✔ file-journal: an entity with the same key in a different time scope stays separate (83.758333ms)
✔ file-journal: publishing a question does not assign it; acceptance, response and requester confirmation remain distinct (177.374625ms)
✔ file-journal: repeated replies and explicit cyclic waits are bounded; deadlines do not reset on reopen (245.396792ms)
✔ file-journal: exact command retry survives a lost reply; reused IDs with changed content and concurrent edits fail (93.186958ms)
✔ file-journal: authority changing during a source read cannot publish or return the delayed content (94.64075ms)
✔ file-journal: a derived claim retains ancestry without becoming another independent fact source (109.349625ms)
✔ file-journal: repeated quotes share one source read within a view and a later view revalidates it (155.220583ms)
✔ file-journal: unlabelled prose inherits the author's work labels and current exchange policy (109.695125ms)
✔ file-journal: a fulfilled dependency remains attached and its later retraction invalidates dependent confirmation (345.169792ms)
✔ file-journal: reply depth, total posts, total requests and repeated causes have separate limits (127.974834ms)
✔ file-journal: an advancing clock permits ordinary writes and blocks a post expiring during the final boundary check (92.085417ms)
✔ file-journal: a paused assignee cannot have its submitted answer confirmed (156.126375ms)
✔ file-journal: an actual worker SIGKILL after durable publication preserves one post and one command receipt (155.556542ms)
✔ file board journal detects missing revisions and changed content instead of returning a partial history (78.792375ms)
✔ memory tools expose read cards, internal dependencies and schema-valid results (sqlite) (57.440916ms)
✔ memory tool authority intersects destination, caller and fresh trusted identity (sqlite) (43.24975ms)
✔ memory reads constrain IDs and searches to the current goal scope (sqlite) (44.5855ms)
✔ memory tools expose read cards, internal dependencies and schema-valid results (file-journal) (1591.108084ms)
✔ memory tool authority intersects destination, caller and fresh trusted identity (file-journal) (334.069834ms)
✔ memory reads constrain IDs and searches to the current goal scope (file-journal) (226.847625ms)
✔ memory tools report bounded references without bodies, including multibyte oversized references (23.836833ms)
✔ memory search distinguishes result truncation and index errors from complete absence (14.270833ms)
✔ memory tools discard a copied card when trusted-owner changes during a repository wait (6.148583ms)
✔ memory tools discard a copied card when work-owner changes during a repository wait (6.540083ms)
✔ memory tools discard a copied card when caller-labels changes during a repository wait (21.8ms)
✔ memory tools discard a copied card when work-labels changes during a repository wait (21.683167ms)
✔ memory tools discard a copied card when goal changes during a repository wait (28.130583ms)
✔ memory tools discard a copied card when generation changes during a repository wait (34.690125ms)
✔ memory tools discard a copied card when cancel changes during a repository wait (27.876458ms)
✔ each fresh trusted actor lookup must match the work owner, including the final return check (32.194292ms)
✔ dependency validation uses current source, record and caller permissions without a stale service cache (39.564875ms)
✔ memory adapters do not mutate the caller policy and normalize invalid input and pre-abort (47.298333ms)
✔ knowledge exact lookup precedes index, Korean/English and conditional search use current sources (sqlite) (32.058416ms)
✔ knowledge exact lookup precedes index, Korean/English and conditional search use current sources (file-journal) (376.567959ms)
✔ private memory needs explicit submission and another reviewer of the exact content revision (79.257417ms)
✔ source retracted prevents direct, cached lexical and dependency reuse (58.793833ms)
✔ source restricted prevents direct, cached lexical and dependency reuse (80.373333ms)
✔ source deleted prevents direct, cached lexical and dependency reuse (72.310541ms)
✔ source corrected prevents direct, cached lexical and dependency reuse (57.931209ms)
✔ source policy prevents direct, cached lexical and dependency reuse (73.646875ms)
✔ source generation prevents direct, cached lexical and dependency reuse (79.036042ms)
✔ ancestor changes and derived memories retain source identity without inflating independent provenance (77.631458ms)
✔ review CAS prevents a reviewed draft from being silently replaced or shared after editing (62.622125ms)
✔ source or actor changes while source reads wait cannot return stale memory content (59.954584ms)
✔ a delayed candidate cache fill rechecks namespace authority before returning cards or counts (41.617ms)
✔ index errors remain distinct from absence and rebuild never resurrects deleted or expired content (71.80775ms)
✔ SQLite reopen retains memory, review, cursor and receipts; competing writers use revision CAS (48.879667ms)
✔ source and knowledge stores close and reopen with reviewed memory and index intact (58.064959ms)
✔ bounded results report truncation only after current visibility filtering (64.442541ms)
✔ deletion while a repeated source check waits is noticed before returning the memory card (47.384ms)
✔ source deletion after the second source snapshot cannot return its old card (56.992333ms)
✔ batch dependency fences notice an earlier card source changing while a later card is checked (62.616875ms)
✔ retracted memory can subsequently be deleted while preserving the revision and idempotency rules (59.127417ms)
✔ a pruned limited search stays partial when an unread matching candidate remains (69.870166ms)
✔ unrelated work revisions preserve semantic dependencies while changed source content does not (62.604708ms)
✔ dependency contracts reject forged fields, unsafe revisions, malformed hashes and duplicate references (32.450167ms)
✔ continuously changing coherent-read revisions stop after a bounded number of fences (78.945875ms)
ℹ tests 86
ℹ suites 0
ℹ pass 86
ℹ fail 0
ℹ cancelled 0
ℹ skipped 0
ℹ todo 0
ℹ duration_ms 5514.991792
