✔ board funding sqlite/documents: allocated public-data role reads, accepts, reasons, answers and settles (2939.311958ms)
✔ board funding sqlite/observations: allocated public-data role reads, accepts, reasons, answers and settles (2726.307041ms)
✔ board funding file-journal/documents: allocated public-data role reads, accepts, reasons, answers and settles (15469.156417ms)
✔ board funding file-journal/observations: allocated public-data role reads, accepts, reasons, answers and settles (15553.235875ms)
✔ board funding sqlite: offered work rejects other-board preparation (178.65375ms)
✔ board funding sqlite: offered work rejects other-request preparation (174.927666ms)
✔ board funding sqlite: offered work rejects broad-read preparation (180.071041ms)
✔ board funding sqlite: offered work rejects other-entity preparation (175.891375ms)
✔ board funding sqlite: offered work rejects ordinary-tool preparation (175.332417ms)
✔ board funding sqlite: offered work rejects publish preparation (169.885458ms)
✔ board funding sqlite: profile withdrawal after preparation blocks dispatch and returns unused funds (190.6265ms)
✔ board funding sqlite: worker-authority withdrawal after preparation blocks dispatch and returns unused funds (190.259958ms)
✔ board funding sqlite: sponsor-authority withdrawal after preparation blocks dispatch and returns unused funds (188.18875ms)
✔ board funding sqlite: insufficient duration is rejected before creating a child (149.443625ms)
✔ board funding sqlite: a competing acceptance drains the prepared allocation without discharging the request (367.425458ms)
✔ board funding sqlite: duplicate allocation across reopen keeps one grant and returns only numeric references (194.987583ms)
✔ board funding sqlite: a source-privileged worker does not hide the shared request metadata from its sponsor (667.525291ms)
✔ board funding sqlite: altered child goal cannot use a valid request and profile reference (157.634042ms)
✔ board funding sqlite: allocation rejects caller-selected policy fields and foreign sponsor ownership (153.932458ms)
✔ board funding file-journal: offered work rejects other-board preparation (580.492583ms)
✔ board funding file-journal: offered work rejects other-request preparation (583.819667ms)
✔ board funding file-journal: offered work rejects broad-read preparation (589.206167ms)
✔ board funding file-journal: offered work rejects other-entity preparation (593.746958ms)
✔ board funding file-journal: offered work rejects ordinary-tool preparation (618.1635ms)
✔ board funding file-journal: offered work rejects publish preparation (567.436625ms)
✔ board funding file-journal: profile withdrawal after preparation blocks dispatch and returns unused funds (688.644791ms)
✔ board funding file-journal: worker-authority withdrawal after preparation blocks dispatch and returns unused funds (705.251333ms)
✔ board funding file-journal: sponsor-authority withdrawal after preparation blocks dispatch and returns unused funds (724.787208ms)
✔ board funding file-journal: insufficient duration is rejected before creating a child (435.970625ms)
✔ board funding file-journal: a competing acceptance drains the prepared allocation without discharging the request (1243.482625ms)
✔ board funding file-journal: duplicate allocation across reopen keeps one grant and returns only numeric references (568.07575ms)
✔ board funding file-journal: a source-privileged worker does not hide the shared request metadata from its sponsor (2840.954209ms)
✔ board funding file-journal: altered child goal cannot use a valid request and profile reference (423.591917ms)
✔ board funding file-journal: allocation rejects caller-selected policy fields and foreign sponsor ownership (439.139333ms)
✔ board funding sqlite: private answers stay hidden without falsely revoking their worker allocation (1937.728792ms)
✔ board funding sqlite: a private question stays unavailable despite public coordination metadata handling (195.641792ms)
✔ board funding sqlite: request cancellation before acceptance returns the allocation without completing the goal (252.141542ms)
✔ board funding sqlite: an applied acceptance with a lost reply restores the same funded obligation after reopen (865.789208ms)
✔ board funding sqlite: a profile change during the final actor lookup cannot authorize a stale preparation (167.033959ms)
✔ board funding file-journal: private answers stay hidden without falsely revoking their worker allocation (11104.282375ms)
✔ board funding file-journal: a private question stays unavailable despite public coordination metadata handling (583.034833ms)
✔ board funding file-journal: request cancellation before acceptance returns the allocation without completing the goal (916.176167ms)
✔ board funding file-journal: an applied acceptance with a lost reply restores the same funded obligation after reopen (3957.556ms)
✔ board funding file-journal: a profile change during the final actor lookup cannot authorize a stale preparation (539.808375ms)
ℹ tests 44
ℹ suites 0
ℹ pass 44
ℹ fail 0
ℹ cancelled 0
ℹ skipped 0
ℹ todo 0
ℹ duration_ms 72214.080833
