✔ sqlite/documents: runtime board read retains custody through history, compact and reopen (379.866584ms)
✔ sqlite/observations: runtime board read retains custody through history, compact and reopen (292.509916ms)
✔ sqlite: mutual work references terminate and a revoked member invalidates the whole closure (209.364ms)
✔ sqlite: private memory custody crosses a shared post without exposing the memory body (172.303166ms)
✔ sqlite: page content and consumer identity cannot be substituted in a result (106.024625ms)
✔ sqlite: memory and authenticated collection inputs share the board closure without recursive full validation (700.746375ms)
✔ sqlite: cancellation ends a board-tool wait before an unavailable repository responds (32.481375ms)
✔ sqlite: changed post blocks retained board context and quarantines copied state (112.7385ms)
✔ sqlite: changed source blocks retained board context and quarantines copied state (92.226208ms)
✔ sqlite: changed role blocks retained board context and quarantines copied state (121.953875ms)
✔ sqlite: changed authority blocks retained board context and quarantines copied state (92.503875ms)
✔ sqlite: changed labels blocks retained board context and quarantines copied state (106.73125ms)
✔ sqlite: changed generation blocks retained board context and quarantines copied state (111.846041ms)
✔ sqlite: changed validator blocks retained board context and quarantines copied state (95.583959ms)
✔ file-journal/documents: runtime board read retains custody through history, compact and reopen (1479.203708ms)
✔ file-journal/observations: runtime board read retains custody through history, compact and reopen (1453.011125ms)
✔ file-journal: mutual work references terminate and a revoked member invalidates the whole closure (991.675125ms)
✔ file-journal: private memory custody crosses a shared post without exposing the memory body (854.621083ms)
✔ file-journal: page content and consumer identity cannot be substituted in a result (406.209875ms)
✔ file-journal: memory and authenticated collection inputs share the board closure without recursive full validation (2488.564584ms)
✔ file-journal: cancellation ends a board-tool wait before an unavailable repository responds (68.611958ms)
✔ file-journal: changed post blocks retained board context and quarantines copied state (266.002833ms)
✔ file-journal: changed source blocks retained board context and quarantines copied state (261.192708ms)
✔ file-journal: changed role blocks retained board context and quarantines copied state (264.025ms)
✔ file-journal: changed authority blocks retained board context and quarantines copied state (271.585792ms)
✔ file-journal: changed labels blocks retained board context and quarantines copied state (257.8335ms)
✔ file-journal: changed generation blocks retained board context and quarantines copied state (269.291625ms)
✔ file-journal: changed validator blocks retained board context and quarantines copied state (251.886ms)
✔ read checkpoint sqlite: a complete checkpoint survives outer-result loss and resumes without another fetch (286.836542ms)
✔ read checkpoint sqlite: projection preserves original evidence and charges only the successor's raw response (365.435208ms)
✔ read checkpoint sqlite: missing proof and altered payload are denied while ordinary failures remain valid (333.582584ms)
✔ read checkpoint sqlite: an indexed forged merged page cannot replace its accepted raw response (351.971834ms)
✔ read checkpoint sqlite: an unchanged original body cannot authorize a changed request identity (351.237625ms)
✔ read checkpoint sqlite: losing raw-response blocks result history and copied history (389.664584ms)
✔ read checkpoint sqlite: losing source-artifact blocks result history and copied history (384.498583ms)
✔ read checkpoint sqlite: severing the parent's exclusive successor claim rejects the child (371.545791ms)
✔ read checkpoint file-journal: a complete checkpoint survives outer-result loss and resumes without another fetch (607.7505ms)
✔ read checkpoint file-journal: projection preserves original evidence and charges only the successor's raw response (842.302708ms)
✔ read checkpoint file-journal: missing proof and altered payload are denied while ordinary failures remain valid (773.796959ms)
✔ read checkpoint file-journal: an indexed forged merged page cannot replace its accepted raw response (997.585542ms)
✔ read checkpoint file-journal: an unchanged original body cannot authorize a changed request identity (864.556125ms)
✔ read checkpoint file-journal: losing raw-response blocks result history and copied history (1229.438834ms)
✔ read checkpoint file-journal: losing source-artifact blocks result history and copied history (904.366375ms)
✔ read checkpoint file-journal: severing the parent's exclusive successor claim rejects the child (696.99875ms)
✔ collection coverage: an individually complete fact does not prove the required full query (4.139541ms)
✔ collection coverage: complete query is an additional gate and adds no independent evidence (0.21725ms)
✔ collection coverage: query mismatch cannot satisfy the requirement (0.14675ms)
✔ collection coverage: snapshot mismatch cannot satisfy the requirement (0.110625ms)
✔ collection coverage: goal mismatch cannot satisfy the requirement (0.125917ms)
✔ collection coverage: permission mismatch cannot satisfy the requirement (0.232417ms)
✔ collection coverage: unadopted mismatch cannot satisfy the requirement (0.173375ms)
✔ collection coverage: an earlier unknown read retains its history without negating a complete later manifest (0.115583ms)
✔ collection coverage: empty enumeration does not invent a business fact (0.146791ms)
✔ collection coverage: manifest validation rejects duplicates, mismatched keys and premature EOF even without a remote total (0.382625ms)
ℹ tests 54
ℹ suites 0
ℹ pass 54
ℹ fail 0
ℹ cancelled 0
ℹ skipped 0
ℹ todo 0
ℹ duration_ms 12317.001792
