✔ sqlite/documents: two persistent roles share citations without publishing private memory or inflating sources (65.312584ms)
✔ sqlite/observations: two persistent roles share citations without publishing private memory or inflating sources (34.139792ms)
✔ sqlite: direct source sharing requires source ownership; quotes require a currently visible post (25.819209ms)
✔ sqlite: retract-post removes the claim and its quoted descendants from current views (24.107042ms)
✔ sqlite: restrict-source removes the claim and its quoted descendants from current views (24.486167ms)
✔ sqlite: change-goal removes the claim and its quoted descendants from current views (25.453834ms)
✔ sqlite: delete-original removes the claim and its quoted descendants from current views (24.537958ms)
✔ sqlite: expire removes the claim and its quoted descendants from current views (24.502083ms)
✔ sqlite: an entity with the same key in a different time scope stays separate (24.335625ms)
✔ sqlite: publishing a question does not assign it; acceptance, response and requester confirmation remain distinct (31.273292ms)
✔ sqlite: repeated replies and explicit cyclic waits are bounded; deadlines do not reset on reopen (30.167416ms)
✔ sqlite: exact command retry survives a lost reply; reused IDs with changed content and concurrent edits fail (24.395375ms)
✔ sqlite: authority changing during a source read cannot publish or return the delayed content (23.374667ms)
✔ file-journal/documents: two persistent roles share citations without publishing private memory or inflating sources (166.427333ms)
✔ file-journal/observations: two persistent roles share citations without publishing private memory or inflating sources (148.621916ms)
✔ file-journal: direct source sharing requires source ownership; quotes require a currently visible post (94.718458ms)
✔ file-journal: retract-post removes the claim and its quoted descendants from current views (123.288917ms)
✔ file-journal: restrict-source removes the claim and its quoted descendants from current views (138.426709ms)
✔ file-journal: change-goal removes the claim and its quoted descendants from current views (124.442166ms)
✔ file-journal: delete-original removes the claim and its quoted descendants from current views (148.279584ms)
✔ file-journal: expire removes the claim and its quoted descendants from current views (111.91925ms)
✔ file-journal: an entity with the same key in a different time scope stays separate (90.858708ms)
✔ file-journal: publishing a question does not assign it; acceptance, response and requester confirmation remain distinct (191.158375ms)
✔ file-journal: repeated replies and explicit cyclic waits are bounded; deadlines do not reset on reopen (261.862625ms)
✔ file-journal: exact command retry survives a lost reply; reused IDs with changed content and concurrent edits fail (88.069541ms)
✔ file-journal: authority changing during a source read cannot publish or return the delayed content (94.575292ms)
✔ file board journal detects missing revisions and changed content instead of returning a partial history (92.728167ms)
ℹ tests 27
ℹ suites 0
ℹ pass 27
ℹ fail 0
ℹ cancelled 0
ℹ skipped 0
ℹ todo 0
ℹ duration_ms 2329.271417
