✔ sqlite/documents: runtime board read retains custody through history, compact and reopen (749.324375ms)
✔ sqlite/observations: runtime board read retains custody through history, compact and reopen (704.291958ms)
✔ sqlite: mutual work references terminate and a revoked member invalidates the whole closure (607.061834ms)
✔ sqlite: private memory custody crosses a shared post without exposing the memory body (686.987667ms)
✔ sqlite: page content and consumer identity cannot be substituted in a result (452.527125ms)
✔ sqlite: memory and authenticated collection inputs share the board closure without recursive full validation (1290.587542ms)
✔ sqlite: cancellation ends a board-tool wait before an unavailable repository responds (274.841084ms)
✔ sqlite: a later goal retains original input custody until copied data is quarantined (437.0325ms)
✔ sqlite: changed post blocks retained board context and quarantines copied state (322.1285ms)
✔ sqlite: changed source blocks retained board context and quarantines copied state (372.692459ms)
✔ sqlite: changed raw blocks retained board context and quarantines copied state (380.911083ms)
✔ sqlite: changed receipt blocks retained board context and quarantines copied state (354.223125ms)
✔ sqlite: changed role blocks retained board context and quarantines copied state (367.705292ms)
✔ sqlite: changed authority blocks retained board context and quarantines copied state (387.980292ms)
✔ sqlite: changed labels blocks retained board context and quarantines copied state (465.15325ms)
✔ sqlite: changed generation blocks retained board context and quarantines copied state (464.052833ms)
✔ sqlite: changed validator blocks retained board context and quarantines copied state (452.8755ms)
✔ file-journal/documents: runtime board read retains custody through history, compact and reopen (10690.550875ms)
✔ file-journal/observations: runtime board read retains custody through history, compact and reopen (3481.905041ms)
✔ file-journal: mutual work references terminate and a revoked member invalidates the whole closure (1080.965167ms)
✔ file-journal: private memory custody crosses a shared post without exposing the memory body (549.6755ms)
✔ file-journal: page content and consumer identity cannot be substituted in a result (593.673792ms)
✔ file-journal: memory and authenticated collection inputs share the board closure without recursive full validation (2278.98575ms)
✔ file-journal: cancellation ends a board-tool wait before an unavailable repository responds (119.934458ms)
✔ file-journal: a later goal retains original input custody until copied data is quarantined (325.496583ms)
✔ file-journal: changed post blocks retained board context and quarantines copied state (338.713208ms)
✔ file-journal: changed source blocks retained board context and quarantines copied state (324.650291ms)
✔ file-journal: changed raw blocks retained board context and quarantines copied state (356.137667ms)
✔ file-journal: changed receipt blocks retained board context and quarantines copied state (310.243083ms)
✔ file-journal: changed role blocks retained board context and quarantines copied state (320.560209ms)
✔ file-journal: changed authority blocks retained board context and quarantines copied state (316.965792ms)
✔ file-journal: changed labels blocks retained board context and quarantines copied state (295.684625ms)
✔ file-journal: changed generation blocks retained board context and quarantines copied state (316.58675ms)
✔ file-journal: changed validator blocks retained board context and quarantines copied state (312.40275ms)
✔ sqlite: board publish and retract run through the broker and retain mechanical receipts (487.542ms)
✔ sqlite: applied board command survives response loss and cannot be overwritten by the late result (209.881708ms)
✔ sqlite: saved unknown result stays immutable after durable receipt reconciliation (207.55425ms)
✔ sqlite: a late valid result is reconciled without adopting its expired execution (126.198ms)
✔ sqlite: an expired absent command is closed and a delayed original commit cannot publish (110.248791ms)
✔ sqlite: stale revision is reconciled as closed without changing posts (130.814583ms)
✔ sqlite: proof deletion denies context, reopens obligation and does not fabricate replacement (198.831ms)
✔ sqlite: retained receipt requires a reader and current role authority (286.322667ms)
✔ sqlite: authority withdrawn during receipt proof I/O invalidates that same read (222.528542ms)
✔ sqlite: removing the stored receipt invalidates an intact result artifact (222.557417ms)
✔ sqlite: a forged post outcome or another attempt receipt cannot be adopted (196.202417ms)
✔ sqlite: policy revoked immediately before storage prevents publication (198.87ms)
✔ sqlite: tool schemas exclude actor, command identity and foreign source work (169.229542ms)
✔ sqlite: a narrower session publish grant is not widened by the directory (216.736ms)
✔ sqlite: a narrower session namespace grant is not widened by the directory (194.041583ms)
✔ sqlite: a no-op closure cannot smuggle a board mutation (94.224625ms)
✔ sqlite: closure duplicate and changed digest have stable distinct outcomes (116.538916ms)
✔ sqlite: previously unread quotes are rejected and a retained current read permits publication (577.938834ms)
✔ sqlite: compact source checks reject omitted or altered effect outcomes (355.192875ms)
✔ sqlite: a SIGKILL at the storage-worker boundary retains the runtime command receipt (289.695583ms)
✔ file-journal: board publish and retract run through the broker and retain mechanical receipts (3723.010291ms)
✔ file-journal: applied board command survives response loss and cannot be overwritten by the late result (1581.012958ms)
✔ file-journal: saved unknown result stays immutable after durable receipt reconciliation (1608.834416ms)
✔ file-journal: a late valid result is reconciled without adopting its expired execution (1637.630458ms)
✔ file-journal: an expired absent command is closed and a delayed original commit cannot publish (864.624209ms)
✔ file-journal: stale revision is reconciled as closed without changing posts (636.035333ms)
✔ file-journal: proof deletion denies context, reopens obligation and does not fabricate replacement (965.1995ms)
✔ file-journal: retained receipt requires a reader and current role authority (801.911583ms)
✔ file-journal: authority withdrawn during receipt proof I/O invalidates that same read (527.938042ms)
✔ file-journal: removing the stored receipt invalidates an intact result artifact (577.8385ms)
✔ file-journal: a forged post outcome or another attempt receipt cannot be adopted (514.546959ms)
✔ file-journal: policy revoked immediately before storage prevents publication (498.5235ms)
✔ file-journal: tool schemas exclude actor, command identity and foreign source work (355.777333ms)
✔ file-journal: a narrower session publish grant is not widened by the directory (363.200666ms)
✔ file-journal: a narrower session namespace grant is not widened by the directory (600.786834ms)
✔ file-journal: a no-op closure cannot smuggle a board mutation (105.607459ms)
✔ file-journal: closure duplicate and changed digest have stable distinct outcomes (174.155708ms)
✔ file-journal: previously unread quotes are rejected and a retained current read permits publication (2422.101208ms)
✔ file-journal: compact source checks reject omitted or altered effect outcomes (700.856625ms)
✔ file-journal: a SIGKILL at the storage-worker boundary retains the runtime command receipt (327.386792ms)
✔ sqlite/documents: bounded discussion pages resume after reopening with no new evidence (160.705417ms)
✔ sqlite/observations: bounded discussion pages resume after reopening with no new evidence (160.077916ms)
✔ sqlite: uncited hypotheses persist as unverified and never supply independent facts or request answers (156.019917ms)
✔ sqlite: quoted coverage remains partial or unknown instead of becoming complete (115.177083ms)
✔ sqlite: UTF-8 output limits retain complete posts and require a larger page for an oversized item (188.505459ms)
✔ sqlite: pages exclude other entity details and reject stale, foreign, and unavailable cursor positions (139.06475ms)
✔ sqlite: page authority includes the consuming work and rejects invalid limits before reading (121.127667ms)
✔ sqlite: a bounded first page reuses source reads and stops before unrelated later sources (82.845083ms)
✔ sqlite: a consuming work change during a page read prevents returning the stale page (55.03275ms)
✔ sqlite: removing citations does not bypass the author's retained memory dependencies (202.119708ms)
✔ file-journal/documents: bounded discussion pages resume after reopening with no new evidence (762.790834ms)
✔ file-journal/observations: bounded discussion pages resume after reopening with no new evidence (802.34475ms)
✔ file-journal: uncited hypotheses persist as unverified and never supply independent facts or request answers (770.234042ms)
✔ file-journal: quoted coverage remains partial or unknown instead of becoming complete (784.875916ms)
✔ file-journal: UTF-8 output limits retain complete posts and require a larger page for an oversized item (478.484375ms)
✔ file-journal: pages exclude other entity details and reject stale, foreign, and unavailable cursor positions (680.70775ms)
✔ file-journal: page authority includes the consuming work and rejects invalid limits before reading (405.660333ms)
✔ file-journal: a bounded first page reuses source reads and stops before unrelated later sources (691.248708ms)
✔ file-journal: a consuming work change during a page read prevents returning the stale page (359.384625ms)
✔ file-journal: removing citations does not bypass the author's retained memory dependencies (722.358291ms)
✔ sqlite/documents: two persistent roles share citations without publishing private memory or inflating sources (291.415125ms)
✔ sqlite/observations: two persistent roles share citations without publishing private memory or inflating sources (254.776375ms)
✔ sqlite: direct source sharing requires source ownership; quotes require a currently visible post (263.116666ms)
✔ sqlite: retract-post removes the claim and its quoted descendants from current views (259.723ms)
✔ sqlite: restrict-source removes the claim and its quoted descendants from current views (227.965542ms)
✔ sqlite: change-goal removes the claim and its quoted descendants from current views (263.042333ms)
✔ sqlite: delete-original removes the claim and its quoted descendants from current views (277.237917ms)
✔ sqlite: expire removes the claim and its quoted descendants from current views (306.338083ms)
✔ sqlite: an entity with the same key in a different time scope stays separate (227.061291ms)
✔ sqlite: publishing a question does not assign it; acceptance, response and requester confirmation remain distinct (306.320625ms)
✔ sqlite: repeated replies and explicit cyclic waits are bounded; deadlines do not reset on reopen (320.817958ms)
✔ sqlite: exact command retry survives a lost reply; reused IDs with changed content and concurrent edits fail (236.264125ms)
✔ sqlite: authority changing during a source read cannot publish or return the delayed content (259.403041ms)
✔ sqlite: a derived claim retains ancestry without becoming another independent fact source (248.264375ms)
✔ sqlite: repeated quotes share one source read within a view and a later view revalidates it (264.714042ms)
✔ sqlite: unlabelled prose inherits the author's work labels and current exchange policy (231.777958ms)
✔ sqlite: a fulfilled dependency remains attached and its later retraction invalidates dependent confirmation (295.283959ms)
✔ sqlite: reply depth, total posts, total requests and repeated causes have separate limits (230.951625ms)
✔ sqlite: an advancing clock permits ordinary writes and blocks a post expiring during the final boundary check (218.698208ms)
✔ sqlite: a paused assignee cannot have its submitted answer confirmed (216.172625ms)
✔ sqlite: an actual worker SIGKILL after durable publication preserves one post and one command receipt (411.513125ms)
✔ file-journal/documents: two persistent roles share citations without publishing private memory or inflating sources (505.363833ms)
✔ file-journal/observations: two persistent roles share citations without publishing private memory or inflating sources (407.078875ms)
✔ file-journal: direct source sharing requires source ownership; quotes require a currently visible post (274.222666ms)
✔ file-journal: retract-post removes the claim and its quoted descendants from current views (323.793959ms)
✔ file-journal: restrict-source removes the claim and its quoted descendants from current views (300.081167ms)
✔ file-journal: change-goal removes the claim and its quoted descendants from current views (257.534667ms)
✔ file-journal: delete-original removes the claim and its quoted descendants from current views (281.398625ms)
✔ file-journal: expire removes the claim and its quoted descendants from current views (231.583333ms)
✔ file-journal: an entity with the same key in a different time scope stays separate (221.15325ms)
✔ file-journal: publishing a question does not assign it; acceptance, response and requester confirmation remain distinct (397.709792ms)
✔ file-journal: repeated replies and explicit cyclic waits are bounded; deadlines do not reset on reopen (559.046125ms)
✔ file-journal: exact command retry survives a lost reply; reused IDs with changed content and concurrent edits fail (216.893792ms)
✔ file-journal: authority changing during a source read cannot publish or return the delayed content (235.79675ms)
✔ file-journal: a derived claim retains ancestry without becoming another independent fact source (198.38075ms)
✔ file-journal: repeated quotes share one source read within a view and a later view revalidates it (458.997125ms)
✔ file-journal: unlabelled prose inherits the author's work labels and current exchange policy (356.988667ms)
✔ file-journal: a fulfilled dependency remains attached and its later retraction invalidates dependent confirmation (849.5465ms)
✔ file-journal: reply depth, total posts, total requests and repeated causes have separate limits (512.12825ms)
✔ file-journal: an advancing clock permits ordinary writes and blocks a post expiring during the final boundary check (308.749542ms)
✔ file-journal: a paused assignee cannot have its submitted answer confirmed (429.166667ms)
✔ file-journal: an actual worker SIGKILL after durable publication preserves one post and one command receipt (280.763208ms)
✔ file board journal detects missing revisions and changed content instead of returning a partial history (168.183959ms)
✔ sqlite: SIGKILL after continuation reservation preserves one claim and executes only the existing child after restart (2024.581417ms)
✔ sqlite: SIGKILL after child observation reservation preserves spent lineage budget without replaying an unreceived observation (1350.420833ms)
✔ sqlite: SIGKILL after child Save reconciles its durable receipt and verifies depth two without repeating applied input (3773.348917ms)
✔ file-journal: SIGKILL after continuation reservation preserves one claim and executes only the existing child after restart (14727.314792ms)
✔ file-journal: SIGKILL after child observation reservation preserves spent lineage budget without replaying an unreceived observation (2635.097667ms)
✔ file-journal: SIGKILL after child Save reconciles its durable receipt and verifies depth two without repeating applied input (10546.938375ms)
✔ effect proofs: a legacy work uses neither the optional checker nor any refresh mutation (30.419833ms)
✔ effect proofs: settled claims require a checker and checker failures stay unavailable (13.663875ms)
✔ effect proofs: missing checker reopens the original obligation and cancels ordinary reservations once without rewriting proof history (9.818459ms)
✔ effect proofs: expired reserved lookup releases only an undispatched reservation and preserves measured uncertainty (7.653417ms)
✔ effect proofs: expired running lookup releases only an undispatched reservation and preserves measured uncertainty (5.285875ms)
✔ effect proofs: lifecycle deletion reopens a settled effect and quarantines all linked references without changing received facts or timestamps (7.121458ms)
✔ effect proofs: a committed tool dispatch with missing proof authority cannot silently bypass the broker (9.738ms)
✔ effect proofs: a committed tool dispatch with invalid proof authority cannot silently bypass the broker (5.885459ms)
✔ effect proofs: a committed tool dispatch with valid proof authority cannot silently bypass the broker (5.942292ms)
✔ effect proofs: a reuse await that loses proof validity is checked before implementation entry (6.054333ms)
✔ effect proofs: invalid proof prevents new model reservation before compiling input (6.506875ms)
✔ effect proofs: losing proof during model input read prevents actual planner entry and still settles the dispatched call (12.561459ms)
✔ effect proofs: loss during adoption artifact checks rejects a stored model proposal while preserving usage (6.742958ms)
✔ effect proofs: a valid checker permits one model invocation and adoption with the historical proof unchanged (6.785375ms)
✔ effect proofs: proof loss during result body storage prevents response publication (5.432125ms)
✔ effect proofs: a same-revision snapshot suppresses an existing result when its proof becomes unavailable during the read (5.180458ms)
✔ sqlite: work resource bodies and metadata use canonical effect proof with a narrowed caller and fail without a checker (303.315125ms)
✔ sqlite: proof invalidation during original or stored result I/O cannot return the already read body (270.565042ms)
✔ sqlite: disclosure release, saved payload, raw read and receiver entry all retain current source effect proof (332.94075ms)
✔ sqlite: private, derived and cached shared memory cannot outlive the original work effect proof (227.188542ms)
✔ sqlite: source proof authentication does not recursively validate memory copied into that same work (1067.56525ms)
✔ sqlite: a failed historical effect proof stays required after refresh and reopen until the same source is explicitly proved again (1696.640958ms)
✔ file-journal: work resource bodies and metadata use canonical effect proof with a narrowed caller and fail without a checker (1636.966292ms)
✔ file-journal: proof invalidation during original or stored result I/O cannot return the already read body (1197.82225ms)
✔ file-journal: disclosure release, saved payload, raw read and receiver entry all retain current source effect proof (1819.421333ms)
✔ file-journal: private, derived and cached shared memory cannot outlive the original work effect proof (2491.847125ms)
✔ file-journal: source proof authentication does not recursively validate memory copied into that same work (7131.292ms)
✔ file-journal: a failed historical effect proof stays required after refresh and reopen until the same source is explicitly proved again (5752.797834ms)
✔ sqlite: a memory-only service rejects an unsupported retained input in a nested source work (60.084042ms)
✔ sqlite: a memory tool cancels a blocked custody read before the source responds (54.387792ms)
✔ sqlite: custody-free reads keep their original I/O path and a W to M to W custody cycle remains finite (57.594209ms)
✔ sqlite: external K revise blocks direct, derived and cached M before W is refreshed (87.218458ms)
✔ sqlite: external K retract blocks direct, derived and cached M before W is refreshed (114.904458ms)
✔ sqlite: external K expire blocks direct, derived and cached M before W is refreshed (101.86ms)
✔ sqlite: external K generation blocks direct, derived and cached M before W is refreshed (130.174791ms)
✔ sqlite: a shared reader uses current M authority without impersonating its owner's private K actor (110.3895ms)
✔ sqlite: custody does not reconstruct an unconfirmed reviewer-only permission (111.715958ms)
✔ sqlite: custody entry and byte limits fail closed before reading unbounded knowledge records (364.366666ms)
✔ sqlite: a derivedFrom cycle remains invalid even when its work custody graph is finite (94.8005ms)
✔ sqlite: external memory changed during closure collection cannot survive the stable snapshot (38.372459ms)
✔ file-journal: a memory-only service rejects an unsupported retained input in a nested source work (1205.633042ms)
✔ file-journal: a memory tool cancels a blocked custody read before the source responds (864.967167ms)
✔ file-journal: custody-free reads keep their original I/O path and a W to M to W custody cycle remains finite (659.144625ms)
✔ file-journal: external K revise blocks direct, derived and cached M before W is refreshed (1503.464083ms)
✔ file-journal: external K retract blocks direct, derived and cached M before W is refreshed (1385.979542ms)
✔ file-journal: external K expire blocks direct, derived and cached M before W is refreshed (1395.373959ms)
✔ file-journal: external K generation blocks direct, derived and cached M before W is refreshed (1954.979625ms)
✔ file-journal: a shared reader uses current M authority without impersonating its owner's private K actor (1498.655ms)
✔ file-journal: custody does not reconstruct an unconfirmed reviewer-only permission (477.100042ms)
✔ file-journal: custody entry and byte limits fail closed before reading unbounded knowledge records (647.813625ms)
✔ file-journal: a derivedFrom cycle remains invalid even when its work custody graph is finite (645.579875ms)
✔ file-journal: external memory changed during closure collection cannot survive the stable snapshot (423.784125ms)
ℹ tests 195
ℹ suites 0
ℹ pass 195
ℹ fail 0
ℹ cancelled 0
ℹ skipped 0
ℹ todo 0
ℹ duration_ms 35194.280375
