✖ sqlite: confirmed answer retraction invalidates the previous completion projection (1691.983625ms)
✖ file-journal: confirmed answer retraction invalidates the previous completion projection (7468.984083ms)
ℹ tests 2
ℹ suites 0
ℹ pass 0
ℹ fail 2
ℹ cancelled 0
ℹ skipped 0
ℹ todo 0
ℹ duration_ms 9248.783959

✖ failing tests:

test at dist/tests/board-request-runtime.test.js:190:5
✖ sqlite: confirmed answer retraction invalidates the previous completion projection (1691.983625ms)
  Error: board_command_unavailable
      at unavailable (file:///Users/seunghanee/Documents/secumon/runtime/dist/application/board-commands.js:27:27)
      at BoardCommands.projectedObligations (file:///Users/seunghanee/Documents/secumon/runtime/dist/application/board-commands.js:235:23)
      at async BoardCommands.refreshObligations (file:///Users/seunghanee/Documents/secumon/runtime/dist/application/board-commands.js:273:65)
      at async Object.execute (file:///Users/seunghanee/Documents/secumon/runtime/dist/tests/board-request-runtime.test.js:74:25)
      at async TestContext.<anonymous> (file:///Users/seunghanee/Documents/secumon/runtime/dist/tests/board-request-runtime.test.js:198:9)
      at async Test.run (node:internal/test_runner/test:1404:7)
      at async startSubtestAfterBootstrap (node:internal/test_runner/harness:387:3)

test at dist/tests/board-request-runtime.test.js:190:5
✖ file-journal: confirmed answer retraction invalidates the previous completion projection (7468.984083ms)
  Error: board_command_unavailable
      at unavailable (file:///Users/seunghanee/Documents/secumon/runtime/dist/application/board-commands.js:27:27)
      at BoardCommands.projectedObligations (file:///Users/seunghanee/Documents/secumon/runtime/dist/application/board-commands.js:235:23)
      at async BoardCommands.refreshObligations (file:///Users/seunghanee/Documents/secumon/runtime/dist/application/board-commands.js:273:65)
      at async Object.execute (file:///Users/seunghanee/Documents/secumon/runtime/dist/tests/board-request-runtime.test.js:74:25)
      at async TestContext.<anonymous> (file:///Users/seunghanee/Documents/secumon/runtime/dist/tests/board-request-runtime.test.js:198:9)
      at async Test.run (node:internal/test_runner/test:1404:7)
      at async Test.processPendingSubtests (node:internal/test_runner/test:969:7)
