✖ sqlite/documents: runtime board read retains custody through history, compact and reopen (124.84475ms)
✖ sqlite/observations: runtime board read retains custody through history, compact and reopen (93.783458ms)
✖ sqlite: mutual work references terminate and a revoked member invalidates the whole closure (93.176583ms)
✖ sqlite: changed post blocks retained board context and quarantines copied state (85.469625ms)
✖ sqlite: changed source blocks retained board context and quarantines copied state (146.737333ms)
✖ sqlite: changed role blocks retained board context and quarantines copied state (185.088792ms)
✖ sqlite: changed authority blocks retained board context and quarantines copied state (165.686291ms)
✖ sqlite: changed generation blocks retained board context and quarantines copied state (188.186208ms)
✖ sqlite: changed validator blocks retained board context and quarantines copied state (170.290125ms)
✖ file-journal/documents: runtime board read retains custody through history, compact and reopen (680.74925ms)
✖ file-journal/observations: runtime board read retains custody through history, compact and reopen (694.1665ms)
✖ file-journal: mutual work references terminate and a revoked member invalidates the whole closure (785.255458ms)
✖ file-journal: changed post blocks retained board context and quarantines copied state (826.600375ms)
✖ file-journal: changed source blocks retained board context and quarantines copied state (1513.900417ms)
✖ file-journal: changed role blocks retained board context and quarantines copied state (1372.0085ms)
✖ file-journal: changed authority blocks retained board context and quarantines copied state (1148.923042ms)
✖ file-journal: changed generation blocks retained board context and quarantines copied state (451.05825ms)
✖ file-journal: changed validator blocks retained board context and quarantines copied state (664.761209ms)
✔ sqlite/documents: bounded discussion pages resume after reopening with no new evidence (58.458167ms)
✔ sqlite/observations: bounded discussion pages resume after reopening with no new evidence (58.260458ms)
✔ sqlite: uncited hypotheses persist as unverified and never supply independent facts or request answers (32.19ms)
✔ sqlite: quoted coverage remains partial or unknown instead of becoming complete (55.799959ms)
✔ sqlite: UTF-8 output limits retain complete posts and require a larger page for an oversized item (24.827916ms)
✔ sqlite: pages exclude other entity details and reject stale, foreign, and unavailable cursor positions (42.041667ms)
✔ sqlite: page authority includes the consuming work and rejects invalid limits before reading (41.997542ms)
✔ sqlite: a bounded first page reuses source reads and stops before unrelated later sources (40.167333ms)
✔ sqlite: a consuming work change during a page read prevents returning the stale page (39.677875ms)
✔ sqlite: removing citations does not bypass the author's retained memory dependencies (75.206958ms)
✔ file-journal/documents: bounded discussion pages resume after reopening with no new evidence (532.713916ms)
✔ file-journal/observations: bounded discussion pages resume after reopening with no new evidence (405.519458ms)
✔ file-journal: uncited hypotheses persist as unverified and never supply independent facts or request answers (288.458541ms)
✔ file-journal: quoted coverage remains partial or unknown instead of becoming complete (392.749625ms)
✔ file-journal: UTF-8 output limits retain complete posts and require a larger page for an oversized item (209.260792ms)
✔ file-journal: pages exclude other entity details and reject stale, foreign, and unavailable cursor positions (382.093791ms)
✔ file-journal: page authority includes the consuming work and rejects invalid limits before reading (209.13675ms)
✔ file-journal: a bounded first page reuses source reads and stops before unrelated later sources (424.086625ms)
✔ file-journal: a consuming work change during a page read prevents returning the stale page (330.581375ms)
✔ file-journal: removing citations does not bypass the author's retained memory dependencies (388.848458ms)
✔ sqlite/documents: two persistent roles share citations without publishing private memory or inflating sources (234.500333ms)
✔ sqlite/observations: two persistent roles share citations without publishing private memory or inflating sources (184.86275ms)
✔ sqlite: direct source sharing requires source ownership; quotes require a currently visible post (193.95225ms)
✔ sqlite: retract-post removes the claim and its quoted descendants from current views (219.712125ms)
✔ sqlite: restrict-source removes the claim and its quoted descendants from current views (274.26475ms)
✔ sqlite: change-goal removes the claim and its quoted descendants from current views (197.70975ms)
✔ sqlite: delete-original removes the claim and its quoted descendants from current views (219.869125ms)
✔ sqlite: expire removes the claim and its quoted descendants from current views (220.915875ms)
✔ sqlite: an entity with the same key in a different time scope stays separate (137.532375ms)
✔ sqlite: publishing a question does not assign it; acceptance, response and requester confirmation remain distinct (253.932042ms)
✔ sqlite: repeated replies and explicit cyclic waits are bounded; deadlines do not reset on reopen (214.169208ms)
✔ sqlite: exact command retry survives a lost reply; reused IDs with changed content and concurrent edits fail (229.860542ms)
✔ sqlite: authority changing during a source read cannot publish or return the delayed content (191.159583ms)
✔ sqlite: a derived claim retains ancestry without becoming another independent fact source (109.386208ms)
✔ sqlite: repeated quotes share one source read within a view and a later view revalidates it (156.765792ms)
✔ sqlite: unlabelled prose inherits the author's work labels and current exchange policy (159.679917ms)
✔ sqlite: a fulfilled dependency remains attached and its later retraction invalidates dependent confirmation (226.427958ms)
✔ sqlite: reply depth, total posts, total requests and repeated causes have separate limits (218.616417ms)
✔ sqlite: an advancing clock permits ordinary writes and blocks a post expiring during the final boundary check (191.028208ms)
✔ sqlite: a paused assignee cannot have its submitted answer confirmed (172.828667ms)
✔ sqlite: an actual worker SIGKILL after durable publication preserves one post and one command receipt (206.30725ms)
✔ file-journal/documents: two persistent roles share citations without publishing private memory or inflating sources (235.979625ms)
✔ file-journal/observations: two persistent roles share citations without publishing private memory or inflating sources (278.039667ms)
✔ file-journal: direct source sharing requires source ownership; quotes require a currently visible post (170.149666ms)
✔ file-journal: retract-post removes the claim and its quoted descendants from current views (192.361042ms)
✔ file-journal: restrict-source removes the claim and its quoted descendants from current views (204.01675ms)
✔ file-journal: change-goal removes the claim and its quoted descendants from current views (158.979375ms)
✔ file-journal: delete-original removes the claim and its quoted descendants from current views (114.689042ms)
✔ file-journal: expire removes the claim and its quoted descendants from current views (119.602625ms)
✔ file-journal: an entity with the same key in a different time scope stays separate (90.972708ms)
✔ file-journal: publishing a question does not assign it; acceptance, response and requester confirmation remain distinct (208.913542ms)
✔ file-journal: repeated replies and explicit cyclic waits are bounded; deadlines do not reset on reopen (236.477667ms)
✔ file-journal: exact command retry survives a lost reply; reused IDs with changed content and concurrent edits fail (87.9255ms)
✔ file-journal: authority changing during a source read cannot publish or return the delayed content (89.027584ms)
✔ file-journal: a derived claim retains ancestry without becoming another independent fact source (107.099542ms)
✔ file-journal: repeated quotes share one source read within a view and a later view revalidates it (167.5985ms)
✔ file-journal: unlabelled prose inherits the author's work labels and current exchange policy (117.847292ms)
✔ file-journal: a fulfilled dependency remains attached and its later retraction invalidates dependent confirmation (324.479541ms)
✔ file-journal: reply depth, total posts, total requests and repeated causes have separate limits (125.743875ms)
✔ file-journal: an advancing clock permits ordinary writes and blocks a post expiring during the final boundary check (98.795667ms)
✔ file-journal: a paused assignee cannot have its submitted answer confirmed (168.252708ms)
✔ file-journal: an actual worker SIGKILL after durable publication preserves one post and one command receipt (176.618416ms)
✔ file board journal detects missing revisions and changed content instead of returning a partial history (77.529416ms)
✔ a diamond validates every edge, inspects a shared source once and guards every captured node (1.328167ms)
✔ a reference cycle is finite while an invalid member still rejects the whole closure (0.288584ms)
✔ a pin encountered after visiting a node is still checked (0.153667ms)
✔ conflicting pending pins fail before dispatch, including across duplicate roots (0.084333ms)
✔ captured source or authority changes during another read invalidate the result (0.25025ms)
✔ application invariants can reject a semantic cycle before guard I/O without changing generic cycle handling (0.096ms)
✔ expiry of an earlier node during a later guard is checked again before return (0.12625ms)
✔ already expired nodes cannot be inputs (0.077458ms)
✔ node, edge and byte budgets stop excessive reads before dispatching the next node (0.295125ms)
✔ a long chain uses an iterative queue and visits every source exactly once (3.867166ms)
✔ pre-aborted validation never invokes a reader (0.262542ms)
✔ cancellation ends a blocked validation and contains a late reader rejection (3.832542ms)
✔ the elapsed deadline bounds a reader that ignores cancellation (21.441666ms)
✔ logical clock deadline changes and backwards clock readings cannot extend validation (0.308958ms)
✔ reader exceptions, unknown providers and malformed replies return fixed errors without source data (0.193ms)
✔ registration captures the callback and rejects duplicate providers and invalid limits (0.220084ms)
✔ overlapping validations keep separate snapshots, queues and cancellation (0.15525ms)
✔ provider and key jointly identify a node (0.087792ms)
✔ sqlite: a memory tool cancels a blocked custody read before the source responds (41.846542ms)
✔ sqlite: custody-free reads keep their original I/O path and a W to M to W custody cycle remains finite (21.884958ms)
✔ sqlite: external K revise blocks direct, derived and cached M before W is refreshed (29.863ms)
✔ sqlite: external K retract blocks direct, derived and cached M before W is refreshed (54.322875ms)
✔ sqlite: external K expire blocks direct, derived and cached M before W is refreshed (24.482541ms)
✔ sqlite: external K generation blocks direct, derived and cached M before W is refreshed (30.440042ms)
✔ sqlite: a shared reader uses current M authority without impersonating its owner's private K actor (38.5925ms)
✔ sqlite: custody does not reconstruct an unconfirmed reviewer-only permission (18.950708ms)
✔ sqlite: custody entry and byte limits fail closed before reading unbounded knowledge records (126.300292ms)
✔ sqlite: a derivedFrom cycle remains invalid even when its work custody graph is finite (38.334042ms)
✔ sqlite: external memory changed during closure collection cannot survive the stable snapshot (20.3535ms)
✔ file-journal: a memory tool cancels a blocked custody read before the source responds (531.999292ms)
✔ file-journal: custody-free reads keep their original I/O path and a W to M to W custody cycle remains finite (385.13625ms)
✔ file-journal: external K revise blocks direct, derived and cached M before W is refreshed (667.994834ms)
✔ file-journal: external K retract blocks direct, derived and cached M before W is refreshed (720.407458ms)
✔ file-journal: external K expire blocks direct, derived and cached M before W is refreshed (776.952125ms)
✔ file-journal: external K generation blocks direct, derived and cached M before W is refreshed (1000.497ms)
✔ file-journal: a shared reader uses current M authority without impersonating its owner's private K actor (1335.262292ms)
✔ file-journal: custody does not reconstruct an unconfirmed reviewer-only permission (371.045375ms)
✔ file-journal: custody entry and byte limits fail closed before reading unbounded knowledge records (641.908166ms)
✔ file-journal: a derivedFrom cycle remains invalid even when its work custody graph is finite (754.58275ms)
✔ file-journal: external memory changed during closure collection cannot survive the stable snapshot (578.163ms)
ℹ tests 121
ℹ suites 0
ℹ pass 103
ℹ fail 18
ℹ cancelled 0
ℹ skipped 0
ℹ todo 0
ℹ duration_ms 11917.089834

✖ failing tests:

test at dist/tests/board-runtime.test.js:83:9
✖ sqlite/documents: runtime board read retains custody through history, compact and reopen (124.84475ms)
  AssertionError [ERR_ASSERTION]: Expected values to be strictly equal:
  
  'error' !== 'success'
  
      at TestContext.<anonymous> (file:///Users/seunghanee/Documents/secumon/runtime/dist/tests/board-runtime.test.js:87:20)
      at async Test.run (node:internal/test_runner/test:1404:7)
      at async startSubtestAfterBootstrap (node:internal/test_runner/harness:387:3) {
    generatedMessage: true,
    code: 'ERR_ASSERTION',
    actual: 'error',
    expected: 'success',
    operator: 'strictEqual',
    diff: 'simple'
  }

test at dist/tests/board-runtime.test.js:83:9
✖ sqlite/observations: runtime board read retains custody through history, compact and reopen (93.783458ms)
  AssertionError [ERR_ASSERTION]: Expected values to be strictly equal:
  
  'error' !== 'success'
  
      at TestContext.<anonymous> (file:///Users/seunghanee/Documents/secumon/runtime/dist/tests/board-runtime.test.js:87:20)
      at async Test.run (node:internal/test_runner/test:1404:7)
      at async Test.processPendingSubtests (node:internal/test_runner/test:969:7) {
    generatedMessage: true,
    code: 'ERR_ASSERTION',
    actual: 'error',
    expected: 'success',
    operator: 'strictEqual',
    diff: 'simple'
  }

test at dist/tests/board-runtime.test.js:110:5
✖ sqlite: mutual work references terminate and a revoked member invalidates the whole closure (93.176583ms)
  AssertionError [ERR_ASSERTION]: Expected values to be strictly equal:
  
  false !== true
  
      at TestContext.<anonymous> (file:///Users/seunghanee/Documents/secumon/runtime/dist/tests/board-runtime.test.js:113:16)
      at async Test.run (node:internal/test_runner/test:1404:7)
      at async Test.processPendingSubtests (node:internal/test_runner/test:969:7) {
    generatedMessage: true,
    code: 'ERR_ASSERTION',
    actual: false,
    expected: true,
    operator: 'strictEqual',
    diff: 'simple'
  }

test at dist/tests/board-runtime.test.js:123:9
✖ sqlite: changed post blocks retained board context and quarantines copied state (85.469625ms)
  AssertionError [ERR_ASSERTION]: Expected values to be strictly equal:
  
  false !== true
  
      at TestContext.<anonymous> (file:///Users/seunghanee/Documents/secumon/runtime/dist/tests/board-runtime.test.js:127:20)
      at async Test.run (node:internal/test_runner/test:1404:7)
      at async Test.processPendingSubtests (node:internal/test_runner/test:969:7) {
    generatedMessage: true,
    code: 'ERR_ASSERTION',
    actual: false,
    expected: true,
    operator: 'strictEqual',
    diff: 'simple'
  }

test at dist/tests/board-runtime.test.js:123:9
✖ sqlite: changed source blocks retained board context and quarantines copied state (146.737333ms)
  AssertionError [ERR_ASSERTION]: Expected values to be strictly equal:
  
  false !== true
  
      at TestContext.<anonymous> (file:///Users/seunghanee/Documents/secumon/runtime/dist/tests/board-runtime.test.js:127:20)
      at async Test.run (node:internal/test_runner/test:1404:7)
      at async Test.processPendingSubtests (node:internal/test_runner/test:969:7) {
    generatedMessage: true,
    code: 'ERR_ASSERTION',
    actual: false,
    expected: true,
    operator: 'strictEqual',
    diff: 'simple'
  }

test at dist/tests/board-runtime.test.js:123:9
✖ sqlite: changed role blocks retained board context and quarantines copied state (185.088792ms)
  AssertionError [ERR_ASSERTION]: Expected values to be strictly equal:
  
  false !== true
  
      at TestContext.<anonymous> (file:///Users/seunghanee/Documents/secumon/runtime/dist/tests/board-runtime.test.js:127:20)
      at async Test.run (node:internal/test_runner/test:1404:7)
      at async Test.processPendingSubtests (node:internal/test_runner/test:969:7) {
    generatedMessage: true,
    code: 'ERR_ASSERTION',
    actual: false,
    expected: true,
    operator: 'strictEqual',
    diff: 'simple'
  }

test at dist/tests/board-runtime.test.js:123:9
✖ sqlite: changed authority blocks retained board context and quarantines copied state (165.686291ms)
  AssertionError [ERR_ASSERTION]: Expected values to be strictly equal:
  
  false !== true
  
      at TestContext.<anonymous> (file:///Users/seunghanee/Documents/secumon/runtime/dist/tests/board-runtime.test.js:127:20)
      at async Test.run (node:internal/test_runner/test:1404:7)
      at async Test.processPendingSubtests (node:internal/test_runner/test:969:7) {
    generatedMessage: true,
    code: 'ERR_ASSERTION',
    actual: false,
    expected: true,
    operator: 'strictEqual',
    diff: 'simple'
  }

test at dist/tests/board-runtime.test.js:123:9
✖ sqlite: changed generation blocks retained board context and quarantines copied state (188.186208ms)
  AssertionError [ERR_ASSERTION]: Expected values to be strictly equal:
  
  false !== true
  
      at TestContext.<anonymous> (file:///Users/seunghanee/Documents/secumon/runtime/dist/tests/board-runtime.test.js:127:20)
      at async Test.run (node:internal/test_runner/test:1404:7)
      at async Test.processPendingSubtests (node:internal/test_runner/test:969:7) {
    generatedMessage: true,
    code: 'ERR_ASSERTION',
    actual: false,
    expected: true,
    operator: 'strictEqual',
    diff: 'simple'
  }

test at dist/tests/board-runtime.test.js:123:9
✖ sqlite: changed validator blocks retained board context and quarantines copied state (170.290125ms)
  AssertionError [ERR_ASSERTION]: Expected values to be strictly equal:
  
  false !== true
  
      at TestContext.<anonymous> (file:///Users/seunghanee/Documents/secumon/runtime/dist/tests/board-runtime.test.js:127:20)
      at async Test.run (node:internal/test_runner/test:1404:7)
      at async Test.processPendingSubtests (node:internal/test_runner/test:969:7) {
    generatedMessage: true,
    code: 'ERR_ASSERTION',
    actual: false,
    expected: true,
    operator: 'strictEqual',
    diff: 'simple'
  }

test at dist/tests/board-runtime.test.js:83:9
✖ file-journal/documents: runtime board read retains custody through history, compact and reopen (680.74925ms)
  AssertionError [ERR_ASSERTION]: Expected values to be strictly equal:
  
  'error' !== 'success'
  
      at TestContext.<anonymous> (file:///Users/seunghanee/Documents/secumon/runtime/dist/tests/board-runtime.test.js:87:20)
      at async Test.run (node:internal/test_runner/test:1404:7)
      at async Test.processPendingSubtests (node:internal/test_runner/test:969:7) {
    generatedMessage: true,
    code: 'ERR_ASSERTION',
    actual: 'error',
    expected: 'success',
    operator: 'strictEqual',
    diff: 'simple'
  }

test at dist/tests/board-runtime.test.js:83:9
✖ file-journal/observations: runtime board read retains custody through history, compact and reopen (694.1665ms)
  AssertionError [ERR_ASSERTION]: Expected values to be strictly equal:
  
  'error' !== 'success'
  
      at TestContext.<anonymous> (file:///Users/seunghanee/Documents/secumon/runtime/dist/tests/board-runtime.test.js:87:20)
      at async Test.run (node:internal/test_runner/test:1404:7)
      at async Test.processPendingSubtests (node:internal/test_runner/test:969:7) {
    generatedMessage: true,
    code: 'ERR_ASSERTION',
    actual: 'error',
    expected: 'success',
    operator: 'strictEqual',
    diff: 'simple'
  }

test at dist/tests/board-runtime.test.js:110:5
✖ file-journal: mutual work references terminate and a revoked member invalidates the whole closure (785.255458ms)
  AssertionError [ERR_ASSERTION]: Expected values to be strictly equal:
  
  false !== true
  
      at TestContext.<anonymous> (file:///Users/seunghanee/Documents/secumon/runtime/dist/tests/board-runtime.test.js:113:16)
      at async Test.run (node:internal/test_runner/test:1404:7)
      at async Test.processPendingSubtests (node:internal/test_runner/test:969:7) {
    generatedMessage: true,
    code: 'ERR_ASSERTION',
    actual: false,
    expected: true,
    operator: 'strictEqual',
    diff: 'simple'
  }

test at dist/tests/board-runtime.test.js:123:9
✖ file-journal: changed post blocks retained board context and quarantines copied state (826.600375ms)
  AssertionError [ERR_ASSERTION]: Expected values to be strictly equal:
  
  false !== true
  
      at TestContext.<anonymous> (file:///Users/seunghanee/Documents/secumon/runtime/dist/tests/board-runtime.test.js:127:20)
      at async Test.run (node:internal/test_runner/test:1404:7)
      at async Test.processPendingSubtests (node:internal/test_runner/test:969:7) {
    generatedMessage: true,
    code: 'ERR_ASSERTION',
    actual: false,
    expected: true,
    operator: 'strictEqual',
    diff: 'simple'
  }

test at dist/tests/board-runtime.test.js:123:9
✖ file-journal: changed source blocks retained board context and quarantines copied state (1513.900417ms)
  AssertionError [ERR_ASSERTION]: Expected values to be strictly equal:
  
  false !== true
  
      at TestContext.<anonymous> (file:///Users/seunghanee/Documents/secumon/runtime/dist/tests/board-runtime.test.js:127:20)
      at async Test.run (node:internal/test_runner/test:1404:7)
      at async Test.processPendingSubtests (node:internal/test_runner/test:969:7) {
    generatedMessage: true,
    code: 'ERR_ASSERTION',
    actual: false,
    expected: true,
    operator: 'strictEqual',
    diff: 'simple'
  }

test at dist/tests/board-runtime.test.js:123:9
✖ file-journal: changed role blocks retained board context and quarantines copied state (1372.0085ms)
  AssertionError [ERR_ASSERTION]: Expected values to be strictly equal:
  
  false !== true
  
      at TestContext.<anonymous> (file:///Users/seunghanee/Documents/secumon/runtime/dist/tests/board-runtime.test.js:127:20)
      at async Test.run (node:internal/test_runner/test:1404:7)
      at async Test.processPendingSubtests (node:internal/test_runner/test:969:7) {
    generatedMessage: true,
    code: 'ERR_ASSERTION',
    actual: false,
    expected: true,
    operator: 'strictEqual',
    diff: 'simple'
  }

test at dist/tests/board-runtime.test.js:123:9
✖ file-journal: changed authority blocks retained board context and quarantines copied state (1148.923042ms)
  AssertionError [ERR_ASSERTION]: Expected values to be strictly equal:
  
  false !== true
  
      at TestContext.<anonymous> (file:///Users/seunghanee/Documents/secumon/runtime/dist/tests/board-runtime.test.js:127:20)
      at async Test.run (node:internal/test_runner/test:1404:7)
      at async Test.processPendingSubtests (node:internal/test_runner/test:969:7) {
    generatedMessage: true,
    code: 'ERR_ASSERTION',
    actual: false,
    expected: true,
    operator: 'strictEqual',
    diff: 'simple'
  }

test at dist/tests/board-runtime.test.js:123:9
✖ file-journal: changed generation blocks retained board context and quarantines copied state (451.05825ms)
  AssertionError [ERR_ASSERTION]: Expected values to be strictly equal:
  
  false !== true
  
      at TestContext.<anonymous> (file:///Users/seunghanee/Documents/secumon/runtime/dist/tests/board-runtime.test.js:127:20)
      at async Test.run (node:internal/test_runner/test:1404:7)
      at async Test.processPendingSubtests (node:internal/test_runner/test:969:7) {
    generatedMessage: true,
    code: 'ERR_ASSERTION',
    actual: false,
    expected: true,
    operator: 'strictEqual',
    diff: 'simple'
  }

test at dist/tests/board-runtime.test.js:123:9
✖ file-journal: changed validator blocks retained board context and quarantines copied state (664.761209ms)
  AssertionError [ERR_ASSERTION]: Expected values to be strictly equal:
  
  false !== true
  
      at TestContext.<anonymous> (file:///Users/seunghanee/Documents/secumon/runtime/dist/tests/board-runtime.test.js:127:20)
      at async Test.run (node:internal/test_runner/test:1404:7)
      at async Test.processPendingSubtests (node:internal/test_runner/test:969:7) {
    generatedMessage: true,
    code: 'ERR_ASSERTION',
    actual: false,
    expected: true,
    operator: 'strictEqual',
    diff: 'simple'
  }
