
> long-horizon-runtime@0.1.0 build
> tsc -p tsconfig.json && node scripts/record-build.mjs

src/tests/board-request-runtime.test.ts(1,21): error TS6133: 'TestContext' is declared but its value is never read.
src/tests/board-request-runtime.test.ts(3,10): error TS6133: 'mkdtemp' is declared but its value is never read.
src/tests/board-request-runtime.test.ts(3,19): error TS6133: 'rm' is declared but its value is never read.
src/tests/board-request-runtime.test.ts(4,1): error TS6133: 'tmpdir' is declared but its value is never read.
src/tests/board-request-runtime.test.ts(6,1): error TS6133: 'composeRuntime' is declared but its value is never read.
src/tests/board-request-runtime.test.ts(8,1): error TS6133: 'BOARD_READ_TOOL' is declared but its value is never read.
src/tests/board-request-runtime.test.ts(11,1): error TS6133: 'ToolResultSchema' is declared but its value is never read.
src/tests/board-request-runtime.test.ts(12,1): error TS6133: 'BoardActor' is declared but its value is never read.
src/tests/board-request-runtime.test.ts(13,1): error TS6133: 'BoardRepository' is declared but its value is never read.
src/tests/board-request-runtime.test.ts(14,15): error TS6196: 'TaskSpec' is declared but never used.
src/tests/board-request-runtime.test.ts(15,1): error TS6133: 'FileBoardRepository' is declared but its value is never read.
src/tests/board-request-runtime.test.ts(16,1): error TS6133: 'SqliteBoardRepository' is declared but its value is never read.
src/tests/board-request-runtime.test.ts(17,1): error TS6133: 'FileArtifactStore' is declared but its value is never read.
src/tests/board-request-runtime.test.ts(18,1): error TS6133: 'AjvSchemas' is declared but its value is never read.
src/tests/board-request-runtime.test.ts(19,1): error TS6133: 'Sha256Digester' is declared but its value is never read.
src/tests/board-request-runtime.test.ts(20,1): error TS6192: All imports in import declaration are unused.
src/tests/board-request-runtime.test.ts(21,1): error TS6192: All imports in import declaration are unused.
src/tests/helpers/board-request-fixture.ts(3,23): error TS6133: 'unlink' is declared but its value is never read.
src/tests/helpers/board-request-fixture.ts(9,1): error TS6133: 'buildModelContextPacket' is declared but its value is never read.
src/tests/helpers/board-request-fixture.ts(10,1): error TS6133: 'completionProofsCurrent' is declared but its value is never read.
