✔ budget crash sqlite: SIGKILL after durable child-genesis resumes one grant without Tool or Planner entry (358.084625ms)
✔ budget crash sqlite: SIGKILL after durable parent-grant resumes one grant without Tool or Planner entry (373.536792ms)
✔ budget crash sqlite: SIGKILL after durable child-activation resumes one grant without Tool or Planner entry (332.059083ms)
✔ budget crash sqlite: SIGKILL after parent-draining retains consumed usage and cancels unsent tool once (584.668333ms)
✔ budget crash sqlite: SIGKILL after child-fence retains consumed usage and cancels unsent tool once (597.447208ms)
✔ budget crash sqlite: SIGKILL after parent-settlement retains consumed usage and cancels unsent tool once (636.745625ms)
✔ budget crash sqlite: SIGKILL after parent-draining retains consumed usage and cancels unsent model once (600.639458ms)
✔ budget crash sqlite: SIGKILL after child-fence retains consumed usage and cancels unsent model once (594.1375ms)
✔ budget crash sqlite: SIGKILL after parent-settlement retains consumed usage and cancels unsent model once (560.510208ms)
✔ budget crash file-journal: SIGKILL after durable child-genesis resumes one grant without Tool or Planner entry (465.596333ms)
✔ budget crash file-journal: SIGKILL after durable parent-grant resumes one grant without Tool or Planner entry (509.384166ms)
✔ budget crash file-journal: SIGKILL after durable child-activation resumes one grant without Tool or Planner entry (427.277333ms)
✔ budget crash file-journal: SIGKILL after parent-draining retains consumed usage and cancels unsent tool once (1542.304958ms)
✔ budget crash file-journal: SIGKILL after child-fence retains consumed usage and cancels unsent tool once (1487.461833ms)
✔ budget crash file-journal: SIGKILL after parent-settlement retains consumed usage and cancels unsent tool once (1417.533292ms)
✔ budget crash file-journal: SIGKILL after parent-draining retains consumed usage and cancels unsent model once (1432.018792ms)
✔ budget crash file-journal: SIGKILL after child-fence retains consumed usage and cancels unsent model once (2172.220125ms)
✔ budget crash file-journal: SIGKILL after parent-settlement retains consumed usage and cancels unsent model once (1545.683417ms)
✔ budget runtime sqlite: child execution settles once across duplicate creation, reconciliation and reopen without copying evidence (77.252375ms)
✔ budget runtime sqlite: parent remaining calls execute while escrow prevents parent and sibling over-allocation (40.279083ms)
✔ budget runtime sqlite: concurrent sibling grants cannot oversubscribe one parent's remaining budget (23.442084ms)
✔ budget runtime sqlite: a child's last logical tool call is consumed by an actual dispatch and cannot be minted by a new task ID (95.260833ms)
✔ budget runtime sqlite: actual model dispatch and reported tokens remain charged when its plan is rejected (144.214125ms)
✔ budget runtime sqlite: a child token cap below the estimated reservation prevents durable model allocation and transport (80.035208ms)
✔ budget runtime sqlite: revoking an unsent tool reservation fences the child and returns only unused escrow (68.300084ms)
✔ budget runtime sqlite: revoking an unsent model reservation fences the child and returns only unused escrow (104.959417ms)
✔ budget runtime sqlite: revoke retains an active model's unknown usage, then late accounting settles once without adopting its plan (131.048042ms)
✔ budget runtime sqlite: unknown write effects keep the grant outstanding after revoke and restart (92.189667ms)
✔ budget runtime sqlite: reported model overage is charged to the parent without clamping and prevents further funding (139.633ms)
✔ budget runtime sqlite: reducing limits preserves committed charges and child deadlines while blocking new grants (105.756042ms)
✔ budget runtime sqlite: pending genesis cannot execute before funding (103.153541ms)
✔ budget runtime sqlite: pending genesis cannot execute before funding and parent cancellation wins activation (36.722ms)
✔ budget runtime sqlite: child funding rejects broader authority, altered duplicate commands and work ID reattachment (35.435916ms)
✔ budget runtime sqlite: grant commit ACK loss resumes the same grant and child without another allocation (28.577791ms)
✔ budget runtime sqlite: activation commit ACK loss resumes the same grant and child without another allocation (41.40475ms)
✔ budget runtime sqlite: revocation during child activation installs a fence that the stale activation cannot overwrite (33.417166ms)
✔ budget runtime sqlite: revoke after tool dispatch and before entry prevents transport while keeping the logical dispatch charge (98.189458ms)
✔ budget runtime sqlite: revoke after model dispatch and before entry prevents transport while keeping the logical dispatch charge (140.452459ms)
✔ budget runtime sqlite: actual replan adoption spends the child's delegated replan allowance once (150.569167ms)
✔ budget runtime sqlite: nested child execution reconciles through both grants without double charging or copying originals (186.901959ms)
✔ budget runtime sqlite: an unfunded pending child cannot turn resume or a new goal into execution authority (36.447084ms)
✔ budget runtime sqlite: a parent goal change fences a child's previously reserved tool before entry (49.868333ms)
✔ budget runtime sqlite: a parent policy change fences a child's previously reserved tool before entry (65.426334ms)
✔ budget runtime sqlite: a parent deadline change fences a child's previously reserved tool before entry (49.027791ms)
✔ budget runtime sqlite: a partially reported model response retains known tokens and unknown reservation after revoke and reopen (152.03ms)
✔ budget runtime sqlite: sibling overage received during a tool dispatch ACK delay prevents its actual entry despite stale parent accounting (271.404541ms)
✔ budget runtime sqlite: sibling overage received during a model dispatch ACK delay prevents its actual entry despite stale parent accounting (247.352208ms)
✔ budget runtime file-journal: child execution settles once across duplicate creation, reconciliation and reopen without copying evidence (582.336083ms)
✔ budget runtime file-journal: parent remaining calls execute while escrow prevents parent and sibling over-allocation (430.578292ms)
✔ budget runtime file-journal: concurrent sibling grants cannot oversubscribe one parent's remaining budget (97.606333ms)
✔ budget runtime file-journal: a child's last logical tool call is consumed by an actual dispatch and cannot be minted by a new task ID (472.248208ms)
✔ budget runtime file-journal: actual model dispatch and reported tokens remain charged when its plan is rejected (220.244417ms)
✔ budget runtime file-journal: a child token cap below the estimated reservation prevents durable model allocation and transport (180.505583ms)
✔ budget runtime file-journal: revoking an unsent tool reservation fences the child and returns only unused escrow (196.076542ms)
✔ budget runtime file-journal: revoking an unsent model reservation fences the child and returns only unused escrow (254.112125ms)
✔ budget runtime file-journal: revoke retains an active model's unknown usage, then late accounting settles once without adopting its plan (346.055125ms)
✔ budget runtime file-journal: unknown write effects keep the grant outstanding after revoke and restart (333.261334ms)
✔ budget runtime file-journal: reported model overage is charged to the parent without clamping and prevents further funding (349.49325ms)
✔ budget runtime file-journal: reducing limits preserves committed charges and child deadlines while blocking new grants (521.537ms)
✔ budget runtime file-journal: pending genesis cannot execute before funding (306.652375ms)
✔ budget runtime file-journal: pending genesis cannot execute before funding and parent cancellation wins activation (54.474ms)
✔ budget runtime file-journal: child funding rejects broader authority, altered duplicate commands and work ID reattachment (94.950958ms)
✔ budget runtime file-journal: grant commit ACK loss resumes the same grant and child without another allocation (100.835875ms)
✔ budget runtime file-journal: activation commit ACK loss resumes the same grant and child without another allocation (64.518625ms)
✔ budget runtime file-journal: revocation during child activation installs a fence that the stale activation cannot overwrite (107.420042ms)
✔ budget runtime file-journal: revoke after tool dispatch and before entry prevents transport while keeping the logical dispatch charge (370.665ms)
✔ budget runtime file-journal: revoke after model dispatch and before entry prevents transport while keeping the logical dispatch charge (426.559167ms)
✔ budget runtime file-journal: actual replan adoption spends the child's delegated replan allowance once (538.336125ms)
✔ budget runtime file-journal: nested child execution reconciles through both grants without double charging or copying originals (585.35175ms)
✔ budget runtime file-journal: an unfunded pending child cannot turn resume or a new goal into execution authority (89.750709ms)
✔ budget runtime file-journal: a parent goal change fences a child's previously reserved tool before entry (293.693625ms)
✔ budget runtime file-journal: a parent policy change fences a child's previously reserved tool before entry (265.024958ms)
✔ budget runtime file-journal: a parent deadline change fences a child's previously reserved tool before entry (185.332292ms)
✔ budget runtime file-journal: a partially reported model response retains known tokens and unknown reservation after revoke and reopen (345.574833ms)
✔ budget runtime file-journal: sibling overage received during a tool dispatch ACK delay prevents its actual entry despite stale parent accounting (732.736792ms)
✔ budget runtime file-journal: sibling overage received during a model dispatch ACK delay prevents its actual entry despite stale parent accounting (464.430875ms)
✔ budget role sqlite: independently permitted role executes and returns unused resources without copying private data (60.4485ms)
✔ budget role sqlite: allocation permit prepares work but execution waits for the host execution permit (32.962083ms)
✔ budget role sqlite: missing mandate cannot create a cross-role grant (6.261292ms)
✔ budget role sqlite: missing authority cannot create a cross-role grant (6.83025ms)
✔ budget role sqlite: missing router cannot create a cross-role grant (6.074958ms)
✔ budget role sqlite: changed tenant cannot reuse an authority reference (5.859333ms)
✔ budget role sqlite: changed principal cannot reuse an authority reference (8.122666ms)
✔ budget role sqlite: changed scope cannot reuse an authority reference (11.334334ms)
✔ budget role sqlite: changed policy cannot reuse an authority reference (7.055292ms)
✔ budget role sqlite: changed revision cannot reuse an authority reference (5.959875ms)
✔ budget role sqlite: changed limits cannot reuse an authority reference (11.736292ms)
✔ budget role sqlite: one mandate cannot allocate twice through different child identities or command IDs (27.700417ms)
✔ budget role sqlite: genesis reply loss resumes the original allocation after reopen (72.456292ms)
✔ budget role sqlite: grant reply loss resumes the original allocation after reopen (78.570916ms)
✔ budget role sqlite: activation reply loss resumes the original allocation after reopen (84.70875ms)
✔ budget role sqlite: authority withdrawal after tool dispatch prevents actual entry (95.110333ms)
✔ budget role sqlite: authority withdrawal after model dispatch prevents actual entry (123.437417ms)
✔ budget role sqlite: parent change during permission lookup invalidates the child reservation (51.641666ms)
✔ budget role sqlite: missing child runtime retains escrow and recovery later refunds exactly once (44.356584ms)
✔ budget role sqlite: unknown write effect prevents refund after revocation and reopen (117.063125ms)
✔ budget role sqlite: child runtime receives model cancellation and late usage settles without adopting a plan (152.688333ms)
✔ budget role sqlite: child revision change during final proof lookup prevents settlement (55.393375ms)
✔ budget role sqlite: removed route cannot validate old state or release funds (46.654167ms)
✔ budget role sqlite: changed child goal blocks further authority without changing recorded usage (100.830834ms)
✔ budget role file-journal: independently permitted role executes and returns unused resources without copying private data (493.48975ms)
✔ budget role file-journal: allocation permit prepares work but execution waits for the host execution permit (269.3045ms)
✔ budget role file-journal: missing mandate cannot create a cross-role grant (30.045792ms)
✔ budget role file-journal: missing authority cannot create a cross-role grant (24.928875ms)
✔ budget role file-journal: missing router cannot create a cross-role grant (24.00075ms)
✔ budget role file-journal: changed tenant cannot reuse an authority reference (33.038958ms)
✔ budget role file-journal: changed principal cannot reuse an authority reference (29.069041ms)
✔ budget role file-journal: changed scope cannot reuse an authority reference (32.869667ms)
✔ budget role file-journal: changed policy cannot reuse an authority reference (32.572875ms)
✔ budget role file-journal: changed revision cannot reuse an authority reference (29.927834ms)
✔ budget role file-journal: changed limits cannot reuse an authority reference (33.63825ms)
✔ budget role file-journal: one mandate cannot allocate twice through different child identities or command IDs (155.838125ms)
✔ budget role file-journal: genesis reply loss resumes the original allocation after reopen (382.858125ms)
✔ budget role file-journal: grant reply loss resumes the original allocation after reopen (436.131959ms)
✔ budget role file-journal: activation reply loss resumes the original allocation after reopen (252.23825ms)
✔ budget role file-journal: authority withdrawal after tool dispatch prevents actual entry (204.713125ms)
✔ budget role file-journal: authority withdrawal after model dispatch prevents actual entry (217.952417ms)
✔ budget role file-journal: parent change during permission lookup invalidates the child reservation (132.194334ms)
✔ budget role file-journal: missing child runtime retains escrow and recovery later refunds exactly once (115.465417ms)
✔ budget role file-journal: unknown write effect prevents refund after revocation and reopen (268.545875ms)
✔ budget role file-journal: child runtime receives model cancellation and late usage settles without adopting a plan (308.381208ms)
✔ budget role file-journal: child revision change during final proof lookup prevents settlement (127.074334ms)
✔ budget role file-journal: removed route cannot validate old state or release funds (111.231375ms)
✔ budget role file-journal: changed child goal blocks further authority without changing recorded usage (275.03575ms)
✔ budget role sqlite: nested ordinary children use their own role session when the sponsor settles the tree (47.116209ms)
✔ budget role sqlite: context compact and restore preserve the stored funding authority and usage (72.738583ms)
✔ budget role sqlite: route withdrawal inside authority lookup blocks a reserved tool before dispatch (10.989875ms)
✔ budget role file-journal: nested ordinary children use their own role session when the sponsor settles the tree (398.740875ms)
✔ budget role file-journal: context compact and restore preserve the stored funding authority and usage (260.079792ms)
✔ budget role file-journal: route withdrawal inside authority lookup blocks a reserved tool before dispatch (104.489166ms)
✔ budget role sqlite: an authority lookup that ignores cancellation times out before adapter entry (63.662042ms)
✔ budget role sqlite: changing the authority adapter while it answers invalidates the old permit (13.231792ms)
✔ budget role file-journal: an authority lookup that ignores cancellation times out before adapter entry (157.42475ms)
✔ budget role file-journal: changing the authority adapter while it answers invalidates the old permit (108.242208ms)
✔ budget role sqlite: temporary authority failure holds an active allocation and resumes without regranting (37.415958ms)
✔ budget role file-journal: temporary authority failure holds an active allocation and resumes without regranting (215.061916ms)
✔ budget exposure: own usage and reservations add each dimension without charging elapsed time or unknown counts as tokens (0.847666ms)
✔ budget exposure: active and draining escrow count once even when the same child usage has already been observed (0.510083ms)
✔ budget exposure: usage above allocation and outstanding reservations remain visible in independent dimensions (0.088583ms)
✔ budget exposure: settling replaces escrow with accounted plus reserved amounts and repeated reads cannot refund twice (0.088459ms)
✔ budget exposure: unknown and partially reported model usage keeps reserved tokens even on a settled summary (1.214833ms)
✔ budget exposure: a lower parent limit preserves actual costs and reports each excess without negative remaining values (0.130792ms)
✔ budget exposure: separate grants sum but duplicate IDs and duplicate child funding records are rejected (0.581ms)
✔ budget exposure: zero-funded grants remain explicit and cannot hide a later reported expense (0.061791ms)
✔ budget exposure: max-safe totals are exact and overflow in local, grant, aggregate or combined arithmetic fails closed (0.253709ms)
✔ budget exposure: fractional, negative, nonfinite, unsafe and missing values never become zero (0.416541ms)
✔ budget exposure: grant schema keeps authority identity strict and requires a state revision for observed or settled accounting (0.515917ms)
✔ budget exposure: parent links preserve pending, active and draining as different stored phases without conferring allocation authority (0.309541ms)
✔ budget exposure: empty and absent grant lists are equivalent while malformed and over-cap lists are rejected (46.499125ms)
✔ budget exposure: projections and strict schema copies share no mutable vectors with the ledger (0.240709ms)
✔ budget authority: strict mandate identity retains issuer, reference, rule and child goal revision (1.053875ms)
✔ budget authority: a second grant for one mandate remains duplicate even after its issuer revision changes (0.2745ms)
✔ sqlite: broker rechecks source knowledge after a real reuse lookup misses (40.337541ms)
✔ sqlite: legacy attempt rejects a destination replacement during beforeInvoke (12.071875ms)
✔ sqlite: legacy attempt rejects a labels replacement during beforeInvoke (21.533292ms)
✔ sqlite: legacy attempt rejects a effect replacement during beforeInvoke (9.43425ms)
✔ sqlite: legacy attempt rejects a destination replacement during reuse (9.001ms)
✔ sqlite: legacy attempt rejects a labels replacement during reuse (9.06975ms)
✔ sqlite: legacy attempt rejects a effect replacement during reuse (19.37075ms)
✔ sqlite: an unchanged legacy attempt invokes once after asynchronous guards and a reuse miss (7.853416ms)
✔ file-journal: broker rechecks source knowledge after a real reuse lookup misses (481.852833ms)
✔ file-journal: legacy attempt rejects a destination replacement during beforeInvoke (300.190667ms)
✔ file-journal: legacy attempt rejects a labels replacement during beforeInvoke (404.400792ms)
✔ file-journal: legacy attempt rejects a effect replacement during beforeInvoke (373.904666ms)
✔ file-journal: legacy attempt rejects a destination replacement during reuse (479.167791ms)
✔ file-journal: legacy attempt rejects a labels replacement during reuse (372.906375ms)
✔ file-journal: legacy attempt rejects a effect replacement during reuse (332.09725ms)
✔ file-journal: an unchanged legacy attempt invokes once after asynchronous guards and a reuse miss (211.909541ms)
ℹ tests 168
ℹ suites 0
ℹ pass 168
ℹ fail 0
ℹ cancelled 0
ℹ skipped 0
ℹ todo 0
ℹ duration_ms 18672.191292
