✖ sqlite: authority withdrawn during receipt proof I/O invalidates that same read (93.313708ms)
✖ file-journal: authority withdrawn during receipt proof I/O invalidates that same read (182.8585ms)
ℹ tests 2
ℹ suites 0
ℹ pass 0
ℹ fail 2
ℹ cancelled 0
ℹ skipped 0
ℹ todo 0
ℹ duration_ms 363.654084

✖ failing tests:

test at dist/tests/board-write-runtime.test.js:201:5
✖ sqlite: authority withdrawn during receipt proof I/O invalidates that same read (93.313708ms)
  AssertionError [ERR_ASSERTION]: Expected values to be strictly equal:
  
  true !== false
  
      at TestContext.<anonymous> (file:///Users/seunghanee/Documents/secumon/runtime/dist/tests/board-write-runtime.test.js:209:16)
      at async Test.run (node:internal/test_runner/test:1404:7)
      at async startSubtestAfterBootstrap (node:internal/test_runner/harness:387:3) {
    generatedMessage: true,
    code: 'ERR_ASSERTION',
    actual: true,
    expected: false,
    operator: 'strictEqual',
    diff: 'simple'
  }

test at dist/tests/board-write-runtime.test.js:201:5
✖ file-journal: authority withdrawn during receipt proof I/O invalidates that same read (182.8585ms)
  AssertionError [ERR_ASSERTION]: Expected values to be strictly equal:
  
  true !== false
  
      at TestContext.<anonymous> (file:///Users/seunghanee/Documents/secumon/runtime/dist/tests/board-write-runtime.test.js:209:16)
      at async Test.run (node:internal/test_runner/test:1404:7)
      at async Test.processPendingSubtests (node:internal/test_runner/test:969:7) {
    generatedMessage: true,
    code: 'ERR_ASSERTION',
    actual: true,
    expected: false,
    operator: 'strictEqual',
    diff: 'simple'
  }
