✖ board funding sqlite/documents: allocated role reads, accepts, reasons, answers and settles without sponsor source access (715.196584ms)
✖ board funding sqlite/observations: allocated role reads, accepts, reasons, answers and settles without sponsor source access (615.249292ms)
✖ board funding file-journal/documents: allocated role reads, accepts, reasons, answers and settles without sponsor source access (2184.861791ms)
✖ board funding file-journal/observations: allocated role reads, accepts, reasons, answers and settles without sponsor source access (2198.001625ms)
ℹ tests 4
ℹ suites 0
ℹ pass 0
ℹ fail 4
ℹ cancelled 0
ℹ skipped 0
ℹ todo 0
ℹ duration_ms 5806.957125

✖ failing tests:

test at dist/tests/board-funding-runtime.test.js:103:9
✖ board funding sqlite/documents: allocated role reads, accepts, reasons, answers and settles without sponsor source access (715.196584ms)
  AssertionError [ERR_ASSERTION]: {"stored":{"id":"attempt-12","taskId":"funding-task-8","planRevision":3,"goalRevision":1,"toolId":"core.board.requests.accept","toolVersion":"1","inputDigest":"27671eb0adeeab265960e91e1363855fdde3ebd552da29160e3638a2dd294f47","scope":"fixture","contractDigest":"3d7aab868a166084d452b4157fdaf6ad00bdd5491f9b88e74b76bb5639d90a9b","execution":{"mode":"invoked","implementationCalls":1,"usage":{"transportCalls":null,"internalOperations":null,"imageBytes":null,"waitMs":null}},"effect":"write","effectState":"none","status":"unknown","owner":"funded-worker-1","leaseUntil":11100,"startedAt":1100,"finishedAt":1100,"resultId":"attempt-12:result","resultArtifact":{"id":"a6b94bd8f7f3fba48842472c077d146aa5a81c5f5bb177765e5a92fd74f51f42","sha256":"996da84a2a5e5ccfec5e3e0c63f08854228a3d6c1802c07fa156d2b971afbdcc","byteLength":635,"mediaType":"application/json","tenantId":"tenant-a","labels":["role-private","synthetic"]},"adopted":false,"effectReceipt":{"provider":"board","operationId":"board:9a17d27e226ce9efaf81ae5e78915d4a8a5bafa5df869b5b6d644e790dc800b0","outcome":"not_applied","origin":"reconciliation","artifact":{"id":"05acd9433d07a79dd6f9095de6db76fea7051656c3f30eb3bad45a853a7b4980","sha256":"04fc096ebd1ff9470f1764c00c8c5201c534ecaafb028fe67992271eb12c0453","byteLength":527,"mediaType":"application/json","tenantId":"tenant-a","labels":["role-private","synthetic"]},"observedAt":1100},"error":{"code":"board_command_unavailable","retryable":false}},"result":{"resultId":"attempt-12:result","attemptId":"attempt-12","status":"error","effectState":"unknown","evidence":[],"artifacts":[],"output":null,"error":{"code":"board_command_unavailable","retryable":false},"cursor":null,"coverage":"unknown","inputDependencies":[{"provider":"board","workId":"funded:22456d23b649c997c248ed0745a6c77f720d06053102358539b4b671922fc52f","artifact":{"id":"b18bf838291c26651d03288443bd2d0615ef7995f7f7df724dc470550f54ca8d","sha256":"41a070277ee06c9fb85a27e83faf06e04157c4e8c27f86179fd75641fc3fefb3","byteLength":1226,"mediaType":"application/json","tenantId":"tenant-a","labels":["role-private","synthetic"]}}]}}
  
  false !== true
  
      at run (file:///Users/seunghanee/Documents/secumon/runtime/dist/tests/board-funding-runtime.test.js:84:16)
      at async TestContext.<anonymous> (file:///Users/seunghanee/Documents/secumon/runtime/dist/tests/board-funding-runtime.test.js:110:13)
      at async Test.run (node:internal/test_runner/test:1404:7)
      at async startSubtestAfterBootstrap (node:internal/test_runner/harness:387:3) {
    generatedMessage: false,
    code: 'ERR_ASSERTION',
    actual: false,
    expected: true,
    operator: 'strictEqual',
    diff: 'simple'
  }

test at dist/tests/board-funding-runtime.test.js:103:9
✖ board funding sqlite/observations: allocated role reads, accepts, reasons, answers and settles without sponsor source access (615.249292ms)
  AssertionError [ERR_ASSERTION]: {"stored":{"id":"attempt-12","taskId":"funding-task-8","planRevision":3,"goalRevision":1,"toolId":"core.board.requests.accept","toolVersion":"1","inputDigest":"27671eb0adeeab265960e91e1363855fdde3ebd552da29160e3638a2dd294f47","scope":"fixture","contractDigest":"3d7aab868a166084d452b4157fdaf6ad00bdd5491f9b88e74b76bb5639d90a9b","execution":{"mode":"invoked","implementationCalls":1,"usage":{"transportCalls":null,"internalOperations":null,"imageBytes":null,"waitMs":null}},"effect":"write","effectState":"none","status":"unknown","owner":"funded-worker-1","leaseUntil":11100,"startedAt":1100,"finishedAt":1100,"resultId":"attempt-12:result","resultArtifact":{"id":"29d29bba20e8e1d3a513d9e4b9df9558ceab75097cfcd124b9ca45136afb2917","sha256":"a33aeb4035771bb8d666103b60424b7a55b8201ae19e1aff5c262064089e4836","byteLength":635,"mediaType":"application/json","tenantId":"tenant-a","labels":["role-private","synthetic"]},"adopted":false,"effectReceipt":{"provider":"board","operationId":"board:9a17d27e226ce9efaf81ae5e78915d4a8a5bafa5df869b5b6d644e790dc800b0","outcome":"not_applied","origin":"reconciliation","artifact":{"id":"05acd9433d07a79dd6f9095de6db76fea7051656c3f30eb3bad45a853a7b4980","sha256":"04fc096ebd1ff9470f1764c00c8c5201c534ecaafb028fe67992271eb12c0453","byteLength":527,"mediaType":"application/json","tenantId":"tenant-a","labels":["role-private","synthetic"]},"observedAt":1100},"error":{"code":"board_command_unavailable","retryable":false}},"result":{"resultId":"attempt-12:result","attemptId":"attempt-12","status":"error","effectState":"unknown","evidence":[],"artifacts":[],"output":null,"error":{"code":"board_command_unavailable","retryable":false},"cursor":null,"coverage":"unknown","inputDependencies":[{"provider":"board","workId":"funded:22456d23b649c997c248ed0745a6c77f720d06053102358539b4b671922fc52f","artifact":{"id":"8552d5139b8b0fe41508ed62fd996ebc7eff3a896c7108bf4e8fd8ef0670a93d","sha256":"5665b840f63b6c02feea0e0169fb49771b1648a7017314a5e36f1557705d1fbb","byteLength":1235,"mediaType":"application/json","tenantId":"tenant-a","labels":["role-private","synthetic"]}}]}}
  
  false !== true
  
      at run (file:///Users/seunghanee/Documents/secumon/runtime/dist/tests/board-funding-runtime.test.js:84:16)
      at async TestContext.<anonymous> (file:///Users/seunghanee/Documents/secumon/runtime/dist/tests/board-funding-runtime.test.js:110:13)
      at async Test.run (node:internal/test_runner/test:1404:7)
      at async Test.processPendingSubtests (node:internal/test_runner/test:969:7) {
    generatedMessage: false,
    code: 'ERR_ASSERTION',
    actual: false,
    expected: true,
    operator: 'strictEqual',
    diff: 'simple'
  }

test at dist/tests/board-funding-runtime.test.js:103:9
✖ board funding file-journal/documents: allocated role reads, accepts, reasons, answers and settles without sponsor source access (2184.861791ms)
  AssertionError [ERR_ASSERTION]: {"stored":{"id":"attempt-12","taskId":"funding-task-8","planRevision":3,"goalRevision":1,"toolId":"core.board.requests.accept","toolVersion":"1","inputDigest":"27671eb0adeeab265960e91e1363855fdde3ebd552da29160e3638a2dd294f47","scope":"fixture","contractDigest":"3d7aab868a166084d452b4157fdaf6ad00bdd5491f9b88e74b76bb5639d90a9b","execution":{"mode":"invoked","implementationCalls":1,"usage":{"transportCalls":null,"internalOperations":null,"imageBytes":null,"waitMs":null}},"effect":"write","effectState":"none","status":"unknown","owner":"funded-worker-1","leaseUntil":11100,"startedAt":1100,"finishedAt":1100,"resultId":"attempt-12:result","resultArtifact":{"id":"a6b94bd8f7f3fba48842472c077d146aa5a81c5f5bb177765e5a92fd74f51f42","sha256":"996da84a2a5e5ccfec5e3e0c63f08854228a3d6c1802c07fa156d2b971afbdcc","byteLength":635,"mediaType":"application/json","tenantId":"tenant-a","labels":["role-private","synthetic"]},"adopted":false,"effectReceipt":{"provider":"board","operationId":"board:9a17d27e226ce9efaf81ae5e78915d4a8a5bafa5df869b5b6d644e790dc800b0","outcome":"not_applied","origin":"reconciliation","artifact":{"id":"05acd9433d07a79dd6f9095de6db76fea7051656c3f30eb3bad45a853a7b4980","sha256":"04fc096ebd1ff9470f1764c00c8c5201c534ecaafb028fe67992271eb12c0453","byteLength":527,"mediaType":"application/json","tenantId":"tenant-a","labels":["role-private","synthetic"]},"observedAt":1100},"error":{"code":"board_command_unavailable","retryable":false}},"result":{"resultId":"attempt-12:result","attemptId":"attempt-12","status":"error","effectState":"unknown","evidence":[],"artifacts":[],"output":null,"error":{"code":"board_command_unavailable","retryable":false},"cursor":null,"coverage":"unknown","inputDependencies":[{"provider":"board","workId":"funded:22456d23b649c997c248ed0745a6c77f720d06053102358539b4b671922fc52f","artifact":{"id":"b18bf838291c26651d03288443bd2d0615ef7995f7f7df724dc470550f54ca8d","sha256":"41a070277ee06c9fb85a27e83faf06e04157c4e8c27f86179fd75641fc3fefb3","byteLength":1226,"mediaType":"application/json","tenantId":"tenant-a","labels":["role-private","synthetic"]}}]}}
  
  false !== true
  
      at run (file:///Users/seunghanee/Documents/secumon/runtime/dist/tests/board-funding-runtime.test.js:84:16)
      at async TestContext.<anonymous> (file:///Users/seunghanee/Documents/secumon/runtime/dist/tests/board-funding-runtime.test.js:110:13)
      at async Test.run (node:internal/test_runner/test:1404:7)
      at async Test.processPendingSubtests (node:internal/test_runner/test:969:7) {
    generatedMessage: false,
    code: 'ERR_ASSERTION',
    actual: false,
    expected: true,
    operator: 'strictEqual',
    diff: 'simple'
  }

test at dist/tests/board-funding-runtime.test.js:103:9
✖ board funding file-journal/observations: allocated role reads, accepts, reasons, answers and settles without sponsor source access (2198.001625ms)
  AssertionError [ERR_ASSERTION]: {"stored":{"id":"attempt-12","taskId":"funding-task-8","planRevision":3,"goalRevision":1,"toolId":"core.board.requests.accept","toolVersion":"1","inputDigest":"27671eb0adeeab265960e91e1363855fdde3ebd552da29160e3638a2dd294f47","scope":"fixture","contractDigest":"3d7aab868a166084d452b4157fdaf6ad00bdd5491f9b88e74b76bb5639d90a9b","execution":{"mode":"invoked","implementationCalls":1,"usage":{"transportCalls":null,"internalOperations":null,"imageBytes":null,"waitMs":null}},"effect":"write","effectState":"none","status":"unknown","owner":"funded-worker-1","leaseUntil":11100,"startedAt":1100,"finishedAt":1100,"resultId":"attempt-12:result","resultArtifact":{"id":"29d29bba20e8e1d3a513d9e4b9df9558ceab75097cfcd124b9ca45136afb2917","sha256":"a33aeb4035771bb8d666103b60424b7a55b8201ae19e1aff5c262064089e4836","byteLength":635,"mediaType":"application/json","tenantId":"tenant-a","labels":["role-private","synthetic"]},"adopted":false,"effectReceipt":{"provider":"board","operationId":"board:9a17d27e226ce9efaf81ae5e78915d4a8a5bafa5df869b5b6d644e790dc800b0","outcome":"not_applied","origin":"reconciliation","artifact":{"id":"05acd9433d07a79dd6f9095de6db76fea7051656c3f30eb3bad45a853a7b4980","sha256":"04fc096ebd1ff9470f1764c00c8c5201c534ecaafb028fe67992271eb12c0453","byteLength":527,"mediaType":"application/json","tenantId":"tenant-a","labels":["role-private","synthetic"]},"observedAt":1100},"error":{"code":"board_command_unavailable","retryable":false}},"result":{"resultId":"attempt-12:result","attemptId":"attempt-12","status":"error","effectState":"unknown","evidence":[],"artifacts":[],"output":null,"error":{"code":"board_command_unavailable","retryable":false},"cursor":null,"coverage":"unknown","inputDependencies":[{"provider":"board","workId":"funded:22456d23b649c997c248ed0745a6c77f720d06053102358539b4b671922fc52f","artifact":{"id":"8552d5139b8b0fe41508ed62fd996ebc7eff3a896c7108bf4e8fd8ef0670a93d","sha256":"5665b840f63b6c02feea0e0169fb49771b1648a7017314a5e36f1557705d1fbb","byteLength":1235,"mediaType":"application/json","tenantId":"tenant-a","labels":["role-private","synthetic"]}}]}}
  
  false !== true
  
      at run (file:///Users/seunghanee/Documents/secumon/runtime/dist/tests/board-funding-runtime.test.js:84:16)
      at async TestContext.<anonymous> (file:///Users/seunghanee/Documents/secumon/runtime/dist/tests/board-funding-runtime.test.js:110:13)
      at async Test.run (node:internal/test_runner/test:1404:7)
      at async Test.processPendingSubtests (node:internal/test_runner/test:969:7) {
    generatedMessage: false,
    code: 'ERR_ASSERTION',
    actual: false,
    expected: true,
    operator: 'strictEqual',
    diff: 'simple'
  }
