✔ sqlite/documents: runtime board read retains custody through history, compact and reopen (749.252875ms)
✔ sqlite/observations: runtime board read retains custody through history, compact and reopen (709.576292ms)
✔ sqlite: mutual work references terminate and a revoked member invalidates the whole closure (582.283792ms)
✔ sqlite: private memory custody crosses a shared post without exposing the memory body (576.1635ms)
✔ sqlite: page content and consumer identity cannot be substituted in a result (384.312792ms)
✔ sqlite: memory and authenticated collection inputs share the board closure without recursive full validation (1054.933541ms)
✔ sqlite: cancellation ends a board-tool wait before an unavailable repository responds (296.865917ms)
✔ sqlite: a later goal retains original input custody until copied data is quarantined (399.948792ms)
✔ sqlite: changed post blocks retained board context and quarantines copied state (434.831625ms)
✔ sqlite: changed source blocks retained board context and quarantines copied state (482.794166ms)
✔ sqlite: changed raw blocks retained board context and quarantines copied state (409.80225ms)
✔ sqlite: changed receipt blocks retained board context and quarantines copied state (408.241333ms)
✔ sqlite: changed role blocks retained board context and quarantines copied state (458.118417ms)
✔ sqlite: changed authority blocks retained board context and quarantines copied state (397.601833ms)
✔ sqlite: changed labels blocks retained board context and quarantines copied state (436.263292ms)
✔ sqlite: changed generation blocks retained board context and quarantines copied state (440.752208ms)
✔ sqlite: changed validator blocks retained board context and quarantines copied state (448.927833ms)
✔ file-journal/documents: runtime board read retains custody through history, compact and reopen (9226.331208ms)
✔ file-journal/observations: runtime board read retains custody through history, compact and reopen (2388.204333ms)
✔ file-journal: mutual work references terminate and a revoked member invalidates the whole closure (640.986ms)
✔ file-journal: private memory custody crosses a shared post without exposing the memory body (455.821542ms)
✔ file-journal: page content and consumer identity cannot be substituted in a result (275.464125ms)
✔ file-journal: memory and authenticated collection inputs share the board closure without recursive full validation (1518.057959ms)
✔ file-journal: cancellation ends a board-tool wait before an unavailable repository responds (92.011334ms)
✔ file-journal: a later goal retains original input custody until copied data is quarantined (301.534125ms)
✔ file-journal: changed post blocks retained board context and quarantines copied state (307.253208ms)
✔ file-journal: changed source blocks retained board context and quarantines copied state (304.177875ms)
✔ file-journal: changed raw blocks retained board context and quarantines copied state (283.866541ms)
✔ file-journal: changed receipt blocks retained board context and quarantines copied state (282.708792ms)
✔ file-journal: changed role blocks retained board context and quarantines copied state (294.155583ms)
✔ file-journal: changed authority blocks retained board context and quarantines copied state (390.9085ms)
✔ file-journal: changed labels blocks retained board context and quarantines copied state (291.809834ms)
✔ file-journal: changed generation blocks retained board context and quarantines copied state (286.160833ms)
✔ file-journal: changed validator blocks retained board context and quarantines copied state (273.805875ms)
✔ sqlite: board publish and retract run through the broker and retain mechanical receipts (452.300791ms)
✔ sqlite: applied board command survives response loss and cannot be overwritten by the late result (164.58175ms)
✔ sqlite: saved unknown result stays immutable after durable receipt reconciliation (117.440708ms)
✔ sqlite: a late valid result is reconciled without adopting its expired execution (193.896666ms)
✔ sqlite: an expired absent command is closed and a delayed original commit cannot publish (102.952333ms)
✔ sqlite: stale revision is reconciled as closed without changing posts (207.929625ms)
✔ sqlite: proof deletion denies context, reopens obligation and does not fabricate replacement (243.040125ms)
✔ sqlite: retained receipt requires a reader and current role authority (245.677583ms)
✔ sqlite: removing the stored receipt invalidates an intact result artifact (195.516833ms)
✔ sqlite: a forged post outcome or another attempt receipt cannot be adopted (130.323375ms)
✔ sqlite: policy revoked immediately before storage prevents publication (135.21425ms)
✔ sqlite: tool schemas exclude actor, command identity and foreign source work (99.989292ms)
✔ sqlite: a no-op closure cannot smuggle a board mutation (133.810917ms)
✔ sqlite: closure duplicate and changed digest have stable distinct outcomes (126.474708ms)
✔ sqlite: previously unread quotes are rejected and a retained current read permits publication (580.215ms)
✔ sqlite: compact source checks reject omitted or altered effect outcomes (216.946ms)
✔ sqlite: a SIGKILL at the storage-worker boundary retains the runtime command receipt (256.946959ms)
✔ file-journal: board publish and retract run through the broker and retain mechanical receipts (3092.657041ms)
✔ file-journal: applied board command survives response loss and cannot be overwritten by the late result (1422.263083ms)
✔ file-journal: saved unknown result stays immutable after durable receipt reconciliation (1528.070708ms)
✔ file-journal: a late valid result is reconciled without adopting its expired execution (1563.292375ms)
✔ file-journal: an expired absent command is closed and a delayed original commit cannot publish (969.895416ms)
✔ file-journal: stale revision is reconciled as closed without changing posts (767.967875ms)
✔ file-journal: proof deletion denies context, reopens obligation and does not fabricate replacement (719.268875ms)
✔ file-journal: retained receipt requires a reader and current role authority (637.827208ms)
✔ file-journal: removing the stored receipt invalidates an intact result artifact (694.090125ms)
✔ file-journal: a forged post outcome or another attempt receipt cannot be adopted (387.252959ms)
✔ file-journal: policy revoked immediately before storage prevents publication (221.45675ms)
✔ file-journal: tool schemas exclude actor, command identity and foreign source work (92.859625ms)
✔ file-journal: a no-op closure cannot smuggle a board mutation (104.001333ms)
✔ file-journal: closure duplicate and changed digest have stable distinct outcomes (138.435625ms)
✔ file-journal: previously unread quotes are rejected and a retained current read permits publication (3522.606917ms)
✔ file-journal: compact source checks reject omitted or altered effect outcomes (260.039666ms)
✔ file-journal: a SIGKILL at the storage-worker boundary retains the runtime command receipt (229.060167ms)
✔ sqlite/documents: bounded discussion pages resume after reopening with no new evidence (95.364541ms)
✔ sqlite/observations: bounded discussion pages resume after reopening with no new evidence (124.284542ms)
✔ sqlite: uncited hypotheses persist as unverified and never supply independent facts or request answers (89.355583ms)
✔ sqlite: quoted coverage remains partial or unknown instead of becoming complete (85.665875ms)
✔ sqlite: UTF-8 output limits retain complete posts and require a larger page for an oversized item (91.534084ms)
✔ sqlite: pages exclude other entity details and reject stale, foreign, and unavailable cursor positions (118.145875ms)
✔ sqlite: page authority includes the consuming work and rejects invalid limits before reading (72.820209ms)
✔ sqlite: a bounded first page reuses source reads and stops before unrelated later sources (110.557666ms)
✔ sqlite: a consuming work change during a page read prevents returning the stale page (154.717667ms)
✔ sqlite: removing citations does not bypass the author's retained memory dependencies (69.925042ms)
✔ file-journal/documents: bounded discussion pages resume after reopening with no new evidence (721.99575ms)
✔ file-journal/observations: bounded discussion pages resume after reopening with no new evidence (730.005458ms)
✔ file-journal: uncited hypotheses persist as unverified and never supply independent facts or request answers (689.864958ms)
✔ file-journal: quoted coverage remains partial or unknown instead of becoming complete (592.018291ms)
✔ file-journal: UTF-8 output limits retain complete posts and require a larger page for an oversized item (320.3565ms)
✔ file-journal: pages exclude other entity details and reject stale, foreign, and unavailable cursor positions (629.712083ms)
✔ file-journal: page authority includes the consuming work and rejects invalid limits before reading (404.883709ms)
✔ file-journal: a bounded first page reuses source reads and stops before unrelated later sources (786.899792ms)
✔ file-journal: a consuming work change during a page read prevents returning the stale page (365.98475ms)
✔ file-journal: removing citations does not bypass the author's retained memory dependencies (838.759084ms)
✔ sqlite/documents: two persistent roles share citations without publishing private memory or inflating sources (221.424834ms)
✔ sqlite/observations: two persistent roles share citations without publishing private memory or inflating sources (216.354875ms)
✔ sqlite: direct source sharing requires source ownership; quotes require a currently visible post (208.212833ms)
✔ sqlite: retract-post removes the claim and its quoted descendants from current views (209.665084ms)
✔ sqlite: restrict-source removes the claim and its quoted descendants from current views (229.275625ms)
✔ sqlite: change-goal removes the claim and its quoted descendants from current views (221.837375ms)
✔ sqlite: delete-original removes the claim and its quoted descendants from current views (241.198209ms)
✔ sqlite: expire removes the claim and its quoted descendants from current views (215.73325ms)
✔ sqlite: an entity with the same key in a different time scope stays separate (247.439875ms)
✔ sqlite: publishing a question does not assign it; acceptance, response and requester confirmation remain distinct (295.938875ms)
✔ sqlite: repeated replies and explicit cyclic waits are bounded; deadlines do not reset on reopen (308.976917ms)
✔ sqlite: exact command retry survives a lost reply; reused IDs with changed content and concurrent edits fail (286.891541ms)
✔ sqlite: authority changing during a source read cannot publish or return the delayed content (274.511542ms)
✔ sqlite: a derived claim retains ancestry without becoming another independent fact source (278.068916ms)
✔ sqlite: repeated quotes share one source read within a view and a later view revalidates it (200.056292ms)
✔ sqlite: unlabelled prose inherits the author's work labels and current exchange policy (191.015292ms)
✔ sqlite: a fulfilled dependency remains attached and its later retraction invalidates dependent confirmation (308.098875ms)
✔ sqlite: reply depth, total posts, total requests and repeated causes have separate limits (229.193708ms)
✔ sqlite: an advancing clock permits ordinary writes and blocks a post expiring during the final boundary check (267.072458ms)
✔ sqlite: a paused assignee cannot have its submitted answer confirmed (220.944125ms)
✔ sqlite: an actual worker SIGKILL after durable publication preserves one post and one command receipt (276.189583ms)
✔ file-journal/documents: two persistent roles share citations without publishing private memory or inflating sources (472.056667ms)
✔ file-journal/observations: two persistent roles share citations without publishing private memory or inflating sources (456.877375ms)
✔ file-journal: direct source sharing requires source ownership; quotes require a currently visible post (214.072958ms)
✔ file-journal: retract-post removes the claim and its quoted descendants from current views (223.633958ms)
✔ file-journal: restrict-source removes the claim and its quoted descendants from current views (246.980625ms)
✔ file-journal: change-goal removes the claim and its quoted descendants from current views (241.637667ms)
✔ file-journal: delete-original removes the claim and its quoted descendants from current views (263.021292ms)
✔ file-journal: expire removes the claim and its quoted descendants from current views (233.166583ms)
✔ file-journal: an entity with the same key in a different time scope stays separate (181.920958ms)
✔ file-journal: publishing a question does not assign it; acceptance, response and requester confirmation remain distinct (403.143709ms)
✔ file-journal: repeated replies and explicit cyclic waits are bounded; deadlines do not reset on reopen (592.096708ms)
✔ file-journal: exact command retry survives a lost reply; reused IDs with changed content and concurrent edits fail (249.533125ms)
✔ file-journal: authority changing during a source read cannot publish or return the delayed content (187.8155ms)
✔ file-journal: a derived claim retains ancestry without becoming another independent fact source (207.033ms)
✔ file-journal: repeated quotes share one source read within a view and a later view revalidates it (388.713292ms)
✔ file-journal: unlabelled prose inherits the author's work labels and current exchange policy (261.6465ms)
✔ file-journal: a fulfilled dependency remains attached and its later retraction invalidates dependent confirmation (528.898833ms)
✔ file-journal: reply depth, total posts, total requests and repeated causes have separate limits (364.587833ms)
✔ file-journal: an advancing clock permits ordinary writes and blocks a post expiring during the final boundary check (255.307541ms)
✔ file-journal: a paused assignee cannot have its submitted answer confirmed (391.537666ms)
✔ file-journal: an actual worker SIGKILL after durable publication preserves one post and one command receipt (242.696917ms)
✔ file board journal detects missing revisions and changed content instead of returning a partial history (189.074167ms)
✔ effect proofs: a legacy work uses neither the optional checker nor any refresh mutation (25.208084ms)
✔ effect proofs: settled claims require a checker and checker failures stay unavailable (9.623875ms)
✔ effect proofs: missing checker reopens the original obligation and cancels ordinary reservations once without rewriting proof history (6.437416ms)
✔ effect proofs: expired reserved lookup releases only an undispatched reservation and preserves measured uncertainty (4.296292ms)
✔ effect proofs: expired running lookup releases only an undispatched reservation and preserves measured uncertainty (4.273375ms)
✔ effect proofs: lifecycle deletion reopens a settled effect and quarantines all linked references without changing received facts or timestamps (10.742ms)
✔ effect proofs: a committed tool dispatch with missing proof authority cannot silently bypass the broker (7.656625ms)
✔ effect proofs: a committed tool dispatch with invalid proof authority cannot silently bypass the broker (7.294958ms)
✔ effect proofs: a committed tool dispatch with valid proof authority cannot silently bypass the broker (5.971458ms)
✔ effect proofs: a reuse await that loses proof validity is checked before implementation entry (5.51075ms)
✔ effect proofs: invalid proof prevents new model reservation before compiling input (6.69875ms)
✔ effect proofs: losing proof during model input read prevents actual planner entry and still settles the dispatched call (11.611333ms)
✔ effect proofs: loss during adoption artifact checks rejects a stored model proposal while preserving usage (9.616542ms)
✔ effect proofs: a valid checker permits one model invocation and adoption with the historical proof unchanged (7.458416ms)
✔ effect proofs: proof loss during result body storage prevents response publication (6.385958ms)
✔ effect proofs: a same-revision snapshot suppresses an existing result when its proof becomes unavailable during the read (5.6295ms)
✔ sqlite: work resource bodies and metadata use canonical effect proof with a narrowed caller and fail without a checker (290.402042ms)
✔ sqlite: proof invalidation during original or stored result I/O cannot return the already read body (197.360875ms)
✔ sqlite: disclosure release, saved payload, raw read and receiver entry all retain current source effect proof (212.957458ms)
✔ sqlite: private, derived and cached shared memory cannot outlive the original work effect proof (308.191ms)
✔ sqlite: source proof authentication does not recursively validate memory copied into that same work (1048.477458ms)
✔ sqlite: a failed historical effect proof stays required after refresh and reopen until the same source is explicitly proved again (1401.943375ms)
✔ file-journal: work resource bodies and metadata use canonical effect proof with a narrowed caller and fail without a checker (1392.931917ms)
✔ file-journal: proof invalidation during original or stored result I/O cannot return the already read body (1216.452416ms)
✔ file-journal: disclosure release, saved payload, raw read and receiver entry all retain current source effect proof (1887.471167ms)
✔ file-journal: private, derived and cached shared memory cannot outlive the original work effect proof (2479.496791ms)
✔ file-journal: source proof authentication does not recursively validate memory copied into that same work (6236.088958ms)
✔ file-journal: a failed historical effect proof stays required after refresh and reopen until the same source is explicitly proved again (4214.790542ms)
✔ sqlite: a memory-only service rejects an unsupported retained input in a nested source work (64.452ms)
✔ sqlite: a memory tool cancels a blocked custody read before the source responds (38.015333ms)
✔ sqlite: custody-free reads keep their original I/O path and a W to M to W custody cycle remains finite (25.784041ms)
✔ sqlite: external K revise blocks direct, derived and cached M before W is refreshed (61.407625ms)
✔ sqlite: external K retract blocks direct, derived and cached M before W is refreshed (132.530917ms)
✔ sqlite: external K expire blocks direct, derived and cached M before W is refreshed (52.889125ms)
✔ sqlite: external K generation blocks direct, derived and cached M before W is refreshed (122.548291ms)
✔ sqlite: a shared reader uses current M authority without impersonating its owner's private K actor (39.223459ms)
✔ sqlite: custody does not reconstruct an unconfirmed reviewer-only permission (64.880833ms)
✔ sqlite: custody entry and byte limits fail closed before reading unbounded knowledge records (307.984958ms)
✔ sqlite: a derivedFrom cycle remains invalid even when its work custody graph is finite (86.818959ms)
✔ sqlite: external memory changed during closure collection cannot survive the stable snapshot (41.262ms)
✔ file-journal: a memory-only service rejects an unsupported retained input in a nested source work (1088.740459ms)
✔ file-journal: a memory tool cancels a blocked custody read before the source responds (811.285792ms)
✔ file-journal: custody-free reads keep their original I/O path and a W to M to W custody cycle remains finite (522.556375ms)
✔ file-journal: external K revise blocks direct, derived and cached M before W is refreshed (1223.158625ms)
✔ file-journal: external K retract blocks direct, derived and cached M before W is refreshed (1400.126667ms)
✔ file-journal: external K expire blocks direct, derived and cached M before W is refreshed (1524.199125ms)
✔ file-journal: external K generation blocks direct, derived and cached M before W is refreshed (1985.754042ms)
✔ file-journal: a shared reader uses current M authority without impersonating its owner's private K actor (1364.850792ms)
✔ file-journal: custody does not reconstruct an unconfirmed reviewer-only permission (493.581041ms)
✔ file-journal: custody entry and byte limits fail closed before reading unbounded knowledge records (581.976875ms)
✔ file-journal: a derivedFrom cycle remains invalid even when its work custody graph is finite (456.774833ms)
✔ file-journal: external memory changed during closure collection cannot survive the stable snapshot (460.948959ms)
ℹ tests 183
ℹ suites 0
ℹ pass 183
ℹ fail 0
ℹ cancelled 0
ℹ skipped 0
ℹ todo 0
ℹ duration_ms 26426.167167
