✔ sqlite: board transitions, receipts and event cursors persist together and duplicates do not add events (288.572917ms)
✔ sqlite: an event burst coalesces only after a complete current request scan (248.522792ms)
✔ sqlite: missing event history under an established root is rejected rather than silently skipped (168.858917ms)
✔ sqlite: an owned worker killed after commit leaves one event and the same command receipt (119.95ms)
✔ file-journal: board transitions, receipts and event cursors persist together and duplicates do not add events (612.860208ms)
✔ file-journal: an event burst coalesces only after a complete current request scan (1082.712042ms)
✔ file-journal: missing event history under an established root is rejected rather than silently skipped (444.153834ms)
✔ file-journal: an owned worker killed after commit leaves one event and the same command receipt (171.877125ms)
✔ sqlite: a pre-event database declares a rescan boundary and recovers current offers without fabricating past events (168.03875ms)
✔ event pagination applies its byte limit to the final cursor including a digit boundary (0.234375ms)
✔ sqlite/documents: discover and finish a request using observed IDs and revisions, then retain history across compact and reopen (3506.845875ms)
✔ sqlite/observations: discover and finish a request using observed IDs and revisions, then retain history across compact and reopen (2814.98075ms)
✔ sqlite: duplicate wake is a no-op with zero model, tool and chat delivery activity (176.075917ms)
✔ sqlite: an unprocessed event rejects stale context and a pending offer blocks completion even after metadata is read (274.222958ms)
✔ sqlite: a missed wake and a lost checkpoint reply resume with one durable notification (175.321208ms)
✔ sqlite: notifications and cursor require their original checkpoint and survive compact without omissions (209.214333ms)
✔ sqlite: request metadata cannot be forged and current authority is rechecked after artifact reads (193.122875ms)
✔ sqlite: another owner cannot register or close a subscription; revoked access prevents wake (155.06075ms)
✔ sqlite: expiry before a poll creates no actionable offer and unchanged waiting does not call a model (300.382416ms)
✔ sqlite: pause preserves the cursor, resume reads missed events, and cancellation closes the inbox (156.192625ms)
✔ sqlite: metadata pagination is bounded and rejects stale cursors and caller-selected ownership (156.656833ms)
✔ sqlite: goal revision closes its old inbox and a new host subscription rescans current offers (157.92625ms)
✔ sqlite: completed work closes its subscription and a later offer does not reopen it (155.711ms)
✔ sqlite: a data access change closes old generation subscriptions and removes their context references (158.533917ms)
✔ sqlite: repeated metadata observations do not manufacture progress or independent evidence (248.776125ms)
✔ sqlite: authority withdrawn during the final metadata check prevents cursor advancement (157.393333ms)
✔ sqlite: a refresh that exceeds its time budget leaves the cursor and inbox uncommitted (148.048334ms)
✔ sqlite: an incoming offer invalidates a reserved model context before any model invocation (196.835167ms)
✔ sqlite: an active nonparticipant role sees no request metadata and receives no offer notification (57.137625ms)
✔ file-journal/documents: discover and finish a request using observed IDs and revisions, then retain history across compact and reopen (17863.469292ms)
✔ file-journal/observations: discover and finish a request using observed IDs and revisions, then retain history across compact and reopen (17778.473584ms)
✔ file-journal: duplicate wake is a no-op with zero model, tool and chat delivery activity (525.15375ms)
✔ file-journal: an unprocessed event rejects stale context and a pending offer blocks completion even after metadata is read (937.327916ms)
✔ file-journal: a missed wake and a lost checkpoint reply resume with one durable notification (529.900584ms)
✔ file-journal: notifications and cursor require their original checkpoint and survive compact without omissions (540.185375ms)
✔ file-journal: request metadata cannot be forged and current authority is rechecked after artifact reads (565.648959ms)
✔ file-journal: another owner cannot register or close a subscription; revoked access prevents wake (461.178459ms)
✔ file-journal: expiry before a poll creates no actionable offer and unchanged waiting does not call a model (1112.99475ms)
✔ file-journal: pause preserves the cursor, resume reads missed events, and cancellation closes the inbox (504.570208ms)
✔ file-journal: metadata pagination is bounded and rejects stale cursors and caller-selected ownership (513.846417ms)
✔ file-journal: goal revision closes its old inbox and a new host subscription rescans current offers (509.768583ms)
✔ file-journal: completed work closes its subscription and a later offer does not reopen it (508.74775ms)
✔ file-journal: a data access change closes old generation subscriptions and removes their context references (474.398667ms)
✔ file-journal: repeated metadata observations do not manufacture progress or independent evidence (743.141792ms)
✔ file-journal: authority withdrawn during the final metadata check prevents cursor advancement (465.047ms)
✔ file-journal: a refresh that exceeds its time budget leaves the cursor and inbox uncommitted (458.509833ms)
✔ file-journal: an incoming offer invalidates a reserved model context before any model invocation (560.361708ms)
✔ file-journal: an active nonparticipant role sees no request metadata and receives no offer notification (163.187375ms)
ℹ tests 48
ℹ suites 0
ℹ pass 48
ℹ fail 0
ℹ cancelled 0
ℹ skipped 0
ℹ todo 0
ℹ duration_ms 54721.473334
