✔ sqlite/documents: two runtimes request, accept, answer and confirm without treating discussion as goal completion (2105.492625ms)
✔ sqlite/observations: two runtimes request, accept, answer and confirm without treating discussion as goal completion (1908.08775ms)
✔ sqlite: lost offer response restores one obligation from the applied receipt without inventing a result (156.697917ms)
✔ sqlite: a missing projection is restored and generic wait or resolve cannot forge coordination (175.918584ms)
✔ sqlite: requester can cancel a waiting request and cancellation is waived rather than satisfied (408.566416ms)
✔ sqlite: decline does not create an obligation for a recipient who never accepted (184.613709ms)
✔ sqlite: expiry is actionable review and retains the original pending obligation (224.928292ms)
✖ sqlite: confirmed answer retraction invalidates the previous completion projection (1377.623667ms)
✔ sqlite: loss of an applied request receipt cannot silently discharge the response (149.438834ms)
✔ file-journal/documents: two runtimes request, accept, answer and confirm without treating discussion as goal completion (9176.642708ms)
✔ file-journal/observations: two runtimes request, accept, answer and confirm without treating discussion as goal completion (9415.645792ms)
✔ file-journal: lost offer response restores one obligation from the applied receipt without inventing a result (432.213833ms)
✔ file-journal: a missing projection is restored and generic wait or resolve cannot forge coordination (564.547333ms)
✔ file-journal: requester can cancel a waiting request and cancellation is waived rather than satisfied (1426.368875ms)
✔ file-journal: decline does not create an obligation for a recipient who never accepted (585.476292ms)
✔ file-journal: expiry is actionable review and retains the original pending obligation (760.703333ms)
✖ file-journal: confirmed answer retraction invalidates the previous completion projection (6396.704625ms)
✔ file-journal: loss of an applied request receipt cannot silently discharge the response (453.6665ms)
ℹ tests 18
ℹ suites 0
ℹ pass 16
ℹ fail 2
ℹ cancelled 0
ℹ skipped 0
ℹ todo 0
ℹ duration_ms 36000.2395

✖ failing tests:

test at dist/tests/board-request-runtime.test.js:190:5
✖ sqlite: confirmed answer retraction invalidates the previous completion projection (1377.623667ms)
  Error: task_not_ready
      at file:///Users/seunghanee/Documents/secumon/runtime/dist/application/execution-runtime.js:258:23
      at transact (file:///Users/seunghanee/Documents/secumon/runtime/dist/application/work-transactions.js:18:28)
      at async ExecutionRuntime.reserve (file:///Users/seunghanee/Documents/secumon/runtime/dist/application/execution-runtime.js:252:24)
      at async prepare (file:///Users/seunghanee/Documents/secumon/runtime/dist/tests/board-request-runtime.test.js:67:33)
      at async Object.execute (file:///Users/seunghanee/Documents/secumon/runtime/dist/tests/board-request-runtime.test.js:70:25)
      at async TestContext.<anonymous> (file:///Users/seunghanee/Documents/secumon/runtime/dist/tests/board-request-runtime.test.js:198:9)
      at async Test.run (node:internal/test_runner/test:1404:7)
      at async Test.processPendingSubtests (node:internal/test_runner/test:969:7)

test at dist/tests/board-request-runtime.test.js:190:5
✖ file-journal: confirmed answer retraction invalidates the previous completion projection (6396.704625ms)
  Error: task_not_ready
      at file:///Users/seunghanee/Documents/secumon/runtime/dist/application/execution-runtime.js:258:23
      at transact (file:///Users/seunghanee/Documents/secumon/runtime/dist/application/work-transactions.js:18:28)
      at async ExecutionRuntime.reserve (file:///Users/seunghanee/Documents/secumon/runtime/dist/application/execution-runtime.js:252:24)
      at async prepare (file:///Users/seunghanee/Documents/secumon/runtime/dist/tests/board-request-runtime.test.js:67:33)
      at async Object.execute (file:///Users/seunghanee/Documents/secumon/runtime/dist/tests/board-request-runtime.test.js:70:25)
      at async TestContext.<anonymous> (file:///Users/seunghanee/Documents/secumon/runtime/dist/tests/board-request-runtime.test.js:198:9)
      at async Test.run (node:internal/test_runner/test:1404:7)
      at async Test.processPendingSubtests (node:internal/test_runner/test:969:7)
