✔ sqlite/documents: bounded discussion pages resume after reopening with no new evidence (112.999ms)
✔ sqlite/observations: bounded discussion pages resume after reopening with no new evidence (165.660833ms)
✔ sqlite: uncited hypotheses persist as unverified and never supply independent facts or request answers (214.073583ms)
✔ sqlite: quoted coverage remains partial or unknown instead of becoming complete (155.806958ms)
✔ sqlite: UTF-8 output limits retain complete posts and require a larger page for an oversized item (112.338333ms)
✔ sqlite: pages exclude other entity details and reject stale, foreign, and unavailable cursor positions (160.939ms)
✔ sqlite: page authority includes the consuming work and rejects invalid limits before reading (126.299875ms)
✔ sqlite: a bounded first page reuses source reads and stops before unrelated later sources (167.249083ms)
✔ sqlite: a consuming work change during a page read prevents returning the stale page (130.520916ms)
✔ sqlite: removing citations does not bypass the author's retained memory dependencies (161.075125ms)
✔ file-journal/documents: bounded discussion pages resume after reopening with no new evidence (717.504042ms)
✔ file-journal/observations: bounded discussion pages resume after reopening with no new evidence (592.192708ms)
✔ file-journal: uncited hypotheses persist as unverified and never supply independent facts or request answers (457.266833ms)
✔ file-journal: quoted coverage remains partial or unknown instead of becoming complete (773.808084ms)
✔ file-journal: UTF-8 output limits retain complete posts and require a larger page for an oversized item (218.856208ms)
✔ file-journal: pages exclude other entity details and reject stale, foreign, and unavailable cursor positions (296.096167ms)
✔ file-journal: page authority includes the consuming work and rejects invalid limits before reading (202.581875ms)
✔ file-journal: a bounded first page reuses source reads and stops before unrelated later sources (436.943792ms)
✔ file-journal: a consuming work change during a page read prevents returning the stale page (256.378542ms)
✔ file-journal: removing citations does not bypass the author's retained memory dependencies (276.824041ms)
✔ sqlite/documents: two persistent roles share citations without publishing private memory or inflating sources (156.6235ms)
✔ sqlite/observations: two persistent roles share citations without publishing private memory or inflating sources (178.774042ms)
✔ sqlite: direct source sharing requires source ownership; quotes require a currently visible post (141.721333ms)
✔ sqlite: retract-post removes the claim and its quoted descendants from current views (117.872542ms)
✔ sqlite: restrict-source removes the claim and its quoted descendants from current views (143.498334ms)
✔ sqlite: change-goal removes the claim and its quoted descendants from current views (149.913ms)
✔ sqlite: delete-original removes the claim and its quoted descendants from current views (152.209417ms)
✔ sqlite: expire removes the claim and its quoted descendants from current views (136.739417ms)
✔ sqlite: an entity with the same key in a different time scope stays separate (131.990125ms)
✔ sqlite: publishing a question does not assign it; acceptance, response and requester confirmation remain distinct (173.820417ms)
✔ sqlite: repeated replies and explicit cyclic waits are bounded; deadlines do not reset on reopen (206.531833ms)
✔ sqlite: exact command retry survives a lost reply; reused IDs with changed content and concurrent edits fail (135.136708ms)
✔ sqlite: authority changing during a source read cannot publish or return the delayed content (161.539542ms)
✔ sqlite: a derived claim retains ancestry without becoming another independent fact source (145.440459ms)
✔ sqlite: repeated quotes share one source read within a view and a later view revalidates it (122.123875ms)
✔ sqlite: unlabelled prose inherits the author's work labels and current exchange policy (147.883833ms)
✔ sqlite: a fulfilled dependency remains attached and its later retraction invalidates dependent confirmation (186.279333ms)
✔ sqlite: reply depth, total posts, total requests and repeated causes have separate limits (137.47125ms)
✔ sqlite: an advancing clock permits ordinary writes and blocks a post expiring during the final boundary check (121.423167ms)
✔ sqlite: a paused assignee cannot have its submitted answer confirmed (155.464041ms)
✔ sqlite: an actual worker SIGKILL after durable publication preserves one post and one command receipt (202.697334ms)
✔ file-journal/documents: two persistent roles share citations without publishing private memory or inflating sources (186.559917ms)
✔ file-journal/observations: two persistent roles share citations without publishing private memory or inflating sources (160.287292ms)
✔ file-journal: direct source sharing requires source ownership; quotes require a currently visible post (123.318292ms)
✔ file-journal: retract-post removes the claim and its quoted descendants from current views (135.763375ms)
✔ file-journal: restrict-source removes the claim and its quoted descendants from current views (163.016209ms)
✔ file-journal: change-goal removes the claim and its quoted descendants from current views (155.916166ms)
✔ file-journal: delete-original removes the claim and its quoted descendants from current views (133.487667ms)
✔ file-journal: expire removes the claim and its quoted descendants from current views (135.063542ms)
✔ file-journal: an entity with the same key in a different time scope stays separate (134.019917ms)
✔ file-journal: publishing a question does not assign it; acceptance, response and requester confirmation remain distinct (220.833791ms)
✔ file-journal: repeated replies and explicit cyclic waits are bounded; deadlines do not reset on reopen (278.154792ms)
✔ file-journal: exact command retry survives a lost reply; reused IDs with changed content and concurrent edits fail (145.645959ms)
✔ file-journal: authority changing during a source read cannot publish or return the delayed content (129.384042ms)
✔ file-journal: a derived claim retains ancestry without becoming another independent fact source (142.087958ms)
✔ file-journal: repeated quotes share one source read within a view and a later view revalidates it (209.344333ms)
✔ file-journal: unlabelled prose inherits the author's work labels and current exchange policy (157.673ms)
✔ file-journal: a fulfilled dependency remains attached and its later retraction invalidates dependent confirmation (387.794125ms)
✔ file-journal: reply depth, total posts, total requests and repeated causes have separate limits (174.767292ms)
✔ file-journal: an advancing clock permits ordinary writes and blocks a post expiring during the final boundary check (133.062209ms)
✔ file-journal: a paused assignee cannot have its submitted answer confirmed (221.781125ms)
✔ file-journal: an actual worker SIGKILL after durable publication preserves one post and one command receipt (207.663709ms)
✔ file board journal detects missing revisions and changed content instead of returning a partial history (121.434208ms)
✔ a diamond validates every edge, inspects a shared source once and guards every captured node (2.410708ms)
✔ a reference cycle is finite while an invalid member still rejects the whole closure (1.657625ms)
✔ a pin encountered after visiting a node is still checked (0.359709ms)
✔ conflicting pending pins fail before dispatch, including across duplicate roots (0.170125ms)
✔ captured source or authority changes during another read invalidate the result (0.798416ms)
✔ application invariants can reject a semantic cycle before guard I/O without changing generic cycle handling (0.256959ms)
✔ expiry of an earlier node during a later guard is checked again before return (0.325708ms)
✔ already expired nodes cannot be inputs (0.123334ms)
✔ node, edge and byte budgets stop excessive reads before dispatching the next node (0.522958ms)
✔ a long chain uses an iterative queue and visits every source exactly once (31.7255ms)
✔ pre-aborted validation never invokes a reader (0.151875ms)
✔ cancellation ends a blocked validation and contains a late reader rejection (4.443333ms)
✔ the elapsed deadline bounds a reader that ignores cancellation (20.714417ms)
✔ logical clock deadline changes and backwards clock readings cannot extend validation (0.381958ms)
✔ reader exceptions, unknown providers and malformed replies return fixed errors without source data (0.195292ms)
✔ registration captures the callback and rejects duplicate providers and invalid limits (0.55175ms)
✔ overlapping validations keep separate snapshots, queues and cancellation (0.48225ms)
✔ provider and key jointly identify a node (0.247167ms)
✔ sqlite: custody-free reads keep their original I/O path and a W to M to W custody cycle remains finite (53.005708ms)
✔ sqlite: external K revise blocks direct, derived and cached M before W is refreshed (51.829917ms)
✔ sqlite: external K retract blocks direct, derived and cached M before W is refreshed (51.872375ms)
✔ sqlite: external K expire blocks direct, derived and cached M before W is refreshed (120.363541ms)
✔ sqlite: external K generation blocks direct, derived and cached M before W is refreshed (127.253542ms)
✔ sqlite: a shared reader uses current M authority without impersonating its owner's private K actor (154.225ms)
✔ sqlite: custody does not reconstruct an unconfirmed reviewer-only permission (84.894875ms)
✔ sqlite: custody entry and byte limits fail closed before reading unbounded knowledge records (634.578041ms)
✔ sqlite: a derivedFrom cycle remains invalid even when its work custody graph is finite (73.857334ms)
✔ sqlite: external memory changed during closure collection cannot survive the stable snapshot (66.395958ms)
✔ file-journal: custody-free reads keep their original I/O path and a W to M to W custody cycle remains finite (696.755541ms)
✔ file-journal: external K revise blocks direct, derived and cached M before W is refreshed (1318.984458ms)
✔ file-journal: external K retract blocks direct, derived and cached M before W is refreshed (1048.45325ms)
✔ file-journal: external K expire blocks direct, derived and cached M before W is refreshed (711.59225ms)
✔ file-journal: external K generation blocks direct, derived and cached M before W is refreshed (688.433917ms)
✔ file-journal: a shared reader uses current M authority without impersonating its owner's private K actor (1179.209166ms)
✔ file-journal: custody does not reconstruct an unconfirmed reviewer-only permission (382.813958ms)
✔ file-journal: custody entry and byte limits fail closed before reading unbounded knowledge records (530.24275ms)
✔ file-journal: a derivedFrom cycle remains invalid even when its work custody graph is finite (683.552292ms)
✔ file-journal: external memory changed during closure collection cannot survive the stable snapshot (291.766208ms)
✔ sqlite: same-work recall survives dispatch, receipt and unrelated revision bookkeeping (218.006416ms)
✔ sqlite: cross-work memory copy keeps custody across a goal change and blocks a prepared result after source deletion (534.729041ms)
✔ sqlite: source deletion after a cross-goal copied memory cancels a reserved effect before invocation (332.600166ms)
✔ sqlite: stored model input contains recalled bodies while hiding internal custody metadata (433.005584ms)
✔ sqlite: reopening without a knowledge validator blocks retained originals and reserved effects (434.263417ms)
✔ sqlite: deleting another work's source while adopt commit waits quarantines the copied evidence before return (340.412583ms)
✔ file-journal: same-work recall survives dispatch, receipt and unrelated revision bookkeeping (2685.66775ms)
✔ file-journal: cross-work memory copy keeps custody across a goal change and blocks a prepared result after source deletion (5876.043584ms)
✔ file-journal: source deletion after a cross-goal copied memory cancels a reserved effect before invocation (1973.406042ms)
✔ file-journal: stored model input contains recalled bodies while hiding internal custody metadata (574.422708ms)
✔ file-journal: reopening without a knowledge validator blocks retained originals and reserved effects (435.462ms)
✔ file-journal: deleting another work's source while adopt commit waits quarantines the copied evidence before return (359.200958ms)
✔ memory tools expose read cards, internal dependencies and schema-valid results (sqlite) (86.834041ms)
✔ memory tool authority intersects destination, caller and fresh trusted identity (sqlite) (37.842167ms)
✔ memory reads constrain IDs and searches to the current goal scope (sqlite) (71.397208ms)
✔ memory tools expose read cards, internal dependencies and schema-valid results (file-journal) (1850.215333ms)
✔ memory tool authority intersects destination, caller and fresh trusted identity (file-journal) (503.308416ms)
✔ memory reads constrain IDs and searches to the current goal scope (file-journal) (454.856083ms)
✔ memory tools report bounded references without bodies, including multibyte oversized references (115.189667ms)
✔ memory search distinguishes result truncation and index errors from complete absence (110.151292ms)
✔ memory tools discard a copied card when trusted-owner changes during a repository wait (73.153667ms)
✔ memory tools discard a copied card when work-owner changes during a repository wait (113.549459ms)
✔ memory tools discard a copied card when caller-labels changes during a repository wait (77.28725ms)
✔ memory tools discard a copied card when work-labels changes during a repository wait (100.925834ms)
✔ memory tools discard a copied card when goal changes during a repository wait (99.036834ms)
✔ memory tools discard a copied card when generation changes during a repository wait (83.531916ms)
✔ memory tools discard a copied card when cancel changes during a repository wait (116.268458ms)
✔ each fresh trusted actor lookup must match the work owner, including the final return check (118.342292ms)
✔ dependency validation uses current source, record and caller permissions without a stale service cache (92.210583ms)
✔ memory adapters do not mutate the caller policy and normalize invalid input and pre-abort (91.998666ms)
✔ knowledge exact lookup precedes index, Korean/English and conditional search use current sources (sqlite) (70.600125ms)
✔ knowledge exact lookup precedes index, Korean/English and conditional search use current sources (file-journal) (481.788833ms)
✔ private memory needs explicit submission and another reviewer of the exact content revision (81.0275ms)
✔ source retracted prevents direct, cached lexical and dependency reuse (91.60825ms)
✔ source restricted prevents direct, cached lexical and dependency reuse (82.204958ms)
✔ source deleted prevents direct, cached lexical and dependency reuse (96.27675ms)
✔ source corrected prevents direct, cached lexical and dependency reuse (80.386916ms)
✔ source policy prevents direct, cached lexical and dependency reuse (90.413875ms)
✔ source generation prevents direct, cached lexical and dependency reuse (92.535042ms)
✔ ancestor changes and derived memories retain source identity without inflating independent provenance (85.789542ms)
✔ review CAS prevents a reviewed draft from being silently replaced or shared after editing (69.747542ms)
✔ source or actor changes while source reads wait cannot return stale memory content (61.40075ms)
✔ a delayed candidate cache fill rechecks namespace authority before returning cards or counts (92.589334ms)
✔ index errors remain distinct from absence and rebuild never resurrects deleted or expired content (120.700083ms)
✔ SQLite reopen retains memory, review, cursor and receipts; competing writers use revision CAS (123.288167ms)
✔ source and knowledge stores close and reopen with reviewed memory and index intact (129.116292ms)
✔ bounded results report truncation only after current visibility filtering (103.846584ms)
✔ deletion while a repeated source check waits is noticed before returning the memory card (115.626417ms)
✔ source deletion after the second source snapshot cannot return its old card (80.879375ms)
✔ batch dependency fences notice an earlier card source changing while a later card is checked (108.73975ms)
✔ retracted memory can subsequently be deleted while preserving the revision and idempotency rules (89.265791ms)
✔ a pruned limited search stays partial when an unread matching candidate remains (117.013042ms)
✔ unrelated work revisions preserve semantic dependencies while changed source content does not (100.263125ms)
✔ dependency contracts reject forged fields, unsafe revisions, malformed hashes and duplicate references (97.543458ms)
✔ continuously changing coherent-read revisions stop after a bounded number of fences (127.556125ms)
ℹ tests 156
ℹ suites 0
ℹ pass 156
ℹ fail 0
ℹ cancelled 0
ℹ skipped 0
ℹ todo 0
ℹ duration_ms 14391.445375
