✖ board funding sqlite: a profile change during the final actor lookup cannot authorize a stale preparation (240.737792ms)
✖ board funding file-journal: a profile change during the final actor lookup cannot authorize a stale preparation (569.609542ms)
ℹ tests 2
ℹ suites 0
ℹ pass 0
ℹ fail 2
ℹ cancelled 0
ℹ skipped 0
ℹ todo 0
ℹ duration_ms 895.597291

✖ failing tests:

test at dist/tests/board-funding-runtime.test.js:311:5
✖ board funding sqlite: a profile change during the final actor lookup cannot authorize a stale preparation (240.737792ms)
  AssertionError [ERR_ASSERTION]: Missing expected rejection.
      at async TestContext.<anonymous> (file:///Users/seunghanee/Documents/secumon/runtime/dist/tests/board-funding-runtime.test.js:324:9)
      at async Test.run (node:internal/test_runner/test:1404:7)
      at async startSubtestAfterBootstrap (node:internal/test_runner/harness:387:3) {
    generatedMessage: false,
    code: 'ERR_ASSERTION',
    actual: undefined,
    expected: /budget_|board_/,
    operator: 'rejects',
    diff: 'simple'
  }

test at dist/tests/board-funding-runtime.test.js:311:5
✖ board funding file-journal: a profile change during the final actor lookup cannot authorize a stale preparation (569.609542ms)
  AssertionError [ERR_ASSERTION]: Missing expected rejection.
      at async TestContext.<anonymous> (file:///Users/seunghanee/Documents/secumon/runtime/dist/tests/board-funding-runtime.test.js:324:9)
      at async Test.run (node:internal/test_runner/test:1404:7)
      at async Test.processPendingSubtests (node:internal/test_runner/test:969:7) {
    generatedMessage: false,
    code: 'ERR_ASSERTION',
    actual: undefined,
    expected: /budget_|board_/,
    operator: 'rejects',
    diff: 'simple'
  }
