✔ sqlite: board transitions, receipts and event cursors persist together and duplicates do not add events (548.259708ms)
✔ sqlite: an event burst coalesces only after a complete current request scan (449.261625ms)
✔ sqlite: missing event history under an established root is rejected rather than silently skipped (403.273583ms)
✔ sqlite: an owned worker killed after commit leaves one event and the same command receipt (228.343292ms)
✔ file-journal: board transitions, receipts and event cursors persist together and duplicates do not add events (3899.492667ms)
✔ file-journal: an event burst coalesces only after a complete current request scan (5859.996084ms)
✔ file-journal: missing event history under an established root is rejected rather than silently skipped (4066.879333ms)
✔ file-journal: an owned worker killed after commit leaves one event and the same command receipt (389.35825ms)
✔ sqlite: a pre-event database declares a rescan boundary and recovers current offers without fabricating past events (677.709542ms)
✔ event pagination applies its byte limit to the final cursor including a digit boundary (0.415208ms)
✔ sqlite/documents: two runtimes request, accept, answer and confirm without treating discussion as goal completion (3310.74125ms)
✔ sqlite/observations: two runtimes request, accept, answer and confirm without treating discussion as goal completion (2974.660208ms)
✔ sqlite: lost offer response restores one obligation from the applied receipt without inventing a result (548.046209ms)
✔ sqlite: a missing projection is restored and generic wait or resolve cannot forge coordination (480.998167ms)
✔ sqlite: requester can cancel a waiting request and cancellation is waived rather than satisfied (1003.856833ms)
✔ sqlite: decline does not create an obligation for a recipient who never accepted (553.636625ms)
✔ sqlite: expiry is actionable review and retains the original pending obligation (703.329ms)
✔ sqlite: confirmed answer retraction invalidates the previous completion projection (2764.195292ms)
✔ sqlite: loss of an applied request receipt cannot silently discharge the response (568.320542ms)
✔ sqlite: lost acceptance response recovers the assignee obligation and leaves work executable (1559.388667ms)
✔ sqlite: an expired assignee can decline instead of falsely satisfying the answer (1207.63925ms)
✔ sqlite: coordination waits do not become questions for a human (558.473875ms)
✔ sqlite: withdrawal of current authority denies a retained coordination projection (530.077125ms)
✔ sqlite: request tool contracts reject caller-selected owner, command and action (657.31625ms)
✔ sqlite: even satisfied goal facts wait for requester confirmation (2204.801709ms)
✔ file-journal/documents: two runtimes request, accept, answer and confirm without treating discussion as goal completion (19459.757208ms)
✔ file-journal/observations: two runtimes request, accept, answer and confirm without treating discussion as goal completion (12167.836791ms)
✔ file-journal: lost offer response restores one obligation from the applied receipt without inventing a result (506.859125ms)
✔ file-journal: a missing projection is restored and generic wait or resolve cannot forge coordination (684.915208ms)
✔ file-journal: requester can cancel a waiting request and cancellation is waived rather than satisfied (1900.384459ms)
✔ file-journal: decline does not create an obligation for a recipient who never accepted (667.701ms)
✔ file-journal: expiry is actionable review and retains the original pending obligation (867.093958ms)
✔ file-journal: confirmed answer retraction invalidates the previous completion projection (9059.561375ms)
✔ file-journal: loss of an applied request receipt cannot silently discharge the response (474.078542ms)
✔ file-journal: lost acceptance response recovers the assignee obligation and leaves work executable (2910.86875ms)
✔ file-journal: an expired assignee can decline instead of falsely satisfying the answer (2040.362875ms)
✔ file-journal: coordination waits do not become questions for a human (481.340125ms)
✔ file-journal: withdrawal of current authority denies a retained coordination projection (426.884584ms)
✔ file-journal: request tool contracts reject caller-selected owner, command and action (814.358584ms)
✔ file-journal: even satisfied goal facts wait for requester confirmation (11745.109625ms)
✔ sqlite/documents: runtime board read retains custody through history, compact and reopen (848.873208ms)
✔ sqlite/observations: runtime board read retains custody through history, compact and reopen (631.372334ms)
✔ sqlite: mutual work references terminate and a revoked member invalidates the whole closure (542.258958ms)
✔ sqlite: private memory custody crosses a shared post without exposing the memory body (532.171792ms)
✔ sqlite: page content and consumer identity cannot be substituted in a result (350.645833ms)
✔ sqlite: memory and authenticated collection inputs share the board closure without recursive full validation (1138.229541ms)
✔ sqlite: cancellation ends a board-tool wait before an unavailable repository responds (231.699208ms)
✔ sqlite: a later goal retains original input custody until copied data is quarantined (392.750375ms)
✔ sqlite: changed post blocks retained board context and quarantines copied state (357.110625ms)
✔ sqlite: changed source blocks retained board context and quarantines copied state (399.910833ms)
✔ sqlite: changed raw blocks retained board context and quarantines copied state (372.828625ms)
✔ sqlite: changed receipt blocks retained board context and quarantines copied state (377.26275ms)
✔ sqlite: changed role blocks retained board context and quarantines copied state (441.411ms)
✔ sqlite: changed authority blocks retained board context and quarantines copied state (404.403833ms)
✔ sqlite: changed labels blocks retained board context and quarantines copied state (426.44ms)
✔ sqlite: changed generation blocks retained board context and quarantines copied state (396.288083ms)
✔ sqlite: changed validator blocks retained board context and quarantines copied state (382.557458ms)
✔ file-journal/documents: runtime board read retains custody through history, compact and reopen (12720.498917ms)
✔ file-journal/observations: runtime board read retains custody through history, compact and reopen (3392.661709ms)
✔ file-journal: mutual work references terminate and a revoked member invalidates the whole closure (1185.44675ms)
✔ file-journal: private memory custody crosses a shared post without exposing the memory body (645.085375ms)
✔ file-journal: page content and consumer identity cannot be substituted in a result (382.999208ms)
✔ file-journal: memory and authenticated collection inputs share the board closure without recursive full validation (2173.644083ms)
✔ file-journal: cancellation ends a board-tool wait before an unavailable repository responds (140.664792ms)
✔ file-journal: a later goal retains original input custody until copied data is quarantined (406.445375ms)
✔ file-journal: changed post blocks retained board context and quarantines copied state (402.279959ms)
✔ file-journal: changed source blocks retained board context and quarantines copied state (409.51975ms)
✔ file-journal: changed raw blocks retained board context and quarantines copied state (371.062417ms)
✔ file-journal: changed receipt blocks retained board context and quarantines copied state (382.436125ms)
✔ file-journal: changed role blocks retained board context and quarantines copied state (373.436625ms)
✔ file-journal: changed authority blocks retained board context and quarantines copied state (398.260666ms)
✔ file-journal: changed labels blocks retained board context and quarantines copied state (403.784208ms)
✔ file-journal: changed generation blocks retained board context and quarantines copied state (350.984417ms)
✔ file-journal: changed validator blocks retained board context and quarantines copied state (377.386416ms)
✔ sqlite/documents: discover and finish a request using observed IDs and revisions, then retain history across compact and reopen (4644.597708ms)
✔ sqlite/observations: discover and finish a request using observed IDs and revisions, then retain history across compact and reopen (4369.493792ms)
✔ sqlite: duplicate wake is a no-op with zero model, tool and chat delivery activity (579.024292ms)
✔ sqlite: an unprocessed event rejects stale context and a pending offer blocks completion even after metadata is read (991.418583ms)
✔ sqlite: a missed wake and a lost checkpoint reply resume with one durable notification (521.455333ms)
✔ sqlite: notifications and cursor require their original checkpoint and survive compact without omissions (573.229333ms)
✔ sqlite: request metadata cannot be forged and current authority is rechecked after artifact reads (499.662041ms)
✔ sqlite: another owner cannot register or close a subscription; revoked access prevents wake (564.996125ms)
✔ sqlite: expiry before a poll creates no actionable offer and unchanged waiting does not call a model (877.617834ms)
✔ sqlite: pause preserves the cursor, resume reads missed events, and cancellation closes the inbox (504.3325ms)
✔ sqlite: metadata pagination is bounded and rejects stale cursors and caller-selected ownership (537.282958ms)
✔ sqlite: goal revision closes its old inbox and a new host subscription rescans current offers (561.594083ms)
✔ sqlite: completed work closes its subscription and a later offer does not reopen it (506.983ms)
✔ sqlite: repeated metadata observations do not manufacture progress or independent evidence (837.084833ms)
✔ sqlite: authority withdrawn during the final metadata check prevents cursor advancement (570.717667ms)
✔ sqlite: an active nonparticipant role sees no request metadata and receives no offer notification (243.329459ms)
✔ file-journal/documents: discover and finish a request using observed IDs and revisions, then retain history across compact and reopen (31046.837458ms)
✔ file-journal/observations: discover and finish a request using observed IDs and revisions, then retain history across compact and reopen (25374.65425ms)
✔ file-journal: duplicate wake is a no-op with zero model, tool and chat delivery activity (772.531917ms)
✔ file-journal: an unprocessed event rejects stale context and a pending offer blocks completion even after metadata is read (1159.879917ms)
✔ file-journal: a missed wake and a lost checkpoint reply resume with one durable notification (590.956084ms)
✔ file-journal: notifications and cursor require their original checkpoint and survive compact without omissions (612.031833ms)
✔ file-journal: request metadata cannot be forged and current authority is rechecked after artifact reads (663.542875ms)
✔ file-journal: another owner cannot register or close a subscription; revoked access prevents wake (521.768083ms)
✔ file-journal: expiry before a poll creates no actionable offer and unchanged waiting does not call a model (1299.78025ms)
✔ file-journal: pause preserves the cursor, resume reads missed events, and cancellation closes the inbox (565.650083ms)
✔ file-journal: metadata pagination is bounded and rejects stale cursors and caller-selected ownership (577.778ms)
✔ file-journal: goal revision closes its old inbox and a new host subscription rescans current offers (600.469708ms)
✔ file-journal: completed work closes its subscription and a later offer does not reopen it (502.534709ms)
✔ file-journal: repeated metadata observations do not manufacture progress or independent evidence (839.891875ms)
✔ file-journal: authority withdrawn during the final metadata check prevents cursor advancement (554.132209ms)
✔ file-journal: an active nonparticipant role sees no request metadata and receives no offer notification (196.603167ms)
✔ sqlite: board publish and retract run through the broker and retain mechanical receipts (509.988542ms)
✔ sqlite: applied board command survives response loss and cannot be overwritten by the late result (188.769125ms)
✔ sqlite: saved unknown result stays immutable after durable receipt reconciliation (161.8945ms)
✔ sqlite: a late valid result is reconciled without adopting its expired execution (118.333542ms)
✔ sqlite: an expired absent command is closed and a delayed original commit cannot publish (136.007ms)
✔ sqlite: stale revision is reconciled as closed without changing posts (135.120459ms)
✔ sqlite: proof deletion denies context, reopens obligation and does not fabricate replacement (207.9515ms)
✔ sqlite: retained receipt requires a reader and current role authority (197.09475ms)
✔ sqlite: authority withdrawn during receipt proof I/O invalidates that same read (286.035166ms)
✔ sqlite: removing the stored receipt invalidates an intact result artifact (217.989041ms)
✔ sqlite: a forged post outcome or another attempt receipt cannot be adopted (158.569916ms)
✔ sqlite: policy revoked immediately before storage prevents publication (108.209333ms)
✔ sqlite: tool schemas exclude actor, command identity and foreign source work (92.935459ms)
✔ sqlite: a narrower session publish grant is not widened by the directory (137.841083ms)
✔ sqlite: a narrower session namespace grant is not widened by the directory (183.1755ms)
✔ sqlite: a no-op closure cannot smuggle a board mutation (90.628333ms)
✔ sqlite: closure duplicate and changed digest have stable distinct outcomes (138.798666ms)
✔ sqlite: previously unread quotes are rejected and a retained current read permits publication (546.406041ms)
✔ sqlite: compact source checks reject omitted or altered effect outcomes (227.477208ms)
✔ sqlite: a SIGKILL at the storage-worker boundary retains the runtime command receipt (245.384666ms)
✔ file-journal: board publish and retract run through the broker and retain mechanical receipts (4125.960917ms)
✔ file-journal: applied board command survives response loss and cannot be overwritten by the late result (1624.133334ms)
✔ file-journal: saved unknown result stays immutable after durable receipt reconciliation (1563.392208ms)
✔ file-journal: a late valid result is reconciled without adopting its expired execution (1651.838917ms)
✔ file-journal: an expired absent command is closed and a delayed original commit cannot publish (1119.299084ms)
✔ file-journal: stale revision is reconciled as closed without changing posts (1407.882792ms)
✔ file-journal: proof deletion denies context, reopens obligation and does not fabricate replacement (1864.992208ms)
✔ file-journal: retained receipt requires a reader and current role authority (962.266375ms)
✔ file-journal: authority withdrawn during receipt proof I/O invalidates that same read (778.864167ms)
✔ file-journal: removing the stored receipt invalidates an intact result artifact (887.564041ms)
✔ file-journal: a forged post outcome or another attempt receipt cannot be adopted (601.282417ms)
✔ file-journal: policy revoked immediately before storage prevents publication (382.6255ms)
✔ file-journal: tool schemas exclude actor, command identity and foreign source work (406.9555ms)
✔ file-journal: a narrower session publish grant is not widened by the directory (607.903125ms)
✔ file-journal: a narrower session namespace grant is not widened by the directory (486.097958ms)
✔ file-journal: a no-op closure cannot smuggle a board mutation (107.741334ms)
✔ file-journal: closure duplicate and changed digest have stable distinct outcomes (180.201666ms)
✔ file-journal: previously unread quotes are rejected and a retained current read permits publication (1740.919375ms)
✔ file-journal: compact source checks reject omitted or altered effect outcomes (339.551666ms)
✔ file-journal: a SIGKILL at the storage-worker boundary retains the runtime command receipt (311.828167ms)
✔ sqlite/documents: bounded discussion pages resume after reopening with no new evidence (180.890875ms)
✔ sqlite/observations: bounded discussion pages resume after reopening with no new evidence (40.575625ms)
✔ sqlite: uncited hypotheses persist as unverified and never supply independent facts or request answers (168.691334ms)
✔ sqlite: quoted coverage remains partial or unknown instead of becoming complete (165.336167ms)
✔ sqlite: UTF-8 output limits retain complete posts and require a larger page for an oversized item (111.6235ms)
✔ sqlite: pages exclude other entity details and reject stale, foreign, and unavailable cursor positions (95.037708ms)
✔ sqlite: page authority includes the consuming work and rejects invalid limits before reading (132.879125ms)
✔ sqlite: a bounded first page reuses source reads and stops before unrelated later sources (103.821875ms)
✔ sqlite: a consuming work change during a page read prevents returning the stale page (100.293ms)
✔ sqlite: removing citations does not bypass the author's retained memory dependencies (65.886416ms)
✔ file-journal/documents: bounded discussion pages resume after reopening with no new evidence (658.617583ms)
✔ file-journal/observations: bounded discussion pages resume after reopening with no new evidence (675.184375ms)
✔ file-journal: uncited hypotheses persist as unverified and never supply independent facts or request answers (687.863083ms)
✔ file-journal: quoted coverage remains partial or unknown instead of becoming complete (655.821875ms)
✔ file-journal: UTF-8 output limits retain complete posts and require a larger page for an oversized item (397.347417ms)
✔ file-journal: pages exclude other entity details and reject stale, foreign, and unavailable cursor positions (708.984291ms)
✔ file-journal: page authority includes the consuming work and rejects invalid limits before reading (382.249292ms)
✔ file-journal: a bounded first page reuses source reads and stops before unrelated later sources (724.413958ms)
✔ file-journal: a consuming work change during a page read prevents returning the stale page (360.172833ms)
✔ file-journal: removing citations does not bypass the author's retained memory dependencies (879.300917ms)
✔ sqlite/documents: two persistent roles share citations without publishing private memory or inflating sources (252.06025ms)
✔ sqlite/observations: two persistent roles share citations without publishing private memory or inflating sources (231.375625ms)
✔ sqlite: direct source sharing requires source ownership; quotes require a currently visible post (180.864625ms)
✔ sqlite: retract-post removes the claim and its quoted descendants from current views (172.172042ms)
✔ sqlite: restrict-source removes the claim and its quoted descendants from current views (219.1965ms)
✔ sqlite: change-goal removes the claim and its quoted descendants from current views (224.694125ms)
✔ sqlite: delete-original removes the claim and its quoted descendants from current views (224.2055ms)
✔ sqlite: expire removes the claim and its quoted descendants from current views (238.600958ms)
✔ sqlite: an entity with the same key in a different time scope stays separate (274.3115ms)
✔ sqlite: publishing a question does not assign it; acceptance, response and requester confirmation remain distinct (246.793417ms)
✔ sqlite: repeated replies and explicit cyclic waits are bounded; deadlines do not reset on reopen (369.503208ms)
✔ sqlite: exact command retry survives a lost reply; reused IDs with changed content and concurrent edits fail (345.372ms)
✔ sqlite: authority changing during a source read cannot publish or return the delayed content (232.447208ms)
✔ sqlite: a derived claim retains ancestry without becoming another independent fact source (234.886791ms)
✔ sqlite: repeated quotes share one source read within a view and a later view revalidates it (194.947042ms)
✔ sqlite: unlabelled prose inherits the author's work labels and current exchange policy (214.079625ms)
✔ sqlite: a fulfilled dependency remains attached and its later retraction invalidates dependent confirmation (265.90325ms)
✔ sqlite: reply depth, total posts, total requests and repeated causes have separate limits (242.702209ms)
✔ sqlite: an advancing clock permits ordinary writes and blocks a post expiring during the final boundary check (199.720542ms)
✔ sqlite: a paused assignee cannot have its submitted answer confirmed (207.998209ms)
✔ sqlite: an actual worker SIGKILL after durable publication preserves one post and one command receipt (275.463916ms)
✔ file-journal/documents: two persistent roles share citations without publishing private memory or inflating sources (915.417667ms)
✔ file-journal/observations: two persistent roles share citations without publishing private memory or inflating sources (791.386833ms)
✔ file-journal: direct source sharing requires source ownership; quotes require a currently visible post (363.600291ms)
✔ file-journal: retract-post removes the claim and its quoted descendants from current views (485.514625ms)
✔ file-journal: restrict-source removes the claim and its quoted descendants from current views (477.863708ms)
✔ file-journal: change-goal removes the claim and its quoted descendants from current views (543.131208ms)
✔ file-journal: delete-original removes the claim and its quoted descendants from current views (541.556708ms)
✔ file-journal: expire removes the claim and its quoted descendants from current views (457.803833ms)
✔ file-journal: an entity with the same key in a different time scope stays separate (313.076875ms)
✔ file-journal: publishing a question does not assign it; acceptance, response and requester confirmation remain distinct (801.175625ms)
✔ file-journal: repeated replies and explicit cyclic waits are bounded; deadlines do not reset on reopen (724.753792ms)
✔ file-journal: exact command retry survives a lost reply; reused IDs with changed content and concurrent edits fail (227.218917ms)
✔ file-journal: authority changing during a source read cannot publish or return the delayed content (183.104083ms)
✔ file-journal: a derived claim retains ancestry without becoming another independent fact source (284.655ms)
✔ file-journal: repeated quotes share one source read within a view and a later view revalidates it (442.123958ms)
✔ file-journal: unlabelled prose inherits the author's work labels and current exchange policy (318.083333ms)
✔ file-journal: a fulfilled dependency remains attached and its later retraction invalidates dependent confirmation (929.923625ms)
✔ file-journal: reply depth, total posts, total requests and repeated causes have separate limits (421.96375ms)
✔ file-journal: an advancing clock permits ordinary writes and blocks a post expiring during the final boundary check (261.939625ms)
✔ file-journal: a paused assignee cannot have its submitted answer confirmed (441.780042ms)
✔ file-journal: an actual worker SIGKILL after durable publication preserves one post and one command receipt (355.718083ms)
✔ file board journal detects missing revisions and changed content instead of returning a partial history (261.77575ms)
ℹ tests 209
ℹ suites 0
ℹ pass 209
ℹ fail 0
ℹ cancelled 0
ℹ skipped 0
ℹ todo 0
ℹ duration_ms 83968.657458
