✔ sqlite/documents: runtime board read retains custody through history, compact and reopen (326.163917ms)
✔ sqlite/observations: runtime board read retains custody through history, compact and reopen (242.690042ms)
✔ sqlite: mutual work references terminate and a revoked member invalidates the whole closure (161.352666ms)
✔ sqlite: changed post blocks retained board context and quarantines copied state (79.873291ms)
✔ sqlite: changed source blocks retained board context and quarantines copied state (80.497083ms)
✔ sqlite: changed role blocks retained board context and quarantines copied state (85.438166ms)
✔ sqlite: changed authority blocks retained board context and quarantines copied state (84.979458ms)
✔ sqlite: changed generation blocks retained board context and quarantines copied state (77.967208ms)
✔ sqlite: changed validator blocks retained board context and quarantines copied state (76.928416ms)
✔ file-journal/documents: runtime board read retains custody through history, compact and reopen (640.222417ms)
✔ file-journal/observations: runtime board read retains custody through history, compact and reopen (854.585167ms)
✔ file-journal: mutual work references terminate and a revoked member invalidates the whole closure (585.027958ms)
✔ file-journal: changed post blocks retained board context and quarantines copied state (268.446042ms)
✔ file-journal: changed source blocks retained board context and quarantines copied state (251.624958ms)
✔ file-journal: changed role blocks retained board context and quarantines copied state (252.632541ms)
✔ file-journal: changed authority blocks retained board context and quarantines copied state (239.448167ms)
✔ file-journal: changed generation blocks retained board context and quarantines copied state (283.848083ms)
✔ file-journal: changed validator blocks retained board context and quarantines copied state (236.957375ms)
ℹ tests 18
ℹ suites 0
ℹ pass 18
ℹ fail 0
ℹ cancelled 0
ℹ skipped 0
ℹ todo 0
ℹ duration_ms 4936.987292
