✔ sqlite/documents: bounded discussion pages resume after reopening with no new evidence (52.641917ms)
✔ sqlite/observations: bounded discussion pages resume after reopening with no new evidence (27.776916ms)
✔ sqlite: uncited hypotheses persist as unverified and never supply independent facts or request answers (26.658875ms)
✔ sqlite: quoted coverage remains partial or unknown instead of becoming complete (28.542292ms)
✔ sqlite: UTF-8 output limits retain complete posts and require a larger page for an oversized item (23.68175ms)
✔ sqlite: pages exclude other entity details and reject stale, foreign, and unavailable cursor positions (27.994ms)
✔ sqlite: page authority includes the consuming work and rejects invalid limits before reading (23.421416ms)
✔ sqlite: a bounded first page reuses source reads and stops before unrelated later sources (28.441458ms)
✔ sqlite: a consuming work change during a page read prevents returning the stale page (22.3435ms)
✔ file-journal/documents: bounded discussion pages resume after reopening with no new evidence (147.256791ms)
✔ file-journal/observations: bounded discussion pages resume after reopening with no new evidence (214.242542ms)
✔ file-journal: uncited hypotheses persist as unverified and never supply independent facts or request answers (126.348958ms)
✔ file-journal: quoted coverage remains partial or unknown instead of becoming complete (151.924959ms)
✔ file-journal: UTF-8 output limits retain complete posts and require a larger page for an oversized item (104.219291ms)
✔ file-journal: pages exclude other entity details and reject stale, foreign, and unavailable cursor positions (144.655416ms)
✔ file-journal: page authority includes the consuming work and rejects invalid limits before reading (105.476125ms)
✔ file-journal: a bounded first page reuses source reads and stops before unrelated later sources (211.761084ms)
✔ file-journal: a consuming work change during a page read prevents returning the stale page (97.824709ms)
✔ sqlite/documents: two persistent roles share citations without publishing private memory or inflating sources (37.266166ms)
✔ sqlite/observations: two persistent roles share citations without publishing private memory or inflating sources (31.157666ms)
✔ sqlite: direct source sharing requires source ownership; quotes require a currently visible post (25.143209ms)
✔ sqlite: retract-post removes the claim and its quoted descendants from current views (26.846583ms)
✔ sqlite: restrict-source removes the claim and its quoted descendants from current views (24.248542ms)
✔ sqlite: change-goal removes the claim and its quoted descendants from current views (24.661459ms)
✔ sqlite: delete-original removes the claim and its quoted descendants from current views (24.082834ms)
✔ sqlite: expire removes the claim and its quoted descendants from current views (24.797667ms)
✔ sqlite: an entity with the same key in a different time scope stays separate (25.276042ms)
✔ sqlite: publishing a question does not assign it; acceptance, response and requester confirmation remain distinct (31.201709ms)
✔ sqlite: repeated replies and explicit cyclic waits are bounded; deadlines do not reset on reopen (28.807459ms)
✔ sqlite: exact command retry survives a lost reply; reused IDs with changed content and concurrent edits fail (20.54375ms)
✔ sqlite: authority changing during a source read cannot publish or return the delayed content (23.890875ms)
✔ sqlite: a derived claim retains ancestry without becoming another independent fact source (29.648125ms)
✔ sqlite: repeated quotes share one source read within a view and a later view revalidates it (25.030584ms)
✔ sqlite: unlabelled prose inherits the author's work labels and current exchange policy (25.077209ms)
✔ sqlite: a fulfilled dependency remains attached and its later retraction invalidates dependent confirmation (33.341791ms)
✔ sqlite: reply depth, total posts, total requests and repeated causes have separate limits (25.082458ms)
✔ sqlite: an advancing clock permits ordinary writes and blocks a post expiring during the final boundary check (23.636667ms)
✔ sqlite: a paused assignee cannot have its submitted answer confirmed (26.808625ms)
✔ sqlite: an actual worker SIGKILL after durable publication preserves one post and one command receipt (72.639125ms)
✔ file-journal/documents: two persistent roles share citations without publishing private memory or inflating sources (133.295125ms)
✔ file-journal/observations: two persistent roles share citations without publishing private memory or inflating sources (146.481042ms)
✔ file-journal: direct source sharing requires source ownership; quotes require a currently visible post (94.894958ms)
✔ file-journal: retract-post removes the claim and its quoted descendants from current views (113.830166ms)
✔ file-journal: restrict-source removes the claim and its quoted descendants from current views (121.223417ms)
✔ file-journal: change-goal removes the claim and its quoted descendants from current views (117.776417ms)
✔ file-journal: delete-original removes the claim and its quoted descendants from current views (106.127208ms)
✔ file-journal: expire removes the claim and its quoted descendants from current views (105.31ms)
✔ file-journal: an entity with the same key in a different time scope stays separate (89.297584ms)
✔ file-journal: publishing a question does not assign it; acceptance, response and requester confirmation remain distinct (176.793375ms)
✔ file-journal: repeated replies and explicit cyclic waits are bounded; deadlines do not reset on reopen (225.2555ms)
✔ file-journal: exact command retry survives a lost reply; reused IDs with changed content and concurrent edits fail (89.118625ms)
✔ file-journal: authority changing during a source read cannot publish or return the delayed content (85.325375ms)
✔ file-journal: a derived claim retains ancestry without becoming another independent fact source (95.156084ms)
✔ file-journal: repeated quotes share one source read within a view and a later view revalidates it (143.697458ms)
✔ file-journal: unlabelled prose inherits the author's work labels and current exchange policy (113.2005ms)
✔ file-journal: a fulfilled dependency remains attached and its later retraction invalidates dependent confirmation (301.178083ms)
✔ file-journal: reply depth, total posts, total requests and repeated causes have separate limits (131.360083ms)
✔ file-journal: an advancing clock permits ordinary writes and blocks a post expiring during the final boundary check (93.843583ms)
✔ file-journal: a paused assignee cannot have its submitted answer confirmed (150.181042ms)
✔ file-journal: an actual worker SIGKILL after durable publication preserves one post and one command receipt (139.715916ms)
✔ file board journal detects missing revisions and changed content instead of returning a partial history (77.217375ms)
ℹ tests 61
ℹ suites 0
ℹ pass 61
ℹ fail 0
ℹ cancelled 0
ℹ skipped 0
ℹ todo 0
ℹ duration_ms 5128.869167
