✔ sqlite/documents: runtime board read retains custody through history, compact and reopen (647.488459ms)
✔ sqlite/observations: runtime board read retains custody through history, compact and reopen (652.755625ms)
✔ sqlite: mutual work references terminate and a revoked member invalidates the whole closure (499.345667ms)
✔ sqlite: private memory custody crosses a shared post without exposing the memory body (509.33775ms)
✔ sqlite: page content and consumer identity cannot be substituted in a result (350.941375ms)
✔ sqlite: memory and authenticated collection inputs share the board closure without recursive full validation (1040.632042ms)
✔ sqlite: cancellation ends a board-tool wait before an unavailable repository responds (192.257042ms)
✔ sqlite: a later goal retains original input custody until copied data is quarantined (377.419417ms)
✔ sqlite: changed post blocks retained board context and quarantines copied state (359.64675ms)
✔ sqlite: changed source blocks retained board context and quarantines copied state (375.504334ms)
✔ sqlite: changed raw blocks retained board context and quarantines copied state (353.029541ms)
✔ sqlite: changed receipt blocks retained board context and quarantines copied state (308.385666ms)
✔ sqlite: changed role blocks retained board context and quarantines copied state (331.234292ms)
✔ sqlite: changed authority blocks retained board context and quarantines copied state (372.442834ms)
✔ sqlite: changed labels blocks retained board context and quarantines copied state (358.362375ms)
✔ sqlite: changed generation blocks retained board context and quarantines copied state (349.616916ms)
✔ sqlite: changed validator blocks retained board context and quarantines copied state (325.297667ms)
✔ file-journal/documents: runtime board read retains custody through history, compact and reopen (7517.129292ms)
✔ file-journal/observations: runtime board read retains custody through history, compact and reopen (1717.765833ms)
✔ file-journal: mutual work references terminate and a revoked member invalidates the whole closure (1003.302542ms)
✔ file-journal: private memory custody crosses a shared post without exposing the memory body (933.022959ms)
✔ file-journal: page content and consumer identity cannot be substituted in a result (451.199625ms)
✔ file-journal: memory and authenticated collection inputs share the board closure without recursive full validation (1989.980375ms)
✔ file-journal: cancellation ends a board-tool wait before an unavailable repository responds (92.088667ms)
✔ file-journal: a later goal retains original input custody until copied data is quarantined (314.748375ms)
✔ file-journal: changed post blocks retained board context and quarantines copied state (319.758708ms)
✔ file-journal: changed source blocks retained board context and quarantines copied state (294.965167ms)
✔ file-journal: changed raw blocks retained board context and quarantines copied state (291.893708ms)
✔ file-journal: changed receipt blocks retained board context and quarantines copied state (281.944833ms)
✔ file-journal: changed role blocks retained board context and quarantines copied state (310.948625ms)
✔ file-journal: changed authority blocks retained board context and quarantines copied state (311.772625ms)
✔ file-journal: changed labels blocks retained board context and quarantines copied state (293.836708ms)
✔ file-journal: changed generation blocks retained board context and quarantines copied state (302.312458ms)
✔ file-journal: changed validator blocks retained board context and quarantines copied state (331.974ms)
✔ sqlite/documents: bounded discussion pages resume after reopening with no new evidence (113.456542ms)
✔ sqlite/observations: bounded discussion pages resume after reopening with no new evidence (74.578583ms)
✔ sqlite: uncited hypotheses persist as unverified and never supply independent facts or request answers (47.124167ms)
✔ sqlite: quoted coverage remains partial or unknown instead of becoming complete (33.430167ms)
✔ sqlite: UTF-8 output limits retain complete posts and require a larger page for an oversized item (38.186875ms)
✔ sqlite: pages exclude other entity details and reject stale, foreign, and unavailable cursor positions (60.13125ms)
✔ sqlite: page authority includes the consuming work and rejects invalid limits before reading (39.845291ms)
✔ sqlite: a bounded first page reuses source reads and stops before unrelated later sources (69.16325ms)
✔ sqlite: a consuming work change during a page read prevents returning the stale page (54.65925ms)
✔ sqlite: removing citations does not bypass the author's retained memory dependencies (66.568583ms)
✔ file-journal/documents: bounded discussion pages resume after reopening with no new evidence (536.577542ms)
✔ file-journal/observations: bounded discussion pages resume after reopening with no new evidence (540.891667ms)
✔ file-journal: uncited hypotheses persist as unverified and never supply independent facts or request answers (574.901416ms)
✔ file-journal: quoted coverage remains partial or unknown instead of becoming complete (686.163375ms)
✔ file-journal: UTF-8 output limits retain complete posts and require a larger page for an oversized item (259.355084ms)
✔ file-journal: pages exclude other entity details and reject stale, foreign, and unavailable cursor positions (439.625875ms)
✔ file-journal: page authority includes the consuming work and rejects invalid limits before reading (427.693833ms)
✔ file-journal: a bounded first page reuses source reads and stops before unrelated later sources (726.121791ms)
✔ file-journal: a consuming work change during a page read prevents returning the stale page (359.639042ms)
✔ file-journal: removing citations does not bypass the author's retained memory dependencies (666.865833ms)
✔ sqlite/documents: two persistent roles share citations without publishing private memory or inflating sources (213.808709ms)
✔ sqlite/observations: two persistent roles share citations without publishing private memory or inflating sources (223.2725ms)
✔ sqlite: direct source sharing requires source ownership; quotes require a currently visible post (150.934792ms)
✔ sqlite: retract-post removes the claim and its quoted descendants from current views (164.020458ms)
✔ sqlite: restrict-source removes the claim and its quoted descendants from current views (171.336875ms)
✔ sqlite: change-goal removes the claim and its quoted descendants from current views (176.231208ms)
✔ sqlite: delete-original removes the claim and its quoted descendants from current views (157.461417ms)
✔ sqlite: expire removes the claim and its quoted descendants from current views (138.586875ms)
✔ sqlite: an entity with the same key in a different time scope stays separate (147.905583ms)
✔ sqlite: publishing a question does not assign it; acceptance, response and requester confirmation remain distinct (191.873ms)
✔ sqlite: repeated replies and explicit cyclic waits are bounded; deadlines do not reset on reopen (223.219083ms)
✔ sqlite: exact command retry survives a lost reply; reused IDs with changed content and concurrent edits fail (163.72075ms)
✔ sqlite: authority changing during a source read cannot publish or return the delayed content (156.167667ms)
✔ sqlite: a derived claim retains ancestry without becoming another independent fact source (165.017416ms)
✔ sqlite: repeated quotes share one source read within a view and a later view revalidates it (163.525209ms)
✔ sqlite: unlabelled prose inherits the author's work labels and current exchange policy (177.317541ms)
✔ sqlite: a fulfilled dependency remains attached and its later retraction invalidates dependent confirmation (208.34625ms)
✔ sqlite: reply depth, total posts, total requests and repeated causes have separate limits (168.97225ms)
✔ sqlite: an advancing clock permits ordinary writes and blocks a post expiring during the final boundary check (173.014291ms)
✔ sqlite: a paused assignee cannot have its submitted answer confirmed (216.5945ms)
✔ sqlite: an actual worker SIGKILL after durable publication preserves one post and one command receipt (249.764375ms)
✔ file-journal/documents: two persistent roles share citations without publishing private memory or inflating sources (421.165458ms)
✔ file-journal/observations: two persistent roles share citations without publishing private memory or inflating sources (366.640167ms)
✔ file-journal: direct source sharing requires source ownership; quotes require a currently visible post (207.50275ms)
✔ file-journal: retract-post removes the claim and its quoted descendants from current views (228.210541ms)
✔ file-journal: restrict-source removes the claim and its quoted descendants from current views (246.208583ms)
✔ file-journal: change-goal removes the claim and its quoted descendants from current views (235.121458ms)
✔ file-journal: delete-original removes the claim and its quoted descendants from current views (200.459583ms)
✔ file-journal: expire removes the claim and its quoted descendants from current views (171.066542ms)
✔ file-journal: an entity with the same key in a different time scope stays separate (158.418333ms)
✔ file-journal: publishing a question does not assign it; acceptance, response and requester confirmation remain distinct (258.61975ms)
✔ file-journal: repeated replies and explicit cyclic waits are bounded; deadlines do not reset on reopen (404.315833ms)
✔ file-journal: exact command retry survives a lost reply; reused IDs with changed content and concurrent edits fail (169.472209ms)
✔ file-journal: authority changing during a source read cannot publish or return the delayed content (197.166875ms)
✔ file-journal: a derived claim retains ancestry without becoming another independent fact source (193.399458ms)
✔ file-journal: repeated quotes share one source read within a view and a later view revalidates it (287.671458ms)
✔ file-journal: unlabelled prose inherits the author's work labels and current exchange policy (188.248375ms)
✔ file-journal: a fulfilled dependency remains attached and its later retraction invalidates dependent confirmation (456.901208ms)
✔ file-journal: reply depth, total posts, total requests and repeated causes have separate limits (221.153541ms)
✔ file-journal: an advancing clock permits ordinary writes and blocks a post expiring during the final boundary check (175.413458ms)
✔ file-journal: a paused assignee cannot have its submitted answer confirmed (307.967625ms)
✔ file-journal: an actual worker SIGKILL after durable publication preserves one post and one command receipt (272.070875ms)
✔ file board journal detects missing revisions and changed content instead of returning a partial history (251.280417ms)
✔ a diamond validates every edge, inspects a shared source once and guards every captured node (1.734458ms)
✔ a reference cycle is finite while an invalid member still rejects the whole closure (0.297792ms)
✔ a pin encountered after visiting a node is still checked (0.134917ms)
✔ conflicting pending pins fail before dispatch, including across duplicate roots (0.080458ms)
✔ captured source or authority changes during another read invalidate the result (0.528625ms)
✔ application invariants can reject a semantic cycle before guard I/O without changing generic cycle handling (0.161083ms)
✔ expiry of an earlier node during a later guard is checked again before return (0.415083ms)
✔ already expired nodes cannot be inputs (0.125125ms)
✔ node, edge and byte budgets stop excessive reads before dispatching the next node (0.209625ms)
✔ a long chain uses an iterative queue and visits every source exactly once (6.176833ms)
✔ pre-aborted validation never invokes a reader (0.316667ms)
✔ cancellation ends a blocked validation and contains a late reader rejection (5.458333ms)
✔ the elapsed deadline bounds a reader that ignores cancellation (21.527084ms)
✔ logical clock deadline changes and backwards clock readings cannot extend validation (0.443625ms)
✔ reader exceptions, unknown providers and malformed replies return fixed errors without source data (0.223ms)
✔ registration captures the callback and rejects duplicate providers and invalid limits (0.23ms)
✔ overlapping validations keep separate snapshots, queues and cancellation (0.163458ms)
✔ provider and key jointly identify a node (0.085625ms)
✔ sqlite: a memory-only service rejects an unsupported retained input in a nested source work (65.426417ms)
✔ sqlite: a memory tool cancels a blocked custody read before the source responds (39.571834ms)
✔ sqlite: custody-free reads keep their original I/O path and a W to M to W custody cycle remains finite (31.75ms)
✔ sqlite: external K revise blocks direct, derived and cached M before W is refreshed (64.862042ms)
✔ sqlite: external K retract blocks direct, derived and cached M before W is refreshed (56.707083ms)
✔ sqlite: external K expire blocks direct, derived and cached M before W is refreshed (30.14475ms)
✔ sqlite: external K generation blocks direct, derived and cached M before W is refreshed (30.70925ms)
✔ sqlite: a shared reader uses current M authority without impersonating its owner's private K actor (69.281ms)
✔ sqlite: custody does not reconstruct an unconfirmed reviewer-only permission (8.241417ms)
✔ sqlite: custody entry and byte limits fail closed before reading unbounded knowledge records (142.853916ms)
✔ sqlite: a derivedFrom cycle remains invalid even when its work custody graph is finite (45.488833ms)
✔ sqlite: external memory changed during closure collection cannot survive the stable snapshot (31.270875ms)
✔ file-journal: a memory-only service rejects an unsupported retained input in a nested source work (775.831583ms)
✔ file-journal: a memory tool cancels a blocked custody read before the source responds (691.78825ms)
✔ file-journal: custody-free reads keep their original I/O path and a W to M to W custody cycle remains finite (504.25575ms)
✔ file-journal: external K revise blocks direct, derived and cached M before W is refreshed (1054.835666ms)
✔ file-journal: external K retract blocks direct, derived and cached M before W is refreshed (1570.355625ms)
✔ file-journal: external K expire blocks direct, derived and cached M before W is refreshed (1407.808625ms)
✔ file-journal: external K generation blocks direct, derived and cached M before W is refreshed (1775.464291ms)
✔ file-journal: a shared reader uses current M authority without impersonating its owner's private K actor (1171.76125ms)
✔ file-journal: custody does not reconstruct an unconfirmed reviewer-only permission (292.126708ms)
✔ file-journal: custody entry and byte limits fail closed before reading unbounded knowledge records (340.50175ms)
✔ file-journal: a derivedFrom cycle remains invalid even when its work custody graph is finite (336.219541ms)
✔ file-journal: external memory changed during closure collection cannot survive the stable snapshot (416.468917ms)
✔ read checkpoint sqlite: a complete checkpoint survives outer-result loss and resumes without another fetch (397.869417ms)
✔ read checkpoint sqlite: projection preserves original evidence and charges only the successor's raw response (538.878041ms)
✔ read checkpoint sqlite: missing proof and altered payload are denied while ordinary failures remain valid (594.685834ms)
✔ read checkpoint sqlite: an indexed forged merged page cannot replace its accepted raw response (645.730167ms)
✔ read checkpoint sqlite: an unchanged original body cannot authorize a changed request identity (686.176875ms)
✔ read checkpoint sqlite: losing raw-response blocks result history and copied history (708.736ms)
✔ read checkpoint sqlite: losing source-artifact blocks result history and copied history (723.550667ms)
✔ read checkpoint sqlite: severing the parent's exclusive successor claim rejects the child (648.937458ms)
✔ read checkpoint file-journal: a complete checkpoint survives outer-result loss and resumes without another fetch (3988.149166ms)
✔ read checkpoint file-journal: projection preserves original evidence and charges only the successor's raw response (3345.217917ms)
✔ read checkpoint file-journal: missing proof and altered payload are denied while ordinary failures remain valid (2293.609583ms)
✔ read checkpoint file-journal: an indexed forged merged page cannot replace its accepted raw response (1324.7785ms)
✔ read checkpoint file-journal: an unchanged original body cannot authorize a changed request identity (735.33125ms)
✔ read checkpoint file-journal: losing raw-response blocks result history and copied history (1233.638792ms)
✔ read checkpoint file-journal: losing source-artifact blocks result history and copied history (1132.793125ms)
✔ read checkpoint file-journal: severing the parent's exclusive successor claim rejects the child (993.259709ms)
✔ collection coverage: an individually complete fact does not prove the required full query (3.805875ms)
✔ collection coverage: complete query is an additional gate and adds no independent evidence (0.216833ms)
✔ collection coverage: query mismatch cannot satisfy the requirement (0.231333ms)
✔ collection coverage: snapshot mismatch cannot satisfy the requirement (0.342ms)
✔ collection coverage: goal mismatch cannot satisfy the requirement (0.341375ms)
✔ collection coverage: permission mismatch cannot satisfy the requirement (0.248209ms)
✔ collection coverage: unadopted mismatch cannot satisfy the requirement (0.269792ms)
✔ collection coverage: an earlier unknown read retains its history without negating a complete later manifest (0.156459ms)
✔ collection coverage: empty enumeration does not invent a business fact (0.159375ms)
✔ collection coverage: manifest validation rejects duplicates, mismatched keys and premature EOF even without a remote total (0.66775ms)
ℹ tests 165
ℹ suites 0
ℹ pass 165
ℹ fail 0
ℹ cancelled 0
ℹ skipped 0
ℹ todo 0
ℹ duration_ms 24299.604208
