✔ sqlite/documents: bounded discussion pages resume after reopening with no new evidence (107.765542ms)
✔ sqlite/observations: bounded discussion pages resume after reopening with no new evidence (147.112459ms)
✔ sqlite: uncited hypotheses persist as unverified and never supply independent facts or request answers (176.012208ms)
✔ sqlite: quoted coverage remains partial or unknown instead of becoming complete (188.867041ms)
✔ sqlite: UTF-8 output limits retain complete posts and require a larger page for an oversized item (114.816833ms)
✔ sqlite: pages exclude other entity details and reject stale, foreign, and unavailable cursor positions (160.225834ms)
✔ sqlite: page authority includes the consuming work and rejects invalid limits before reading (137.993209ms)
✔ sqlite: a bounded first page reuses source reads and stops before unrelated later sources (171.623625ms)
✔ sqlite: a consuming work change during a page read prevents returning the stale page (157.004916ms)
✔ sqlite: removing citations does not bypass the author's retained memory dependencies (148.788708ms)
✔ file-journal/documents: bounded discussion pages resume after reopening with no new evidence (742.2845ms)
✔ file-journal/observations: bounded discussion pages resume after reopening with no new evidence (707.452875ms)
✔ file-journal: uncited hypotheses persist as unverified and never supply independent facts or request answers (567.810666ms)
✔ file-journal: quoted coverage remains partial or unknown instead of becoming complete (796.496375ms)
✔ file-journal: UTF-8 output limits retain complete posts and require a larger page for an oversized item (484.365833ms)
✔ file-journal: pages exclude other entity details and reject stale, foreign, and unavailable cursor positions (298.128ms)
✔ file-journal: page authority includes the consuming work and rejects invalid limits before reading (189.166541ms)
✔ file-journal: a bounded first page reuses source reads and stops before unrelated later sources (438.721209ms)
✔ file-journal: a consuming work change during a page read prevents returning the stale page (253.783917ms)
✔ file-journal: removing citations does not bypass the author's retained memory dependencies (433.983209ms)
✔ sqlite/documents: two persistent roles share citations without publishing private memory or inflating sources (177.690083ms)
✔ sqlite/observations: two persistent roles share citations without publishing private memory or inflating sources (245.61475ms)
✔ sqlite: direct source sharing requires source ownership; quotes require a currently visible post (174.184625ms)
✔ sqlite: retract-post removes the claim and its quoted descendants from current views (150.673292ms)
✔ sqlite: restrict-source removes the claim and its quoted descendants from current views (138.494333ms)
✔ sqlite: change-goal removes the claim and its quoted descendants from current views (169.46525ms)
✔ sqlite: delete-original removes the claim and its quoted descendants from current views (199.396083ms)
✔ sqlite: expire removes the claim and its quoted descendants from current views (160.340334ms)
✔ sqlite: an entity with the same key in a different time scope stays separate (176.946667ms)
✔ sqlite: publishing a question does not assign it; acceptance, response and requester confirmation remain distinct (242.35225ms)
✔ sqlite: repeated replies and explicit cyclic waits are bounded; deadlines do not reset on reopen (301.475792ms)
✔ sqlite: exact command retry survives a lost reply; reused IDs with changed content and concurrent edits fail (238.187291ms)
✔ sqlite: authority changing during a source read cannot publish or return the delayed content (169.443375ms)
✔ sqlite: a derived claim retains ancestry without becoming another independent fact source (246.553542ms)
✔ sqlite: repeated quotes share one source read within a view and a later view revalidates it (153.494458ms)
✔ sqlite: unlabelled prose inherits the author's work labels and current exchange policy (122.240208ms)
✔ sqlite: a fulfilled dependency remains attached and its later retraction invalidates dependent confirmation (160.3825ms)
✔ sqlite: reply depth, total posts, total requests and repeated causes have separate limits (209.266625ms)
✔ sqlite: an advancing clock permits ordinary writes and blocks a post expiring during the final boundary check (189.646792ms)
✔ sqlite: a paused assignee cannot have its submitted answer confirmed (208.648167ms)
✔ sqlite: an actual worker SIGKILL after durable publication preserves one post and one command receipt (298.111375ms)
✔ file-journal/documents: two persistent roles share citations without publishing private memory or inflating sources (177.2015ms)
✔ file-journal/observations: two persistent roles share citations without publishing private memory or inflating sources (191.797583ms)
✔ file-journal: direct source sharing requires source ownership; quotes require a currently visible post (147.574292ms)
✔ file-journal: retract-post removes the claim and its quoted descendants from current views (150.735917ms)
✔ file-journal: restrict-source removes the claim and its quoted descendants from current views (171.3775ms)
✔ file-journal: change-goal removes the claim and its quoted descendants from current views (136.058166ms)
✔ file-journal: delete-original removes the claim and its quoted descendants from current views (140.851042ms)
✔ file-journal: expire removes the claim and its quoted descendants from current views (134.821125ms)
✔ file-journal: an entity with the same key in a different time scope stays separate (114.345458ms)
✔ file-journal: publishing a question does not assign it; acceptance, response and requester confirmation remain distinct (267.103208ms)
✔ file-journal: repeated replies and explicit cyclic waits are bounded; deadlines do not reset on reopen (320.061041ms)
✔ file-journal: exact command retry survives a lost reply; reused IDs with changed content and concurrent edits fail (141.748041ms)
✔ file-journal: authority changing during a source read cannot publish or return the delayed content (165.114083ms)
✔ file-journal: a derived claim retains ancestry without becoming another independent fact source (204.271667ms)
✔ file-journal: repeated quotes share one source read within a view and a later view revalidates it (247.657791ms)
✔ file-journal: unlabelled prose inherits the author's work labels and current exchange policy (199.34025ms)
✔ file-journal: a fulfilled dependency remains attached and its later retraction invalidates dependent confirmation (404.861209ms)
✔ file-journal: reply depth, total posts, total requests and repeated causes have separate limits (181.534833ms)
✔ file-journal: an advancing clock permits ordinary writes and blocks a post expiring during the final boundary check (162.449208ms)
✔ file-journal: a paused assignee cannot have its submitted answer confirmed (213.449166ms)
✔ file-journal: an actual worker SIGKILL after durable publication preserves one post and one command receipt (230.300167ms)
✔ file board journal detects missing revisions and changed content instead of returning a partial history (135.531875ms)
✔ a diamond validates every edge, inspects a shared source once and guards every captured node (1.305333ms)
✔ a reference cycle is finite while an invalid member still rejects the whole closure (0.280334ms)
✔ a pin encountered after visiting a node is still checked (0.13375ms)
✔ conflicting pending pins fail before dispatch, including across duplicate roots (0.088417ms)
✔ captured source or authority changes during another read invalidate the result (0.228958ms)
✔ application invariants can reject a semantic cycle before guard I/O without changing generic cycle handling (0.294625ms)
✔ expiry of an earlier node during a later guard is checked again before return (0.345625ms)
✔ already expired nodes cannot be inputs (0.087416ms)
✔ node, edge and byte budgets stop excessive reads before dispatching the next node (0.17375ms)
✔ a long chain uses an iterative queue and visits every source exactly once (4.375375ms)
✔ pre-aborted validation never invokes a reader (0.139417ms)
✔ cancellation ends a blocked validation and contains a late reader rejection (3.620458ms)
✔ the elapsed deadline bounds a reader that ignores cancellation (20.478708ms)
✔ logical clock deadline changes and backwards clock readings cannot extend validation (0.460125ms)
✔ reader exceptions, unknown providers and malformed replies return fixed errors without source data (0.342208ms)
✔ registration captures the callback and rejects duplicate providers and invalid limits (0.397209ms)
✔ overlapping validations keep separate snapshots, queues and cancellation (0.320166ms)
✔ provider and key jointly identify a node (0.182042ms)
✔ sqlite: a memory tool cancels a blocked custody read before the source responds (42.017334ms)
✔ sqlite: custody-free reads keep their original I/O path and a W to M to W custody cycle remains finite (32.117042ms)
✔ sqlite: external K revise blocks direct, derived and cached M before W is refreshed (57.854292ms)
✔ sqlite: external K retract blocks direct, derived and cached M before W is refreshed (95.864333ms)
✔ sqlite: external K expire blocks direct, derived and cached M before W is refreshed (97.227917ms)
✔ sqlite: external K generation blocks direct, derived and cached M before W is refreshed (124.125041ms)
✔ sqlite: a shared reader uses current M authority without impersonating its owner's private K actor (135.983084ms)
✔ sqlite: custody does not reconstruct an unconfirmed reviewer-only permission (81.679417ms)
✔ sqlite: custody entry and byte limits fail closed before reading unbounded knowledge records (671.442292ms)
✔ sqlite: a derivedFrom cycle remains invalid even when its work custody graph is finite (105.768958ms)
✔ sqlite: external memory changed during closure collection cannot survive the stable snapshot (95.577208ms)
✔ file-journal: a memory tool cancels a blocked custody read before the source responds (808.139708ms)
✔ file-journal: custody-free reads keep their original I/O path and a W to M to W custody cycle remains finite (691.74275ms)
✔ file-journal: external K revise blocks direct, derived and cached M before W is refreshed (1702.079375ms)
✔ file-journal: external K retract blocks direct, derived and cached M before W is refreshed (622.224875ms)
✔ file-journal: external K expire blocks direct, derived and cached M before W is refreshed (824.238125ms)
✔ file-journal: external K generation blocks direct, derived and cached M before W is refreshed (1019.973625ms)
✔ file-journal: a shared reader uses current M authority without impersonating its owner's private K actor (1225.589417ms)
✔ file-journal: custody does not reconstruct an unconfirmed reviewer-only permission (430.963458ms)
✔ file-journal: custody entry and byte limits fail closed before reading unbounded knowledge records (557.951291ms)
✔ file-journal: a derivedFrom cycle remains invalid even when its work custody graph is finite (690.038917ms)
✔ file-journal: external memory changed during closure collection cannot survive the stable snapshot (426.299292ms)
✔ sqlite: same-work recall survives dispatch, receipt and unrelated revision bookkeeping (208.405625ms)
✔ sqlite: cross-work memory copy keeps custody across a goal change and blocks a prepared result after source deletion (545.585084ms)
✔ sqlite: source deletion after a cross-goal copied memory cancels a reserved effect before invocation (336.020791ms)
✔ sqlite: stored model input contains recalled bodies while hiding internal custody metadata (437.455667ms)
✔ sqlite: reopening without a knowledge validator blocks retained originals and reserved effects (423.48675ms)
✔ sqlite: deleting another work's source while adopt commit waits quarantines the copied evidence before return (453.727959ms)
✔ file-journal: same-work recall survives dispatch, receipt and unrelated revision bookkeeping (3091.75925ms)
✔ file-journal: cross-work memory copy keeps custody across a goal change and blocks a prepared result after source deletion (6698.853542ms)
✔ file-journal: source deletion after a cross-goal copied memory cancels a reserved effect before invocation (2315.232542ms)
✔ file-journal: stored model input contains recalled bodies while hiding internal custody metadata (744.751334ms)
✔ file-journal: reopening without a knowledge validator blocks retained originals and reserved effects (420.8525ms)
✔ file-journal: deleting another work's source while adopt commit waits quarantines the copied evidence before return (365.8745ms)
✔ memory tools expose read cards, internal dependencies and schema-valid results (sqlite) (75.431083ms)
✔ memory tool authority intersects destination, caller and fresh trusted identity (sqlite) (48.418167ms)
✔ memory reads constrain IDs and searches to the current goal scope (sqlite) (78.942583ms)
✔ memory tools expose read cards, internal dependencies and schema-valid results (file-journal) (1839.050167ms)
✔ memory tool authority intersects destination, caller and fresh trusted identity (file-journal) (574.96ms)
✔ memory reads constrain IDs and searches to the current goal scope (file-journal) (624.927958ms)
✔ memory tools report bounded references without bodies, including multibyte oversized references (134.743541ms)
✔ memory search distinguishes result truncation and index errors from complete absence (105.828125ms)
✔ memory tools discard a copied card when trusted-owner changes during a repository wait (76.039291ms)
✔ memory tools discard a copied card when work-owner changes during a repository wait (106.627708ms)
✔ memory tools discard a copied card when caller-labels changes during a repository wait (119.546ms)
✔ memory tools discard a copied card when work-labels changes during a repository wait (118.181834ms)
✔ memory tools discard a copied card when goal changes during a repository wait (115.637ms)
✔ memory tools discard a copied card when generation changes during a repository wait (124.1355ms)
✔ memory tools discard a copied card when cancel changes during a repository wait (131.15775ms)
✔ each fresh trusted actor lookup must match the work owner, including the final return check (174.695875ms)
✔ dependency validation uses current source, record and caller permissions without a stale service cache (187.165375ms)
✔ memory adapters do not mutate the caller policy and normalize invalid input and pre-abort (133.384084ms)
✔ knowledge exact lookup precedes index, Korean/English and conditional search use current sources (sqlite) (36.663625ms)
✔ knowledge exact lookup precedes index, Korean/English and conditional search use current sources (file-journal) (492.485042ms)
✔ private memory needs explicit submission and another reviewer of the exact content revision (115.551125ms)
✔ source retracted prevents direct, cached lexical and dependency reuse (67.334042ms)
✔ source restricted prevents direct, cached lexical and dependency reuse (77.173167ms)
✔ source deleted prevents direct, cached lexical and dependency reuse (96.584459ms)
✔ source corrected prevents direct, cached lexical and dependency reuse (89.534541ms)
✔ source policy prevents direct, cached lexical and dependency reuse (100.726333ms)
✔ source generation prevents direct, cached lexical and dependency reuse (101.951ms)
✔ ancestor changes and derived memories retain source identity without inflating independent provenance (92.188916ms)
✔ review CAS prevents a reviewed draft from being silently replaced or shared after editing (84.725ms)
✔ source or actor changes while source reads wait cannot return stale memory content (73.615541ms)
✔ a delayed candidate cache fill rechecks namespace authority before returning cards or counts (86.24725ms)
✔ index errors remain distinct from absence and rebuild never resurrects deleted or expired content (95.760334ms)
✔ SQLite reopen retains memory, review, cursor and receipts; competing writers use revision CAS (108.115ms)
✔ source and knowledge stores close and reopen with reviewed memory and index intact (130.904958ms)
✔ bounded results report truncation only after current visibility filtering (121.969ms)
✔ deletion while a repeated source check waits is noticed before returning the memory card (130.74425ms)
✔ source deletion after the second source snapshot cannot return its old card (112.401875ms)
✔ batch dependency fences notice an earlier card source changing while a later card is checked (105.555917ms)
✔ retracted memory can subsequently be deleted while preserving the revision and idempotency rules (115.720791ms)
✔ a pruned limited search stays partial when an unread matching candidate remains (115.8195ms)
✔ unrelated work revisions preserve semantic dependencies while changed source content does not (108.699542ms)
✔ dependency contracts reject forged fields, unsafe revisions, malformed hashes and duplicate references (106.825125ms)
✔ continuously changing coherent-read revisions stop after a bounded number of fences (176.999667ms)
ℹ tests 158
ℹ suites 0
ℹ pass 158
ℹ fail 0
ℹ cancelled 0
ℹ skipped 0
ℹ todo 0
ℹ duration_ms 16159.031375
