
> long-horizon-runtime@0.1.0 typecheck
> tsc -p tsconfig.json --noEmit

src/application/board-service.ts(45,80): error TS18047: 'state' is possibly 'null'.
src/application/board-service.ts(46,28): error TS18047: 'state' is possibly 'null'.
src/application/board-service.ts(46,45): error TS2322: Type 'WorkState | null' is not assignable to type 'WorkState'.
  Type 'null' is not assignable to type 'WorkState'.
src/application/board-service.ts(63,135): error TS2345: Argument of type 'Evidence | undefined' is not assignable to parameter of type 'Evidence'.
  Type 'undefined' is not assignable to type 'Evidence'.
src/application/board-service.ts(66,11): error TS2345: Argument of type 'Evidence | undefined' is not assignable to parameter of type 'Evidence'.
  Type 'undefined' is not assignable to type 'Evidence'.
src/application/board-service.ts(74,14): error TS2322: Type 'Evidence | undefined' is not assignable to type 'Evidence'.
  Type 'undefined' is not assignable to type 'Evidence'.
src/application/board-service.ts(77,19): error TS18048: 'evidence' is possibly 'undefined'.
src/application/board-service.ts(77,52): error TS18048: 'evidence' is possibly 'undefined'.
src/application/board-service.ts(84,66): error TS18048: 'post' is possibly 'undefined'.
src/application/board-service.ts(85,46): error TS18048: 'post' is possibly 'undefined'.
src/application/board-service.ts(86,38): error TS18048: 'role' is possibly 'undefined'.
src/application/board-service.ts(86,82): error TS18048: 'post' is possibly 'undefined'.
src/application/board-service.ts(87,8): error TS18048: 'post' is possibly 'undefined'.
src/application/board-service.ts(88,37): error TS18048: 'post' is possibly 'undefined'.
src/application/board-service.ts(88,61): error TS18048: 'post' is possibly 'undefined'.
src/application/board-service.ts(88,77): error TS18048: 'post' is possibly 'undefined'.
src/application/board-service.ts(90,28): error TS18048: 'post' is possibly 'undefined'.
src/application/board-service.ts(94,14): error TS2322: Type 'BoardPost | undefined' is not assignable to type 'BoardPost'.
  Type 'undefined' is not assignable to type 'BoardPost'.
src/application/board-service.ts(135,99): error TS18048: 'role' is possibly 'undefined'.
src/application/board-service.ts(156,60): error TS18048: 'entity' is possibly 'undefined'.
src/application/board-service.ts(156,81): error TS18048: 'entity' is possibly 'undefined'.
src/application/board-service.ts(156,133): error TS18048: 'entity' is possibly 'undefined'.
src/application/board-service.ts(170,7): error TS18048: 'post' is possibly 'undefined'.
src/application/board-service.ts(170,34): error TS18048: 'post' is possibly 'undefined'.
src/application/board-service.ts(191,52): error TS18048: 'request' is possibly 'undefined'.
src/application/board-service.ts(193,25): error TS18048: 'request' is possibly 'undefined'.
src/application/board-service.ts(193,61): error TS18048: 'request' is possibly 'undefined'.
src/application/board-service.ts(193,91): error TS18048: 'request' is possibly 'undefined'.
src/application/board-service.ts(195,28): error TS18048: 'request' is possibly 'undefined'.
src/application/board-service.ts(195,73): error TS18048: 'request' is possibly 'undefined'.
src/application/board-service.ts(197,36): error TS18048: 'request' is possibly 'undefined'.
src/application/board-service.ts(199,27): error TS18048: 'request' is possibly 'undefined'.
src/application/board-service.ts(199,50): error TS18048: 'request' is possibly 'undefined'.
src/application/board-service.ts(199,84): error TS18048: 'request' is possibly 'undefined'.
src/application/board-service.ts(200,38): error TS18048: 'request' is possibly 'undefined'.
src/application/board-service.ts(200,38): error TS2345: Argument of type 'string | null' is not assignable to parameter of type 'string'.
  Type 'null' is not assignable to type 'string'.
src/application/board-service.ts(200,61): error TS18048: 'request' is possibly 'undefined'.
src/application/board-service.ts(200,91): error TS18048: 'request' is possibly 'undefined'.
src/application/board-service.ts(202,27): error TS18048: 'request' is possibly 'undefined'.
src/application/board-service.ts(203,44): error TS18048: 'request' is possibly 'undefined'.
src/application/board-service.ts(203,73): error TS18048: 'request' is possibly 'undefined'.
src/application/board-service.ts(205,17): error TS18048: 'request' is possibly 'undefined'.
src/application/board-service.ts(205,123): error TS2345: Argument of type 'string | undefined' is not assignable to parameter of type 'string'.
  Type 'undefined' is not assignable to type 'string'.
src/application/board-service.ts(206,66): error TS18048: 'request' is possibly 'undefined'.
src/application/board-service.ts(207,13): error TS18048: 'request' is possibly 'undefined'.
src/application/board-service.ts(207,47): error TS18048: 'request' is possibly 'undefined'.
src/application/board-service.ts(207,98): error TS18048: 'request' is possibly 'undefined'.
src/application/board-service.ts(209,17): error TS18048: 'request' is possibly 'undefined'.
src/application/board-service.ts(209,51): error TS18048: 'request' is possibly 'undefined'.
src/application/board-service.ts(210,58): error TS18048: 'request' is possibly 'undefined'.
src/application/board-service.ts(210,58): error TS2345: Argument of type 'string | null' is not assignable to parameter of type 'string'.
  Type 'null' is not assignable to type 'string'.
src/application/board-service.ts(211,40): error TS18048: 'request' is possibly 'undefined'.
src/application/board-service.ts(213,154): error TS18048: 'request' is possibly 'undefined'.
src/application/board-service.ts(214,15): error TS18048: 'request' is possibly 'undefined'.
src/application/board-service.ts(214,15): error TS2322: Type 'string[] | undefined' is not assignable to type 'string[]'.
  Type 'undefined' is not assignable to type 'string[]'.
src/application/board-service.ts(216,92): error TS2345: Argument of type 'string | undefined' is not assignable to parameter of type 'string'.
  Type 'undefined' is not assignable to type 'string'.
src/application/board-service.ts(217,92): error TS18048: 'request' is possibly 'undefined'.
src/application/board-service.ts(218,15): error TS18048: 'request' is possibly 'undefined'.
src/application/board-service.ts(218,47): error TS18048: 'request' is possibly 'undefined'.
src/application/board-service.ts(218,76): error TS18048: 'request' is possibly 'undefined'.
src/application/board-service.ts(223,7): error TS18048: 'request' is possibly 'undefined'.
src/application/board-store-contract.ts(24,34): error TS18048: 'current' is possibly 'undefined'.
src/application/board-store-contract.ts(24,63): error TS18048: 'current' is possibly 'undefined'.
src/application/board-store-contract.ts(36,47): error TS18048: 'current' is possibly 'undefined'.
src/application/board-store-contract.ts(36,47): error TS2345: Argument of type '"cancelled" | "accepted" | "satisfied" | "offered" | "answered" | "declined"' is not assignable to parameter of type 'never'.
  Type '"cancelled"' is not assignable to type 'never'.
src/application/board-store-contract.ts(38,28): error TS18048: 'current' is possibly 'undefined'.
src/application/board-store-contract.ts(39,72): error TS18048: 'current' is possibly 'undefined'.
src/application/board-store-contract.ts(39,131): error TS18048: 'current' is possibly 'undefined'.
src/application/board-store-contract.ts(40,67): error TS18048: 'current' is possibly 'undefined'.
src/application/board-store-contract.ts(41,9): error TS18048: 'current' is possibly 'undefined'.
