✔ sqlite/documents: runtime board read retains custody through history, compact and reopen (709.423667ms)
✔ sqlite/observations: runtime board read retains custody through history, compact and reopen (638.559875ms)
✔ sqlite: mutual work references terminate and a revoked member invalidates the whole closure (582.111333ms)
✔ sqlite: private memory custody crosses a shared post without exposing the memory body (500.864459ms)
✔ sqlite: page content and consumer identity cannot be substituted in a result (437.887292ms)
✔ sqlite: memory and authenticated collection inputs share the board closure without recursive full validation (1170.9645ms)
✔ sqlite: cancellation ends a board-tool wait before an unavailable repository responds (289.700041ms)
✔ sqlite: a later goal retains original input custody until copied data is quarantined (446.603625ms)
✔ sqlite: changed post blocks retained board context and quarantines copied state (446.372459ms)
✔ sqlite: changed source blocks retained board context and quarantines copied state (437.062375ms)
✔ sqlite: changed raw blocks retained board context and quarantines copied state (480.730208ms)
✔ sqlite: changed receipt blocks retained board context and quarantines copied state (459.985291ms)
✔ sqlite: changed role blocks retained board context and quarantines copied state (400.98475ms)
✔ sqlite: changed authority blocks retained board context and quarantines copied state (426.33825ms)
✔ sqlite: changed labels blocks retained board context and quarantines copied state (526.38775ms)
✔ sqlite: changed generation blocks retained board context and quarantines copied state (356.25125ms)
✔ sqlite: changed validator blocks retained board context and quarantines copied state (404.849083ms)
✔ file-journal/documents: runtime board read retains custody through history, compact and reopen (8578.905208ms)
✔ file-journal/observations: runtime board read retains custody through history, compact and reopen (1747.660583ms)
✔ file-journal: mutual work references terminate and a revoked member invalidates the whole closure (662.72025ms)
✔ file-journal: private memory custody crosses a shared post without exposing the memory body (478.155083ms)
✔ file-journal: page content and consumer identity cannot be substituted in a result (278.321333ms)
✔ file-journal: memory and authenticated collection inputs share the board closure without recursive full validation (1458.850583ms)
✔ file-journal: cancellation ends a board-tool wait before an unavailable repository responds (94.1725ms)
✔ file-journal: a later goal retains original input custody until copied data is quarantined (287.155458ms)
✔ file-journal: changed post blocks retained board context and quarantines copied state (289.085875ms)
✔ file-journal: changed source blocks retained board context and quarantines copied state (277.987292ms)
✔ file-journal: changed raw blocks retained board context and quarantines copied state (320.160292ms)
✔ file-journal: changed receipt blocks retained board context and quarantines copied state (295.089167ms)
✔ file-journal: changed role blocks retained board context and quarantines copied state (289.901ms)
✔ file-journal: changed authority blocks retained board context and quarantines copied state (283.954584ms)
✔ file-journal: changed labels blocks retained board context and quarantines copied state (276.152958ms)
✔ file-journal: changed generation blocks retained board context and quarantines copied state (281.718458ms)
✔ file-journal: changed validator blocks retained board context and quarantines copied state (277.756916ms)
✖ sqlite: board publish and retract run through the broker and retain mechanical receipts (413.73075ms)
✔ sqlite: applied board command survives response loss and cannot be overwritten by the late result (165.07075ms)
✔ sqlite: saved unknown result stays immutable after durable receipt reconciliation (122.993833ms)
✔ sqlite: an expired absent command is closed and a delayed original commit cannot publish (100.075291ms)
✔ sqlite: stale revision is reconciled as closed without changing posts (150.3805ms)
✔ sqlite: proof deletion denies context, reopens obligation and does not fabricate replacement (135.2115ms)
✔ sqlite: retained receipt requires a reader and current role authority (179.076125ms)
✔ sqlite: removing the stored receipt invalidates an intact result artifact (228.552833ms)
✔ sqlite: a forged post outcome or another attempt receipt cannot be adopted (194.712542ms)
✔ sqlite: policy revoked immediately before storage prevents publication (128.46325ms)
✔ sqlite: tool schemas exclude actor, command identity and foreign source work (85.624167ms)
✔ sqlite: a no-op closure cannot smuggle a board mutation (74.531917ms)
✔ sqlite: closure duplicate and changed digest have stable distinct outcomes (114.634ms)
✖ file-journal: board publish and retract run through the broker and retain mechanical receipts (3068.089542ms)
✔ file-journal: applied board command survives response loss and cannot be overwritten by the late result (1360.747625ms)
✔ file-journal: saved unknown result stays immutable after durable receipt reconciliation (1334.645333ms)
✔ file-journal: an expired absent command is closed and a delayed original commit cannot publish (1246.608459ms)
✔ file-journal: stale revision is reconciled as closed without changing posts (1265.427583ms)
✔ file-journal: proof deletion denies context, reopens obligation and does not fabricate replacement (1549.463875ms)
✔ file-journal: retained receipt requires a reader and current role authority (944.0005ms)
✔ file-journal: removing the stored receipt invalidates an intact result artifact (828.365333ms)
✔ file-journal: a forged post outcome or another attempt receipt cannot be adopted (463.577625ms)
✔ file-journal: policy revoked immediately before storage prevents publication (386.3ms)
✔ file-journal: tool schemas exclude actor, command identity and foreign source work (317.56725ms)
✔ file-journal: a no-op closure cannot smuggle a board mutation (79.059375ms)
✔ file-journal: closure duplicate and changed digest have stable distinct outcomes (131.699333ms)
✔ sqlite/documents: bounded discussion pages resume after reopening with no new evidence (112.987625ms)
✔ sqlite/observations: bounded discussion pages resume after reopening with no new evidence (177.277834ms)
✔ sqlite: uncited hypotheses persist as unverified and never supply independent facts or request answers (58.398125ms)
✔ sqlite: quoted coverage remains partial or unknown instead of becoming complete (114.829958ms)
✔ sqlite: UTF-8 output limits retain complete posts and require a larger page for an oversized item (75.510292ms)
✔ sqlite: pages exclude other entity details and reject stale, foreign, and unavailable cursor positions (88.614875ms)
✔ sqlite: page authority includes the consuming work and rejects invalid limits before reading (97.318667ms)
✔ sqlite: a bounded first page reuses source reads and stops before unrelated later sources (103.301875ms)
✔ sqlite: a consuming work change during a page read prevents returning the stale page (139.702125ms)
✔ sqlite: removing citations does not bypass the author's retained memory dependencies (119.270666ms)
✔ file-journal/documents: bounded discussion pages resume after reopening with no new evidence (727.032416ms)
✔ file-journal/observations: bounded discussion pages resume after reopening with no new evidence (705.614958ms)
✔ file-journal: uncited hypotheses persist as unverified and never supply independent facts or request answers (669.511542ms)
✔ file-journal: quoted coverage remains partial or unknown instead of becoming complete (501.879ms)
✔ file-journal: UTF-8 output limits retain complete posts and require a larger page for an oversized item (295.661917ms)
✔ file-journal: pages exclude other entity details and reject stale, foreign, and unavailable cursor positions (739.690833ms)
✔ file-journal: page authority includes the consuming work and rejects invalid limits before reading (370.45275ms)
✔ file-journal: a bounded first page reuses source reads and stops before unrelated later sources (811.887917ms)
✔ file-journal: a consuming work change during a page read prevents returning the stale page (439.305708ms)
✔ file-journal: removing citations does not bypass the author's retained memory dependencies (799.443584ms)
✔ sqlite/documents: two persistent roles share citations without publishing private memory or inflating sources (256.057667ms)
✔ sqlite/observations: two persistent roles share citations without publishing private memory or inflating sources (255.332209ms)
✔ sqlite: direct source sharing requires source ownership; quotes require a currently visible post (293.24275ms)
✔ sqlite: retract-post removes the claim and its quoted descendants from current views (201.805666ms)
✔ sqlite: restrict-source removes the claim and its quoted descendants from current views (172.413167ms)
✔ sqlite: change-goal removes the claim and its quoted descendants from current views (229.495583ms)
✔ sqlite: delete-original removes the claim and its quoted descendants from current views (187.328708ms)
✔ sqlite: expire removes the claim and its quoted descendants from current views (234.300125ms)
✔ sqlite: an entity with the same key in a different time scope stays separate (165.281542ms)
✔ sqlite: publishing a question does not assign it; acceptance, response and requester confirmation remain distinct (251.013834ms)
✔ sqlite: repeated replies and explicit cyclic waits are bounded; deadlines do not reset on reopen (270.005583ms)
✔ sqlite: exact command retry survives a lost reply; reused IDs with changed content and concurrent edits fail (210.960875ms)
✔ sqlite: authority changing during a source read cannot publish or return the delayed content (203.527458ms)
✔ sqlite: a derived claim retains ancestry without becoming another independent fact source (204.887ms)
✔ sqlite: repeated quotes share one source read within a view and a later view revalidates it (230.312792ms)
✔ sqlite: unlabelled prose inherits the author's work labels and current exchange policy (223.088541ms)
✔ sqlite: a fulfilled dependency remains attached and its later retraction invalidates dependent confirmation (261.924625ms)
✔ sqlite: reply depth, total posts, total requests and repeated causes have separate limits (237.693875ms)
✔ sqlite: an advancing clock permits ordinary writes and blocks a post expiring during the final boundary check (230.993875ms)
✔ sqlite: a paused assignee cannot have its submitted answer confirmed (230.134292ms)
✔ sqlite: an actual worker SIGKILL after durable publication preserves one post and one command receipt (255.323291ms)
✔ file-journal/documents: two persistent roles share citations without publishing private memory or inflating sources (515.206ms)
✔ file-journal/observations: two persistent roles share citations without publishing private memory or inflating sources (571.736083ms)
✔ file-journal: direct source sharing requires source ownership; quotes require a currently visible post (235.382042ms)
✔ file-journal: retract-post removes the claim and its quoted descendants from current views (282.855667ms)
✔ file-journal: restrict-source removes the claim and its quoted descendants from current views (279.740125ms)
✔ file-journal: change-goal removes the claim and its quoted descendants from current views (208.172084ms)
✔ file-journal: delete-original removes the claim and its quoted descendants from current views (263.618333ms)
✔ file-journal: expire removes the claim and its quoted descendants from current views (229.314416ms)
✔ file-journal: an entity with the same key in a different time scope stays separate (205.77625ms)
✔ file-journal: publishing a question does not assign it; acceptance, response and requester confirmation remain distinct (441.988167ms)
✔ file-journal: repeated replies and explicit cyclic waits are bounded; deadlines do not reset on reopen (316.74ms)
✔ file-journal: exact command retry survives a lost reply; reused IDs with changed content and concurrent edits fail (146.045583ms)
✔ file-journal: authority changing during a source read cannot publish or return the delayed content (142.675208ms)
✔ file-journal: a derived claim retains ancestry without becoming another independent fact source (152.448583ms)
✔ file-journal: repeated quotes share one source read within a view and a later view revalidates it (202.5445ms)
✔ file-journal: unlabelled prose inherits the author's work labels and current exchange policy (174.523ms)
✔ file-journal: a fulfilled dependency remains attached and its later retraction invalidates dependent confirmation (539.766875ms)
✔ file-journal: reply depth, total posts, total requests and repeated causes have separate limits (252.620208ms)
✔ file-journal: an advancing clock permits ordinary writes and blocks a post expiring during the final boundary check (274.08175ms)
✔ file-journal: a paused assignee cannot have its submitted answer confirmed (426.328208ms)
✔ file-journal: an actual worker SIGKILL after durable publication preserves one post and one command receipt (276.670417ms)
✔ file board journal detects missing revisions and changed content instead of returning a partial history (168.99025ms)
✔ effect proofs: a legacy work uses neither the optional checker nor any refresh mutation (23.805625ms)
✔ effect proofs: settled claims require a checker and checker failures stay unavailable (12.179875ms)
✔ effect proofs: missing checker reopens the original obligation and cancels ordinary reservations once without rewriting proof history (9.816917ms)
✔ effect proofs: expired reserved lookup releases only an undispatched reservation and preserves measured uncertainty (8.2965ms)
✔ effect proofs: expired running lookup releases only an undispatched reservation and preserves measured uncertainty (4.23025ms)
✔ effect proofs: lifecycle deletion reopens a settled effect and quarantines all linked references without changing received facts or timestamps (7.440667ms)
✔ effect proofs: a committed tool dispatch with missing proof authority cannot silently bypass the broker (8.122375ms)
✔ effect proofs: a committed tool dispatch with invalid proof authority cannot silently bypass the broker (5.86475ms)
✔ effect proofs: a committed tool dispatch with valid proof authority cannot silently bypass the broker (6.621375ms)
✔ effect proofs: a reuse await that loses proof validity is checked before implementation entry (7.378667ms)
✔ effect proofs: invalid proof prevents new model reservation before compiling input (6.235416ms)
✔ effect proofs: losing proof during model input read prevents actual planner entry and still settles the dispatched call (10.96375ms)
✔ effect proofs: loss during adoption artifact checks rejects a stored model proposal while preserving usage (7.252291ms)
✔ effect proofs: a valid checker permits one model invocation and adoption with the historical proof unchanged (8.444375ms)
✔ effect proofs: proof loss during result body storage prevents response publication (6.207792ms)
✔ effect proofs: a same-revision snapshot suppresses an existing result when its proof becomes unavailable during the read (4.747917ms)
✔ sqlite: work resource bodies and metadata use canonical effect proof with a narrowed caller and fail without a checker (300.31625ms)
✔ sqlite: proof invalidation during original or stored result I/O cannot return the already read body (192.685792ms)
✔ sqlite: disclosure release, saved payload, raw read and receiver entry all retain current source effect proof (254.422834ms)
✔ sqlite: private, derived and cached shared memory cannot outlive the original work effect proof (322.465792ms)
✔ sqlite: source proof authentication does not recursively validate memory copied into that same work (1014.698417ms)
✔ sqlite: a failed historical effect proof stays required after refresh and reopen until the same source is explicitly proved again (1540.578459ms)
✔ file-journal: work resource bodies and metadata use canonical effect proof with a narrowed caller and fail without a checker (1462.368541ms)
✔ file-journal: proof invalidation during original or stored result I/O cannot return the already read body (1386.120458ms)
✔ file-journal: disclosure release, saved payload, raw read and receiver entry all retain current source effect proof (1912.322667ms)
✔ file-journal: private, derived and cached shared memory cannot outlive the original work effect proof (2250.905792ms)
✔ file-journal: source proof authentication does not recursively validate memory copied into that same work (5768.511625ms)
✔ file-journal: a failed historical effect proof stays required after refresh and reopen until the same source is explicitly proved again (3451.463208ms)
✔ sqlite: a memory-only service rejects an unsupported retained input in a nested source work (59.546667ms)
✔ sqlite: a memory tool cancels a blocked custody read before the source responds (58.836125ms)
✔ sqlite: custody-free reads keep their original I/O path and a W to M to W custody cycle remains finite (36.414541ms)
✔ sqlite: external K revise blocks direct, derived and cached M before W is refreshed (127.501125ms)
✔ sqlite: external K retract blocks direct, derived and cached M before W is refreshed (84.314833ms)
✔ sqlite: external K expire blocks direct, derived and cached M before W is refreshed (87.76325ms)
✔ sqlite: external K generation blocks direct, derived and cached M before W is refreshed (77.764875ms)
✔ sqlite: a shared reader uses current M authority without impersonating its owner's private K actor (71.872583ms)
✔ sqlite: custody does not reconstruct an unconfirmed reviewer-only permission (34.928375ms)
✔ sqlite: custody entry and byte limits fail closed before reading unbounded knowledge records (264.973792ms)
✔ sqlite: a derivedFrom cycle remains invalid even when its work custody graph is finite (77.237583ms)
✔ sqlite: external memory changed during closure collection cannot survive the stable snapshot (57.671709ms)
✔ file-journal: a memory-only service rejects an unsupported retained input in a nested source work (1131.006792ms)
✔ file-journal: a memory tool cancels a blocked custody read before the source responds (786.627208ms)
✔ file-journal: custody-free reads keep their original I/O path and a W to M to W custody cycle remains finite (435.064042ms)
✔ file-journal: external K revise blocks direct, derived and cached M before W is refreshed (1105.285459ms)
✔ file-journal: external K retract blocks direct, derived and cached M before W is refreshed (1547.819708ms)
✔ file-journal: external K expire blocks direct, derived and cached M before W is refreshed (1576.183209ms)
✔ file-journal: external K generation blocks direct, derived and cached M before W is refreshed (1930.616083ms)
✔ file-journal: a shared reader uses current M authority without impersonating its owner's private K actor (1351.873708ms)
✔ file-journal: custody does not reconstruct an unconfirmed reviewer-only permission (473.449625ms)
✔ file-journal: custody entry and byte limits fail closed before reading unbounded knowledge records (629.399834ms)
✔ file-journal: a derivedFrom cycle remains invalid even when its work custody graph is finite (416.1125ms)
✔ file-journal: external memory changed during closure collection cannot survive the stable snapshot (488.080334ms)
ℹ tests 175
ℹ suites 0
ℹ pass 173
ℹ fail 2
ℹ cancelled 0
ℹ skipped 0
ℹ todo 0
ℹ duration_ms 25051.421083

✖ failing tests:

test at dist/tests/board-write-runtime.test.js:77:5
✖ sqlite: board publish and retract run through the broker and retain mechanical receipts (413.73075ms)
  TypeError: Cannot read properties of undefined (reading 'filter')
      at TestContext.<anonymous> (file:///Users/seunghanee/Documents/secumon/runtime/dist/tests/board-write-runtime.test.js:95:48)
      at async Test.run (node:internal/test_runner/test:1404:7)
      at async startSubtestAfterBootstrap (node:internal/test_runner/harness:387:3)

test at dist/tests/board-write-runtime.test.js:77:5
✖ file-journal: board publish and retract run through the broker and retain mechanical receipts (3068.089542ms)
  TypeError: Cannot read properties of undefined (reading 'filter')
      at TestContext.<anonymous> (file:///Users/seunghanee/Documents/secumon/runtime/dist/tests/board-write-runtime.test.js:95:48)
      at async Test.run (node:internal/test_runner/test:1404:7)
      at async Test.processPendingSubtests (node:internal/test_runner/test:969:7)
