✔ sqlite/documents: two runtimes request, accept, answer and confirm without treating discussion as goal completion (2951.327959ms)
✔ sqlite/observations: two runtimes request, accept, answer and confirm without treating discussion as goal completion (2839.152625ms)
✔ sqlite: lost offer response restores one obligation from the applied receipt without inventing a result (341.370625ms)
✔ sqlite: a missing projection is restored and generic wait or resolve cannot forge coordination (425.0815ms)
✔ sqlite: requester can cancel a waiting request and cancellation is waived rather than satisfied (945.264125ms)
✔ sqlite: decline does not create an obligation for a recipient who never accepted (551.33725ms)
✔ sqlite: expiry is actionable review and retains the original pending obligation (647.209708ms)
✔ sqlite: confirmed answer retraction invalidates the previous completion projection (2429.304292ms)
✔ sqlite: loss of an applied request receipt cannot silently discharge the response (457.866334ms)
✔ sqlite: lost acceptance response recovers the assignee obligation and leaves work executable (1246.374042ms)
✔ sqlite: an expired assignee can decline instead of falsely satisfying the answer (963.424083ms)
✔ sqlite: coordination waits do not become questions for a human (382.156542ms)
✔ sqlite: withdrawal of current authority denies a retained coordination projection (382.532833ms)
✔ sqlite: request tool contracts reject caller-selected owner, command and action (550.726833ms)
✔ sqlite: even satisfied goal facts wait for requester confirmation (2026.753875ms)
✔ file-journal/documents: two runtimes request, accept, answer and confirm without treating discussion as goal completion (14215.536791ms)
✔ file-journal/observations: two runtimes request, accept, answer and confirm without treating discussion as goal completion (9438.470375ms)
✔ file-journal: lost offer response restores one obligation from the applied receipt without inventing a result (426.737417ms)
✔ file-journal: a missing projection is restored and generic wait or resolve cannot forge coordination (558.154375ms)
✔ file-journal: requester can cancel a waiting request and cancellation is waived rather than satisfied (1394.37125ms)
✔ file-journal: decline does not create an obligation for a recipient who never accepted (561.153417ms)
✔ file-journal: expiry is actionable review and retains the original pending obligation (788.180916ms)
✔ file-journal: confirmed answer retraction invalidates the previous completion projection (7370.365375ms)
✔ file-journal: loss of an applied request receipt cannot silently discharge the response (453.25725ms)
✔ file-journal: lost acceptance response recovers the assignee obligation and leaves work executable (2480.347041ms)
✔ file-journal: an expired assignee can decline instead of falsely satisfying the answer (1762.368583ms)
✔ file-journal: coordination waits do not become questions for a human (443.508292ms)
✔ file-journal: withdrawal of current authority denies a retained coordination projection (420.851083ms)
✔ file-journal: request tool contracts reject caller-selected owner, command and action (720.478375ms)
✔ file-journal: even satisfied goal facts wait for requester confirmation (6135.237041ms)
✔ sqlite/documents: runtime board read retains custody through history, compact and reopen (688.290791ms)
✔ sqlite/observations: runtime board read retains custody through history, compact and reopen (500.075042ms)
✔ sqlite: mutual work references terminate and a revoked member invalidates the whole closure (438.910792ms)
✔ sqlite: private memory custody crosses a shared post without exposing the memory body (348.873291ms)
✔ sqlite: page content and consumer identity cannot be substituted in a result (232.155417ms)
✔ sqlite: memory and authenticated collection inputs share the board closure without recursive full validation (959.49625ms)
✔ sqlite: cancellation ends a board-tool wait before an unavailable repository responds (210.892417ms)
✔ sqlite: a later goal retains original input custody until copied data is quarantined (348.194208ms)
✔ sqlite: changed post blocks retained board context and quarantines copied state (306.691042ms)
✔ sqlite: changed source blocks retained board context and quarantines copied state (317.427875ms)
✔ sqlite: changed raw blocks retained board context and quarantines copied state (308.617917ms)
✔ sqlite: changed receipt blocks retained board context and quarantines copied state (300.548042ms)
✔ sqlite: changed role blocks retained board context and quarantines copied state (253.969584ms)
✔ sqlite: changed authority blocks retained board context and quarantines copied state (224.883667ms)
✔ sqlite: changed labels blocks retained board context and quarantines copied state (253.334625ms)
✔ sqlite: changed generation blocks retained board context and quarantines copied state (286.222416ms)
✔ sqlite: changed validator blocks retained board context and quarantines copied state (264.457ms)
✔ file-journal/documents: runtime board read retains custody through history, compact and reopen (10198.727542ms)
✔ file-journal/observations: runtime board read retains custody through history, compact and reopen (2156.31375ms)
✔ file-journal: mutual work references terminate and a revoked member invalidates the whole closure (1083.930042ms)
✔ file-journal: private memory custody crosses a shared post without exposing the memory body (581.503792ms)
✔ file-journal: page content and consumer identity cannot be substituted in a result (337.547375ms)
✔ file-journal: memory and authenticated collection inputs share the board closure without recursive full validation (1854.955292ms)
✔ file-journal: cancellation ends a board-tool wait before an unavailable repository responds (109.332541ms)
✔ file-journal: a later goal retains original input custody until copied data is quarantined (361.263875ms)
✔ file-journal: changed post blocks retained board context and quarantines copied state (350.534083ms)
✔ file-journal: changed source blocks retained board context and quarantines copied state (347.071542ms)
✔ file-journal: changed raw blocks retained board context and quarantines copied state (339.320375ms)
✔ file-journal: changed receipt blocks retained board context and quarantines copied state (335.646584ms)
✔ file-journal: changed role blocks retained board context and quarantines copied state (364.3315ms)
✔ file-journal: changed authority blocks retained board context and quarantines copied state (350.673208ms)
✔ file-journal: changed labels blocks retained board context and quarantines copied state (349.091416ms)
✔ file-journal: changed generation blocks retained board context and quarantines copied state (345.639875ms)
✔ file-journal: changed validator blocks retained board context and quarantines copied state (305.813583ms)
✔ sqlite: board publish and retract run through the broker and retain mechanical receipts (435.549167ms)
✔ sqlite: applied board command survives response loss and cannot be overwritten by the late result (137.91025ms)
✔ sqlite: saved unknown result stays immutable after durable receipt reconciliation (113.408ms)
✔ sqlite: a late valid result is reconciled without adopting its expired execution (93.666417ms)
✔ sqlite: an expired absent command is closed and a delayed original commit cannot publish (93.697667ms)
✔ sqlite: stale revision is reconciled as closed without changing posts (121.003333ms)
✔ sqlite: proof deletion denies context, reopens obligation and does not fabricate replacement (155.432833ms)
✔ sqlite: retained receipt requires a reader and current role authority (141.347709ms)
✔ sqlite: authority withdrawn during receipt proof I/O invalidates that same read (143.44375ms)
✔ sqlite: removing the stored receipt invalidates an intact result artifact (161.772375ms)
✔ sqlite: a forged post outcome or another attempt receipt cannot be adopted (94.1995ms)
✔ sqlite: policy revoked immediately before storage prevents publication (52.825208ms)
✔ sqlite: tool schemas exclude actor, command identity and foreign source work (51.858292ms)
✔ sqlite: a narrower session publish grant is not widened by the directory (108.286875ms)
✔ sqlite: a narrower session namespace grant is not widened by the directory (106.946875ms)
✔ sqlite: a no-op closure cannot smuggle a board mutation (59.776958ms)
✔ sqlite: closure duplicate and changed digest have stable distinct outcomes (69.029958ms)
✔ sqlite: previously unread quotes are rejected and a retained current read permits publication (406.164792ms)
✔ sqlite: compact source checks reject omitted or altered effect outcomes (158.486958ms)
✔ sqlite: a SIGKILL at the storage-worker boundary retains the runtime command receipt (180.074375ms)
✔ file-journal: board publish and retract run through the broker and retain mechanical receipts (3355.639291ms)
✔ file-journal: applied board command survives response loss and cannot be overwritten by the late result (1569.905791ms)
✔ file-journal: saved unknown result stays immutable after durable receipt reconciliation (1189.712167ms)
✔ file-journal: a late valid result is reconciled without adopting its expired execution (868.7515ms)
✔ file-journal: an expired absent command is closed and a delayed original commit cannot publish (700.214334ms)
✔ file-journal: stale revision is reconciled as closed without changing posts (718.472792ms)
✔ file-journal: proof deletion denies context, reopens obligation and does not fabricate replacement (992.411333ms)
✔ file-journal: retained receipt requires a reader and current role authority (759.995959ms)
✔ file-journal: authority withdrawn during receipt proof I/O invalidates that same read (932.993958ms)
✔ file-journal: removing the stored receipt invalidates an intact result artifact (959.515208ms)
✔ file-journal: a forged post outcome or another attempt receipt cannot be adopted (759.148417ms)
✔ file-journal: policy revoked immediately before storage prevents publication (359.881791ms)
✔ file-journal: tool schemas exclude actor, command identity and foreign source work (203.639125ms)
✔ file-journal: a narrower session publish grant is not widened by the directory (465.873708ms)
✔ file-journal: a narrower session namespace grant is not widened by the directory (218.452125ms)
✔ file-journal: a no-op closure cannot smuggle a board mutation (58.586166ms)
✔ file-journal: closure duplicate and changed digest have stable distinct outcomes (78.254208ms)
✔ file-journal: previously unread quotes are rejected and a retained current read permits publication (1725.493875ms)
✔ file-journal: compact source checks reject omitted or altered effect outcomes (310.169709ms)
✔ file-journal: a SIGKILL at the storage-worker boundary retains the runtime command receipt (312.234042ms)
✔ sqlite/documents: bounded discussion pages resume after reopening with no new evidence (161.914667ms)
✔ sqlite/observations: bounded discussion pages resume after reopening with no new evidence (81.155208ms)
✔ sqlite: uncited hypotheses persist as unverified and never supply independent facts or request answers (89.809375ms)
✔ sqlite: quoted coverage remains partial or unknown instead of becoming complete (63.357083ms)
✔ sqlite: UTF-8 output limits retain complete posts and require a larger page for an oversized item (40.921042ms)
✔ sqlite: pages exclude other entity details and reject stale, foreign, and unavailable cursor positions (82.116ms)
✔ sqlite: page authority includes the consuming work and rejects invalid limits before reading (41.90125ms)
✔ sqlite: a bounded first page reuses source reads and stops before unrelated later sources (56.555541ms)
✔ sqlite: a consuming work change during a page read prevents returning the stale page (71.363709ms)
✔ sqlite: removing citations does not bypass the author's retained memory dependencies (85.802416ms)
✔ file-journal/documents: bounded discussion pages resume after reopening with no new evidence (380.557166ms)
✔ file-journal/observations: bounded discussion pages resume after reopening with no new evidence (542.956167ms)
✔ file-journal: uncited hypotheses persist as unverified and never supply independent facts or request answers (509.251875ms)
✔ file-journal: quoted coverage remains partial or unknown instead of becoming complete (353.084375ms)
✔ file-journal: UTF-8 output limits retain complete posts and require a larger page for an oversized item (223.634625ms)
✔ file-journal: pages exclude other entity details and reject stale, foreign, and unavailable cursor positions (574.094ms)
✔ file-journal: page authority includes the consuming work and rejects invalid limits before reading (385.069375ms)
✔ file-journal: a bounded first page reuses source reads and stops before unrelated later sources (627.203708ms)
✔ file-journal: a consuming work change during a page read prevents returning the stale page (271.390833ms)
✔ file-journal: removing citations does not bypass the author's retained memory dependencies (505.459125ms)
✔ sqlite/documents: two persistent roles share citations without publishing private memory or inflating sources (87.79075ms)
✔ sqlite/observations: two persistent roles share citations without publishing private memory or inflating sources (126.812209ms)
✔ sqlite: direct source sharing requires source ownership; quotes require a currently visible post (69.613875ms)
✔ sqlite: retract-post removes the claim and its quoted descendants from current views (107.25025ms)
✔ sqlite: restrict-source removes the claim and its quoted descendants from current views (116.936166ms)
✔ sqlite: change-goal removes the claim and its quoted descendants from current views (97.632209ms)
✔ sqlite: delete-original removes the claim and its quoted descendants from current views (123.401166ms)
✔ sqlite: expire removes the claim and its quoted descendants from current views (124.499208ms)
✔ sqlite: an entity with the same key in a different time scope stays separate (101.656667ms)
✔ sqlite: publishing a question does not assign it; acceptance, response and requester confirmation remain distinct (128.570583ms)
✖ sqlite: repeated replies and explicit cyclic waits are bounded; deadlines do not reset on reopen (259.825167ms)
✔ sqlite: exact command retry survives a lost reply; reused IDs with changed content and concurrent edits fail (197.444875ms)
✔ sqlite: authority changing during a source read cannot publish or return the delayed content (169.819042ms)
✔ sqlite: a derived claim retains ancestry without becoming another independent fact source (186.73375ms)
✔ sqlite: repeated quotes share one source read within a view and a later view revalidates it (168.7535ms)
✔ sqlite: unlabelled prose inherits the author's work labels and current exchange policy (174.391875ms)
✔ sqlite: a fulfilled dependency remains attached and its later retraction invalidates dependent confirmation (215.590167ms)
✔ sqlite: reply depth, total posts, total requests and repeated causes have separate limits (192.334333ms)
✔ sqlite: an advancing clock permits ordinary writes and blocks a post expiring during the final boundary check (187.953917ms)
✔ sqlite: a paused assignee cannot have its submitted answer confirmed (218.272958ms)
✔ sqlite: an actual worker SIGKILL after durable publication preserves one post and one command receipt (267.649208ms)
✔ file-journal/documents: two persistent roles share citations without publishing private memory or inflating sources (668.756708ms)
✔ file-journal/observations: two persistent roles share citations without publishing private memory or inflating sources (398.078584ms)
✔ file-journal: direct source sharing requires source ownership; quotes require a currently visible post (169.56625ms)
✔ file-journal: retract-post removes the claim and its quoted descendants from current views (255.886708ms)
✔ file-journal: restrict-source removes the claim and its quoted descendants from current views (291.242292ms)
✔ file-journal: change-goal removes the claim and its quoted descendants from current views (274.310416ms)
✔ file-journal: delete-original removes the claim and its quoted descendants from current views (192.735125ms)
✔ file-journal: expire removes the claim and its quoted descendants from current views (194.491542ms)
✔ file-journal: an entity with the same key in a different time scope stays separate (201.308ms)
✔ file-journal: publishing a question does not assign it; acceptance, response and requester confirmation remain distinct (735.184584ms)
✖ file-journal: repeated replies and explicit cyclic waits are bounded; deadlines do not reset on reopen (612.104292ms)
✔ file-journal: exact command retry survives a lost reply; reused IDs with changed content and concurrent edits fail (175.709166ms)
✔ file-journal: authority changing during a source read cannot publish or return the delayed content (226.630417ms)
✔ file-journal: a derived claim retains ancestry without becoming another independent fact source (327.718292ms)
✔ file-journal: repeated quotes share one source read within a view and a later view revalidates it (378.062041ms)
✔ file-journal: unlabelled prose inherits the author's work labels and current exchange policy (326.84525ms)
✔ file-journal: a fulfilled dependency remains attached and its later retraction invalidates dependent confirmation (1088.609584ms)
✔ file-journal: reply depth, total posts, total requests and repeated causes have separate limits (460.525334ms)
✔ file-journal: an advancing clock permits ordinary writes and blocks a post expiring during the final boundary check (243.767708ms)
✔ file-journal: a paused assignee cannot have its submitted answer confirmed (349.766292ms)
✔ file-journal: an actual worker SIGKILL after durable publication preserves one post and one command receipt (260.0995ms)
✔ file board journal detects missing revisions and changed content instead of returning a partial history (246.281167ms)
ℹ tests 167
ℹ suites 0
ℹ pass 165
ℹ fail 2
ℹ cancelled 0
ℹ skipped 0
ℹ todo 0
ℹ duration_ms 64419.072584

✖ failing tests:

test at dist/tests/board.test.js:346:5
✖ sqlite: repeated replies and explicit cyclic waits are bounded; deadlines do not reset on reopen (259.825167ms)
  AssertionError [ERR_ASSERTION]: Missing expected rejection.
      at async TestContext.<anonymous> (file:///Users/seunghanee/Documents/secumon/runtime/dist/tests/board.test.js:364:9)
      at async Test.run (node:internal/test_runner/test:1404:7)
      at async Test.processPendingSubtests (node:internal/test_runner/test:969:7) {
    generatedMessage: false,
    code: 'ERR_ASSERTION',
    actual: undefined,
    expected: /board_unavailable/,
    operator: 'rejects',
    diff: 'simple'
  }

test at dist/tests/board.test.js:346:5
✖ file-journal: repeated replies and explicit cyclic waits are bounded; deadlines do not reset on reopen (612.104292ms)
  AssertionError [ERR_ASSERTION]: Missing expected rejection.
      at async TestContext.<anonymous> (file:///Users/seunghanee/Documents/secumon/runtime/dist/tests/board.test.js:364:9)
      at async Test.run (node:internal/test_runner/test:1404:7)
      at async Test.processPendingSubtests (node:internal/test_runner/test:969:7) {
    generatedMessage: false,
    code: 'ERR_ASSERTION',
    actual: undefined,
    expected: /board_unavailable/,
    operator: 'rejects',
    diff: 'simple'
  }
