✔ sqlite/documents: runtime board read retains custody through history, compact and reopen (806.633334ms)
✔ sqlite/observations: runtime board read retains custody through history, compact and reopen (668.951625ms)
✔ sqlite: mutual work references terminate and a revoked member invalidates the whole closure (650.802917ms)
✔ sqlite: private memory custody crosses a shared post without exposing the memory body (591.400833ms)
✔ sqlite: page content and consumer identity cannot be substituted in a result (479.582083ms)
✔ sqlite: memory and authenticated collection inputs share the board closure without recursive full validation (1222.860709ms)
✔ sqlite: cancellation ends a board-tool wait before an unavailable repository responds (255.292458ms)
✔ sqlite: a later goal retains original input custody until copied data is quarantined (457.814417ms)
✔ sqlite: changed post blocks retained board context and quarantines copied state (409.781959ms)
✔ sqlite: changed source blocks retained board context and quarantines copied state (400.866875ms)
✔ sqlite: changed raw blocks retained board context and quarantines copied state (366.737333ms)
✔ sqlite: changed receipt blocks retained board context and quarantines copied state (343.081875ms)
✔ sqlite: changed role blocks retained board context and quarantines copied state (361.255583ms)
✔ sqlite: changed authority blocks retained board context and quarantines copied state (420.754792ms)
✔ sqlite: changed labels blocks retained board context and quarantines copied state (446.924125ms)
✔ sqlite: changed generation blocks retained board context and quarantines copied state (465.2145ms)
✔ sqlite: changed validator blocks retained board context and quarantines copied state (433.947958ms)
✔ file-journal/documents: runtime board read retains custody through history, compact and reopen (10798.345917ms)
✔ file-journal/observations: runtime board read retains custody through history, compact and reopen (3808.587375ms)
✔ file-journal: mutual work references terminate and a revoked member invalidates the whole closure (882.927084ms)
✔ file-journal: private memory custody crosses a shared post without exposing the memory body (628.9965ms)
✔ file-journal: page content and consumer identity cannot be substituted in a result (568.533292ms)
✔ file-journal: memory and authenticated collection inputs share the board closure without recursive full validation (2185.779708ms)
✔ file-journal: cancellation ends a board-tool wait before an unavailable repository responds (106.948334ms)
✔ file-journal: a later goal retains original input custody until copied data is quarantined (349.802292ms)
✔ file-journal: changed post blocks retained board context and quarantines copied state (329.158542ms)
✔ file-journal: changed source blocks retained board context and quarantines copied state (324.151292ms)
✔ file-journal: changed raw blocks retained board context and quarantines copied state (335.708ms)
✔ file-journal: changed receipt blocks retained board context and quarantines copied state (500.77225ms)
✔ file-journal: changed role blocks retained board context and quarantines copied state (388.399ms)
✔ file-journal: changed authority blocks retained board context and quarantines copied state (306.417375ms)
✔ file-journal: changed labels blocks retained board context and quarantines copied state (310.2735ms)
✔ file-journal: changed generation blocks retained board context and quarantines copied state (314.827084ms)
✔ file-journal: changed validator blocks retained board context and quarantines copied state (296.855625ms)
✔ sqlite: board publish and retract run through the broker and retain mechanical receipts (484.047084ms)
✔ sqlite: applied board command survives response loss and cannot be overwritten by the late result (246.007208ms)
✔ sqlite: saved unknown result stays immutable after durable receipt reconciliation (134.865375ms)
✔ sqlite: a late valid result is reconciled without adopting its expired execution (148.479375ms)
✔ sqlite: an expired absent command is closed and a delayed original commit cannot publish (172.795458ms)
✔ sqlite: stale revision is reconciled as closed without changing posts (137.578208ms)
✔ sqlite: proof deletion denies context, reopens obligation and does not fabricate replacement (247.4135ms)
✔ sqlite: retained receipt requires a reader and current role authority (296.818834ms)
✔ sqlite: removing the stored receipt invalidates an intact result artifact (234.263292ms)
✔ sqlite: a forged post outcome or another attempt receipt cannot be adopted (192.691542ms)
✔ sqlite: policy revoked immediately before storage prevents publication (153.738125ms)
✔ sqlite: tool schemas exclude actor, command identity and foreign source work (126.05575ms)
✔ sqlite: a narrower session publish grant is not widened by the directory (211.96825ms)
✔ sqlite: a narrower session namespace grant is not widened by the directory (221.062458ms)
✔ sqlite: a no-op closure cannot smuggle a board mutation (155.70975ms)
✔ sqlite: closure duplicate and changed digest have stable distinct outcomes (120.75325ms)
✔ sqlite: previously unread quotes are rejected and a retained current read permits publication (623.734167ms)
✔ sqlite: compact source checks reject omitted or altered effect outcomes (284.242166ms)
✔ sqlite: a SIGKILL at the storage-worker boundary retains the runtime command receipt (331.125833ms)
✔ file-journal: board publish and retract run through the broker and retain mechanical receipts (3325.001209ms)
✔ file-journal: applied board command survives response loss and cannot be overwritten by the late result (1510.861292ms)
✔ file-journal: saved unknown result stays immutable after durable receipt reconciliation (1578.113708ms)
✔ file-journal: a late valid result is reconciled without adopting its expired execution (1539.597083ms)
✔ file-journal: an expired absent command is closed and a delayed original commit cannot publish (913.143166ms)
✔ file-journal: stale revision is reconciled as closed without changing posts (800.940042ms)
✔ file-journal: proof deletion denies context, reopens obligation and does not fabricate replacement (1041.645959ms)
✔ file-journal: retained receipt requires a reader and current role authority (791.06125ms)
✔ file-journal: removing the stored receipt invalidates an intact result artifact (667.909666ms)
✔ file-journal: a forged post outcome or another attempt receipt cannot be adopted (425.937209ms)
✔ file-journal: policy revoked immediately before storage prevents publication (282.148959ms)
✔ file-journal: tool schemas exclude actor, command identity and foreign source work (267.748875ms)
✔ file-journal: a narrower session publish grant is not widened by the directory (531.07875ms)
✔ file-journal: a narrower session namespace grant is not widened by the directory (787.930666ms)
✔ file-journal: a no-op closure cannot smuggle a board mutation (131.871958ms)
✔ file-journal: closure duplicate and changed digest have stable distinct outcomes (133.090333ms)
✔ file-journal: previously unread quotes are rejected and a retained current read permits publication (2943.30025ms)
✔ file-journal: compact source checks reject omitted or altered effect outcomes (486.115458ms)
✔ file-journal: a SIGKILL at the storage-worker boundary retains the runtime command receipt (411.040833ms)
✔ sqlite/documents: bounded discussion pages resume after reopening with no new evidence (117.00125ms)
✔ sqlite/observations: bounded discussion pages resume after reopening with no new evidence (101.636708ms)
✔ sqlite: uncited hypotheses persist as unverified and never supply independent facts or request answers (162.723459ms)
✔ sqlite: quoted coverage remains partial or unknown instead of becoming complete (149.926583ms)
✔ sqlite: UTF-8 output limits retain complete posts and require a larger page for an oversized item (196.320958ms)
✔ sqlite: pages exclude other entity details and reject stale, foreign, and unavailable cursor positions (138.385458ms)
✔ sqlite: page authority includes the consuming work and rejects invalid limits before reading (113.755333ms)
✔ sqlite: a bounded first page reuses source reads and stops before unrelated later sources (142.387458ms)
✔ sqlite: a consuming work change during a page read prevents returning the stale page (90.063416ms)
✔ sqlite: removing citations does not bypass the author's retained memory dependencies (102.583416ms)
✔ file-journal/documents: bounded discussion pages resume after reopening with no new evidence (749.498834ms)
✔ file-journal/observations: bounded discussion pages resume after reopening with no new evidence (727.258917ms)
✔ file-journal: uncited hypotheses persist as unverified and never supply independent facts or request answers (794.963042ms)
✔ file-journal: quoted coverage remains partial or unknown instead of becoming complete (824.910916ms)
✔ file-journal: UTF-8 output limits retain complete posts and require a larger page for an oversized item (499.863625ms)
✔ file-journal: pages exclude other entity details and reject stale, foreign, and unavailable cursor positions (788.940833ms)
✔ file-journal: page authority includes the consuming work and rejects invalid limits before reading (422.950792ms)
✔ file-journal: a bounded first page reuses source reads and stops before unrelated later sources (715.051125ms)
✔ file-journal: a consuming work change during a page read prevents returning the stale page (362.668625ms)
✔ file-journal: removing citations does not bypass the author's retained memory dependencies (782.642917ms)
✔ sqlite/documents: two persistent roles share citations without publishing private memory or inflating sources (290.301583ms)
✔ sqlite/observations: two persistent roles share citations without publishing private memory or inflating sources (256.058875ms)
✔ sqlite: direct source sharing requires source ownership; quotes require a currently visible post (234.567375ms)
✔ sqlite: retract-post removes the claim and its quoted descendants from current views (234.750958ms)
✔ sqlite: restrict-source removes the claim and its quoted descendants from current views (269.646709ms)
✔ sqlite: change-goal removes the claim and its quoted descendants from current views (245.7255ms)
✔ sqlite: delete-original removes the claim and its quoted descendants from current views (244.604083ms)
✔ sqlite: expire removes the claim and its quoted descendants from current views (245.234834ms)
✔ sqlite: an entity with the same key in a different time scope stays separate (272.061458ms)
✔ sqlite: publishing a question does not assign it; acceptance, response and requester confirmation remain distinct (280.674375ms)
✔ sqlite: repeated replies and explicit cyclic waits are bounded; deadlines do not reset on reopen (306.272708ms)
✔ sqlite: exact command retry survives a lost reply; reused IDs with changed content and concurrent edits fail (221.912792ms)
✔ sqlite: authority changing during a source read cannot publish or return the delayed content (218.644166ms)
✔ sqlite: a derived claim retains ancestry without becoming another independent fact source (191.154209ms)
✔ sqlite: repeated quotes share one source read within a view and a later view revalidates it (217.916833ms)
✔ sqlite: unlabelled prose inherits the author's work labels and current exchange policy (232.034042ms)
✔ sqlite: a fulfilled dependency remains attached and its later retraction invalidates dependent confirmation (310.454459ms)
✔ sqlite: reply depth, total posts, total requests and repeated causes have separate limits (245.169708ms)
✔ sqlite: an advancing clock permits ordinary writes and blocks a post expiring during the final boundary check (221.51725ms)
✔ sqlite: a paused assignee cannot have its submitted answer confirmed (217.279125ms)
✔ sqlite: an actual worker SIGKILL after durable publication preserves one post and one command receipt (306.40875ms)
✔ file-journal/documents: two persistent roles share citations without publishing private memory or inflating sources (571.438416ms)
✔ file-journal/observations: two persistent roles share citations without publishing private memory or inflating sources (511.199333ms)
✔ file-journal: direct source sharing requires source ownership; quotes require a currently visible post (250.787792ms)
✔ file-journal: retract-post removes the claim and its quoted descendants from current views (366.116209ms)
✔ file-journal: restrict-source removes the claim and its quoted descendants from current views (322.734667ms)
✔ file-journal: change-goal removes the claim and its quoted descendants from current views (279.942334ms)
✔ file-journal: delete-original removes the claim and its quoted descendants from current views (290.7855ms)
✔ file-journal: expire removes the claim and its quoted descendants from current views (261.139041ms)
✔ file-journal: an entity with the same key in a different time scope stays separate (201.028208ms)
✔ file-journal: publishing a question does not assign it; acceptance, response and requester confirmation remain distinct (428.770334ms)
✔ file-journal: repeated replies and explicit cyclic waits are bounded; deadlines do not reset on reopen (579.673875ms)
✔ file-journal: exact command retry survives a lost reply; reused IDs with changed content and concurrent edits fail (194.101333ms)
✔ file-journal: authority changing during a source read cannot publish or return the delayed content (215.252542ms)
✔ file-journal: a derived claim retains ancestry without becoming another independent fact source (252.636ms)
✔ file-journal: repeated quotes share one source read within a view and a later view revalidates it (456.292875ms)
✔ file-journal: unlabelled prose inherits the author's work labels and current exchange policy (406.876ms)
✔ file-journal: a fulfilled dependency remains attached and its later retraction invalidates dependent confirmation (1159.676834ms)
✔ file-journal: reply depth, total posts, total requests and repeated causes have separate limits (351.015042ms)
✔ file-journal: an advancing clock permits ordinary writes and blocks a post expiring during the final boundary check (247.751667ms)
✔ file-journal: a paused assignee cannot have its submitted answer confirmed (395.492167ms)
✔ file-journal: an actual worker SIGKILL after durable publication preserves one post and one command receipt (277.635458ms)
✔ file board journal detects missing revisions and changed content instead of returning a partial history (186.52475ms)
✔ sqlite: SIGKILL after continuation reservation preserves one claim and executes only the existing child after restart (1993.9765ms)
✔ sqlite: SIGKILL after child observation reservation preserves spent lineage budget without replaying an unreceived observation (1266.276833ms)
✔ sqlite: SIGKILL after child Save reconciles its durable receipt and verifies depth two without repeating applied input (3845.674583ms)
✔ file-journal: SIGKILL after continuation reservation preserves one claim and executes only the existing child after restart (15006.960167ms)
✔ file-journal: SIGKILL after child observation reservation preserves spent lineage budget without replaying an unreceived observation (2729.671333ms)
✔ file-journal: SIGKILL after child Save reconciles its durable receipt and verifies depth two without repeating applied input (10717.449625ms)
✔ effect proofs: a legacy work uses neither the optional checker nor any refresh mutation (25.995042ms)
✔ effect proofs: settled claims require a checker and checker failures stay unavailable (15.284708ms)
✔ effect proofs: missing checker reopens the original obligation and cancels ordinary reservations once without rewriting proof history (6.856959ms)
✔ effect proofs: expired reserved lookup releases only an undispatched reservation and preserves measured uncertainty (5.409083ms)
✔ effect proofs: expired running lookup releases only an undispatched reservation and preserves measured uncertainty (4.822584ms)
✔ effect proofs: lifecycle deletion reopens a settled effect and quarantines all linked references without changing received facts or timestamps (6.780917ms)
✔ effect proofs: a committed tool dispatch with missing proof authority cannot silently bypass the broker (13.37875ms)
✔ effect proofs: a committed tool dispatch with invalid proof authority cannot silently bypass the broker (6.246958ms)
✔ effect proofs: a committed tool dispatch with valid proof authority cannot silently bypass the broker (6.107917ms)
✔ effect proofs: a reuse await that loses proof validity is checked before implementation entry (5.57775ms)
✔ effect proofs: invalid proof prevents new model reservation before compiling input (5.702708ms)
✔ effect proofs: losing proof during model input read prevents actual planner entry and still settles the dispatched call (13.333708ms)
✔ effect proofs: loss during adoption artifact checks rejects a stored model proposal while preserving usage (6.670584ms)
✔ effect proofs: a valid checker permits one model invocation and adoption with the historical proof unchanged (6.243708ms)
✔ effect proofs: proof loss during result body storage prevents response publication (5.882917ms)
✔ effect proofs: a same-revision snapshot suppresses an existing result when its proof becomes unavailable during the read (7.925417ms)
✔ sqlite: work resource bodies and metadata use canonical effect proof with a narrowed caller and fail without a checker (352.526333ms)
✔ sqlite: proof invalidation during original or stored result I/O cannot return the already read body (347.538ms)
✔ sqlite: disclosure release, saved payload, raw read and receiver entry all retain current source effect proof (255.212458ms)
✔ sqlite: private, derived and cached shared memory cannot outlive the original work effect proof (282.604708ms)
✔ sqlite: source proof authentication does not recursively validate memory copied into that same work (1133.390375ms)
✔ sqlite: a failed historical effect proof stays required after refresh and reopen until the same source is explicitly proved again (1664.431209ms)
✔ file-journal: work resource bodies and metadata use canonical effect proof with a narrowed caller and fail without a checker (1761.370542ms)
✔ file-journal: proof invalidation during original or stored result I/O cannot return the already read body (1284.659ms)
✔ file-journal: disclosure release, saved payload, raw read and receiver entry all retain current source effect proof (1915.145375ms)
✔ file-journal: private, derived and cached shared memory cannot outlive the original work effect proof (2466.442625ms)
✔ file-journal: source proof authentication does not recursively validate memory copied into that same work (6845.874083ms)
✔ file-journal: a failed historical effect proof stays required after refresh and reopen until the same source is explicitly proved again (5905.565959ms)
✔ sqlite: a memory-only service rejects an unsupported retained input in a nested source work (62.423625ms)
✔ sqlite: a memory tool cancels a blocked custody read before the source responds (43.667708ms)
✔ sqlite: custody-free reads keep their original I/O path and a W to M to W custody cycle remains finite (38.574875ms)
✔ sqlite: external K revise blocks direct, derived and cached M before W is refreshed (74.287958ms)
✔ sqlite: external K retract blocks direct, derived and cached M before W is refreshed (149.28575ms)
✔ sqlite: external K expire blocks direct, derived and cached M before W is refreshed (50.592625ms)
✔ sqlite: external K generation blocks direct, derived and cached M before W is refreshed (84.274209ms)
✔ sqlite: a shared reader uses current M authority without impersonating its owner's private K actor (126.432375ms)
✔ sqlite: custody does not reconstruct an unconfirmed reviewer-only permission (139.025458ms)
✔ sqlite: custody entry and byte limits fail closed before reading unbounded knowledge records (377.4125ms)
✔ sqlite: a derivedFrom cycle remains invalid even when its work custody graph is finite (110.683917ms)
✔ sqlite: external memory changed during closure collection cannot survive the stable snapshot (41.396375ms)
✔ file-journal: a memory-only service rejects an unsupported retained input in a nested source work (1148.750917ms)
✔ file-journal: a memory tool cancels a blocked custody read before the source responds (819.931458ms)
✔ file-journal: custody-free reads keep their original I/O path and a W to M to W custody cycle remains finite (628.177ms)
✔ file-journal: external K revise blocks direct, derived and cached M before W is refreshed (1613.662084ms)
✔ file-journal: external K retract blocks direct, derived and cached M before W is refreshed (1488.567917ms)
✔ file-journal: external K expire blocks direct, derived and cached M before W is refreshed (1490.645ms)
✔ file-journal: external K generation blocks direct, derived and cached M before W is refreshed (2019.448042ms)
✔ file-journal: a shared reader uses current M authority without impersonating its owner's private K actor (1400.38875ms)
✔ file-journal: custody does not reconstruct an unconfirmed reviewer-only permission (503.335667ms)
✔ file-journal: custody entry and byte limits fail closed before reading unbounded knowledge records (638.389667ms)
✔ file-journal: a derivedFrom cycle remains invalid even when its work custody graph is finite (515.25725ms)
✔ file-journal: external memory changed during closure collection cannot survive the stable snapshot (495.294917ms)
ℹ tests 193
ℹ suites 0
ℹ pass 193
ℹ fail 0
ℹ cancelled 0
ℹ skipped 0
ℹ todo 0
ℹ duration_ms 35690.594542
