✔ sqlite: board transitions, receipts and event cursors persist together and duplicates do not add events (690.998708ms)
✔ sqlite: an event burst coalesces only after a complete current request scan (755.243583ms)
✔ sqlite: missing event history under an established root is rejected rather than silently skipped (449.403792ms)
✔ sqlite: an owned worker killed after commit leaves one event and the same command receipt (268.399625ms)
✔ file-journal: board transitions, receipts and event cursors persist together and duplicates do not add events (4338.958167ms)
✔ file-journal: an event burst coalesces only after a complete current request scan (6296.453417ms)
✔ file-journal: missing event history under an established root is rejected rather than silently skipped (4437.580458ms)
✔ file-journal: an owned worker killed after commit leaves one event and the same command receipt (408.39625ms)
✔ sqlite: a pre-event database declares a rescan boundary and recovers current offers without fabricating past events (751.137208ms)
✔ event pagination applies its byte limit to the final cursor including a digit boundary (0.317958ms)
✔ sqlite/documents: two runtimes request, accept, answer and confirm without treating discussion as goal completion (3913.624625ms)
✔ sqlite/observations: two runtimes request, accept, answer and confirm without treating discussion as goal completion (3367.761125ms)
✔ sqlite: lost offer response restores one obligation from the applied receipt without inventing a result (597.574459ms)
✔ sqlite: a missing projection is restored and generic wait or resolve cannot forge coordination (571.27125ms)
✔ sqlite: requester can cancel a waiting request and cancellation is waived rather than satisfied (1072.97025ms)
✔ sqlite: decline does not create an obligation for a recipient who never accepted (648.899ms)
✔ sqlite: expiry is actionable review and retains the original pending obligation (729.959916ms)
✔ sqlite: confirmed answer retraction invalidates the previous completion projection (2959.568208ms)
✔ sqlite: loss of an applied request receipt cannot silently discharge the response (632.106042ms)
✔ sqlite: lost acceptance response recovers the assignee obligation and leaves work executable (1673.001625ms)
✔ sqlite: an expired assignee can decline instead of falsely satisfying the answer (1288.820292ms)
✔ sqlite: coordination waits do not become questions for a human (661.164791ms)
✔ sqlite: withdrawal of current authority denies a retained coordination projection (586.620833ms)
✔ sqlite: request tool contracts reject caller-selected owner, command and action (836.020625ms)
✔ sqlite: even satisfied goal facts wait for requester confirmation (2402.992125ms)
✔ file-journal/documents: two runtimes request, accept, answer and confirm without treating discussion as goal completion (20876.726917ms)
✔ file-journal/observations: two runtimes request, accept, answer and confirm without treating discussion as goal completion (12578.920958ms)
✔ file-journal: lost offer response restores one obligation from the applied receipt without inventing a result (508.8395ms)
✔ file-journal: a missing projection is restored and generic wait or resolve cannot forge coordination (671.348792ms)
✔ file-journal: requester can cancel a waiting request and cancellation is waived rather than satisfied (1748.911458ms)
✔ file-journal: decline does not create an obligation for a recipient who never accepted (676.355583ms)
✔ file-journal: expiry is actionable review and retains the original pending obligation (899.88275ms)
✔ file-journal: confirmed answer retraction invalidates the previous completion projection (9530.353666ms)
✔ file-journal: loss of an applied request receipt cannot silently discharge the response (477.989542ms)
✔ file-journal: lost acceptance response recovers the assignee obligation and leaves work executable (3108.48725ms)
✔ file-journal: an expired assignee can decline instead of falsely satisfying the answer (2092.188208ms)
✔ file-journal: coordination waits do not become questions for a human (481.580292ms)
✔ file-journal: withdrawal of current authority denies a retained coordination projection (425.928167ms)
✔ file-journal: request tool contracts reject caller-selected owner, command and action (832.418708ms)
✔ file-journal: even satisfied goal facts wait for requester confirmation (12617.239083ms)
✔ sqlite/documents: runtime board read retains custody through history, compact and reopen (1055.974583ms)
✔ sqlite/observations: runtime board read retains custody through history, compact and reopen (841.274584ms)
✔ sqlite: mutual work references terminate and a revoked member invalidates the whole closure (573.33675ms)
✔ sqlite: private memory custody crosses a shared post without exposing the memory body (554.820333ms)
✔ sqlite: page content and consumer identity cannot be substituted in a result (409.001042ms)
✔ sqlite: memory and authenticated collection inputs share the board closure without recursive full validation (1294.877ms)
✔ sqlite: cancellation ends a board-tool wait before an unavailable repository responds (280.925958ms)
✔ sqlite: a later goal retains original input custody until copied data is quarantined (446.711666ms)
✔ sqlite: changed post blocks retained board context and quarantines copied state (496.154375ms)
✔ sqlite: changed source blocks retained board context and quarantines copied state (486.82775ms)
✔ sqlite: changed raw blocks retained board context and quarantines copied state (504.174542ms)
✔ sqlite: changed receipt blocks retained board context and quarantines copied state (422.624041ms)
✔ sqlite: changed role blocks retained board context and quarantines copied state (514.445458ms)
✔ sqlite: changed authority blocks retained board context and quarantines copied state (489.743666ms)
✔ sqlite: changed labels blocks retained board context and quarantines copied state (413.280958ms)
✔ sqlite: changed generation blocks retained board context and quarantines copied state (405.560791ms)
✔ sqlite: changed validator blocks retained board context and quarantines copied state (444.903375ms)
✔ file-journal/documents: runtime board read retains custody through history, compact and reopen (14260.113792ms)
✔ file-journal/observations: runtime board read retains custody through history, compact and reopen (3635.967417ms)
✔ file-journal: mutual work references terminate and a revoked member invalidates the whole closure (1241.596375ms)
✔ file-journal: private memory custody crosses a shared post without exposing the memory body (646.563834ms)
✔ file-journal: page content and consumer identity cannot be substituted in a result (406.647584ms)
✔ file-journal: memory and authenticated collection inputs share the board closure without recursive full validation (2168.6915ms)
✔ file-journal: cancellation ends a board-tool wait before an unavailable repository responds (132.50675ms)
✔ file-journal: a later goal retains original input custody until copied data is quarantined (386.2075ms)
✔ file-journal: changed post blocks retained board context and quarantines copied state (473.697ms)
✔ file-journal: changed source blocks retained board context and quarantines copied state (416.948458ms)
✔ file-journal: changed raw blocks retained board context and quarantines copied state (409.910625ms)
✔ file-journal: changed receipt blocks retained board context and quarantines copied state (369.445958ms)
✔ file-journal: changed role blocks retained board context and quarantines copied state (353.874834ms)
✔ file-journal: changed authority blocks retained board context and quarantines copied state (438.429208ms)
✔ file-journal: changed labels blocks retained board context and quarantines copied state (396.95075ms)
✔ file-journal: changed generation blocks retained board context and quarantines copied state (374.586875ms)
✔ file-journal: changed validator blocks retained board context and quarantines copied state (352.659209ms)
✔ sqlite/documents: discover and finish a request using observed IDs and revisions, then retain history across compact and reopen (5440.265417ms)
✔ sqlite/observations: discover and finish a request using observed IDs and revisions, then retain history across compact and reopen (4976.369417ms)
✔ sqlite: duplicate wake is a no-op with zero model, tool and chat delivery activity (625.055583ms)
✔ sqlite: an unprocessed event rejects stale context and a pending offer blocks completion even after metadata is read (999.731542ms)
✔ sqlite: a missed wake and a lost checkpoint reply resume with one durable notification (550.85275ms)
✔ sqlite: notifications and cursor require their original checkpoint and survive compact without omissions (670.642042ms)
✔ sqlite: request metadata cannot be forged and current authority is rechecked after artifact reads (655.313458ms)
✔ sqlite: another owner cannot register or close a subscription; revoked access prevents wake (665.032959ms)
✔ sqlite: expiry before a poll creates no actionable offer and unchanged waiting does not call a model (993.387458ms)
✔ sqlite: pause preserves the cursor, resume reads missed events, and cancellation closes the inbox (497.313084ms)
✔ sqlite: metadata pagination is bounded and rejects stale cursors and caller-selected ownership (544.043208ms)
✔ sqlite: goal revision closes its old inbox and a new host subscription rescans current offers (599.009583ms)
✔ sqlite: completed work closes its subscription and a later offer does not reopen it (651.70575ms)
✔ sqlite: a data access change closes old generation subscriptions and removes their context references (614.652416ms)
✔ sqlite: repeated metadata observations do not manufacture progress or independent evidence (877.248167ms)
✔ sqlite: authority withdrawn during the final metadata check prevents cursor advancement (508.272583ms)
✔ sqlite: a refresh that exceeds its time budget leaves the cursor and inbox uncommitted (525.056208ms)
✖ sqlite: an incoming offer invalidates a reserved model context before any model invocation (260.228542ms)
✔ sqlite: an active nonparticipant role sees no request metadata and receives no offer notification (244.128583ms)
✔ file-journal/documents: discover and finish a request using observed IDs and revisions, then retain history across compact and reopen (31815.204291ms)
✔ file-journal/observations: discover and finish a request using observed IDs and revisions, then retain history across compact and reopen (26110.163125ms)
✔ file-journal: duplicate wake is a no-op with zero model, tool and chat delivery activity (651.272667ms)
✔ file-journal: an unprocessed event rejects stale context and a pending offer blocks completion even after metadata is read (1153.267709ms)
✔ file-journal: a missed wake and a lost checkpoint reply resume with one durable notification (578.776292ms)
✔ file-journal: notifications and cursor require their original checkpoint and survive compact without omissions (637.826417ms)
✔ file-journal: request metadata cannot be forged and current authority is rechecked after artifact reads (659.86575ms)
✔ file-journal: another owner cannot register or close a subscription; revoked access prevents wake (537.080042ms)
✔ file-journal: expiry before a poll creates no actionable offer and unchanged waiting does not call a model (1329.360083ms)
✔ file-journal: pause preserves the cursor, resume reads missed events, and cancellation closes the inbox (574.410708ms)
✔ file-journal: metadata pagination is bounded and rejects stale cursors and caller-selected ownership (588.1665ms)
✔ file-journal: goal revision closes its old inbox and a new host subscription rescans current offers (571.783042ms)
✔ file-journal: completed work closes its subscription and a later offer does not reopen it (498.913834ms)
✔ file-journal: a data access change closes old generation subscriptions and removes their context references (548.359458ms)
✔ file-journal: repeated metadata observations do not manufacture progress or independent evidence (917.342208ms)
✔ file-journal: authority withdrawn during the final metadata check prevents cursor advancement (559.907292ms)
✔ file-journal: a refresh that exceeds its time budget leaves the cursor and inbox uncommitted (491.446042ms)
✖ file-journal: an incoming offer invalidates a reserved model context before any model invocation (169.782625ms)
✔ file-journal: an active nonparticipant role sees no request metadata and receives no offer notification (221.625459ms)
✔ sqlite: board publish and retract run through the broker and retain mechanical receipts (655.746625ms)
✔ sqlite: applied board command survives response loss and cannot be overwritten by the late result (286.335708ms)
✔ sqlite: saved unknown result stays immutable after durable receipt reconciliation (183.602291ms)
✔ sqlite: a late valid result is reconciled without adopting its expired execution (267.92075ms)
✔ sqlite: an expired absent command is closed and a delayed original commit cannot publish (219.82725ms)
✔ sqlite: stale revision is reconciled as closed without changing posts (238.162125ms)
✔ sqlite: proof deletion denies context, reopens obligation and does not fabricate replacement (221.736375ms)
✔ sqlite: retained receipt requires a reader and current role authority (290.475209ms)
✔ sqlite: authority withdrawn during receipt proof I/O invalidates that same read (205.951709ms)
✔ sqlite: removing the stored receipt invalidates an intact result artifact (245.222042ms)
✔ sqlite: a forged post outcome or another attempt receipt cannot be adopted (182.945958ms)
✔ sqlite: policy revoked immediately before storage prevents publication (123.992209ms)
✔ sqlite: tool schemas exclude actor, command identity and foreign source work (97.99775ms)
✔ sqlite: a narrower session publish grant is not widened by the directory (209.444708ms)
✔ sqlite: a narrower session namespace grant is not widened by the directory (182.210916ms)
✔ sqlite: a no-op closure cannot smuggle a board mutation (109.906ms)
✔ sqlite: closure duplicate and changed digest have stable distinct outcomes (130.087625ms)
✔ sqlite: previously unread quotes are rejected and a retained current read permits publication (643.021916ms)
✔ sqlite: compact source checks reject omitted or altered effect outcomes (297.092625ms)
✔ sqlite: a SIGKILL at the storage-worker boundary retains the runtime command receipt (325.559125ms)
✔ file-journal: board publish and retract run through the broker and retain mechanical receipts (4529.1415ms)
✔ file-journal: applied board command survives response loss and cannot be overwritten by the late result (1692.954875ms)
✔ file-journal: saved unknown result stays immutable after durable receipt reconciliation (1632.499292ms)
✔ file-journal: a late valid result is reconciled without adopting its expired execution (1793.616583ms)
✔ file-journal: an expired absent command is closed and a delayed original commit cannot publish (1240.597291ms)
✔ file-journal: stale revision is reconciled as closed without changing posts (1505.769458ms)
✔ file-journal: proof deletion denies context, reopens obligation and does not fabricate replacement (1930.921291ms)
✔ file-journal: retained receipt requires a reader and current role authority (1539.950875ms)
✔ file-journal: authority withdrawn during receipt proof I/O invalidates that same read (922.517458ms)
✔ file-journal: removing the stored receipt invalidates an intact result artifact (1134.436208ms)
✔ file-journal: a forged post outcome or another attempt receipt cannot be adopted (721.704292ms)
✔ file-journal: policy revoked immediately before storage prevents publication (546.065208ms)
✔ file-journal: tool schemas exclude actor, command identity and foreign source work (286.192833ms)
✔ file-journal: a narrower session publish grant is not widened by the directory (483.637042ms)
✔ file-journal: a narrower session namespace grant is not widened by the directory (451.022ms)
✔ file-journal: a no-op closure cannot smuggle a board mutation (145.576833ms)
✔ file-journal: closure duplicate and changed digest have stable distinct outcomes (135.0565ms)
✔ file-journal: previously unread quotes are rejected and a retained current read permits publication (2002.94425ms)
✔ file-journal: compact source checks reject omitted or altered effect outcomes (372.949208ms)
✔ file-journal: a SIGKILL at the storage-worker boundary retains the runtime command receipt (309.161333ms)
✔ sqlite/documents: bounded discussion pages resume after reopening with no new evidence (202.720625ms)
✔ sqlite/observations: bounded discussion pages resume after reopening with no new evidence (69.913667ms)
✔ sqlite: uncited hypotheses persist as unverified and never supply independent facts or request answers (306.979833ms)
✔ sqlite: quoted coverage remains partial or unknown instead of becoming complete (111.566292ms)
✔ sqlite: UTF-8 output limits retain complete posts and require a larger page for an oversized item (238.875875ms)
✔ sqlite: pages exclude other entity details and reject stale, foreign, and unavailable cursor positions (170.078667ms)
✔ sqlite: page authority includes the consuming work and rejects invalid limits before reading (197.652333ms)
✔ sqlite: a bounded first page reuses source reads and stops before unrelated later sources (270.912833ms)
✔ sqlite: a consuming work change during a page read prevents returning the stale page (192.953666ms)
✔ sqlite: removing citations does not bypass the author's retained memory dependencies (209.876542ms)
✔ file-journal/documents: bounded discussion pages resume after reopening with no new evidence (718.791083ms)
✔ file-journal/observations: bounded discussion pages resume after reopening with no new evidence (729.169417ms)
✔ file-journal: uncited hypotheses persist as unverified and never supply independent facts or request answers (774.2405ms)
✔ file-journal: quoted coverage remains partial or unknown instead of becoming complete (725.572709ms)
✔ file-journal: UTF-8 output limits retain complete posts and require a larger page for an oversized item (449.765875ms)
✔ file-journal: pages exclude other entity details and reject stale, foreign, and unavailable cursor positions (842.413041ms)
✔ file-journal: page authority includes the consuming work and rejects invalid limits before reading (469.337125ms)
✔ file-journal: a bounded first page reuses source reads and stops before unrelated later sources (940.136917ms)
✔ file-journal: a consuming work change during a page read prevents returning the stale page (412.566708ms)
✔ file-journal: removing citations does not bypass the author's retained memory dependencies (956.468958ms)
✔ sqlite/documents: two persistent roles share citations without publishing private memory or inflating sources (291.649ms)
✔ sqlite/observations: two persistent roles share citations without publishing private memory or inflating sources (281.867708ms)
✔ sqlite: direct source sharing requires source ownership; quotes require a currently visible post (211.762167ms)
✔ sqlite: retract-post removes the claim and its quoted descendants from current views (245.19075ms)
✔ sqlite: restrict-source removes the claim and its quoted descendants from current views (238.038542ms)
✔ sqlite: change-goal removes the claim and its quoted descendants from current views (198.775875ms)
✔ sqlite: delete-original removes the claim and its quoted descendants from current views (312.465042ms)
✔ sqlite: expire removes the claim and its quoted descendants from current views (246.261417ms)
✔ sqlite: an entity with the same key in a different time scope stays separate (253.311667ms)
✔ sqlite: publishing a question does not assign it; acceptance, response and requester confirmation remain distinct (371.86975ms)
✔ sqlite: repeated replies and explicit cyclic waits are bounded; deadlines do not reset on reopen (399.395292ms)
✔ sqlite: exact command retry survives a lost reply; reused IDs with changed content and concurrent edits fail (255.512792ms)
✔ sqlite: authority changing during a source read cannot publish or return the delayed content (197.520042ms)
✔ sqlite: a derived claim retains ancestry without becoming another independent fact source (218.691083ms)
✔ sqlite: repeated quotes share one source read within a view and a later view revalidates it (283.652584ms)
✔ sqlite: unlabelled prose inherits the author's work labels and current exchange policy (314.93575ms)
✔ sqlite: a fulfilled dependency remains attached and its later retraction invalidates dependent confirmation (310.791334ms)
✔ sqlite: reply depth, total posts, total requests and repeated causes have separate limits (270.860875ms)
✔ sqlite: an advancing clock permits ordinary writes and blocks a post expiring during the final boundary check (328.478416ms)
✔ sqlite: a paused assignee cannot have its submitted answer confirmed (315.454458ms)
✔ sqlite: an actual worker SIGKILL after durable publication preserves one post and one command receipt (420.259208ms)
✔ file-journal/documents: two persistent roles share citations without publishing private memory or inflating sources (831.866709ms)
✔ file-journal/observations: two persistent roles share citations without publishing private memory or inflating sources (915.877208ms)
✔ file-journal: direct source sharing requires source ownership; quotes require a currently visible post (407.803542ms)
✔ file-journal: retract-post removes the claim and its quoted descendants from current views (501.155542ms)
✔ file-journal: restrict-source removes the claim and its quoted descendants from current views (596.466375ms)
✔ file-journal: change-goal removes the claim and its quoted descendants from current views (582.340458ms)
✔ file-journal: delete-original removes the claim and its quoted descendants from current views (583.184084ms)
✔ file-journal: expire removes the claim and its quoted descendants from current views (464.143292ms)
✔ file-journal: an entity with the same key in a different time scope stays separate (256.544541ms)
✔ file-journal: publishing a question does not assign it; acceptance, response and requester confirmation remain distinct (1039.0135ms)
✔ file-journal: repeated replies and explicit cyclic waits are bounded; deadlines do not reset on reopen (669.777209ms)
✔ file-journal: exact command retry survives a lost reply; reused IDs with changed content and concurrent edits fail (299.012ms)
✔ file-journal: authority changing during a source read cannot publish or return the delayed content (265.819375ms)
✔ file-journal: a derived claim retains ancestry without becoming another independent fact source (331.35025ms)
✔ file-journal: repeated quotes share one source read within a view and a later view revalidates it (482.39575ms)
✔ file-journal: unlabelled prose inherits the author's work labels and current exchange policy (285.512625ms)
✔ file-journal: a fulfilled dependency remains attached and its later retraction invalidates dependent confirmation (1029.756125ms)
✔ file-journal: reply depth, total posts, total requests and repeated causes have separate limits (349.022375ms)
✔ file-journal: an advancing clock permits ordinary writes and blocks a post expiring during the final boundary check (259.368209ms)
✔ file-journal: a paused assignee cannot have its submitted answer confirmed (395.057541ms)
✔ file-journal: an actual worker SIGKILL after durable publication preserves one post and one command receipt (378.510041ms)
✔ file board journal detects missing revisions and changed content instead of returning a partial history (236.753541ms)
✔ sqlite/documents-simple: delete blocks derived copies and pending result; restart preserves tombstone and cancellation works after bytes are absent (493.603583ms)
✔ sqlite/observations-simple: delete blocks derived copies and pending result; restart preserves tombstone and cancellation works after bytes are absent (319.091083ms)
✔ file-journal/documents-simple: delete blocks derived copies and pending result; restart preserves tombstone and cancellation works after bytes are absent (2379.3ms)
✔ file-journal/observations-simple: delete blocks derived copies and pending result; restart preserves tombstone and cancellation works after bytes are absent (2241.12425ms)
✔ sqlite: lifecycle ownership, concurrent generation and command identity are enforced (245.528583ms)
✔ sqlite: a question prepared before access removal is superseded without sending its text (236.31975ms)
✔ sqlite: data removal preserves an already dispatched write as an unresolved effect (208.248333ms)
✔ sqlite: tool reply is revalidated after lifecycle change during artifact storage (328.263709ms)
✔ sqlite: model reply is revalidated after lifecycle change during artifact storage (365.83775ms)
✔ sqlite: validity retraction allows labelled historical inspection and correction uses a new immutable evidence ID (184.915125ms)
✔ sqlite: a stored core.calls.get copy cannot expose deleted source content (294.071542ms)
✔ sqlite: evidence read rechecks a lifecycle change during artifact I/O (245.792541ms)
✔ sqlite: original read rechecks a lifecycle change during artifact I/O (270.814958ms)
✔ sqlite: result read rechecks a lifecycle change during artifact I/O (187.192ms)
✔ sqlite: old dispatched tool reply after deletion is stored only as a sanitized failure (234.276375ms)
✔ sqlite: late model reply after deletion retains measured usage without retaining forbidden proposal text (331.440959ms)
✔ file-journal: lifecycle ownership, concurrent generation and command identity are enforced (1202.676208ms)
✔ file-journal: a question prepared before access removal is superseded without sending its text (1881.190458ms)
✔ file-journal: data removal preserves an already dispatched write as an unresolved effect (1192.990625ms)
✔ file-journal: tool reply is revalidated after lifecycle change during artifact storage (1032.48975ms)
✔ file-journal: model reply is revalidated after lifecycle change during artifact storage (1295.480666ms)
✔ file-journal: validity retraction allows labelled historical inspection and correction uses a new immutable evidence ID (1054.134ms)
✔ file-journal: a stored core.calls.get copy cannot expose deleted source content (2380.861125ms)
✔ file-journal: evidence read rechecks a lifecycle change during artifact I/O (1009.747334ms)
✔ file-journal: original read rechecks a lifecycle change during artifact I/O (1009.027458ms)
✔ file-journal: result read rechecks a lifecycle change during artifact I/O (748.896833ms)
✔ file-journal: old dispatched tool reply after deletion is stored only as a sanitized failure (447.939083ms)
✔ file-journal: late model reply after deletion retains measured usage without retaining forbidden proposal text (1009.388042ms)
ℹ tests 243
ℹ suites 0
ℹ pass 241
ℹ fail 2
ℹ cancelled 0
ℹ skipped 0
ℹ todo 0
ℹ duration_ms 89675.586375

✖ failing tests:

test at dist/tests/board-wake-runtime.test.js:309:5
✖ sqlite: an incoming offer invalidates a reserved model context before any model invocation (260.228542ms)
  Error: token_budget_exhausted
      at PlanningRuntime.reserve (file:///Users/seunghanee/Documents/secumon/runtime/dist/application/planning-runtime.js:105:19)
      at async TestContext.<anonymous> (file:///Users/seunghanee/Documents/secumon/runtime/dist/tests/board-wake-runtime.test.js:313:22)
      at async Test.run (node:internal/test_runner/test:1404:7)
      at async Test.processPendingSubtests (node:internal/test_runner/test:969:7)

test at dist/tests/board-wake-runtime.test.js:309:5
✖ file-journal: an incoming offer invalidates a reserved model context before any model invocation (169.782625ms)
  Error: token_budget_exhausted
      at PlanningRuntime.reserve (file:///Users/seunghanee/Documents/secumon/runtime/dist/application/planning-runtime.js:105:19)
      at async TestContext.<anonymous> (file:///Users/seunghanee/Documents/secumon/runtime/dist/tests/board-wake-runtime.test.js:313:22)
      at async Test.run (node:internal/test_runner/test:1404:7)
      at async Test.processPendingSubtests (node:internal/test_runner/test:969:7)
