✔ sqlite/documents: bounded discussion pages resume after reopening with no new evidence (139.021958ms)
✔ sqlite/observations: bounded discussion pages resume after reopening with no new evidence (159.513084ms)
✔ sqlite: uncited hypotheses persist as unverified and never supply independent facts or request answers (212.673208ms)
✔ sqlite: quoted coverage remains partial or unknown instead of becoming complete (159.016792ms)
✔ sqlite: UTF-8 output limits retain complete posts and require a larger page for an oversized item (140.136666ms)
✔ sqlite: pages exclude other entity details and reject stale, foreign, and unavailable cursor positions (177.148334ms)
✔ sqlite: page authority includes the consuming work and rejects invalid limits before reading (171.545334ms)
✔ sqlite: a bounded first page reuses source reads and stops before unrelated later sources (160.814417ms)
✔ sqlite: a consuming work change during a page read prevents returning the stale page (141.453666ms)
✔ sqlite: removing citations does not bypass the author's retained memory dependencies (235.579333ms)
✔ file-journal/documents: bounded discussion pages resume after reopening with no new evidence (738.882916ms)
✔ file-journal/observations: bounded discussion pages resume after reopening with no new evidence (654.63675ms)
✔ file-journal: uncited hypotheses persist as unverified and never supply independent facts or request answers (776.291ms)
✔ file-journal: quoted coverage remains partial or unknown instead of becoming complete (731.0785ms)
✔ file-journal: UTF-8 output limits retain complete posts and require a larger page for an oversized item (227.307292ms)
✔ file-journal: pages exclude other entity details and reject stale, foreign, and unavailable cursor positions (363.409209ms)
✔ file-journal: page authority includes the consuming work and rejects invalid limits before reading (200.167333ms)
✔ file-journal: a bounded first page reuses source reads and stops before unrelated later sources (458.407917ms)
✔ file-journal: a consuming work change during a page read prevents returning the stale page (190.982667ms)
✔ file-journal: removing citations does not bypass the author's retained memory dependencies (283.025583ms)
✔ sqlite/documents: two persistent roles share citations without publishing private memory or inflating sources (197.991459ms)
✔ sqlite/observations: two persistent roles share citations without publishing private memory or inflating sources (169.38275ms)
✔ sqlite: direct source sharing requires source ownership; quotes require a currently visible post (157.705583ms)
✔ sqlite: retract-post removes the claim and its quoted descendants from current views (163.341875ms)
✔ sqlite: restrict-source removes the claim and its quoted descendants from current views (121.390583ms)
✔ sqlite: change-goal removes the claim and its quoted descendants from current views (132.668875ms)
✔ sqlite: delete-original removes the claim and its quoted descendants from current views (148.885959ms)
✔ sqlite: expire removes the claim and its quoted descendants from current views (150.303792ms)
✔ sqlite: an entity with the same key in a different time scope stays separate (152.606292ms)
✔ sqlite: publishing a question does not assign it; acceptance, response and requester confirmation remain distinct (155.07275ms)
✔ sqlite: repeated replies and explicit cyclic waits are bounded; deadlines do not reset on reopen (185.590417ms)
✔ sqlite: exact command retry survives a lost reply; reused IDs with changed content and concurrent edits fail (159.900083ms)
✔ sqlite: authority changing during a source read cannot publish or return the delayed content (145.637917ms)
✔ sqlite: a derived claim retains ancestry without becoming another independent fact source (121.086167ms)
✔ sqlite: repeated quotes share one source read within a view and a later view revalidates it (138.182666ms)
✔ sqlite: unlabelled prose inherits the author's work labels and current exchange policy (158.543625ms)
✔ sqlite: a fulfilled dependency remains attached and its later retraction invalidates dependent confirmation (194.139541ms)
✔ sqlite: reply depth, total posts, total requests and repeated causes have separate limits (132.186875ms)
✔ sqlite: an advancing clock permits ordinary writes and blocks a post expiring during the final boundary check (117.862542ms)
✔ sqlite: a paused assignee cannot have its submitted answer confirmed (185.908958ms)
✔ sqlite: an actual worker SIGKILL after durable publication preserves one post and one command receipt (235.699708ms)
✔ file-journal/documents: two persistent roles share citations without publishing private memory or inflating sources (181.086333ms)
✔ file-journal/observations: two persistent roles share citations without publishing private memory or inflating sources (199.108875ms)
✔ file-journal: direct source sharing requires source ownership; quotes require a currently visible post (118.343584ms)
✔ file-journal: retract-post removes the claim and its quoted descendants from current views (164.298ms)
✔ file-journal: restrict-source removes the claim and its quoted descendants from current views (164.99ms)
✔ file-journal: change-goal removes the claim and its quoted descendants from current views (153.037625ms)
✔ file-journal: delete-original removes the claim and its quoted descendants from current views (128.084625ms)
✔ file-journal: expire removes the claim and its quoted descendants from current views (128.189708ms)
✔ file-journal: an entity with the same key in a different time scope stays separate (115.625667ms)
✔ file-journal: publishing a question does not assign it; acceptance, response and requester confirmation remain distinct (229.671542ms)
✔ file-journal: repeated replies and explicit cyclic waits are bounded; deadlines do not reset on reopen (301.740958ms)
✔ file-journal: exact command retry survives a lost reply; reused IDs with changed content and concurrent edits fail (169.698125ms)
✔ file-journal: authority changing during a source read cannot publish or return the delayed content (165.718041ms)
✔ file-journal: a derived claim retains ancestry without becoming another independent fact source (140.903916ms)
✔ file-journal: repeated quotes share one source read within a view and a later view revalidates it (221.902791ms)
✔ file-journal: unlabelled prose inherits the author's work labels and current exchange policy (150.913958ms)
✔ file-journal: a fulfilled dependency remains attached and its later retraction invalidates dependent confirmation (371.173375ms)
✔ file-journal: reply depth, total posts, total requests and repeated causes have separate limits (159.1655ms)
✔ file-journal: an advancing clock permits ordinary writes and blocks a post expiring during the final boundary check (132.808125ms)
✔ file-journal: a paused assignee cannot have its submitted answer confirmed (216.108041ms)
✔ file-journal: an actual worker SIGKILL after durable publication preserves one post and one command receipt (201.591458ms)
✔ file board journal detects missing revisions and changed content instead of returning a partial history (110.130959ms)
✔ a diamond validates every edge, inspects a shared source once and guards every captured node (1.325292ms)
✔ a reference cycle is finite while an invalid member still rejects the whole closure (0.283375ms)
✔ a pin encountered after visiting a node is still checked (0.133458ms)
✔ conflicting pending pins fail before dispatch, including across duplicate roots (0.0795ms)
✔ captured source or authority changes during another read invalidate the result (0.260292ms)
✔ application invariants can reject a semantic cycle before guard I/O without changing generic cycle handling (0.098958ms)
✔ expiry of an earlier node during a later guard is checked again before return (0.13025ms)
✔ already expired nodes cannot be inputs (0.079459ms)
✔ node, edge and byte budgets stop excessive reads before dispatching the next node (0.180375ms)
✔ a long chain uses an iterative queue and visits every source exactly once (6.420458ms)
✔ pre-aborted validation never invokes a reader (0.178959ms)
✔ cancellation ends a blocked validation and contains a late reader rejection (3.229333ms)
✔ the elapsed deadline bounds a reader that ignores cancellation (21.544ms)
✔ logical clock deadline changes and backwards clock readings cannot extend validation (0.627583ms)
✔ reader exceptions, unknown providers and malformed replies return fixed errors without source data (0.432375ms)
✔ registration captures the callback and rejects duplicate providers and invalid limits (0.444792ms)
✔ overlapping validations keep separate snapshots, queues and cancellation (0.343667ms)
✔ provider and key jointly identify a node (0.215833ms)
✔ sqlite: custody-free reads keep their original I/O path and a W to M to W custody cycle remains finite (38.645875ms)
✔ sqlite: external K revise blocks direct, derived and cached M before W is refreshed (74.728792ms)
✔ sqlite: external K retract blocks direct, derived and cached M before W is refreshed (52.994459ms)
✖ sqlite: external K expire blocks direct, derived and cached M before W is refreshed (95.631ms)
✔ sqlite: external K generation blocks direct, derived and cached M before W is refreshed (122.767083ms)
✔ sqlite: a shared reader uses current M authority without impersonating its owner's private K actor (192.043ms)
✔ sqlite: custody does not reconstruct an unconfirmed reviewer-only permission (84.790833ms)
✔ sqlite: custody entry and byte limits fail closed before reading unbounded knowledge records (718.432875ms)
✔ sqlite: a derivedFrom cycle remains invalid even when its work custody graph is finite (106.110583ms)
✔ sqlite: external memory changed during closure collection cannot survive the stable snapshot (120.69025ms)
✔ file-journal: custody-free reads keep their original I/O path and a W to M to W custody cycle remains finite (646.433666ms)
✔ file-journal: external K revise blocks direct, derived and cached M before W is refreshed (1778.720625ms)
✔ file-journal: external K retract blocks direct, derived and cached M before W is refreshed (1049.469084ms)
✖ file-journal: external K expire blocks direct, derived and cached M before W is refreshed (603.578625ms)
✔ file-journal: external K generation blocks direct, derived and cached M before W is refreshed (775.83975ms)
✔ file-journal: a shared reader uses current M authority without impersonating its owner's private K actor (1109.124584ms)
✔ file-journal: custody does not reconstruct an unconfirmed reviewer-only permission (352.999208ms)
✔ file-journal: custody entry and byte limits fail closed before reading unbounded knowledge records (538.527ms)
✔ file-journal: a derivedFrom cycle remains invalid even when its work custody graph is finite (676.895541ms)
✔ file-journal: external memory changed during closure collection cannot survive the stable snapshot (478.175833ms)
✔ sqlite: same-work recall survives dispatch, receipt and unrelated revision bookkeeping (230.981834ms)
✔ sqlite: cross-work memory copy keeps custody across a goal change and blocks a prepared result after source deletion (642.278625ms)
✔ sqlite: source deletion after a cross-goal copied memory cancels a reserved effect before invocation (335.862625ms)
✔ sqlite: stored model input contains recalled bodies while hiding internal custody metadata (472.578583ms)
✔ sqlite: reopening without a knowledge validator blocks retained originals and reserved effects (648.528708ms)
✔ sqlite: deleting another work's source while adopt commit waits quarantines the copied evidence before return (594.021625ms)
✔ file-journal: same-work recall survives dispatch, receipt and unrelated revision bookkeeping (2879.287208ms)
✔ file-journal: cross-work memory copy keeps custody across a goal change and blocks a prepared result after source deletion (5778.2315ms)
✔ file-journal: source deletion after a cross-goal copied memory cancels a reserved effect before invocation (2014.062875ms)
✔ file-journal: stored model input contains recalled bodies while hiding internal custody metadata (634.566875ms)
✔ file-journal: reopening without a knowledge validator blocks retained originals and reserved effects (409.367208ms)
✔ file-journal: deleting another work's source while adopt commit waits quarantines the copied evidence before return (360.847042ms)
✔ memory tools expose read cards, internal dependencies and schema-valid results (sqlite) (96.548583ms)
✔ memory tool authority intersects destination, caller and fresh trusted identity (sqlite) (46.075875ms)
✔ memory reads constrain IDs and searches to the current goal scope (sqlite) (83.477166ms)
✔ memory tools expose read cards, internal dependencies and schema-valid results (file-journal) (1679.020875ms)
✔ memory tool authority intersects destination, caller and fresh trusted identity (file-journal) (623.348917ms)
✔ memory reads constrain IDs and searches to the current goal scope (file-journal) (725.37525ms)
✔ memory tools report bounded references without bodies, including multibyte oversized references (165.8075ms)
✔ memory search distinguishes result truncation and index errors from complete absence (124.314833ms)
✔ memory tools discard a copied card when trusted-owner changes during a repository wait (86.741334ms)
✔ memory tools discard a copied card when work-owner changes during a repository wait (114.95475ms)
✔ memory tools discard a copied card when caller-labels changes during a repository wait (81.716208ms)
✔ memory tools discard a copied card when work-labels changes during a repository wait (107.564334ms)
✔ memory tools discard a copied card when goal changes during a repository wait (127.730166ms)
✔ memory tools discard a copied card when generation changes during a repository wait (112.950209ms)
✔ memory tools discard a copied card when cancel changes during a repository wait (106.608875ms)
✔ each fresh trusted actor lookup must match the work owner, including the final return check (99.441041ms)
✔ dependency validation uses current source, record and caller permissions without a stale service cache (108.865ms)
✔ memory adapters do not mutate the caller policy and normalize invalid input and pre-abort (90.530125ms)
✔ knowledge exact lookup precedes index, Korean/English and conditional search use current sources (sqlite) (41.650458ms)
✔ knowledge exact lookup precedes index, Korean/English and conditional search use current sources (file-journal) (489.772ms)
✔ private memory needs explicit submission and another reviewer of the exact content revision (81.722084ms)
✔ source retracted prevents direct, cached lexical and dependency reuse (78.09075ms)
✔ source restricted prevents direct, cached lexical and dependency reuse (77.948333ms)
✔ source deleted prevents direct, cached lexical and dependency reuse (114.86975ms)
✔ source corrected prevents direct, cached lexical and dependency reuse (84.890042ms)
✔ source policy prevents direct, cached lexical and dependency reuse (84.560209ms)
✔ source generation prevents direct, cached lexical and dependency reuse (123.922916ms)
✔ ancestor changes and derived memories retain source identity without inflating independent provenance (87.421041ms)
✔ review CAS prevents a reviewed draft from being silently replaced or shared after editing (80.361083ms)
✔ source or actor changes while source reads wait cannot return stale memory content (55.951625ms)
✔ a delayed candidate cache fill rechecks namespace authority before returning cards or counts (97.964ms)
✔ index errors remain distinct from absence and rebuild never resurrects deleted or expired content (122.964167ms)
✔ SQLite reopen retains memory, review, cursor and receipts; competing writers use revision CAS (116.141292ms)
✔ source and knowledge stores close and reopen with reviewed memory and index intact (186.889542ms)
✔ bounded results report truncation only after current visibility filtering (213.837708ms)
✔ deletion while a repeated source check waits is noticed before returning the memory card (165.909042ms)
✔ source deletion after the second source snapshot cannot return its old card (180.052584ms)
✔ batch dependency fences notice an earlier card source changing while a later card is checked (174.116208ms)
✔ retracted memory can subsequently be deleted while preserving the revision and idempotency rules (195.452625ms)
✔ a pruned limited search stays partial when an unread matching candidate remains (184.056833ms)
✔ unrelated work revisions preserve semantic dependencies while changed source content does not (246.618916ms)
✔ dependency contracts reject forged fields, unsafe revisions, malformed hashes and duplicate references (112.978334ms)
✔ continuously changing coherent-read revisions stop after a bounded number of fences (161.365584ms)
ℹ tests 156
ℹ suites 0
ℹ pass 154
ℹ fail 2
ℹ cancelled 0
ℹ skipped 0
ℹ todo 0
ℹ duration_ms 15129.099209

✖ failing tests:

test at dist/tests/knowledge-effect-custody.test.js:89:9
✖ sqlite: external K expire blocks direct, derived and cached M before W is refreshed (95.631ms)
  AssertionError [ERR_ASSERTION]: The input did not match the regular expression /knowledge_unavailable/. Input:
  
  'Error: knowledge_contention'
  
      at async TestContext.<anonymous> (file:///Users/seunghanee/Documents/secumon/runtime/dist/tests/knowledge-effect-custody.test.js:107:13)
      at async Test.run (node:internal/test_runner/test:1404:7)
      at async Test.processPendingSubtests (node:internal/test_runner/test:969:7) {
    generatedMessage: true,
    code: 'ERR_ASSERTION',
    actual: Error: knowledge_contention
        at #custody (file:///Users/seunghanee/Documents/secumon/runtime/dist/application/knowledge-service.js:167:19)
        at async #sourceWork (file:///Users/seunghanee/Documents/secumon/runtime/dist/application/knowledge-service.js:40:29)
        at async #validate (file:///Users/seunghanee/Documents/secumon/runtime/dist/application/knowledge-service.js:225:27)
        at async #materialize (file:///Users/seunghanee/Documents/secumon/runtime/dist/application/knowledge-service.js:240:30)
        at async #read (file:///Users/seunghanee/Documents/secumon/runtime/dist/application/knowledge-service.js:337:9)
        at async waitForActual (node:assert:646:5)
        at async strict.rejects (node:assert:769:25)
        at async TestContext.<anonymous> (file:///Users/seunghanee/Documents/secumon/runtime/dist/tests/knowledge-effect-custody.test.js:107:13)
        at async Test.run (node:internal/test_runner/test:1404:7)
        at async Test.processPendingSubtests (node:internal/test_runner/test:969:7),
    expected: /knowledge_unavailable/,
    operator: 'rejects',
    diff: 'simple'
  }

test at dist/tests/knowledge-effect-custody.test.js:89:9
✖ file-journal: external K expire blocks direct, derived and cached M before W is refreshed (603.578625ms)
  AssertionError [ERR_ASSERTION]: The input did not match the regular expression /knowledge_unavailable/. Input:
  
  'Error: knowledge_contention'
  
      at async TestContext.<anonymous> (file:///Users/seunghanee/Documents/secumon/runtime/dist/tests/knowledge-effect-custody.test.js:107:13)
      at async Test.run (node:internal/test_runner/test:1404:7)
      at async Test.processPendingSubtests (node:internal/test_runner/test:969:7) {
    generatedMessage: true,
    code: 'ERR_ASSERTION',
    actual: Error: knowledge_contention
        at #custody (file:///Users/seunghanee/Documents/secumon/runtime/dist/application/knowledge-service.js:167:19)
        at async #sourceWork (file:///Users/seunghanee/Documents/secumon/runtime/dist/application/knowledge-service.js:40:29)
        at async #validate (file:///Users/seunghanee/Documents/secumon/runtime/dist/application/knowledge-service.js:225:27)
        at async #materialize (file:///Users/seunghanee/Documents/secumon/runtime/dist/application/knowledge-service.js:240:30)
        at async #read (file:///Users/seunghanee/Documents/secumon/runtime/dist/application/knowledge-service.js:337:9)
        at async waitForActual (node:assert:646:5)
        at async strict.rejects (node:assert:769:25)
        at async TestContext.<anonymous> (file:///Users/seunghanee/Documents/secumon/runtime/dist/tests/knowledge-effect-custody.test.js:107:13)
        at async Test.run (node:internal/test_runner/test:1404:7)
        at async Test.processPendingSubtests (node:internal/test_runner/test:969:7),
    expected: /knowledge_unavailable/,
    operator: 'rejects',
    diff: 'simple'
  }
