✔ budget crash sqlite: SIGKILL after durable child-genesis resumes one grant without Tool or Planner entry (449.627292ms)
✔ budget crash sqlite: SIGKILL after durable parent-grant resumes one grant without Tool or Planner entry (344.106416ms)
✔ budget crash sqlite: SIGKILL after durable child-activation resumes one grant without Tool or Planner entry (347.252667ms)
✔ budget crash sqlite: SIGKILL after parent-draining retains consumed usage and cancels unsent tool once (597.868166ms)
✔ budget crash sqlite: SIGKILL after child-fence retains consumed usage and cancels unsent tool once (612.406833ms)
✔ budget crash sqlite: SIGKILL after parent-settlement retains consumed usage and cancels unsent tool once (605.665458ms)
✔ budget crash sqlite: SIGKILL after parent-draining retains consumed usage and cancels unsent model once (672.487334ms)
✔ budget crash sqlite: SIGKILL after child-fence retains consumed usage and cancels unsent model once (616.286125ms)
✔ budget crash sqlite: SIGKILL after parent-settlement retains consumed usage and cancels unsent model once (590.28075ms)
✔ budget crash file-journal: SIGKILL after durable child-genesis resumes one grant without Tool or Planner entry (468.912834ms)
✔ budget crash file-journal: SIGKILL after durable parent-grant resumes one grant without Tool or Planner entry (479.902792ms)
✔ budget crash file-journal: SIGKILL after durable child-activation resumes one grant without Tool or Planner entry (449.614416ms)
✔ budget crash file-journal: SIGKILL after parent-draining retains consumed usage and cancels unsent tool once (1487.102708ms)
✔ budget crash file-journal: SIGKILL after child-fence retains consumed usage and cancels unsent tool once (1522.665167ms)
✔ budget crash file-journal: SIGKILL after parent-settlement retains consumed usage and cancels unsent tool once (1416.634542ms)
✔ budget crash file-journal: SIGKILL after parent-draining retains consumed usage and cancels unsent model once (1419.99075ms)
✔ budget crash file-journal: SIGKILL after child-fence retains consumed usage and cancels unsent model once (2460.202084ms)
✔ budget crash file-journal: SIGKILL after parent-settlement retains consumed usage and cancels unsent model once (1578.893125ms)
✔ budget runtime sqlite: child execution settles once across duplicate creation, reconciliation and reopen without copying evidence (167.50075ms)
✔ budget runtime sqlite: parent remaining calls execute while escrow prevents parent and sibling over-allocation (39.14075ms)
✔ budget runtime sqlite: concurrent sibling grants cannot oversubscribe one parent's remaining budget (23.78ms)
✔ budget runtime sqlite: a child's last logical tool call is consumed by an actual dispatch and cannot be minted by a new task ID (112.170833ms)
✔ budget runtime sqlite: actual model dispatch and reported tokens remain charged when its plan is rejected (146.999083ms)
✔ budget runtime sqlite: a child token cap below the estimated reservation prevents durable model allocation and transport (62.904625ms)
✔ budget runtime sqlite: revoking an unsent tool reservation fences the child and returns only unused escrow (64.914959ms)
✔ budget runtime sqlite: revoking an unsent model reservation fences the child and returns only unused escrow (108.080584ms)
✔ budget runtime sqlite: revoke retains an active model's unknown usage, then late accounting settles once without adopting its plan (152.910625ms)
✔ budget runtime sqlite: unknown write effects keep the grant outstanding after revoke and restart (86.070292ms)
✔ budget runtime sqlite: reported model overage is charged to the parent without clamping and prevents further funding (145.646625ms)
✔ budget runtime sqlite: reducing limits preserves committed charges and child deadlines while blocking new grants (126.511709ms)
✔ budget runtime sqlite: pending genesis cannot execute before funding (128.439333ms)
✔ budget runtime sqlite: pending genesis cannot execute before funding and parent cancellation wins activation (33.392375ms)
✔ budget runtime sqlite: child funding rejects broader authority, altered duplicate commands and work ID reattachment (37.810208ms)
✔ budget runtime sqlite: grant commit ACK loss resumes the same grant and child without another allocation (36.861917ms)
✔ budget runtime sqlite: activation commit ACK loss resumes the same grant and child without another allocation (24.998708ms)
✔ budget runtime sqlite: revocation during child activation installs a fence that the stale activation cannot overwrite (38.031541ms)
✔ budget runtime sqlite: revoke after tool dispatch and before entry prevents transport while keeping the logical dispatch charge (87.038291ms)
✔ budget runtime sqlite: revoke after model dispatch and before entry prevents transport while keeping the logical dispatch charge (156.497417ms)
✔ budget runtime sqlite: actual replan adoption spends the child's delegated replan allowance once (199.623167ms)
✔ budget runtime sqlite: nested child execution reconciles through both grants without double charging or copying originals (173.226625ms)
✔ budget runtime sqlite: an unfunded pending child cannot turn resume or a new goal into execution authority (42.457959ms)
✔ budget runtime sqlite: a parent goal change fences a child's previously reserved tool before entry (63.62875ms)
✔ budget runtime sqlite: a parent policy change fences a child's previously reserved tool before entry (58.033125ms)
✔ budget runtime sqlite: a parent deadline change fences a child's previously reserved tool before entry (55.017125ms)
✔ budget runtime sqlite: a partially reported model response retains known tokens and unknown reservation after revoke and reopen (179.13975ms)
✔ budget runtime sqlite: sibling overage received during a tool dispatch ACK delay prevents its actual entry despite stale parent accounting (235.515583ms)
✔ budget runtime sqlite: sibling overage received during a model dispatch ACK delay prevents its actual entry despite stale parent accounting (257.22775ms)
✔ budget runtime file-journal: child execution settles once across duplicate creation, reconciliation and reopen without copying evidence (883.304417ms)
✔ budget runtime file-journal: parent remaining calls execute while escrow prevents parent and sibling over-allocation (292.160792ms)
✔ budget runtime file-journal: concurrent sibling grants cannot oversubscribe one parent's remaining budget (144.121334ms)
✔ budget runtime file-journal: a child's last logical tool call is consumed by an actual dispatch and cannot be minted by a new task ID (453.235375ms)
✔ budget runtime file-journal: actual model dispatch and reported tokens remain charged when its plan is rejected (273.969208ms)
✔ budget runtime file-journal: a child token cap below the estimated reservation prevents durable model allocation and transport (117.408875ms)
✔ budget runtime file-journal: revoking an unsent tool reservation fences the child and returns only unused escrow (221.202125ms)
✔ budget runtime file-journal: revoking an unsent model reservation fences the child and returns only unused escrow (203.88525ms)
✔ budget runtime file-journal: revoke retains an active model's unknown usage, then late accounting settles once without adopting its plan (362.4775ms)
✔ budget runtime file-journal: unknown write effects keep the grant outstanding after revoke and restart (265.967625ms)
✔ budget runtime file-journal: reported model overage is charged to the parent without clamping and prevents further funding (391.991625ms)
✔ budget runtime file-journal: reducing limits preserves committed charges and child deadlines while blocking new grants (446.562458ms)
✔ budget runtime file-journal: pending genesis cannot execute before funding (237.062084ms)
✔ budget runtime file-journal: pending genesis cannot execute before funding and parent cancellation wins activation (71.197292ms)
✔ budget runtime file-journal: child funding rejects broader authority, altered duplicate commands and work ID reattachment (69.661458ms)
✔ budget runtime file-journal: grant commit ACK loss resumes the same grant and child without another allocation (75.388583ms)
✔ budget runtime file-journal: activation commit ACK loss resumes the same grant and child without another allocation (76.996125ms)
✔ budget runtime file-journal: revocation during child activation installs a fence that the stale activation cannot overwrite (112.893292ms)
✔ budget runtime file-journal: revoke after tool dispatch and before entry prevents transport while keeping the logical dispatch charge (426.256917ms)
✔ budget runtime file-journal: revoke after model dispatch and before entry prevents transport while keeping the logical dispatch charge (476.742625ms)
✔ budget runtime file-journal: actual replan adoption spends the child's delegated replan allowance once (504.578542ms)
✔ budget runtime file-journal: nested child execution reconciles through both grants without double charging or copying originals (697.955584ms)
✔ budget runtime file-journal: an unfunded pending child cannot turn resume or a new goal into execution authority (127.226542ms)
✔ budget runtime file-journal: a parent goal change fences a child's previously reserved tool before entry (279.933417ms)
✔ budget runtime file-journal: a parent policy change fences a child's previously reserved tool before entry (181.065791ms)
✔ budget runtime file-journal: a parent deadline change fences a child's previously reserved tool before entry (152.730667ms)
✔ budget runtime file-journal: a partially reported model response retains known tokens and unknown reservation after revoke and reopen (368.643875ms)
✔ budget runtime file-journal: sibling overage received during a tool dispatch ACK delay prevents its actual entry despite stale parent accounting (687.063708ms)
✔ budget runtime file-journal: sibling overage received during a model dispatch ACK delay prevents its actual entry despite stale parent accounting (467.734709ms)
✔ budget role sqlite: independently permitted role executes and returns unused resources without copying private data (50.095042ms)
✔ budget role sqlite: allocation permit prepares work but execution waits for the host execution permit (85.951917ms)
✔ budget role sqlite: missing mandate cannot create a cross-role grant (21.768209ms)
✔ budget role sqlite: missing authority cannot create a cross-role grant (28.441542ms)
✔ budget role sqlite: missing router cannot create a cross-role grant (20.763167ms)
✔ budget role sqlite: changed tenant cannot reuse an authority reference (13.795625ms)
✔ budget role sqlite: changed principal cannot reuse an authority reference (15.059416ms)
✔ budget role sqlite: changed scope cannot reuse an authority reference (24.09325ms)
✔ budget role sqlite: changed policy cannot reuse an authority reference (23.717584ms)
✔ budget role sqlite: changed revision cannot reuse an authority reference (17.151292ms)
✔ budget role sqlite: changed limits cannot reuse an authority reference (22.688375ms)
✔ budget role sqlite: one mandate cannot allocate twice through different child identities or command IDs (44.968958ms)
✔ budget role sqlite: genesis reply loss resumes the original allocation after reopen (109.14425ms)
✔ budget role sqlite: grant reply loss resumes the original allocation after reopen (100.591041ms)
✔ budget role sqlite: activation reply loss resumes the original allocation after reopen (94.4625ms)
✔ budget role sqlite: authority withdrawal after tool dispatch prevents actual entry (100.4505ms)
✔ budget role sqlite: authority withdrawal after model dispatch prevents actual entry (134.212ms)
✔ budget role sqlite: parent change during permission lookup invalidates the child reservation (54.602791ms)
✔ budget role sqlite: missing child runtime retains escrow and recovery later refunds exactly once (56.396833ms)
✔ budget role sqlite: unknown write effect prevents refund after revocation and reopen (126.744292ms)
✔ budget role sqlite: child runtime receives model cancellation and late usage settles without adopting a plan (189.919833ms)
✔ budget role sqlite: child revision change during final proof lookup prevents settlement (54.162167ms)
✔ budget role sqlite: removed route cannot validate old state or release funds (49.777208ms)
✔ budget role sqlite: changed child goal blocks further authority without changing recorded usage (111.935375ms)
✔ budget role file-journal: independently permitted role executes and returns unused resources without copying private data (482.998875ms)
✔ budget role file-journal: allocation permit prepares work but execution waits for the host execution permit (221.842917ms)
✔ budget role file-journal: missing mandate cannot create a cross-role grant (25.247333ms)
✔ budget role file-journal: missing authority cannot create a cross-role grant (36.70025ms)
✔ budget role file-journal: missing router cannot create a cross-role grant (37.156917ms)
✔ budget role file-journal: changed tenant cannot reuse an authority reference (34.435333ms)
✔ budget role file-journal: changed principal cannot reuse an authority reference (24.077666ms)
✔ budget role file-journal: changed scope cannot reuse an authority reference (22.859125ms)
✔ budget role file-journal: changed policy cannot reuse an authority reference (24.485083ms)
✔ budget role file-journal: changed revision cannot reuse an authority reference (34.917333ms)
✔ budget role file-journal: changed limits cannot reuse an authority reference (31.2065ms)
✔ budget role file-journal: one mandate cannot allocate twice through different child identities or command IDs (147.949667ms)
✔ budget role file-journal: genesis reply loss resumes the original allocation after reopen (403.947834ms)
✔ budget role file-journal: grant reply loss resumes the original allocation after reopen (459.881958ms)
✔ budget role file-journal: activation reply loss resumes the original allocation after reopen (257.516833ms)
✔ budget role file-journal: authority withdrawal after tool dispatch prevents actual entry (224.136291ms)
✔ budget role file-journal: authority withdrawal after model dispatch prevents actual entry (195.421333ms)
✔ budget role file-journal: parent change during permission lookup invalidates the child reservation (151.0885ms)
✔ budget role file-journal: missing child runtime retains escrow and recovery later refunds exactly once (119.380584ms)
✔ budget role file-journal: unknown write effect prevents refund after revocation and reopen (253.307334ms)
✔ budget role file-journal: child runtime receives model cancellation and late usage settles without adopting a plan (318.122333ms)
✔ budget role file-journal: child revision change during final proof lookup prevents settlement (130.917916ms)
✔ budget role file-journal: removed route cannot validate old state or release funds (103.357167ms)
✔ budget role file-journal: changed child goal blocks further authority without changing recorded usage (268.31575ms)
✔ budget role sqlite: nested ordinary children use their own role session when the sponsor settles the tree (47.434625ms)
✖ budget role sqlite: context compact and restore preserve the stored funding authority and usage (75.845916ms)
✔ budget role sqlite: route withdrawal inside authority lookup blocks a reserved tool before dispatch (12.540084ms)
✔ budget role file-journal: nested ordinary children use their own role session when the sponsor settles the tree (421.513458ms)
✖ budget role file-journal: context compact and restore preserve the stored funding authority and usage (257.040125ms)
✔ budget role file-journal: route withdrawal inside authority lookup blocks a reserved tool before dispatch (122.264166ms)
✔ budget exposure: own usage and reservations add each dimension without charging elapsed time or unknown counts as tokens (1.156625ms)
✔ budget exposure: active and draining escrow count once even when the same child usage has already been observed (0.246083ms)
✔ budget exposure: usage above allocation and outstanding reservations remain visible in independent dimensions (0.070833ms)
✔ budget exposure: settling replaces escrow with accounted plus reserved amounts and repeated reads cannot refund twice (0.08025ms)
✔ budget exposure: unknown and partially reported model usage keeps reserved tokens even on a settled summary (1.226875ms)
✔ budget exposure: a lower parent limit preserves actual costs and reports each excess without negative remaining values (0.135666ms)
✔ budget exposure: separate grants sum but duplicate IDs and duplicate child funding records are rejected (0.628417ms)
✔ budget exposure: zero-funded grants remain explicit and cannot hide a later reported expense (0.066583ms)
✔ budget exposure: max-safe totals are exact and overflow in local, grant, aggregate or combined arithmetic fails closed (0.267625ms)
✔ budget exposure: fractional, negative, nonfinite, unsafe and missing values never become zero (0.698042ms)
✔ budget exposure: grant schema keeps authority identity strict and requires a state revision for observed or settled accounting (0.934041ms)
✔ budget exposure: parent links preserve pending, active and draining as different stored phases without conferring allocation authority (0.606333ms)
✔ budget exposure: empty and absent grant lists are equivalent while malformed and over-cap lists are rejected (44.790625ms)
✔ budget exposure: projections and strict schema copies share no mutable vectors with the ledger (0.248458ms)
✔ budget authority: strict mandate identity retains issuer, reference, rule and child goal revision (2.278334ms)
✔ budget authority: a second grant for one mandate remains duplicate even after its issuer revision changes (0.448834ms)
✔ sqlite: broker rechecks source knowledge after a real reuse lookup misses (94.826375ms)
✔ sqlite: legacy attempt rejects a destination replacement during beforeInvoke (34.386792ms)
✔ sqlite: legacy attempt rejects a labels replacement during beforeInvoke (31.7745ms)
✔ sqlite: legacy attempt rejects a effect replacement during beforeInvoke (13.5995ms)
✔ sqlite: legacy attempt rejects a destination replacement during reuse (8.288292ms)
✔ sqlite: legacy attempt rejects a labels replacement during reuse (8.54475ms)
✔ sqlite: legacy attempt rejects a effect replacement during reuse (17.896375ms)
✔ sqlite: an unchanged legacy attempt invokes once after asynchronous guards and a reuse miss (7.823125ms)
✔ file-journal: broker rechecks source knowledge after a real reuse lookup misses (425.361458ms)
✔ file-journal: legacy attempt rejects a destination replacement during beforeInvoke (374.751833ms)
✔ file-journal: legacy attempt rejects a labels replacement during beforeInvoke (513.050209ms)
✔ file-journal: legacy attempt rejects a effect replacement during beforeInvoke (418.81225ms)
✔ file-journal: legacy attempt rejects a destination replacement during reuse (473.182542ms)
✔ file-journal: legacy attempt rejects a labels replacement during reuse (486.832417ms)
✔ file-journal: legacy attempt rejects a effect replacement during reuse (390.115125ms)
✔ file-journal: an unchanged legacy attempt invokes once after asynchronous guards and a reuse miss (160.236584ms)
ℹ tests 162
ℹ suites 0
ℹ pass 160
ℹ fail 2
ℹ cancelled 0
ℹ skipped 0
ℹ todo 0
ℹ duration_ms 18723.679083

✖ failing tests:

test at dist/tests/budget-delegation-runtime.test.js:1078:5
✖ budget role sqlite: context compact and restore preserve the stored funding authority and usage (75.845916ms)
  AssertionError [ERR_ASSERTION]: The input did not match the regular expression /actor_not_authorized/. Input:
  
  'Error: work_unavailable'
  
      at async file:///Users/seunghanee/Documents/secumon/runtime/dist/tests/budget-delegation-runtime.test.js:1096:13
      at async use (file:///Users/seunghanee/Documents/secumon/runtime/dist/tests/budget-delegation-runtime.test.js:135:9)
      at async TestContext.<anonymous> (file:///Users/seunghanee/Documents/secumon/runtime/dist/tests/budget-delegation-runtime.test.js:1079:9)
      at async Test.run (node:internal/test_runner/test:1404:7)
      at async Test.processPendingSubtests (node:internal/test_runner/test:969:7) {
    generatedMessage: true,
    code: 'ERR_ASSERTION',
    actual: Error: work_unavailable
        at authorizedWork (file:///Users/seunghanee/Documents/secumon/runtime/dist/application/work-resources.js:21:15)
        at async ContextRecovery.snapshot (file:///Users/seunghanee/Documents/secumon/runtime/dist/application/context-recovery.js:86:27)
        at async ContextRecovery.restore (file:///Users/seunghanee/Documents/secumon/runtime/dist/application/context-recovery.js:172:27)
        at async waitForActual (node:assert:646:5)
        at async strict.rejects (node:assert:769:25)
        at async file:///Users/seunghanee/Documents/secumon/runtime/dist/tests/budget-delegation-runtime.test.js:1096:13
        at async use (file:///Users/seunghanee/Documents/secumon/runtime/dist/tests/budget-delegation-runtime.test.js:135:9)
        at async TestContext.<anonymous> (file:///Users/seunghanee/Documents/secumon/runtime/dist/tests/budget-delegation-runtime.test.js:1079:9)
        at async Test.run (node:internal/test_runner/test:1404:7)
        at async Test.processPendingSubtests (node:internal/test_runner/test:969:7),
    expected: /actor_not_authorized/,
    operator: 'rejects',
    diff: 'simple'
  }

test at dist/tests/budget-delegation-runtime.test.js:1078:5
✖ budget role file-journal: context compact and restore preserve the stored funding authority and usage (257.040125ms)
  AssertionError [ERR_ASSERTION]: The input did not match the regular expression /actor_not_authorized/. Input:
  
  'Error: work_unavailable'
  
      at async file:///Users/seunghanee/Documents/secumon/runtime/dist/tests/budget-delegation-runtime.test.js:1096:13
      at async use (file:///Users/seunghanee/Documents/secumon/runtime/dist/tests/budget-delegation-runtime.test.js:135:9)
      at async TestContext.<anonymous> (file:///Users/seunghanee/Documents/secumon/runtime/dist/tests/budget-delegation-runtime.test.js:1079:9)
      at async Test.run (node:internal/test_runner/test:1404:7)
      at async Test.processPendingSubtests (node:internal/test_runner/test:969:7) {
    generatedMessage: true,
    code: 'ERR_ASSERTION',
    actual: Error: work_unavailable
        at authorizedWork (file:///Users/seunghanee/Documents/secumon/runtime/dist/application/work-resources.js:21:15)
        at async ContextRecovery.snapshot (file:///Users/seunghanee/Documents/secumon/runtime/dist/application/context-recovery.js:86:27)
        at async ContextRecovery.restore (file:///Users/seunghanee/Documents/secumon/runtime/dist/application/context-recovery.js:172:27)
        at async waitForActual (node:assert:646:5)
        at async strict.rejects (node:assert:769:25)
        at async file:///Users/seunghanee/Documents/secumon/runtime/dist/tests/budget-delegation-runtime.test.js:1096:13
        at async use (file:///Users/seunghanee/Documents/secumon/runtime/dist/tests/budget-delegation-runtime.test.js:135:9)
        at async TestContext.<anonymous> (file:///Users/seunghanee/Documents/secumon/runtime/dist/tests/budget-delegation-runtime.test.js:1079:9)
        at async Test.run (node:internal/test_runner/test:1404:7)
        at async Test.processPendingSubtests (node:internal/test_runner/test:969:7),
    expected: /actor_not_authorized/,
    operator: 'rejects',
    diff: 'simple'
  }
