✔ sqlite/documents: two runtimes request, accept, answer and confirm without treating discussion as goal completion (2935.336208ms)
✔ sqlite/observations: two runtimes request, accept, answer and confirm without treating discussion as goal completion (2805.991084ms)
✔ sqlite: lost offer response restores one obligation from the applied receipt without inventing a result (377.298958ms)
✔ sqlite: a missing projection is restored and generic wait or resolve cannot forge coordination (462.432958ms)
✔ sqlite: requester can cancel a waiting request and cancellation is waived rather than satisfied (995.52375ms)
✔ sqlite: decline does not create an obligation for a recipient who never accepted (584.290125ms)
✔ sqlite: expiry is actionable review and retains the original pending obligation (552.017ms)
✔ sqlite: confirmed answer retraction invalidates the previous completion projection (2363.293916ms)
✔ sqlite: loss of an applied request receipt cannot silently discharge the response (372.693416ms)
✔ sqlite: lost acceptance response recovers the assignee obligation and leaves work executable (1265.906416ms)
✔ sqlite: an expired assignee can decline instead of falsely satisfying the answer (1047.054709ms)
✔ sqlite: coordination waits do not become questions for a human (386.645125ms)
✔ sqlite: withdrawal of current authority denies a retained coordination projection (377.665083ms)
✔ sqlite: request tool contracts reject caller-selected owner, command and action (553.204125ms)
✔ sqlite: even satisfied goal facts wait for requester confirmation (2099.7415ms)
✔ file-journal/documents: two runtimes request, accept, answer and confirm without treating discussion as goal completion (14277.222ms)
✔ file-journal/observations: two runtimes request, accept, answer and confirm without treating discussion as goal completion (9442.965334ms)
✔ file-journal: lost offer response restores one obligation from the applied receipt without inventing a result (429.327417ms)
✔ file-journal: a missing projection is restored and generic wait or resolve cannot forge coordination (673.951834ms)
✔ file-journal: requester can cancel a waiting request and cancellation is waived rather than satisfied (1454.89075ms)
✔ file-journal: decline does not create an obligation for a recipient who never accepted (578.575667ms)
✔ file-journal: expiry is actionable review and retains the original pending obligation (755.272167ms)
✔ file-journal: confirmed answer retraction invalidates the previous completion projection (7508.858167ms)
✔ file-journal: loss of an applied request receipt cannot silently discharge the response (428.533958ms)
✔ file-journal: lost acceptance response recovers the assignee obligation and leaves work executable (2547.685792ms)
✔ file-journal: an expired assignee can decline instead of falsely satisfying the answer (1735.202291ms)
✔ file-journal: coordination waits do not become questions for a human (455.05475ms)
✔ file-journal: withdrawal of current authority denies a retained coordination projection (444.577375ms)
✔ file-journal: request tool contracts reject caller-selected owner, command and action (724.49825ms)
✔ file-journal: even satisfied goal facts wait for requester confirmation (6080.697667ms)
✔ sqlite/documents: runtime board read retains custody through history, compact and reopen (618.220042ms)
✔ sqlite/observations: runtime board read retains custody through history, compact and reopen (556.2675ms)
✔ sqlite: mutual work references terminate and a revoked member invalidates the whole closure (398.668375ms)
✔ sqlite: private memory custody crosses a shared post without exposing the memory body (372.51875ms)
✔ sqlite: page content and consumer identity cannot be substituted in a result (240.468541ms)
✔ sqlite: memory and authenticated collection inputs share the board closure without recursive full validation (983.215167ms)
✔ sqlite: cancellation ends a board-tool wait before an unavailable repository responds (204.605667ms)
✔ sqlite: a later goal retains original input custody until copied data is quarantined (335.049375ms)
✔ sqlite: changed post blocks retained board context and quarantines copied state (306.245875ms)
✔ sqlite: changed source blocks retained board context and quarantines copied state (292.958834ms)
✔ sqlite: changed raw blocks retained board context and quarantines copied state (297.640833ms)
✔ sqlite: changed receipt blocks retained board context and quarantines copied state (276.664917ms)
✔ sqlite: changed role blocks retained board context and quarantines copied state (264.893208ms)
✔ sqlite: changed authority blocks retained board context and quarantines copied state (247.94475ms)
✔ sqlite: changed labels blocks retained board context and quarantines copied state (271.016875ms)
✔ sqlite: changed generation blocks retained board context and quarantines copied state (269.990125ms)
✔ sqlite: changed validator blocks retained board context and quarantines copied state (305.07025ms)
✔ file-journal/documents: runtime board read retains custody through history, compact and reopen (10075.126917ms)
✔ file-journal/observations: runtime board read retains custody through history, compact and reopen (2228.550292ms)
✔ file-journal: mutual work references terminate and a revoked member invalidates the whole closure (1127.71075ms)
✔ file-journal: private memory custody crosses a shared post without exposing the memory body (580.112209ms)
✔ file-journal: page content and consumer identity cannot be substituted in a result (300.201875ms)
✔ file-journal: memory and authenticated collection inputs share the board closure without recursive full validation (1913.415ms)
✔ file-journal: cancellation ends a board-tool wait before an unavailable repository responds (125.393875ms)
✔ file-journal: a later goal retains original input custody until copied data is quarantined (374.319958ms)
✔ file-journal: changed post blocks retained board context and quarantines copied state (345.283333ms)
✔ file-journal: changed source blocks retained board context and quarantines copied state (344.652458ms)
✔ file-journal: changed raw blocks retained board context and quarantines copied state (349.407834ms)
✔ file-journal: changed receipt blocks retained board context and quarantines copied state (339.019209ms)
✔ file-journal: changed role blocks retained board context and quarantines copied state (363.963917ms)
✔ file-journal: changed authority blocks retained board context and quarantines copied state (358.278917ms)
✔ file-journal: changed labels blocks retained board context and quarantines copied state (329.793333ms)
✔ file-journal: changed generation blocks retained board context and quarantines copied state (332.722041ms)
✔ file-journal: changed validator blocks retained board context and quarantines copied state (343.006458ms)
✔ sqlite: board publish and retract run through the broker and retain mechanical receipts (357.007292ms)
✔ sqlite: applied board command survives response loss and cannot be overwritten by the late result (130.933917ms)
✔ sqlite: saved unknown result stays immutable after durable receipt reconciliation (95.144583ms)
✔ sqlite: a late valid result is reconciled without adopting its expired execution (119.136834ms)
✔ sqlite: an expired absent command is closed and a delayed original commit cannot publish (95.777958ms)
✔ sqlite: stale revision is reconciled as closed without changing posts (153.712166ms)
✔ sqlite: proof deletion denies context, reopens obligation and does not fabricate replacement (165.381125ms)
✔ sqlite: retained receipt requires a reader and current role authority (165.519416ms)
✔ sqlite: authority withdrawn during receipt proof I/O invalidates that same read (150.432ms)
✔ sqlite: removing the stored receipt invalidates an intact result artifact (135.512333ms)
✔ sqlite: a forged post outcome or another attempt receipt cannot be adopted (105.201209ms)
✔ sqlite: policy revoked immediately before storage prevents publication (57.674667ms)
✔ sqlite: tool schemas exclude actor, command identity and foreign source work (51.034584ms)
✔ sqlite: a narrower session publish grant is not widened by the directory (123.708584ms)
✔ sqlite: a narrower session namespace grant is not widened by the directory (120.627542ms)
✔ sqlite: a no-op closure cannot smuggle a board mutation (31.755125ms)
✔ sqlite: closure duplicate and changed digest have stable distinct outcomes (88.9035ms)
✔ sqlite: previously unread quotes are rejected and a retained current read permits publication (406.230334ms)
✔ sqlite: compact source checks reject omitted or altered effect outcomes (155.652875ms)
✔ sqlite: a SIGKILL at the storage-worker boundary retains the runtime command receipt (168.319333ms)
✔ file-journal: board publish and retract run through the broker and retain mechanical receipts (3240.760875ms)
✔ file-journal: applied board command survives response loss and cannot be overwritten by the late result (1505.607ms)
✔ file-journal: saved unknown result stays immutable after durable receipt reconciliation (1206.56675ms)
✔ file-journal: a late valid result is reconciled without adopting its expired execution (847.675375ms)
✔ file-journal: an expired absent command is closed and a delayed original commit cannot publish (603.860875ms)
✔ file-journal: stale revision is reconciled as closed without changing posts (596.159792ms)
✔ file-journal: proof deletion denies context, reopens obligation and does not fabricate replacement (1212.938208ms)
✔ file-journal: retained receipt requires a reader and current role authority (562.507417ms)
✔ file-journal: authority withdrawn during receipt proof I/O invalidates that same read (1009.329666ms)
✔ file-journal: removing the stored receipt invalidates an intact result artifact (1053.72925ms)
✔ file-journal: a forged post outcome or another attempt receipt cannot be adopted (610.734125ms)
✔ file-journal: policy revoked immediately before storage prevents publication (571.304666ms)
✔ file-journal: tool schemas exclude actor, command identity and foreign source work (172.912417ms)
✔ file-journal: a narrower session publish grant is not widened by the directory (490.149542ms)
✔ file-journal: a narrower session namespace grant is not widened by the directory (241.540208ms)
✔ file-journal: a no-op closure cannot smuggle a board mutation (63.648291ms)
✔ file-journal: closure duplicate and changed digest have stable distinct outcomes (98.445708ms)
✔ file-journal: previously unread quotes are rejected and a retained current read permits publication (1686.363666ms)
✔ file-journal: compact source checks reject omitted or altered effect outcomes (366.47ms)
✔ file-journal: a SIGKILL at the storage-worker boundary retains the runtime command receipt (389.141041ms)
✔ sqlite/documents: bounded discussion pages resume after reopening with no new evidence (94.815958ms)
✔ sqlite/observations: bounded discussion pages resume after reopening with no new evidence (45.043459ms)
✔ sqlite: uncited hypotheses persist as unverified and never supply independent facts or request answers (142.305292ms)
✔ sqlite: quoted coverage remains partial or unknown instead of becoming complete (45.68425ms)
✔ sqlite: UTF-8 output limits retain complete posts and require a larger page for an oversized item (47.140459ms)
✔ sqlite: pages exclude other entity details and reject stale, foreign, and unavailable cursor positions (59.129041ms)
✔ sqlite: page authority includes the consuming work and rejects invalid limits before reading (56.010459ms)
✔ sqlite: a bounded first page reuses source reads and stops before unrelated later sources (46.056625ms)
✔ sqlite: a consuming work change during a page read prevents returning the stale page (83.98025ms)
✔ sqlite: removing citations does not bypass the author's retained memory dependencies (104.875625ms)
✔ file-journal/documents: bounded discussion pages resume after reopening with no new evidence (544.540791ms)
✔ file-journal/observations: bounded discussion pages resume after reopening with no new evidence (545.583416ms)
✔ file-journal: uncited hypotheses persist as unverified and never supply independent facts or request answers (483.546042ms)
✔ file-journal: quoted coverage remains partial or unknown instead of becoming complete (360.886625ms)
✔ file-journal: UTF-8 output limits retain complete posts and require a larger page for an oversized item (244.753875ms)
✔ file-journal: pages exclude other entity details and reject stale, foreign, and unavailable cursor positions (604.521458ms)
✔ file-journal: page authority includes the consuming work and rejects invalid limits before reading (358.187291ms)
✔ file-journal: a bounded first page reuses source reads and stops before unrelated later sources (537.89075ms)
✔ file-journal: a consuming work change during a page read prevents returning the stale page (188.744958ms)
✔ file-journal: removing citations does not bypass the author's retained memory dependencies (513.315875ms)
✔ sqlite/documents: two persistent roles share citations without publishing private memory or inflating sources (110.835583ms)
✔ sqlite/observations: two persistent roles share citations without publishing private memory or inflating sources (118.857958ms)
✔ sqlite: direct source sharing requires source ownership; quotes require a currently visible post (72.782167ms)
✔ sqlite: retract-post removes the claim and its quoted descendants from current views (105.5555ms)
✔ sqlite: restrict-source removes the claim and its quoted descendants from current views (102.38ms)
✔ sqlite: change-goal removes the claim and its quoted descendants from current views (70.402042ms)
✔ sqlite: delete-original removes the claim and its quoted descendants from current views (152.680125ms)
✔ sqlite: expire removes the claim and its quoted descendants from current views (117.589917ms)
✔ sqlite: an entity with the same key in a different time scope stays separate (115.505375ms)
✔ sqlite: publishing a question does not assign it; acceptance, response and requester confirmation remain distinct (167.573834ms)
✔ sqlite: repeated replies and explicit cyclic waits are bounded; deadlines do not reset on reopen (249.187417ms)
✔ sqlite: exact command retry survives a lost reply; reused IDs with changed content and concurrent edits fail (167.852833ms)
✔ sqlite: authority changing during a source read cannot publish or return the delayed content (191.258917ms)
✔ sqlite: a derived claim retains ancestry without becoming another independent fact source (163.593416ms)
✔ sqlite: repeated quotes share one source read within a view and a later view revalidates it (195.918542ms)
✔ sqlite: unlabelled prose inherits the author's work labels and current exchange policy (156.439291ms)
✔ sqlite: a fulfilled dependency remains attached and its later retraction invalidates dependent confirmation (207.975292ms)
✔ sqlite: reply depth, total posts, total requests and repeated causes have separate limits (199.951583ms)
✔ sqlite: an advancing clock permits ordinary writes and blocks a post expiring during the final boundary check (178.584584ms)
✔ sqlite: a paused assignee cannot have its submitted answer confirmed (205.001791ms)
✔ sqlite: an actual worker SIGKILL after durable publication preserves one post and one command receipt (263.221625ms)
✔ file-journal/documents: two persistent roles share citations without publishing private memory or inflating sources (597.850541ms)
✔ file-journal/observations: two persistent roles share citations without publishing private memory or inflating sources (388.550209ms)
✔ file-journal: direct source sharing requires source ownership; quotes require a currently visible post (193.95825ms)
✔ file-journal: retract-post removes the claim and its quoted descendants from current views (243.851542ms)
✔ file-journal: restrict-source removes the claim and its quoted descendants from current views (237.138209ms)
✔ file-journal: change-goal removes the claim and its quoted descendants from current views (236.067541ms)
✔ file-journal: delete-original removes the claim and its quoted descendants from current views (229.760292ms)
✔ file-journal: expire removes the claim and its quoted descendants from current views (195.942291ms)
✔ file-journal: an entity with the same key in a different time scope stays separate (199.887834ms)
✔ file-journal: publishing a question does not assign it; acceptance, response and requester confirmation remain distinct (801.706833ms)
✔ file-journal: repeated replies and explicit cyclic waits are bounded; deadlines do not reset on reopen (689.341ms)
✔ file-journal: exact command retry survives a lost reply; reused IDs with changed content and concurrent edits fail (192.563166ms)
✔ file-journal: authority changing during a source read cannot publish or return the delayed content (252.177666ms)
✔ file-journal: a derived claim retains ancestry without becoming another independent fact source (322.48775ms)
✔ file-journal: repeated quotes share one source read within a view and a later view revalidates it (377.933167ms)
✔ file-journal: unlabelled prose inherits the author's work labels and current exchange policy (332.057917ms)
✔ file-journal: a fulfilled dependency remains attached and its later retraction invalidates dependent confirmation (1080.691875ms)
✔ file-journal: reply depth, total posts, total requests and repeated causes have separate limits (433.09125ms)
✔ file-journal: an advancing clock permits ordinary writes and blocks a post expiring during the final boundary check (267.824ms)
✔ file-journal: a paused assignee cannot have its submitted answer confirmed (411.058959ms)
✔ file-journal: an actual worker SIGKILL after durable publication preserves one post and one command receipt (269.347209ms)
✔ file board journal detects missing revisions and changed content instead of returning a partial history (249.684709ms)
ℹ tests 167
ℹ suites 0
ℹ pass 167
ℹ fail 0
ℹ cancelled 0
ℹ skipped 0
ℹ todo 0
ℹ duration_ms 64827.688459
