✔ sqlite/documents: runtime board read retains custody through history, compact and reopen (401.178875ms)
✔ sqlite/observations: runtime board read retains custody through history, compact and reopen (442.973041ms)
✔ sqlite: mutual work references terminate and a revoked member invalidates the whole closure (341.004916ms)
✔ sqlite: private memory custody crosses a shared post without exposing the memory body (313.876791ms)
✔ sqlite: page content and consumer identity cannot be substituted in a result (248.625583ms)
✔ sqlite: cancellation ends a board-tool wait before an unavailable repository responds (97.04275ms)
✔ sqlite: changed post blocks retained board context and quarantines copied state (189.0835ms)
✔ sqlite: changed source blocks retained board context and quarantines copied state (207.747917ms)
✔ sqlite: changed role blocks retained board context and quarantines copied state (237.851792ms)
✔ sqlite: changed authority blocks retained board context and quarantines copied state (221.468542ms)
✔ sqlite: changed labels blocks retained board context and quarantines copied state (216.02375ms)
✔ sqlite: changed generation blocks retained board context and quarantines copied state (218.281583ms)
✔ sqlite: changed validator blocks retained board context and quarantines copied state (219.885583ms)
✔ file-journal/documents: runtime board read retains custody through history, compact and reopen (7113.319916ms)
✔ file-journal/observations: runtime board read retains custody through history, compact and reopen (1885.533583ms)
✔ file-journal: mutual work references terminate and a revoked member invalidates the whole closure (500.931833ms)
✔ file-journal: private memory custody crosses a shared post without exposing the memory body (497.104958ms)
✔ file-journal: page content and consumer identity cannot be substituted in a result (226.070292ms)
✔ file-journal: cancellation ends a board-tool wait before an unavailable repository responds (68.626416ms)
✔ file-journal: changed post blocks retained board context and quarantines copied state (255.932583ms)
✔ file-journal: changed source blocks retained board context and quarantines copied state (288.831625ms)
✔ file-journal: changed role blocks retained board context and quarantines copied state (257.089167ms)
✔ file-journal: changed authority blocks retained board context and quarantines copied state (245.638667ms)
✔ file-journal: changed labels blocks retained board context and quarantines copied state (247.157042ms)
✔ file-journal: changed generation blocks retained board context and quarantines copied state (257.831166ms)
✔ file-journal: changed validator blocks retained board context and quarantines copied state (252.582708ms)
✔ sqlite/documents: bounded discussion pages resume after reopening with no new evidence (49.295583ms)
✔ sqlite/observations: bounded discussion pages resume after reopening with no new evidence (43.570875ms)
✔ sqlite: uncited hypotheses persist as unverified and never supply independent facts or request answers (43.989584ms)
✔ sqlite: quoted coverage remains partial or unknown instead of becoming complete (30.526792ms)
✔ sqlite: UTF-8 output limits retain complete posts and require a larger page for an oversized item (24.558917ms)
✔ sqlite: pages exclude other entity details and reject stale, foreign, and unavailable cursor positions (40.582125ms)
✔ sqlite: page authority includes the consuming work and rejects invalid limits before reading (25.028625ms)
✔ sqlite: a bounded first page reuses source reads and stops before unrelated later sources (41.262666ms)
✔ sqlite: a consuming work change during a page read prevents returning the stale page (26.653292ms)
✔ sqlite: removing citations does not bypass the author's retained memory dependencies (60.935584ms)
✔ file-journal/documents: bounded discussion pages resume after reopening with no new evidence (394.071667ms)
✔ file-journal/observations: bounded discussion pages resume after reopening with no new evidence (386.390625ms)
✔ file-journal: uncited hypotheses persist as unverified and never supply independent facts or request answers (438.745125ms)
✔ file-journal: quoted coverage remains partial or unknown instead of becoming complete (481.749708ms)
✔ file-journal: UTF-8 output limits retain complete posts and require a larger page for an oversized item (286.82275ms)
✔ file-journal: pages exclude other entity details and reject stale, foreign, and unavailable cursor positions (362.214834ms)
✔ file-journal: page authority includes the consuming work and rejects invalid limits before reading (281.660417ms)
✔ file-journal: a bounded first page reuses source reads and stops before unrelated later sources (490.957375ms)
✔ file-journal: a consuming work change during a page read prevents returning the stale page (200.150959ms)
✔ file-journal: removing citations does not bypass the author's retained memory dependencies (355.084541ms)
✔ sqlite/documents: two persistent roles share citations without publishing private memory or inflating sources (168.814584ms)
✔ sqlite/observations: two persistent roles share citations without publishing private memory or inflating sources (192.045375ms)
✔ sqlite: direct source sharing requires source ownership; quotes require a currently visible post (144.9565ms)
✔ sqlite: retract-post removes the claim and its quoted descendants from current views (170.012708ms)
✔ sqlite: restrict-source removes the claim and its quoted descendants from current views (186.719542ms)
✔ sqlite: change-goal removes the claim and its quoted descendants from current views (222.610583ms)
✔ sqlite: delete-original removes the claim and its quoted descendants from current views (237.82625ms)
✔ sqlite: expire removes the claim and its quoted descendants from current views (243.196666ms)
✔ sqlite: an entity with the same key in a different time scope stays separate (128.201417ms)
✔ sqlite: publishing a question does not assign it; acceptance, response and requester confirmation remain distinct (180.990167ms)
✔ sqlite: repeated replies and explicit cyclic waits are bounded; deadlines do not reset on reopen (206.884833ms)
✔ sqlite: exact command retry survives a lost reply; reused IDs with changed content and concurrent edits fail (134.4345ms)
✔ sqlite: authority changing during a source read cannot publish or return the delayed content (152.536ms)
✔ sqlite: a derived claim retains ancestry without becoming another independent fact source (147.255041ms)
✔ sqlite: repeated quotes share one source read within a view and a later view revalidates it (138.146583ms)
✔ sqlite: unlabelled prose inherits the author's work labels and current exchange policy (213.639583ms)
✔ sqlite: a fulfilled dependency remains attached and its later retraction invalidates dependent confirmation (217.582583ms)
✔ sqlite: reply depth, total posts, total requests and repeated causes have separate limits (122.239541ms)
✔ sqlite: an advancing clock permits ordinary writes and blocks a post expiring during the final boundary check (108.961ms)
✔ sqlite: a paused assignee cannot have its submitted answer confirmed (133.946541ms)
✔ sqlite: an actual worker SIGKILL after durable publication preserves one post and one command receipt (226.686792ms)
✔ file-journal/documents: two persistent roles share citations without publishing private memory or inflating sources (339.111292ms)
✔ file-journal/observations: two persistent roles share citations without publishing private memory or inflating sources (180.530833ms)
✔ file-journal: direct source sharing requires source ownership; quotes require a currently visible post (124.327417ms)
✔ file-journal: retract-post removes the claim and its quoted descendants from current views (209.215833ms)
✔ file-journal: restrict-source removes the claim and its quoted descendants from current views (172.878ms)
✔ file-journal: change-goal removes the claim and its quoted descendants from current views (142.060833ms)
✔ file-journal: delete-original removes the claim and its quoted descendants from current views (159.901542ms)
✔ file-journal: expire removes the claim and its quoted descendants from current views (138.544583ms)
✔ file-journal: an entity with the same key in a different time scope stays separate (118.889834ms)
✔ file-journal: publishing a question does not assign it; acceptance, response and requester confirmation remain distinct (266.104083ms)
✔ file-journal: repeated replies and explicit cyclic waits are bounded; deadlines do not reset on reopen (285.70975ms)
✔ file-journal: exact command retry survives a lost reply; reused IDs with changed content and concurrent edits fail (139.912583ms)
✔ file-journal: authority changing during a source read cannot publish or return the delayed content (130.779625ms)
✔ file-journal: a derived claim retains ancestry without becoming another independent fact source (150.11325ms)
✔ file-journal: repeated quotes share one source read within a view and a later view revalidates it (227.950084ms)
✔ file-journal: unlabelled prose inherits the author's work labels and current exchange policy (184.219583ms)
✔ file-journal: a fulfilled dependency remains attached and its later retraction invalidates dependent confirmation (428.957584ms)
✔ file-journal: reply depth, total posts, total requests and repeated causes have separate limits (175.292917ms)
✔ file-journal: an advancing clock permits ordinary writes and blocks a post expiring during the final boundary check (141.812041ms)
✔ file-journal: a paused assignee cannot have its submitted answer confirmed (220.999333ms)
✔ file-journal: an actual worker SIGKILL after durable publication preserves one post and one command receipt (201.341583ms)
✔ file board journal detects missing revisions and changed content instead of returning a partial history (128.98975ms)
✔ sqlite: a memory tool cancels a blocked custody read before the source responds (41.640125ms)
✔ sqlite: custody-free reads keep their original I/O path and a W to M to W custody cycle remains finite (21.359166ms)
✔ sqlite: external K revise blocks direct, derived and cached M before W is refreshed (24.034875ms)
✔ sqlite: external K retract blocks direct, derived and cached M before W is refreshed (62.665917ms)
✔ sqlite: external K expire blocks direct, derived and cached M before W is refreshed (36.582208ms)
✔ sqlite: external K generation blocks direct, derived and cached M before W is refreshed (34.875042ms)
✔ sqlite: a shared reader uses current M authority without impersonating its owner's private K actor (35.209542ms)
✔ sqlite: custody does not reconstruct an unconfirmed reviewer-only permission (7.470375ms)
✔ sqlite: custody entry and byte limits fail closed before reading unbounded knowledge records (83.572ms)
✔ sqlite: a derivedFrom cycle remains invalid even when its work custody graph is finite (25.574458ms)
✔ sqlite: external memory changed during closure collection cannot survive the stable snapshot (33.353833ms)
✔ file-journal: a memory tool cancels a blocked custody read before the source responds (326.621459ms)
✔ file-journal: custody-free reads keep their original I/O path and a W to M to W custody cycle remains finite (389.699709ms)
✔ file-journal: external K revise blocks direct, derived and cached M before W is refreshed (1031.4825ms)
✔ file-journal: external K retract blocks direct, derived and cached M before W is refreshed (899.122875ms)
✔ file-journal: external K expire blocks direct, derived and cached M before W is refreshed (880.565916ms)
✔ file-journal: external K generation blocks direct, derived and cached M before W is refreshed (1137.764833ms)
✔ file-journal: a shared reader uses current M authority without impersonating its owner's private K actor (1222.87725ms)
✔ file-journal: custody does not reconstruct an unconfirmed reviewer-only permission (342.327625ms)
✔ file-journal: custody entry and byte limits fail closed before reading unbounded knowledge records (610.860875ms)
✔ file-journal: a derivedFrom cycle remains invalid even when its work custody graph is finite (448.720917ms)
✔ file-journal: external memory changed during closure collection cannot survive the stable snapshot (303.95425ms)
ℹ tests 111
ℹ suites 0
ℹ pass 111
ℹ fail 0
ℹ cancelled 0
ℹ skipped 0
ℹ todo 0
ℹ duration_ms 15555.694583
