✔ budget crash sqlite: SIGKILL after durable child-genesis resumes one grant without Tool or Planner entry (347.361292ms)
✔ budget crash sqlite: SIGKILL after durable parent-grant resumes one grant without Tool or Planner entry (377.306875ms)
✔ budget crash sqlite: SIGKILL after durable child-activation resumes one grant without Tool or Planner entry (347.117542ms)
✔ budget crash sqlite: SIGKILL after parent-draining retains consumed usage and cancels unsent tool once (618.076041ms)
✔ budget crash sqlite: SIGKILL after child-fence retains consumed usage and cancels unsent tool once (603.664958ms)
✔ budget crash sqlite: SIGKILL after parent-settlement retains consumed usage and cancels unsent tool once (614.479667ms)
✔ budget crash sqlite: SIGKILL after parent-draining retains consumed usage and cancels unsent model once (637.896084ms)
✔ budget crash sqlite: SIGKILL after child-fence retains consumed usage and cancels unsent model once (602.655291ms)
✔ budget crash sqlite: SIGKILL after parent-settlement retains consumed usage and cancels unsent model once (564.79075ms)
✔ budget crash file-journal: SIGKILL after durable child-genesis resumes one grant without Tool or Planner entry (451.015625ms)
✔ budget crash file-journal: SIGKILL after durable parent-grant resumes one grant without Tool or Planner entry (497.319917ms)
✔ budget crash file-journal: SIGKILL after durable child-activation resumes one grant without Tool or Planner entry (421.182584ms)
✔ budget crash file-journal: SIGKILL after parent-draining retains consumed usage and cancels unsent tool once (1474.629667ms)
✔ budget crash file-journal: SIGKILL after child-fence retains consumed usage and cancels unsent tool once (1357.832959ms)
✔ budget crash file-journal: SIGKILL after parent-settlement retains consumed usage and cancels unsent tool once (1438.824083ms)
✔ budget crash file-journal: SIGKILL after parent-draining retains consumed usage and cancels unsent model once (1394.998667ms)
✔ budget crash file-journal: SIGKILL after child-fence retains consumed usage and cancels unsent model once (2287.123666ms)
✔ budget crash file-journal: SIGKILL after parent-settlement retains consumed usage and cancels unsent model once (1460.893625ms)
✔ budget runtime sqlite: child execution settles once across duplicate creation, reconciliation and reopen without copying evidence (80.322458ms)
✔ budget runtime sqlite: parent remaining calls execute while escrow prevents parent and sibling over-allocation (40.126458ms)
✔ budget runtime sqlite: concurrent sibling grants cannot oversubscribe one parent's remaining budget (9.177333ms)
✔ budget runtime sqlite: a child's last logical tool call is consumed by an actual dispatch and cannot be minted by a new task ID (98.254292ms)
✔ budget runtime sqlite: actual model dispatch and reported tokens remain charged when its plan is rejected (137.335959ms)
✔ budget runtime sqlite: a child token cap below the estimated reservation prevents durable model allocation and transport (67.630375ms)
✔ budget runtime sqlite: revoking an unsent tool reservation fences the child and returns only unused escrow (69.101916ms)
✔ budget runtime sqlite: revoking an unsent model reservation fences the child and returns only unused escrow (123.929541ms)
✔ budget runtime sqlite: revoke retains an active model's unknown usage, then late accounting settles once without adopting its plan (149.221791ms)
✔ budget runtime sqlite: unknown write effects keep the grant outstanding after revoke and restart (109.981375ms)
✔ budget runtime sqlite: reported model overage is charged to the parent without clamping and prevents further funding (141.703ms)
✔ budget runtime sqlite: reducing limits preserves committed charges and child deadlines while blocking new grants (108.731209ms)
✔ budget runtime sqlite: pending genesis cannot execute before funding (107.253167ms)
✔ budget runtime sqlite: pending genesis cannot execute before funding and parent cancellation wins activation (39.835416ms)
✔ budget runtime sqlite: child funding rejects broader authority, altered duplicate commands and work ID reattachment (33.310792ms)
✔ budget runtime sqlite: grant commit ACK loss resumes the same grant and child without another allocation (51.26475ms)
✔ budget runtime sqlite: activation commit ACK loss resumes the same grant and child without another allocation (34.608834ms)
✔ budget runtime sqlite: revocation during child activation installs a fence that the stale activation cannot overwrite (21.213084ms)
✔ budget runtime sqlite: revoke after tool dispatch and before entry prevents transport while keeping the logical dispatch charge (99.736959ms)
✔ budget runtime sqlite: revoke after model dispatch and before entry prevents transport while keeping the logical dispatch charge (159.152833ms)
✔ budget runtime sqlite: actual replan adoption spends the child's delegated replan allowance once (188.559208ms)
✔ budget runtime sqlite: nested child execution reconciles through both grants without double charging or copying originals (190.713583ms)
✔ budget runtime sqlite: an unfunded pending child cannot turn resume or a new goal into execution authority (42.948667ms)
✔ budget runtime sqlite: a parent goal change fences a child's previously reserved tool before entry (59.545791ms)
✔ budget runtime sqlite: a parent policy change fences a child's previously reserved tool before entry (45.387583ms)
✔ budget runtime sqlite: a parent deadline change fences a child's previously reserved tool before entry (57.64825ms)
✔ budget runtime sqlite: a partially reported model response retains known tokens and unknown reservation after revoke and reopen (145.729ms)
✔ budget runtime sqlite: sibling overage received during a tool dispatch ACK delay prevents its actual entry despite stale parent accounting (242.139542ms)
✔ budget runtime sqlite: sibling overage received during a model dispatch ACK delay prevents its actual entry despite stale parent accounting (233.05025ms)
✔ budget runtime file-journal: child execution settles once across duplicate creation, reconciliation and reopen without copying evidence (606.299666ms)
✔ budget runtime file-journal: parent remaining calls execute while escrow prevents parent and sibling over-allocation (419.864917ms)
✔ budget runtime file-journal: concurrent sibling grants cannot oversubscribe one parent's remaining budget (108.37875ms)
✔ budget runtime file-journal: a child's last logical tool call is consumed by an actual dispatch and cannot be minted by a new task ID (478.78275ms)
✔ budget runtime file-journal: actual model dispatch and reported tokens remain charged when its plan is rejected (235.598083ms)
✔ budget runtime file-journal: a child token cap below the estimated reservation prevents durable model allocation and transport (140.601166ms)
✔ budget runtime file-journal: revoking an unsent tool reservation fences the child and returns only unused escrow (201.141792ms)
✔ budget runtime file-journal: revoking an unsent model reservation fences the child and returns only unused escrow (234.141792ms)
✔ budget runtime file-journal: revoke retains an active model's unknown usage, then late accounting settles once without adopting its plan (347.149458ms)
✔ budget runtime file-journal: unknown write effects keep the grant outstanding after revoke and restart (323.000709ms)
✔ budget runtime file-journal: reported model overage is charged to the parent without clamping and prevents further funding (332.23225ms)
✔ budget runtime file-journal: reducing limits preserves committed charges and child deadlines while blocking new grants (471.939834ms)
✔ budget runtime file-journal: pending genesis cannot execute before funding (304.781208ms)
✔ budget runtime file-journal: pending genesis cannot execute before funding and parent cancellation wins activation (51.838792ms)
✔ budget runtime file-journal: child funding rejects broader authority, altered duplicate commands and work ID reattachment (76.856541ms)
✔ budget runtime file-journal: grant commit ACK loss resumes the same grant and child without another allocation (84.931625ms)
✔ budget runtime file-journal: activation commit ACK loss resumes the same grant and child without another allocation (60.805583ms)
✔ budget runtime file-journal: revocation during child activation installs a fence that the stale activation cannot overwrite (87.315417ms)
✔ budget runtime file-journal: revoke after tool dispatch and before entry prevents transport while keeping the logical dispatch charge (329.365625ms)
✔ budget runtime file-journal: revoke after model dispatch and before entry prevents transport while keeping the logical dispatch charge (388.02125ms)
✔ budget runtime file-journal: actual replan adoption spends the child's delegated replan allowance once (550.633875ms)
✔ budget runtime file-journal: nested child execution reconciles through both grants without double charging or copying originals (597.201709ms)
✔ budget runtime file-journal: an unfunded pending child cannot turn resume or a new goal into execution authority (101.945208ms)
✔ budget runtime file-journal: a parent goal change fences a child's previously reserved tool before entry (302.684625ms)
✔ budget runtime file-journal: a parent policy change fences a child's previously reserved tool before entry (258.828708ms)
✔ budget runtime file-journal: a parent deadline change fences a child's previously reserved tool before entry (179.399ms)
✔ budget runtime file-journal: a partially reported model response retains known tokens and unknown reservation after revoke and reopen (353.792125ms)
✔ budget runtime file-journal: sibling overage received during a tool dispatch ACK delay prevents its actual entry despite stale parent accounting (737.259167ms)
✔ budget runtime file-journal: sibling overage received during a model dispatch ACK delay prevents its actual entry despite stale parent accounting (468.616834ms)
✔ budget role sqlite: independently permitted role executes and returns unused resources without copying private data (37.796334ms)
✔ budget role sqlite: allocation permit prepares work but execution waits for the host execution permit (32.835833ms)
✔ budget role sqlite: missing mandate cannot create a cross-role grant (13.776458ms)
✔ budget role sqlite: missing authority cannot create a cross-role grant (6.447334ms)
✔ budget role sqlite: missing router cannot create a cross-role grant (6.005875ms)
✔ budget role sqlite: changed tenant cannot reuse an authority reference (9.142917ms)
✔ budget role sqlite: changed principal cannot reuse an authority reference (17.004458ms)
✔ budget role sqlite: changed scope cannot reuse an authority reference (14.717708ms)
✔ budget role sqlite: changed policy cannot reuse an authority reference (20.1785ms)
✔ budget role sqlite: changed revision cannot reuse an authority reference (15.927542ms)
✔ budget role sqlite: changed limits cannot reuse an authority reference (19.927834ms)
✔ budget role sqlite: one mandate cannot allocate twice through different child identities or command IDs (37.517417ms)
✔ budget role sqlite: genesis reply loss resumes the original allocation after reopen (73.362959ms)
✔ budget role sqlite: grant reply loss resumes the original allocation after reopen (90.398792ms)
✔ budget role sqlite: activation reply loss resumes the original allocation after reopen (102.135ms)
✔ budget role sqlite: authority withdrawal after tool dispatch prevents actual entry (72.817583ms)
✔ budget role sqlite: authority withdrawal after model dispatch prevents actual entry (135.190958ms)
✔ budget role sqlite: parent change during permission lookup invalidates the child reservation (73.732916ms)
✔ budget role sqlite: missing child runtime retains escrow and recovery later refunds exactly once (76.0895ms)
✔ budget role sqlite: unknown write effect prevents refund after revocation and reopen (118.650791ms)
✔ budget role sqlite: child runtime receives model cancellation and late usage settles without adopting a plan (164.801083ms)
✔ budget role sqlite: child revision change during final proof lookup prevents settlement (46.86075ms)
✔ budget role sqlite: removed route cannot validate old state or release funds (49.661458ms)
✔ budget role sqlite: changed child goal blocks further authority without changing recorded usage (91.448375ms)
✔ budget role file-journal: independently permitted role executes and returns unused resources without copying private data (467.922042ms)
✔ budget role file-journal: allocation permit prepares work but execution waits for the host execution permit (248.08675ms)
✔ budget role file-journal: missing mandate cannot create a cross-role grant (33.797209ms)
✔ budget role file-journal: missing authority cannot create a cross-role grant (23.004708ms)
✔ budget role file-journal: missing router cannot create a cross-role grant (24.798083ms)
✔ budget role file-journal: changed tenant cannot reuse an authority reference (25.366ms)
✔ budget role file-journal: changed principal cannot reuse an authority reference (29.734958ms)
✔ budget role file-journal: changed scope cannot reuse an authority reference (30.9955ms)
✔ budget role file-journal: changed policy cannot reuse an authority reference (26.61225ms)
✔ budget role file-journal: changed revision cannot reuse an authority reference (33.304917ms)
✔ budget role file-journal: changed limits cannot reuse an authority reference (36.012375ms)
✔ budget role file-journal: one mandate cannot allocate twice through different child identities or command IDs (134.023417ms)
✔ budget role file-journal: genesis reply loss resumes the original allocation after reopen (368.646917ms)
✔ budget role file-journal: grant reply loss resumes the original allocation after reopen (369.812292ms)
✔ budget role file-journal: activation reply loss resumes the original allocation after reopen (250.389375ms)
✔ budget role file-journal: authority withdrawal after tool dispatch prevents actual entry (211.011875ms)
✔ budget role file-journal: authority withdrawal after model dispatch prevents actual entry (222.12175ms)
✔ budget role file-journal: parent change during permission lookup invalidates the child reservation (127.436833ms)
✔ budget role file-journal: missing child runtime retains escrow and recovery later refunds exactly once (147.795959ms)
✔ budget role file-journal: unknown write effect prevents refund after revocation and reopen (301.345959ms)
✔ budget role file-journal: child runtime receives model cancellation and late usage settles without adopting a plan (304.719459ms)
✔ budget role file-journal: child revision change during final proof lookup prevents settlement (129.311291ms)
✔ budget role file-journal: removed route cannot validate old state or release funds (91.956333ms)
✔ budget role file-journal: changed child goal blocks further authority without changing recorded usage (276.130667ms)
✔ budget exposure: own usage and reservations add each dimension without charging elapsed time or unknown counts as tokens (0.714334ms)
✔ budget exposure: active and draining escrow count once even when the same child usage has already been observed (0.387167ms)
✔ budget exposure: usage above allocation and outstanding reservations remain visible in independent dimensions (0.080833ms)
✔ budget exposure: settling replaces escrow with accounted plus reserved amounts and repeated reads cannot refund twice (0.095459ms)
✔ budget exposure: unknown and partially reported model usage keeps reserved tokens even on a settled summary (1.279625ms)
✔ budget exposure: a lower parent limit preserves actual costs and reports each excess without negative remaining values (0.138958ms)
✔ budget exposure: separate grants sum but duplicate IDs and duplicate child funding records are rejected (0.939875ms)
✔ budget exposure: zero-funded grants remain explicit and cannot hide a later reported expense (0.105125ms)
✔ budget exposure: max-safe totals are exact and overflow in local, grant, aggregate or combined arithmetic fails closed (0.303125ms)
✔ budget exposure: fractional, negative, nonfinite, unsafe and missing values never become zero (0.715417ms)
✔ budget exposure: grant schema keeps authority identity strict and requires a state revision for observed or settled accounting (0.635208ms)
✔ budget exposure: parent links preserve pending, active and draining as different stored phases without conferring allocation authority (0.532ms)
✔ budget exposure: empty and absent grant lists are equivalent while malformed and over-cap lists are rejected (44.772792ms)
✔ budget exposure: projections and strict schema copies share no mutable vectors with the ledger (0.1265ms)
✔ sqlite: broker rechecks source knowledge after a real reuse lookup misses (40.061291ms)
✔ sqlite: legacy attempt rejects a destination replacement during beforeInvoke (16.741291ms)
✔ sqlite: legacy attempt rejects a labels replacement during beforeInvoke (20.274375ms)
✔ sqlite: legacy attempt rejects a effect replacement during beforeInvoke (9.82825ms)
✔ sqlite: legacy attempt rejects a destination replacement during reuse (9.700583ms)
✔ sqlite: legacy attempt rejects a labels replacement during reuse (19.000833ms)
✔ sqlite: legacy attempt rejects a effect replacement during reuse (8.547ms)
✔ sqlite: an unchanged legacy attempt invokes once after asynchronous guards and a reuse miss (8.114416ms)
✔ file-journal: broker rechecks source knowledge after a real reuse lookup misses (459.842042ms)
✔ file-journal: legacy attempt rejects a destination replacement during beforeInvoke (333.843125ms)
✔ file-journal: legacy attempt rejects a labels replacement during beforeInvoke (454.689708ms)
✔ file-journal: legacy attempt rejects a effect replacement during beforeInvoke (459.2485ms)
✔ file-journal: legacy attempt rejects a destination replacement during reuse (473.603834ms)
✔ file-journal: legacy attempt rejects a labels replacement during reuse (455.097083ms)
✔ file-journal: legacy attempt rejects a effect replacement during reuse (222.717625ms)
✔ file-journal: an unchanged legacy attempt invokes once after asynchronous guards and a reuse miss (309.162209ms)
ℹ tests 154
ℹ suites 0
ℹ pass 154
ℹ fail 0
ℹ cancelled 0
ℹ skipped 0
ℹ todo 0
ℹ duration_ms 17073.564792
