✔ sqlite/documents: runtime board read retains custody through history, compact and reopen (838.274416ms)
✔ sqlite/observations: runtime board read retains custody through history, compact and reopen (690.144542ms)
✔ sqlite: mutual work references terminate and a revoked member invalidates the whole closure (544.615417ms)
✔ sqlite: private memory custody crosses a shared post without exposing the memory body (631.712375ms)
✔ sqlite: page content and consumer identity cannot be substituted in a result (450.937958ms)
✔ sqlite: memory and authenticated collection inputs share the board closure without recursive full validation (1236.483083ms)
✔ sqlite: cancellation ends a board-tool wait before an unavailable repository responds (238.75625ms)
✔ sqlite: a later goal retains original input custody until copied data is quarantined (376.058625ms)
✔ sqlite: changed post blocks retained board context and quarantines copied state (328.056209ms)
✔ sqlite: changed source blocks retained board context and quarantines copied state (406.545167ms)
✔ sqlite: changed raw blocks retained board context and quarantines copied state (375.234667ms)
✔ sqlite: changed receipt blocks retained board context and quarantines copied state (381.754042ms)
✔ sqlite: changed role blocks retained board context and quarantines copied state (346.128709ms)
✔ sqlite: changed authority blocks retained board context and quarantines copied state (385.12675ms)
✔ sqlite: changed labels blocks retained board context and quarantines copied state (427.124708ms)
✔ sqlite: changed generation blocks retained board context and quarantines copied state (465.120708ms)
✔ sqlite: changed validator blocks retained board context and quarantines copied state (484.835458ms)
✔ file-journal/documents: runtime board read retains custody through history, compact and reopen (10414.486583ms)
✔ file-journal/observations: runtime board read retains custody through history, compact and reopen (3504.725708ms)
✔ file-journal: mutual work references terminate and a revoked member invalidates the whole closure (888.133125ms)
✔ file-journal: private memory custody crosses a shared post without exposing the memory body (563.600709ms)
✔ file-journal: page content and consumer identity cannot be substituted in a result (515.432ms)
✔ file-journal: memory and authenticated collection inputs share the board closure without recursive full validation (2173.710834ms)
✔ file-journal: cancellation ends a board-tool wait before an unavailable repository responds (103.255125ms)
✔ file-journal: a later goal retains original input custody until copied data is quarantined (326.828166ms)
✔ file-journal: changed post blocks retained board context and quarantines copied state (349.137334ms)
✔ file-journal: changed source blocks retained board context and quarantines copied state (323.237083ms)
✔ file-journal: changed raw blocks retained board context and quarantines copied state (332.3885ms)
✔ file-journal: changed receipt blocks retained board context and quarantines copied state (312.656958ms)
✔ file-journal: changed role blocks retained board context and quarantines copied state (321.449958ms)
✔ file-journal: changed authority blocks retained board context and quarantines copied state (319.327875ms)
✔ file-journal: changed labels blocks retained board context and quarantines copied state (312.225125ms)
✔ file-journal: changed generation blocks retained board context and quarantines copied state (319.374625ms)
✔ file-journal: changed validator blocks retained board context and quarantines copied state (296.545125ms)
✔ sqlite: board publish and retract run through the broker and retain mechanical receipts (460.490458ms)
✔ sqlite: applied board command survives response loss and cannot be overwritten by the late result (226.107458ms)
✔ sqlite: saved unknown result stays immutable after durable receipt reconciliation (170.295666ms)
✔ sqlite: a late valid result is reconciled without adopting its expired execution (170.216333ms)
✔ sqlite: an expired absent command is closed and a delayed original commit cannot publish (118.68925ms)
✔ sqlite: stale revision is reconciled as closed without changing posts (152.919959ms)
✔ sqlite: proof deletion denies context, reopens obligation and does not fabricate replacement (262.795958ms)
✔ sqlite: retained receipt requires a reader and current role authority (237.785875ms)
✔ sqlite: removing the stored receipt invalidates an intact result artifact (201.829542ms)
✔ sqlite: a forged post outcome or another attempt receipt cannot be adopted (157.87875ms)
✔ sqlite: policy revoked immediately before storage prevents publication (163.031542ms)
✔ sqlite: tool schemas exclude actor, command identity and foreign source work (147.924334ms)
✔ sqlite: a narrower session publish grant is not widened by the directory (232.403167ms)
✔ sqlite: a narrower session namespace grant is not widened by the directory (235.686667ms)
✔ sqlite: a no-op closure cannot smuggle a board mutation (123.084666ms)
✔ sqlite: closure duplicate and changed digest have stable distinct outcomes (110.546708ms)
✔ sqlite: previously unread quotes are rejected and a retained current read permits publication (585.85475ms)
✔ sqlite: compact source checks reject omitted or altered effect outcomes (279.21875ms)
✔ sqlite: a SIGKILL at the storage-worker boundary retains the runtime command receipt (259.2785ms)
✔ file-journal: board publish and retract run through the broker and retain mechanical receipts (3044.070792ms)
✔ file-journal: applied board command survives response loss and cannot be overwritten by the late result (1532.553916ms)
✔ file-journal: saved unknown result stays immutable after durable receipt reconciliation (1663.841167ms)
✔ file-journal: a late valid result is reconciled without adopting its expired execution (1476.00375ms)
✔ file-journal: an expired absent command is closed and a delayed original commit cannot publish (1049.126333ms)
✔ file-journal: stale revision is reconciled as closed without changing posts (846.737959ms)
✔ file-journal: proof deletion denies context, reopens obligation and does not fabricate replacement (754.75475ms)
✔ file-journal: retained receipt requires a reader and current role authority (776.917ms)
✔ file-journal: removing the stored receipt invalidates an intact result artifact (642.227333ms)
✔ file-journal: a forged post outcome or another attempt receipt cannot be adopted (397.889959ms)
✔ file-journal: policy revoked immediately before storage prevents publication (258.883209ms)
✔ file-journal: tool schemas exclude actor, command identity and foreign source work (281.914291ms)
✔ file-journal: a narrower session publish grant is not widened by the directory (606.392083ms)
✔ file-journal: a narrower session namespace grant is not widened by the directory (539.600625ms)
✔ file-journal: a no-op closure cannot smuggle a board mutation (121.946292ms)
✔ file-journal: closure duplicate and changed digest have stable distinct outcomes (165.6945ms)
✔ file-journal: previously unread quotes are rejected and a retained current read permits publication (2935.543083ms)
✔ file-journal: compact source checks reject omitted or altered effect outcomes (435.4935ms)
✔ file-journal: a SIGKILL at the storage-worker boundary retains the runtime command receipt (401.413083ms)
✔ sqlite/documents: bounded discussion pages resume after reopening with no new evidence (114.218958ms)
✔ sqlite/observations: bounded discussion pages resume after reopening with no new evidence (197.525291ms)
✔ sqlite: uncited hypotheses persist as unverified and never supply independent facts or request answers (72.116167ms)
✔ sqlite: quoted coverage remains partial or unknown instead of becoming complete (175.747875ms)
✔ sqlite: UTF-8 output limits retain complete posts and require a larger page for an oversized item (142.767084ms)
✔ sqlite: pages exclude other entity details and reject stale, foreign, and unavailable cursor positions (126.086458ms)
✔ sqlite: page authority includes the consuming work and rejects invalid limits before reading (88.679375ms)
✔ sqlite: a bounded first page reuses source reads and stops before unrelated later sources (153.172916ms)
✔ sqlite: a consuming work change during a page read prevents returning the stale page (71.552792ms)
✔ sqlite: removing citations does not bypass the author's retained memory dependencies (88.081708ms)
✔ file-journal/documents: bounded discussion pages resume after reopening with no new evidence (755.112791ms)
✔ file-journal/observations: bounded discussion pages resume after reopening with no new evidence (736.3585ms)
✔ file-journal: uncited hypotheses persist as unverified and never supply independent facts or request answers (785.66725ms)
✔ file-journal: quoted coverage remains partial or unknown instead of becoming complete (677.55175ms)
✔ file-journal: UTF-8 output limits retain complete posts and require a larger page for an oversized item (484.092375ms)
✔ file-journal: pages exclude other entity details and reject stale, foreign, and unavailable cursor positions (572.510208ms)
✔ file-journal: page authority includes the consuming work and rejects invalid limits before reading (371.210084ms)
✔ file-journal: a bounded first page reuses source reads and stops before unrelated later sources (719.77875ms)
✔ file-journal: a consuming work change during a page read prevents returning the stale page (363.1945ms)
✔ file-journal: removing citations does not bypass the author's retained memory dependencies (773.505417ms)
✔ sqlite/documents: two persistent roles share citations without publishing private memory or inflating sources (225.582834ms)
✔ sqlite/observations: two persistent roles share citations without publishing private memory or inflating sources (320.921625ms)
✔ sqlite: direct source sharing requires source ownership; quotes require a currently visible post (221.070917ms)
✔ sqlite: retract-post removes the claim and its quoted descendants from current views (300.719791ms)
✔ sqlite: restrict-source removes the claim and its quoted descendants from current views (242.983458ms)
✔ sqlite: change-goal removes the claim and its quoted descendants from current views (303.61625ms)
✔ sqlite: delete-original removes the claim and its quoted descendants from current views (331.469166ms)
✔ sqlite: expire removes the claim and its quoted descendants from current views (306.647167ms)
✔ sqlite: an entity with the same key in a different time scope stays separate (288.887792ms)
✔ sqlite: publishing a question does not assign it; acceptance, response and requester confirmation remain distinct (302.894917ms)
✔ sqlite: repeated replies and explicit cyclic waits are bounded; deadlines do not reset on reopen (374.130042ms)
✔ sqlite: exact command retry survives a lost reply; reused IDs with changed content and concurrent edits fail (236.15225ms)
✔ sqlite: authority changing during a source read cannot publish or return the delayed content (227.367125ms)
✔ sqlite: a derived claim retains ancestry without becoming another independent fact source (227.938833ms)
✔ sqlite: repeated quotes share one source read within a view and a later view revalidates it (261.072291ms)
✔ sqlite: unlabelled prose inherits the author's work labels and current exchange policy (243.813416ms)
✔ sqlite: a fulfilled dependency remains attached and its later retraction invalidates dependent confirmation (252.763667ms)
✔ sqlite: reply depth, total posts, total requests and repeated causes have separate limits (206.653958ms)
✔ sqlite: an advancing clock permits ordinary writes and blocks a post expiring during the final boundary check (198.88625ms)
✔ sqlite: a paused assignee cannot have its submitted answer confirmed (252.324125ms)
✔ sqlite: an actual worker SIGKILL after durable publication preserves one post and one command receipt (324.291625ms)
✔ file-journal/documents: two persistent roles share citations without publishing private memory or inflating sources (528.694583ms)
✔ file-journal/observations: two persistent roles share citations without publishing private memory or inflating sources (455.857375ms)
✔ file-journal: direct source sharing requires source ownership; quotes require a currently visible post (206.037708ms)
✔ file-journal: retract-post removes the claim and its quoted descendants from current views (250.603542ms)
✔ file-journal: restrict-source removes the claim and its quoted descendants from current views (314.74825ms)
✔ file-journal: change-goal removes the claim and its quoted descendants from current views (231.657583ms)
✔ file-journal: delete-original removes the claim and its quoted descendants from current views (274.539292ms)
✔ file-journal: expire removes the claim and its quoted descendants from current views (258.71525ms)
✔ file-journal: an entity with the same key in a different time scope stays separate (182.184625ms)
✔ file-journal: publishing a question does not assign it; acceptance, response and requester confirmation remain distinct (459.911459ms)
✔ file-journal: repeated replies and explicit cyclic waits are bounded; deadlines do not reset on reopen (579.934291ms)
✔ file-journal: exact command retry survives a lost reply; reused IDs with changed content and concurrent edits fail (209.070083ms)
✔ file-journal: authority changing during a source read cannot publish or return the delayed content (202.11675ms)
✔ file-journal: a derived claim retains ancestry without becoming another independent fact source (328.622916ms)
✔ file-journal: repeated quotes share one source read within a view and a later view revalidates it (433.213042ms)
✔ file-journal: unlabelled prose inherits the author's work labels and current exchange policy (352.709459ms)
✔ file-journal: a fulfilled dependency remains attached and its later retraction invalidates dependent confirmation (964.114375ms)
✔ file-journal: reply depth, total posts, total requests and repeated causes have separate limits (356.570208ms)
✔ file-journal: an advancing clock permits ordinary writes and blocks a post expiring during the final boundary check (276.413708ms)
✔ file-journal: a paused assignee cannot have its submitted answer confirmed (341.047041ms)
✔ file-journal: an actual worker SIGKILL after durable publication preserves one post and one command receipt (245.534709ms)
✔ file board journal detects missing revisions and changed content instead of returning a partial history (217.398583ms)
✔ sqlite: SIGKILL after continuation reservation preserves one claim and executes only the existing child after restart (1935.081375ms)
✔ sqlite: SIGKILL after child observation reservation preserves spent lineage budget without replaying an unreceived observation (1294.001291ms)
✔ sqlite: SIGKILL after child Save reconciles its durable receipt and verifies depth two without repeating applied input (3714.299625ms)
✔ file-journal: SIGKILL after continuation reservation preserves one claim and executes only the existing child after restart (14472.514167ms)
✔ file-journal: SIGKILL after child observation reservation preserves spent lineage budget without replaying an unreceived observation (2526.144959ms)
✔ file-journal: SIGKILL after child Save reconciles its durable receipt and verifies depth two without repeating applied input (10180.626708ms)
✔ effect proofs: a legacy work uses neither the optional checker nor any refresh mutation (29.163125ms)
✔ effect proofs: settled claims require a checker and checker failures stay unavailable (18.99325ms)
✔ effect proofs: missing checker reopens the original obligation and cancels ordinary reservations once without rewriting proof history (7.602291ms)
✔ effect proofs: expired reserved lookup releases only an undispatched reservation and preserves measured uncertainty (5.78ms)
✔ effect proofs: expired running lookup releases only an undispatched reservation and preserves measured uncertainty (5.144834ms)
✔ effect proofs: lifecycle deletion reopens a settled effect and quarantines all linked references without changing received facts or timestamps (10.642208ms)
✔ effect proofs: a committed tool dispatch with missing proof authority cannot silently bypass the broker (12.295333ms)
✔ effect proofs: a committed tool dispatch with invalid proof authority cannot silently bypass the broker (7.951041ms)
✔ effect proofs: a committed tool dispatch with valid proof authority cannot silently bypass the broker (14.247708ms)
✔ effect proofs: a reuse await that loses proof validity is checked before implementation entry (10.064708ms)
✔ effect proofs: invalid proof prevents new model reservation before compiling input (7.298083ms)
✔ effect proofs: losing proof during model input read prevents actual planner entry and still settles the dispatched call (12.175292ms)
✔ effect proofs: loss during adoption artifact checks rejects a stored model proposal while preserving usage (7.86025ms)
✔ effect proofs: a valid checker permits one model invocation and adoption with the historical proof unchanged (6.338292ms)
✔ effect proofs: proof loss during result body storage prevents response publication (5.947292ms)
✔ effect proofs: a same-revision snapshot suppresses an existing result when its proof becomes unavailable during the read (6.311167ms)
✔ sqlite: work resource bodies and metadata use canonical effect proof with a narrowed caller and fail without a checker (328.766625ms)
✔ sqlite: proof invalidation during original or stored result I/O cannot return the already read body (276.914042ms)
✔ sqlite: disclosure release, saved payload, raw read and receiver entry all retain current source effect proof (294.400333ms)
✔ sqlite: private, derived and cached shared memory cannot outlive the original work effect proof (252.209125ms)
✔ sqlite: source proof authentication does not recursively validate memory copied into that same work (1089.2705ms)
✔ sqlite: a failed historical effect proof stays required after refresh and reopen until the same source is explicitly proved again (1538.856542ms)
✔ file-journal: work resource bodies and metadata use canonical effect proof with a narrowed caller and fail without a checker (1364.191334ms)
✔ file-journal: proof invalidation during original or stored result I/O cannot return the already read body (1206.503458ms)
✔ file-journal: disclosure release, saved payload, raw read and receiver entry all retain current source effect proof (1776.224541ms)
✔ file-journal: private, derived and cached shared memory cannot outlive the original work effect proof (2543.961ms)
✔ file-journal: source proof authentication does not recursively validate memory copied into that same work (6885.823708ms)
✔ file-journal: a failed historical effect proof stays required after refresh and reopen until the same source is explicitly proved again (5743.165875ms)
✔ sqlite: a memory-only service rejects an unsupported retained input in a nested source work (71.908167ms)
✔ sqlite: a memory tool cancels a blocked custody read before the source responds (65.273792ms)
✔ sqlite: custody-free reads keep their original I/O path and a W to M to W custody cycle remains finite (77.835667ms)
✔ sqlite: external K revise blocks direct, derived and cached M before W is refreshed (158.602834ms)
✔ sqlite: external K retract blocks direct, derived and cached M before W is refreshed (52.107125ms)
✔ sqlite: external K expire blocks direct, derived and cached M before W is refreshed (160.671958ms)
✔ sqlite: external K generation blocks direct, derived and cached M before W is refreshed (136.728041ms)
✔ sqlite: a shared reader uses current M authority without impersonating its owner's private K actor (73.875666ms)
✔ sqlite: custody does not reconstruct an unconfirmed reviewer-only permission (100.691167ms)
✔ sqlite: custody entry and byte limits fail closed before reading unbounded knowledge records (301.659333ms)
✔ sqlite: a derivedFrom cycle remains invalid even when its work custody graph is finite (13.61275ms)
✔ sqlite: external memory changed during closure collection cannot survive the stable snapshot (88.6365ms)
✔ file-journal: a memory-only service rejects an unsupported retained input in a nested source work (1164.362209ms)
✔ file-journal: a memory tool cancels a blocked custody read before the source responds (817.577458ms)
✔ file-journal: custody-free reads keep their original I/O path and a W to M to W custody cycle remains finite (661.982ms)
✔ file-journal: external K revise blocks direct, derived and cached M before W is refreshed (1279.388ms)
✔ file-journal: external K retract blocks direct, derived and cached M before W is refreshed (1414.518417ms)
✔ file-journal: external K expire blocks direct, derived and cached M before W is refreshed (1564.860375ms)
✔ file-journal: external K generation blocks direct, derived and cached M before W is refreshed (2026.192125ms)
✔ file-journal: a shared reader uses current M authority without impersonating its owner's private K actor (1398.805125ms)
✔ file-journal: custody does not reconstruct an unconfirmed reviewer-only permission (468.125084ms)
✔ file-journal: custody entry and byte limits fail closed before reading unbounded knowledge records (584.92525ms)
✔ file-journal: a derivedFrom cycle remains invalid even when its work custody graph is finite (661.39ms)
✔ file-journal: external memory changed during closure collection cannot survive the stable snapshot (433.787125ms)
ℹ tests 193
ℹ suites 0
ℹ pass 193
ℹ fail 0
ℹ cancelled 0
ℹ skipped 0
ℹ todo 0
ℹ duration_ms 34272.039291
