✔ sqlite/documents: runtime board read retains custody through history, compact and reopen (562.150208ms)
✔ sqlite/observations: runtime board read retains custody through history, compact and reopen (567.34025ms)
✔ sqlite: mutual work references terminate and a revoked member invalidates the whole closure (481.912458ms)
✔ sqlite: private memory custody crosses a shared post without exposing the memory body (502.4185ms)
✔ sqlite: page content and consumer identity cannot be substituted in a result (357.547ms)
✔ sqlite: memory and authenticated collection inputs share the board closure without recursive full validation (1043.639834ms)
✔ sqlite: cancellation ends a board-tool wait before an unavailable repository responds (208.875959ms)
✔ sqlite: a later goal retains original input custody until copied data is quarantined (309.641542ms)
✔ sqlite: changed post blocks retained board context and quarantines copied state (333.44925ms)
✔ sqlite: changed source blocks retained board context and quarantines copied state (387.659292ms)
✔ sqlite: changed raw blocks retained board context and quarantines copied state (327.800292ms)
✔ sqlite: changed receipt blocks retained board context and quarantines copied state (365.259667ms)
✔ sqlite: changed role blocks retained board context and quarantines copied state (333.962625ms)
✔ sqlite: changed authority blocks retained board context and quarantines copied state (353.380083ms)
✔ sqlite: changed labels blocks retained board context and quarantines copied state (350.737125ms)
✔ sqlite: changed generation blocks retained board context and quarantines copied state (317.627209ms)
✔ sqlite: changed validator blocks retained board context and quarantines copied state (320.118ms)
✔ file-journal/documents: runtime board read retains custody through history, compact and reopen (7025.564416ms)
✔ file-journal/observations: runtime board read retains custody through history, compact and reopen (2016.179625ms)
✔ file-journal: mutual work references terminate and a revoked member invalidates the whole closure (1030.611458ms)
✔ file-journal: private memory custody crosses a shared post without exposing the memory body (879.171875ms)
✔ file-journal: page content and consumer identity cannot be substituted in a result (406.470542ms)
✔ file-journal: memory and authenticated collection inputs share the board closure without recursive full validation (2009.021833ms)
✔ file-journal: cancellation ends a board-tool wait before an unavailable repository responds (90.729459ms)
✔ file-journal: a later goal retains original input custody until copied data is quarantined (323.5875ms)
✔ file-journal: changed post blocks retained board context and quarantines copied state (315.703ms)
✔ file-journal: changed source blocks retained board context and quarantines copied state (305.770333ms)
✔ file-journal: changed raw blocks retained board context and quarantines copied state (288.930916ms)
✔ file-journal: changed receipt blocks retained board context and quarantines copied state (311.180417ms)
✔ file-journal: changed role blocks retained board context and quarantines copied state (298.368667ms)
✔ file-journal: changed authority blocks retained board context and quarantines copied state (278.3535ms)
✔ file-journal: changed labels blocks retained board context and quarantines copied state (343.356791ms)
✔ file-journal: changed generation blocks retained board context and quarantines copied state (282.393333ms)
✔ file-journal: changed validator blocks retained board context and quarantines copied state (275.931208ms)
✔ sqlite/documents: bounded discussion pages resume after reopening with no new evidence (115.174208ms)
✔ sqlite/observations: bounded discussion pages resume after reopening with no new evidence (61.980667ms)
✔ sqlite: uncited hypotheses persist as unverified and never supply independent facts or request answers (47.51675ms)
✔ sqlite: quoted coverage remains partial or unknown instead of becoming complete (41.796042ms)
✔ sqlite: UTF-8 output limits retain complete posts and require a larger page for an oversized item (34.250125ms)
✔ sqlite: pages exclude other entity details and reject stale, foreign, and unavailable cursor positions (59.595792ms)
✔ sqlite: page authority includes the consuming work and rejects invalid limits before reading (37.690583ms)
✔ sqlite: a bounded first page reuses source reads and stops before unrelated later sources (88.792ms)
✔ sqlite: a consuming work change during a page read prevents returning the stale page (50.029ms)
✔ sqlite: removing citations does not bypass the author's retained memory dependencies (59.967083ms)
✔ file-journal/documents: bounded discussion pages resume after reopening with no new evidence (506.507875ms)
✔ file-journal/observations: bounded discussion pages resume after reopening with no new evidence (525.830042ms)
✔ file-journal: uncited hypotheses persist as unverified and never supply independent facts or request answers (431.663292ms)
✔ file-journal: quoted coverage remains partial or unknown instead of becoming complete (575.910625ms)
✔ file-journal: UTF-8 output limits retain complete posts and require a larger page for an oversized item (381.154209ms)
✔ file-journal: pages exclude other entity details and reject stale, foreign, and unavailable cursor positions (404.845208ms)
✔ file-journal: page authority includes the consuming work and rejects invalid limits before reading (359.689792ms)
✔ file-journal: a bounded first page reuses source reads and stops before unrelated later sources (706.716ms)
✔ file-journal: a consuming work change during a page read prevents returning the stale page (394.083958ms)
✔ file-journal: removing citations does not bypass the author's retained memory dependencies (733.489042ms)
✔ sqlite/documents: two persistent roles share citations without publishing private memory or inflating sources (177.082916ms)
✔ sqlite/observations: two persistent roles share citations without publishing private memory or inflating sources (183.4585ms)
✔ sqlite: direct source sharing requires source ownership; quotes require a currently visible post (172.995ms)
✔ sqlite: retract-post removes the claim and its quoted descendants from current views (175.8ms)
✔ sqlite: restrict-source removes the claim and its quoted descendants from current views (158.920833ms)
✔ sqlite: change-goal removes the claim and its quoted descendants from current views (154.879542ms)
✔ sqlite: delete-original removes the claim and its quoted descendants from current views (149.036958ms)
✔ sqlite: expire removes the claim and its quoted descendants from current views (165.229958ms)
✔ sqlite: an entity with the same key in a different time scope stays separate (130.84475ms)
✔ sqlite: publishing a question does not assign it; acceptance, response and requester confirmation remain distinct (162.869209ms)
✔ sqlite: repeated replies and explicit cyclic waits are bounded; deadlines do not reset on reopen (217.659125ms)
✔ sqlite: exact command retry survives a lost reply; reused IDs with changed content and concurrent edits fail (176.149375ms)
✔ sqlite: authority changing during a source read cannot publish or return the delayed content (239.036208ms)
✔ sqlite: a derived claim retains ancestry without becoming another independent fact source (155.325375ms)
✔ sqlite: repeated quotes share one source read within a view and a later view revalidates it (138.215542ms)
✔ sqlite: unlabelled prose inherits the author's work labels and current exchange policy (178.427666ms)
✔ sqlite: a fulfilled dependency remains attached and its later retraction invalidates dependent confirmation (206.561916ms)
✔ sqlite: reply depth, total posts, total requests and repeated causes have separate limits (170.058625ms)
✔ sqlite: an advancing clock permits ordinary writes and blocks a post expiring during the final boundary check (156.899625ms)
✔ sqlite: a paused assignee cannot have its submitted answer confirmed (240.613083ms)
✔ sqlite: an actual worker SIGKILL after durable publication preserves one post and one command receipt (220.714041ms)
✔ file-journal/documents: two persistent roles share citations without publishing private memory or inflating sources (364.429792ms)
✔ file-journal/observations: two persistent roles share citations without publishing private memory or inflating sources (317.68625ms)
✔ file-journal: direct source sharing requires source ownership; quotes require a currently visible post (155.641208ms)
✔ file-journal: retract-post removes the claim and its quoted descendants from current views (183.69125ms)
✔ file-journal: restrict-source removes the claim and its quoted descendants from current views (233.316166ms)
✔ file-journal: change-goal removes the claim and its quoted descendants from current views (207.133541ms)
✔ file-journal: delete-original removes the claim and its quoted descendants from current views (192.626083ms)
✔ file-journal: expire removes the claim and its quoted descendants from current views (216.105ms)
✔ file-journal: an entity with the same key in a different time scope stays separate (148.244542ms)
✔ file-journal: publishing a question does not assign it; acceptance, response and requester confirmation remain distinct (287.80325ms)
✔ file-journal: repeated replies and explicit cyclic waits are bounded; deadlines do not reset on reopen (325.0665ms)
✔ file-journal: exact command retry survives a lost reply; reused IDs with changed content and concurrent edits fail (189.791042ms)
✔ file-journal: authority changing during a source read cannot publish or return the delayed content (185.154625ms)
✔ file-journal: a derived claim retains ancestry without becoming another independent fact source (163.635958ms)
✔ file-journal: repeated quotes share one source read within a view and a later view revalidates it (229.583375ms)
✔ file-journal: unlabelled prose inherits the author's work labels and current exchange policy (230.2645ms)
✔ file-journal: a fulfilled dependency remains attached and its later retraction invalidates dependent confirmation (385.252167ms)
✔ file-journal: reply depth, total posts, total requests and repeated causes have separate limits (248.975041ms)
✔ file-journal: an advancing clock permits ordinary writes and blocks a post expiring during the final boundary check (190.399541ms)
✔ file-journal: a paused assignee cannot have its submitted answer confirmed (297.350958ms)
✔ file-journal: an actual worker SIGKILL after durable publication preserves one post and one command receipt (358.630916ms)
✔ file board journal detects missing revisions and changed content instead of returning a partial history (195.382292ms)
✔ a diamond validates every edge, inspects a shared source once and guards every captured node (1.590166ms)
✔ a reference cycle is finite while an invalid member still rejects the whole closure (0.303667ms)
✔ a pin encountered after visiting a node is still checked (0.136208ms)
✔ conflicting pending pins fail before dispatch, including across duplicate roots (0.295625ms)
✔ captured source or authority changes during another read invalidate the result (0.273167ms)
✔ application invariants can reject a semantic cycle before guard I/O without changing generic cycle handling (0.103ms)
✔ expiry of an earlier node during a later guard is checked again before return (0.128375ms)
✔ already expired nodes cannot be inputs (0.077042ms)
✔ node, edge and byte budgets stop excessive reads before dispatching the next node (0.44175ms)
✔ a long chain uses an iterative queue and visits every source exactly once (8.321375ms)
✔ pre-aborted validation never invokes a reader (0.282292ms)
✔ cancellation ends a blocked validation and contains a late reader rejection (3.494583ms)
✔ the elapsed deadline bounds a reader that ignores cancellation (20.569ms)
✔ logical clock deadline changes and backwards clock readings cannot extend validation (0.489791ms)
✔ reader exceptions, unknown providers and malformed replies return fixed errors without source data (0.356584ms)
✔ registration captures the callback and rejects duplicate providers and invalid limits (0.403333ms)
✔ overlapping validations keep separate snapshots, queues and cancellation (0.4265ms)
✔ provider and key jointly identify a node (0.183375ms)
✔ sqlite: a memory tool cancels a blocked custody read before the source responds (51.256334ms)
✔ sqlite: custody-free reads keep their original I/O path and a W to M to W custody cycle remains finite (37.283875ms)
✔ sqlite: external K revise blocks direct, derived and cached M before W is refreshed (69.644291ms)
✔ sqlite: external K retract blocks direct, derived and cached M before W is refreshed (51.485792ms)
✔ sqlite: external K expire blocks direct, derived and cached M before W is refreshed (36.468ms)
✔ sqlite: external K generation blocks direct, derived and cached M before W is refreshed (37.065375ms)
✔ sqlite: a shared reader uses current M authority without impersonating its owner's private K actor (34.36375ms)
✔ sqlite: custody does not reconstruct an unconfirmed reviewer-only permission (18.431667ms)
✔ sqlite: custody entry and byte limits fail closed before reading unbounded knowledge records (218.191292ms)
✔ sqlite: a derivedFrom cycle remains invalid even when its work custody graph is finite (30.770125ms)
✔ sqlite: external memory changed during closure collection cannot survive the stable snapshot (13.723666ms)
✔ file-journal: a memory tool cancels a blocked custody read before the source responds (537.40275ms)
✔ file-journal: custody-free reads keep their original I/O path and a W to M to W custody cycle remains finite (467.628833ms)
✔ file-journal: external K revise blocks direct, derived and cached M before W is refreshed (1054.498417ms)
✔ file-journal: external K retract blocks direct, derived and cached M before W is refreshed (1133.936292ms)
✔ file-journal: external K expire blocks direct, derived and cached M before W is refreshed (1532.676708ms)
✔ file-journal: external K generation blocks direct, derived and cached M before W is refreshed (1761.546709ms)
✔ file-journal: a shared reader uses current M authority without impersonating its owner's private K actor (1162.092875ms)
✔ file-journal: custody does not reconstruct an unconfirmed reviewer-only permission (436.036916ms)
✔ file-journal: custody entry and byte limits fail closed before reading unbounded knowledge records (594.991083ms)
✔ file-journal: a derivedFrom cycle remains invalid even when its work custody graph is finite (366.476417ms)
✔ file-journal: external memory changed during closure collection cannot survive the stable snapshot (363.740875ms)
✔ read checkpoint sqlite: a complete checkpoint survives outer-result loss and resumes without another fetch (350.859333ms)
✔ read checkpoint sqlite: projection preserves original evidence and charges only the successor's raw response (531.098667ms)
✔ read checkpoint sqlite: missing proof and altered payload are denied while ordinary failures remain valid (582.303417ms)
✔ read checkpoint sqlite: an indexed forged merged page cannot replace its accepted raw response (663.9355ms)
✔ read checkpoint sqlite: an unchanged original body cannot authorize a changed request identity (664.784584ms)
✔ read checkpoint sqlite: losing raw-response blocks result history and copied history (679.010625ms)
✔ read checkpoint sqlite: losing source-artifact blocks result history and copied history (715.71175ms)
✔ read checkpoint sqlite: severing the parent's exclusive successor claim rejects the child (651.530417ms)
✔ read checkpoint file-journal: a complete checkpoint survives outer-result loss and resumes without another fetch (4044.048916ms)
✔ read checkpoint file-journal: projection preserves original evidence and charges only the successor's raw response (2962.561792ms)
✔ read checkpoint file-journal: missing proof and altered payload are denied while ordinary failures remain valid (2197.649375ms)
✔ read checkpoint file-journal: an indexed forged merged page cannot replace its accepted raw response (1464.896917ms)
✔ read checkpoint file-journal: an unchanged original body cannot authorize a changed request identity (842.03575ms)
✔ read checkpoint file-journal: losing raw-response blocks result history and copied history (1101.526334ms)
✔ read checkpoint file-journal: losing source-artifact blocks result history and copied history (1184.817958ms)
✔ read checkpoint file-journal: severing the parent's exclusive successor claim rejects the child (871.084709ms)
✔ collection coverage: an individually complete fact does not prove the required full query (3.692292ms)
✔ collection coverage: complete query is an additional gate and adds no independent evidence (0.245916ms)
✔ collection coverage: query mismatch cannot satisfy the requirement (0.155584ms)
✔ collection coverage: snapshot mismatch cannot satisfy the requirement (0.119834ms)
✔ collection coverage: goal mismatch cannot satisfy the requirement (0.120542ms)
✔ collection coverage: permission mismatch cannot satisfy the requirement (0.124834ms)
✔ collection coverage: unadopted mismatch cannot satisfy the requirement (0.107875ms)
✔ collection coverage: an earlier unknown read retains its history without negating a complete later manifest (0.106667ms)
✔ collection coverage: empty enumeration does not invent a business fact (0.147625ms)
✔ collection coverage: manifest validation rejects duplicates, mismatched keys and premature EOF even without a remote total (0.385208ms)
ℹ tests 163
ℹ suites 0
ℹ pass 163
ℹ fail 0
ℹ cancelled 0
ℹ skipped 0
ℹ todo 0
ℹ duration_ms 23743.362292
